OpenJDK 64-Bit Server VM (25.362-b09) for linux-amd64 JRE (1.8.0_362-8u362-ga-0ubuntu1~22.04-b09), built on Jan 24 2023 19:02:58 by "buildd" with gcc 11.3.0
Memory: 4k page, physical 32636936k(22469216k free), swap 2097148k(2097148k free)
CommandLine flags: -XX:CMSInitiatingOccupancyFraction=50 -XX:CMSMaxAbortablePrecleanTime=6000 -XX:+CMSParallelRemarkEnabled -XX:+CMSScavengeBeforeRemark -XX:ConcGCThreads=4 -XX:InitialHeapSize=536870912 -XX:MaxHeapSize=536870912 -XX:MaxTenuringThreshold=8 -XX:NewRatio=3 -XX:OldPLABSize=16 -XX:ParallelGCThreads=4 -XX:+ParallelRefProcEnabled -XX:PretenureSizeThreshold=67108864 -XX:+PrintGC -XX:+PrintGCApplicationStoppedTime -XX:+PrintGCDateStamps -XX:+PrintGCDetails -XX:+PrintGCTimeStamps -XX:+PrintHeapAtGC -XX:+PrintTenuringDistribution -XX:SurvivorRatio=4 -XX:TargetSurvivorRatio=90 -XX:ThreadStackSize=256 -XX:+UseCMSInitiatingOccupancyOnly -XX:+UseCompressedClassPointers -XX:+UseCompressedOops -XX:+UseConcMarkSweepGC -XX:+UseParNewGC 
2023-04-25T18:04:37.813+0530: 0.078: Total time for which application threads were stopped: 0.0000640 seconds, Stopping threads took: 0.0000089 seconds
2023-04-25T18:04:37.923+0530: 0.189: Total time for which application threads were stopped: 0.0000976 seconds, Stopping threads took: 0.0000071 seconds
2023-04-25T18:04:37.980+0530: 0.245: Total time for which application threads were stopped: 0.0000979 seconds, Stopping threads took: 0.0000110 seconds
2023-04-25T18:04:38.045+0530: 0.310: Total time for which application threads were stopped: 0.0001586 seconds, Stopping threads took: 0.0000153 seconds
2023-04-25T18:04:38.077+0530: 0.342: Total time for which application threads were stopped: 0.0001670 seconds, Stopping threads took: 0.0000271 seconds
2023-04-25T18:04:38.086+0530: 0.351: Total time for which application threads were stopped: 0.0001615 seconds, Stopping threads took: 0.0000162 seconds
2023-04-25T18:04:38.093+0530: 0.359: Total time for which application threads were stopped: 0.0001606 seconds, Stopping threads took: 0.0000179 seconds
{Heap before GC invocations=0 (full 0):
 par new generation   total 109248K, used 87424K [0x00000000e0000000, 0x00000000e8000000, 0x00000000e8000000)
  eden space 87424K, 100% used [0x00000000e0000000, 0x00000000e5560000, 0x00000000e5560000)
  from space 21824K,   0% used [0x00000000e5560000, 0x00000000e5560000, 0x00000000e6ab0000)
  to   space 21824K,   0% used [0x00000000e6ab0000, 0x00000000e6ab0000, 0x00000000e8000000)
 concurrent mark-sweep generation total 393216K, used 0K [0x00000000e8000000, 0x0000000100000000, 0x0000000100000000)
 Metaspace       used 10231K, capacity 10398K, committed 10496K, reserved 1058816K
  class space    used 1150K, capacity 1209K, committed 1280K, reserved 1048576K
2023-04-25T18:04:38.245+0530: 0.510: [GC (Allocation Failure) 2023-04-25T18:04:38.245+0530: 0.510: [ParNew
Desired survivor size 20112992 bytes, new threshold 8 (max 8)
- age   1:    5926416 bytes,    5926416 total
: 87424K->5847K(109248K), 0.0058921 secs] 87424K->5847K(502464K), 0.0059851 secs] [Times: user=0.02 sys=0.01, real=0.00 secs] 
Heap after GC invocations=1 (full 0):
 par new generation   total 109248K, used 5847K [0x00000000e0000000, 0x00000000e8000000, 0x00000000e8000000)
  eden space 87424K,   0% used [0x00000000e0000000, 0x00000000e0000000, 0x00000000e5560000)
  from space 21824K,  26% used [0x00000000e6ab0000, 0x00000000e7065ea8, 0x00000000e8000000)
  to   space 21824K,   0% used [0x00000000e5560000, 0x00000000e5560000, 0x00000000e6ab0000)
 concurrent mark-sweep generation total 393216K, used 0K [0x00000000e8000000, 0x0000000100000000, 0x0000000100000000)
 Metaspace       used 10231K, capacity 10398K, committed 10496K, reserved 1058816K
  class space    used 1150K, capacity 1209K, committed 1280K, reserved 1048576K
}
2023-04-25T18:04:38.251+0530: 0.516: Total time for which application threads were stopped: 0.0061227 seconds, Stopping threads took: 0.0000162 seconds
2023-04-25T18:04:38.299+0530: 0.564: Total time for which application threads were stopped: 0.0002035 seconds, Stopping threads took: 0.0000173 seconds
2023-04-25T18:04:38.330+0530: 0.595: Total time for which application threads were stopped: 0.0001910 seconds, Stopping threads took: 0.0000131 seconds
2023-04-25T18:04:38.418+0530: 0.683: Total time for which application threads were stopped: 0.0002066 seconds, Stopping threads took: 0.0000136 seconds
2023-04-25T18:04:38.444+0530: 0.710: Total time for which application threads were stopped: 0.0001848 seconds, Stopping threads took: 0.0000134 seconds
2023-04-25T18:04:38.479+0530: 0.744: Total time for which application threads were stopped: 0.0002014 seconds, Stopping threads took: 0.0000167 seconds
2023-04-25T18:04:38.480+0530: 0.745: Total time for which application threads were stopped: 0.0001681 seconds, Stopping threads took: 0.0000126 seconds
2023-04-25T18:04:38.532+0530: 0.797: Total time for which application threads were stopped: 0.0001972 seconds, Stopping threads took: 0.0000135 seconds
2023-04-25T18:04:38.582+0530: 0.847: Total time for which application threads were stopped: 0.0002936 seconds, Stopping threads took: 0.0000786 seconds
{Heap before GC invocations=1 (full 0):
 par new generation   total 109248K, used 93271K [0x00000000e0000000, 0x00000000e8000000, 0x00000000e8000000)
  eden space 87424K, 100% used [0x00000000e0000000, 0x00000000e5560000, 0x00000000e5560000)
  from space 21824K,  26% used [0x00000000e6ab0000, 0x00000000e7065ea8, 0x00000000e8000000)
  to   space 21824K,   0% used [0x00000000e5560000, 0x00000000e5560000, 0x00000000e6ab0000)
 concurrent mark-sweep generation total 393216K, used 0K [0x00000000e8000000, 0x0000000100000000, 0x0000000100000000)
 Metaspace       used 19905K, capacity 20242K, committed 20736K, reserved 1067008K
  class space    used 2312K, capacity 2461K, committed 2560K, reserved 1048576K
2023-04-25T18:04:38.735+0530: 1.000: [GC (Allocation Failure) 2023-04-25T18:04:38.735+0530: 1.000: [ParNew
Desired survivor size 20112992 bytes, new threshold 8 (max 8)
- age   1:    8850936 bytes,    8850936 total
- age   2:    2558384 bytes,   11409320 total
: 93271K->13621K(109248K), 0.0073000 secs] 93271K->13621K(502464K), 0.0073961 secs] [Times: user=0.03 sys=0.00, real=0.01 secs] 
Heap after GC invocations=2 (full 0):
 par new generation   total 109248K, used 13621K [0x00000000e0000000, 0x00000000e8000000, 0x00000000e8000000)
  eden space 87424K,   0% used [0x00000000e0000000, 0x00000000e0000000, 0x00000000e5560000)
  from space 21824K,  62% used [0x00000000e5560000, 0x00000000e62ad5d0, 0x00000000e6ab0000)
  to   space 21824K,   0% used [0x00000000e6ab0000, 0x00000000e6ab0000, 0x00000000e8000000)
 concurrent mark-sweep generation total 393216K, used 0K [0x00000000e8000000, 0x0000000100000000, 0x0000000100000000)
 Metaspace       used 19905K, capacity 20242K, committed 20736K, reserved 1067008K
  class space    used 2312K, capacity 2461K, committed 2560K, reserved 1048576K
}
2023-04-25T18:04:38.742+0530: 1.008: Total time for which application threads were stopped: 0.0076920 seconds, Stopping threads took: 0.0001220 seconds
2023-04-25T18:04:38.808+0530: 1.073: Total time for which application threads were stopped: 0.0002262 seconds, Stopping threads took: 0.0000125 seconds
2023-04-25T18:04:38.831+0530: 1.096: Total time for which application threads were stopped: 0.0002604 seconds, Stopping threads took: 0.0000215 seconds
2023-04-25T18:04:38.846+0530: 1.111: Total time for which application threads were stopped: 0.0003238 seconds, Stopping threads took: 0.0000210 seconds
2023-04-25T18:04:38.860+0530: 1.125: Total time for which application threads were stopped: 0.0001487 seconds, Stopping threads took: 0.0000684 seconds
2023-04-25T18:04:38.900+0530: 1.166: Total time for which application threads were stopped: 0.0001123 seconds, Stopping threads took: 0.0000134 seconds
2023-04-25T18:04:38.921+0530: 1.186: Total time for which application threads were stopped: 0.0002680 seconds, Stopping threads took: 0.0000167 seconds
2023-04-25T18:04:38.953+0530: 1.218: Total time for which application threads were stopped: 0.0001046 seconds, Stopping threads took: 0.0000262 seconds
{Heap before GC invocations=2 (full 0):
 par new generation   total 109248K, used 101045K [0x00000000e0000000, 0x00000000e8000000, 0x00000000e8000000)
  eden space 87424K, 100% used [0x00000000e0000000, 0x00000000e5560000, 0x00000000e5560000)
  from space 21824K,  62% used [0x00000000e5560000, 0x00000000e62ad5d0, 0x00000000e6ab0000)
  to   space 21824K,   0% used [0x00000000e6ab0000, 0x00000000e6ab0000, 0x00000000e8000000)
 concurrent mark-sweep generation total 393216K, used 0K [0x00000000e8000000, 0x0000000100000000, 0x0000000100000000)
 Metaspace       used 21432K, capacity 21784K, committed 22216K, reserved 1069056K
  class space    used 2483K, capacity 2590K, committed 2636K, reserved 1048576K
2023-04-25T18:04:38.972+0530: 1.238: [GC (Allocation Failure) 2023-04-25T18:04:38.972+0530: 1.238: [ParNew
Desired survivor size 20112992 bytes, new threshold 8 (max 8)
- age   1:    2158152 bytes,    2158152 total
- age   2:    3870640 bytes,    6028792 total
- age   3:    2534720 bytes,    8563512 total
: 101045K->13994K(109248K), 0.0047423 secs] 101045K->13994K(502464K), 0.0048146 secs] [Times: user=0.02 sys=0.00, real=0.00 secs] 
Heap after GC invocations=3 (full 0):
 par new generation   total 109248K, used 13994K [0x00000000e0000000, 0x00000000e8000000, 0x00000000e8000000)
  eden space 87424K,   0% used [0x00000000e0000000, 0x00000000e0000000, 0x00000000e5560000)
  from space 21824K,  64% used [0x00000000e6ab0000, 0x00000000e785a810, 0x00000000e8000000)
  to   space 21824K,   0% used [0x00000000e5560000, 0x00000000e5560000, 0x00000000e6ab0000)
 concurrent mark-sweep generation total 393216K, used 0K [0x00000000e8000000, 0x0000000100000000, 0x0000000100000000)
 Metaspace       used 21432K, capacity 21784K, committed 22216K, reserved 1069056K
  class space    used 2483K, capacity 2590K, committed 2636K, reserved 1048576K
}
2023-04-25T18:04:38.977+0530: 1.242: Total time for which application threads were stopped: 0.0049174 seconds, Stopping threads took: 0.0000145 seconds
2023-04-25T18:04:38.977+0530: 1.243: [GC (CMS Initial Mark) [1 CMS-initial-mark: 0K(393216K)] 14962K(502464K), 0.0018800 secs] [Times: user=0.01 sys=0.00, real=0.00 secs] 
2023-04-25T18:04:38.979+0530: 1.244: Total time for which application threads were stopped: 0.0019798 seconds, Stopping threads took: 0.0000225 seconds
2023-04-25T18:04:38.979+0530: 1.244: [CMS-concurrent-mark-start]
2023-04-25T18:04:38.979+0530: 1.245: [CMS-concurrent-mark: 0.000/0.000 secs] [Times: user=0.00 sys=0.00, real=0.00 secs] 
2023-04-25T18:04:38.979+0530: 1.245: [CMS-concurrent-preclean-start]
2023-04-25T18:04:38.980+0530: 1.246: [CMS-concurrent-preclean: 0.001/0.001 secs] [Times: user=0.00 sys=0.00, real=0.01 secs] 
2023-04-25T18:04:38.980+0530: 1.246: [GC (CMS Final Remark) [YG occupancy: 15914 K (109248 K)]{Heap before GC invocations=3 (full 1):
 par new generation   total 109248K, used 15914K [0x00000000e0000000, 0x00000000e8000000, 0x00000000e8000000)
  eden space 87424K,   2% used [0x00000000e0000000, 0x00000000e01e00b0, 0x00000000e5560000)
  from space 21824K,  64% used [0x00000000e6ab0000, 0x00000000e785a810, 0x00000000e8000000)
  to   space 21824K,   0% used [0x00000000e5560000, 0x00000000e5560000, 0x00000000e6ab0000)
 concurrent mark-sweep generation total 393216K, used 0K [0x00000000e8000000, 0x0000000100000000, 0x0000000100000000)
 Metaspace       used 21433K, capacity 21784K, committed 22216K, reserved 1069056K
  class space    used 2483K, capacity 2590K, committed 2636K, reserved 1048576K
2023-04-25T18:04:38.980+0530: 1.246: [GC (CMS Final Remark) 2023-04-25T18:04:38.980+0530: 1.246: [ParNew
Desired survivor size 20112992 bytes, new threshold 8 (max 8)
- age   1:     489568 bytes,     489568 total
- age   2:    1028544 bytes,    1518112 total
- age   3:    3861832 bytes,    5379944 total
- age   4:    2534408 bytes,    7914352 total
: 15914K->9951K(109248K), 0.0049875 secs] 15914K->9951K(502464K), 0.0050217 secs] [Times: user=0.01 sys=0.00, real=0.00 secs] 
Heap after GC invocations=4 (full 1):
 par new generation   total 109248K, used 9951K [0x00000000e0000000, 0x00000000e8000000, 0x00000000e8000000)
  eden space 87424K,   0% used [0x00000000e0000000, 0x00000000e0000000, 0x00000000e5560000)
  from space 21824K,  45% used [0x00000000e5560000, 0x00000000e5f17d98, 0x00000000e6ab0000)
  to   space 21824K,   0% used [0x00000000e6ab0000, 0x00000000e6ab0000, 0x00000000e8000000)
 concurrent mark-sweep generation total 393216K, used 0K [0x00000000e8000000, 0x0000000100000000, 0x0000000100000000)
 Metaspace       used 21433K, capacity 21784K, committed 22216K, reserved 1069056K
  class space    used 2483K, capacity 2590K, committed 2636K, reserved 1048576K
}
2023-04-25T18:04:38.986+0530: 1.251: [Rescan (parallel) , 0.0018372 secs]2023-04-25T18:04:38.987+0530: 1.253: [weak refs processing, 0.0003385 secs]2023-04-25T18:04:38.988+0530: 1.253: [class unloading, 0.0022257 secs]2023-04-25T18:04:38.990+0530: 1.255: [scrub symbol table, 0.0016172 secs]2023-04-25T18:04:38.992+0530: 1.257: [scrub string table, 0.0002966 secs][1 CMS-remark: 0K(393216K)] 9951K(502464K), 0.0119345 secs] [Times: user=0.02 sys=0.01, real=0.01 secs] 
2023-04-25T18:04:38.992+0530: 1.258: Total time for which application threads were stopped: 0.0120220 seconds, Stopping threads took: 0.0000292 seconds
2023-04-25T18:04:38.992+0530: 1.258: [CMS-concurrent-sweep-start]
2023-04-25T18:04:38.992+0530: 1.258: [CMS-concurrent-sweep: 0.000/0.000 secs] [Times: user=0.00 sys=0.00, real=0.00 secs] 
2023-04-25T18:04:38.993+0530: 1.258: [CMS-concurrent-reset-start]
2023-04-25T18:04:38.995+0530: 1.260: [CMS-concurrent-reset: 0.002/0.002 secs] [Times: user=0.01 sys=0.00, real=0.00 secs] 
{Heap before GC invocations=4 (full 1):
 par new generation   total 109248K, used 97375K [0x00000000e0000000, 0x00000000e8000000, 0x00000000e8000000)
  eden space 87424K, 100% used [0x00000000e0000000, 0x00000000e5560000, 0x00000000e5560000)
  from space 21824K,  45% used [0x00000000e5560000, 0x00000000e5f17d98, 0x00000000e6ab0000)
  to   space 21824K,   0% used [0x00000000e6ab0000, 0x00000000e6ab0000, 0x00000000e8000000)
 concurrent mark-sweep generation total 393216K, used 0K [0x00000000e8000000, 0x0000000100000000, 0x0000000100000000)
 Metaspace       used 22296K, capacity 22674K, committed 23112K, reserved 1069056K
  class space    used 2608K, capacity 2755K, committed 2764K, reserved 1048576K
2023-04-25T18:04:39.112+0530: 1.377: [GC (Allocation Failure) 2023-04-25T18:04:39.112+0530: 1.377: [ParNew
Desired survivor size 20112992 bytes, new threshold 8 (max 8)
- age   1:     965456 bytes,     965456 total
- age   3:    1026800 bytes,    1992256 total
- age   4:    3857528 bytes,    5849784 total
- age   5:    2534384 bytes,    8384168 total
: 97375K->10353K(109248K), 0.0056374 secs] 97375K->10353K(502464K), 0.0057145 secs] [Times: user=0.02 sys=0.00, real=0.00 secs] 
Heap after GC invocations=5 (full 1):
 par new generation   total 109248K, used 10353K [0x00000000e0000000, 0x00000000e8000000, 0x00000000e8000000)
  eden space 87424K,   0% used [0x00000000e0000000, 0x00000000e0000000, 0x00000000e5560000)
  from space 21824K,  47% used [0x00000000e6ab0000, 0x00000000e74cc610, 0x00000000e8000000)
  to   space 21824K,   0% used [0x00000000e5560000, 0x00000000e5560000, 0x00000000e6ab0000)
 concurrent mark-sweep generation total 393216K, used 0K [0x00000000e8000000, 0x0000000100000000, 0x0000000100000000)
 Metaspace       used 22296K, capacity 22674K, committed 23112K, reserved 1069056K
  class space    used 2608K, capacity 2755K, committed 2764K, reserved 1048576K
}
2023-04-25T18:04:39.118+0530: 1.383: Total time for which application threads were stopped: 0.0058283 seconds, Stopping threads took: 0.0000152 seconds
2023-04-25T18:04:39.166+0530: 1.431: Total time for which application threads were stopped: 0.0002825 seconds, Stopping threads took: 0.0000163 seconds
2023-04-25T18:04:39.304+0530: 1.569: Total time for which application threads were stopped: 0.0003862 seconds, Stopping threads took: 0.0000197 seconds
2023-04-25T18:04:39.312+0530: 1.578: Total time for which application threads were stopped: 0.0003429 seconds, Stopping threads took: 0.0000147 seconds
2023-04-25T18:04:39.487+0530: 1.752: Total time for which application threads were stopped: 0.0002956 seconds, Stopping threads took: 0.0000115 seconds
{Heap before GC invocations=5 (full 1):
 par new generation   total 109248K, used 97777K [0x00000000e0000000, 0x00000000e8000000, 0x00000000e8000000)
  eden space 87424K, 100% used [0x00000000e0000000, 0x00000000e5560000, 0x00000000e5560000)
  from space 21824K,  47% used [0x00000000e6ab0000, 0x00000000e74cc610, 0x00000000e8000000)
  to   space 21824K,   0% used [0x00000000e5560000, 0x00000000e5560000, 0x00000000e6ab0000)
 concurrent mark-sweep generation total 393216K, used 0K [0x00000000e8000000, 0x0000000100000000, 0x0000000100000000)
 Metaspace       used 28208K, capacity 28590K, committed 29132K, reserved 1075200K
  class space    used 3316K, capacity 3473K, committed 3532K, reserved 1048576K
2023-04-25T18:04:39.569+0530: 1.834: [GC (Allocation Failure) 2023-04-25T18:04:39.569+0530: 1.834: [ParNew
Desired survivor size 20112992 bytes, new threshold 8 (max 8)
- age   1:    8480584 bytes,    8480584 total
- age   2:     159240 bytes,    8639824 total
- age   4:     286872 bytes,    8926696 total
- age   5:    3842384 bytes,   12769080 total
- age   6:    2534120 bytes,   15303200 total
: 97777K->19665K(109248K), 0.0068864 secs] 97777K->19665K(502464K), 0.0069724 secs] [Times: user=0.02 sys=0.01, real=0.01 secs] 
Heap after GC invocations=6 (full 1):
 par new generation   total 109248K, used 19665K [0x00000000e0000000, 0x00000000e8000000, 0x00000000e8000000)
  eden space 87424K,   0% used [0x00000000e0000000, 0x00000000e0000000, 0x00000000e5560000)
  from space 21824K,  90% used [0x00000000e5560000, 0x00000000e68947c0, 0x00000000e6ab0000)
  to   space 21824K,   0% used [0x00000000e6ab0000, 0x00000000e6ab0000, 0x00000000e8000000)
 concurrent mark-sweep generation total 393216K, used 0K [0x00000000e8000000, 0x0000000100000000, 0x0000000100000000)
 Metaspace       used 28208K, capacity 28590K, committed 29132K, reserved 1075200K
  class space    used 3316K, capacity 3473K, committed 3532K, reserved 1048576K
}
2023-04-25T18:04:39.576+0530: 1.841: Total time for which application threads were stopped: 0.0071319 seconds, Stopping threads took: 0.0000179 seconds
2023-04-25T18:04:39.635+0530: 1.900: Total time for which application threads were stopped: 0.0003539 seconds, Stopping threads took: 0.0000189 seconds
2023-04-25T18:04:40.635+0530: 2.900: Total time for which application threads were stopped: 0.0001958 seconds, Stopping threads took: 0.0000406 seconds
2023-04-25T18:04:41.775+0530: 4.040: Total time for which application threads were stopped: 0.0008048 seconds, Stopping threads took: 0.0000532 seconds
2023-04-25T18:04:41.798+0530: 4.063: Total time for which application threads were stopped: 0.0002178 seconds, Stopping threads took: 0.0000441 seconds
2023-04-25T18:04:41.808+0530: 4.074: Total time for which application threads were stopped: 0.0001593 seconds, Stopping threads took: 0.0000365 seconds
2023-04-25T18:04:41.854+0530: 4.119: Total time for which application threads were stopped: 0.0004242 seconds, Stopping threads took: 0.0000176 seconds
2023-04-25T18:04:41.864+0530: 4.129: Total time for which application threads were stopped: 0.0000614 seconds, Stopping threads took: 0.0000173 seconds
2023-04-25T18:04:41.938+0530: 4.203: Total time for which application threads were stopped: 0.0000602 seconds, Stopping threads took: 0.0000157 seconds
2023-04-25T18:04:41.938+0530: 4.203: Total time for which application threads were stopped: 0.0000319 seconds, Stopping threads took: 0.0000069 seconds
2023-04-25T18:04:41.943+0530: 4.209: Total time for which application threads were stopped: 0.0000637 seconds, Stopping threads took: 0.0000251 seconds
2023-04-25T18:04:41.967+0530: 4.232: Total time for which application threads were stopped: 0.0003853 seconds, Stopping threads took: 0.0000316 seconds
2023-04-25T18:04:41.968+0530: 4.233: Total time for which application threads were stopped: 0.0000768 seconds, Stopping threads took: 0.0000168 seconds
2023-04-25T18:04:41.968+0530: 4.233: Total time for which application threads were stopped: 0.0000598 seconds, Stopping threads took: 0.0000243 seconds
2023-04-25T18:04:41.968+0530: 4.234: Total time for which application threads were stopped: 0.0000622 seconds, Stopping threads took: 0.0000313 seconds
2023-04-25T18:04:41.968+0530: 4.234: Total time for which application threads were stopped: 0.0000739 seconds, Stopping threads took: 0.0000106 seconds
2023-04-25T18:04:41.968+0530: 4.234: Total time for which application threads were stopped: 0.0000483 seconds, Stopping threads took: 0.0000176 seconds
2023-04-25T18:04:41.970+0530: 4.235: Total time for which application threads were stopped: 0.0000482 seconds, Stopping threads took: 0.0000144 seconds
2023-04-25T18:04:41.970+0530: 4.235: Total time for which application threads were stopped: 0.0000752 seconds, Stopping threads took: 0.0000235 seconds
2023-04-25T18:04:41.970+0530: 4.235: Total time for which application threads were stopped: 0.0000586 seconds, Stopping threads took: 0.0000234 seconds
2023-04-25T18:04:41.970+0530: 4.235: Total time for which application threads were stopped: 0.0000410 seconds, Stopping threads took: 0.0000131 seconds
2023-04-25T18:04:41.970+0530: 4.235: Total time for which application threads were stopped: 0.0000437 seconds, Stopping threads took: 0.0000150 seconds
2023-04-25T18:04:41.970+0530: 4.235: Total time for which application threads were stopped: 0.0000451 seconds, Stopping threads took: 0.0000091 seconds
2023-04-25T18:04:42.970+0530: 5.236: Total time for which application threads were stopped: 0.0000660 seconds, Stopping threads took: 0.0000166 seconds
2023-04-25T18:04:43.781+0530: 6.046: Total time for which application threads were stopped: 0.0000754 seconds, Stopping threads took: 0.0000172 seconds
2023-04-25T18:04:43.781+0530: 6.046: Total time for which application threads were stopped: 0.0000410 seconds, Stopping threads took: 0.0000085 seconds
2023-04-25T18:04:43.791+0530: 6.056: Total time for which application threads were stopped: 0.0000469 seconds, Stopping threads took: 0.0000117 seconds
2023-04-25T18:04:43.791+0530: 6.057: Total time for which application threads were stopped: 0.0000359 seconds, Stopping threads took: 0.0000070 seconds
2023-04-25T18:04:43.791+0530: 6.057: Total time for which application threads were stopped: 0.0000187 seconds, Stopping threads took: 0.0000035 seconds
2023-04-25T18:04:43.792+0530: 6.057: Total time for which application threads were stopped: 0.0000333 seconds, Stopping threads took: 0.0000093 seconds
2023-04-25T18:04:43.792+0530: 6.057: Total time for which application threads were stopped: 0.0001309 seconds, Stopping threads took: 0.0000951 seconds
2023-04-25T18:04:43.793+0530: 6.058: Total time for which application threads were stopped: 0.0001159 seconds, Stopping threads took: 0.0000899 seconds
2023-04-25T18:04:43.793+0530: 6.058: Total time for which application threads were stopped: 0.0000880 seconds, Stopping threads took: 0.0000251 seconds
2023-04-25T18:04:43.793+0530: 6.059: Total time for which application threads were stopped: 0.0000291 seconds, Stopping threads took: 0.0000076 seconds
2023-04-25T18:04:43.794+0530: 6.059: Total time for which application threads were stopped: 0.0000473 seconds, Stopping threads took: 0.0000206 seconds
2023-04-25T18:04:43.795+0530: 6.060: Total time for which application threads were stopped: 0.0000424 seconds, Stopping threads took: 0.0000101 seconds
2023-04-25T18:04:43.795+0530: 6.060: Total time for which application threads were stopped: 0.0000283 seconds, Stopping threads took: 0.0000067 seconds
2023-04-25T18:04:43.795+0530: 6.060: Total time for which application threads were stopped: 0.0000305 seconds, Stopping threads took: 0.0000075 seconds
2023-04-25T18:04:43.795+0530: 6.060: Total time for which application threads were stopped: 0.0000951 seconds, Stopping threads took: 0.0000711 seconds
2023-04-25T18:04:43.795+0530: 6.060: Total time for which application threads were stopped: 0.0000535 seconds, Stopping threads took: 0.0000150 seconds
2023-04-25T18:04:43.796+0530: 6.061: Total time for which application threads were stopped: 0.0000469 seconds, Stopping threads took: 0.0000152 seconds
2023-04-25T18:04:43.796+0530: 6.061: Total time for which application threads were stopped: 0.0000468 seconds, Stopping threads took: 0.0000193 seconds
2023-04-25T18:04:43.796+0530: 6.061: Total time for which application threads were stopped: 0.0000385 seconds, Stopping threads took: 0.0000147 seconds
2023-04-25T18:04:43.796+0530: 6.061: Total time for which application threads were stopped: 0.0000471 seconds, Stopping threads took: 0.0000177 seconds
2023-04-25T18:04:43.796+0530: 6.061: Total time for which application threads were stopped: 0.0000636 seconds, Stopping threads took: 0.0000050 seconds
2023-04-25T18:04:43.815+0530: 6.080: Total time for which application threads were stopped: 0.0000606 seconds, Stopping threads took: 0.0000152 seconds
2023-04-25T18:04:43.817+0530: 6.082: Total time for which application threads were stopped: 0.0000506 seconds, Stopping threads took: 0.0000111 seconds
2023-04-25T18:04:43.817+0530: 6.082: Total time for which application threads were stopped: 0.0000319 seconds, Stopping threads took: 0.0000072 seconds
2023-04-25T18:04:43.818+0530: 6.083: Total time for which application threads were stopped: 0.0000505 seconds, Stopping threads took: 0.0000194 seconds
2023-04-25T18:04:43.821+0530: 6.086: Total time for which application threads were stopped: 0.0000839 seconds, Stopping threads took: 0.0000201 seconds
2023-04-25T18:04:43.821+0530: 6.087: Total time for which application threads were stopped: 0.0000607 seconds, Stopping threads took: 0.0000117 seconds
2023-04-25T18:04:48.547+0530: 10.812: Total time for which application threads were stopped: 0.0001011 seconds, Stopping threads took: 0.0000242 seconds
2023-04-25T18:04:48.547+0530: 10.812: Total time for which application threads were stopped: 0.0000723 seconds, Stopping threads took: 0.0000153 seconds
2023-04-25T18:04:48.549+0530: 10.814: Total time for which application threads were stopped: 0.0002011 seconds, Stopping threads took: 0.0001088 seconds
2023-04-25T18:04:48.551+0530: 10.817: Total time for which application threads were stopped: 0.0001429 seconds, Stopping threads took: 0.0000512 seconds
2023-04-25T18:04:48.564+0530: 10.829: Total time for which application threads were stopped: 0.0000749 seconds, Stopping threads took: 0.0000260 seconds
2023-04-25T18:04:48.565+0530: 10.830: Total time for which application threads were stopped: 0.0000893 seconds, Stopping threads took: 0.0000380 seconds
2023-04-25T18:04:48.566+0530: 10.831: Total time for which application threads were stopped: 0.0001123 seconds, Stopping threads took: 0.0000630 seconds
2023-04-25T18:04:48.566+0530: 10.831: Total time for which application threads were stopped: 0.0000480 seconds, Stopping threads took: 0.0000200 seconds
2023-04-25T18:04:48.567+0530: 10.832: Total time for which application threads were stopped: 0.0001172 seconds, Stopping threads took: 0.0000430 seconds
2023-04-25T18:04:48.567+0530: 10.832: Total time for which application threads were stopped: 0.0000699 seconds, Stopping threads took: 0.0000322 seconds
2023-04-25T18:04:48.567+0530: 10.832: Total time for which application threads were stopped: 0.0002392 seconds, Stopping threads took: 0.0000324 seconds
2023-04-25T18:04:48.568+0530: 10.834: Total time for which application threads were stopped: 0.0001410 seconds, Stopping threads took: 0.0000594 seconds
2023-04-25T18:04:48.569+0530: 10.834: Total time for which application threads were stopped: 0.0000831 seconds, Stopping threads took: 0.0000403 seconds
2023-04-25T18:04:48.570+0530: 10.836: Total time for which application threads were stopped: 0.0001218 seconds, Stopping threads took: 0.0000508 seconds
2023-04-25T18:04:48.571+0530: 10.836: Total time for which application threads were stopped: 0.0000908 seconds, Stopping threads took: 0.0000296 seconds
2023-04-25T18:04:48.573+0530: 10.838: Total time for which application threads were stopped: 0.0001294 seconds, Stopping threads took: 0.0000409 seconds
2023-04-25T18:04:48.573+0530: 10.838: Total time for which application threads were stopped: 0.0000479 seconds, Stopping threads took: 0.0000113 seconds
2023-04-25T18:04:49.574+0530: 11.839: Total time for which application threads were stopped: 0.0002409 seconds, Stopping threads took: 0.0000706 seconds
2023-04-25T18:04:50.195+0530: 12.460: Total time for which application threads were stopped: 0.0002755 seconds, Stopping threads took: 0.0000854 seconds
2023-04-25T18:04:50.196+0530: 12.461: Total time for which application threads were stopped: 0.0002762 seconds, Stopping threads took: 0.0001099 seconds
2023-04-25T18:04:50.196+0530: 12.461: Total time for which application threads were stopped: 0.0002644 seconds, Stopping threads took: 0.0000687 seconds
2023-04-25T18:04:52.197+0530: 14.462: Total time for which application threads were stopped: 0.0002327 seconds, Stopping threads took: 0.0000621 seconds
2023-04-25T18:04:53.197+0530: 15.462: Total time for which application threads were stopped: 0.0000786 seconds, Stopping threads took: 0.0000212 seconds
2023-04-25T18:05:43.796+0530: 66.061: Total time for which application threads were stopped: 0.0001804 seconds, Stopping threads took: 0.0000456 seconds
2023-04-25T18:05:48.574+0530: 70.839: Total time for which application threads were stopped: 0.0001873 seconds, Stopping threads took: 0.0000463 seconds
2023-04-25T18:07:32.502+0530: 174.768: Total time for which application threads were stopped: 0.0000951 seconds, Stopping threads took: 0.0000135 seconds
2023-04-25T18:07:32.505+0530: 174.770: Total time for which application threads were stopped: 0.0000682 seconds, Stopping threads took: 0.0000156 seconds
2023-04-25T18:07:32.514+0530: 174.779: Total time for which application threads were stopped: 0.0000974 seconds, Stopping threads took: 0.0000192 seconds
2023-04-25T18:07:32.516+0530: 174.782: Total time for which application threads were stopped: 0.0001484 seconds, Stopping threads took: 0.0001174 seconds
2023-04-25T18:07:32.517+0530: 174.782: Total time for which application threads were stopped: 0.0002497 seconds, Stopping threads took: 0.0002169 seconds
Heap
 par new generation   total 109248K, used 67413K [0x00000000e0000000, 0x00000000e8000000, 0x00000000e8000000)
  eden space 87424K,  54% used [0x00000000e0000000, 0x00000000e2ea0eb0, 0x00000000e5560000)
  from space 21824K,  90% used [0x00000000e5560000, 0x00000000e68947c0, 0x00000000e6ab0000)
  to   space 21824K,   0% used [0x00000000e6ab0000, 0x00000000e6ab0000, 0x00000000e8000000)
 concurrent mark-sweep generation total 393216K, used 0K [0x00000000e8000000, 0x0000000100000000, 0x0000000100000000)
 Metaspace       used 31994K, capacity 32492K, committed 32972K, reserved 1079296K
  class space    used 3837K, capacity 4042K, committed 4044K, reserved 1048576K
