OpenJDK 64-Bit Server VM (25.362-b09) for linux-amd64 JRE (1.8.0_362-8u362-ga-0ubuntu1~22.04-b09), built on Jan 24 2023 19:02:58 by "buildd" with gcc 11.3.0
Memory: 4k page, physical 32636936k(22522644k free), swap 2097148k(2097148k free)
CommandLine flags: -XX:CMSInitiatingOccupancyFraction=50 -XX:CMSMaxAbortablePrecleanTime=6000 -XX:+CMSParallelRemarkEnabled -XX:+CMSScavengeBeforeRemark -XX:ConcGCThreads=4 -XX:InitialHeapSize=536870912 -XX:MaxHeapSize=536870912 -XX:MaxTenuringThreshold=8 -XX:NewRatio=3 -XX:OldPLABSize=16 -XX:ParallelGCThreads=4 -XX:+ParallelRefProcEnabled -XX:PretenureSizeThreshold=67108864 -XX:+PrintGC -XX:+PrintGCApplicationStoppedTime -XX:+PrintGCDateStamps -XX:+PrintGCDetails -XX:+PrintGCTimeStamps -XX:+PrintHeapAtGC -XX:+PrintTenuringDistribution -XX:SurvivorRatio=4 -XX:TargetSurvivorRatio=90 -XX:ThreadStackSize=256 -XX:+UseCMSInitiatingOccupancyOnly -XX:+UseCompressedClassPointers -XX:+UseCompressedOops -XX:+UseConcMarkSweepGC -XX:+UseParNewGC 
2023-04-25T18:08:41.009+0530: 0.075: Total time for which application threads were stopped: 0.0000740 seconds, Stopping threads took: 0.0000124 seconds
2023-04-25T18:08:41.124+0530: 0.190: Total time for which application threads were stopped: 0.0001334 seconds, Stopping threads took: 0.0000255 seconds
2023-04-25T18:08:41.175+0530: 0.241: Total time for which application threads were stopped: 0.0001376 seconds, Stopping threads took: 0.0000258 seconds
2023-04-25T18:08:41.230+0530: 0.296: Total time for which application threads were stopped: 0.0001059 seconds, Stopping threads took: 0.0000098 seconds
2023-04-25T18:08:41.258+0530: 0.324: Total time for which application threads were stopped: 0.0001617 seconds, Stopping threads took: 0.0000152 seconds
2023-04-25T18:08:41.266+0530: 0.332: Total time for which application threads were stopped: 0.0001679 seconds, Stopping threads took: 0.0000322 seconds
2023-04-25T18:08:41.272+0530: 0.338: Total time for which application threads were stopped: 0.0001460 seconds, Stopping threads took: 0.0000193 seconds
{Heap before GC invocations=0 (full 0):
 par new generation   total 109248K, used 87424K [0x00000000e0000000, 0x00000000e8000000, 0x00000000e8000000)
  eden space 87424K, 100% used [0x00000000e0000000, 0x00000000e5560000, 0x00000000e5560000)
  from space 21824K,   0% used [0x00000000e5560000, 0x00000000e5560000, 0x00000000e6ab0000)
  to   space 21824K,   0% used [0x00000000e6ab0000, 0x00000000e6ab0000, 0x00000000e8000000)
 concurrent mark-sweep generation total 393216K, used 0K [0x00000000e8000000, 0x0000000100000000, 0x0000000100000000)
 Metaspace       used 10221K, capacity 10394K, committed 10496K, reserved 1058816K
  class space    used 1150K, capacity 1209K, committed 1280K, reserved 1048576K
2023-04-25T18:08:41.407+0530: 0.473: [GC (Allocation Failure) 2023-04-25T18:08:41.407+0530: 0.473: [ParNew
Desired survivor size 20112992 bytes, new threshold 8 (max 8)
- age   1:    5858832 bytes,    5858832 total
: 87424K->5788K(109248K), 0.0061566 secs] 87424K->5788K(502464K), 0.0062454 secs] [Times: user=0.03 sys=0.00, real=0.01 secs] 
Heap after GC invocations=1 (full 0):
 par new generation   total 109248K, used 5788K [0x00000000e0000000, 0x00000000e8000000, 0x00000000e8000000)
  eden space 87424K,   0% used [0x00000000e0000000, 0x00000000e0000000, 0x00000000e5560000)
  from space 21824K,  26% used [0x00000000e6ab0000, 0x00000000e7057008, 0x00000000e8000000)
  to   space 21824K,   0% used [0x00000000e5560000, 0x00000000e5560000, 0x00000000e6ab0000)
 concurrent mark-sweep generation total 393216K, used 0K [0x00000000e8000000, 0x0000000100000000, 0x0000000100000000)
 Metaspace       used 10221K, capacity 10394K, committed 10496K, reserved 1058816K
  class space    used 1150K, capacity 1209K, committed 1280K, reserved 1048576K
}
2023-04-25T18:08:41.413+0530: 0.479: Total time for which application threads were stopped: 0.0063833 seconds, Stopping threads took: 0.0000186 seconds
2023-04-25T18:08:41.459+0530: 0.525: Total time for which application threads were stopped: 0.0002105 seconds, Stopping threads took: 0.0000153 seconds
2023-04-25T18:08:41.490+0530: 0.557: Total time for which application threads were stopped: 0.0001444 seconds, Stopping threads took: 0.0000108 seconds
2023-04-25T18:08:41.579+0530: 0.645: Total time for which application threads were stopped: 0.0001921 seconds, Stopping threads took: 0.0000132 seconds
2023-04-25T18:08:41.601+0530: 0.667: Total time for which application threads were stopped: 0.0002607 seconds, Stopping threads took: 0.0000173 seconds
2023-04-25T18:08:41.635+0530: 0.701: Total time for which application threads were stopped: 0.0002406 seconds, Stopping threads took: 0.0000180 seconds
2023-04-25T18:08:41.636+0530: 0.702: Total time for which application threads were stopped: 0.0001924 seconds, Stopping threads took: 0.0000159 seconds
2023-04-25T18:08:41.680+0530: 0.746: Total time for which application threads were stopped: 0.0002394 seconds, Stopping threads took: 0.0000184 seconds
2023-04-25T18:08:41.729+0530: 0.796: Total time for which application threads were stopped: 0.0002798 seconds, Stopping threads took: 0.0000996 seconds
{Heap before GC invocations=1 (full 0):
 par new generation   total 109248K, used 93212K [0x00000000e0000000, 0x00000000e8000000, 0x00000000e8000000)
  eden space 87424K, 100% used [0x00000000e0000000, 0x00000000e5560000, 0x00000000e5560000)
  from space 21824K,  26% used [0x00000000e6ab0000, 0x00000000e7057008, 0x00000000e8000000)
  to   space 21824K,   0% used [0x00000000e5560000, 0x00000000e5560000, 0x00000000e6ab0000)
 concurrent mark-sweep generation total 393216K, used 0K [0x00000000e8000000, 0x0000000100000000, 0x0000000100000000)
 Metaspace       used 19961K, capacity 20302K, committed 20736K, reserved 1067008K
  class space    used 2319K, capacity 2461K, committed 2560K, reserved 1048576K
2023-04-25T18:08:41.901+0530: 0.967: [GC (Allocation Failure) 2023-04-25T18:08:41.901+0530: 0.967: [ParNew
Desired survivor size 20112992 bytes, new threshold 8 (max 8)
- age   1:    8776328 bytes,    8776328 total
- age   2:    2558648 bytes,   11334976 total
: 93212K->12654K(109248K), 0.0074865 secs] 93212K->12654K(502464K), 0.0075859 secs] [Times: user=0.02 sys=0.01, real=0.00 secs] 
Heap after GC invocations=2 (full 0):
 par new generation   total 109248K, used 12654K [0x00000000e0000000, 0x00000000e8000000, 0x00000000e8000000)
  eden space 87424K,   0% used [0x00000000e0000000, 0x00000000e0000000, 0x00000000e5560000)
  from space 21824K,  57% used [0x00000000e5560000, 0x00000000e61bb850, 0x00000000e6ab0000)
  to   space 21824K,   0% used [0x00000000e6ab0000, 0x00000000e6ab0000, 0x00000000e8000000)
 concurrent mark-sweep generation total 393216K, used 0K [0x00000000e8000000, 0x0000000100000000, 0x0000000100000000)
 Metaspace       used 19961K, capacity 20302K, committed 20736K, reserved 1067008K
  class space    used 2319K, capacity 2461K, committed 2560K, reserved 1048576K
}
2023-04-25T18:08:41.908+0530: 0.974: Total time for which application threads were stopped: 0.0077802 seconds, Stopping threads took: 0.0000197 seconds
2023-04-25T18:08:41.954+0530: 1.020: Total time for which application threads were stopped: 0.0002610 seconds, Stopping threads took: 0.0000216 seconds
2023-04-25T18:08:41.975+0530: 1.041: Total time for which application threads were stopped: 0.0002749 seconds, Stopping threads took: 0.0000229 seconds
2023-04-25T18:08:41.998+0530: 1.064: Total time for which application threads were stopped: 0.0002289 seconds, Stopping threads took: 0.0000156 seconds
2023-04-25T18:08:42.039+0530: 1.105: Total time for which application threads were stopped: 0.0001300 seconds, Stopping threads took: 0.0000578 seconds
2023-04-25T18:08:42.067+0530: 1.133: Total time for which application threads were stopped: 0.0001061 seconds, Stopping threads took: 0.0000182 seconds
2023-04-25T18:08:42.075+0530: 1.141: Total time for which application threads were stopped: 0.0002926 seconds, Stopping threads took: 0.0000234 seconds
2023-04-25T18:08:42.121+0530: 1.187: Total time for which application threads were stopped: 0.0000875 seconds, Stopping threads took: 0.0000283 seconds
{Heap before GC invocations=2 (full 0):
 par new generation   total 109248K, used 100078K [0x00000000e0000000, 0x00000000e8000000, 0x00000000e8000000)
  eden space 87424K, 100% used [0x00000000e0000000, 0x00000000e5560000, 0x00000000e5560000)
  from space 21824K,  57% used [0x00000000e5560000, 0x00000000e61bb850, 0x00000000e6ab0000)
  to   space 21824K,   0% used [0x00000000e6ab0000, 0x00000000e6ab0000, 0x00000000e8000000)
 concurrent mark-sweep generation total 393216K, used 0K [0x00000000e8000000, 0x0000000100000000, 0x0000000100000000)
 Metaspace       used 21406K, capacity 21780K, committed 22216K, reserved 1069056K
  class space    used 2483K, capacity 2590K, committed 2636K, reserved 1048576K
2023-04-25T18:08:42.124+0530: 1.190: [GC (Allocation Failure) 2023-04-25T18:08:42.124+0530: 1.190: [ParNew
Desired survivor size 20112992 bytes, new threshold 8 (max 8)
- age   1:    2299128 bytes,    2299128 total
- age   2:    3873544 bytes,    6172672 total
- age   3:    2527928 bytes,    8700600 total
: 100078K->13913K(109248K), 0.0066312 secs] 100078K->13913K(502464K), 0.0067297 secs] [Times: user=0.02 sys=0.00, real=0.00 secs] 
Heap after GC invocations=3 (full 0):
 par new generation   total 109248K, used 13913K [0x00000000e0000000, 0x00000000e8000000, 0x00000000e8000000)
  eden space 87424K,   0% used [0x00000000e0000000, 0x00000000e0000000, 0x00000000e5560000)
  from space 21824K,  63% used [0x00000000e6ab0000, 0x00000000e7846440, 0x00000000e8000000)
  to   space 21824K,   0% used [0x00000000e5560000, 0x00000000e5560000, 0x00000000e6ab0000)
 concurrent mark-sweep generation total 393216K, used 0K [0x00000000e8000000, 0x0000000100000000, 0x0000000100000000)
 Metaspace       used 21406K, capacity 21780K, committed 22216K, reserved 1069056K
  class space    used 2483K, capacity 2590K, committed 2636K, reserved 1048576K
}
2023-04-25T18:08:42.131+0530: 1.197: Total time for which application threads were stopped: 0.0068440 seconds, Stopping threads took: 0.0000136 seconds
2023-04-25T18:08:42.131+0530: 1.197: [GC (CMS Initial Mark) [1 CMS-initial-mark: 0K(393216K)] 14837K(502464K), 0.0025028 secs] [Times: user=0.01 sys=0.00, real=0.01 secs] 
2023-04-25T18:08:42.134+0530: 1.200: Total time for which application threads were stopped: 0.0027215 seconds, Stopping threads took: 0.0001353 seconds
2023-04-25T18:08:42.134+0530: 1.200: [CMS-concurrent-mark-start]
2023-04-25T18:08:42.134+0530: 1.200: [CMS-concurrent-mark: 0.000/0.000 secs] [Times: user=0.00 sys=0.00, real=0.00 secs] 
2023-04-25T18:08:42.134+0530: 1.200: [CMS-concurrent-preclean-start]
2023-04-25T18:08:42.135+0530: 1.201: [CMS-concurrent-preclean: 0.001/0.001 secs] [Times: user=0.00 sys=0.00, real=0.00 secs] 
2023-04-25T18:08:42.135+0530: 1.201: [GC (CMS Final Remark) [YG occupancy: 14837 K (109248 K)]{Heap before GC invocations=3 (full 1):
 par new generation   total 109248K, used 14837K [0x00000000e0000000, 0x00000000e8000000, 0x00000000e8000000)
  eden space 87424K,   1% used [0x00000000e0000000, 0x00000000e00e71a0, 0x00000000e5560000)
  from space 21824K,  63% used [0x00000000e6ab0000, 0x00000000e7846440, 0x00000000e8000000)
  to   space 21824K,   0% used [0x00000000e5560000, 0x00000000e5560000, 0x00000000e6ab0000)
 concurrent mark-sweep generation total 393216K, used 0K [0x00000000e8000000, 0x0000000100000000, 0x0000000100000000)
 Metaspace       used 21409K, capacity 21780K, committed 22216K, reserved 1069056K
  class space    used 2484K, capacity 2590K, committed 2636K, reserved 1048576K
2023-04-25T18:08:42.135+0530: 1.201: [GC (CMS Final Remark) 2023-04-25T18:08:42.135+0530: 1.201: [ParNew
Desired survivor size 20112992 bytes, new threshold 8 (max 8)
- age   1:     277232 bytes,     277232 total
- age   2:    1265680 bytes,    1542912 total
- age   3:    3866992 bytes,    5409904 total
- age   4:    2527968 bytes,    7937872 total
: 14837K->8886K(109248K), 0.0048072 secs] 14837K->8886K(502464K), 0.0048486 secs] [Times: user=0.02 sys=0.00, real=0.01 secs] 
Heap after GC invocations=4 (full 1):
 par new generation   total 109248K, used 8886K [0x00000000e0000000, 0x00000000e8000000, 0x00000000e8000000)
  eden space 87424K,   0% used [0x00000000e0000000, 0x00000000e0000000, 0x00000000e5560000)
  from space 21824K,  40% used [0x00000000e5560000, 0x00000000e5e0d800, 0x00000000e6ab0000)
  to   space 21824K,   0% used [0x00000000e6ab0000, 0x00000000e6ab0000, 0x00000000e8000000)
 concurrent mark-sweep generation total 393216K, used 0K [0x00000000e8000000, 0x0000000100000000, 0x0000000100000000)
 Metaspace       used 21409K, capacity 21780K, committed 22216K, reserved 1069056K
  class space    used 2484K, capacity 2590K, committed 2636K, reserved 1048576K
}
2023-04-25T18:08:42.140+0530: 1.206: [Rescan (parallel) , 0.0018224 secs]2023-04-25T18:08:42.142+0530: 1.208: [weak refs processing, 0.0003353 secs]2023-04-25T18:08:42.142+0530: 1.208: [class unloading, 0.0025779 secs]2023-04-25T18:08:42.145+0530: 1.211: [scrub symbol table, 0.0018366 secs]2023-04-25T18:08:42.147+0530: 1.213: [scrub string table, 0.0003364 secs][1 CMS-remark: 0K(393216K)] 8886K(502464K), 0.0124088 secs] [Times: user=0.03 sys=0.00, real=0.01 secs] 
2023-04-25T18:08:42.147+0530: 1.214: Total time for which application threads were stopped: 0.0125886 seconds, Stopping threads took: 0.0000761 seconds
2023-04-25T18:08:42.148+0530: 1.214: [CMS-concurrent-sweep-start]
2023-04-25T18:08:42.148+0530: 1.214: [CMS-concurrent-sweep: 0.000/0.000 secs] [Times: user=0.00 sys=0.00, real=0.00 secs] 
2023-04-25T18:08:42.148+0530: 1.214: [CMS-concurrent-reset-start]
2023-04-25T18:08:42.150+0530: 1.216: [CMS-concurrent-reset: 0.002/0.002 secs] [Times: user=0.00 sys=0.00, real=0.00 secs] 
{Heap before GC invocations=4 (full 1):
 par new generation   total 109248K, used 96310K [0x00000000e0000000, 0x00000000e8000000, 0x00000000e8000000)
  eden space 87424K, 100% used [0x00000000e0000000, 0x00000000e5560000, 0x00000000e5560000)
  from space 21824K,  40% used [0x00000000e5560000, 0x00000000e5e0d800, 0x00000000e6ab0000)
  to   space 21824K,   0% used [0x00000000e6ab0000, 0x00000000e6ab0000, 0x00000000e8000000)
 concurrent mark-sweep generation total 393216K, used 0K [0x00000000e8000000, 0x0000000100000000, 0x0000000100000000)
 Metaspace       used 22292K, capacity 22670K, committed 22856K, reserved 1069056K
  class space    used 2608K, capacity 2755K, committed 2764K, reserved 1048576K
2023-04-25T18:08:42.263+0530: 1.329: [GC (Allocation Failure) 2023-04-25T18:08:42.263+0530: 1.329: [ParNew
Desired survivor size 20112992 bytes, new threshold 8 (max 8)
- age   1:     931120 bytes,     931120 total
- age   2:       3512 bytes,     934632 total
- age   3:    1023320 bytes,    1957952 total
- age   4:    3862552 bytes,    5820504 total
- age   5:    2527872 bytes,    8348376 total
: 96310K->12117K(109248K), 0.0053752 secs] 96310K->12117K(502464K), 0.0054446 secs] [Times: user=0.01 sys=0.00, real=0.00 secs] 
Heap after GC invocations=5 (full 1):
 par new generation   total 109248K, used 12117K [0x00000000e0000000, 0x00000000e8000000, 0x00000000e8000000)
  eden space 87424K,   0% used [0x00000000e0000000, 0x00000000e0000000, 0x00000000e5560000)
  from space 21824K,  55% used [0x00000000e6ab0000, 0x00000000e76856d8, 0x00000000e8000000)
  to   space 21824K,   0% used [0x00000000e5560000, 0x00000000e5560000, 0x00000000e6ab0000)
 concurrent mark-sweep generation total 393216K, used 0K [0x00000000e8000000, 0x0000000100000000, 0x0000000100000000)
 Metaspace       used 22292K, capacity 22670K, committed 22856K, reserved 1069056K
  class space    used 2608K, capacity 2755K, committed 2764K, reserved 1048576K
}
2023-04-25T18:08:42.268+0530: 1.334: Total time for which application threads were stopped: 0.0055908 seconds, Stopping threads took: 0.0000173 seconds
2023-04-25T18:08:42.317+0530: 1.383: Total time for which application threads were stopped: 0.0002829 seconds, Stopping threads took: 0.0000294 seconds
2023-04-25T18:08:42.441+0530: 1.507: Total time for which application threads were stopped: 0.0004149 seconds, Stopping threads took: 0.0000465 seconds
2023-04-25T18:08:42.450+0530: 1.516: Total time for which application threads were stopped: 0.0002835 seconds, Stopping threads took: 0.0000161 seconds
2023-04-25T18:08:42.609+0530: 1.675: Total time for which application threads were stopped: 0.0003421 seconds, Stopping threads took: 0.0000153 seconds
{Heap before GC invocations=5 (full 1):
 par new generation   total 109248K, used 99541K [0x00000000e0000000, 0x00000000e8000000, 0x00000000e8000000)
  eden space 87424K, 100% used [0x00000000e0000000, 0x00000000e5560000, 0x00000000e5560000)
  from space 21824K,  55% used [0x00000000e6ab0000, 0x00000000e76856d8, 0x00000000e8000000)
  to   space 21824K,   0% used [0x00000000e5560000, 0x00000000e5560000, 0x00000000e6ab0000)
 concurrent mark-sweep generation total 393216K, used 0K [0x00000000e8000000, 0x0000000100000000, 0x0000000100000000)
 Metaspace       used 28170K, capacity 28586K, committed 29132K, reserved 1075200K
  class space    used 3314K, capacity 3473K, committed 3532K, reserved 1048576K
2023-04-25T18:08:42.677+0530: 1.743: [GC (Allocation Failure) 2023-04-25T18:08:42.677+0530: 1.743: [ParNew
Desired survivor size 20112992 bytes, new threshold 8 (max 8)
- age   1:    8470984 bytes,    8470984 total
- age   2:     158560 bytes,    8629544 total
- age   3:        752 bytes,    8630296 total
- age   4:     283504 bytes,    8913800 total
- age   5:    3847296 bytes,   12761096 total
- age   6:    2527936 bytes,   15289032 total
: 99541K->18212K(109248K), 0.0093733 secs] 99541K->18212K(502464K), 0.0094673 secs] [Times: user=0.04 sys=0.00, real=0.01 secs] 
Heap after GC invocations=6 (full 1):
 par new generation   total 109248K, used 18212K [0x00000000e0000000, 0x00000000e8000000, 0x00000000e8000000)
  eden space 87424K,   0% used [0x00000000e0000000, 0x00000000e0000000, 0x00000000e5560000)
  from space 21824K,  83% used [0x00000000e5560000, 0x00000000e6729138, 0x00000000e6ab0000)
  to   space 21824K,   0% used [0x00000000e6ab0000, 0x00000000e6ab0000, 0x00000000e8000000)
 concurrent mark-sweep generation total 393216K, used 0K [0x00000000e8000000, 0x0000000100000000, 0x0000000100000000)
 Metaspace       used 28170K, capacity 28586K, committed 29132K, reserved 1075200K
  class space    used 3314K, capacity 3473K, committed 3532K, reserved 1048576K
}
2023-04-25T18:08:42.687+0530: 1.753: Total time for which application threads were stopped: 0.0096069 seconds, Stopping threads took: 0.0000166 seconds
2023-04-25T18:08:42.741+0530: 1.807: Total time for which application threads were stopped: 0.0003345 seconds, Stopping threads took: 0.0000196 seconds
2023-04-25T18:08:43.741+0530: 2.807: Total time for which application threads were stopped: 0.0002007 seconds, Stopping threads took: 0.0000383 seconds
2023-04-25T18:08:44.974+0530: 4.040: Total time for which application threads were stopped: 0.0007668 seconds, Stopping threads took: 0.0000474 seconds
2023-04-25T18:08:46.990+0530: 6.056: Total time for which application threads were stopped: 0.0000870 seconds, Stopping threads took: 0.0000252 seconds
2023-04-25T18:08:46.993+0530: 6.059: Total time for which application threads were stopped: 0.0000898 seconds, Stopping threads took: 0.0000206 seconds
2023-04-25T18:08:47.013+0530: 6.079: Total time for which application threads were stopped: 0.0003030 seconds, Stopping threads took: 0.0000122 seconds
2023-04-25T18:08:47.022+0530: 6.088: Total time for which application threads were stopped: 0.0000626 seconds, Stopping threads took: 0.0000166 seconds
2023-04-25T18:08:47.029+0530: 6.095: Total time for which application threads were stopped: 0.0000933 seconds, Stopping threads took: 0.0000526 seconds
2023-04-25T18:08:47.029+0530: 6.095: Total time for which application threads were stopped: 0.0000915 seconds, Stopping threads took: 0.0000671 seconds
2023-04-25T18:08:47.040+0530: 6.106: Total time for which application threads were stopped: 0.0001304 seconds, Stopping threads took: 0.0000494 seconds
2023-04-25T18:08:47.063+0530: 6.129: Total time for which application threads were stopped: 0.0004325 seconds, Stopping threads took: 0.0000187 seconds
2023-04-25T18:08:47.065+0530: 6.131: Total time for which application threads were stopped: 0.0000788 seconds, Stopping threads took: 0.0000349 seconds
2023-04-25T18:08:47.065+0530: 6.131: Total time for which application threads were stopped: 0.0000596 seconds, Stopping threads took: 0.0000242 seconds
2023-04-25T18:08:47.065+0530: 6.131: Total time for which application threads were stopped: 0.0001391 seconds, Stopping threads took: 0.0001115 seconds
2023-04-25T18:08:47.065+0530: 6.131: Total time for which application threads were stopped: 0.0000420 seconds, Stopping threads took: 0.0000118 seconds
2023-04-25T18:08:47.065+0530: 6.131: Total time for which application threads were stopped: 0.0000517 seconds, Stopping threads took: 0.0000269 seconds
2023-04-25T18:08:47.065+0530: 6.131: Total time for which application threads were stopped: 0.0000478 seconds, Stopping threads took: 0.0000253 seconds
2023-04-25T18:08:47.067+0530: 6.133: Total time for which application threads were stopped: 0.0001012 seconds, Stopping threads took: 0.0000430 seconds
2023-04-25T18:08:47.067+0530: 6.133: Total time for which application threads were stopped: 0.0000537 seconds, Stopping threads took: 0.0000263 seconds
2023-04-25T18:08:47.067+0530: 6.133: Total time for which application threads were stopped: 0.0000510 seconds, Stopping threads took: 0.0000252 seconds
2023-04-25T18:08:47.067+0530: 6.133: Total time for which application threads were stopped: 0.0000318 seconds, Stopping threads took: 0.0000128 seconds
2023-04-25T18:08:47.067+0530: 6.133: Total time for which application threads were stopped: 0.0000411 seconds, Stopping threads took: 0.0000177 seconds
2023-04-25T18:08:47.090+0530: 6.156: Total time for which application threads were stopped: 0.0000566 seconds, Stopping threads took: 0.0000162 seconds
2023-04-25T18:08:47.090+0530: 6.156: Total time for which application threads were stopped: 0.0000581 seconds, Stopping threads took: 0.0000166 seconds
2023-04-25T18:08:47.093+0530: 6.159: Total time for which application threads were stopped: 0.0000621 seconds, Stopping threads took: 0.0000170 seconds
2023-04-25T18:08:47.093+0530: 6.159: Total time for which application threads were stopped: 0.0000353 seconds, Stopping threads took: 0.0000082 seconds
2023-04-25T18:08:47.094+0530: 6.160: Total time for which application threads were stopped: 0.0000382 seconds, Stopping threads took: 0.0000092 seconds
2023-04-25T18:08:47.096+0530: 6.162: Total time for which application threads were stopped: 0.0000829 seconds, Stopping threads took: 0.0000233 seconds
2023-04-25T18:08:47.099+0530: 6.165: Total time for which application threads were stopped: 0.0000689 seconds, Stopping threads took: 0.0000196 seconds
2023-04-25T18:08:47.099+0530: 6.165: Total time for which application threads were stopped: 0.0000646 seconds, Stopping threads took: 0.0000130 seconds
2023-04-25T18:08:47.134+0530: 6.200: Total time for which application threads were stopped: 0.0000674 seconds, Stopping threads took: 0.0000149 seconds
2023-04-25T18:08:47.135+0530: 6.201: Total time for which application threads were stopped: 0.0000551 seconds, Stopping threads took: 0.0000130 seconds
2023-04-25T18:08:47.138+0530: 6.204: Total time for which application threads were stopped: 0.0001084 seconds, Stopping threads took: 0.0000382 seconds
2023-04-25T18:08:47.139+0530: 6.205: Total time for which application threads were stopped: 0.0001478 seconds, Stopping threads took: 0.0000091 seconds
2023-04-25T18:08:47.139+0530: 6.205: Total time for which application threads were stopped: 0.0000457 seconds, Stopping threads took: 0.0000140 seconds
2023-04-25T18:08:47.140+0530: 6.206: Total time for which application threads were stopped: 0.0000780 seconds, Stopping threads took: 0.0000274 seconds
2023-04-25T18:08:47.140+0530: 6.206: Total time for which application threads were stopped: 0.0000631 seconds, Stopping threads took: 0.0000174 seconds
2023-04-25T18:08:47.140+0530: 6.206: Total time for which application threads were stopped: 0.0000580 seconds, Stopping threads took: 0.0000185 seconds
2023-04-25T18:08:47.140+0530: 6.206: Total time for which application threads were stopped: 0.0000543 seconds, Stopping threads took: 0.0000035 seconds
2023-04-25T18:08:47.140+0530: 6.206: Total time for which application threads were stopped: 0.0000644 seconds, Stopping threads took: 0.0000226 seconds
2023-04-25T18:08:47.147+0530: 6.213: Total time for which application threads were stopped: 0.0000522 seconds, Stopping threads took: 0.0000154 seconds
2023-04-25T18:08:55.380+0530: 14.446: Total time for which application threads were stopped: 0.0000942 seconds, Stopping threads took: 0.0000176 seconds
2023-04-25T18:08:55.380+0530: 14.446: Total time for which application threads were stopped: 0.0000580 seconds, Stopping threads took: 0.0000086 seconds
2023-04-25T18:08:55.380+0530: 14.446: Total time for which application threads were stopped: 0.0000612 seconds, Stopping threads took: 0.0000089 seconds
2023-04-25T18:08:55.380+0530: 14.446: Total time for which application threads were stopped: 0.0000396 seconds, Stopping threads took: 0.0000170 seconds
2023-04-25T18:08:55.380+0530: 14.446: Total time for which application threads were stopped: 0.0000371 seconds, Stopping threads took: 0.0000150 seconds
2023-04-25T18:08:55.381+0530: 14.447: Total time for which application threads were stopped: 0.0000521 seconds, Stopping threads took: 0.0000179 seconds
2023-04-25T18:08:55.381+0530: 14.447: Total time for which application threads were stopped: 0.0000435 seconds, Stopping threads took: 0.0000177 seconds
2023-04-25T18:08:55.381+0530: 14.447: Total time for which application threads were stopped: 0.0000650 seconds, Stopping threads took: 0.0000170 seconds
2023-04-25T18:08:55.381+0530: 14.447: Total time for which application threads were stopped: 0.0000382 seconds, Stopping threads took: 0.0000139 seconds
2023-04-25T18:08:55.381+0530: 14.447: Total time for which application threads were stopped: 0.0000456 seconds, Stopping threads took: 0.0000189 seconds
2023-04-25T18:08:56.382+0530: 15.448: Total time for which application threads were stopped: 0.0002526 seconds, Stopping threads took: 0.0000953 seconds
2023-04-25T18:08:56.729+0530: 15.795: Total time for which application threads were stopped: 0.0001013 seconds, Stopping threads took: 0.0000215 seconds
2023-04-25T18:08:56.729+0530: 15.795: Total time for which application threads were stopped: 0.0000808 seconds, Stopping threads took: 0.0000374 seconds
2023-04-25T18:08:56.729+0530: 15.795: Total time for which application threads were stopped: 0.0000625 seconds, Stopping threads took: 0.0000242 seconds
2023-04-25T18:08:56.729+0530: 15.795: Total time for which application threads were stopped: 0.0000461 seconds, Stopping threads took: 0.0000088 seconds
2023-04-25T18:08:56.729+0530: 15.796: Total time for which application threads were stopped: 0.0000555 seconds, Stopping threads took: 0.0000261 seconds
2023-04-25T18:08:56.731+0530: 15.797: Total time for which application threads were stopped: 0.0001024 seconds, Stopping threads took: 0.0000369 seconds
2023-04-25T18:08:56.731+0530: 15.797: Total time for which application threads were stopped: 0.0000676 seconds, Stopping threads took: 0.0000244 seconds
2023-04-25T18:08:56.731+0530: 15.797: Total time for which application threads were stopped: 0.0000569 seconds, Stopping threads took: 0.0000176 seconds
2023-04-25T18:08:56.731+0530: 15.797: Total time for which application threads were stopped: 0.0000598 seconds, Stopping threads took: 0.0000201 seconds
2023-04-25T18:08:56.731+0530: 15.797: Total time for which application threads were stopped: 0.0000564 seconds, Stopping threads took: 0.0000191 seconds
2023-04-25T18:09:02.237+0530: 21.303: Total time for which application threads were stopped: 0.0001799 seconds, Stopping threads took: 0.0001150 seconds
2023-04-25T18:09:02.237+0530: 21.303: Total time for which application threads were stopped: 0.0001713 seconds, Stopping threads took: 0.0001221 seconds
2023-04-25T18:09:02.237+0530: 21.303: Total time for which application threads were stopped: 0.0000587 seconds, Stopping threads took: 0.0000154 seconds
2023-04-25T18:09:02.237+0530: 21.303: Total time for which application threads were stopped: 0.0001600 seconds, Stopping threads took: 0.0001145 seconds
2023-04-25T18:09:02.238+0530: 21.304: Total time for which application threads were stopped: 0.0000686 seconds, Stopping threads took: 0.0000358 seconds
2023-04-25T18:09:02.238+0530: 21.304: Total time for which application threads were stopped: 0.0000549 seconds, Stopping threads took: 0.0000273 seconds
2023-04-25T18:09:02.238+0530: 21.304: Total time for which application threads were stopped: 0.0000388 seconds, Stopping threads took: 0.0000099 seconds
2023-04-25T18:09:02.239+0530: 21.305: Total time for which application threads were stopped: 0.0001136 seconds, Stopping threads took: 0.0000091 seconds
2023-04-25T18:09:02.239+0530: 21.305: Total time for which application threads were stopped: 0.0000405 seconds, Stopping threads took: 0.0000105 seconds
2023-04-25T18:09:02.239+0530: 21.305: Total time for which application threads were stopped: 0.0000404 seconds, Stopping threads took: 0.0000132 seconds
2023-04-25T18:09:02.240+0530: 21.306: Total time for which application threads were stopped: 0.0000884 seconds, Stopping threads took: 0.0000446 seconds
2023-04-25T18:09:02.240+0530: 21.306: Total time for which application threads were stopped: 0.0000713 seconds, Stopping threads took: 0.0000363 seconds
2023-04-25T18:09:02.242+0530: 21.308: Total time for which application threads were stopped: 0.0001081 seconds, Stopping threads took: 0.0000506 seconds
2023-04-25T18:09:02.242+0530: 21.308: Total time for which application threads were stopped: 0.0000792 seconds, Stopping threads took: 0.0000323 seconds
2023-04-25T18:09:02.243+0530: 21.309: Total time for which application threads were stopped: 0.0001294 seconds, Stopping threads took: 0.0000396 seconds
2023-04-25T18:09:02.243+0530: 21.309: Total time for which application threads were stopped: 0.0000702 seconds, Stopping threads took: 0.0000353 seconds
2023-04-25T18:09:05.244+0530: 24.310: Total time for which application threads were stopped: 0.0002441 seconds, Stopping threads took: 0.0000517 seconds
2023-04-25T18:09:15.245+0530: 34.311: Total time for which application threads were stopped: 0.0002846 seconds, Stopping threads took: 0.0001173 seconds
2023-04-25T18:09:25.247+0530: 44.313: Total time for which application threads were stopped: 0.0002118 seconds, Stopping threads took: 0.0000872 seconds
2023-04-25T18:09:31.753+0530: 50.819: Total time for which application threads were stopped: 0.0003045 seconds, Stopping threads took: 0.0000120 seconds
2023-04-25T18:09:31.908+0530: 50.974: Total time for which application threads were stopped: 0.0001594 seconds, Stopping threads took: 0.0000183 seconds
2023-04-25T18:09:31.927+0530: 50.993: Total time for which application threads were stopped: 0.0004334 seconds, Stopping threads took: 0.0000186 seconds
2023-04-25T18:09:31.970+0530: 51.036: Total time for which application threads were stopped: 0.0001179 seconds, Stopping threads took: 0.0000308 seconds
2023-04-25T18:09:31.981+0530: 51.047: Total time for which application threads were stopped: 0.0003386 seconds, Stopping threads took: 0.0000179 seconds
2023-04-25T18:09:32.981+0530: 52.047: Total time for which application threads were stopped: 0.0000847 seconds, Stopping threads took: 0.0000197 seconds
2023-04-25T18:09:35.982+0530: 55.048: Total time for which application threads were stopped: 0.0002492 seconds, Stopping threads took: 0.0000549 seconds
{Heap before GC invocations=6 (full 1):
 par new generation   total 109248K, used 105636K [0x00000000e0000000, 0x00000000e8000000, 0x00000000e8000000)
  eden space 87424K, 100% used [0x00000000e0000000, 0x00000000e5560000, 0x00000000e5560000)
  from space 21824K,  83% used [0x00000000e5560000, 0x00000000e6729138, 0x00000000e6ab0000)
  to   space 21824K,   0% used [0x00000000e6ab0000, 0x00000000e6ab0000, 0x00000000e8000000)
 concurrent mark-sweep generation total 393216K, used 0K [0x00000000e8000000, 0x0000000100000000, 0x0000000100000000)
 Metaspace       used 34423K, capacity 34956K, committed 35404K, reserved 1081344K
  class space    used 4185K, capacity 4368K, committed 4428K, reserved 1048576K
2023-04-25T18:09:36.994+0530: 56.060: [GC (Allocation Failure) 2023-04-25T18:09:36.994+0530: 56.060: [ParNew
Desired survivor size 20112992 bytes, new threshold 8 (max 8)
- age   1:    8973552 bytes,    8973552 total
- age   2:    3475000 bytes,   12448552 total
- age   3:     157536 bytes,   12606088 total
- age   4:        752 bytes,   12606840 total
- age   5:     280960 bytes,   12887800 total
- age   6:    3789712 bytes,   16677512 total
- age   7:    2518216 bytes,   19195728 total
: 105636K->21824K(109248K), 0.0336309 secs] 105636K->21858K(502464K), 0.0339151 secs] [Times: user=0.12 sys=0.00, real=0.03 secs] 
Heap after GC invocations=7 (full 1):
 par new generation   total 109248K, used 21824K [0x00000000e0000000, 0x00000000e8000000, 0x00000000e8000000)
  eden space 87424K,   0% used [0x00000000e0000000, 0x00000000e0000000, 0x00000000e5560000)
  from space 21824K, 100% used [0x00000000e6ab0000, 0x00000000e8000000, 0x00000000e8000000)
  to   space 21824K,   0% used [0x00000000e5560000, 0x00000000e5560000, 0x00000000e6ab0000)
 concurrent mark-sweep generation total 393216K, used 34K [0x00000000e8000000, 0x0000000100000000, 0x0000000100000000)
 Metaspace       used 34423K, capacity 34956K, committed 35404K, reserved 1081344K
  class space    used 4185K, capacity 4368K, committed 4428K, reserved 1048576K
}
2023-04-25T18:09:37.028+0530: 56.094: Total time for which application threads were stopped: 0.0343684 seconds, Stopping threads took: 0.0001005 seconds
2023-04-25T18:09:43.139+0530: 62.206: Total time for which application threads were stopped: 0.0002912 seconds, Stopping threads took: 0.0000653 seconds
2023-04-25T18:09:43.145+0530: 62.211: Total time for which application threads were stopped: 0.0001694 seconds, Stopping threads took: 0.0000404 seconds
2023-04-25T18:09:43.151+0530: 62.217: Total time for which application threads were stopped: 0.0002361 seconds, Stopping threads took: 0.0001099 seconds
2023-04-25T18:09:44.151+0530: 63.218: Total time for which application threads were stopped: 0.0002283 seconds, Stopping threads took: 0.0000519 seconds
2023-04-25T18:09:46.152+0530: 65.218: Total time for which application threads were stopped: 0.0002047 seconds, Stopping threads took: 0.0000525 seconds
2023-04-25T18:09:57.155+0530: 76.221: Total time for which application threads were stopped: 0.0002560 seconds, Stopping threads took: 0.0000874 seconds
2023-04-25T18:10:02.242+0530: 81.308: Total time for which application threads were stopped: 0.0001212 seconds, Stopping threads took: 0.0000477 seconds
2023-04-25T18:10:02.243+0530: 81.310: Total time for which application threads were stopped: 0.0000911 seconds, Stopping threads took: 0.0000180 seconds
2023-04-25T18:10:06.909+0530: 85.975: Total time for which application threads were stopped: 0.0002230 seconds, Stopping threads took: 0.0001030 seconds
2023-04-25T18:10:06.910+0530: 85.976: Total time for which application threads were stopped: 0.0001322 seconds, Stopping threads took: 0.0000628 seconds
2023-04-25T18:10:06.922+0530: 85.988: Total time for which application threads were stopped: 0.0000681 seconds, Stopping threads took: 0.0000159 seconds
2023-04-25T18:10:06.924+0530: 85.990: Total time for which application threads were stopped: 0.0001319 seconds, Stopping threads took: 0.0000646 seconds
2023-04-25T18:10:06.924+0530: 85.990: Total time for which application threads were stopped: 0.0001252 seconds, Stopping threads took: 0.0000524 seconds
2023-04-25T18:10:06.924+0530: 85.990: Total time for which application threads were stopped: 0.0000932 seconds, Stopping threads took: 0.0000329 seconds
2023-04-25T18:10:06.927+0530: 85.993: Total time for which application threads were stopped: 0.0001002 seconds, Stopping threads took: 0.0000254 seconds
2023-04-25T18:10:06.929+0530: 85.995: Total time for which application threads were stopped: 0.0001152 seconds, Stopping threads took: 0.0000466 seconds
2023-04-25T18:10:06.929+0530: 85.995: Total time for which application threads were stopped: 0.0000681 seconds, Stopping threads took: 0.0000250 seconds
2023-04-25T18:10:06.931+0530: 85.997: Total time for which application threads were stopped: 0.0001051 seconds, Stopping threads took: 0.0000487 seconds
2023-04-25T18:10:06.931+0530: 85.997: Total time for which application threads were stopped: 0.0000876 seconds, Stopping threads took: 0.0000516 seconds
2023-04-25T18:10:07.931+0530: 86.998: Total time for which application threads were stopped: 0.0002698 seconds, Stopping threads took: 0.0001138 seconds
2023-04-25T18:10:08.813+0530: 87.879: Total time for which application threads were stopped: 0.0001064 seconds, Stopping threads took: 0.0000207 seconds
2023-04-25T18:10:09.813+0530: 88.879: Total time for which application threads were stopped: 0.0002982 seconds, Stopping threads took: 0.0000509 seconds
2023-04-25T18:10:15.814+0530: 94.880: Total time for which application threads were stopped: 0.0000975 seconds, Stopping threads took: 0.0000320 seconds
2023-04-25T18:11:06.932+0530: 145.998: Total time for which application threads were stopped: 0.0002272 seconds, Stopping threads took: 0.0000938 seconds
2023-04-25T18:29:33.179+0530: 488.264: Total time for which application threads were stopped: 0.0000898 seconds, Stopping threads took: 0.0000329 seconds
2023-04-25T18:29:33.181+0530: 488.267: Total time for which application threads were stopped: 0.0000647 seconds, Stopping threads took: 0.0000154 seconds
2023-04-25T18:29:33.181+0530: 488.267: Total time for which application threads were stopped: 0.0000394 seconds, Stopping threads took: 0.0000092 seconds
2023-04-25T18:29:33.183+0530: 488.268: Total time for which application threads were stopped: 0.0001389 seconds, Stopping threads took: 0.0000960 seconds
2023-04-25T18:29:33.183+0530: 488.268: Total time for which application threads were stopped: 0.0000823 seconds, Stopping threads took: 0.0000397 seconds
2023-04-25T18:29:33.205+0530: 488.291: Total time for which application threads were stopped: 0.0000636 seconds, Stopping threads took: 0.0000155 seconds
2023-04-25T18:29:34.206+0530: 489.291: Total time for which application threads were stopped: 0.0001952 seconds, Stopping threads took: 0.0000507 seconds
2023-04-25T18:29:36.831+0530: 491.917: Total time for which application threads were stopped: 0.0001024 seconds, Stopping threads took: 0.0000424 seconds
2023-04-25T18:29:36.840+0530: 491.926: Total time for which application threads were stopped: 0.0000980 seconds, Stopping threads took: 0.0000173 seconds
Heap
 par new generation   total 109248K, used 33695K [0x00000000e0000000, 0x00000000e8000000, 0x00000000e8000000)
  eden space 87424K,  13% used [0x00000000e0000000, 0x00000000e0b97fd0, 0x00000000e5560000)
  from space 21824K, 100% used [0x00000000e6ab0000, 0x00000000e8000000, 0x00000000e8000000)
  to   space 21824K,   0% used [0x00000000e5560000, 0x00000000e5560000, 0x00000000e6ab0000)
 concurrent mark-sweep generation total 393216K, used 34K [0x00000000e8000000, 0x0000000100000000, 0x0000000100000000)
 Metaspace       used 34673K, capacity 35102K, committed 35660K, reserved 1081344K
  class space    used 4206K, capacity 4371K, committed 4428K, reserved 1048576K
