OpenJDK 64-Bit Server VM (25.362-b09) for linux-amd64 JRE (1.8.0_362-8u362-ga-0ubuntu1~22.04-b09), built on Jan 24 2023 19:02:58 by "buildd" with gcc 11.3.0
Memory: 4k page, physical 32636936k(22655824k free), swap 2097148k(2097148k free)
CommandLine flags: -XX:CMSInitiatingOccupancyFraction=50 -XX:CMSMaxAbortablePrecleanTime=6000 -XX:+CMSParallelRemarkEnabled -XX:+CMSScavengeBeforeRemark -XX:ConcGCThreads=4 -XX:InitialHeapSize=536870912 -XX:MaxHeapSize=536870912 -XX:MaxTenuringThreshold=8 -XX:NewRatio=3 -XX:OldPLABSize=16 -XX:ParallelGCThreads=4 -XX:+ParallelRefProcEnabled -XX:PretenureSizeThreshold=67108864 -XX:+PrintGC -XX:+PrintGCApplicationStoppedTime -XX:+PrintGCDateStamps -XX:+PrintGCDetails -XX:+PrintGCTimeStamps -XX:+PrintHeapAtGC -XX:+PrintTenuringDistribution -XX:SurvivorRatio=4 -XX:TargetSurvivorRatio=90 -XX:ThreadStackSize=256 -XX:+UseCMSInitiatingOccupancyOnly -XX:+UseCompressedClassPointers -XX:+UseCompressedOops -XX:+UseConcMarkSweepGC -XX:+UseParNewGC 
2023-04-25T18:48:56.135+0530: 0.078: Total time for which application threads were stopped: 0.0000769 seconds, Stopping threads took: 0.0000128 seconds
2023-04-25T18:48:56.251+0530: 0.194: Total time for which application threads were stopped: 0.0001193 seconds, Stopping threads took: 0.0000239 seconds
2023-04-25T18:48:56.305+0530: 0.248: Total time for which application threads were stopped: 0.0001214 seconds, Stopping threads took: 0.0000141 seconds
2023-04-25T18:48:56.364+0530: 0.307: Total time for which application threads were stopped: 0.0001202 seconds, Stopping threads took: 0.0000098 seconds
2023-04-25T18:48:56.394+0530: 0.337: Total time for which application threads were stopped: 0.0001730 seconds, Stopping threads took: 0.0000307 seconds
2023-04-25T18:48:56.404+0530: 0.347: Total time for which application threads were stopped: 0.0001975 seconds, Stopping threads took: 0.0000367 seconds
2023-04-25T18:48:56.412+0530: 0.355: Total time for which application threads were stopped: 0.0001451 seconds, Stopping threads took: 0.0000165 seconds
{Heap before GC invocations=0 (full 0):
 par new generation   total 109248K, used 87424K [0x00000000e0000000, 0x00000000e8000000, 0x00000000e8000000)
  eden space 87424K, 100% used [0x00000000e0000000, 0x00000000e5560000, 0x00000000e5560000)
  from space 21824K,   0% used [0x00000000e5560000, 0x00000000e5560000, 0x00000000e6ab0000)
  to   space 21824K,   0% used [0x00000000e6ab0000, 0x00000000e6ab0000, 0x00000000e8000000)
 concurrent mark-sweep generation total 393216K, used 0K [0x00000000e8000000, 0x0000000100000000, 0x0000000100000000)
 Metaspace       used 10233K, capacity 10398K, committed 10496K, reserved 1058816K
  class space    used 1150K, capacity 1209K, committed 1280K, reserved 1048576K
2023-04-25T18:48:56.551+0530: 0.493: [GC (Allocation Failure) 2023-04-25T18:48:56.551+0530: 0.494: [ParNew
Desired survivor size 20112992 bytes, new threshold 8 (max 8)
- age   1:    5862160 bytes,    5862160 total
: 87424K->5797K(109248K), 0.0044035 secs] 87424K->5797K(502464K), 0.0045134 secs] [Times: user=0.02 sys=0.01, real=0.01 secs] 
Heap after GC invocations=1 (full 0):
 par new generation   total 109248K, used 5797K [0x00000000e0000000, 0x00000000e8000000, 0x00000000e8000000)
  eden space 87424K,   0% used [0x00000000e0000000, 0x00000000e0000000, 0x00000000e5560000)
  from space 21824K,  26% used [0x00000000e6ab0000, 0x00000000e7059410, 0x00000000e8000000)
  to   space 21824K,   0% used [0x00000000e5560000, 0x00000000e5560000, 0x00000000e6ab0000)
 concurrent mark-sweep generation total 393216K, used 0K [0x00000000e8000000, 0x0000000100000000, 0x0000000100000000)
 Metaspace       used 10233K, capacity 10398K, committed 10496K, reserved 1058816K
  class space    used 1150K, capacity 1209K, committed 1280K, reserved 1048576K
}
2023-04-25T18:48:56.555+0530: 0.498: Total time for which application threads were stopped: 0.0046513 seconds, Stopping threads took: 0.0000199 seconds
2023-04-25T18:48:56.602+0530: 0.545: Total time for which application threads were stopped: 0.0001899 seconds, Stopping threads took: 0.0000166 seconds
2023-04-25T18:48:56.638+0530: 0.581: Total time for which application threads were stopped: 0.0002215 seconds, Stopping threads took: 0.0000114 seconds
2023-04-25T18:48:56.723+0530: 0.666: Total time for which application threads were stopped: 0.0002165 seconds, Stopping threads took: 0.0000135 seconds
2023-04-25T18:48:56.748+0530: 0.691: Total time for which application threads were stopped: 0.0002619 seconds, Stopping threads took: 0.0000304 seconds
2023-04-25T18:48:56.787+0530: 0.730: Total time for which application threads were stopped: 0.0002216 seconds, Stopping threads took: 0.0000179 seconds
2023-04-25T18:48:56.787+0530: 0.730: Total time for which application threads were stopped: 0.0001651 seconds, Stopping threads took: 0.0000111 seconds
2023-04-25T18:48:56.834+0530: 0.777: Total time for which application threads were stopped: 0.0002508 seconds, Stopping threads took: 0.0000168 seconds
2023-04-25T18:48:56.886+0530: 0.829: Total time for which application threads were stopped: 0.0002816 seconds, Stopping threads took: 0.0000969 seconds
{Heap before GC invocations=1 (full 0):
 par new generation   total 109248K, used 93221K [0x00000000e0000000, 0x00000000e8000000, 0x00000000e8000000)
  eden space 87424K, 100% used [0x00000000e0000000, 0x00000000e5560000, 0x00000000e5560000)
  from space 21824K,  26% used [0x00000000e6ab0000, 0x00000000e7059410, 0x00000000e8000000)
  to   space 21824K,   0% used [0x00000000e5560000, 0x00000000e5560000, 0x00000000e6ab0000)
 concurrent mark-sweep generation total 393216K, used 0K [0x00000000e8000000, 0x0000000100000000, 0x0000000100000000)
 Metaspace       used 19973K, capacity 20306K, committed 20736K, reserved 1067008K
  class space    used 2319K, capacity 2461K, committed 2560K, reserved 1048576K
2023-04-25T18:48:57.049+0530: 0.992: [GC (Allocation Failure) 2023-04-25T18:48:57.049+0530: 0.992: [ParNew
Desired survivor size 20112992 bytes, new threshold 8 (max 8)
- age   1:    8930632 bytes,    8930632 total
- age   2:    2559456 bytes,   11490088 total
: 93221K->13691K(109248K), 0.0078367 secs] 93221K->13691K(502464K), 0.0079262 secs] [Times: user=0.02 sys=0.00, real=0.01 secs] 
Heap after GC invocations=2 (full 0):
 par new generation   total 109248K, used 13691K [0x00000000e0000000, 0x00000000e8000000, 0x00000000e8000000)
  eden space 87424K,   0% used [0x00000000e0000000, 0x00000000e0000000, 0x00000000e5560000)
  from space 21824K,  62% used [0x00000000e5560000, 0x00000000e62bec10, 0x00000000e6ab0000)
  to   space 21824K,   0% used [0x00000000e6ab0000, 0x00000000e6ab0000, 0x00000000e8000000)
 concurrent mark-sweep generation total 393216K, used 0K [0x00000000e8000000, 0x0000000100000000, 0x0000000100000000)
 Metaspace       used 19973K, capacity 20306K, committed 20736K, reserved 1067008K
  class space    used 2319K, capacity 2461K, committed 2560K, reserved 1048576K
}
2023-04-25T18:48:57.057+0530: 1.000: Total time for which application threads were stopped: 0.0081278 seconds, Stopping threads took: 0.0000233 seconds
2023-04-25T18:48:57.100+0530: 1.043: Total time for which application threads were stopped: 0.0002909 seconds, Stopping threads took: 0.0000197 seconds
2023-04-25T18:48:57.124+0530: 1.067: Total time for which application threads were stopped: 0.0003192 seconds, Stopping threads took: 0.0000293 seconds
2023-04-25T18:48:57.139+0530: 1.082: Total time for which application threads were stopped: 0.0002748 seconds, Stopping threads took: 0.0000328 seconds
2023-04-25T18:48:57.180+0530: 1.123: Total time for which application threads were stopped: 0.0000955 seconds, Stopping threads took: 0.0000152 seconds
2023-04-25T18:48:57.205+0530: 1.148: Total time for which application threads were stopped: 0.0001237 seconds, Stopping threads took: 0.0000463 seconds
2023-04-25T18:48:57.209+0530: 1.152: Total time for which application threads were stopped: 0.0002625 seconds, Stopping threads took: 0.0000186 seconds
2023-04-25T18:48:57.253+0530: 1.196: Total time for which application threads were stopped: 0.0000812 seconds, Stopping threads took: 0.0000278 seconds
{Heap before GC invocations=2 (full 0):
 par new generation   total 109248K, used 101115K [0x00000000e0000000, 0x00000000e8000000, 0x00000000e8000000)
  eden space 87424K, 100% used [0x00000000e0000000, 0x00000000e5560000, 0x00000000e5560000)
  from space 21824K,  62% used [0x00000000e5560000, 0x00000000e62bec10, 0x00000000e6ab0000)
  to   space 21824K,   0% used [0x00000000e6ab0000, 0x00000000e6ab0000, 0x00000000e8000000)
 concurrent mark-sweep generation total 393216K, used 0K [0x00000000e8000000, 0x0000000100000000, 0x0000000100000000)
 Metaspace       used 21403K, capacity 21784K, committed 22216K, reserved 1069056K
  class space    used 2483K, capacity 2590K, committed 2636K, reserved 1048576K
2023-04-25T18:48:57.256+0530: 1.199: [GC (Allocation Failure) 2023-04-25T18:48:57.256+0530: 1.199: [ParNew
Desired survivor size 20112992 bytes, new threshold 8 (max 8)
- age   1:    1991968 bytes,    1991968 total
- age   2:    3874160 bytes,    5866128 total
- age   3:    2529976 bytes,    8396104 total
: 101115K->11741K(109248K), 0.0065150 secs] 101115K->11741K(502464K), 0.0065879 secs] [Times: user=0.02 sys=0.00, real=0.01 secs] 
Heap after GC invocations=3 (full 0):
 par new generation   total 109248K, used 11741K [0x00000000e0000000, 0x00000000e8000000, 0x00000000e8000000)
  eden space 87424K,   0% used [0x00000000e0000000, 0x00000000e0000000, 0x00000000e5560000)
  from space 21824K,  53% used [0x00000000e6ab0000, 0x00000000e76277a8, 0x00000000e8000000)
  to   space 21824K,   0% used [0x00000000e5560000, 0x00000000e5560000, 0x00000000e6ab0000)
 concurrent mark-sweep generation total 393216K, used 0K [0x00000000e8000000, 0x0000000100000000, 0x0000000100000000)
 Metaspace       used 21403K, capacity 21784K, committed 22216K, reserved 1069056K
  class space    used 2483K, capacity 2590K, committed 2636K, reserved 1048576K
}
2023-04-25T18:48:57.263+0530: 1.206: Total time for which application threads were stopped: 0.0067096 seconds, Stopping threads took: 0.0000176 seconds
2023-04-25T18:48:57.263+0530: 1.206: [GC (CMS Initial Mark) [1 CMS-initial-mark: 0K(393216K)] 12713K(502464K), 0.0019489 secs] [Times: user=0.01 sys=0.00, real=0.00 secs] 
2023-04-25T18:48:57.265+0530: 1.208: Total time for which application threads were stopped: 0.0020738 seconds, Stopping threads took: 0.0000304 seconds
2023-04-25T18:48:57.265+0530: 1.208: [CMS-concurrent-mark-start]
2023-04-25T18:48:57.265+0530: 1.208: [CMS-concurrent-mark: 0.000/0.000 secs] [Times: user=0.00 sys=0.00, real=0.00 secs] 
2023-04-25T18:48:57.265+0530: 1.208: [CMS-concurrent-preclean-start]
2023-04-25T18:48:57.266+0530: 1.209: [CMS-concurrent-preclean: 0.001/0.001 secs] [Times: user=0.00 sys=0.00, real=0.00 secs] 
2023-04-25T18:48:57.266+0530: 1.209: [GC (CMS Final Remark) [YG occupancy: 12713 K (109248 K)]{Heap before GC invocations=3 (full 1):
 par new generation   total 109248K, used 12713K [0x00000000e0000000, 0x00000000e8000000, 0x00000000e8000000)
  eden space 87424K,   1% used [0x00000000e0000000, 0x00000000e00f2db0, 0x00000000e5560000)
  from space 21824K,  53% used [0x00000000e6ab0000, 0x00000000e76277a8, 0x00000000e8000000)
  to   space 21824K,   0% used [0x00000000e5560000, 0x00000000e5560000, 0x00000000e6ab0000)
 concurrent mark-sweep generation total 393216K, used 0K [0x00000000e8000000, 0x0000000100000000, 0x0000000100000000)
 Metaspace       used 21404K, capacity 21784K, committed 22216K, reserved 1069056K
  class space    used 2484K, capacity 2590K, committed 2636K, reserved 1048576K
2023-04-25T18:48:57.266+0530: 1.209: [GC (CMS Final Remark) 2023-04-25T18:48:57.266+0530: 1.209: [ParNew
Desired survivor size 20112992 bytes, new threshold 8 (max 8)
- age   1:     495928 bytes,     495928 total
- age   2:    1040304 bytes,    1536232 total
- age   3:    3848008 bytes,    5384240 total
- age   4:    2529888 bytes,    7914128 total
: 12713K->9490K(109248K), 0.0054592 secs] 12713K->9490K(502464K), 0.0054965 secs] [Times: user=0.02 sys=0.00, real=0.00 secs] 
Heap after GC invocations=4 (full 1):
 par new generation   total 109248K, used 9490K [0x00000000e0000000, 0x00000000e8000000, 0x00000000e8000000)
  eden space 87424K,   0% used [0x00000000e0000000, 0x00000000e0000000, 0x00000000e5560000)
  from space 21824K,  43% used [0x00000000e5560000, 0x00000000e5ea4970, 0x00000000e6ab0000)
  to   space 21824K,   0% used [0x00000000e6ab0000, 0x00000000e6ab0000, 0x00000000e8000000)
 concurrent mark-sweep generation total 393216K, used 0K [0x00000000e8000000, 0x0000000100000000, 0x0000000100000000)
 Metaspace       used 21404K, capacity 21784K, committed 22216K, reserved 1069056K
  class space    used 2484K, capacity 2590K, committed 2636K, reserved 1048576K
}
2023-04-25T18:48:57.272+0530: 1.215: [Rescan (parallel) , 0.0015638 secs]2023-04-25T18:48:57.274+0530: 1.216: [weak refs processing, 0.0003609 secs]2023-04-25T18:48:57.274+0530: 1.217: [class unloading, 0.0022287 secs]2023-04-25T18:48:57.276+0530: 1.219: [scrub symbol table, 0.0016643 secs]2023-04-25T18:48:57.278+0530: 1.221: [scrub string table, 0.0003240 secs][1 CMS-remark: 0K(393216K)] 9490K(502464K), 0.0122958 secs] [Times: user=0.03 sys=0.00, real=0.01 secs] 
2023-04-25T18:48:57.279+0530: 1.222: Total time for which application threads were stopped: 0.0125120 seconds, Stopping threads took: 0.0001354 seconds
2023-04-25T18:48:57.279+0530: 1.222: [CMS-concurrent-sweep-start]
2023-04-25T18:48:57.279+0530: 1.222: [CMS-concurrent-sweep: 0.000/0.000 secs] [Times: user=0.00 sys=0.00, real=0.00 secs] 
2023-04-25T18:48:57.279+0530: 1.222: [CMS-concurrent-reset-start]
2023-04-25T18:48:57.281+0530: 1.224: [CMS-concurrent-reset: 0.002/0.002 secs] [Times: user=0.01 sys=0.01, real=0.01 secs] 
{Heap before GC invocations=4 (full 1):
 par new generation   total 109248K, used 96914K [0x00000000e0000000, 0x00000000e8000000, 0x00000000e8000000)
  eden space 87424K, 100% used [0x00000000e0000000, 0x00000000e5560000, 0x00000000e5560000)
  from space 21824K,  43% used [0x00000000e5560000, 0x00000000e5ea4970, 0x00000000e6ab0000)
  to   space 21824K,   0% used [0x00000000e6ab0000, 0x00000000e6ab0000, 0x00000000e8000000)
 concurrent mark-sweep generation total 393216K, used 0K [0x00000000e8000000, 0x0000000100000000, 0x0000000100000000)
 Metaspace       used 22294K, capacity 22674K, committed 22856K, reserved 1069056K
  class space    used 2608K, capacity 2755K, committed 2764K, reserved 1048576K
2023-04-25T18:48:57.393+0530: 1.336: [GC (Allocation Failure) 2023-04-25T18:48:57.393+0530: 1.336: [ParNew
Desired survivor size 20112992 bytes, new threshold 8 (max 8)
- age   1:     946968 bytes,     946968 total
- age   2:       1640 bytes,     948608 total
- age   3:    1019984 bytes,    1968592 total
- age   4:    3843600 bytes,    5812192 total
- age   5:    2529640 bytes,    8341832 total
: 96914K->12516K(109248K), 0.0062014 secs] 96914K->12516K(502464K), 0.0062657 secs] [Times: user=0.02 sys=0.00, real=0.00 secs] 
Heap after GC invocations=5 (full 1):
 par new generation   total 109248K, used 12516K [0x00000000e0000000, 0x00000000e8000000, 0x00000000e8000000)
  eden space 87424K,   0% used [0x00000000e0000000, 0x00000000e0000000, 0x00000000e5560000)
  from space 21824K,  57% used [0x00000000e6ab0000, 0x00000000e76e9070, 0x00000000e8000000)
  to   space 21824K,   0% used [0x00000000e5560000, 0x00000000e5560000, 0x00000000e6ab0000)
 concurrent mark-sweep generation total 393216K, used 0K [0x00000000e8000000, 0x0000000100000000, 0x0000000100000000)
 Metaspace       used 22294K, capacity 22674K, committed 22856K, reserved 1069056K
  class space    used 2608K, capacity 2755K, committed 2764K, reserved 1048576K
}
2023-04-25T18:48:57.400+0530: 1.343: Total time for which application threads were stopped: 0.0063984 seconds, Stopping threads took: 0.0000268 seconds
2023-04-25T18:48:57.447+0530: 1.390: Total time for which application threads were stopped: 0.0003521 seconds, Stopping threads took: 0.0000453 seconds
2023-04-25T18:48:57.598+0530: 1.541: Total time for which application threads were stopped: 0.0003726 seconds, Stopping threads took: 0.0000132 seconds
2023-04-25T18:48:57.605+0530: 1.548: Total time for which application threads were stopped: 0.0002951 seconds, Stopping threads took: 0.0000122 seconds
2023-04-25T18:48:57.768+0530: 1.711: Total time for which application threads were stopped: 0.0002916 seconds, Stopping threads took: 0.0000123 seconds
{Heap before GC invocations=5 (full 1):
 par new generation   total 109248K, used 99940K [0x00000000e0000000, 0x00000000e8000000, 0x00000000e8000000)
  eden space 87424K, 100% used [0x00000000e0000000, 0x00000000e5560000, 0x00000000e5560000)
  from space 21824K,  57% used [0x00000000e6ab0000, 0x00000000e76e9070, 0x00000000e8000000)
  to   space 21824K,   0% used [0x00000000e5560000, 0x00000000e5560000, 0x00000000e6ab0000)
 concurrent mark-sweep generation total 393216K, used 0K [0x00000000e8000000, 0x0000000100000000, 0x0000000100000000)
 Metaspace       used 28192K, capacity 28590K, committed 29132K, reserved 1075200K
  class space    used 3314K, capacity 3473K, committed 3532K, reserved 1048576K
2023-04-25T18:48:57.848+0530: 1.790: [GC (Allocation Failure) 2023-04-25T18:48:57.848+0530: 1.790: [ParNew
Desired survivor size 20112992 bytes, new threshold 8 (max 8)
- age   1:    8474296 bytes,    8474296 total
- age   2:     158688 bytes,    8632984 total
- age   3:        624 bytes,    8633608 total
- age   4:     280528 bytes,    8914136 total
- age   5:    3831440 bytes,   12745576 total
- age   6:    2530552 bytes,   15276128 total
: 99940K->17210K(109248K), 0.0096517 secs] 99940K->17210K(502464K), 0.0097302 secs] [Times: user=0.04 sys=0.00, real=0.01 secs] 
Heap after GC invocations=6 (full 1):
 par new generation   total 109248K, used 17210K [0x00000000e0000000, 0x00000000e8000000, 0x00000000e8000000)
  eden space 87424K,   0% used [0x00000000e0000000, 0x00000000e0000000, 0x00000000e5560000)
  from space 21824K,  78% used [0x00000000e5560000, 0x00000000e662eab0, 0x00000000e6ab0000)
  to   space 21824K,   0% used [0x00000000e6ab0000, 0x00000000e6ab0000, 0x00000000e8000000)
 concurrent mark-sweep generation total 393216K, used 0K [0x00000000e8000000, 0x0000000100000000, 0x0000000100000000)
 Metaspace       used 28192K, capacity 28590K, committed 29132K, reserved 1075200K
  class space    used 3314K, capacity 3473K, committed 3532K, reserved 1048576K
}
2023-04-25T18:48:57.857+0530: 1.800: Total time for which application threads were stopped: 0.0098706 seconds, Stopping threads took: 0.0000145 seconds
2023-04-25T18:48:57.926+0530: 1.869: Total time for which application threads were stopped: 0.0003714 seconds, Stopping threads took: 0.0000197 seconds
2023-04-25T18:48:58.926+0530: 2.869: Total time for which application threads were stopped: 0.0001973 seconds, Stopping threads took: 0.0000423 seconds
2023-04-25T18:49:00.099+0530: 4.042: Total time for which application threads were stopped: 0.0008092 seconds, Stopping threads took: 0.0000481 seconds
2023-04-25T18:49:00.810+0530: 4.753: Total time for which application threads were stopped: 0.0000666 seconds, Stopping threads took: 0.0000159 seconds
2023-04-25T18:49:00.811+0530: 4.754: Total time for which application threads were stopped: 0.0001928 seconds, Stopping threads took: 0.0001347 seconds
2023-04-25T18:49:00.813+0530: 4.756: Total time for which application threads were stopped: 0.0000588 seconds, Stopping threads took: 0.0000156 seconds
2023-04-25T18:49:00.832+0530: 4.775: Total time for which application threads were stopped: 0.0003204 seconds, Stopping threads took: 0.0000135 seconds
2023-04-25T18:49:00.841+0530: 4.784: Total time for which application threads were stopped: 0.0000534 seconds, Stopping threads took: 0.0000168 seconds
2023-04-25T18:49:00.845+0530: 4.788: Total time for which application threads were stopped: 0.0000494 seconds, Stopping threads took: 0.0000151 seconds
2023-04-25T18:49:00.846+0530: 4.789: Total time for which application threads were stopped: 0.0000282 seconds, Stopping threads took: 0.0000080 seconds
2023-04-25T18:49:00.859+0530: 4.802: Total time for which application threads were stopped: 0.0000545 seconds, Stopping threads took: 0.0000159 seconds
2023-04-25T18:49:01.038+0530: 4.981: Total time for which application threads were stopped: 0.0003205 seconds, Stopping threads took: 0.0000185 seconds
2023-04-25T18:49:01.039+0530: 4.982: Total time for which application threads were stopped: 0.0002781 seconds, Stopping threads took: 0.0002468 seconds
2023-04-25T18:49:01.039+0530: 4.982: Total time for which application threads were stopped: 0.0000323 seconds, Stopping threads took: 0.0000080 seconds
2023-04-25T18:49:01.039+0530: 4.982: Total time for which application threads were stopped: 0.0000297 seconds, Stopping threads took: 0.0000076 seconds
2023-04-25T18:49:01.039+0530: 4.982: Total time for which application threads were stopped: 0.0000289 seconds, Stopping threads took: 0.0000071 seconds
2023-04-25T18:49:01.039+0530: 4.982: Total time for which application threads were stopped: 0.0000262 seconds, Stopping threads took: 0.0000058 seconds
2023-04-25T18:49:01.041+0530: 4.984: Total time for which application threads were stopped: 0.0000668 seconds, Stopping threads took: 0.0000265 seconds
2023-04-25T18:49:01.041+0530: 4.984: Total time for which application threads were stopped: 0.0001410 seconds, Stopping threads took: 0.0000985 seconds
2023-04-25T18:49:01.041+0530: 4.984: Total time for which application threads were stopped: 0.0001337 seconds, Stopping threads took: 0.0001026 seconds
2023-04-25T18:49:01.041+0530: 4.984: Total time for which application threads were stopped: 0.0000695 seconds, Stopping threads took: 0.0000230 seconds
2023-04-25T18:49:01.041+0530: 4.984: Total time for which application threads were stopped: 0.0000637 seconds, Stopping threads took: 0.0000207 seconds
2023-04-25T18:49:01.042+0530: 4.984: Total time for which application threads were stopped: 0.0000505 seconds, Stopping threads took: 0.0000246 seconds
2023-04-25T18:49:02.042+0530: 5.985: Total time for which application threads were stopped: 0.0000657 seconds, Stopping threads took: 0.0000178 seconds
2023-04-25T18:49:02.086+0530: 6.029: Total time for which application threads were stopped: 0.0000572 seconds, Stopping threads took: 0.0000134 seconds
2023-04-25T18:49:02.086+0530: 6.029: Total time for which application threads were stopped: 0.0000739 seconds, Stopping threads took: 0.0000249 seconds
2023-04-25T18:49:02.096+0530: 6.039: Total time for which application threads were stopped: 0.0000447 seconds, Stopping threads took: 0.0000126 seconds
2023-04-25T18:49:02.096+0530: 6.039: Total time for which application threads were stopped: 0.0000933 seconds, Stopping threads took: 0.0000659 seconds
2023-04-25T18:49:02.096+0530: 6.039: Total time for which application threads were stopped: 0.0000218 seconds, Stopping threads took: 0.0000048 seconds
2023-04-25T18:49:02.097+0530: 6.040: Total time for which application threads were stopped: 0.0000387 seconds, Stopping threads took: 0.0000103 seconds
2023-04-25T18:49:02.097+0530: 6.040: Total time for which application threads were stopped: 0.0000246 seconds, Stopping threads took: 0.0000049 seconds
2023-04-25T18:49:02.097+0530: 6.040: Total time for which application threads were stopped: 0.0000607 seconds, Stopping threads took: 0.0000336 seconds
2023-04-25T18:49:02.098+0530: 6.041: Total time for which application threads were stopped: 0.0001351 seconds, Stopping threads took: 0.0000048 seconds
2023-04-25T18:49:02.098+0530: 6.041: Total time for which application threads were stopped: 0.0000449 seconds, Stopping threads took: 0.0000209 seconds
2023-04-25T18:49:02.098+0530: 6.041: Total time for which application threads were stopped: 0.0000341 seconds, Stopping threads took: 0.0000162 seconds
2023-04-25T18:49:02.099+0530: 6.042: Total time for which application threads were stopped: 0.0000354 seconds, Stopping threads took: 0.0000082 seconds
2023-04-25T18:49:02.099+0530: 6.042: Total time for which application threads were stopped: 0.0000299 seconds, Stopping threads took: 0.0000075 seconds
2023-04-25T18:49:02.099+0530: 6.042: Total time for which application threads were stopped: 0.0000397 seconds, Stopping threads took: 0.0000191 seconds
2023-04-25T18:49:02.099+0530: 6.042: Total time for which application threads were stopped: 0.0000529 seconds, Stopping threads took: 0.0000065 seconds
2023-04-25T18:49:02.099+0530: 6.042: Total time for which application threads were stopped: 0.0000267 seconds, Stopping threads took: 0.0000065 seconds
2023-04-25T18:49:02.101+0530: 6.044: Total time for which application threads were stopped: 0.0001233 seconds, Stopping threads took: 0.0000421 seconds
2023-04-25T18:49:02.101+0530: 6.044: Total time for which application threads were stopped: 0.0001245 seconds, Stopping threads took: 0.0000675 seconds
2023-04-25T18:49:02.101+0530: 6.044: Total time for which application threads were stopped: 0.0000852 seconds, Stopping threads took: 0.0000262 seconds
2023-04-25T18:49:02.101+0530: 6.044: Total time for which application threads were stopped: 0.0001423 seconds, Stopping threads took: 0.0000990 seconds
2023-04-25T18:49:02.101+0530: 6.044: Total time for which application threads were stopped: 0.0000496 seconds, Stopping threads took: 0.0000200 seconds
2023-04-25T18:49:02.120+0530: 6.062: Total time for which application threads were stopped: 0.0000550 seconds, Stopping threads took: 0.0000160 seconds
2023-04-25T18:49:02.122+0530: 6.065: Total time for which application threads were stopped: 0.0000499 seconds, Stopping threads took: 0.0000131 seconds
2023-04-25T18:49:02.122+0530: 6.065: Total time for which application threads were stopped: 0.0000298 seconds, Stopping threads took: 0.0000065 seconds
2023-04-25T18:49:02.123+0530: 6.066: Total time for which application threads were stopped: 0.0000898 seconds, Stopping threads took: 0.0000459 seconds
2023-04-25T18:49:02.127+0530: 6.069: Total time for which application threads were stopped: 0.0000673 seconds, Stopping threads took: 0.0000265 seconds
2023-04-25T18:49:02.127+0530: 6.070: Total time for which application threads were stopped: 0.0000614 seconds, Stopping threads took: 0.0000286 seconds
2023-04-25T18:49:03.826+0530: 7.769: Total time for which application threads were stopped: 0.0001289 seconds, Stopping threads took: 0.0000268 seconds
2023-04-25T18:49:03.826+0530: 7.769: Total time for which application threads were stopped: 0.0000626 seconds, Stopping threads took: 0.0000152 seconds
2023-04-25T18:49:03.830+0530: 7.773: Total time for which application threads were stopped: 0.0002033 seconds, Stopping threads took: 0.0001074 seconds
2023-04-25T18:49:03.831+0530: 7.774: Total time for which application threads were stopped: 0.0002416 seconds, Stopping threads took: 0.0001841 seconds
2023-04-25T18:49:03.843+0530: 7.786: Total time for which application threads were stopped: 0.0000654 seconds, Stopping threads took: 0.0000163 seconds
2023-04-25T18:49:03.844+0530: 7.787: Total time for which application threads were stopped: 0.0000528 seconds, Stopping threads took: 0.0000240 seconds
2023-04-25T18:49:03.844+0530: 7.787: Total time for which application threads were stopped: 0.0000666 seconds, Stopping threads took: 0.0000280 seconds
2023-04-25T18:49:03.845+0530: 7.788: Total time for which application threads were stopped: 0.0001482 seconds, Stopping threads took: 0.0000848 seconds
2023-04-25T18:49:03.846+0530: 7.789: Total time for which application threads were stopped: 0.0000822 seconds, Stopping threads took: 0.0000360 seconds
2023-04-25T18:49:03.846+0530: 7.789: Total time for which application threads were stopped: 0.0000520 seconds, Stopping threads took: 0.0000176 seconds
2023-04-25T18:49:03.846+0530: 7.789: Total time for which application threads were stopped: 0.0000723 seconds, Stopping threads took: 0.0000354 seconds
2023-04-25T18:49:03.846+0530: 7.789: Total time for which application threads were stopped: 0.0001316 seconds, Stopping threads took: 0.0000727 seconds
2023-04-25T18:49:03.847+0530: 7.790: Total time for which application threads were stopped: 0.0001023 seconds, Stopping threads took: 0.0000449 seconds
2023-04-25T18:49:03.847+0530: 7.790: Total time for which application threads were stopped: 0.0001657 seconds, Stopping threads took: 0.0000502 seconds
2023-04-25T18:49:03.847+0530: 7.790: Total time for which application threads were stopped: 0.0000742 seconds, Stopping threads took: 0.0000384 seconds
2023-04-25T18:49:03.847+0530: 7.790: Total time for which application threads were stopped: 0.0000660 seconds, Stopping threads took: 0.0000348 seconds
2023-04-25T18:49:03.848+0530: 7.791: Total time for which application threads were stopped: 0.0000795 seconds, Stopping threads took: 0.0000361 seconds
2023-04-25T18:49:03.848+0530: 7.791: Total time for which application threads were stopped: 0.0000911 seconds, Stopping threads took: 0.0000511 seconds
2023-04-25T18:49:03.848+0530: 7.791: Total time for which application threads were stopped: 0.0000599 seconds, Stopping threads took: 0.0000291 seconds
2023-04-25T18:49:03.848+0530: 7.791: Total time for which application threads were stopped: 0.0000625 seconds, Stopping threads took: 0.0000252 seconds
2023-04-25T18:49:03.851+0530: 7.794: Total time for which application threads were stopped: 0.0000996 seconds, Stopping threads took: 0.0000366 seconds
2023-04-25T18:49:03.851+0530: 7.794: Total time for which application threads were stopped: 0.0000669 seconds, Stopping threads took: 0.0000304 seconds
2023-04-25T18:49:03.853+0530: 7.796: Total time for which application threads were stopped: 0.0001326 seconds, Stopping threads took: 0.0000579 seconds
2023-04-25T18:49:03.853+0530: 7.796: Total time for which application threads were stopped: 0.0000709 seconds, Stopping threads took: 0.0000239 seconds
2023-04-25T18:49:04.853+0530: 8.796: Total time for which application threads were stopped: 0.0003413 seconds, Stopping threads took: 0.0000601 seconds
2023-04-25T18:49:06.512+0530: 10.455: Total time for which application threads were stopped: 0.0002256 seconds, Stopping threads took: 0.0001285 seconds
2023-04-25T18:49:07.513+0530: 11.456: Total time for which application threads were stopped: 0.0001809 seconds, Stopping threads took: 0.0000485 seconds
2023-04-25T18:49:14.514+0530: 18.457: Total time for which application threads were stopped: 0.0002214 seconds, Stopping threads took: 0.0000608 seconds
2023-04-25T18:49:16.515+0530: 20.458: Total time for which application threads were stopped: 0.0001844 seconds, Stopping threads took: 0.0000495 seconds
2023-04-25T18:50:00.342+0530: 64.285: Total time for which application threads were stopped: 0.0000916 seconds, Stopping threads took: 0.0000372 seconds
2023-04-25T18:50:03.853+0530: 67.796: Total time for which application threads were stopped: 0.0002324 seconds, Stopping threads took: 0.0000980 seconds
2023-04-25T18:52:23.053+0530: 206.996: Total time for which application threads were stopped: 0.0003847 seconds, Stopping threads took: 0.0001888 seconds
2023-04-25T18:52:23.072+0530: 207.014: Total time for which application threads were stopped: 0.0001876 seconds, Stopping threads took: 0.0000442 seconds
2023-04-25T18:52:33.073+0530: 217.016: Total time for which application threads were stopped: 0.0001908 seconds, Stopping threads took: 0.0000456 seconds
2023-04-25T18:52:40.075+0530: 224.017: Total time for which application threads were stopped: 0.0002267 seconds, Stopping threads took: 0.0000936 seconds
2023-04-25T18:52:42.075+0530: 226.018: Total time for which application threads were stopped: 0.0001936 seconds, Stopping threads took: 0.0000515 seconds
2023-04-25T18:52:48.184+0530: 232.127: Total time for which application threads were stopped: 0.0000876 seconds, Stopping threads took: 0.0000228 seconds
2023-04-25T18:53:15.908+0530: 259.851: Total time for which application threads were stopped: 0.0000863 seconds, Stopping threads took: 0.0000128 seconds
2023-04-25T18:53:15.911+0530: 259.854: Total time for which application threads were stopped: 0.0000811 seconds, Stopping threads took: 0.0000177 seconds
2023-04-25T18:53:15.920+0530: 259.863: Total time for which application threads were stopped: 0.0000646 seconds, Stopping threads took: 0.0000108 seconds
Heap
 par new generation   total 109248K, used 63263K [0x00000000e0000000, 0x00000000e8000000, 0x00000000e8000000)
  eden space 87424K,  52% used [0x00000000e0000000, 0x00000000e2cf92f8, 0x00000000e5560000)
  from space 21824K,  78% used [0x00000000e5560000, 0x00000000e662eab0, 0x00000000e6ab0000)
  to   space 21824K,   0% used [0x00000000e6ab0000, 0x00000000e6ab0000, 0x00000000e8000000)
 concurrent mark-sweep generation total 393216K, used 0K [0x00000000e8000000, 0x0000000100000000, 0x0000000100000000)
 Metaspace       used 32051K, capacity 32530K, committed 32972K, reserved 1079296K
  class space    used 3838K, capacity 4011K, committed 4044K, reserved 1048576K
