OpenJDK 64-Bit Server VM (25.362-b09) for linux-amd64 JRE (1.8.0_362-8u362-ga-0ubuntu1~22.04-b09), built on Jan 24 2023 19:02:58 by "buildd" with gcc 11.3.0
Memory: 4k page, physical 32636936k(23552604k free), swap 2097148k(2097148k free)
CommandLine flags: -XX:CMSInitiatingOccupancyFraction=50 -XX:CMSMaxAbortablePrecleanTime=6000 -XX:+CMSParallelRemarkEnabled -XX:+CMSScavengeBeforeRemark -XX:ConcGCThreads=4 -XX:InitialHeapSize=536870912 -XX:MaxHeapSize=536870912 -XX:MaxTenuringThreshold=8 -XX:NewRatio=3 -XX:OldPLABSize=16 -XX:ParallelGCThreads=4 -XX:+ParallelRefProcEnabled -XX:PretenureSizeThreshold=67108864 -XX:+PrintGC -XX:+PrintGCApplicationStoppedTime -XX:+PrintGCDateStamps -XX:+PrintGCDetails -XX:+PrintGCTimeStamps -XX:+PrintHeapAtGC -XX:+PrintTenuringDistribution -XX:SurvivorRatio=4 -XX:TargetSurvivorRatio=90 -XX:ThreadStackSize=256 -XX:+UseCMSInitiatingOccupancyOnly -XX:+UseCompressedClassPointers -XX:+UseCompressedOops -XX:+UseConcMarkSweepGC -XX:+UseParNewGC 
2023-04-20T15:13:04.370+0530: 0.068: Total time for which application threads were stopped: 0.0000722 seconds, Stopping threads took: 0.0000131 seconds
2023-04-20T15:13:04.465+0530: 0.164: Total time for which application threads were stopped: 0.0001133 seconds, Stopping threads took: 0.0000109 seconds
2023-04-20T15:13:04.512+0530: 0.210: Total time for which application threads were stopped: 0.0001123 seconds, Stopping threads took: 0.0000133 seconds
2023-04-20T15:13:04.558+0530: 0.256: Total time for which application threads were stopped: 0.0001137 seconds, Stopping threads took: 0.0000096 seconds
2023-04-20T15:13:04.583+0530: 0.282: Total time for which application threads were stopped: 0.0001287 seconds, Stopping threads took: 0.0000160 seconds
2023-04-20T15:13:04.590+0530: 0.289: Total time for which application threads were stopped: 0.0001550 seconds, Stopping threads took: 0.0000201 seconds
2023-04-20T15:13:04.596+0530: 0.294: Total time for which application threads were stopped: 0.0001338 seconds, Stopping threads took: 0.0000148 seconds
{Heap before GC invocations=0 (full 0):
 par new generation   total 109248K, used 87424K [0x00000000e0000000, 0x00000000e8000000, 0x00000000e8000000)
  eden space 87424K, 100% used [0x00000000e0000000, 0x00000000e5560000, 0x00000000e5560000)
  from space 21824K,   0% used [0x00000000e5560000, 0x00000000e5560000, 0x00000000e6ab0000)
  to   space 21824K,   0% used [0x00000000e6ab0000, 0x00000000e6ab0000, 0x00000000e8000000)
 concurrent mark-sweep generation total 393216K, used 0K [0x00000000e8000000, 0x0000000100000000, 0x0000000100000000)
 Metaspace       used 10233K, capacity 10396K, committed 10496K, reserved 1058816K
  class space    used 1164K, capacity 1208K, committed 1280K, reserved 1048576K
2023-04-20T15:13:04.708+0530: 0.407: [GC (Allocation Failure) 2023-04-20T15:13:04.708+0530: 0.407: [ParNew
Desired survivor size 20112992 bytes, new threshold 8 (max 8)
- age   1:    5911216 bytes,    5911216 total
: 87424K->5837K(109248K), 0.0042206 secs] 87424K->5837K(502464K), 0.0043121 secs] [Times: user=0.01 sys=0.00, real=0.00 secs] 
Heap after GC invocations=1 (full 0):
 par new generation   total 109248K, used 5837K [0x00000000e0000000, 0x00000000e8000000, 0x00000000e8000000)
  eden space 87424K,   0% used [0x00000000e0000000, 0x00000000e0000000, 0x00000000e5560000)
  from space 21824K,  26% used [0x00000000e6ab0000, 0x00000000e7063548, 0x00000000e8000000)
  to   space 21824K,   0% used [0x00000000e5560000, 0x00000000e5560000, 0x00000000e6ab0000)
 concurrent mark-sweep generation total 393216K, used 0K [0x00000000e8000000, 0x0000000100000000, 0x0000000100000000)
 Metaspace       used 10233K, capacity 10396K, committed 10496K, reserved 1058816K
  class space    used 1164K, capacity 1208K, committed 1280K, reserved 1048576K
}
2023-04-20T15:13:04.713+0530: 0.411: Total time for which application threads were stopped: 0.0044400 seconds, Stopping threads took: 0.0000159 seconds
2023-04-20T15:13:04.745+0530: 0.443: Total time for which application threads were stopped: 0.0001609 seconds, Stopping threads took: 0.0000126 seconds
2023-04-20T15:13:04.769+0530: 0.468: Total time for which application threads were stopped: 0.0001401 seconds, Stopping threads took: 0.0000115 seconds
2023-04-20T15:13:04.849+0530: 0.547: Total time for which application threads were stopped: 0.0001692 seconds, Stopping threads took: 0.0000102 seconds
2023-04-20T15:13:04.870+0530: 0.568: Total time for which application threads were stopped: 0.0001779 seconds, Stopping threads took: 0.0000135 seconds
2023-04-20T15:13:04.894+0530: 0.593: Total time for which application threads were stopped: 0.0001804 seconds, Stopping threads took: 0.0000152 seconds
2023-04-20T15:13:04.895+0530: 0.593: Total time for which application threads were stopped: 0.0001693 seconds, Stopping threads took: 0.0000115 seconds
2023-04-20T15:13:04.930+0530: 0.629: Total time for which application threads were stopped: 0.0001814 seconds, Stopping threads took: 0.0000140 seconds
2023-04-20T15:13:04.978+0530: 0.676: Total time for which application threads were stopped: 0.0002453 seconds, Stopping threads took: 0.0000358 seconds
{Heap before GC invocations=1 (full 0):
 par new generation   total 109248K, used 93261K [0x00000000e0000000, 0x00000000e8000000, 0x00000000e8000000)
  eden space 87424K, 100% used [0x00000000e0000000, 0x00000000e5560000, 0x00000000e5560000)
  from space 21824K,  26% used [0x00000000e6ab0000, 0x00000000e7063548, 0x00000000e8000000)
  to   space 21824K,   0% used [0x00000000e5560000, 0x00000000e5560000, 0x00000000e6ab0000)
 concurrent mark-sweep generation total 393216K, used 0K [0x00000000e8000000, 0x0000000100000000, 0x0000000100000000)
 Metaspace       used 19842K, capacity 20184K, committed 20352K, reserved 1067008K
  class space    used 2279K, capacity 2424K, committed 2432K, reserved 1048576K
2023-04-20T15:13:05.095+0530: 0.794: [GC (Allocation Failure) 2023-04-20T15:13:05.095+0530: 0.794: [ParNew
Desired survivor size 20112992 bytes, new threshold 8 (max 8)
- age   1:   10446264 bytes,   10446264 total
- age   2:    2570192 bytes,   13016456 total
: 93261K->14666K(109248K), 0.0068847 secs] 93261K->14666K(502464K), 0.0069575 secs] [Times: user=0.02 sys=0.01, real=0.01 secs] 
Heap after GC invocations=2 (full 0):
 par new generation   total 109248K, used 14666K [0x00000000e0000000, 0x00000000e8000000, 0x00000000e8000000)
  eden space 87424K,   0% used [0x00000000e0000000, 0x00000000e0000000, 0x00000000e5560000)
  from space 21824K,  67% used [0x00000000e5560000, 0x00000000e63b2a68, 0x00000000e6ab0000)
  to   space 21824K,   0% used [0x00000000e6ab0000, 0x00000000e6ab0000, 0x00000000e8000000)
 concurrent mark-sweep generation total 393216K, used 0K [0x00000000e8000000, 0x0000000100000000, 0x0000000100000000)
 Metaspace       used 19842K, capacity 20184K, committed 20352K, reserved 1067008K
  class space    used 2279K, capacity 2424K, committed 2432K, reserved 1048576K
}
2023-04-20T15:13:05.102+0530: 0.801: Total time for which application threads were stopped: 0.0071180 seconds, Stopping threads took: 0.0000161 seconds
2023-04-20T15:13:05.181+0530: 0.880: Total time for which application threads were stopped: 0.0002640 seconds, Stopping threads took: 0.0000181 seconds
2023-04-20T15:13:05.201+0530: 0.900: Total time for which application threads were stopped: 0.0003049 seconds, Stopping threads took: 0.0000751 seconds
{Heap before GC invocations=2 (full 0):
 par new generation   total 109248K, used 102090K [0x00000000e0000000, 0x00000000e8000000, 0x00000000e8000000)
  eden space 87424K, 100% used [0x00000000e0000000, 0x00000000e5560000, 0x00000000e5560000)
  from space 21824K,  67% used [0x00000000e5560000, 0x00000000e63b2a68, 0x00000000e6ab0000)
  to   space 21824K,   0% used [0x00000000e6ab0000, 0x00000000e6ab0000, 0x00000000e8000000)
 concurrent mark-sweep generation total 393216K, used 0K [0x00000000e8000000, 0x0000000100000000, 0x0000000100000000)
 Metaspace       used 20669K, capacity 21048K, committed 21248K, reserved 1069056K
  class space    used 2395K, capacity 2520K, committed 2560K, reserved 1048576K
2023-04-20T15:13:05.214+0530: 0.912: [GC (Allocation Failure) 2023-04-20T15:13:05.214+0530: 0.912: [ParNew
Desired survivor size 20112992 bytes, new threshold 8 (max 8)
- age   1:    1102552 bytes,    1102552 total
- age   2:    4945552 bytes,    6048104 total
- age   3:    2537984 bytes,    8586088 total
: 102090K->10509K(109248K), 0.0049754 secs] 102090K->10509K(502464K), 0.0050533 secs] [Times: user=0.02 sys=0.00, real=0.01 secs] 
Heap after GC invocations=3 (full 0):
 par new generation   total 109248K, used 10509K [0x00000000e0000000, 0x00000000e8000000, 0x00000000e8000000)
  eden space 87424K,   0% used [0x00000000e0000000, 0x00000000e0000000, 0x00000000e5560000)
  from space 21824K,  48% used [0x00000000e6ab0000, 0x00000000e74f3740, 0x00000000e8000000)
  to   space 21824K,   0% used [0x00000000e5560000, 0x00000000e5560000, 0x00000000e6ab0000)
 concurrent mark-sweep generation total 393216K, used 0K [0x00000000e8000000, 0x0000000100000000, 0x0000000100000000)
 Metaspace       used 20669K, capacity 21048K, committed 21248K, reserved 1069056K
  class space    used 2395K, capacity 2520K, committed 2560K, reserved 1048576K
}
2023-04-20T15:13:05.219+0530: 0.917: Total time for which application threads were stopped: 0.0052817 seconds, Stopping threads took: 0.0001166 seconds
2023-04-20T15:13:05.228+0530: 0.926: Total time for which application threads were stopped: 0.0003131 seconds, Stopping threads took: 0.0000629 seconds
2023-04-20T15:13:05.242+0530: 0.940: Total time for which application threads were stopped: 0.0001380 seconds, Stopping threads took: 0.0000752 seconds
2023-04-20T15:13:05.287+0530: 0.985: Total time for which application threads were stopped: 0.0001519 seconds, Stopping threads took: 0.0000209 seconds
{Heap before GC invocations=3 (full 0):
 par new generation   total 109248K, used 97933K [0x00000000e0000000, 0x00000000e8000000, 0x00000000e8000000)
  eden space 87424K, 100% used [0x00000000e0000000, 0x00000000e5560000, 0x00000000e5560000)
  from space 21824K,  48% used [0x00000000e6ab0000, 0x00000000e74f3740, 0x00000000e8000000)
  to   space 21824K,   0% used [0x00000000e5560000, 0x00000000e5560000, 0x00000000e6ab0000)
 concurrent mark-sweep generation total 393216K, used 0K [0x00000000e8000000, 0x0000000100000000, 0x0000000100000000)
 Metaspace       used 21403K, capacity 21726K, committed 21960K, reserved 1069056K
  class space    used 2483K, capacity 2617K, committed 2684K, reserved 1048576K
2023-04-20T15:13:05.314+0530: 1.012: [GC (Allocation Failure) 2023-04-20T15:13:05.314+0530: 1.012: [ParNew
Desired survivor size 20112992 bytes, new threshold 8 (max 8)
- age   1:    2533704 bytes,    2533704 total
- age   2:     275320 bytes,    2809024 total
- age   3:    4917432 bytes,    7726456 total
- age   4:    2537848 bytes,   10264304 total
: 97933K->13374K(109248K), 0.0055930 secs] 97933K->13374K(502464K), 0.0056609 secs] [Times: user=0.03 sys=0.00, real=0.01 secs] 
Heap after GC invocations=4 (full 0):
 par new generation   total 109248K, used 13374K [0x00000000e0000000, 0x00000000e8000000, 0x00000000e8000000)
  eden space 87424K,   0% used [0x00000000e0000000, 0x00000000e0000000, 0x00000000e5560000)
  from space 21824K,  61% used [0x00000000e5560000, 0x00000000e626f890, 0x00000000e6ab0000)
  to   space 21824K,   0% used [0x00000000e6ab0000, 0x00000000e6ab0000, 0x00000000e8000000)
 concurrent mark-sweep generation total 393216K, used 0K [0x00000000e8000000, 0x0000000100000000, 0x0000000100000000)
 Metaspace       used 21403K, capacity 21726K, committed 21960K, reserved 1069056K
  class space    used 2483K, capacity 2617K, committed 2684K, reserved 1048576K
}
2023-04-20T15:13:05.320+0530: 1.018: Total time for which application threads were stopped: 0.0057901 seconds, Stopping threads took: 0.0000258 seconds
2023-04-20T15:13:05.320+0530: 1.018: [GC (CMS Initial Mark) [1 CMS-initial-mark: 0K(393216K)] 14358K(502464K), 0.0021820 secs] [Times: user=0.00 sys=0.00, real=0.00 secs] 
2023-04-20T15:13:05.322+0530: 1.021: Total time for which application threads were stopped: 0.0022790 seconds, Stopping threads took: 0.0000367 seconds
2023-04-20T15:13:05.322+0530: 1.021: [CMS-concurrent-mark-start]
2023-04-20T15:13:05.323+0530: 1.021: [CMS-concurrent-mark: 0.001/0.001 secs] [Times: user=0.01 sys=0.00, real=0.00 secs] 
2023-04-20T15:13:05.323+0530: 1.021: [CMS-concurrent-preclean-start]
2023-04-20T15:13:05.324+0530: 1.023: [CMS-concurrent-preclean: 0.001/0.001 secs] [Times: user=0.01 sys=0.00, real=0.00 secs] 
2023-04-20T15:13:05.325+0530: 1.023: [GC (CMS Final Remark) [YG occupancy: 14863 K (109248 K)]2023-04-20T15:13:05.325+0530: 1.023: [Rescan (parallel) , 0.0027475 secs]2023-04-20T15:13:05.327+0530: 1.026: [weak refs processing, 0.0044747 secs]2023-04-20T15:13:05.332+0530: 1.030: [class unloading, 0.0024595 secs]2023-04-20T15:13:05.334+0530: 1.033: [scrub symbol table, 0.0018888 secs]2023-04-20T15:13:05.336+0530: 1.034: [scrub string table, 0.0002907 secs][1 CMS-remark: 0K(393216K)] 14863K(502464K), 0.0124866 secs] [Times: user=0.04 sys=0.01, real=0.02 secs] 
2023-04-20T15:13:05.337+0530: 1.035: Total time for which application threads were stopped: 0.0125830 seconds, Stopping threads took: 0.0000195 seconds
2023-04-20T15:13:05.337+0530: 1.035: [CMS-concurrent-sweep-start]
{Heap before GC invocations=4 (full 1):
 par new generation   total 109248K, used 14863K [0x00000000e0000000, 0x00000000e8000000, 0x00000000e8000000)
  eden space 87424K,   1% used [0x00000000e0000000, 0x00000000e01743e8, 0x00000000e5560000)
  from space 21824K,  61% used [0x00000000e5560000, 0x00000000e626f890, 0x00000000e6ab0000)
  to   space 21824K,   0% used [0x00000000e6ab0000, 0x00000000e6ab0000, 0x00000000e8000000)
 concurrent mark-sweep generation total 393216K, used 0K [0x00000000e8000000, 0x0000000100000000, 0x0000000100000000)
 Metaspace       used 21427K, capacity 21726K, committed 21960K, reserved 1069056K
  class space    used 2486K, capacity 2617K, committed 2684K, reserved 1048576K
2023-04-20T15:13:05.337+0530: 1.035: [GC (GCLocker Initiated GC) 2023-04-20T15:13:05.337+0530: 1.035: [ParNew
Desired survivor size 20112992 bytes, new threshold 8 (max 8)
- age   1:      39664 bytes,      39664 total
- age   2:    1923448 bytes,    1963112 total
- age   3:     275320 bytes,    2238432 total
- age   4:    4917432 bytes,    7155864 total
- age   5:    2537864 bytes,    9693728 total
: 14863K->11975K(109248K), 0.0053910 secs] 14863K->11975K(502464K), 0.0054397 secs] [Times: user=0.02 sys=0.00, real=0.00 secs] 
Heap after GC invocations=5 (full 1):
 par new generation   total 109248K, used 11975K [0x00000000e0000000, 0x00000000e8000000, 0x00000000e8000000)
  eden space 87424K,   0% used [0x00000000e0000000, 0x00000000e0000000, 0x00000000e5560000)
  from space 21824K,  54% used [0x00000000e6ab0000, 0x00000000e7661f40, 0x00000000e8000000)
  to   space 21824K,   0% used [0x00000000e5560000, 0x00000000e5560000, 0x00000000e6ab0000)
 concurrent mark-sweep generation total 393216K, used 0K [0x00000000e8000000, 0x0000000100000000, 0x0000000100000000)
 Metaspace       used 21427K, capacity 21726K, committed 21960K, reserved 1069056K
  class space    used 2486K, capacity 2617K, committed 2684K, reserved 1048576K
}
2023-04-20T15:13:05.343+0530: 1.041: Total time for which application threads were stopped: 0.0055549 seconds, Stopping threads took: 0.0000203 seconds
2023-04-20T15:13:05.343+0530: 1.041: [CMS-concurrent-sweep: 0.006/0.006 secs] [Times: user=0.02 sys=0.00, real=0.00 secs] 
2023-04-20T15:13:05.343+0530: 1.041: [CMS-concurrent-reset-start]
2023-04-20T15:13:05.345+0530: 1.043: [CMS-concurrent-reset: 0.002/0.002 secs] [Times: user=0.01 sys=0.00, real=0.00 secs] 
{Heap before GC invocations=5 (full 1):
 par new generation   total 109248K, used 99399K [0x00000000e0000000, 0x00000000e8000000, 0x00000000e8000000)
  eden space 87424K, 100% used [0x00000000e0000000, 0x00000000e5560000, 0x00000000e5560000)
  from space 21824K,  54% used [0x00000000e6ab0000, 0x00000000e7661f40, 0x00000000e8000000)
  to   space 21824K,   0% used [0x00000000e5560000, 0x00000000e5560000, 0x00000000e6ab0000)
 concurrent mark-sweep generation total 393216K, used 0K [0x00000000e8000000, 0x0000000100000000, 0x0000000100000000)
 Metaspace       used 22045K, capacity 22416K, committed 22600K, reserved 1069056K
  class space    used 2577K, capacity 2716K, committed 2812K, reserved 1048576K
2023-04-20T15:13:05.404+0530: 1.102: [GC (Allocation Failure) 2023-04-20T15:13:05.404+0530: 1.102: [ParNew
Desired survivor size 20112992 bytes, new threshold 8 (max 8)
- age   1:     994824 bytes,     994824 total
- age   2:       9840 bytes,    1004664 total
- age   3:    1920032 bytes,    2924696 total
- age   4:     275240 bytes,    3199936 total
- age   5:    4916416 bytes,    8116352 total
- age   6:    2537848 bytes,   10654200 total
: 99399K->15044K(109248K), 0.0050469 secs] 99399K->15044K(502464K), 0.0051231 secs] [Times: user=0.02 sys=0.00, real=0.01 secs] 
Heap after GC invocations=6 (full 1):
 par new generation   total 109248K, used 15044K [0x00000000e0000000, 0x00000000e8000000, 0x00000000e8000000)
  eden space 87424K,   0% used [0x00000000e0000000, 0x00000000e0000000, 0x00000000e5560000)
  from space 21824K,  68% used [0x00000000e5560000, 0x00000000e6411178, 0x00000000e6ab0000)
  to   space 21824K,   0% used [0x00000000e6ab0000, 0x00000000e6ab0000, 0x00000000e8000000)
 concurrent mark-sweep generation total 393216K, used 0K [0x00000000e8000000, 0x0000000100000000, 0x0000000100000000)
 Metaspace       used 22045K, capacity 22416K, committed 22600K, reserved 1069056K
  class space    used 2577K, capacity 2716K, committed 2812K, reserved 1048576K
}
2023-04-20T15:13:05.409+0530: 1.107: Total time for which application threads were stopped: 0.0052725 seconds, Stopping threads took: 0.0000402 seconds
{Heap before GC invocations=6 (full 1):
 par new generation   total 109248K, used 102468K [0x00000000e0000000, 0x00000000e8000000, 0x00000000e8000000)
  eden space 87424K, 100% used [0x00000000e0000000, 0x00000000e5560000, 0x00000000e5560000)
  from space 21824K,  68% used [0x00000000e5560000, 0x00000000e6411178, 0x00000000e6ab0000)
  to   space 21824K,   0% used [0x00000000e6ab0000, 0x00000000e6ab0000, 0x00000000e8000000)
 concurrent mark-sweep generation total 393216K, used 0K [0x00000000e8000000, 0x0000000100000000, 0x0000000100000000)
 Metaspace       used 22193K, capacity 22574K, committed 22856K, reserved 1069056K
  class space    used 2594K, capacity 2721K, committed 2812K, reserved 1048576K
2023-04-20T15:13:05.438+0530: 1.136: [GC (Allocation Failure) 2023-04-20T15:13:05.438+0530: 1.136: [ParNew
Desired survivor size 20112992 bytes, new threshold 8 (max 8)
- age   1:     936008 bytes,     936008 total
- age   2:     124608 bytes,    1060616 total
- age   3:       1912 bytes,    1062528 total
- age   4:    1919248 bytes,    2981776 total
- age   5:     274968 bytes,    3256744 total
- age   6:    4915640 bytes,    8172384 total
- age   7:    2537848 bytes,   10710232 total
: 102468K->12101K(109248K), 0.0052637 secs] 102468K->12101K(502464K), 0.0053292 secs] [Times: user=0.03 sys=0.00, real=0.00 secs] 
Heap after GC invocations=7 (full 1):
 par new generation   total 109248K, used 12101K [0x00000000e0000000, 0x00000000e8000000, 0x00000000e8000000)
  eden space 87424K,   0% used [0x00000000e0000000, 0x00000000e0000000, 0x00000000e5560000)
  from space 21824K,  55% used [0x00000000e6ab0000, 0x00000000e76816c0, 0x00000000e8000000)
  to   space 21824K,   0% used [0x00000000e5560000, 0x00000000e5560000, 0x00000000e6ab0000)
 concurrent mark-sweep generation total 393216K, used 0K [0x00000000e8000000, 0x0000000100000000, 0x0000000100000000)
 Metaspace       used 22193K, capacity 22574K, committed 22856K, reserved 1069056K
  class space    used 2594K, capacity 2721K, committed 2812K, reserved 1048576K
}
2023-04-20T15:13:05.443+0530: 1.141: Total time for which application threads were stopped: 0.0054781 seconds, Stopping threads took: 0.0000463 seconds
{Heap before GC invocations=7 (full 1):
 par new generation   total 109248K, used 99525K [0x00000000e0000000, 0x00000000e8000000, 0x00000000e8000000)
  eden space 87424K, 100% used [0x00000000e0000000, 0x00000000e5560000, 0x00000000e5560000)
  from space 21824K,  55% used [0x00000000e6ab0000, 0x00000000e76816c0, 0x00000000e8000000)
  to   space 21824K,   0% used [0x00000000e5560000, 0x00000000e5560000, 0x00000000e6ab0000)
 concurrent mark-sweep generation total 393216K, used 0K [0x00000000e8000000, 0x0000000100000000, 0x0000000100000000)
 Metaspace       used 22363K, capacity 22754K, committed 23112K, reserved 1069056K
  class space    used 2618K, capacity 2757K, committed 2812K, reserved 1048576K
2023-04-20T15:13:05.483+0530: 1.181: [GC (Allocation Failure) 2023-04-20T15:13:05.483+0530: 1.181: [ParNew
Desired survivor size 20112992 bytes, new threshold 8 (max 8)
- age   1:     707304 bytes,     707304 total
- age   2:     134560 bytes,     841864 total
- age   3:     122984 bytes,     964848 total
- age   4:       1912 bytes,     966760 total
- age   5:    1919200 bytes,    2885960 total
- age   6:     274824 bytes,    3160784 total
- age   7:    4912344 bytes,    8073128 total
- age   8:    2537848 bytes,   10610976 total
: 99525K->14035K(109248K), 0.0054283 secs] 99525K->14035K(502464K), 0.0055114 secs] [Times: user=0.03 sys=0.00, real=0.01 secs] 
Heap after GC invocations=8 (full 1):
 par new generation   total 109248K, used 14035K [0x00000000e0000000, 0x00000000e8000000, 0x00000000e8000000)
  eden space 87424K,   0% used [0x00000000e0000000, 0x00000000e0000000, 0x00000000e5560000)
  from space 21824K,  64% used [0x00000000e5560000, 0x00000000e6314e30, 0x00000000e6ab0000)
  to   space 21824K,   0% used [0x00000000e6ab0000, 0x00000000e6ab0000, 0x00000000e8000000)
 concurrent mark-sweep generation total 393216K, used 0K [0x00000000e8000000, 0x0000000100000000, 0x0000000100000000)
 Metaspace       used 22363K, capacity 22754K, committed 23112K, reserved 1069056K
  class space    used 2618K, capacity 2757K, committed 2812K, reserved 1048576K
}
2023-04-20T15:13:05.489+0530: 1.187: Total time for which application threads were stopped: 0.0056994 seconds, Stopping threads took: 0.0000454 seconds
{Heap before GC invocations=8 (full 1):
 par new generation   total 109248K, used 101459K [0x00000000e0000000, 0x00000000e8000000, 0x00000000e8000000)
  eden space 87424K, 100% used [0x00000000e0000000, 0x00000000e5560000, 0x00000000e5560000)
  from space 21824K,  64% used [0x00000000e5560000, 0x00000000e6314e30, 0x00000000e6ab0000)
  to   space 21824K,   0% used [0x00000000e6ab0000, 0x00000000e6ab0000, 0x00000000e8000000)
 concurrent mark-sweep generation total 393216K, used 0K [0x00000000e8000000, 0x0000000100000000, 0x0000000100000000)
 Metaspace       used 22699K, capacity 23042K, committed 23292K, reserved 1069056K
  class space    used 2656K, capacity 2789K, committed 2812K, reserved 1048576K
2023-04-20T15:13:05.532+0530: 1.230: [GC (Allocation Failure) 2023-04-20T15:13:05.532+0530: 1.230: [ParNew
Desired survivor size 20112992 bytes, new threshold 8 (max 8)
- age   1:     473808 bytes,     473808 total
- age   2:     116160 bytes,     589968 total
- age   3:     133672 bytes,     723640 total
- age   4:     121656 bytes,     845296 total
- age   5:       1864 bytes,     847160 total
- age   6:     299592 bytes,    1146752 total
- age   7:     274744 bytes,    1421496 total
- age   8:    4912328 bytes,    6333824 total
: 101459K->9337K(109248K), 0.0096815 secs] 101459K->11854K(502464K), 0.0097375 secs] [Times: user=0.05 sys=0.00, real=0.01 secs] 
Heap after GC invocations=9 (full 1):
 par new generation   total 109248K, used 9337K [0x00000000e0000000, 0x00000000e8000000, 0x00000000e8000000)
  eden space 87424K,   0% used [0x00000000e0000000, 0x00000000e0000000, 0x00000000e5560000)
  from space 21824K,  42% used [0x00000000e6ab0000, 0x00000000e73ce6c0, 0x00000000e8000000)
  to   space 21824K,   0% used [0x00000000e5560000, 0x00000000e5560000, 0x00000000e6ab0000)
 concurrent mark-sweep generation total 393216K, used 2516K [0x00000000e8000000, 0x0000000100000000, 0x0000000100000000)
 Metaspace       used 22699K, capacity 23042K, committed 23292K, reserved 1069056K
  class space    used 2656K, capacity 2789K, committed 2812K, reserved 1048576K
}
2023-04-20T15:13:05.541+0530: 1.240: Total time for which application threads were stopped: 0.0098772 seconds, Stopping threads took: 0.0000363 seconds
2023-04-20T15:13:05.561+0530: 1.260: Total time for which application threads were stopped: 0.0003597 seconds, Stopping threads took: 0.0000195 seconds
2023-04-20T15:13:05.642+0530: 1.340: Total time for which application threads were stopped: 0.0003191 seconds, Stopping threads took: 0.0000143 seconds
2023-04-20T15:13:05.650+0530: 1.348: Total time for which application threads were stopped: 0.0002694 seconds, Stopping threads took: 0.0000138 seconds
{Heap before GC invocations=9 (full 1):
 par new generation   total 109248K, used 96761K [0x00000000e0000000, 0x00000000e8000000, 0x00000000e8000000)
  eden space 87424K, 100% used [0x00000000e0000000, 0x00000000e5560000, 0x00000000e5560000)
  from space 21824K,  42% used [0x00000000e6ab0000, 0x00000000e73ce6c0, 0x00000000e8000000)
  to   space 21824K,   0% used [0x00000000e5560000, 0x00000000e5560000, 0x00000000e6ab0000)
 concurrent mark-sweep generation total 393216K, used 2516K [0x00000000e8000000, 0x0000000100000000, 0x0000000100000000)
 Metaspace       used 26400K, capacity 26768K, committed 27132K, reserved 1073152K
  class space    used 3102K, capacity 3244K, committed 3324K, reserved 1048576K
2023-04-20T15:13:05.823+0530: 1.521: [GC (Allocation Failure) 2023-04-20T15:13:05.823+0530: 1.521: [ParNew
Desired survivor size 20112992 bytes, new threshold 8 (max 8)
- age   1:    5396232 bytes,    5396232 total
- age   2:     224000 bytes,    5620232 total
- age   3:     116112 bytes,    5736344 total
- age   4:     133624 bytes,    5869968 total
- age   5:     121560 bytes,    5991528 total
- age   6:       1864 bytes,    5993392 total
- age   7:     286984 bytes,    6280376 total
- age   8:     270264 bytes,    6550640 total
: 96761K->8532K(109248K), 0.0090792 secs] 99278K->15869K(502464K), 0.0091530 secs] [Times: user=0.05 sys=0.00, real=0.01 secs] 
Heap after GC invocations=10 (full 1):
 par new generation   total 109248K, used 8532K [0x00000000e0000000, 0x00000000e8000000, 0x00000000e8000000)
  eden space 87424K,   0% used [0x00000000e0000000, 0x00000000e0000000, 0x00000000e5560000)
  from space 21824K,  39% used [0x00000000e5560000, 0x00000000e5db5088, 0x00000000e6ab0000)
  to   space 21824K,   0% used [0x00000000e6ab0000, 0x00000000e6ab0000, 0x00000000e8000000)
 concurrent mark-sweep generation total 393216K, used 7337K [0x00000000e8000000, 0x0000000100000000, 0x0000000100000000)
 Metaspace       used 26400K, capacity 26768K, committed 27132K, reserved 1073152K
  class space    used 3102K, capacity 3244K, committed 3324K, reserved 1048576K
}
2023-04-20T15:13:05.832+0530: 1.530: Total time for which application threads were stopped: 0.0094915 seconds, Stopping threads took: 0.0001733 seconds
2023-04-20T15:13:05.893+0530: 1.592: Total time for which application threads were stopped: 0.0003778 seconds, Stopping threads took: 0.0000183 seconds
2023-04-20T15:13:05.895+0530: 1.593: Total time for which application threads were stopped: 0.0004125 seconds, Stopping threads took: 0.0000780 seconds
2023-04-20T15:13:05.984+0530: 1.682: Total time for which application threads were stopped: 0.0006430 seconds, Stopping threads took: 0.0000980 seconds
{Heap before GC invocations=10 (full 1):
 par new generation   total 109248K, used 95956K [0x00000000e0000000, 0x00000000e8000000, 0x00000000e8000000)
  eden space 87424K, 100% used [0x00000000e0000000, 0x00000000e5560000, 0x00000000e5560000)
  from space 21824K,  39% used [0x00000000e5560000, 0x00000000e5db5088, 0x00000000e6ab0000)
  to   space 21824K,   0% used [0x00000000e6ab0000, 0x00000000e6ab0000, 0x00000000e8000000)
 concurrent mark-sweep generation total 393216K, used 7337K [0x00000000e8000000, 0x0000000100000000, 0x0000000100000000)
 Metaspace       used 28594K, capacity 28994K, committed 29436K, reserved 1075200K
  class space    used 3355K, capacity 3535K, committed 3580K, reserved 1048576K
2023-04-20T15:13:05.997+0530: 1.695: [GC (Allocation Failure) 2023-04-20T15:13:05.997+0530: 1.695: [ParNew
Desired survivor size 20112992 bytes, new threshold 8 (max 8)
- age   1:   10986432 bytes,   10986432 total
- age   2:    2330696 bytes,   13317128 total
- age   3:     224000 bytes,   13541128 total
- age   4:     116048 bytes,   13657176 total
- age   5:     132936 bytes,   13790112 total
- age   6:     121400 bytes,   13911512 total
- age   7:       1864 bytes,   13913376 total
- age   8:     286640 bytes,   14200016 total
: 95956K->15079K(109248K), 0.0086746 secs] 103293K->22681K(502464K), 0.0087750 secs] [Times: user=0.05 sys=0.00, real=0.00 secs] 
Heap after GC invocations=11 (full 1):
 par new generation   total 109248K, used 15079K [0x00000000e0000000, 0x00000000e8000000, 0x00000000e8000000)
  eden space 87424K,   0% used [0x00000000e0000000, 0x00000000e0000000, 0x00000000e5560000)
  from space 21824K,  69% used [0x00000000e6ab0000, 0x00000000e7969cb0, 0x00000000e8000000)
  to   space 21824K,   0% used [0x00000000e5560000, 0x00000000e5560000, 0x00000000e6ab0000)
 concurrent mark-sweep generation total 393216K, used 7602K [0x00000000e8000000, 0x0000000100000000, 0x0000000100000000)
 Metaspace       used 28594K, capacity 28994K, committed 29436K, reserved 1075200K
  class space    used 3355K, capacity 3535K, committed 3580K, reserved 1048576K
}
2023-04-20T15:13:06.005+0530: 1.704: Total time for which application threads were stopped: 0.0090118 seconds, Stopping threads took: 0.0000977 seconds
2023-04-20T15:13:06.042+0530: 1.740: Total time for which application threads were stopped: 0.0005569 seconds, Stopping threads took: 0.0000553 seconds
{Heap before GC invocations=11 (full 1):
 par new generation   total 109248K, used 102503K [0x00000000e0000000, 0x00000000e8000000, 0x00000000e8000000)
  eden space 87424K, 100% used [0x00000000e0000000, 0x00000000e5560000, 0x00000000e5560000)
  from space 21824K,  69% used [0x00000000e6ab0000, 0x00000000e7969cb0, 0x00000000e8000000)
  to   space 21824K,   0% used [0x00000000e5560000, 0x00000000e5560000, 0x00000000e6ab0000)
 concurrent mark-sweep generation total 393216K, used 7602K [0x00000000e8000000, 0x0000000100000000, 0x0000000100000000)
 Metaspace       used 29066K, capacity 29422K, committed 29692K, reserved 1075200K
  class space    used 3414K, capacity 3569K, committed 3580K, reserved 1048576K
2023-04-20T15:13:06.065+0530: 1.763: [GC (Allocation Failure) 2023-04-20T15:13:06.065+0530: 1.763: [ParNew
Desired survivor size 20112992 bytes, new threshold 8 (max 8)
- age   1:    2216272 bytes,    2216272 total
- age   2:    8314656 bytes,   10530928 total
- age   3:    2322576 bytes,   12853504 total
- age   4:     224000 bytes,   13077504 total
- age   5:     116048 bytes,   13193552 total
- age   6:     132936 bytes,   13326488 total
- age   7:     121400 bytes,   13447888 total
- age   8:       1864 bytes,   13449752 total
: 102503K->21824K(109248K), 0.0103756 secs] 110105K->29710K(502464K), 0.0104606 secs] [Times: user=0.05 sys=0.00, real=0.01 secs] 
Heap after GC invocations=12 (full 1):
 par new generation   total 109248K, used 21824K [0x00000000e0000000, 0x00000000e8000000, 0x00000000e8000000)
  eden space 87424K,   0% used [0x00000000e0000000, 0x00000000e0000000, 0x00000000e5560000)
  from space 21824K, 100% used [0x00000000e5560000, 0x00000000e6ab0000, 0x00000000e6ab0000)
  to   space 21824K,   0% used [0x00000000e6ab0000, 0x00000000e6ab0000, 0x00000000e8000000)
 concurrent mark-sweep generation total 393216K, used 7886K [0x00000000e8000000, 0x0000000100000000, 0x0000000100000000)
 Metaspace       used 29066K, capacity 29422K, committed 29692K, reserved 1075200K
  class space    used 3414K, capacity 3569K, committed 3580K, reserved 1048576K
}
2023-04-20T15:13:06.076+0530: 1.774: Total time for which application threads were stopped: 0.0141954 seconds, Stopping threads took: 0.0035498 seconds
{Heap before GC invocations=12 (full 1):
 par new generation   total 109248K, used 109248K [0x00000000e0000000, 0x00000000e8000000, 0x00000000e8000000)
  eden space 87424K, 100% used [0x00000000e0000000, 0x00000000e5560000, 0x00000000e5560000)
  from space 21824K, 100% used [0x00000000e5560000, 0x00000000e6ab0000, 0x00000000e6ab0000)
  to   space 21824K,   0% used [0x00000000e6ab0000, 0x00000000e6ab0000, 0x00000000e8000000)
 concurrent mark-sweep generation total 393216K, used 7886K [0x00000000e8000000, 0x0000000100000000, 0x0000000100000000)
 Metaspace       used 29106K, capacity 29528K, committed 29948K, reserved 1075200K
  class space    used 3418K, capacity 3576K, committed 3580K, reserved 1048576K
2023-04-20T15:13:06.107+0530: 1.805: [GC (Allocation Failure) 2023-04-20T15:13:06.107+0530: 1.805: [ParNew
Desired survivor size 20112992 bytes, new threshold 8 (max 8)
- age   1:    1128208 bytes,    1128208 total
- age   2:    1523264 bytes,    2651472 total
- age   3:    8294000 bytes,   10945472 total
- age   4:    2322576 bytes,   13268048 total
- age   5:     224000 bytes,   13492048 total
- age   6:     116048 bytes,   13608096 total
- age   7:     132624 bytes,   13740720 total
- age   8:     121296 bytes,   13862016 total
: 109248K->18246K(109248K), 0.0095116 secs] 117134K->26135K(502464K), 0.0096403 secs] [Times: user=0.06 sys=0.01, real=0.02 secs] 
Heap after GC invocations=13 (full 1):
 par new generation   total 109248K, used 18246K [0x00000000e0000000, 0x00000000e8000000, 0x00000000e8000000)
  eden space 87424K,   0% used [0x00000000e0000000, 0x00000000e0000000, 0x00000000e5560000)
  from space 21824K,  83% used [0x00000000e6ab0000, 0x00000000e7c819e0, 0x00000000e8000000)
  to   space 21824K,   0% used [0x00000000e5560000, 0x00000000e5560000, 0x00000000e6ab0000)
 concurrent mark-sweep generation total 393216K, used 7888K [0x00000000e8000000, 0x0000000100000000, 0x0000000100000000)
 Metaspace       used 29106K, capacity 29528K, committed 29948K, reserved 1075200K
  class space    used 3418K, capacity 3576K, committed 3580K, reserved 1048576K
}
2023-04-20T15:13:06.117+0530: 1.815: Total time for which application threads were stopped: 0.0098675 seconds, Stopping threads took: 0.0000705 seconds
{Heap before GC invocations=13 (full 1):
 par new generation   total 109248K, used 105670K [0x00000000e0000000, 0x00000000e8000000, 0x00000000e8000000)
  eden space 87424K, 100% used [0x00000000e0000000, 0x00000000e5560000, 0x00000000e5560000)
  from space 21824K,  83% used [0x00000000e6ab0000, 0x00000000e7c819e0, 0x00000000e8000000)
  to   space 21824K,   0% used [0x00000000e5560000, 0x00000000e5560000, 0x00000000e6ab0000)
 concurrent mark-sweep generation total 393216K, used 7888K [0x00000000e8000000, 0x0000000100000000, 0x0000000100000000)
 Metaspace       used 29118K, capacity 29540K, committed 29948K, reserved 1075200K
  class space    used 3419K, capacity 3578K, committed 3580K, reserved 1048576K
2023-04-20T15:13:06.160+0530: 1.858: [GC (Allocation Failure) 2023-04-20T15:13:06.160+0530: 1.858: [ParNew
Desired survivor size 20112992 bytes, new threshold 8 (max 8)
- age   1:     575072 bytes,     575072 total
- age   2:     799496 bytes,    1374568 total
- age   3:    1523208 bytes,    2897776 total
- age   4:    8294000 bytes,   11191776 total
- age   5:    2322576 bytes,   13514352 total
- age   6:     224000 bytes,   13738352 total
- age   7:     116048 bytes,   13854400 total
- age   8:     132416 bytes,   13986816 total
: 105670K->16492K(109248K), 0.0098110 secs] 113559K->24503K(502464K), 0.0098955 secs] [Times: user=0.06 sys=0.00, real=0.01 secs] 
Heap after GC invocations=14 (full 1):
 par new generation   total 109248K, used 16492K [0x00000000e0000000, 0x00000000e8000000, 0x00000000e8000000)
  eden space 87424K,   0% used [0x00000000e0000000, 0x00000000e0000000, 0x00000000e5560000)
  from space 21824K,  75% used [0x00000000e5560000, 0x00000000e657b1b0, 0x00000000e6ab0000)
  to   space 21824K,   0% used [0x00000000e6ab0000, 0x00000000e6ab0000, 0x00000000e8000000)
 concurrent mark-sweep generation total 393216K, used 8011K [0x00000000e8000000, 0x0000000100000000, 0x0000000100000000)
 Metaspace       used 29118K, capacity 29540K, committed 29948K, reserved 1075200K
  class space    used 3419K, capacity 3578K, committed 3580K, reserved 1048576K
}
2023-04-20T15:13:06.170+0530: 1.868: Total time for which application threads were stopped: 0.0100814 seconds, Stopping threads took: 0.0000491 seconds
{Heap before GC invocations=14 (full 1):
 par new generation   total 109248K, used 103910K [0x00000000e0000000, 0x00000000e8000000, 0x00000000e8000000)
  eden space 87424K,  99% used [0x00000000e0000000, 0x00000000e555e858, 0x00000000e5560000)
  from space 21824K,  75% used [0x00000000e5560000, 0x00000000e657b1b0, 0x00000000e6ab0000)
  to   space 21824K,   0% used [0x00000000e6ab0000, 0x00000000e6ab0000, 0x00000000e8000000)
 concurrent mark-sweep generation total 393216K, used 8011K [0x00000000e8000000, 0x0000000100000000, 0x0000000100000000)
 Metaspace       used 29130K, capacity 29558K, committed 30076K, reserved 1075200K
  class space    used 3421K, capacity 3581K, committed 3708K, reserved 1048576K
2023-04-20T15:13:06.231+0530: 1.930: [GC (Allocation Failure) 2023-04-20T15:13:06.232+0530: 1.930: [ParNew
Desired survivor size 20112992 bytes, new threshold 8 (max 8)
- age   1:     424864 bytes,     424864 total
- age   2:      92312 bytes,     517176 total
- age   3:     798736 bytes,    1315912 total
- age   4:    1523208 bytes,    2839120 total
- age   5:    8294000 bytes,   11133120 total
- age   6:    2322576 bytes,   13455696 total
- age   7:     224000 bytes,   13679696 total
- age   8:     116048 bytes,   13795744 total
: 103910K->17840K(109248K), 0.0076838 secs] 111921K->25983K(502464K), 0.0077848 secs] [Times: user=0.05 sys=0.00, real=0.01 secs] 
Heap after GC invocations=15 (full 1):
 par new generation   total 109248K, used 17840K [0x00000000e0000000, 0x00000000e8000000, 0x00000000e8000000)
  eden space 87424K,   0% used [0x00000000e0000000, 0x00000000e0000000, 0x00000000e5560000)
  from space 21824K,  81% used [0x00000000e6ab0000, 0x00000000e7c1c130, 0x00000000e8000000)
  to   space 21824K,   0% used [0x00000000e5560000, 0x00000000e5560000, 0x00000000e6ab0000)
 concurrent mark-sweep generation total 393216K, used 8143K [0x00000000e8000000, 0x0000000100000000, 0x0000000100000000)
 Metaspace       used 29130K, capacity 29558K, committed 30076K, reserved 1075200K
  class space    used 3421K, capacity 3581K, committed 3708K, reserved 1048576K
}
2023-04-20T15:13:06.239+0530: 1.938: Total time for which application threads were stopped: 0.0079980 seconds, Stopping threads took: 0.0000711 seconds
{Heap before GC invocations=15 (full 1):
 par new generation   total 109248K, used 105264K [0x00000000e0000000, 0x00000000e8000000, 0x00000000e8000000)
  eden space 87424K, 100% used [0x00000000e0000000, 0x00000000e5560000, 0x00000000e5560000)
  from space 21824K,  81% used [0x00000000e6ab0000, 0x00000000e7c1c130, 0x00000000e8000000)
  to   space 21824K,   0% used [0x00000000e5560000, 0x00000000e5560000, 0x00000000e6ab0000)
 concurrent mark-sweep generation total 393216K, used 8143K [0x00000000e8000000, 0x0000000100000000, 0x0000000100000000)
 Metaspace       used 29154K, capacity 29564K, committed 30076K, reserved 1075200K
  class space    used 3421K, capacity 3582K, committed 3708K, reserved 1048576K
2023-04-20T15:13:06.279+0530: 1.977: [GC (Allocation Failure) 2023-04-20T15:13:06.279+0530: 1.977: [ParNew
Desired survivor size 20112992 bytes, new threshold 8 (max 8)
- age   1:     777024 bytes,     777024 total
- age   2:      84920 bytes,     861944 total
- age   3:      91808 bytes,     953752 total
- age   4:     797968 bytes,    1751720 total
- age   5:    1522448 bytes,    3274168 total
- age   6:    8294000 bytes,   11568168 total
- age   7:    2322472 bytes,   13890640 total
- age   8:     224000 bytes,   14114640 total
: 105264K->16051K(109248K), 0.0093456 secs] 113407K->24310K(502464K), 0.0094181 secs] [Times: user=0.06 sys=0.01, real=0.01 secs] 
Heap after GC invocations=16 (full 1):
 par new generation   total 109248K, used 16051K [0x00000000e0000000, 0x00000000e8000000, 0x00000000e8000000)
  eden space 87424K,   0% used [0x00000000e0000000, 0x00000000e0000000, 0x00000000e5560000)
  from space 21824K,  73% used [0x00000000e5560000, 0x00000000e650cc40, 0x00000000e6ab0000)
  to   space 21824K,   0% used [0x00000000e6ab0000, 0x00000000e6ab0000, 0x00000000e8000000)
 concurrent mark-sweep generation total 393216K, used 8259K [0x00000000e8000000, 0x0000000100000000, 0x0000000100000000)
 Metaspace       used 29154K, capacity 29564K, committed 30076K, reserved 1075200K
  class space    used 3421K, capacity 3582K, committed 3708K, reserved 1048576K
}
2023-04-20T15:13:06.288+0530: 1.986: Total time for which application threads were stopped: 0.0096276 seconds, Stopping threads took: 0.0000626 seconds
{Heap before GC invocations=16 (full 1):
 par new generation   total 109248K, used 103475K [0x00000000e0000000, 0x00000000e8000000, 0x00000000e8000000)
  eden space 87424K, 100% used [0x00000000e0000000, 0x00000000e5560000, 0x00000000e5560000)
  from space 21824K,  73% used [0x00000000e5560000, 0x00000000e650cc40, 0x00000000e6ab0000)
  to   space 21824K,   0% used [0x00000000e6ab0000, 0x00000000e6ab0000, 0x00000000e8000000)
 concurrent mark-sweep generation total 393216K, used 8259K [0x00000000e8000000, 0x0000000100000000, 0x0000000100000000)
 Metaspace       used 29419K, capacity 29816K, committed 30076K, reserved 1075200K
  class space    used 3433K, capacity 3598K, committed 3708K, reserved 1048576K
2023-04-20T15:13:06.382+0530: 2.080: [GC (Allocation Failure) 2023-04-20T15:13:06.382+0530: 2.080: [ParNew
Desired survivor size 20112992 bytes, new threshold 8 (max 8)
- age   1:    8430688 bytes,    8430688 total
- age   2:     117600 bytes,    8548288 total
- age   3:      82016 bytes,    8630304 total
- age   4:      91112 bytes,    8721416 total
- age   5:     121768 bytes,    8843184 total
- age   6:     277016 bytes,    9120200 total
- age   7:    8129944 bytes,   17250144 total
- age   8:    2322152 bytes,   19572296 total
: 103475K->21824K(109248K), 0.0164479 secs] 111734K->30622K(502464K), 0.0165336 secs] [Times: user=0.07 sys=0.01, real=0.02 secs] 
Heap after GC invocations=17 (full 1):
 par new generation   total 109248K, used 21824K [0x00000000e0000000, 0x00000000e8000000, 0x00000000e8000000)
  eden space 87424K,   0% used [0x00000000e0000000, 0x00000000e0000000, 0x00000000e5560000)
  from space 21824K, 100% used [0x00000000e6ab0000, 0x00000000e8000000, 0x00000000e8000000)
  to   space 21824K,   0% used [0x00000000e5560000, 0x00000000e5560000, 0x00000000e6ab0000)
 concurrent mark-sweep generation total 393216K, used 8798K [0x00000000e8000000, 0x0000000100000000, 0x0000000100000000)
 Metaspace       used 29419K, capacity 29816K, committed 30076K, reserved 1075200K
  class space    used 3433K, capacity 3598K, committed 3708K, reserved 1048576K
}
2023-04-20T15:13:06.399+0530: 2.097: Total time for which application threads were stopped: 0.0177741 seconds, Stopping threads took: 0.0010185 seconds
{Heap before GC invocations=17 (full 1):
 par new generation   total 109248K, used 109248K [0x00000000e0000000, 0x00000000e8000000, 0x00000000e8000000)
  eden space 87424K, 100% used [0x00000000e0000000, 0x00000000e5560000, 0x00000000e5560000)
  from space 21824K, 100% used [0x00000000e6ab0000, 0x00000000e8000000, 0x00000000e8000000)
  to   space 21824K,   0% used [0x00000000e5560000, 0x00000000e5560000, 0x00000000e6ab0000)
 concurrent mark-sweep generation total 393216K, used 8798K [0x00000000e8000000, 0x0000000100000000, 0x0000000100000000)
 Metaspace       used 29423K, capacity 29816K, committed 30076K, reserved 1075200K
  class space    used 3433K, capacity 3598K, committed 3708K, reserved 1048576K
2023-04-20T15:13:06.437+0530: 2.135: [GC (Allocation Failure) 2023-04-20T15:13:06.437+0530: 2.135: [ParNew
Desired survivor size 20112992 bytes, new threshold 8 (max 8)
- age   1:     820968 bytes,     820968 total
- age   2:    7877608 bytes,    8698576 total
- age   3:     117600 bytes,    8816176 total
- age   4:      82016 bytes,    8898192 total
- age   5:      91096 bytes,    8989288 total
- age   6:     121664 bytes,    9110952 total
- age   7:     276968 bytes,    9387920 total
- age   8:    8129800 bytes,   17517720 total
: 109248K->21824K(109248K), 0.0133124 secs] 118046K->33177K(502464K), 0.0133823 secs] [Times: user=0.08 sys=0.00, real=0.01 secs] 
Heap after GC invocations=18 (full 1):
 par new generation   total 109248K, used 21824K [0x00000000e0000000, 0x00000000e8000000, 0x00000000e8000000)
  eden space 87424K,   0% used [0x00000000e0000000, 0x00000000e0000000, 0x00000000e5560000)
  from space 21824K, 100% used [0x00000000e5560000, 0x00000000e6ab0000, 0x00000000e6ab0000)
  to   space 21824K,   0% used [0x00000000e6ab0000, 0x00000000e6ab0000, 0x00000000e8000000)
 concurrent mark-sweep generation total 393216K, used 11353K [0x00000000e8000000, 0x0000000100000000, 0x0000000100000000)
 Metaspace       used 29423K, capacity 29816K, committed 30076K, reserved 1075200K
  class space    used 3433K, capacity 3598K, committed 3708K, reserved 1048576K
}
2023-04-20T15:13:06.451+0530: 2.149: Total time for which application threads were stopped: 0.0135131 seconds, Stopping threads took: 0.0000206 seconds
{Heap before GC invocations=18 (full 1):
 par new generation   total 109248K, used 109248K [0x00000000e0000000, 0x00000000e8000000, 0x00000000e8000000)
  eden space 87424K, 100% used [0x00000000e0000000, 0x00000000e5560000, 0x00000000e5560000)
  from space 21824K, 100% used [0x00000000e5560000, 0x00000000e6ab0000, 0x00000000e6ab0000)
  to   space 21824K,   0% used [0x00000000e6ab0000, 0x00000000e6ab0000, 0x00000000e8000000)
 concurrent mark-sweep generation total 393216K, used 11353K [0x00000000e8000000, 0x0000000100000000, 0x0000000100000000)
 Metaspace       used 29475K, capacity 29944K, committed 30332K, reserved 1075200K
  class space    used 3433K, capacity 3598K, committed 3708K, reserved 1048576K
2023-04-20T15:13:06.540+0530: 2.238: [GC (Allocation Failure) 2023-04-20T15:13:06.540+0530: 2.238: [ParNew
Desired survivor size 20112992 bytes, new threshold 8 (max 8)
- age   1:    1261376 bytes,    1261376 total
- age   2:     149984 bytes,    1411360 total
- age   3:    7875632 bytes,    9286992 total
- age   4:     117600 bytes,    9404592 total
- age   5:      82016 bytes,    9486608 total
- age   6:      91096 bytes,    9577704 total
- age   7:     121664 bytes,    9699368 total
- age   8:     276968 bytes,    9976336 total
: 109248K->21481K(109248K), 0.0143698 secs] 120601K->40790K(502464K), 0.0144527 secs] [Times: user=0.07 sys=0.01, real=0.01 secs] 
Heap after GC invocations=19 (full 1):
 par new generation   total 109248K, used 21481K [0x00000000e0000000, 0x00000000e8000000, 0x00000000e8000000)
  eden space 87424K,   0% used [0x00000000e0000000, 0x00000000e0000000, 0x00000000e5560000)
  from space 21824K,  98% used [0x00000000e6ab0000, 0x00000000e7faa7f8, 0x00000000e8000000)
  to   space 21824K,   0% used [0x00000000e5560000, 0x00000000e5560000, 0x00000000e6ab0000)
 concurrent mark-sweep generation total 393216K, used 19308K [0x00000000e8000000, 0x0000000100000000, 0x0000000100000000)
 Metaspace       used 29475K, capacity 29944K, committed 30332K, reserved 1075200K
  class space    used 3433K, capacity 3598K, committed 3708K, reserved 1048576K
}
2023-04-20T15:13:06.554+0530: 2.252: Total time for which application threads were stopped: 0.0146410 seconds, Stopping threads took: 0.0000206 seconds
2023-04-20T15:13:07.438+0530: 3.136: Total time for which application threads were stopped: 0.0004310 seconds, Stopping threads took: 0.0000183 seconds
2023-04-20T15:13:07.439+0530: 3.137: Total time for which application threads were stopped: 0.0003186 seconds, Stopping threads took: 0.0000065 seconds
2023-04-20T15:13:08.340+0530: 4.038: Total time for which application threads were stopped: 0.0010915 seconds, Stopping threads took: 0.0000530 seconds
2023-04-20T15:13:11.747+0530: 6.548: Total time for which application threads were stopped: 0.0010271 seconds, Stopping threads took: 0.0004444 seconds
2023-04-20T15:13:11.753+0530: 6.554: Total time for which application threads were stopped: 0.0000924 seconds, Stopping threads took: 0.0000252 seconds
2023-04-20T15:13:11.758+0530: 6.560: Total time for which application threads were stopped: 0.0000775 seconds, Stopping threads took: 0.0000170 seconds
2023-04-20T15:13:11.798+0530: 6.599: Total time for which application threads were stopped: 0.0004973 seconds, Stopping threads took: 0.0000236 seconds
2023-04-20T15:13:11.870+0530: 6.671: Total time for which application threads were stopped: 0.0004005 seconds, Stopping threads took: 0.0000168 seconds
2023-04-20T15:13:11.870+0530: 6.672: Total time for which application threads were stopped: 0.0003268 seconds, Stopping threads took: 0.0000104 seconds
2023-04-20T15:13:11.882+0530: 6.683: Total time for which application threads were stopped: 0.0004260 seconds, Stopping threads took: 0.0000209 seconds
2023-04-20T15:13:12.017+0530: 6.818: Total time for which application threads were stopped: 0.0001071 seconds, Stopping threads took: 0.0000148 seconds
2023-04-20T15:13:12.049+0530: 6.850: Total time for which application threads were stopped: 0.0001535 seconds, Stopping threads took: 0.0000180 seconds
2023-04-20T15:13:12.054+0530: 6.855: Total time for which application threads were stopped: 0.0000601 seconds, Stopping threads took: 0.0000175 seconds
2023-04-20T15:13:13.451+0530: 8.252: [GC (CMS Initial Mark) [1 CMS-initial-mark: 19308K(393216K)] 85245K(502464K), 0.0199781 secs] [Times: user=0.07 sys=0.00, real=0.02 secs] 
2023-04-20T15:13:13.471+0530: 8.272: Total time for which application threads were stopped: 0.0202366 seconds, Stopping threads took: 0.0000439 seconds
2023-04-20T15:13:13.471+0530: 8.272: [CMS-concurrent-mark-start]
2023-04-20T15:13:13.488+0530: 8.289: [CMS-concurrent-mark: 0.017/0.017 secs] [Times: user=0.07 sys=0.00, real=0.02 secs] 
2023-04-20T15:13:13.488+0530: 8.289: [CMS-concurrent-preclean-start]
2023-04-20T15:13:13.490+0530: 8.291: [CMS-concurrent-preclean: 0.002/0.002 secs] [Times: user=0.00 sys=0.00, real=0.00 secs] 
2023-04-20T15:13:13.490+0530: 8.291: [CMS-concurrent-abortable-preclean-start]
2023-04-20T15:13:14.022+0530: 8.824: Total time for which application threads were stopped: 0.0000882 seconds, Stopping threads took: 0.0000180 seconds
2023-04-20T15:13:14.023+0530: 8.824: Total time for which application threads were stopped: 0.0000376 seconds, Stopping threads took: 0.0000094 seconds
2023-04-20T15:13:14.023+0530: 8.824: Total time for which application threads were stopped: 0.0000330 seconds, Stopping threads took: 0.0000084 seconds
2023-04-20T15:13:14.023+0530: 8.824: Total time for which application threads were stopped: 0.0000502 seconds, Stopping threads took: 0.0000206 seconds
2023-04-20T15:13:14.023+0530: 8.824: Total time for which application threads were stopped: 0.0000444 seconds, Stopping threads took: 0.0000175 seconds
2023-04-20T15:13:14.024+0530: 8.825: Total time for which application threads were stopped: 0.0000600 seconds, Stopping threads took: 0.0000294 seconds
2023-04-20T15:13:14.024+0530: 8.825: Total time for which application threads were stopped: 0.0000427 seconds, Stopping threads took: 0.0000174 seconds
2023-04-20T15:13:14.024+0530: 8.825: Total time for which application threads were stopped: 0.0000351 seconds, Stopping threads took: 0.0000133 seconds
2023-04-20T15:13:14.024+0530: 8.825: Total time for which application threads were stopped: 0.0000305 seconds, Stopping threads took: 0.0000066 seconds
2023-04-20T15:13:14.024+0530: 8.825: Total time for which application threads were stopped: 0.0000287 seconds, Stopping threads took: 0.0000055 seconds
2023-04-20T15:13:15.024+0530: 9.825: Total time for which application threads were stopped: 0.0000839 seconds, Stopping threads took: 0.0000178 seconds
 CMS: abort preclean due to time 2023-04-20T15:13:19.616+0530: 14.417: [CMS-concurrent-abortable-preclean: 2.926/6.126 secs] [Times: user=2.97 sys=0.00, real=6.13 secs] 
2023-04-20T15:13:19.616+0530: 14.417: [GC (CMS Final Remark) [YG occupancy: 65937 K (109248 K)]{Heap before GC invocations=19 (full 2):
 par new generation   total 109248K, used 65937K [0x00000000e0000000, 0x00000000e8000000, 0x00000000e8000000)
  eden space 87424K,  50% used [0x00000000e0000000, 0x00000000e2b69c80, 0x00000000e5560000)
  from space 21824K,  98% used [0x00000000e6ab0000, 0x00000000e7faa7f8, 0x00000000e8000000)
  to   space 21824K,   0% used [0x00000000e5560000, 0x00000000e5560000, 0x00000000e6ab0000)
 concurrent mark-sweep generation total 393216K, used 19308K [0x00000000e8000000, 0x0000000100000000, 0x0000000100000000)
 Metaspace       used 36242K, capacity 36908K, committed 37188K, reserved 1081344K
  class space    used 4249K, capacity 4440K, committed 4476K, reserved 1048576K
2023-04-20T15:13:19.616+0530: 14.417: [GC (CMS Final Remark) 2023-04-20T15:13:19.616+0530: 14.417: [ParNew
Desired survivor size 20112992 bytes, new threshold 8 (max 8)
- age   1:    6837016 bytes,    6837016 total
- age   2:    1254104 bytes,    8091120 total
- age   3:     149672 bytes,    8240792 total
- age   4:    7871816 bytes,   16112608 total
- age   5:     117600 bytes,   16230208 total
- age   6:      82016 bytes,   16312224 total
- age   7:      91096 bytes,   16403320 total
- age   8:     121664 bytes,   16524984 total
: 65937K->19900K(109248K), 0.0093957 secs] 85245K->39510K(502464K), 0.0094591 secs] [Times: user=0.04 sys=0.00, real=0.01 secs] 
Heap after GC invocations=20 (full 2):
 par new generation   total 109248K, used 19900K [0x00000000e0000000, 0x00000000e8000000, 0x00000000e8000000)
  eden space 87424K,   0% used [0x00000000e0000000, 0x00000000e0000000, 0x00000000e5560000)
  from space 21824K,  91% used [0x00000000e5560000, 0x00000000e68cf038, 0x00000000e6ab0000)
  to   space 21824K,   0% used [0x00000000e6ab0000, 0x00000000e6ab0000, 0x00000000e8000000)
 concurrent mark-sweep generation total 393216K, used 19610K [0x00000000e8000000, 0x0000000100000000, 0x0000000100000000)
 Metaspace       used 36242K, capacity 36908K, committed 37188K, reserved 1081344K
  class space    used 4249K, capacity 4440K, committed 4476K, reserved 1048576K
}
2023-04-20T15:13:19.625+0530: 14.426: [Rescan (parallel) , 0.0032297 secs]2023-04-20T15:13:19.629+0530: 14.430: [weak refs processing, 0.0003374 secs]2023-04-20T15:13:19.629+0530: 14.430: [class unloading, 0.0054199 secs]2023-04-20T15:13:19.634+0530: 14.436: [scrub symbol table, 0.0035734 secs]2023-04-20T15:13:19.638+0530: 14.439: [scrub string table, 0.0005360 secs][1 CMS-remark: 19610K(393216K)] 39510K(502464K), 0.0229045 secs] [Times: user=0.06 sys=0.01, real=0.02 secs] 
2023-04-20T15:13:19.639+0530: 14.440: Total time for which application threads were stopped: 0.0230136 seconds, Stopping threads took: 0.0000240 seconds
2023-04-20T15:13:19.639+0530: 14.440: [CMS-concurrent-sweep-start]
2023-04-20T15:13:19.639+0530: 14.440: Total time for which application threads were stopped: 0.0000935 seconds, Stopping threads took: 0.0000590 seconds
2023-04-20T15:13:19.639+0530: 14.440: Total time for which application threads were stopped: 0.0000493 seconds, Stopping threads took: 0.0000236 seconds
2023-04-20T15:13:19.640+0530: 14.441: Total time for which application threads were stopped: 0.0000874 seconds, Stopping threads took: 0.0000650 seconds
2023-04-20T15:13:19.640+0530: 14.441: Total time for which application threads were stopped: 0.0000478 seconds, Stopping threads took: 0.0000132 seconds
2023-04-20T15:13:19.640+0530: 14.441: Total time for which application threads were stopped: 0.0000318 seconds, Stopping threads took: 0.0000105 seconds
2023-04-20T15:13:19.640+0530: 14.441: Total time for which application threads were stopped: 0.0000220 seconds, Stopping threads took: 0.0000046 seconds
2023-04-20T15:13:19.640+0530: 14.441: Total time for which application threads were stopped: 0.0000263 seconds, Stopping threads took: 0.0000089 seconds
2023-04-20T15:13:19.640+0530: 14.441: Total time for which application threads were stopped: 0.0000346 seconds, Stopping threads took: 0.0000168 seconds
2023-04-20T15:13:19.640+0530: 14.441: Total time for which application threads were stopped: 0.0000366 seconds, Stopping threads took: 0.0000200 seconds
2023-04-20T15:13:19.640+0530: 14.441: Total time for which application threads were stopped: 0.0000287 seconds, Stopping threads took: 0.0000120 seconds
2023-04-20T15:13:19.646+0530: 14.447: [CMS-concurrent-sweep: 0.006/0.007 secs] [Times: user=0.02 sys=0.00, real=0.01 secs] 
2023-04-20T15:13:19.646+0530: 14.447: [CMS-concurrent-reset-start]
2023-04-20T15:13:19.646+0530: 14.447: [CMS-concurrent-reset: 0.000/0.000 secs] [Times: user=0.00 sys=0.00, real=0.00 secs] 
2023-04-20T15:13:20.641+0530: 15.442: Total time for which application threads were stopped: 0.0002537 seconds, Stopping threads took: 0.0000544 seconds
2023-04-20T15:13:20.707+0530: 15.509: Total time for which application threads were stopped: 0.0001413 seconds, Stopping threads took: 0.0000346 seconds
2023-04-20T15:13:20.708+0530: 15.509: Total time for which application threads were stopped: 0.0001249 seconds, Stopping threads took: 0.0000476 seconds
2023-04-20T15:13:20.710+0530: 15.511: Total time for which application threads were stopped: 0.0002101 seconds, Stopping threads took: 0.0000763 seconds
2023-04-20T15:13:20.724+0530: 15.525: Total time for which application threads were stopped: 0.0001302 seconds, Stopping threads took: 0.0000239 seconds
2023-04-20T15:13:20.724+0530: 15.525: Total time for which application threads were stopped: 0.0001051 seconds, Stopping threads took: 0.0000411 seconds
2023-04-20T15:13:20.726+0530: 15.528: Total time for which application threads were stopped: 0.0001091 seconds, Stopping threads took: 0.0000397 seconds
2023-04-20T15:13:20.727+0530: 15.528: Total time for which application threads were stopped: 0.0002333 seconds, Stopping threads took: 0.0000326 seconds
2023-04-20T15:13:20.727+0530: 15.528: Total time for which application threads were stopped: 0.0001051 seconds, Stopping threads took: 0.0000386 seconds
2023-04-20T15:13:20.727+0530: 15.528: Total time for which application threads were stopped: 0.0000787 seconds, Stopping threads took: 0.0000259 seconds
2023-04-20T15:13:20.727+0530: 15.529: Total time for which application threads were stopped: 0.0000696 seconds, Stopping threads took: 0.0000161 seconds
2023-04-20T15:13:20.728+0530: 15.530: Total time for which application threads were stopped: 0.0001268 seconds, Stopping threads took: 0.0000568 seconds
2023-04-20T15:13:20.729+0530: 15.530: Total time for which application threads were stopped: 0.0000922 seconds, Stopping threads took: 0.0000394 seconds
2023-04-20T15:13:20.737+0530: 15.538: Total time for which application threads were stopped: 0.0000907 seconds, Stopping threads took: 0.0000304 seconds
2023-04-20T15:13:20.737+0530: 15.538: Total time for which application threads were stopped: 0.0000632 seconds, Stopping threads took: 0.0000127 seconds
2023-04-20T15:13:20.737+0530: 15.538: Total time for which application threads were stopped: 0.0000563 seconds, Stopping threads took: 0.0000107 seconds
2023-04-20T15:13:20.737+0530: 15.538: Total time for which application threads were stopped: 0.0000527 seconds, Stopping threads took: 0.0000101 seconds
2023-04-20T15:13:20.737+0530: 15.538: Total time for which application threads were stopped: 0.0001182 seconds, Stopping threads took: 0.0000614 seconds
2023-04-20T15:13:20.738+0530: 15.540: Total time for which application threads were stopped: 0.0001275 seconds, Stopping threads took: 0.0000396 seconds
2023-04-20T15:13:20.739+0530: 15.540: Total time for which application threads were stopped: 0.0000757 seconds, Stopping threads took: 0.0000172 seconds
2023-04-20T15:13:20.739+0530: 15.540: Total time for which application threads were stopped: 0.0000636 seconds, Stopping threads took: 0.0000210 seconds
2023-04-20T15:13:20.739+0530: 15.540: Total time for which application threads were stopped: 0.0000705 seconds, Stopping threads took: 0.0000192 seconds
2023-04-20T15:13:20.739+0530: 15.540: Total time for which application threads were stopped: 0.0000654 seconds, Stopping threads took: 0.0000200 seconds
2023-04-20T15:13:21.739+0530: 16.540: Total time for which application threads were stopped: 0.0000947 seconds, Stopping threads took: 0.0000267 seconds
2023-04-20T15:13:22.740+0530: 17.541: Total time for which application threads were stopped: 0.0002826 seconds, Stopping threads took: 0.0000661 seconds
2023-04-20T15:13:23.740+0530: 18.541: Total time for which application threads were stopped: 0.0002847 seconds, Stopping threads took: 0.0000690 seconds
2023-04-20T15:13:25.741+0530: 20.542: Total time for which application threads were stopped: 0.0002994 seconds, Stopping threads took: 0.0000600 seconds
2023-04-20T15:13:45.744+0530: 40.545: Total time for which application threads were stopped: 0.0003326 seconds, Stopping threads took: 0.0001204 seconds
2023-04-20T15:13:52.746+0530: 47.547: Total time for which application threads were stopped: 0.0002835 seconds, Stopping threads took: 0.0000686 seconds
2023-04-20T15:14:10.731+0530: 65.532: Total time for which application threads were stopped: 0.0003908 seconds, Stopping threads took: 0.0001589 seconds
2023-04-20T15:14:10.731+0530: 65.533: Total time for which application threads were stopped: 0.0002473 seconds, Stopping threads took: 0.0001156 seconds
2023-04-20T15:14:12.962+0530: 67.763: Total time for which application threads were stopped: 0.0003924 seconds, Stopping threads took: 0.0003140 seconds
2023-04-20T15:14:12.962+0530: 67.764: Total time for which application threads were stopped: 0.0000794 seconds, Stopping threads took: 0.0000188 seconds
2023-04-20T15:14:18.963+0530: 73.764: Total time for which application threads were stopped: 0.0000865 seconds, Stopping threads took: 0.0000227 seconds
2023-04-20T15:14:20.738+0530: 75.539: Total time for which application threads were stopped: 0.0002534 seconds, Stopping threads took: 0.0000616 seconds
2023-04-20T15:14:33.960+0530: 88.761: Total time for which application threads were stopped: 0.0002583 seconds, Stopping threads took: 0.0001088 seconds
2023-04-20T15:14:33.960+0530: 88.762: Total time for which application threads were stopped: 0.0001301 seconds, Stopping threads took: 0.0000312 seconds
2023-04-20T15:14:33.962+0530: 88.763: Total time for which application threads were stopped: 0.0001555 seconds, Stopping threads took: 0.0000376 seconds
2023-04-20T15:14:33.964+0530: 88.765: Total time for which application threads were stopped: 0.0001255 seconds, Stopping threads took: 0.0000358 seconds
2023-04-20T15:14:33.964+0530: 88.765: Total time for which application threads were stopped: 0.0001220 seconds, Stopping threads took: 0.0000539 seconds
2023-04-20T15:14:33.964+0530: 88.765: Total time for which application threads were stopped: 0.0000722 seconds, Stopping threads took: 0.0000188 seconds
2023-04-20T15:14:33.965+0530: 88.767: Total time for which application threads were stopped: 0.0002746 seconds, Stopping threads took: 0.0001756 seconds
2023-04-20T15:14:33.968+0530: 88.769: Total time for which application threads were stopped: 0.0002174 seconds, Stopping threads took: 0.0000914 seconds
2023-04-20T15:14:33.968+0530: 88.769: Total time for which application threads were stopped: 0.0001114 seconds, Stopping threads took: 0.0000301 seconds
2023-04-20T15:14:33.968+0530: 88.769: Total time for which application threads were stopped: 0.0001512 seconds, Stopping threads took: 0.0000890 seconds
2023-04-20T15:14:33.970+0530: 88.771: Total time for which application threads were stopped: 0.0001922 seconds, Stopping threads took: 0.0000857 seconds
2023-04-20T15:14:33.972+0530: 88.773: Total time for which application threads were stopped: 0.0000974 seconds, Stopping threads took: 0.0000299 seconds
2023-04-20T15:14:33.972+0530: 88.774: Total time for which application threads were stopped: 0.0000582 seconds, Stopping threads took: 0.0000141 seconds
2023-04-20T15:14:33.972+0530: 88.774: Total time for which application threads were stopped: 0.0000449 seconds, Stopping threads took: 0.0000113 seconds
2023-04-20T15:14:33.973+0530: 88.774: Total time for which application threads were stopped: 0.0000570 seconds, Stopping threads took: 0.0000238 seconds
2023-04-20T15:14:33.973+0530: 88.774: Total time for which application threads were stopped: 0.0000685 seconds, Stopping threads took: 0.0000231 seconds
2023-04-20T15:14:33.974+0530: 88.775: Total time for which application threads were stopped: 0.0001145 seconds, Stopping threads took: 0.0000285 seconds
2023-04-20T15:14:33.974+0530: 88.776: Total time for which application threads were stopped: 0.0000844 seconds, Stopping threads took: 0.0000319 seconds
2023-04-20T15:14:33.974+0530: 88.776: Total time for which application threads were stopped: 0.0000539 seconds, Stopping threads took: 0.0000166 seconds
2023-04-20T15:14:33.975+0530: 88.776: Total time for which application threads were stopped: 0.0000602 seconds, Stopping threads took: 0.0000238 seconds
2023-04-20T15:14:33.975+0530: 88.776: Total time for which application threads were stopped: 0.0001738 seconds, Stopping threads took: 0.0001350 seconds
2023-04-20T15:14:35.770+0530: 90.571: Total time for which application threads were stopped: 0.0000777 seconds, Stopping threads took: 0.0000186 seconds
2023-04-20T15:14:35.770+0530: 90.572: Total time for which application threads were stopped: 0.0000726 seconds, Stopping threads took: 0.0000151 seconds
2023-04-20T15:14:35.771+0530: 90.572: Total time for which application threads were stopped: 0.0000690 seconds, Stopping threads took: 0.0000120 seconds
2023-04-20T15:14:36.772+0530: 91.573: Total time for which application threads were stopped: 0.0003342 seconds, Stopping threads took: 0.0000651 seconds
2023-04-20T15:14:42.773+0530: 97.574: Total time for which application threads were stopped: 0.0003412 seconds, Stopping threads took: 0.0001118 seconds
2023-04-20T15:15:12.778+0530: 127.579: Total time for which application threads were stopped: 0.0002617 seconds, Stopping threads took: 0.0000669 seconds
2023-04-20T15:15:14.779+0530: 129.580: Total time for which application threads were stopped: 0.0003084 seconds, Stopping threads took: 0.0001233 seconds
2023-04-20T15:15:22.780+0530: 137.582: Total time for which application threads were stopped: 0.0002546 seconds, Stopping threads took: 0.0000646 seconds
2023-04-20T15:15:24.962+0530: 139.763: Total time for which application threads were stopped: 0.0004458 seconds, Stopping threads took: 0.0001864 seconds
2023-04-20T15:15:24.962+0530: 139.763: Total time for which application threads were stopped: 0.0001434 seconds, Stopping threads took: 0.0000789 seconds
2023-04-20T15:15:33.975+0530: 148.777: Total time for which application threads were stopped: 0.0002637 seconds, Stopping threads took: 0.0000643 seconds
2023-04-20T15:15:57.979+0530: 172.780: Total time for which application threads were stopped: 0.0001500 seconds, Stopping threads took: 0.0000381 seconds
2023-04-20T15:16:37.986+0530: 212.787: Total time for which application threads were stopped: 0.0003196 seconds, Stopping threads took: 0.0001227 seconds
2023-04-20T15:16:42.995+0530: 217.796: Total time for which application threads were stopped: 0.0000710 seconds, Stopping threads took: 0.0000150 seconds
2023-04-20T15:16:42.996+0530: 217.797: Total time for which application threads were stopped: 0.0000630 seconds, Stopping threads took: 0.0000139 seconds
2023-04-20T15:16:42.997+0530: 217.798: Total time for which application threads were stopped: 0.0000502 seconds, Stopping threads took: 0.0000106 seconds
2023-04-20T15:16:42.997+0530: 217.798: Total time for which application threads were stopped: 0.0000569 seconds, Stopping threads took: 0.0000195 seconds
2023-04-20T15:16:43.003+0530: 217.805: Total time for which application threads were stopped: 0.0000702 seconds, Stopping threads took: 0.0000109 seconds
2023-04-20T15:16:43.007+0530: 217.808: Total time for which application threads were stopped: 0.0000666 seconds, Stopping threads took: 0.0000151 seconds
2023-04-20T15:16:43.009+0530: 217.811: Total time for which application threads were stopped: 0.0000701 seconds, Stopping threads took: 0.0000128 seconds
2023-04-20T15:16:43.012+0530: 217.813: Total time for which application threads were stopped: 0.0000561 seconds, Stopping threads took: 0.0000111 seconds
2023-04-20T15:16:43.012+0530: 217.814: Total time for which application threads were stopped: 0.0000532 seconds, Stopping threads took: 0.0000233 seconds
2023-04-20T15:16:43.012+0530: 217.814: Total time for which application threads were stopped: 0.0000266 seconds, Stopping threads took: 0.0000068 seconds
2023-04-20T15:16:43.012+0530: 217.814: Total time for which application threads were stopped: 0.0000444 seconds, Stopping threads took: 0.0000267 seconds
2023-04-20T15:16:43.014+0530: 217.815: Total time for which application threads were stopped: 0.0000668 seconds, Stopping threads took: 0.0000105 seconds
2023-04-20T15:16:43.016+0530: 217.817: Total time for which application threads were stopped: 0.0000574 seconds, Stopping threads took: 0.0000141 seconds
2023-04-20T15:16:43.019+0530: 217.820: Total time for which application threads were stopped: 0.0000608 seconds, Stopping threads took: 0.0000117 seconds
2023-04-20T15:16:43.020+0530: 217.821: Total time for which application threads were stopped: 0.0001851 seconds, Stopping threads took: 0.0001520 seconds
Heap
 par new generation   total 109248K, used 36399K [0x00000000e0000000, 0x00000000e8000000, 0x00000000e8000000)
  eden space 87424K,  18% used [0x00000000e0000000, 0x00000000e101cbe8, 0x00000000e5560000)
  from space 21824K,  91% used [0x00000000e5560000, 0x00000000e68cf038, 0x00000000e6ab0000)
  to   space 21824K,   0% used [0x00000000e6ab0000, 0x00000000e6ab0000, 0x00000000e8000000)
 concurrent mark-sweep generation total 393216K, used 19306K [0x00000000e8000000, 0x0000000100000000, 0x0000000100000000)
 Metaspace       used 36548K, capacity 37162K, committed 37444K, reserved 1083392K
  class space    used 4278K, capacity 4465K, committed 4476K, reserved 1048576K
