OpenJDK 64-Bit Server VM (25.362-b09) for linux-amd64 JRE (1.8.0_362-8u362-ga-0ubuntu1~22.04-b09), built on Jan 24 2023 19:02:58 by "buildd" with gcc 11.3.0
Memory: 4k page, physical 32636936k(26443588k free), swap 2097148k(2097148k free)
CommandLine flags: -XX:CMSInitiatingOccupancyFraction=50 -XX:CMSMaxAbortablePrecleanTime=6000 -XX:+CMSParallelRemarkEnabled -XX:+CMSScavengeBeforeRemark -XX:ConcGCThreads=4 -XX:InitialHeapSize=536870912 -XX:MaxHeapSize=536870912 -XX:MaxTenuringThreshold=8 -XX:NewRatio=3 -XX:OldPLABSize=16 -XX:ParallelGCThreads=4 -XX:+ParallelRefProcEnabled -XX:PretenureSizeThreshold=67108864 -XX:+PrintGC -XX:+PrintGCApplicationStoppedTime -XX:+PrintGCDateStamps -XX:+PrintGCDetails -XX:+PrintGCTimeStamps -XX:+PrintHeapAtGC -XX:+PrintTenuringDistribution -XX:SurvivorRatio=4 -XX:TargetSurvivorRatio=90 -XX:ThreadStackSize=256 -XX:+UseCMSInitiatingOccupancyOnly -XX:+UseCompressedClassPointers -XX:+UseCompressedOops -XX:+UseConcMarkSweepGC -XX:+UseParNewGC 
2023-04-15T12:05:12.810+0530: 0.097: Total time for which application threads were stopped: 0.0000917 seconds, Stopping threads took: 0.0000278 seconds
2023-04-15T12:05:12.932+0530: 0.219: Total time for which application threads were stopped: 0.0001388 seconds, Stopping threads took: 0.0000151 seconds
2023-04-15T12:05:12.996+0530: 0.283: Total time for which application threads were stopped: 0.0001242 seconds, Stopping threads took: 0.0000107 seconds
2023-04-15T12:05:13.060+0530: 0.347: Total time for which application threads were stopped: 0.0001540 seconds, Stopping threads took: 0.0000111 seconds
2023-04-15T12:05:13.093+0530: 0.381: Total time for which application threads were stopped: 0.0001455 seconds, Stopping threads took: 0.0000126 seconds
2023-04-15T12:05:13.102+0530: 0.389: Total time for which application threads were stopped: 0.0001477 seconds, Stopping threads took: 0.0000149 seconds
2023-04-15T12:05:13.109+0530: 0.396: Total time for which application threads were stopped: 0.0001716 seconds, Stopping threads took: 0.0000171 seconds
{Heap before GC invocations=0 (full 0):
 par new generation   total 109248K, used 87424K [0x00000000e0000000, 0x00000000e8000000, 0x00000000e8000000)
  eden space 87424K, 100% used [0x00000000e0000000, 0x00000000e5560000, 0x00000000e5560000)
  from space 21824K,   0% used [0x00000000e5560000, 0x00000000e5560000, 0x00000000e6ab0000)
  to   space 21824K,   0% used [0x00000000e6ab0000, 0x00000000e6ab0000, 0x00000000e8000000)
 concurrent mark-sweep generation total 393216K, used 0K [0x00000000e8000000, 0x0000000100000000, 0x0000000100000000)
 Metaspace       used 10224K, capacity 10392K, committed 10496K, reserved 1058816K
  class space    used 1165K, capacity 1208K, committed 1280K, reserved 1048576K
2023-04-15T12:05:13.286+0530: 0.573: [GC (Allocation Failure) 2023-04-15T12:05:13.286+0530: 0.573: [ParNew
Desired survivor size 20112992 bytes, new threshold 8 (max 8)
- age   1:    5747288 bytes,    5747288 total
: 87424K->5668K(109248K), 0.0054136 secs] 87424K->5668K(502464K), 0.0055022 secs] [Times: user=0.02 sys=0.00, real=0.01 secs] 
Heap after GC invocations=1 (full 0):
 par new generation   total 109248K, used 5668K [0x00000000e0000000, 0x00000000e8000000, 0x00000000e8000000)
  eden space 87424K,   0% used [0x00000000e0000000, 0x00000000e0000000, 0x00000000e5560000)
  from space 21824K,  25% used [0x00000000e6ab0000, 0x00000000e70393f8, 0x00000000e8000000)
  to   space 21824K,   0% used [0x00000000e5560000, 0x00000000e5560000, 0x00000000e6ab0000)
 concurrent mark-sweep generation total 393216K, used 0K [0x00000000e8000000, 0x0000000100000000, 0x0000000100000000)
 Metaspace       used 10224K, capacity 10392K, committed 10496K, reserved 1058816K
  class space    used 1165K, capacity 1208K, committed 1280K, reserved 1048576K
}
2023-04-15T12:05:13.292+0530: 0.579: Total time for which application threads were stopped: 0.0056503 seconds, Stopping threads took: 0.0000166 seconds
2023-04-15T12:05:13.349+0530: 0.636: Total time for which application threads were stopped: 0.0001685 seconds, Stopping threads took: 0.0000209 seconds
2023-04-15T12:05:13.378+0530: 0.665: Total time for which application threads were stopped: 0.0001539 seconds, Stopping threads took: 0.0000115 seconds
2023-04-15T12:05:13.463+0530: 0.750: Total time for which application threads were stopped: 0.0002010 seconds, Stopping threads took: 0.0000102 seconds
2023-04-15T12:05:13.489+0530: 0.776: Total time for which application threads were stopped: 0.0002422 seconds, Stopping threads took: 0.0000196 seconds
2023-04-15T12:05:13.519+0530: 0.806: Total time for which application threads were stopped: 0.0002351 seconds, Stopping threads took: 0.0000193 seconds
2023-04-15T12:05:13.520+0530: 0.807: Total time for which application threads were stopped: 0.0001580 seconds, Stopping threads took: 0.0000133 seconds
2023-04-15T12:05:13.574+0530: 0.861: Total time for which application threads were stopped: 0.0002383 seconds, Stopping threads took: 0.0000177 seconds
2023-04-15T12:05:13.640+0530: 0.927: Total time for which application threads were stopped: 0.0004445 seconds, Stopping threads took: 0.0002106 seconds
{Heap before GC invocations=1 (full 0):
 par new generation   total 109248K, used 93092K [0x00000000e0000000, 0x00000000e8000000, 0x00000000e8000000)
  eden space 87424K, 100% used [0x00000000e0000000, 0x00000000e5560000, 0x00000000e5560000)
  from space 21824K,  25% used [0x00000000e6ab0000, 0x00000000e70393f8, 0x00000000e8000000)
  to   space 21824K,   0% used [0x00000000e5560000, 0x00000000e5560000, 0x00000000e6ab0000)
 concurrent mark-sweep generation total 393216K, used 0K [0x00000000e8000000, 0x0000000100000000, 0x0000000100000000)
 Metaspace       used 19936K, capacity 20276K, committed 20480K, reserved 1067008K
  class space    used 2306K, capacity 2456K, committed 2560K, reserved 1048576K
2023-04-15T12:05:13.809+0530: 1.096: [GC (Allocation Failure) 2023-04-15T12:05:13.809+0530: 1.096: [ParNew
Desired survivor size 20112992 bytes, new threshold 8 (max 8)
- age   1:   10505520 bytes,   10505520 total
- age   2:    2528216 bytes,   13033736 total
: 93092K->15102K(109248K), 0.0075979 secs] 93092K->15102K(502464K), 0.0076630 secs] [Times: user=0.01 sys=0.01, real=0.00 secs] 
Heap after GC invocations=2 (full 0):
 par new generation   total 109248K, used 15102K [0x00000000e0000000, 0x00000000e8000000, 0x00000000e8000000)
  eden space 87424K,   0% used [0x00000000e0000000, 0x00000000e0000000, 0x00000000e5560000)
  from space 21824K,  69% used [0x00000000e5560000, 0x00000000e641f900, 0x00000000e6ab0000)
  to   space 21824K,   0% used [0x00000000e6ab0000, 0x00000000e6ab0000, 0x00000000e8000000)
 concurrent mark-sweep generation total 393216K, used 0K [0x00000000e8000000, 0x0000000100000000, 0x0000000100000000)
 Metaspace       used 19936K, capacity 20276K, committed 20480K, reserved 1067008K
  class space    used 2306K, capacity 2456K, committed 2560K, reserved 1048576K
}
2023-04-15T12:05:13.817+0530: 1.104: Total time for which application threads were stopped: 0.0078302 seconds, Stopping threads took: 0.0000123 seconds
2023-04-15T12:05:13.915+0530: 1.202: Total time for which application threads were stopped: 0.0002847 seconds, Stopping threads took: 0.0000465 seconds
2023-04-15T12:05:13.944+0530: 1.231: Total time for which application threads were stopped: 0.0004157 seconds, Stopping threads took: 0.0001265 seconds
{Heap before GC invocations=2 (full 0):
 par new generation   total 109248K, used 102512K [0x00000000e0000000, 0x00000000e8000000, 0x00000000e8000000)
  eden space 87424K,  99% used [0x00000000e0000000, 0x00000000e555c9c0, 0x00000000e5560000)
  from space 21824K,  69% used [0x00000000e5560000, 0x00000000e641f900, 0x00000000e6ab0000)
  to   space 21824K,   0% used [0x00000000e6ab0000, 0x00000000e6ab0000, 0x00000000e8000000)
 concurrent mark-sweep generation total 393216K, used 0K [0x00000000e8000000, 0x0000000100000000, 0x0000000100000000)
 Metaspace       used 20673K, capacity 20980K, committed 21248K, reserved 1069056K
  class space    used 2395K, capacity 2520K, committed 2560K, reserved 1048576K
2023-04-15T12:05:13.964+0530: 1.251: [GC (Allocation Failure) 2023-04-15T12:05:13.964+0530: 1.251: [ParNew
Desired survivor size 20112992 bytes, new threshold 8 (max 8)
- age   1:    1275072 bytes,    1275072 total
- age   2:    4921856 bytes,    6196928 total
- age   3:    2498576 bytes,    8695504 total
: 102512K->10490K(109248K), 0.0064915 secs] 102512K->10490K(502464K), 0.0065677 secs] [Times: user=0.03 sys=0.00, real=0.01 secs] 
Heap after GC invocations=3 (full 0):
 par new generation   total 109248K, used 10490K [0x00000000e0000000, 0x00000000e8000000, 0x00000000e8000000)
  eden space 87424K,   0% used [0x00000000e0000000, 0x00000000e0000000, 0x00000000e5560000)
  from space 21824K,  48% used [0x00000000e6ab0000, 0x00000000e74ee880, 0x00000000e8000000)
  to   space 21824K,   0% used [0x00000000e5560000, 0x00000000e5560000, 0x00000000e6ab0000)
 concurrent mark-sweep generation total 393216K, used 0K [0x00000000e8000000, 0x0000000100000000, 0x0000000100000000)
 Metaspace       used 20673K, capacity 20980K, committed 21248K, reserved 1069056K
  class space    used 2395K, capacity 2520K, committed 2560K, reserved 1048576K
}
2023-04-15T12:05:13.970+0530: 1.257: Total time for which application threads were stopped: 0.0067480 seconds, Stopping threads took: 0.0000558 seconds
2023-04-15T12:05:13.983+0530: 1.270: Total time for which application threads were stopped: 0.0002474 seconds, Stopping threads took: 0.0000172 seconds
2023-04-15T12:05:13.995+0530: 1.283: Total time for which application threads were stopped: 0.0001317 seconds, Stopping threads took: 0.0000488 seconds
2023-04-15T12:05:14.066+0530: 1.353: Total time for which application threads were stopped: 0.0001350 seconds, Stopping threads took: 0.0000196 seconds
{Heap before GC invocations=3 (full 0):
 par new generation   total 109248K, used 97914K [0x00000000e0000000, 0x00000000e8000000, 0x00000000e8000000)
  eden space 87424K, 100% used [0x00000000e0000000, 0x00000000e5560000, 0x00000000e5560000)
  from space 21824K,  48% used [0x00000000e6ab0000, 0x00000000e74ee880, 0x00000000e8000000)
  to   space 21824K,   0% used [0x00000000e5560000, 0x00000000e5560000, 0x00000000e6ab0000)
 concurrent mark-sweep generation total 393216K, used 0K [0x00000000e8000000, 0x0000000100000000, 0x0000000100000000)
 Metaspace       used 21413K, capacity 21786K, committed 21960K, reserved 1069056K
  class space    used 2488K, capacity 2617K, committed 2684K, reserved 1048576K
2023-04-15T12:05:14.101+0530: 1.388: [GC (Allocation Failure) 2023-04-15T12:05:14.101+0530: 1.388: [ParNew
Desired survivor size 20112992 bytes, new threshold 8 (max 8)
- age   1:    2737184 bytes,    2737184 total
- age   2:     251632 bytes,    2988816 total
- age   3:    4907184 bytes,    7896000 total
- age   4:    2499120 bytes,   10395120 total
: 97914K->15734K(109248K), 0.0063857 secs] 97914K->15734K(502464K), 0.0064429 secs] [Times: user=0.03 sys=0.00, real=0.00 secs] 
Heap after GC invocations=4 (full 0):
 par new generation   total 109248K, used 15734K [0x00000000e0000000, 0x00000000e8000000, 0x00000000e8000000)
  eden space 87424K,   0% used [0x00000000e0000000, 0x00000000e0000000, 0x00000000e5560000)
  from space 21824K,  72% used [0x00000000e5560000, 0x00000000e64bdaf8, 0x00000000e6ab0000)
  to   space 21824K,   0% used [0x00000000e6ab0000, 0x00000000e6ab0000, 0x00000000e8000000)
 concurrent mark-sweep generation total 393216K, used 0K [0x00000000e8000000, 0x0000000100000000, 0x0000000100000000)
 Metaspace       used 21413K, capacity 21786K, committed 21960K, reserved 1069056K
  class space    used 2488K, capacity 2617K, committed 2684K, reserved 1048576K
}
2023-04-15T12:05:14.107+0530: 1.394: Total time for which application threads were stopped: 0.0066301 seconds, Stopping threads took: 0.0000485 seconds
2023-04-15T12:05:14.107+0530: 1.395: [GC (CMS Initial Mark) [1 CMS-initial-mark: 0K(393216K)] 16678K(502464K), 0.0028165 secs] [Times: user=0.02 sys=0.00, real=0.01 secs] 
2023-04-15T12:05:14.110+0530: 1.397: Total time for which application threads were stopped: 0.0029649 seconds, Stopping threads took: 0.0000529 seconds
2023-04-15T12:05:14.110+0530: 1.397: [CMS-concurrent-mark-start]
2023-04-15T12:05:14.111+0530: 1.398: [CMS-concurrent-mark: 0.001/0.001 secs] [Times: user=0.00 sys=0.00, real=0.00 secs] 
2023-04-15T12:05:14.111+0530: 1.398: [CMS-concurrent-preclean-start]
2023-04-15T12:05:14.113+0530: 1.400: [CMS-concurrent-preclean: 0.002/0.002 secs] [Times: user=0.01 sys=0.00, real=0.00 secs] 
2023-04-15T12:05:14.113+0530: 1.400: [CMS-concurrent-abortable-preclean-start]
2023-04-15T12:05:14.117+0530: 1.404: Total time for which application threads were stopped: 0.0000934 seconds, Stopping threads took: 0.0000232 seconds
2023-04-15T12:05:14.133+0530: 1.421: Total time for which application threads were stopped: 0.0000817 seconds, Stopping threads took: 0.0000172 seconds
{Heap before GC invocations=4 (full 1):
 par new generation   total 109248K, used 103158K [0x00000000e0000000, 0x00000000e8000000, 0x00000000e8000000)
  eden space 87424K, 100% used [0x00000000e0000000, 0x00000000e5560000, 0x00000000e5560000)
  from space 21824K,  72% used [0x00000000e5560000, 0x00000000e64bdaf8, 0x00000000e6ab0000)
  to   space 21824K,   0% used [0x00000000e6ab0000, 0x00000000e6ab0000, 0x00000000e8000000)
 concurrent mark-sweep generation total 393216K, used 0K [0x00000000e8000000, 0x0000000100000000, 0x0000000100000000)
 Metaspace       used 22055K, capacity 22406K, committed 22624K, reserved 1069056K
  class space    used 2576K, capacity 2715K, committed 2760K, reserved 1048576K
2023-04-15T12:05:14.183+0530: 1.470: [GC (Allocation Failure) 2023-04-15T12:05:14.183+0530: 1.470: [ParNew
Desired survivor size 20112992 bytes, new threshold 8 (max 8)
- age   1:    1006704 bytes,    1006704 total
- age   2:    1927800 bytes,    2934504 total
- age   3:     251552 bytes,    3186056 total
- age   4:    4905984 bytes,    8092040 total
- age   5:    2498624 bytes,   10590664 total
: 103158K->13160K(109248K), 0.0065770 secs] 103158K->13160K(502464K), 0.0066402 secs] [Times: user=0.03 sys=0.00, real=0.01 secs] 
Heap after GC invocations=5 (full 1):
 par new generation   total 109248K, used 13160K [0x00000000e0000000, 0x00000000e8000000, 0x00000000e8000000)
  eden space 87424K,   0% used [0x00000000e0000000, 0x00000000e0000000, 0x00000000e5560000)
  from space 21824K,  60% used [0x00000000e6ab0000, 0x00000000e778a028, 0x00000000e8000000)
  to   space 21824K,   0% used [0x00000000e5560000, 0x00000000e5560000, 0x00000000e6ab0000)
 concurrent mark-sweep generation total 393216K, used 0K [0x00000000e8000000, 0x0000000100000000, 0x0000000100000000)
 Metaspace       used 22055K, capacity 22406K, committed 22624K, reserved 1069056K
  class space    used 2576K, capacity 2715K, committed 2760K, reserved 1048576K
}
2023-04-15T12:05:14.190+0530: 1.477: Total time for which application threads were stopped: 0.0069069 seconds, Stopping threads took: 0.0001250 seconds
2023-04-15T12:05:14.190+0530: 1.477: [CMS-concurrent-abortable-preclean: 0.060/0.077 secs] [Times: user=0.45 sys=0.00, real=0.08 secs] 
2023-04-15T12:05:14.190+0530: 1.477: [GC (CMS Final Remark) [YG occupancy: 14732 K (109248 K)]{Heap before GC invocations=5 (full 1):
 par new generation   total 109248K, used 14732K [0x00000000e0000000, 0x00000000e8000000, 0x00000000e8000000)
  eden space 87424K,   1% used [0x00000000e0000000, 0x00000000e0189028, 0x00000000e5560000)
  from space 21824K,  60% used [0x00000000e6ab0000, 0x00000000e778a028, 0x00000000e8000000)
  to   space 21824K,   0% used [0x00000000e5560000, 0x00000000e5560000, 0x00000000e6ab0000)
 concurrent mark-sweep generation total 393216K, used 0K [0x00000000e8000000, 0x0000000100000000, 0x0000000100000000)
 Metaspace       used 22055K, capacity 22406K, committed 22624K, reserved 1069056K
  class space    used 2576K, capacity 2715K, committed 2760K, reserved 1048576K
2023-04-15T12:05:14.190+0530: 1.477: [GC (CMS Final Remark) 2023-04-15T12:05:14.190+0530: 1.477: [ParNew
Desired survivor size 20112992 bytes, new threshold 8 (max 8)
- age   1:     424136 bytes,     424136 total
- age   2:     555552 bytes,     979688 total
- age   3:    1925816 bytes,    2905504 total
- age   4:     251552 bytes,    3157056 total
- age   5:    4905208 bytes,    8062264 total
- age   6:    2498544 bytes,   10560808 total
: 14732K->13429K(109248K), 0.0059188 secs] 14732K->13429K(502464K), 0.0059626 secs] [Times: user=0.02 sys=0.00, real=0.00 secs] 
Heap after GC invocations=6 (full 1):
 par new generation   total 109248K, used 13429K [0x00000000e0000000, 0x00000000e8000000, 0x00000000e8000000)
  eden space 87424K,   0% used [0x00000000e0000000, 0x00000000e0000000, 0x00000000e5560000)
  from space 21824K,  61% used [0x00000000e5560000, 0x00000000e627d6f0, 0x00000000e6ab0000)
  to   space 21824K,   0% used [0x00000000e6ab0000, 0x00000000e6ab0000, 0x00000000e8000000)
 concurrent mark-sweep generation total 393216K, used 0K [0x00000000e8000000, 0x0000000100000000, 0x0000000100000000)
 Metaspace       used 22055K, capacity 22406K, committed 22624K, reserved 1069056K
  class space    used 2576K, capacity 2715K, committed 2760K, reserved 1048576K
}
2023-04-15T12:05:14.196+0530: 1.483: [Rescan (parallel) , 0.0026553 secs]2023-04-15T12:05:14.199+0530: 1.486: [weak refs processing, 0.0005384 secs]2023-04-15T12:05:14.199+0530: 1.487: [class unloading, 0.0026335 secs]2023-04-15T12:05:14.202+0530: 1.489: [scrub symbol table, 0.0019618 secs]2023-04-15T12:05:14.204+0530: 1.491: [scrub string table, 0.0003557 secs][1 CMS-remark: 0K(393216K)] 13429K(502464K), 0.0148199 secs] [Times: user=0.03 sys=0.01, real=0.01 secs] 
2023-04-15T12:05:14.205+0530: 1.492: Total time for which application threads were stopped: 0.0149285 seconds, Stopping threads took: 0.0000387 seconds
2023-04-15T12:05:14.205+0530: 1.492: [CMS-concurrent-sweep-start]
2023-04-15T12:05:14.205+0530: 1.492: [CMS-concurrent-sweep: 0.000/0.000 secs] [Times: user=0.00 sys=0.00, real=0.00 secs] 
2023-04-15T12:05:14.205+0530: 1.492: [CMS-concurrent-reset-start]
2023-04-15T12:05:14.209+0530: 1.496: [CMS-concurrent-reset: 0.004/0.004 secs] [Times: user=0.03 sys=0.00, real=0.01 secs] 
{Heap before GC invocations=6 (full 1):
 par new generation   total 109248K, used 100853K [0x00000000e0000000, 0x00000000e8000000, 0x00000000e8000000)
  eden space 87424K, 100% used [0x00000000e0000000, 0x00000000e5560000, 0x00000000e5560000)
  from space 21824K,  61% used [0x00000000e5560000, 0x00000000e627d6f0, 0x00000000e6ab0000)
  to   space 21824K,   0% used [0x00000000e6ab0000, 0x00000000e6ab0000, 0x00000000e8000000)
 concurrent mark-sweep generation total 393216K, used 0K [0x00000000e8000000, 0x0000000100000000, 0x0000000100000000)
 Metaspace       used 22154K, capacity 22506K, committed 22624K, reserved 1069056K
  class space    used 2593K, capacity 2721K, committed 2760K, reserved 1048576K
2023-04-15T12:05:14.244+0530: 1.531: [GC (Allocation Failure) 2023-04-15T12:05:14.244+0530: 1.531: [ParNew
Desired survivor size 20112992 bytes, new threshold 8 (max 8)
- age   1:     844176 bytes,     844176 total
- age   2:        400 bytes,     844576 total
- age   3:     121640 bytes,     966216 total
- age   4:    1925584 bytes,    2891800 total
- age   5:     251504 bytes,    3143304 total
- age   6:    4904648 bytes,    8047952 total
- age   7:    2498520 bytes,   10546472 total
: 100853K->13737K(109248K), 0.0082277 secs] 100853K->13737K(502464K), 0.0082848 secs] [Times: user=0.04 sys=0.00, real=0.01 secs] 
Heap after GC invocations=7 (full 1):
 par new generation   total 109248K, used 13737K [0x00000000e0000000, 0x00000000e8000000, 0x00000000e8000000)
  eden space 87424K,   0% used [0x00000000e0000000, 0x00000000e0000000, 0x00000000e5560000)
  from space 21824K,  62% used [0x00000000e6ab0000, 0x00000000e781a778, 0x00000000e8000000)
  to   space 21824K,   0% used [0x00000000e5560000, 0x00000000e5560000, 0x00000000e6ab0000)
 concurrent mark-sweep generation total 393216K, used 0K [0x00000000e8000000, 0x0000000100000000, 0x0000000100000000)
 Metaspace       used 22154K, capacity 22506K, committed 22624K, reserved 1069056K
  class space    used 2593K, capacity 2721K, committed 2760K, reserved 1048576K
}
2023-04-15T12:05:14.252+0530: 1.539: Total time for which application threads were stopped: 0.0084940 seconds, Stopping threads took: 0.0000617 seconds
{Heap before GC invocations=7 (full 1):
 par new generation   total 109248K, used 101161K [0x00000000e0000000, 0x00000000e8000000, 0x00000000e8000000)
  eden space 87424K, 100% used [0x00000000e0000000, 0x00000000e5560000, 0x00000000e5560000)
  from space 21824K,  62% used [0x00000000e6ab0000, 0x00000000e781a778, 0x00000000e8000000)
  to   space 21824K,   0% used [0x00000000e5560000, 0x00000000e5560000, 0x00000000e6ab0000)
 concurrent mark-sweep generation total 393216K, used 0K [0x00000000e8000000, 0x0000000100000000, 0x0000000100000000)
 Metaspace       used 22327K, capacity 22738K, committed 22880K, reserved 1069056K
  class space    used 2616K, capacity 2755K, committed 2760K, reserved 1048576K
2023-04-15T12:05:14.302+0530: 1.589: [GC (Allocation Failure) 2023-04-15T12:05:14.302+0530: 1.589: [ParNew
Desired survivor size 20112992 bytes, new threshold 8 (max 8)
- age   1:    1373304 bytes,    1373304 total
- age   2:     136704 bytes,    1510008 total
- age   3:        400 bytes,    1510408 total
- age   4:     120720 bytes,    1631128 total
- age   5:    1925752 bytes,    3556880 total
- age   6:     251472 bytes,    3808352 total
- age   7:    4901728 bytes,    8710080 total
- age   8:    2498640 bytes,   11208720 total
: 101161K->13471K(109248K), 0.0088252 secs] 101161K->13471K(502464K), 0.0089078 secs] [Times: user=0.05 sys=0.00, real=0.01 secs] 
Heap after GC invocations=8 (full 1):
 par new generation   total 109248K, used 13471K [0x00000000e0000000, 0x00000000e8000000, 0x00000000e8000000)
  eden space 87424K,   0% used [0x00000000e0000000, 0x00000000e0000000, 0x00000000e5560000)
  from space 21824K,  61% used [0x00000000e5560000, 0x00000000e6287e90, 0x00000000e6ab0000)
  to   space 21824K,   0% used [0x00000000e6ab0000, 0x00000000e6ab0000, 0x00000000e8000000)
 concurrent mark-sweep generation total 393216K, used 0K [0x00000000e8000000, 0x0000000100000000, 0x0000000100000000)
 Metaspace       used 22327K, capacity 22738K, committed 22880K, reserved 1069056K
  class space    used 2616K, capacity 2755K, committed 2760K, reserved 1048576K
}
2023-04-15T12:05:14.311+0530: 1.598: Total time for which application threads were stopped: 0.0090935 seconds, Stopping threads took: 0.0000466 seconds
{Heap before GC invocations=8 (full 1):
 par new generation   total 109248K, used 100895K [0x00000000e0000000, 0x00000000e8000000, 0x00000000e8000000)
  eden space 87424K, 100% used [0x00000000e0000000, 0x00000000e5560000, 0x00000000e5560000)
  from space 21824K,  61% used [0x00000000e5560000, 0x00000000e6287e90, 0x00000000e6ab0000)
  to   space 21824K,   0% used [0x00000000e6ab0000, 0x00000000e6ab0000, 0x00000000e8000000)
 concurrent mark-sweep generation total 393216K, used 0K [0x00000000e8000000, 0x0000000100000000, 0x0000000100000000)
 Metaspace       used 22659K, capacity 23026K, committed 23264K, reserved 1069056K
  class space    used 2654K, capacity 2787K, committed 2888K, reserved 1048576K
2023-04-15T12:05:14.377+0530: 1.664: [GC (Allocation Failure) 2023-04-15T12:05:14.377+0530: 1.664: [ParNew
Desired survivor size 20112992 bytes, new threshold 8 (max 8)
- age   1:     811112 bytes,     811112 total
- age   2:     112800 bytes,     923912 total
- age   3:     135792 bytes,    1059704 total
- age   4:        376 bytes,    1060080 total
- age   5:     119416 bytes,    1179496 total
- age   6:     302264 bytes,    1481760 total
- age   7:     251392 bytes,    1733152 total
- age   8:    4901552 bytes,    6634704 total
: 100895K->14334K(109248K), 0.0131676 secs] 100895K->16812K(502464K), 0.0132296 secs] [Times: user=0.06 sys=0.00, real=0.02 secs] 
Heap after GC invocations=9 (full 1):
 par new generation   total 109248K, used 14334K [0x00000000e0000000, 0x00000000e8000000, 0x00000000e8000000)
  eden space 87424K,   0% used [0x00000000e0000000, 0x00000000e0000000, 0x00000000e5560000)
  from space 21824K,  65% used [0x00000000e6ab0000, 0x00000000e78afa10, 0x00000000e8000000)
  to   space 21824K,   0% used [0x00000000e5560000, 0x00000000e5560000, 0x00000000e6ab0000)
 concurrent mark-sweep generation total 393216K, used 2478K [0x00000000e8000000, 0x0000000100000000, 0x0000000100000000)
 Metaspace       used 22659K, capacity 23026K, committed 23264K, reserved 1069056K
  class space    used 2654K, capacity 2787K, committed 2888K, reserved 1048576K
}
2023-04-15T12:05:14.390+0530: 1.678: Total time for which application threads were stopped: 0.0134464 seconds, Stopping threads took: 0.0000622 seconds
2023-04-15T12:05:14.424+0530: 1.711: Total time for which application threads were stopped: 0.0003784 seconds, Stopping threads took: 0.0000221 seconds
2023-04-15T12:05:14.545+0530: 1.832: Total time for which application threads were stopped: 0.0003991 seconds, Stopping threads took: 0.0000164 seconds
2023-04-15T12:05:14.557+0530: 1.844: Total time for which application threads were stopped: 0.0003608 seconds, Stopping threads took: 0.0000169 seconds
{Heap before GC invocations=9 (full 1):
 par new generation   total 109248K, used 101758K [0x00000000e0000000, 0x00000000e8000000, 0x00000000e8000000)
  eden space 87424K, 100% used [0x00000000e0000000, 0x00000000e5560000, 0x00000000e5560000)
  from space 21824K,  65% used [0x00000000e6ab0000, 0x00000000e78afa10, 0x00000000e8000000)
  to   space 21824K,   0% used [0x00000000e5560000, 0x00000000e5560000, 0x00000000e6ab0000)
 concurrent mark-sweep generation total 393216K, used 2478K [0x00000000e8000000, 0x0000000100000000, 0x0000000100000000)
 Metaspace       used 27005K, capacity 27328K, committed 27720K, reserved 1073152K
  class space    used 3159K, capacity 3306K, committed 3400K, reserved 1048576K
2023-04-15T12:05:14.795+0530: 2.082: [GC (Allocation Failure) 2023-04-15T12:05:14.795+0530: 2.082: [ParNew
Desired survivor size 20112992 bytes, new threshold 8 (max 8)
- age   1:    6269520 bytes,    6269520 total
- age   2:     226976 bytes,    6496496 total
- age   3:     112752 bytes,    6609248 total
- age   4:     135744 bytes,    6744992 total
- age   5:        376 bytes,    6745368 total
- age   6:     119536 bytes,    6864904 total
- age   7:     290080 bytes,    7154984 total
- age   8:     246448 bytes,    7401432 total
: 101758K->9910K(109248K), 0.0124428 secs] 104236K->17199K(502464K), 0.0125205 secs] [Times: user=0.06 sys=0.00, real=0.01 secs] 
Heap after GC invocations=10 (full 1):
 par new generation   total 109248K, used 9910K [0x00000000e0000000, 0x00000000e8000000, 0x00000000e8000000)
  eden space 87424K,   0% used [0x00000000e0000000, 0x00000000e0000000, 0x00000000e5560000)
  from space 21824K,  45% used [0x00000000e5560000, 0x00000000e5f0db50, 0x00000000e6ab0000)
  to   space 21824K,   0% used [0x00000000e6ab0000, 0x00000000e6ab0000, 0x00000000e8000000)
 concurrent mark-sweep generation total 393216K, used 7288K [0x00000000e8000000, 0x0000000100000000, 0x0000000100000000)
 Metaspace       used 27005K, capacity 27328K, committed 27720K, reserved 1073152K
  class space    used 3159K, capacity 3306K, committed 3400K, reserved 1048576K
}
2023-04-15T12:05:14.807+0530: 2.095: Total time for which application threads were stopped: 0.0128895 seconds, Stopping threads took: 0.0001605 seconds
2023-04-15T12:05:14.846+0530: 2.134: Total time for which application threads were stopped: 0.0006149 seconds, Stopping threads took: 0.0001563 seconds
2023-04-15T12:05:14.865+0530: 2.153: Total time for which application threads were stopped: 0.0003572 seconds, Stopping threads took: 0.0000178 seconds
2023-04-15T12:05:14.985+0530: 2.272: Total time for which application threads were stopped: 0.0005373 seconds, Stopping threads took: 0.0000228 seconds
{Heap before GC invocations=10 (full 1):
 par new generation   total 109248K, used 97334K [0x00000000e0000000, 0x00000000e8000000, 0x00000000e8000000)
  eden space 87424K, 100% used [0x00000000e0000000, 0x00000000e5560000, 0x00000000e5560000)
  from space 21824K,  45% used [0x00000000e5560000, 0x00000000e5f0db50, 0x00000000e6ab0000)
  to   space 21824K,   0% used [0x00000000e6ab0000, 0x00000000e6ab0000, 0x00000000e8000000)
 concurrent mark-sweep generation total 393216K, used 7288K [0x00000000e8000000, 0x0000000100000000, 0x0000000100000000)
 Metaspace       used 28273K, capacity 28562K, committed 28872K, reserved 1075200K
  class space    used 3306K, capacity 3437K, committed 3528K, reserved 1048576K
2023-04-15T12:05:14.993+0530: 2.280: [GC (Allocation Failure) 2023-04-15T12:05:14.993+0530: 2.280: [ParNew
Desired survivor size 20112992 bytes, new threshold 8 (max 8)
- age   1:    8515128 bytes,    8515128 total
- age   2:    2732024 bytes,   11247152 total
- age   3:     226976 bytes,   11474128 total
- age   4:     112688 bytes,   11586816 total
- age   5:     135056 bytes,   11721872 total
- age   6:        376 bytes,   11722248 total
- age   7:     119128 bytes,   11841376 total
- age   8:     289600 bytes,   12130976 total
: 97334K->13797K(109248K), 0.0096015 secs] 104623K->21327K(502464K), 0.0096809 secs] [Times: user=0.07 sys=0.00, real=0.01 secs] 
Heap after GC invocations=11 (full 1):
 par new generation   total 109248K, used 13797K [0x00000000e0000000, 0x00000000e8000000, 0x00000000e8000000)
  eden space 87424K,   0% used [0x00000000e0000000, 0x00000000e0000000, 0x00000000e5560000)
  from space 21824K,  63% used [0x00000000e6ab0000, 0x00000000e7829768, 0x00000000e8000000)
  to   space 21824K,   0% used [0x00000000e5560000, 0x00000000e5560000, 0x00000000e6ab0000)
 concurrent mark-sweep generation total 393216K, used 7529K [0x00000000e8000000, 0x0000000100000000, 0x0000000100000000)
 Metaspace       used 28273K, capacity 28562K, committed 28872K, reserved 1075200K
  class space    used 3306K, capacity 3437K, committed 3528K, reserved 1048576K
}
2023-04-15T12:05:15.003+0530: 2.290: Total time for which application threads were stopped: 0.0098717 seconds, Stopping threads took: 0.0000422 seconds
{Heap before GC invocations=11 (full 1):
 par new generation   total 109248K, used 101221K [0x00000000e0000000, 0x00000000e8000000, 0x00000000e8000000)
  eden space 87424K, 100% used [0x00000000e0000000, 0x00000000e5560000, 0x00000000e5560000)
  from space 21824K,  63% used [0x00000000e6ab0000, 0x00000000e7829768, 0x00000000e8000000)
  to   space 21824K,   0% used [0x00000000e5560000, 0x00000000e5560000, 0x00000000e6ab0000)
 concurrent mark-sweep generation total 393216K, used 7529K [0x00000000e8000000, 0x0000000100000000, 0x0000000100000000)
 Metaspace       used 28310K, capacity 28662K, committed 29128K, reserved 1075200K
  class space    used 3309K, capacity 3443K, committed 3528K, reserved 1048576K
2023-04-15T12:05:15.029+0530: 2.316: [GC (Allocation Failure) 2023-04-15T12:05:15.029+0530: 2.316: [ParNew
Desired survivor size 20112992 bytes, new threshold 8 (max 8)
- age   1:    1464352 bytes,    1464352 total
- age   2:    7078688 bytes,    8543040 total
- age   3:    2732024 bytes,   11275064 total
- age   4:     226976 bytes,   11502040 total
- age   5:     112688 bytes,   11614728 total
- age   6:     134952 bytes,   11749680 total
- age   7:        376 bytes,   11750056 total
- age   8:     119128 bytes,   11869184 total
: 101221K->19191K(109248K), 0.0102814 secs] 108751K->27008K(502464K), 0.0103418 secs] [Times: user=0.07 sys=0.00, real=0.00 secs] 
Heap after GC invocations=12 (full 1):
 par new generation   total 109248K, used 19191K [0x00000000e0000000, 0x00000000e8000000, 0x00000000e8000000)
  eden space 87424K,   0% used [0x00000000e0000000, 0x00000000e0000000, 0x00000000e5560000)
  from space 21824K,  87% used [0x00000000e5560000, 0x00000000e681de40, 0x00000000e6ab0000)
  to   space 21824K,   0% used [0x00000000e6ab0000, 0x00000000e6ab0000, 0x00000000e8000000)
 concurrent mark-sweep generation total 393216K, used 7817K [0x00000000e8000000, 0x0000000100000000, 0x0000000100000000)
 Metaspace       used 28310K, capacity 28662K, committed 29128K, reserved 1075200K
  class space    used 3309K, capacity 3443K, committed 3528K, reserved 1048576K
}
2023-04-15T12:05:15.040+0530: 2.327: Total time for which application threads were stopped: 0.0105164 seconds, Stopping threads took: 0.0000390 seconds
{Heap before GC invocations=12 (full 1):
 par new generation   total 109248K, used 106615K [0x00000000e0000000, 0x00000000e8000000, 0x00000000e8000000)
  eden space 87424K, 100% used [0x00000000e0000000, 0x00000000e5560000, 0x00000000e5560000)
  from space 21824K,  87% used [0x00000000e5560000, 0x00000000e681de40, 0x00000000e6ab0000)
  to   space 21824K,   0% used [0x00000000e6ab0000, 0x00000000e6ab0000, 0x00000000e8000000)
 concurrent mark-sweep generation total 393216K, used 7817K [0x00000000e8000000, 0x0000000100000000, 0x0000000100000000)
 Metaspace       used 28343K, capacity 28744K, committed 29128K, reserved 1075200K
  class space    used 3311K, capacity 3446K, committed 3528K, reserved 1048576K
2023-04-15T12:05:15.083+0530: 2.370: [GC (Allocation Failure) 2023-04-15T12:05:15.083+0530: 2.370: [ParNew
Desired survivor size 20112992 bytes, new threshold 8 (max 8)
- age   1:     573520 bytes,     573520 total
- age   2:    1158256 bytes,    1731776 total
- age   3:    7059200 bytes,    8790976 total
- age   4:    2732024 bytes,   11523000 total
- age   5:     226976 bytes,   11749976 total
- age   6:     112688 bytes,   11862664 total
- age   7:     134640 bytes,   11997304 total
- age   8:        376 bytes,   11997680 total
: 106615K->14565K(109248K), 0.0101100 secs] 114432K->22503K(502464K), 0.0101909 secs] [Times: user=0.06 sys=0.01, real=0.01 secs] 
Heap after GC invocations=13 (full 1):
 par new generation   total 109248K, used 14565K [0x00000000e0000000, 0x00000000e8000000, 0x00000000e8000000)
  eden space 87424K,   0% used [0x00000000e0000000, 0x00000000e0000000, 0x00000000e5560000)
  from space 21824K,  66% used [0x00000000e6ab0000, 0x00000000e78e97e8, 0x00000000e8000000)
  to   space 21824K,   0% used [0x00000000e5560000, 0x00000000e5560000, 0x00000000e6ab0000)
 concurrent mark-sweep generation total 393216K, used 7937K [0x00000000e8000000, 0x0000000100000000, 0x0000000100000000)
 Metaspace       used 28343K, capacity 28744K, committed 29128K, reserved 1075200K
  class space    used 3311K, capacity 3446K, committed 3528K, reserved 1048576K
}
2023-04-15T12:05:15.093+0530: 2.380: Total time for which application threads were stopped: 0.0104203 seconds, Stopping threads took: 0.0000476 seconds
{Heap before GC invocations=13 (full 1):
 par new generation   total 109248K, used 101989K [0x00000000e0000000, 0x00000000e8000000, 0x00000000e8000000)
  eden space 87424K, 100% used [0x00000000e0000000, 0x00000000e5560000, 0x00000000e5560000)
  from space 21824K,  66% used [0x00000000e6ab0000, 0x00000000e78e97e8, 0x00000000e8000000)
  to   space 21824K,   0% used [0x00000000e5560000, 0x00000000e5560000, 0x00000000e6ab0000)
 concurrent mark-sweep generation total 393216K, used 7937K [0x00000000e8000000, 0x0000000100000000, 0x0000000100000000)
 Metaspace       used 28371K, capacity 28762K, committed 29128K, reserved 1075200K
  class space    used 3312K, capacity 3449K, committed 3528K, reserved 1048576K
2023-04-15T12:05:15.161+0530: 2.448: [GC (Allocation Failure) 2023-04-15T12:05:15.161+0530: 2.448: [ParNew
Desired survivor size 20112992 bytes, new threshold 8 (max 8)
- age   1:     553656 bytes,     553656 total
- age   2:     102960 bytes,     656616 total
- age   3:    1156808 bytes,    1813424 total
- age   4:    7058944 bytes,    8872368 total
- age   5:    2731920 bytes,   11604288 total
- age   6:     226976 bytes,   11831264 total
- age   7:     112688 bytes,   11943952 total
- age   8:     134640 bytes,   12078592 total
: 101989K->17695K(109248K), 0.0091155 secs] 109927K->25632K(502464K), 0.0091852 secs] [Times: user=0.05 sys=0.00, real=0.01 secs] 
Heap after GC invocations=14 (full 1):
 par new generation   total 109248K, used 17695K [0x00000000e0000000, 0x00000000e8000000, 0x00000000e8000000)
  eden space 87424K,   0% used [0x00000000e0000000, 0x00000000e0000000, 0x00000000e5560000)
  from space 21824K,  81% used [0x00000000e5560000, 0x00000000e66a7cf0, 0x00000000e6ab0000)
  to   space 21824K,   0% used [0x00000000e6ab0000, 0x00000000e6ab0000, 0x00000000e8000000)
 concurrent mark-sweep generation total 393216K, used 7937K [0x00000000e8000000, 0x0000000100000000, 0x0000000100000000)
 Metaspace       used 28371K, capacity 28762K, committed 29128K, reserved 1075200K
  class space    used 3312K, capacity 3449K, committed 3528K, reserved 1048576K
}
2023-04-15T12:05:15.170+0530: 2.458: Total time for which application threads were stopped: 0.0093674 seconds, Stopping threads took: 0.0000343 seconds
2023-04-15T12:05:16.171+0530: 3.458: Total time for which application threads were stopped: 0.0002225 seconds, Stopping threads took: 0.0000306 seconds
2023-04-15T12:05:16.766+0530: 4.053: Total time for which application threads were stopped: 0.0007372 seconds, Stopping threads took: 0.0000413 seconds
2023-04-15T12:06:47.864+0530: 95.151: Total time for which application threads were stopped: 0.0004975 seconds, Stopping threads took: 0.0000146 seconds
2023-04-15T12:06:47.864+0530: 95.151: Total time for which application threads were stopped: 0.0000526 seconds, Stopping threads took: 0.0000110 seconds
2023-04-15T12:06:47.865+0530: 95.152: Total time for which application threads were stopped: 0.0004225 seconds, Stopping threads took: 0.0000073 seconds
2023-04-15T12:06:47.874+0530: 95.161: Total time for which application threads were stopped: 0.0001209 seconds, Stopping threads took: 0.0000154 seconds
2023-04-15T12:06:47.878+0530: 95.165: Total time for which application threads were stopped: 0.0000716 seconds, Stopping threads took: 0.0000099 seconds
2023-04-15T12:06:47.881+0530: 95.168: Total time for which application threads were stopped: 0.0000590 seconds, Stopping threads took: 0.0000094 seconds
2023-04-15T12:06:47.886+0530: 95.173: Total time for which application threads were stopped: 0.0001040 seconds, Stopping threads took: 0.0000278 seconds
2023-04-15T12:06:47.890+0530: 95.177: Total time for which application threads were stopped: 0.0000602 seconds, Stopping threads took: 0.0000132 seconds
Heap
 par new generation   total 109248K, used 77893K [0x00000000e0000000, 0x00000000e8000000, 0x00000000e8000000)
  eden space 87424K,  68% used [0x00000000e0000000, 0x00000000e3ac9ab8, 0x00000000e5560000)
  from space 21824K,  81% used [0x00000000e5560000, 0x00000000e66a7cf0, 0x00000000e6ab0000)
  to   space 21824K,   0% used [0x00000000e6ab0000, 0x00000000e6ab0000, 0x00000000e8000000)
 concurrent mark-sweep generation total 393216K, used 7937K [0x00000000e8000000, 0x0000000100000000, 0x0000000100000000)
 Metaspace       used 28585K, capacity 29022K, committed 29384K, reserved 1075200K
  class space    used 3327K, capacity 3487K, committed 3528K, reserved 1048576K
