OpenJDK 64-Bit Server VM (25.362-b09) for linux-amd64 JRE (1.8.0_362-8u362-ga-0ubuntu1~22.04-b09), built on Jan 24 2023 19:02:58 by "buildd" with gcc 11.3.0
Memory: 4k page, physical 32636936k(23560576k free), swap 2097148k(2097148k free)
CommandLine flags: -XX:CMSInitiatingOccupancyFraction=50 -XX:CMSMaxAbortablePrecleanTime=6000 -XX:+CMSParallelRemarkEnabled -XX:+CMSScavengeBeforeRemark -XX:ConcGCThreads=4 -XX:InitialHeapSize=536870912 -XX:MaxHeapSize=536870912 -XX:MaxTenuringThreshold=8 -XX:NewRatio=3 -XX:OldPLABSize=16 -XX:ParallelGCThreads=4 -XX:+ParallelRefProcEnabled -XX:PretenureSizeThreshold=67108864 -XX:+PrintGC -XX:+PrintGCApplicationStoppedTime -XX:+PrintGCDateStamps -XX:+PrintGCDetails -XX:+PrintGCTimeStamps -XX:+PrintHeapAtGC -XX:+PrintTenuringDistribution -XX:SurvivorRatio=4 -XX:TargetSurvivorRatio=90 -XX:ThreadStackSize=256 -XX:+UseCMSInitiatingOccupancyOnly -XX:+UseCompressedClassPointers -XX:+UseCompressedOops -XX:+UseConcMarkSweepGC -XX:+UseParNewGC 
2023-04-26T14:07:41.073+0530: 0.081: Total time for which application threads were stopped: 0.0000713 seconds, Stopping threads took: 0.0000123 seconds
2023-04-26T14:07:41.164+0530: 0.171: Total time for which application threads were stopped: 0.0001154 seconds, Stopping threads took: 0.0000116 seconds
2023-04-26T14:07:41.207+0530: 0.214: Total time for which application threads were stopped: 0.0001176 seconds, Stopping threads took: 0.0000148 seconds
2023-04-26T14:07:41.251+0530: 0.258: Total time for which application threads were stopped: 0.0001107 seconds, Stopping threads took: 0.0000085 seconds
2023-04-26T14:07:41.276+0530: 0.283: Total time for which application threads were stopped: 0.0001308 seconds, Stopping threads took: 0.0000142 seconds
2023-04-26T14:07:41.283+0530: 0.290: Total time for which application threads were stopped: 0.0001361 seconds, Stopping threads took: 0.0000172 seconds
2023-04-26T14:07:41.288+0530: 0.295: Total time for which application threads were stopped: 0.0001273 seconds, Stopping threads took: 0.0000150 seconds
{Heap before GC invocations=0 (full 0):
 par new generation   total 109248K, used 87424K [0x00000000e0000000, 0x00000000e8000000, 0x00000000e8000000)
  eden space 87424K, 100% used [0x00000000e0000000, 0x00000000e5560000, 0x00000000e5560000)
  from space 21824K,   0% used [0x00000000e5560000, 0x00000000e5560000, 0x00000000e6ab0000)
  to   space 21824K,   0% used [0x00000000e6ab0000, 0x00000000e6ab0000, 0x00000000e8000000)
 concurrent mark-sweep generation total 393216K, used 0K [0x00000000e8000000, 0x0000000100000000, 0x0000000100000000)
 Metaspace       used 10213K, capacity 10328K, committed 10496K, reserved 1058816K
  class space    used 1164K, capacity 1208K, committed 1280K, reserved 1048576K
2023-04-26T14:07:41.398+0530: 0.405: [GC (Allocation Failure) 2023-04-26T14:07:41.398+0530: 0.405: [ParNew
Desired survivor size 20112992 bytes, new threshold 8 (max 8)
- age   1:    5975064 bytes,    5975064 total
: 87424K->5907K(109248K), 0.0039169 secs] 87424K->5907K(502464K), 0.0039944 secs] [Times: user=0.02 sys=0.00, real=0.00 secs] 
Heap after GC invocations=1 (full 0):
 par new generation   total 109248K, used 5907K [0x00000000e0000000, 0x00000000e8000000, 0x00000000e8000000)
  eden space 87424K,   0% used [0x00000000e0000000, 0x00000000e0000000, 0x00000000e5560000)
  from space 21824K,  27% used [0x00000000e6ab0000, 0x00000000e7074ee0, 0x00000000e8000000)
  to   space 21824K,   0% used [0x00000000e5560000, 0x00000000e5560000, 0x00000000e6ab0000)
 concurrent mark-sweep generation total 393216K, used 0K [0x00000000e8000000, 0x0000000100000000, 0x0000000100000000)
 Metaspace       used 10213K, capacity 10328K, committed 10496K, reserved 1058816K
  class space    used 1164K, capacity 1208K, committed 1280K, reserved 1048576K
}
2023-04-26T14:07:41.402+0530: 0.409: Total time for which application threads were stopped: 0.0041311 seconds, Stopping threads took: 0.0000144 seconds
2023-04-26T14:07:41.435+0530: 0.443: Total time for which application threads were stopped: 0.0001562 seconds, Stopping threads took: 0.0000131 seconds
2023-04-26T14:07:41.458+0530: 0.465: Total time for which application threads were stopped: 0.0001340 seconds, Stopping threads took: 0.0000115 seconds
2023-04-26T14:07:41.531+0530: 0.539: Total time for which application threads were stopped: 0.0001678 seconds, Stopping threads took: 0.0000146 seconds
2023-04-26T14:07:41.555+0530: 0.562: Total time for which application threads were stopped: 0.0001784 seconds, Stopping threads took: 0.0000134 seconds
2023-04-26T14:07:41.587+0530: 0.595: Total time for which application threads were stopped: 0.0001859 seconds, Stopping threads took: 0.0000160 seconds
2023-04-26T14:07:41.588+0530: 0.596: Total time for which application threads were stopped: 0.0001827 seconds, Stopping threads took: 0.0000143 seconds
2023-04-26T14:07:41.634+0530: 0.642: Total time for which application threads were stopped: 0.0001888 seconds, Stopping threads took: 0.0000133 seconds
2023-04-26T14:07:41.686+0530: 0.693: Total time for which application threads were stopped: 0.0002546 seconds, Stopping threads took: 0.0000661 seconds
{Heap before GC invocations=1 (full 0):
 par new generation   total 109248K, used 93331K [0x00000000e0000000, 0x00000000e8000000, 0x00000000e8000000)
  eden space 87424K, 100% used [0x00000000e0000000, 0x00000000e5560000, 0x00000000e5560000)
  from space 21824K,  27% used [0x00000000e6ab0000, 0x00000000e7074ee0, 0x00000000e8000000)
  to   space 21824K,   0% used [0x00000000e5560000, 0x00000000e5560000, 0x00000000e6ab0000)
 concurrent mark-sweep generation total 393216K, used 0K [0x00000000e8000000, 0x0000000100000000, 0x0000000100000000)
 Metaspace       used 19776K, capacity 20148K, committed 20352K, reserved 1067008K
  class space    used 2260K, capacity 2392K, committed 2432K, reserved 1048576K
2023-04-26T14:07:41.810+0530: 0.817: [GC (Allocation Failure) 2023-04-26T14:07:41.810+0530: 0.817: [ParNew
Desired survivor size 20112992 bytes, new threshold 8 (max 8)
- age   1:   10311376 bytes,   10311376 total
- age   2:    2584168 bytes,   12895544 total
: 93331K->14877K(109248K), 0.0061216 secs] 93331K->14877K(502464K), 0.0062103 secs] [Times: user=0.02 sys=0.00, real=0.01 secs] 
Heap after GC invocations=2 (full 0):
 par new generation   total 109248K, used 14877K [0x00000000e0000000, 0x00000000e8000000, 0x00000000e8000000)
  eden space 87424K,   0% used [0x00000000e0000000, 0x00000000e0000000, 0x00000000e5560000)
  from space 21824K,  68% used [0x00000000e5560000, 0x00000000e63e7628, 0x00000000e6ab0000)
  to   space 21824K,   0% used [0x00000000e6ab0000, 0x00000000e6ab0000, 0x00000000e8000000)
 concurrent mark-sweep generation total 393216K, used 0K [0x00000000e8000000, 0x0000000100000000, 0x0000000100000000)
 Metaspace       used 19776K, capacity 20148K, committed 20352K, reserved 1067008K
  class space    used 2260K, capacity 2392K, committed 2432K, reserved 1048576K
}
2023-04-26T14:07:41.816+0530: 0.823: Total time for which application threads were stopped: 0.0063689 seconds, Stopping threads took: 0.0000145 seconds
2023-04-26T14:07:41.907+0530: 0.914: Total time for which application threads were stopped: 0.0002420 seconds, Stopping threads took: 0.0000177 seconds
2023-04-26T14:07:41.928+0530: 0.935: Total time for which application threads were stopped: 0.0003149 seconds, Stopping threads took: 0.0000547 seconds
{Heap before GC invocations=2 (full 0):
 par new generation   total 109248K, used 102301K [0x00000000e0000000, 0x00000000e8000000, 0x00000000e8000000)
  eden space 87424K, 100% used [0x00000000e0000000, 0x00000000e5560000, 0x00000000e5560000)
  from space 21824K,  68% used [0x00000000e5560000, 0x00000000e63e7628, 0x00000000e6ab0000)
  to   space 21824K,   0% used [0x00000000e6ab0000, 0x00000000e6ab0000, 0x00000000e8000000)
 concurrent mark-sweep generation total 393216K, used 0K [0x00000000e8000000, 0x0000000100000000, 0x0000000100000000)
 Metaspace       used 20668K, capacity 21044K, committed 21248K, reserved 1069056K
  class space    used 2395K, capacity 2520K, committed 2560K, reserved 1048576K
2023-04-26T14:07:41.937+0530: 0.945: [GC (Allocation Failure) 2023-04-26T14:07:41.938+0530: 0.945: [ParNew
Desired survivor size 20112992 bytes, new threshold 8 (max 8)
- age   1:    1431320 bytes,    1431320 total
- age   2:    4932448 bytes,    6363768 total
- age   3:    2557664 bytes,    8921432 total
: 102301K->15655K(109248K), 0.0043324 secs] 102301K->15655K(502464K), 0.0044023 secs] [Times: user=0.01 sys=0.01, real=0.00 secs] 
Heap after GC invocations=3 (full 0):
 par new generation   total 109248K, used 15655K [0x00000000e0000000, 0x00000000e8000000, 0x00000000e8000000)
  eden space 87424K,   0% used [0x00000000e0000000, 0x00000000e0000000, 0x00000000e5560000)
  from space 21824K,  71% used [0x00000000e6ab0000, 0x00000000e79f9c20, 0x00000000e8000000)
  to   space 21824K,   0% used [0x00000000e5560000, 0x00000000e5560000, 0x00000000e6ab0000)
 concurrent mark-sweep generation total 393216K, used 0K [0x00000000e8000000, 0x0000000100000000, 0x0000000100000000)
 Metaspace       used 20668K, capacity 21044K, committed 21248K, reserved 1069056K
  class space    used 2395K, capacity 2520K, committed 2560K, reserved 1048576K
}
2023-04-26T14:07:41.942+0530: 0.949: Total time for which application threads were stopped: 0.0045469 seconds, Stopping threads took: 0.0000425 seconds
2023-04-26T14:07:41.952+0530: 0.960: Total time for which application threads were stopped: 0.0002614 seconds, Stopping threads took: 0.0000461 seconds
2023-04-26T14:07:41.954+0530: 0.961: Total time for which application threads were stopped: 0.0000795 seconds, Stopping threads took: 0.0000323 seconds
2023-04-26T14:07:42.000+0530: 1.007: Total time for which application threads were stopped: 0.0001421 seconds, Stopping threads took: 0.0000263 seconds
{Heap before GC invocations=3 (full 0):
 par new generation   total 109248K, used 103079K [0x00000000e0000000, 0x00000000e8000000, 0x00000000e8000000)
  eden space 87424K, 100% used [0x00000000e0000000, 0x00000000e5560000, 0x00000000e5560000)
  from space 21824K,  71% used [0x00000000e6ab0000, 0x00000000e79f9c20, 0x00000000e8000000)
  to   space 21824K,   0% used [0x00000000e5560000, 0x00000000e5560000, 0x00000000e6ab0000)
 concurrent mark-sweep generation total 393216K, used 0K [0x00000000e8000000, 0x0000000100000000, 0x0000000100000000)
 Metaspace       used 21368K, capacity 21728K, committed 21960K, reserved 1069056K
  class space    used 2483K, capacity 2618K, committed 2684K, reserved 1048576K
2023-04-26T14:07:42.030+0530: 1.037: [GC (Allocation Failure) 2023-04-26T14:07:42.030+0530: 1.037: [ParNew
Desired survivor size 20112992 bytes, new threshold 8 (max 8)
- age   1:    2847192 bytes,    2847192 total
- age   2:     308272 bytes,    3155464 total
- age   3:    4922016 bytes,    8077480 total
- age   4:    2556168 bytes,   10633648 total
: 103079K->13163K(109248K), 0.0057543 secs] 103079K->13163K(502464K), 0.0058116 secs] [Times: user=0.03 sys=0.00, real=0.01 secs] 
Heap after GC invocations=4 (full 0):
 par new generation   total 109248K, used 13163K [0x00000000e0000000, 0x00000000e8000000, 0x00000000e8000000)
  eden space 87424K,   0% used [0x00000000e0000000, 0x00000000e0000000, 0x00000000e5560000)
  from space 21824K,  60% used [0x00000000e5560000, 0x00000000e623ae98, 0x00000000e6ab0000)
  to   space 21824K,   0% used [0x00000000e6ab0000, 0x00000000e6ab0000, 0x00000000e8000000)
 concurrent mark-sweep generation total 393216K, used 0K [0x00000000e8000000, 0x0000000100000000, 0x0000000100000000)
 Metaspace       used 21368K, capacity 21728K, committed 21960K, reserved 1069056K
  class space    used 2483K, capacity 2618K, committed 2684K, reserved 1048576K
}
2023-04-26T14:07:42.035+0530: 1.043: Total time for which application threads were stopped: 0.0074134 seconds, Stopping threads took: 0.0015105 seconds
2023-04-26T14:07:42.036+0530: 1.043: [GC (CMS Initial Mark) [1 CMS-initial-mark: 0K(393216K)] 13684K(502464K), 0.0017800 secs] [Times: user=0.00 sys=0.00, real=0.00 secs] 
2023-04-26T14:07:42.037+0530: 1.044: Total time for which application threads were stopped: 0.0018928 seconds, Stopping threads took: 0.0000375 seconds
2023-04-26T14:07:42.037+0530: 1.044: [CMS-concurrent-mark-start]
2023-04-26T14:07:42.038+0530: 1.045: [CMS-concurrent-mark: 0.000/0.000 secs] [Times: user=0.01 sys=0.00, real=0.00 secs] 
2023-04-26T14:07:42.038+0530: 1.045: [CMS-concurrent-preclean-start]
2023-04-26T14:07:42.039+0530: 1.046: [CMS-concurrent-preclean: 0.001/0.001 secs] [Times: user=0.00 sys=0.00, real=0.00 secs] 
2023-04-26T14:07:42.039+0530: 1.046: [CMS-concurrent-abortable-preclean-start]
2023-04-26T14:07:42.047+0530: 1.054: Total time for which application threads were stopped: 0.0001130 seconds, Stopping threads took: 0.0000321 seconds
2023-04-26T14:07:42.060+0530: 1.067: Total time for which application threads were stopped: 0.0001031 seconds, Stopping threads took: 0.0000357 seconds
2023-04-26T14:07:42.095+0530: 1.102: Total time for which application threads were stopped: 0.0001039 seconds, Stopping threads took: 0.0000450 seconds
2023-04-26T14:07:42.095+0530: 1.102: [CMS-concurrent-abortable-preclean: 0.045/0.056 secs] [Times: user=0.36 sys=0.00, real=0.06 secs] 
2023-04-26T14:07:42.095+0530: 1.102: [GC (CMS Final Remark) [YG occupancy: 100635 K (109248 K)]2023-04-26T14:07:42.095+0530: 1.102: [Rescan (parallel) , 0.0095376 secs]2023-04-26T14:07:42.105+0530: 1.112: [weak refs processing, 0.0003289 secs]2023-04-26T14:07:42.105+0530: 1.112: [class unloading, 0.0024309 secs]2023-04-26T14:07:42.107+0530: 1.115: [scrub symbol table, 0.0017000 secs]2023-04-26T14:07:42.109+0530: 1.116: [scrub string table, 0.0002868 secs][1 CMS-remark: 0K(393216K)] 100635K(502464K), 0.0149076 secs] [Times: user=0.07 sys=0.01, real=0.01 secs] 
2023-04-26T14:07:42.110+0530: 1.117: Total time for which application threads were stopped: 0.0149822 seconds, Stopping threads took: 0.0000119 seconds
{Heap before GC invocations=4 (full 1):
 par new generation   total 109248K, used 100635K [0x00000000e0000000, 0x00000000e8000000, 0x00000000e8000000)
  eden space 87424K, 100% used [0x00000000e0000000, 0x00000000e5560000, 0x00000000e5560000)
  from space 21824K,  60% used [0x00000000e5560000, 0x00000000e6246eb8, 0x00000000e6ab0000)
  to   space 21824K,   0% used [0x00000000e6ab0000, 0x00000000e6ab0000, 0x00000000e8000000)
 concurrent mark-sweep generation total 393216K, used 0K [0x00000000e8000000, 0x0000000100000000, 0x0000000100000000)
 Metaspace       used 22065K, capacity 22412K, committed 22624K, reserved 1069056K
  class space    used 2577K, capacity 2716K, committed 2760K, reserved 1048576K
2023-04-26T14:07:42.110+0530: 1.117: [GC (Allocation Failure) 2023-04-26T14:07:42.110+0530: 1.117: [ParNew
Desired survivor size 20112992 bytes, new threshold 8 (max 8)
- age   1:    1542768 bytes,    1542768 total
- age   2:    1920256 bytes,    3463024 total
- age   3:     306960 bytes,    3769984 total
- age   4:    4920912 bytes,    8690896 total
- age   5:    2556144 bytes,   11247040 total
: 100635K->17970K(109248K), 0.0058521 secs] 100635K->17970K(502464K), 0.0059070 secs] [Times: user=0.02 sys=0.00, real=0.01 secs] 
Heap after GC invocations=5 (full 1):
 par new generation   total 109248K, used 17970K [0x00000000e0000000, 0x00000000e8000000, 0x00000000e8000000)
  eden space 87424K,   0% used [0x00000000e0000000, 0x00000000e0000000, 0x00000000e5560000)
  from space 21824K,  82% used [0x00000000e6ab0000, 0x00000000e7c3c800, 0x00000000e8000000)
  to   space 21824K,   0% used [0x00000000e5560000, 0x00000000e5560000, 0x00000000e6ab0000)
 concurrent mark-sweep generation total 393216K, used 0K [0x00000000e8000000, 0x0000000100000000, 0x0000000100000000)
 Metaspace       used 22065K, capacity 22412K, committed 22624K, reserved 1069056K
  class space    used 2577K, capacity 2716K, committed 2760K, reserved 1048576K
}
2023-04-26T14:07:42.116+0530: 1.123: Total time for which application threads were stopped: 0.0061279 seconds, Stopping threads took: 0.0001221 seconds
2023-04-26T14:07:42.116+0530: 1.123: [CMS-concurrent-sweep-start]
2023-04-26T14:07:42.116+0530: 1.123: [CMS-concurrent-sweep: 0.000/0.000 secs] [Times: user=0.00 sys=0.00, real=0.00 secs] 
2023-04-26T14:07:42.116+0530: 1.123: [CMS-concurrent-reset-start]
2023-04-26T14:07:42.119+0530: 1.126: [CMS-concurrent-reset: 0.003/0.003 secs] [Times: user=0.01 sys=0.00, real=0.00 secs] 
{Heap before GC invocations=5 (full 1):
 par new generation   total 109248K, used 105394K [0x00000000e0000000, 0x00000000e8000000, 0x00000000e8000000)
  eden space 87424K, 100% used [0x00000000e0000000, 0x00000000e5560000, 0x00000000e5560000)
  from space 21824K,  82% used [0x00000000e6ab0000, 0x00000000e7c3c800, 0x00000000e8000000)
  to   space 21824K,   0% used [0x00000000e5560000, 0x00000000e5560000, 0x00000000e6ab0000)
 concurrent mark-sweep generation total 393216K, used 0K [0x00000000e8000000, 0x0000000100000000, 0x0000000100000000)
 Metaspace       used 22168K, capacity 22576K, committed 22880K, reserved 1069056K
  class space    used 2594K, capacity 2722K, committed 2760K, reserved 1048576K
2023-04-26T14:07:42.149+0530: 1.156: [GC (Allocation Failure) 2023-04-26T14:07:42.149+0530: 1.156: [ParNew
Desired survivor size 20112992 bytes, new threshold 8 (max 8)
- age   1:     536760 bytes,     536760 total
- age   2:     128456 bytes,     665216 total
- age   3:    1918040 bytes,    2583256 total
- age   4:     306672 bytes,    2889928 total
- age   5:    4918064 bytes,    7807992 total
- age   6:    2557208 bytes,   10365200 total
: 105394K->12480K(109248K), 0.0051413 secs] 105394K->12480K(502464K), 0.0052062 secs] [Times: user=0.03 sys=0.00, real=0.01 secs] 
Heap after GC invocations=6 (full 1):
 par new generation   total 109248K, used 12480K [0x00000000e0000000, 0x00000000e8000000, 0x00000000e8000000)
  eden space 87424K,   0% used [0x00000000e0000000, 0x00000000e0000000, 0x00000000e5560000)
  from space 21824K,  57% used [0x00000000e5560000, 0x00000000e61900f0, 0x00000000e6ab0000)
  to   space 21824K,   0% used [0x00000000e6ab0000, 0x00000000e6ab0000, 0x00000000e8000000)
 concurrent mark-sweep generation total 393216K, used 0K [0x00000000e8000000, 0x0000000100000000, 0x0000000100000000)
 Metaspace       used 22168K, capacity 22576K, committed 22880K, reserved 1069056K
  class space    used 2594K, capacity 2722K, committed 2760K, reserved 1048576K
}
2023-04-26T14:07:42.154+0530: 1.161: Total time for which application threads were stopped: 0.0053772 seconds, Stopping threads took: 0.0000531 seconds
{Heap before GC invocations=6 (full 1):
 par new generation   total 109248K, used 99904K [0x00000000e0000000, 0x00000000e8000000, 0x00000000e8000000)
  eden space 87424K, 100% used [0x00000000e0000000, 0x00000000e5560000, 0x00000000e5560000)
  from space 21824K,  57% used [0x00000000e5560000, 0x00000000e61900f0, 0x00000000e6ab0000)
  to   space 21824K,   0% used [0x00000000e6ab0000, 0x00000000e6ab0000, 0x00000000e8000000)
 concurrent mark-sweep generation total 393216K, used 0K [0x00000000e8000000, 0x0000000100000000, 0x0000000100000000)
 Metaspace       used 22355K, capacity 22744K, committed 22880K, reserved 1069056K
  class space    used 2618K, capacity 2756K, committed 2760K, reserved 1048576K
2023-04-26T14:07:42.193+0530: 1.201: [GC (Allocation Failure) 2023-04-26T14:07:42.194+0530: 1.201: [ParNew
Desired survivor size 20112992 bytes, new threshold 8 (max 8)
- age   1:     570080 bytes,     570080 total
- age   2:     135880 bytes,     705960 total
- age   3:     119520 bytes,     825480 total
- age   4:    1917992 bytes,    2743472 total
- age   5:     306464 bytes,    3049936 total
- age   6:    4914912 bytes,    7964848 total
- age   7:    2556168 bytes,   10521016 total
: 99904K->15468K(109248K), 0.0043189 secs] 99904K->15468K(502464K), 0.0043899 secs] [Times: user=0.01 sys=0.01, real=0.00 secs] 
Heap after GC invocations=7 (full 1):
 par new generation   total 109248K, used 15468K [0x00000000e0000000, 0x00000000e8000000, 0x00000000e8000000)
  eden space 87424K,   0% used [0x00000000e0000000, 0x00000000e0000000, 0x00000000e5560000)
  from space 21824K,  70% used [0x00000000e6ab0000, 0x00000000e79cb090, 0x00000000e8000000)
  to   space 21824K,   0% used [0x00000000e5560000, 0x00000000e5560000, 0x00000000e6ab0000)
 concurrent mark-sweep generation total 393216K, used 0K [0x00000000e8000000, 0x0000000100000000, 0x0000000100000000)
 Metaspace       used 22355K, capacity 22744K, committed 22880K, reserved 1069056K
  class space    used 2618K, capacity 2756K, committed 2760K, reserved 1048576K
}
2023-04-26T14:07:42.198+0530: 1.205: Total time for which application threads were stopped: 0.0051594 seconds, Stopping threads took: 0.0006442 seconds
{Heap before GC invocations=7 (full 1):
 par new generation   total 109248K, used 102892K [0x00000000e0000000, 0x00000000e8000000, 0x00000000e8000000)
  eden space 87424K, 100% used [0x00000000e0000000, 0x00000000e5560000, 0x00000000e5560000)
  from space 21824K,  70% used [0x00000000e6ab0000, 0x00000000e79cb090, 0x00000000e8000000)
  to   space 21824K,   0% used [0x00000000e5560000, 0x00000000e5560000, 0x00000000e6ab0000)
 concurrent mark-sweep generation total 393216K, used 0K [0x00000000e8000000, 0x0000000100000000, 0x0000000100000000)
 Metaspace       used 22655K, capacity 23032K, committed 23264K, reserved 1069056K
  class space    used 2653K, capacity 2788K, committed 2888K, reserved 1048576K
2023-04-26T14:07:42.237+0530: 1.244: [GC (Allocation Failure) 2023-04-26T14:07:42.237+0530: 1.244: [ParNew
Desired survivor size 20112992 bytes, new threshold 8 (max 8)
- age   1:     645104 bytes,     645104 total
- age   2:     118368 bytes,     763472 total
- age   3:     134944 bytes,     898416 total
- age   4:     118144 bytes,    1016560 total
- age   5:    1916216 bytes,    2932776 total
- age   6:     306416 bytes,    3239192 total
- age   7:    4914880 bytes,    8154072 total
- age   8:    2556088 bytes,   10710160 total
: 102892K->11945K(109248K), 0.0053974 secs] 102892K->11945K(502464K), 0.0054711 secs] [Times: user=0.03 sys=0.00, real=0.00 secs] 
Heap after GC invocations=8 (full 1):
 par new generation   total 109248K, used 11945K [0x00000000e0000000, 0x00000000e8000000, 0x00000000e8000000)
  eden space 87424K,   0% used [0x00000000e0000000, 0x00000000e0000000, 0x00000000e5560000)
  from space 21824K,  54% used [0x00000000e5560000, 0x00000000e610a770, 0x00000000e6ab0000)
  to   space 21824K,   0% used [0x00000000e6ab0000, 0x00000000e6ab0000, 0x00000000e8000000)
 concurrent mark-sweep generation total 393216K, used 0K [0x00000000e8000000, 0x0000000100000000, 0x0000000100000000)
 Metaspace       used 22655K, capacity 23032K, committed 23264K, reserved 1069056K
  class space    used 2653K, capacity 2788K, committed 2888K, reserved 1048576K
}
2023-04-26T14:07:42.242+0530: 1.250: Total time for which application threads were stopped: 0.0056840 seconds, Stopping threads took: 0.0001093 seconds
2023-04-26T14:07:42.272+0530: 1.279: Total time for which application threads were stopped: 0.0003209 seconds, Stopping threads took: 0.0000191 seconds
2023-04-26T14:07:42.351+0530: 1.358: Total time for which application threads were stopped: 0.0003220 seconds, Stopping threads took: 0.0000178 seconds
2023-04-26T14:07:42.362+0530: 1.369: Total time for which application threads were stopped: 0.0003025 seconds, Stopping threads took: 0.0000223 seconds
2023-04-26T14:07:42.370+0530: 1.378: Total time for which application threads were stopped: 0.0003827 seconds, Stopping threads took: 0.0000236 seconds
{Heap before GC invocations=8 (full 1):
 par new generation   total 109248K, used 99369K [0x00000000e0000000, 0x00000000e8000000, 0x00000000e8000000)
  eden space 87424K, 100% used [0x00000000e0000000, 0x00000000e5560000, 0x00000000e5560000)
  from space 21824K,  54% used [0x00000000e5560000, 0x00000000e610a770, 0x00000000e6ab0000)
  to   space 21824K,   0% used [0x00000000e6ab0000, 0x00000000e6ab0000, 0x00000000e8000000)
 concurrent mark-sweep generation total 393216K, used 0K [0x00000000e8000000, 0x0000000100000000, 0x0000000100000000)
 Metaspace       used 26373K, capacity 26758K, committed 27080K, reserved 1073152K
  class space    used 3098K, capacity 3243K, committed 3272K, reserved 1048576K
2023-04-26T14:07:42.529+0530: 1.536: [GC (Allocation Failure) 2023-04-26T14:07:42.529+0530: 1.536: [ParNew
Desired survivor size 20112992 bytes, new threshold 8 (max 8)
- age   1:    5537200 bytes,    5537200 total
- age   2:     208072 bytes,    5745272 total
- age   3:     118320 bytes,    5863592 total
- age   4:     134896 bytes,    5998488 total
- age   5:     118016 bytes,    6116504 total
- age   6:     285792 bytes,    6402296 total
- age   7:     296336 bytes,    6698632 total
- age   8:    4912784 bytes,   11611416 total
: 99369K->18077K(109248K), 0.0124413 secs] 99369K->20612K(502464K), 0.0125178 secs] [Times: user=0.06 sys=0.01, real=0.01 secs] 
Heap after GC invocations=9 (full 1):
 par new generation   total 109248K, used 18077K [0x00000000e0000000, 0x00000000e8000000, 0x00000000e8000000)
  eden space 87424K,   0% used [0x00000000e0000000, 0x00000000e0000000, 0x00000000e5560000)
  from space 21824K,  82% used [0x00000000e6ab0000, 0x00000000e7c57780, 0x00000000e8000000)
  to   space 21824K,   0% used [0x00000000e5560000, 0x00000000e5560000, 0x00000000e6ab0000)
 concurrent mark-sweep generation total 393216K, used 2534K [0x00000000e8000000, 0x0000000100000000, 0x0000000100000000)
 Metaspace       used 26373K, capacity 26758K, committed 27080K, reserved 1073152K
  class space    used 3098K, capacity 3243K, committed 3272K, reserved 1048576K
}
2023-04-26T14:07:42.542+0530: 1.549: Total time for which application threads were stopped: 0.0127098 seconds, Stopping threads took: 0.0000335 seconds
2023-04-26T14:07:42.611+0530: 1.618: Total time for which application threads were stopped: 0.0004226 seconds, Stopping threads took: 0.0000946 seconds
2023-04-26T14:07:42.617+0530: 1.624: Total time for which application threads were stopped: 0.0003532 seconds, Stopping threads took: 0.0000198 seconds
{Heap before GC invocations=9 (full 1):
 par new generation   total 109248K, used 105501K [0x00000000e0000000, 0x00000000e8000000, 0x00000000e8000000)
  eden space 87424K, 100% used [0x00000000e0000000, 0x00000000e5560000, 0x00000000e5560000)
  from space 21824K,  82% used [0x00000000e6ab0000, 0x00000000e7c57780, 0x00000000e8000000)
  to   space 21824K,   0% used [0x00000000e5560000, 0x00000000e5560000, 0x00000000e6ab0000)
 concurrent mark-sweep generation total 393216K, used 2534K [0x00000000e8000000, 0x0000000100000000, 0x0000000100000000)
 Metaspace       used 28107K, capacity 28458K, committed 28872K, reserved 1075200K
  class space    used 3291K, capacity 3441K, committed 3528K, reserved 1048576K
2023-04-26T14:07:42.728+0530: 1.735: [GC (Allocation Failure) 2023-04-26T14:07:42.728+0530: 1.735: [ParNew
Desired survivor size 20112992 bytes, new threshold 8 (max 8)
- age   1:   10391760 bytes,   10391760 total
- age   2:    2328480 bytes,   12720240 total
- age   3:     208072 bytes,   12928312 total
- age   4:     118224 bytes,   13046536 total
- age   5:     134240 bytes,   13180776 total
- age   6:     117856 bytes,   13298632 total
- age   7:     285464 bytes,   13584096 total
- age   8:     288864 bytes,   13872960 total
: 105501K->15539K(109248K), 0.0133443 secs] 108036K->22891K(502464K), 0.0134349 secs] [Times: user=0.07 sys=0.00, real=0.01 secs] 
Heap after GC invocations=10 (full 1):
 par new generation   total 109248K, used 15539K [0x00000000e0000000, 0x00000000e8000000, 0x00000000e8000000)
  eden space 87424K,   0% used [0x00000000e0000000, 0x00000000e0000000, 0x00000000e5560000)
  from space 21824K,  71% used [0x00000000e5560000, 0x00000000e648ce10, 0x00000000e6ab0000)
  to   space 21824K,   0% used [0x00000000e6ab0000, 0x00000000e6ab0000, 0x00000000e8000000)
 concurrent mark-sweep generation total 393216K, used 7351K [0x00000000e8000000, 0x0000000100000000, 0x0000000100000000)
 Metaspace       used 28107K, capacity 28458K, committed 28872K, reserved 1075200K
  class space    used 3291K, capacity 3441K, committed 3528K, reserved 1048576K
}
2023-04-26T14:07:42.741+0530: 1.749: Total time for which application threads were stopped: 0.0137012 seconds, Stopping threads took: 0.0000459 seconds
2023-04-26T14:07:42.770+0530: 1.777: Total time for which application threads were stopped: 0.0004193 seconds, Stopping threads took: 0.0000432 seconds
{Heap before GC invocations=10 (full 1):
 par new generation   total 109248K, used 102963K [0x00000000e0000000, 0x00000000e8000000, 0x00000000e8000000)
  eden space 87424K, 100% used [0x00000000e0000000, 0x00000000e5560000, 0x00000000e5560000)
  from space 21824K,  71% used [0x00000000e5560000, 0x00000000e648ce10, 0x00000000e6ab0000)
  to   space 21824K,   0% used [0x00000000e6ab0000, 0x00000000e6ab0000, 0x00000000e8000000)
 concurrent mark-sweep generation total 393216K, used 7351K [0x00000000e8000000, 0x0000000100000000, 0x0000000100000000)
 Metaspace       used 28195K, capacity 28592K, committed 28872K, reserved 1075200K
  class space    used 3296K, capacity 3442K, committed 3528K, reserved 1048576K
2023-04-26T14:07:42.796+0530: 1.803: [GC (Allocation Failure) 2023-04-26T14:07:42.796+0530: 1.803: [ParNew
Desired survivor size 20112992 bytes, new threshold 8 (max 8)
- age   1:    2639864 bytes,    2639864 total
- age   2:    8034160 bytes,   10674024 total
- age   3:    2328480 bytes,   13002504 total
- age   4:     208072 bytes,   13210576 total
- age   5:     118224 bytes,   13328800 total
- age   6:     134240 bytes,   13463040 total
- age   7:     117856 bytes,   13580896 total
- age   8:     285464 bytes,   13866360 total
: 102963K->19674K(109248K), 0.0087688 secs] 110315K->27315K(502464K), 0.0088698 secs] [Times: user=0.06 sys=0.00, real=0.00 secs] 
Heap after GC invocations=11 (full 1):
 par new generation   total 109248K, used 19674K [0x00000000e0000000, 0x00000000e8000000, 0x00000000e8000000)
  eden space 87424K,   0% used [0x00000000e0000000, 0x00000000e0000000, 0x00000000e5560000)
  from space 21824K,  90% used [0x00000000e6ab0000, 0x00000000e7de6980, 0x00000000e8000000)
  to   space 21824K,   0% used [0x00000000e5560000, 0x00000000e5560000, 0x00000000e6ab0000)
 concurrent mark-sweep generation total 393216K, used 7641K [0x00000000e8000000, 0x0000000100000000, 0x0000000100000000)
 Metaspace       used 28195K, capacity 28592K, committed 28872K, reserved 1075200K
  class space    used 3296K, capacity 3442K, committed 3528K, reserved 1048576K
}
2023-04-26T14:07:42.805+0530: 1.812: Total time for which application threads were stopped: 0.0091149 seconds, Stopping threads took: 0.0000706 seconds
{Heap before GC invocations=11 (full 1):
 par new generation   total 109248K, used 107098K [0x00000000e0000000, 0x00000000e8000000, 0x00000000e8000000)
  eden space 87424K, 100% used [0x00000000e0000000, 0x00000000e5560000, 0x00000000e5560000)
  from space 21824K,  90% used [0x00000000e6ab0000, 0x00000000e7de6980, 0x00000000e8000000)
  to   space 21824K,   0% used [0x00000000e5560000, 0x00000000e5560000, 0x00000000e6ab0000)
 concurrent mark-sweep generation total 393216K, used 7641K [0x00000000e8000000, 0x0000000100000000, 0x0000000100000000)
 Metaspace       used 28230K, capacity 28628K, committed 28872K, reserved 1075200K
  class space    used 3299K, capacity 3448K, committed 3528K, reserved 1048576K
2023-04-26T14:07:42.823+0530: 1.831: [GC (Allocation Failure) 2023-04-26T14:07:42.824+0530: 1.831: [ParNew
Desired survivor size 20112992 bytes, new threshold 8 (max 8)
- age   1:     678096 bytes,     678096 total
- age   2:    2215672 bytes,    2893768 total
- age   3:    8003864 bytes,   10897632 total
- age   4:    2328480 bytes,   13226112 total
- age   5:     208072 bytes,   13434184 total
- age   6:     118224 bytes,   13552408 total
- age   7:     134136 bytes,   13686544 total
- age   8:     117752 bytes,   13804296 total
: 107098K->17749K(109248K), 0.0085788 secs] 114739K->25673K(502464K), 0.0086593 secs] [Times: user=0.05 sys=0.00, real=0.01 secs] 
Heap after GC invocations=12 (full 1):
 par new generation   total 109248K, used 17749K [0x00000000e0000000, 0x00000000e8000000, 0x00000000e8000000)
  eden space 87424K,   0% used [0x00000000e0000000, 0x00000000e0000000, 0x00000000e5560000)
  from space 21824K,  81% used [0x00000000e5560000, 0x00000000e66b5558, 0x00000000e6ab0000)
  to   space 21824K,   0% used [0x00000000e6ab0000, 0x00000000e6ab0000, 0x00000000e8000000)
 concurrent mark-sweep generation total 393216K, used 7924K [0x00000000e8000000, 0x0000000100000000, 0x0000000100000000)
 Metaspace       used 28230K, capacity 28628K, committed 28872K, reserved 1075200K
  class space    used 3299K, capacity 3448K, committed 3528K, reserved 1048576K
}
2023-04-26T14:07:42.832+0530: 1.839: Total time for which application threads were stopped: 0.0120834 seconds, Stopping threads took: 0.0032738 seconds
{Heap before GC invocations=12 (full 1):
 par new generation   total 109248K, used 105173K [0x00000000e0000000, 0x00000000e8000000, 0x00000000e8000000)
  eden space 87424K, 100% used [0x00000000e0000000, 0x00000000e5560000, 0x00000000e5560000)
  from space 21824K,  81% used [0x00000000e5560000, 0x00000000e66b5558, 0x00000000e6ab0000)
  to   space 21824K,   0% used [0x00000000e6ab0000, 0x00000000e6ab0000, 0x00000000e8000000)
 concurrent mark-sweep generation total 393216K, used 7924K [0x00000000e8000000, 0x0000000100000000, 0x0000000100000000)
 Metaspace       used 28270K, capacity 28670K, committed 28872K, reserved 1075200K
  class space    used 3304K, capacity 3455K, committed 3528K, reserved 1048576K
2023-04-26T14:07:42.858+0530: 1.865: [GC (Allocation Failure) 2023-04-26T14:07:42.858+0530: 1.865: [ParNew
Desired survivor size 20112992 bytes, new threshold 8 (max 8)
- age   1:     445504 bytes,     445504 total
- age   2:      56120 bytes,     501624 total
- age   3:    2215744 bytes,    2717368 total
- age   4:    8003864 bytes,   10721232 total
- age   5:    2328480 bytes,   13049712 total
- age   6:     208072 bytes,   13257784 total
- age   7:     118224 bytes,   13376008 total
- age   8:     133720 bytes,   13509728 total
: 105173K->15811K(109248K), 0.0079661 secs] 113097K->23854K(502464K), 0.0080601 secs] [Times: user=0.04 sys=0.01, real=0.01 secs] 
Heap after GC invocations=13 (full 1):
 par new generation   total 109248K, used 15811K [0x00000000e0000000, 0x00000000e8000000, 0x00000000e8000000)
  eden space 87424K,   0% used [0x00000000e0000000, 0x00000000e0000000, 0x00000000e5560000)
  from space 21824K,  72% used [0x00000000e6ab0000, 0x00000000e7a20ef0, 0x00000000e8000000)
  to   space 21824K,   0% used [0x00000000e5560000, 0x00000000e5560000, 0x00000000e6ab0000)
 concurrent mark-sweep generation total 393216K, used 8043K [0x00000000e8000000, 0x0000000100000000, 0x0000000100000000)
 Metaspace       used 28270K, capacity 28670K, committed 28872K, reserved 1075200K
  class space    used 3304K, capacity 3455K, committed 3528K, reserved 1048576K
}
2023-04-26T14:07:42.866+0530: 1.873: Total time for which application threads were stopped: 0.0082694 seconds, Stopping threads took: 0.0000447 seconds
{Heap before GC invocations=13 (full 1):
 par new generation   total 109248K, used 103233K [0x00000000e0000000, 0x00000000e8000000, 0x00000000e8000000)
  eden space 87424K,  99% used [0x00000000e0000000, 0x00000000e555f580, 0x00000000e5560000)
  from space 21824K,  72% used [0x00000000e6ab0000, 0x00000000e7a20ef0, 0x00000000e8000000)
  to   space 21824K,   0% used [0x00000000e5560000, 0x00000000e5560000, 0x00000000e6ab0000)
 concurrent mark-sweep generation total 393216K, used 8043K [0x00000000e8000000, 0x0000000100000000, 0x0000000100000000)
 Metaspace       used 28275K, capacity 28676K, committed 28872K, reserved 1075200K
  class space    used 3305K, capacity 3456K, committed 3528K, reserved 1048576K
2023-04-26T14:07:42.896+0530: 1.903: [GC (Allocation Failure) 2023-04-26T14:07:42.896+0530: 1.903: [ParNew
Desired survivor size 20112992 bytes, new threshold 8 (max 8)
- age   1:     448448 bytes,     448448 total
- age   2:     117080 bytes,     565528 total
- age   3:      55632 bytes,     621160 total
- age   4:    2215672 bytes,    2836832 total
- age   5:    8003864 bytes,   10840696 total
- age   6:    2328480 bytes,   13169176 total
- age   7:     208072 bytes,   13377248 total
- age   8:     118224 bytes,   13495472 total
: 103233K->17477K(109248K), 0.0074093 secs] 111276K->25654K(502464K), 0.0074858 secs] [Times: user=0.06 sys=0.00, real=0.00 secs] 
Heap after GC invocations=14 (full 1):
 par new generation   total 109248K, used 17477K [0x00000000e0000000, 0x00000000e8000000, 0x00000000e8000000)
  eden space 87424K,   0% used [0x00000000e0000000, 0x00000000e0000000, 0x00000000e5560000)
  from space 21824K,  80% used [0x00000000e5560000, 0x00000000e66715f0, 0x00000000e6ab0000)
  to   space 21824K,   0% used [0x00000000e6ab0000, 0x00000000e6ab0000, 0x00000000e8000000)
 concurrent mark-sweep generation total 393216K, used 8176K [0x00000000e8000000, 0x0000000100000000, 0x0000000100000000)
 Metaspace       used 28275K, capacity 28676K, committed 28872K, reserved 1075200K
  class space    used 3305K, capacity 3456K, committed 3528K, reserved 1048576K
}
2023-04-26T14:07:42.903+0530: 1.910: Total time for which application threads were stopped: 0.0076604 seconds, Stopping threads took: 0.0000507 seconds
{Heap before GC invocations=14 (full 1):
 par new generation   total 109248K, used 104901K [0x00000000e0000000, 0x00000000e8000000, 0x00000000e8000000)
  eden space 87424K, 100% used [0x00000000e0000000, 0x00000000e5560000, 0x00000000e5560000)
  from space 21824K,  80% used [0x00000000e5560000, 0x00000000e66715f0, 0x00000000e6ab0000)
  to   space 21824K,   0% used [0x00000000e6ab0000, 0x00000000e6ab0000, 0x00000000e8000000)
 concurrent mark-sweep generation total 393216K, used 8176K [0x00000000e8000000, 0x0000000100000000, 0x0000000100000000)
 Metaspace       used 28319K, capacity 28682K, committed 28872K, reserved 1075200K
  class space    used 3305K, capacity 3457K, committed 3528K, reserved 1048576K
2023-04-26T14:07:42.946+0530: 1.953: [GC (Allocation Failure) 2023-04-26T14:07:42.946+0530: 1.953: [ParNew
Desired survivor size 20112992 bytes, new threshold 8 (max 8)
- age   1:     890680 bytes,     890680 total
- age   2:      82032 bytes,     972712 total
- age   3:     116576 bytes,    1089288 total
- age   4:      54832 bytes,    1144120 total
- age   5:    1673944 bytes,    2818064 total
- age   6:    8003864 bytes,   10821928 total
- age   7:    2328376 bytes,   13150304 total
- age   8:     208072 bytes,   13358376 total
: 104901K->17673K(109248K), 0.0078202 secs] 113078K->25968K(502464K), 0.0079121 secs] [Times: user=0.05 sys=0.00, real=0.01 secs] 
Heap after GC invocations=15 (full 1):
 par new generation   total 109248K, used 17673K [0x00000000e0000000, 0x00000000e8000000, 0x00000000e8000000)
  eden space 87424K,   0% used [0x00000000e0000000, 0x00000000e0000000, 0x00000000e5560000)
  from space 21824K,  80% used [0x00000000e6ab0000, 0x00000000e7bf27d8, 0x00000000e8000000)
  to   space 21824K,   0% used [0x00000000e5560000, 0x00000000e5560000, 0x00000000e6ab0000)
 concurrent mark-sweep generation total 393216K, used 8294K [0x00000000e8000000, 0x0000000100000000, 0x0000000100000000)
 Metaspace       used 28319K, capacity 28682K, committed 28872K, reserved 1075200K
  class space    used 3305K, capacity 3457K, committed 3528K, reserved 1048576K
}
2023-04-26T14:07:42.954+0530: 1.961: Total time for which application threads were stopped: 0.0082065 seconds, Stopping threads took: 0.0001491 seconds
{Heap before GC invocations=15 (full 1):
 par new generation   total 109248K, used 105097K [0x00000000e0000000, 0x00000000e8000000, 0x00000000e8000000)
  eden space 87424K, 100% used [0x00000000e0000000, 0x00000000e5560000, 0x00000000e5560000)
  from space 21824K,  80% used [0x00000000e6ab0000, 0x00000000e7bf27d8, 0x00000000e8000000)
  to   space 21824K,   0% used [0x00000000e5560000, 0x00000000e5560000, 0x00000000e6ab0000)
 concurrent mark-sweep generation total 393216K, used 8294K [0x00000000e8000000, 0x0000000100000000, 0x0000000100000000)
 Metaspace       used 28454K, capacity 28892K, committed 29128K, reserved 1075200K
  class space    used 3308K, capacity 3461K, committed 3528K, reserved 1048576K
2023-04-26T14:07:43.022+0530: 2.029: [GC (Allocation Failure) 2023-04-26T14:07:43.022+0530: 2.029: [ParNew
Desired survivor size 20112992 bytes, new threshold 8 (max 8)
- age   1:    4391440 bytes,    4391440 total
- age   2:     168440 bytes,    4559880 total
- age   3:      81144 bytes,    4641024 total
- age   4:     116024 bytes,    4757048 total
- age   5:      53896 bytes,    4810944 total
- age   6:     288272 bytes,    5099216 total
- age   7:    7989816 bytes,   13089032 total
- age   8:    2328272 bytes,   15417304 total
: 105097K->18853K(109248K), 0.0083359 secs] 113392K->27355K(502464K), 0.0084053 secs] [Times: user=0.04 sys=0.00, real=0.01 secs] 
Heap after GC invocations=16 (full 1):
 par new generation   total 109248K, used 18853K [0x00000000e0000000, 0x00000000e8000000, 0x00000000e8000000)
  eden space 87424K,   0% used [0x00000000e0000000, 0x00000000e0000000, 0x00000000e5560000)
  from space 21824K,  86% used [0x00000000e5560000, 0x00000000e67c9540, 0x00000000e6ab0000)
  to   space 21824K,   0% used [0x00000000e6ab0000, 0x00000000e6ab0000, 0x00000000e8000000)
 concurrent mark-sweep generation total 393216K, used 8502K [0x00000000e8000000, 0x0000000100000000, 0x0000000100000000)
 Metaspace       used 28454K, capacity 28892K, committed 29128K, reserved 1075200K
  class space    used 3308K, capacity 3461K, committed 3528K, reserved 1048576K
}
2023-04-26T14:07:43.030+0530: 2.038: Total time for which application threads were stopped: 0.0085761 seconds, Stopping threads took: 0.0000376 seconds
2023-04-26T14:07:43.075+0530: 2.082: Total time for which application threads were stopped: 0.0000854 seconds, Stopping threads took: 0.0000228 seconds
{Heap before GC invocations=16 (full 1):
 par new generation   total 109248K, used 106309K [0x00000000e0000000, 0x00000000e8000000, 0x00000000e8000000)
  eden space 87424K, 100% used [0x00000000e0000000, 0x00000000e5560000, 0x00000000e5560000)
  from space 21824K,  86% used [0x00000000e5560000, 0x00000000e67d1550, 0x00000000e6ab0000)
  to   space 21824K,   0% used [0x00000000e6ab0000, 0x00000000e6ab0000, 0x00000000e8000000)
 concurrent mark-sweep generation total 393216K, used 8502K [0x00000000e8000000, 0x0000000100000000, 0x0000000100000000)
 Metaspace       used 28766K, capacity 29140K, committed 29384K, reserved 1075200K
  class space    used 3344K, capacity 3502K, committed 3528K, reserved 1048576K
2023-04-26T14:07:43.075+0530: 2.082: [GC (GCLocker Initiated GC) 2023-04-26T14:07:43.075+0530: 2.082: [ParNew
Desired survivor size 20112992 bytes, new threshold 8 (max 8)
- age   1:    5738600 bytes,    5738600 total
- age   2:    3875336 bytes,    9613936 total
- age   3:     168144 bytes,    9782080 total
- age   4:      70600 bytes,    9852680 total
- age   5:     116024 bytes,    9968704 total
- age   6:      53864 bytes,   10022568 total
- age   7:     280760 bytes,   10303328 total
- age   8:    7982640 bytes,   18285968 total
: 106309K->21824K(109248K), 0.0208721 secs] 114811K->32979K(502464K), 0.0209487 secs] [Times: user=0.12 sys=0.00, real=0.02 secs] 
Heap after GC invocations=17 (full 1):
 par new generation   total 109248K, used 21824K [0x00000000e0000000, 0x00000000e8000000, 0x00000000e8000000)
  eden space 87424K,   0% used [0x00000000e0000000, 0x00000000e0000000, 0x00000000e5560000)
  from space 21824K, 100% used [0x00000000e6ab0000, 0x00000000e8000000, 0x00000000e8000000)
  to   space 21824K,   0% used [0x00000000e5560000, 0x00000000e5560000, 0x00000000e6ab0000)
 concurrent mark-sweep generation total 393216K, used 11155K [0x00000000e8000000, 0x0000000100000000, 0x0000000100000000)
 Metaspace       used 28766K, capacity 29140K, committed 29384K, reserved 1075200K
  class space    used 3344K, capacity 3502K, committed 3528K, reserved 1048576K
}
2023-04-26T14:07:43.096+0530: 2.103: Total time for which application threads were stopped: 0.0211434 seconds, Stopping threads took: 0.0000743 seconds
2023-04-26T14:07:43.173+0530: 2.180: Total time for which application threads were stopped: 0.0000858 seconds, Stopping threads took: 0.0000221 seconds
{Heap before GC invocations=17 (full 1):
 par new generation   total 109248K, used 109248K [0x00000000e0000000, 0x00000000e8000000, 0x00000000e8000000)
  eden space 87424K, 100% used [0x00000000e0000000, 0x00000000e5560000, 0x00000000e5560000)
  from space 21824K, 100% used [0x00000000e6ab0000, 0x00000000e8000000, 0x00000000e8000000)
  to   space 21824K,   0% used [0x00000000e5560000, 0x00000000e5560000, 0x00000000e6ab0000)
 concurrent mark-sweep generation total 393216K, used 11155K [0x00000000e8000000, 0x0000000100000000, 0x0000000100000000)
 Metaspace       used 29631K, capacity 30036K, committed 30280K, reserved 1075200K
  class space    used 3475K, capacity 3630K, committed 3656K, reserved 1048576K
2023-04-26T14:07:43.173+0530: 2.180: [GC (Allocation Failure) 2023-04-26T14:07:43.173+0530: 2.180: [ParNew
Desired survivor size 20112992 bytes, new threshold 8 (max 8)
- age   1:    1281984 bytes,    1281984 total
- age   2:    5263376 bytes,    6545360 total
- age   3:    3864808 bytes,   10410168 total
- age   4:     168144 bytes,   10578312 total
- age   5:      70600 bytes,   10648912 total
- age   6:     116024 bytes,   10764936 total
- age   7:      53864 bytes,   10818800 total
- age   8:     280760 bytes,   11099560 total
: 109248K->16644K(109248K), 0.0149609 secs] 120403K->35608K(502464K), 0.0150380 secs] [Times: user=0.07 sys=0.00, real=0.02 secs] 
Heap after GC invocations=18 (full 1):
 par new generation   total 109248K, used 16644K [0x00000000e0000000, 0x00000000e8000000, 0x00000000e8000000)
  eden space 87424K,   0% used [0x00000000e0000000, 0x00000000e0000000, 0x00000000e5560000)
  from space 21824K,  76% used [0x00000000e5560000, 0x00000000e65a1220, 0x00000000e6ab0000)
  to   space 21824K,   0% used [0x00000000e6ab0000, 0x00000000e6ab0000, 0x00000000e8000000)
 concurrent mark-sweep generation total 393216K, used 18964K [0x00000000e8000000, 0x0000000100000000, 0x0000000100000000)
 Metaspace       used 29631K, capacity 30036K, committed 30280K, reserved 1075200K
  class space    used 3475K, capacity 3630K, committed 3656K, reserved 1048576K
}
2023-04-26T14:07:43.188+0530: 2.195: Total time for which application threads were stopped: 0.0151560 seconds, Stopping threads took: 0.0000189 seconds
2023-04-26T14:07:43.213+0530: 2.220: Total time for which application threads were stopped: 0.0004445 seconds, Stopping threads took: 0.0000224 seconds
2023-04-26T14:07:44.213+0530: 3.220: Total time for which application threads were stopped: 0.0002620 seconds, Stopping threads took: 0.0000448 seconds
2023-04-26T14:07:45.034+0530: 4.041: Total time for which application threads were stopped: 0.0009128 seconds, Stopping threads took: 0.0000453 seconds
2023-04-26T14:07:50.659+0530: 9.666: Total time for which application threads were stopped: 0.0001035 seconds, Stopping threads took: 0.0000256 seconds
2023-04-26T14:07:50.663+0530: 9.670: Total time for which application threads were stopped: 0.0000788 seconds, Stopping threads took: 0.0000203 seconds
2023-04-26T14:07:50.679+0530: 9.686: Total time for which application threads were stopped: 0.0003741 seconds, Stopping threads took: 0.0000125 seconds
2023-04-26T14:07:50.686+0530: 9.693: Total time for which application threads were stopped: 0.0000500 seconds, Stopping threads took: 0.0000112 seconds
2023-04-26T14:07:50.752+0530: 9.759: Total time for which application threads were stopped: 0.0000692 seconds, Stopping threads took: 0.0000145 seconds
2023-04-26T14:07:50.752+0530: 9.759: Total time for which application threads were stopped: 0.0000412 seconds, Stopping threads took: 0.0000079 seconds
2023-04-26T14:07:50.757+0530: 9.764: Total time for which application threads were stopped: 0.0000366 seconds, Stopping threads took: 0.0000079 seconds
2023-04-26T14:07:50.757+0530: 9.764: Total time for which application threads were stopped: 0.0000272 seconds, Stopping threads took: 0.0000061 seconds
2023-04-26T14:07:50.758+0530: 9.765: Total time for which application threads were stopped: 0.0000329 seconds, Stopping threads took: 0.0000065 seconds
2023-04-26T14:07:50.759+0530: 9.766: Total time for which application threads were stopped: 0.0000353 seconds, Stopping threads took: 0.0000065 seconds
2023-04-26T14:07:50.779+0530: 9.786: Total time for which application threads were stopped: 0.0003333 seconds, Stopping threads took: 0.0000113 seconds
2023-04-26T14:07:50.793+0530: 9.800: Total time for which application threads were stopped: 0.0000886 seconds, Stopping threads took: 0.0000171 seconds
2023-04-26T14:07:50.793+0530: 9.801: Total time for which application threads were stopped: 0.0000395 seconds, Stopping threads took: 0.0000098 seconds
2023-04-26T14:07:50.794+0530: 9.801: Total time for which application threads were stopped: 0.0000277 seconds, Stopping threads took: 0.0000061 seconds
2023-04-26T14:07:50.794+0530: 9.801: Total time for which application threads were stopped: 0.0000291 seconds, Stopping threads took: 0.0000061 seconds
2023-04-26T14:07:50.795+0530: 9.802: Total time for which application threads were stopped: 0.0000475 seconds, Stopping threads took: 0.0000191 seconds
2023-04-26T14:07:50.927+0530: 9.934: Total time for which application threads were stopped: 0.0001083 seconds, Stopping threads took: 0.0000194 seconds
2023-04-26T14:07:50.929+0530: 9.936: Total time for which application threads were stopped: 0.0000810 seconds, Stopping threads took: 0.0000273 seconds
2023-04-26T14:07:50.930+0530: 9.938: Total time for which application threads were stopped: 0.0000662 seconds, Stopping threads took: 0.0000158 seconds
{Heap before GC invocations=18 (full 1):
 par new generation   total 109248K, used 104068K [0x00000000e0000000, 0x00000000e8000000, 0x00000000e8000000)
  eden space 87424K, 100% used [0x00000000e0000000, 0x00000000e5560000, 0x00000000e5560000)
  from space 21824K,  76% used [0x00000000e5560000, 0x00000000e65a1220, 0x00000000e6ab0000)
  to   space 21824K,   0% used [0x00000000e6ab0000, 0x00000000e6ab0000, 0x00000000e8000000)
 concurrent mark-sweep generation total 393216K, used 18964K [0x00000000e8000000, 0x0000000100000000, 0x0000000100000000)
 Metaspace       used 34780K, capacity 35236K, committed 35656K, reserved 1081344K
  class space    used 4161K, capacity 4310K, committed 4424K, reserved 1048576K
2023-04-26T14:07:50.958+0530: 9.965: [GC (Allocation Failure) 2023-04-26T14:07:50.958+0530: 9.966: [ParNew
Desired survivor size 20112992 bytes, new threshold 7 (max 8)
- age   1:   10994792 bytes,   10994792 total
- age   2:     238864 bytes,   11233656 total
- age   3:    4709272 bytes,   15942928 total
- age   4:    3860464 bytes,   19803392 total
- age   5:     168144 bytes,   19971536 total
- age   6:      70600 bytes,   20042136 total
- age   7:     116008 bytes,   20158144 total
- age   8:      53800 bytes,   20211944 total
: 104068K->21824K(109248K), 0.0099623 secs] 123032K->41098K(502464K), 0.0100295 secs] [Times: user=0.05 sys=0.00, real=0.01 secs] 
Heap after GC invocations=19 (full 1):
 par new generation   total 109248K, used 21824K [0x00000000e0000000, 0x00000000e8000000, 0x00000000e8000000)
  eden space 87424K,   0% used [0x00000000e0000000, 0x00000000e0000000, 0x00000000e5560000)
  from space 21824K, 100% used [0x00000000e6ab0000, 0x00000000e8000000, 0x00000000e8000000)
  to   space 21824K,   0% used [0x00000000e5560000, 0x00000000e5560000, 0x00000000e6ab0000)
 concurrent mark-sweep generation total 393216K, used 19274K [0x00000000e8000000, 0x0000000100000000, 0x0000000100000000)
 Metaspace       used 34780K, capacity 35236K, committed 35656K, reserved 1081344K
  class space    used 4161K, capacity 4310K, committed 4424K, reserved 1048576K
}
2023-04-26T14:07:50.968+0530: 9.976: Total time for which application threads were stopped: 0.0101563 seconds, Stopping threads took: 0.0000174 seconds
2023-04-26T14:07:51.004+0530: 10.011: Total time for which application threads were stopped: 0.0000825 seconds, Stopping threads took: 0.0000309 seconds
2023-04-26T14:08:12.009+0530: 31.016: Total time for which application threads were stopped: 0.0001669 seconds, Stopping threads took: 0.0000455 seconds
2023-04-26T14:08:46.374+0530: 65.381: Total time for which application threads were stopped: 0.0000839 seconds, Stopping threads took: 0.0000219 seconds
2023-04-26T14:08:46.374+0530: 65.381: Total time for which application threads were stopped: 0.0000618 seconds, Stopping threads took: 0.0000132 seconds
2023-04-26T14:08:46.375+0530: 65.382: Total time for which application threads were stopped: 0.0000938 seconds, Stopping threads took: 0.0000219 seconds
2023-04-26T14:08:46.377+0530: 65.384: Total time for which application threads were stopped: 0.0001022 seconds, Stopping threads took: 0.0000414 seconds
2023-04-26T14:08:46.377+0530: 65.385: Total time for which application threads were stopped: 0.0000583 seconds, Stopping threads took: 0.0000269 seconds
2023-04-26T14:08:46.378+0530: 65.385: Total time for which application threads were stopped: 0.0000484 seconds, Stopping threads took: 0.0000224 seconds
2023-04-26T14:08:46.378+0530: 65.385: Total time for which application threads were stopped: 0.0000291 seconds, Stopping threads took: 0.0000060 seconds
2023-04-26T14:08:46.378+0530: 65.385: Total time for which application threads were stopped: 0.0000543 seconds, Stopping threads took: 0.0000300 seconds
2023-04-26T14:08:46.378+0530: 65.385: Total time for which application threads were stopped: 0.0000428 seconds, Stopping threads took: 0.0000191 seconds
2023-04-26T14:08:46.380+0530: 65.387: Total time for which application threads were stopped: 0.0000810 seconds, Stopping threads took: 0.0000265 seconds
2023-04-26T14:08:46.380+0530: 65.387: Total time for which application threads were stopped: 0.0000854 seconds, Stopping threads took: 0.0000448 seconds
2023-04-26T14:08:46.381+0530: 65.388: Total time for which application threads were stopped: 0.0000574 seconds, Stopping threads took: 0.0000172 seconds
2023-04-26T14:08:46.381+0530: 65.388: Total time for which application threads were stopped: 0.0000486 seconds, Stopping threads took: 0.0000222 seconds
2023-04-26T14:08:46.381+0530: 65.388: Total time for which application threads were stopped: 0.0000549 seconds, Stopping threads took: 0.0000211 seconds
2023-04-26T14:08:46.383+0530: 65.390: Total time for which application threads were stopped: 0.0001058 seconds, Stopping threads took: 0.0000356 seconds
2023-04-26T14:08:46.393+0530: 65.400: Total time for which application threads were stopped: 0.0001269 seconds, Stopping threads took: 0.0000299 seconds
2023-04-26T14:08:46.393+0530: 65.401: Total time for which application threads were stopped: 0.0000679 seconds, Stopping threads took: 0.0000153 seconds
2023-04-26T14:08:46.394+0530: 65.401: Total time for which application threads were stopped: 0.0000500 seconds, Stopping threads took: 0.0000162 seconds
2023-04-26T14:08:46.394+0530: 65.401: Total time for which application threads were stopped: 0.0000969 seconds, Stopping threads took: 0.0000106 seconds
2023-04-26T14:08:46.394+0530: 65.401: Total time for which application threads were stopped: 0.0000799 seconds, Stopping threads took: 0.0000149 seconds
2023-04-26T14:08:46.394+0530: 65.402: Total time for which application threads were stopped: 0.0000554 seconds, Stopping threads took: 0.0000262 seconds
2023-04-26T14:09:06.572+0530: 85.579: Total time for which application threads were stopped: 0.0002136 seconds, Stopping threads took: 0.0000768 seconds
2023-04-26T14:09:06.572+0530: 85.579: Total time for which application threads were stopped: 0.0001032 seconds, Stopping threads took: 0.0000170 seconds
2023-04-26T14:09:06.573+0530: 85.580: Total time for which application threads were stopped: 0.0000909 seconds, Stopping threads took: 0.0000195 seconds
2023-04-26T14:09:06.578+0530: 85.585: Total time for which application threads were stopped: 0.0001056 seconds, Stopping threads took: 0.0000472 seconds
2023-04-26T14:09:06.578+0530: 85.585: Total time for which application threads were stopped: 0.0000622 seconds, Stopping threads took: 0.0000287 seconds
2023-04-26T14:09:06.579+0530: 85.586: Total time for which application threads were stopped: 0.0000707 seconds, Stopping threads took: 0.0000199 seconds
2023-04-26T14:09:06.579+0530: 85.586: Total time for which application threads were stopped: 0.0000745 seconds, Stopping threads took: 0.0000333 seconds
2023-04-26T14:09:06.579+0530: 85.586: Total time for which application threads were stopped: 0.0000597 seconds, Stopping threads took: 0.0000223 seconds
2023-04-26T14:09:06.589+0530: 85.596: Total time for which application threads were stopped: 0.0000836 seconds, Stopping threads took: 0.0000187 seconds
2023-04-26T14:09:06.589+0530: 85.596: Total time for which application threads were stopped: 0.0000434 seconds, Stopping threads took: 0.0000113 seconds
2023-04-26T14:09:06.589+0530: 85.596: Total time for which application threads were stopped: 0.0000405 seconds, Stopping threads took: 0.0000211 seconds
2023-04-26T14:09:06.589+0530: 85.596: Total time for which application threads were stopped: 0.0000230 seconds, Stopping threads took: 0.0000067 seconds
2023-04-26T14:09:06.589+0530: 85.596: Total time for which application threads were stopped: 0.0000283 seconds, Stopping threads took: 0.0000093 seconds
2023-04-26T14:09:06.591+0530: 85.598: Total time for which application threads were stopped: 0.0000538 seconds, Stopping threads took: 0.0000156 seconds
2023-04-26T14:09:06.591+0530: 85.598: Total time for which application threads were stopped: 0.0000632 seconds, Stopping threads took: 0.0000128 seconds
2023-04-26T14:09:06.595+0530: 85.602: Total time for which application threads were stopped: 0.0000732 seconds, Stopping threads took: 0.0000200 seconds
2023-04-26T14:09:06.602+0530: 85.609: Total time for which application threads were stopped: 0.0001355 seconds, Stopping threads took: 0.0000847 seconds
2023-04-26T14:09:06.602+0530: 85.609: Total time for which application threads were stopped: 0.0000457 seconds, Stopping threads took: 0.0000131 seconds
2023-04-26T14:09:35.592+0530: 114.599: Total time for which application threads were stopped: 0.0001303 seconds, Stopping threads took: 0.0000476 seconds
2023-04-26T14:09:35.593+0530: 114.600: Total time for which application threads were stopped: 0.0001037 seconds, Stopping threads took: 0.0000153 seconds
2023-04-26T14:09:35.593+0530: 114.600: Total time for which application threads were stopped: 0.0000680 seconds, Stopping threads took: 0.0000145 seconds
2023-04-26T14:09:35.593+0530: 114.601: Total time for which application threads were stopped: 0.0000802 seconds, Stopping threads took: 0.0000171 seconds
2023-04-26T14:09:35.597+0530: 114.604: Total time for which application threads were stopped: 0.0001158 seconds, Stopping threads took: 0.0000502 seconds
2023-04-26T14:09:35.597+0530: 114.604: Total time for which application threads were stopped: 0.0000686 seconds, Stopping threads took: 0.0000347 seconds
2023-04-26T14:09:35.598+0530: 114.605: Total time for which application threads were stopped: 0.0000566 seconds, Stopping threads took: 0.0000160 seconds
2023-04-26T14:09:35.598+0530: 114.605: Total time for which application threads were stopped: 0.0000479 seconds, Stopping threads took: 0.0000139 seconds
2023-04-26T14:09:35.599+0530: 114.606: Total time for which application threads were stopped: 0.0000461 seconds, Stopping threads took: 0.0000137 seconds
2023-04-26T14:09:35.609+0530: 114.616: Total time for which application threads were stopped: 0.0000950 seconds, Stopping threads took: 0.0000280 seconds
2023-04-26T14:09:35.609+0530: 114.616: Total time for which application threads were stopped: 0.0000705 seconds, Stopping threads took: 0.0000327 seconds
2023-04-26T14:09:35.609+0530: 114.616: Total time for which application threads were stopped: 0.0000537 seconds, Stopping threads took: 0.0000250 seconds
2023-04-26T14:09:35.609+0530: 114.616: Total time for which application threads were stopped: 0.0000297 seconds, Stopping threads took: 0.0000099 seconds
2023-04-26T14:09:35.609+0530: 114.617: Total time for which application threads were stopped: 0.0000455 seconds, Stopping threads took: 0.0000088 seconds
2023-04-26T14:09:35.624+0530: 114.631: Total time for which application threads were stopped: 0.0001031 seconds, Stopping threads took: 0.0000215 seconds
2023-04-26T14:11:35.892+0530: 234.899: Total time for which application threads were stopped: 0.0001236 seconds, Stopping threads took: 0.0000451 seconds
2023-04-26T14:11:35.892+0530: 234.899: Total time for which application threads were stopped: 0.0000628 seconds, Stopping threads took: 0.0000123 seconds
2023-04-26T14:11:35.893+0530: 234.900: Total time for which application threads were stopped: 0.0000736 seconds, Stopping threads took: 0.0000146 seconds
2023-04-26T14:11:35.897+0530: 234.904: Total time for which application threads were stopped: 0.0000898 seconds, Stopping threads took: 0.0000341 seconds
2023-04-26T14:11:35.898+0530: 234.905: Total time for which application threads were stopped: 0.0001442 seconds, Stopping threads took: 0.0000131 seconds
2023-04-26T14:11:35.898+0530: 234.906: Total time for which application threads were stopped: 0.0000593 seconds, Stopping threads took: 0.0000118 seconds
2023-04-26T14:11:35.899+0530: 234.906: Total time for which application threads were stopped: 0.0000455 seconds, Stopping threads took: 0.0000094 seconds
2023-04-26T14:11:35.899+0530: 234.906: Total time for which application threads were stopped: 0.0000519 seconds, Stopping threads took: 0.0000125 seconds
2023-04-26T14:11:35.907+0530: 234.914: Total time for which application threads were stopped: 0.0000867 seconds, Stopping threads took: 0.0000193 seconds
2023-04-26T14:11:35.907+0530: 234.914: Total time for which application threads were stopped: 0.0000972 seconds, Stopping threads took: 0.0000104 seconds
2023-04-26T14:11:35.907+0530: 234.915: Total time for which application threads were stopped: 0.0000503 seconds, Stopping threads took: 0.0000109 seconds
2023-04-26T14:11:35.908+0530: 234.915: Total time for which application threads were stopped: 0.0000328 seconds, Stopping threads took: 0.0000091 seconds
2023-04-26T14:11:35.908+0530: 234.915: Total time for which application threads were stopped: 0.0000667 seconds, Stopping threads took: 0.0000197 seconds
2023-04-26T14:11:35.921+0530: 234.928: Total time for which application threads were stopped: 0.0000898 seconds, Stopping threads took: 0.0000209 seconds
2023-04-26T14:11:35.921+0530: 234.928: Total time for which application threads were stopped: 0.0000477 seconds, Stopping threads took: 0.0000142 seconds
2023-04-26T14:11:35.921+0530: 234.928: Total time for which application threads were stopped: 0.0000366 seconds, Stopping threads took: 0.0000110 seconds
2023-04-26T14:11:35.921+0530: 234.928: Total time for which application threads were stopped: 0.0000352 seconds, Stopping threads took: 0.0000094 seconds
2023-04-26T14:11:35.921+0530: 234.928: Total time for which application threads were stopped: 0.0000321 seconds, Stopping threads took: 0.0000090 seconds
2023-04-26T14:11:35.925+0530: 234.932: Total time for which application threads were stopped: 0.0000947 seconds, Stopping threads took: 0.0000259 seconds
2023-04-26T14:11:35.926+0530: 234.933: Total time for which application threads were stopped: 0.0000890 seconds, Stopping threads took: 0.0000362 seconds
2023-04-26T14:13:11.330+0530: 330.337: Total time for which application threads were stopped: 0.0001664 seconds, Stopping threads took: 0.0000593 seconds
2023-04-26T14:13:11.330+0530: 330.337: Total time for which application threads were stopped: 0.0001061 seconds, Stopping threads took: 0.0000314 seconds
2023-04-26T14:13:11.331+0530: 330.338: Total time for which application threads were stopped: 0.0001188 seconds, Stopping threads took: 0.0000344 seconds
2023-04-26T14:13:11.337+0530: 330.344: Total time for which application threads were stopped: 0.0001669 seconds, Stopping threads took: 0.0000425 seconds
2023-04-26T14:13:11.337+0530: 330.344: Total time for which application threads were stopped: 0.0001070 seconds, Stopping threads took: 0.0000290 seconds
2023-04-26T14:13:11.338+0530: 330.345: Total time for which application threads were stopped: 0.0000846 seconds, Stopping threads took: 0.0000172 seconds
2023-04-26T14:13:11.338+0530: 330.345: Total time for which application threads were stopped: 0.0000783 seconds, Stopping threads took: 0.0000169 seconds
2023-04-26T14:13:11.338+0530: 330.346: Total time for which application threads were stopped: 0.0000789 seconds, Stopping threads took: 0.0000169 seconds
2023-04-26T14:13:11.339+0530: 330.347: Total time for which application threads were stopped: 0.0001426 seconds, Stopping threads took: 0.0000743 seconds
2023-04-26T14:13:11.354+0530: 330.361: Total time for which application threads were stopped: 0.0002256 seconds, Stopping threads took: 0.0000513 seconds
2023-04-26T14:13:11.355+0530: 330.362: Total time for which application threads were stopped: 0.0002317 seconds, Stopping threads took: 0.0001377 seconds
2023-04-26T14:13:11.355+0530: 330.362: Total time for which application threads were stopped: 0.0000951 seconds, Stopping threads took: 0.0000257 seconds
2023-04-26T14:13:11.356+0530: 330.363: Total time for which application threads were stopped: 0.0001581 seconds, Stopping threads took: 0.0000275 seconds
2023-04-26T14:13:11.376+0530: 330.383: Total time for which application threads were stopped: 0.0001799 seconds, Stopping threads took: 0.0000608 seconds
2023-04-26T14:13:11.377+0530: 330.384: Total time for which application threads were stopped: 0.0001562 seconds, Stopping threads took: 0.0000382 seconds
2023-04-26T14:13:36.381+0530: 355.388: Total time for which application threads were stopped: 0.0002476 seconds, Stopping threads took: 0.0001048 seconds
2023-04-26T14:21:00.603+0530: 799.610: Total time for which application threads were stopped: 0.0001117 seconds, Stopping threads took: 0.0000399 seconds
2023-04-26T14:21:00.603+0530: 799.610: Total time for which application threads were stopped: 0.0000586 seconds, Stopping threads took: 0.0000109 seconds
2023-04-26T14:21:00.604+0530: 799.611: Total time for which application threads were stopped: 0.0002100 seconds, Stopping threads took: 0.0000381 seconds
2023-04-26T14:21:00.605+0530: 799.612: Total time for which application threads were stopped: 0.0000812 seconds, Stopping threads took: 0.0000196 seconds
2023-04-26T14:21:00.607+0530: 799.614: Total time for which application threads were stopped: 0.0000742 seconds, Stopping threads took: 0.0000160 seconds
2023-04-26T14:21:00.607+0530: 799.614: Total time for which application threads were stopped: 0.0000436 seconds, Stopping threads took: 0.0000094 seconds
2023-04-26T14:21:00.608+0530: 799.615: Total time for which application threads were stopped: 0.0000525 seconds, Stopping threads took: 0.0000130 seconds
2023-04-26T14:21:00.608+0530: 799.615: Total time for which application threads were stopped: 0.0000496 seconds, Stopping threads took: 0.0000131 seconds
2023-04-26T14:21:00.608+0530: 799.616: Total time for which application threads were stopped: 0.0000386 seconds, Stopping threads took: 0.0000082 seconds
2023-04-26T14:21:00.616+0530: 799.623: Total time for which application threads were stopped: 0.0001384 seconds, Stopping threads took: 0.0000446 seconds
2023-04-26T14:21:00.616+0530: 799.623: Total time for which application threads were stopped: 0.0001126 seconds, Stopping threads took: 0.0000258 seconds
2023-04-26T14:21:00.616+0530: 799.624: Total time for which application threads were stopped: 0.0000450 seconds, Stopping threads took: 0.0000178 seconds
2023-04-26T14:21:00.616+0530: 799.624: Total time for which application threads were stopped: 0.0000317 seconds, Stopping threads took: 0.0000141 seconds
2023-04-26T14:21:00.617+0530: 799.624: Total time for which application threads were stopped: 0.0000352 seconds, Stopping threads took: 0.0000152 seconds
2023-04-26T14:21:00.625+0530: 799.632: Total time for which application threads were stopped: 0.0001073 seconds, Stopping threads took: 0.0000232 seconds
2023-04-26T14:22:11.767+0530: 870.775: Total time for which application threads were stopped: 0.0001456 seconds, Stopping threads took: 0.0000477 seconds
2023-04-26T14:22:11.768+0530: 870.775: Total time for which application threads were stopped: 0.0000626 seconds, Stopping threads took: 0.0000107 seconds
2023-04-26T14:22:11.768+0530: 870.775: Total time for which application threads were stopped: 0.0000715 seconds, Stopping threads took: 0.0000161 seconds
2023-04-26T14:22:11.772+0530: 870.780: Total time for which application threads were stopped: 0.0000861 seconds, Stopping threads took: 0.0000282 seconds
2023-04-26T14:22:11.773+0530: 870.780: Total time for which application threads were stopped: 0.0000906 seconds, Stopping threads took: 0.0000312 seconds
2023-04-26T14:22:11.773+0530: 870.780: Total time for which application threads were stopped: 0.0000658 seconds, Stopping threads took: 0.0000152 seconds
2023-04-26T14:22:11.773+0530: 870.781: Total time for which application threads were stopped: 0.0000848 seconds, Stopping threads took: 0.0000176 seconds
2023-04-26T14:22:11.774+0530: 870.781: Total time for which application threads were stopped: 0.0000759 seconds, Stopping threads took: 0.0000196 seconds
2023-04-26T14:22:11.776+0530: 870.783: Total time for which application threads were stopped: 0.0000998 seconds, Stopping threads took: 0.0000381 seconds
2023-04-26T14:22:11.782+0530: 870.789: Total time for which application threads were stopped: 0.0000708 seconds, Stopping threads took: 0.0000194 seconds
2023-04-26T14:22:11.782+0530: 870.789: Total time for which application threads were stopped: 0.0000653 seconds, Stopping threads took: 0.0000306 seconds
2023-04-26T14:22:11.782+0530: 870.789: Total time for which application threads were stopped: 0.0000372 seconds, Stopping threads took: 0.0000103 seconds
2023-04-26T14:22:11.782+0530: 870.789: Total time for which application threads were stopped: 0.0000278 seconds, Stopping threads took: 0.0000077 seconds
2023-04-26T14:22:11.782+0530: 870.789: Total time for which application threads were stopped: 0.0000250 seconds, Stopping threads took: 0.0000071 seconds
2023-04-26T14:22:11.783+0530: 870.790: Total time for which application threads were stopped: 0.0000378 seconds, Stopping threads took: 0.0000180 seconds
2023-04-26T14:22:11.790+0530: 870.797: Total time for which application threads were stopped: 0.0001151 seconds, Stopping threads took: 0.0000183 seconds
2023-04-26T14:22:11.792+0530: 870.800: Total time for which application threads were stopped: 0.0001158 seconds, Stopping threads took: 0.0000718 seconds
2023-04-26T14:26:03.904+0530: 1102.911: Total time for which application threads were stopped: 0.0001586 seconds, Stopping threads took: 0.0000530 seconds
2023-04-26T14:26:03.904+0530: 1102.911: Total time for which application threads were stopped: 0.0000704 seconds, Stopping threads took: 0.0000161 seconds
2023-04-26T14:26:03.904+0530: 1102.911: Total time for which application threads were stopped: 0.0000742 seconds, Stopping threads took: 0.0000180 seconds
2023-04-26T14:26:03.907+0530: 1102.914: Total time for which application threads were stopped: 0.0001069 seconds, Stopping threads took: 0.0000216 seconds
2023-04-26T14:26:03.907+0530: 1102.915: Total time for which application threads were stopped: 0.0000679 seconds, Stopping threads took: 0.0000155 seconds
2023-04-26T14:26:03.908+0530: 1102.915: Total time for which application threads were stopped: 0.0000824 seconds, Stopping threads took: 0.0000193 seconds
2023-04-26T14:26:03.908+0530: 1102.916: Total time for which application threads were stopped: 0.0000476 seconds, Stopping threads took: 0.0000088 seconds
2023-04-26T14:26:03.909+0530: 1102.916: Total time for which application threads were stopped: 0.0000413 seconds, Stopping threads took: 0.0000080 seconds
2023-04-26T14:26:03.917+0530: 1102.924: Total time for which application threads were stopped: 0.0000783 seconds, Stopping threads took: 0.0000222 seconds
2023-04-26T14:26:03.917+0530: 1102.924: Total time for which application threads were stopped: 0.0001319 seconds, Stopping threads took: 0.0000259 seconds
2023-04-26T14:26:03.917+0530: 1102.924: Total time for which application threads were stopped: 0.0000578 seconds, Stopping threads took: 0.0000248 seconds
2023-04-26T14:26:03.917+0530: 1102.924: Total time for which application threads were stopped: 0.0000507 seconds, Stopping threads took: 0.0000134 seconds
2023-04-26T14:26:03.918+0530: 1102.925: Total time for which application threads were stopped: 0.0000473 seconds, Stopping threads took: 0.0000104 seconds
2023-04-26T14:26:03.928+0530: 1102.935: Total time for which application threads were stopped: 0.0001167 seconds, Stopping threads took: 0.0000443 seconds
2023-04-26T14:26:03.928+0530: 1102.936: Total time for which application threads were stopped: 0.0001675 seconds, Stopping threads took: 0.0001222 seconds
2023-04-26T14:26:37.124+0530: 1136.131: Total time for which application threads were stopped: 0.0001520 seconds, Stopping threads took: 0.0000503 seconds
2023-04-26T14:26:37.124+0530: 1136.131: Total time for which application threads were stopped: 0.0000874 seconds, Stopping threads took: 0.0000134 seconds
2023-04-26T14:26:37.125+0530: 1136.132: Total time for which application threads were stopped: 0.0001074 seconds, Stopping threads took: 0.0000292 seconds
2023-04-26T14:26:37.126+0530: 1136.133: Total time for which application threads were stopped: 0.0001223 seconds, Stopping threads took: 0.0000307 seconds
2023-04-26T14:26:37.128+0530: 1136.135: Total time for which application threads were stopped: 0.0000847 seconds, Stopping threads took: 0.0000216 seconds
2023-04-26T14:26:37.128+0530: 1136.135: Total time for which application threads were stopped: 0.0000508 seconds, Stopping threads took: 0.0000113 seconds
2023-04-26T14:26:37.129+0530: 1136.136: Total time for which application threads were stopped: 0.0000641 seconds, Stopping threads took: 0.0000279 seconds
2023-04-26T14:26:37.129+0530: 1136.136: Total time for which application threads were stopped: 0.0000458 seconds, Stopping threads took: 0.0000129 seconds
2023-04-26T14:26:37.130+0530: 1136.137: Total time for which application threads were stopped: 0.0000682 seconds, Stopping threads took: 0.0000128 seconds
2023-04-26T14:26:37.131+0530: 1136.139: Total time for which application threads were stopped: 0.0001402 seconds, Stopping threads took: 0.0000695 seconds
2023-04-26T14:26:37.137+0530: 1136.144: Total time for which application threads were stopped: 0.0001055 seconds, Stopping threads took: 0.0000195 seconds
2023-04-26T14:26:37.137+0530: 1136.144: Total time for which application threads were stopped: 0.0000723 seconds, Stopping threads took: 0.0000321 seconds
2023-04-26T14:26:37.137+0530: 1136.144: Total time for which application threads were stopped: 0.0000380 seconds, Stopping threads took: 0.0000107 seconds
2023-04-26T14:26:37.137+0530: 1136.144: Total time for which application threads were stopped: 0.0000302 seconds, Stopping threads took: 0.0000085 seconds
2023-04-26T14:26:37.137+0530: 1136.144: Total time for which application threads were stopped: 0.0000267 seconds, Stopping threads took: 0.0000067 seconds
2023-04-26T14:26:37.137+0530: 1136.145: Total time for which application threads were stopped: 0.0000596 seconds, Stopping threads took: 0.0000070 seconds
2023-04-26T14:26:37.145+0530: 1136.152: Total time for which application threads were stopped: 0.0001070 seconds, Stopping threads took: 0.0000296 seconds
2023-04-26T14:26:37.145+0530: 1136.152: Total time for which application threads were stopped: 0.0000807 seconds, Stopping threads took: 0.0000172 seconds
2023-04-26T14:31:12.004+0530: 1411.012: Total time for which application threads were stopped: 0.0001229 seconds, Stopping threads took: 0.0000400 seconds
2023-04-26T14:31:12.005+0530: 1411.012: Total time for which application threads were stopped: 0.0000711 seconds, Stopping threads took: 0.0000146 seconds
2023-04-26T14:31:12.005+0530: 1411.012: Total time for which application threads were stopped: 0.0000634 seconds, Stopping threads took: 0.0000177 seconds
2023-04-26T14:31:12.008+0530: 1411.015: Total time for which application threads were stopped: 0.0000992 seconds, Stopping threads took: 0.0000409 seconds
2023-04-26T14:31:12.009+0530: 1411.016: Total time for which application threads were stopped: 0.0000587 seconds, Stopping threads took: 0.0000173 seconds
2023-04-26T14:31:12.009+0530: 1411.016: Total time for which application threads were stopped: 0.0000778 seconds, Stopping threads took: 0.0000232 seconds
2023-04-26T14:31:12.009+0530: 1411.017: Total time for which application threads were stopped: 0.0000636 seconds, Stopping threads took: 0.0000138 seconds
2023-04-26T14:31:12.010+0530: 1411.017: Total time for which application threads were stopped: 0.0000599 seconds, Stopping threads took: 0.0000186 seconds
2023-04-26T14:31:12.016+0530: 1411.023: Total time for which application threads were stopped: 0.0001743 seconds, Stopping threads took: 0.0000392 seconds
2023-04-26T14:31:12.016+0530: 1411.023: Total time for which application threads were stopped: 0.0000543 seconds, Stopping threads took: 0.0000151 seconds
2023-04-26T14:31:12.016+0530: 1411.023: Total time for which application threads were stopped: 0.0000671 seconds, Stopping threads took: 0.0000325 seconds
2023-04-26T14:31:12.017+0530: 1411.024: Total time for which application threads were stopped: 0.0000661 seconds, Stopping threads took: 0.0000231 seconds
2023-04-26T14:31:12.024+0530: 1411.031: Total time for which application threads were stopped: 0.0001087 seconds, Stopping threads took: 0.0000253 seconds
2023-04-26T14:31:12.025+0530: 1411.032: Total time for which application threads were stopped: 0.0000618 seconds, Stopping threads took: 0.0000159 seconds
2023-04-26T15:09:39.844+0530: 1533.260: Total time for which application threads were stopped: 0.0001226 seconds, Stopping threads took: 0.0000430 seconds
2023-04-26T15:09:39.844+0530: 1533.261: Total time for which application threads were stopped: 0.0000669 seconds, Stopping threads took: 0.0000108 seconds
2023-04-26T15:09:39.845+0530: 1533.261: Total time for which application threads were stopped: 0.0000679 seconds, Stopping threads took: 0.0000133 seconds
2023-04-26T15:09:39.850+0530: 1533.266: Total time for which application threads were stopped: 0.0000693 seconds, Stopping threads took: 0.0000195 seconds
2023-04-26T15:09:39.850+0530: 1533.266: Total time for which application threads were stopped: 0.0000438 seconds, Stopping threads took: 0.0000113 seconds
2023-04-26T15:09:39.851+0530: 1533.267: Total time for which application threads were stopped: 0.0000437 seconds, Stopping threads took: 0.0000115 seconds
2023-04-26T15:09:39.851+0530: 1533.267: Total time for which application threads were stopped: 0.0001025 seconds, Stopping threads took: 0.0000723 seconds
2023-04-26T15:09:39.851+0530: 1533.268: Total time for which application threads were stopped: 0.0000423 seconds, Stopping threads took: 0.0000128 seconds
2023-04-26T15:09:39.852+0530: 1533.269: Total time for which application threads were stopped: 0.0000669 seconds, Stopping threads took: 0.0000088 seconds
2023-04-26T15:09:39.853+0530: 1533.269: Total time for which application threads were stopped: 0.0000414 seconds, Stopping threads took: 0.0000082 seconds
2023-04-26T15:09:39.863+0530: 1533.279: Total time for which application threads were stopped: 0.0001696 seconds, Stopping threads took: 0.0000334 seconds
2023-04-26T15:09:39.863+0530: 1533.279: Total time for which application threads were stopped: 0.0000854 seconds, Stopping threads took: 0.0000141 seconds
2023-04-26T15:09:39.863+0530: 1533.280: Total time for which application threads were stopped: 0.0000586 seconds, Stopping threads took: 0.0000256 seconds
2023-04-26T15:09:39.863+0530: 1533.280: Total time for which application threads were stopped: 0.0000312 seconds, Stopping threads took: 0.0000081 seconds
2023-04-26T15:09:39.863+0530: 1533.280: Total time for which application threads were stopped: 0.0000271 seconds, Stopping threads took: 0.0000081 seconds
2023-04-26T15:09:39.864+0530: 1533.280: Total time for which application threads were stopped: 0.0000743 seconds, Stopping threads took: 0.0000304 seconds
2023-04-26T15:09:39.886+0530: 1533.302: Total time for which application threads were stopped: 0.0000994 seconds, Stopping threads took: 0.0000431 seconds
2023-04-26T15:09:39.888+0530: 1533.305: Total time for which application threads were stopped: 0.0001019 seconds, Stopping threads took: 0.0000217 seconds
2023-04-26T15:09:39.889+0530: 1533.305: Total time for which application threads were stopped: 0.0000708 seconds, Stopping threads took: 0.0000133 seconds
2023-04-26T15:09:42.359+0530: 1535.775: Total time for which application threads were stopped: 0.0000768 seconds, Stopping threads took: 0.0000191 seconds
2023-04-26T15:09:42.359+0530: 1535.775: Total time for which application threads were stopped: 0.0000542 seconds, Stopping threads took: 0.0000116 seconds
2023-04-26T15:09:42.359+0530: 1535.776: Total time for which application threads were stopped: 0.0000453 seconds, Stopping threads took: 0.0000103 seconds
2023-04-26T15:09:42.362+0530: 1535.778: Total time for which application threads were stopped: 0.0000900 seconds, Stopping threads took: 0.0000248 seconds
2023-04-26T15:09:42.362+0530: 1535.778: Total time for which application threads were stopped: 0.0000581 seconds, Stopping threads took: 0.0000151 seconds
2023-04-26T15:09:42.363+0530: 1535.780: Total time for which application threads were stopped: 0.0001429 seconds, Stopping threads took: 0.0000932 seconds
2023-04-26T15:09:42.363+0530: 1535.780: Total time for which application threads were stopped: 0.0000871 seconds, Stopping threads took: 0.0000542 seconds
2023-04-26T15:09:42.364+0530: 1535.780: Total time for which application threads were stopped: 0.0000498 seconds, Stopping threads took: 0.0000167 seconds
2023-04-26T15:09:42.365+0530: 1535.781: Total time for which application threads were stopped: 0.0000750 seconds, Stopping threads took: 0.0000205 seconds
2023-04-26T15:09:42.365+0530: 1535.781: Total time for which application threads were stopped: 0.0000415 seconds, Stopping threads took: 0.0000111 seconds
2023-04-26T15:09:42.365+0530: 1535.781: Total time for which application threads were stopped: 0.0000312 seconds, Stopping threads took: 0.0000061 seconds
2023-04-26T15:09:42.365+0530: 1535.782: Total time for which application threads were stopped: 0.0001414 seconds, Stopping threads took: 0.0000061 seconds
2023-04-26T15:09:42.371+0530: 1535.787: Total time for which application threads were stopped: 0.0001857 seconds, Stopping threads took: 0.0000219 seconds
2023-04-26T15:09:42.371+0530: 1535.788: Total time for which application threads were stopped: 0.0000437 seconds, Stopping threads took: 0.0000122 seconds
2023-04-26T15:09:42.371+0530: 1535.788: Total time for which application threads were stopped: 0.0000303 seconds, Stopping threads took: 0.0000083 seconds
2023-04-26T15:09:42.372+0530: 1535.788: Total time for which application threads were stopped: 0.0000392 seconds, Stopping threads took: 0.0000112 seconds
2023-04-26T15:09:42.388+0530: 1535.804: Total time for which application threads were stopped: 0.0001650 seconds, Stopping threads took: 0.0000309 seconds
2023-04-26T15:09:42.390+0530: 1535.806: Total time for which application threads were stopped: 0.0000889 seconds, Stopping threads took: 0.0000222 seconds
2023-04-26T15:09:42.390+0530: 1535.806: Total time for which application threads were stopped: 0.0000519 seconds, Stopping threads took: 0.0000217 seconds
2023-04-26T15:09:44.517+0530: 1537.933: Total time for which application threads were stopped: 0.0002206 seconds, Stopping threads took: 0.0000742 seconds
2023-04-26T15:09:44.517+0530: 1537.933: Total time for which application threads were stopped: 0.0000976 seconds, Stopping threads took: 0.0000155 seconds
2023-04-26T15:09:44.518+0530: 1537.934: Total time for which application threads were stopped: 0.0001466 seconds, Stopping threads took: 0.0000559 seconds
2023-04-26T15:09:44.522+0530: 1537.938: Total time for which application threads were stopped: 0.0001163 seconds, Stopping threads took: 0.0000273 seconds
2023-04-26T15:09:44.522+0530: 1537.939: Total time for which application threads were stopped: 0.0000804 seconds, Stopping threads took: 0.0000151 seconds
2023-04-26T15:09:44.523+0530: 1537.939: Total time for which application threads were stopped: 0.0000566 seconds, Stopping threads took: 0.0000121 seconds
2023-04-26T15:09:44.523+0530: 1537.939: Total time for which application threads were stopped: 0.0000471 seconds, Stopping threads took: 0.0000099 seconds
2023-04-26T15:09:44.524+0530: 1537.940: Total time for which application threads were stopped: 0.0001304 seconds, Stopping threads took: 0.0000349 seconds
2023-04-26T15:09:44.530+0530: 1537.946: Total time for which application threads were stopped: 0.0001016 seconds, Stopping threads took: 0.0000306 seconds
2023-04-26T15:09:44.530+0530: 1537.947: Total time for which application threads were stopped: 0.0000683 seconds, Stopping threads took: 0.0000258 seconds
2023-04-26T15:09:44.531+0530: 1537.947: Total time for which application threads were stopped: 0.0000530 seconds, Stopping threads took: 0.0000191 seconds
2023-04-26T15:09:44.531+0530: 1537.947: Total time for which application threads were stopped: 0.0000545 seconds, Stopping threads took: 0.0000227 seconds
2023-04-26T15:09:44.531+0530: 1537.947: Total time for which application threads were stopped: 0.0000543 seconds, Stopping threads took: 0.0000262 seconds
2023-04-26T15:09:44.531+0530: 1537.948: Total time for which application threads were stopped: 0.0000511 seconds, Stopping threads took: 0.0000154 seconds
2023-04-26T15:09:44.540+0530: 1537.956: Total time for which application threads were stopped: 0.0000971 seconds, Stopping threads took: 0.0000355 seconds
2023-04-26T15:09:44.540+0530: 1537.956: Total time for which application threads were stopped: 0.0000644 seconds, Stopping threads took: 0.0000236 seconds
2023-04-26T15:12:03.359+0530: 1676.776: Total time for which application threads were stopped: 0.0001132 seconds, Stopping threads took: 0.0000344 seconds
2023-04-26T15:12:03.359+0530: 1676.776: Total time for which application threads were stopped: 0.0000423 seconds, Stopping threads took: 0.0000087 seconds
2023-04-26T15:12:03.360+0530: 1676.776: Total time for which application threads were stopped: 0.0001121 seconds, Stopping threads took: 0.0000673 seconds
2023-04-26T15:12:03.363+0530: 1676.779: Total time for which application threads were stopped: 0.0001273 seconds, Stopping threads took: 0.0000433 seconds
2023-04-26T15:12:03.363+0530: 1676.779: Total time for which application threads were stopped: 0.0000759 seconds, Stopping threads took: 0.0000183 seconds
2023-04-26T15:12:03.364+0530: 1676.780: Total time for which application threads were stopped: 0.0000757 seconds, Stopping threads took: 0.0000213 seconds
2023-04-26T15:12:03.364+0530: 1676.780: Total time for which application threads were stopped: 0.0000462 seconds, Stopping threads took: 0.0000120 seconds
2023-04-26T15:12:03.364+0530: 1676.781: Total time for which application threads were stopped: 0.0000615 seconds, Stopping threads took: 0.0000276 seconds
2023-04-26T15:12:03.369+0530: 1676.786: Total time for which application threads were stopped: 0.0000807 seconds, Stopping threads took: 0.0000206 seconds
2023-04-26T15:12:03.370+0530: 1676.786: Total time for which application threads were stopped: 0.0000582 seconds, Stopping threads took: 0.0000150 seconds
2023-04-26T15:12:03.370+0530: 1676.786: Total time for which application threads were stopped: 0.0000441 seconds, Stopping threads took: 0.0000102 seconds
2023-04-26T15:12:03.370+0530: 1676.786: Total time for which application threads were stopped: 0.0000393 seconds, Stopping threads took: 0.0000094 seconds
2023-04-26T15:12:03.370+0530: 1676.787: Total time for which application threads were stopped: 0.0000472 seconds, Stopping threads took: 0.0000126 seconds
2023-04-26T15:12:03.377+0530: 1676.793: Total time for which application threads were stopped: 0.0000718 seconds, Stopping threads took: 0.0000214 seconds
2023-04-26T15:12:03.377+0530: 1676.793: Total time for which application threads were stopped: 0.0000604 seconds, Stopping threads took: 0.0000244 seconds
2023-04-26T15:12:08.284+0530: 1681.700: Total time for which application threads were stopped: 0.0001049 seconds, Stopping threads took: 0.0000282 seconds
2023-04-26T15:12:08.284+0530: 1681.701: Total time for which application threads were stopped: 0.0000613 seconds, Stopping threads took: 0.0000103 seconds
2023-04-26T15:12:08.285+0530: 1681.701: Total time for which application threads were stopped: 0.0000618 seconds, Stopping threads took: 0.0000163 seconds
2023-04-26T15:12:08.287+0530: 1681.704: Total time for which application threads were stopped: 0.0001088 seconds, Stopping threads took: 0.0000409 seconds
2023-04-26T15:12:08.288+0530: 1681.704: Total time for which application threads were stopped: 0.0000791 seconds, Stopping threads took: 0.0000184 seconds
2023-04-26T15:12:08.289+0530: 1681.705: Total time for which application threads were stopped: 0.0000894 seconds, Stopping threads took: 0.0000305 seconds
2023-04-26T15:12:08.289+0530: 1681.705: Total time for which application threads were stopped: 0.0000573 seconds, Stopping threads took: 0.0000207 seconds
2023-04-26T15:12:08.289+0530: 1681.706: Total time for which application threads were stopped: 0.0000756 seconds, Stopping threads took: 0.0000284 seconds
2023-04-26T15:12:08.295+0530: 1681.711: Total time for which application threads were stopped: 0.0001367 seconds, Stopping threads took: 0.0000244 seconds
2023-04-26T15:12:08.295+0530: 1681.712: Total time for which application threads were stopped: 0.0001033 seconds, Stopping threads took: 0.0000159 seconds
2023-04-26T15:12:08.296+0530: 1681.712: Total time for which application threads were stopped: 0.0000445 seconds, Stopping threads took: 0.0000114 seconds
2023-04-26T15:12:08.296+0530: 1681.712: Total time for which application threads were stopped: 0.0000297 seconds, Stopping threads took: 0.0000083 seconds
2023-04-26T15:12:08.303+0530: 1681.720: Total time for which application threads were stopped: 0.0000805 seconds, Stopping threads took: 0.0000336 seconds
2023-04-26T15:12:08.303+0530: 1681.720: Total time for which application threads were stopped: 0.0000636 seconds, Stopping threads took: 0.0000318 seconds
2023-04-26T15:12:41.527+0530: 1714.943: Total time for which application threads were stopped: 0.0001427 seconds, Stopping threads took: 0.0000509 seconds
2023-04-26T15:12:41.527+0530: 1714.944: Total time for which application threads were stopped: 0.0001158 seconds, Stopping threads took: 0.0000215 seconds
2023-04-26T15:12:41.528+0530: 1714.944: Total time for which application threads were stopped: 0.0000796 seconds, Stopping threads took: 0.0000177 seconds
2023-04-26T15:12:41.531+0530: 1714.948: Total time for which application threads were stopped: 0.0000820 seconds, Stopping threads took: 0.0000192 seconds
2023-04-26T15:12:41.532+0530: 1714.948: Total time for which application threads were stopped: 0.0000610 seconds, Stopping threads took: 0.0000122 seconds
2023-04-26T15:12:41.533+0530: 1714.949: Total time for which application threads were stopped: 0.0000617 seconds, Stopping threads took: 0.0000132 seconds
2023-04-26T15:12:41.533+0530: 1714.949: Total time for which application threads were stopped: 0.0000480 seconds, Stopping threads took: 0.0000101 seconds
2023-04-26T15:12:41.533+0530: 1714.950: Total time for which application threads were stopped: 0.0000683 seconds, Stopping threads took: 0.0000213 seconds
2023-04-26T15:12:41.535+0530: 1714.951: Total time for which application threads were stopped: 0.0000979 seconds, Stopping threads took: 0.0000333 seconds
2023-04-26T15:12:41.540+0530: 1714.956: Total time for which application threads were stopped: 0.0001030 seconds, Stopping threads took: 0.0000306 seconds
2023-04-26T15:12:41.540+0530: 1714.956: Total time for which application threads were stopped: 0.0000597 seconds, Stopping threads took: 0.0000177 seconds
2023-04-26T15:12:41.540+0530: 1714.956: Total time for which application threads were stopped: 0.0000550 seconds, Stopping threads took: 0.0000150 seconds
2023-04-26T15:12:41.540+0530: 1714.957: Total time for which application threads were stopped: 0.0000352 seconds, Stopping threads took: 0.0000093 seconds
2023-04-26T15:12:41.541+0530: 1714.957: Total time for which application threads were stopped: 0.0000473 seconds, Stopping threads took: 0.0000160 seconds
2023-04-26T15:12:41.549+0530: 1714.965: Total time for which application threads were stopped: 0.0000833 seconds, Stopping threads took: 0.0000239 seconds
2023-04-26T15:12:41.550+0530: 1714.966: Total time for which application threads were stopped: 0.0000739 seconds, Stopping threads took: 0.0000241 seconds
2023-04-26T15:13:00.717+0530: 1734.133: Total time for which application threads were stopped: 0.0001919 seconds, Stopping threads took: 0.0000577 seconds
2023-04-26T15:13:00.717+0530: 1734.133: Total time for which application threads were stopped: 0.0000966 seconds, Stopping threads took: 0.0000199 seconds
2023-04-26T15:13:00.718+0530: 1734.134: Total time for which application threads were stopped: 0.0000813 seconds, Stopping threads took: 0.0000158 seconds
2023-04-26T15:13:00.721+0530: 1734.138: Total time for which application threads were stopped: 0.0001264 seconds, Stopping threads took: 0.0000625 seconds
2023-04-26T15:13:00.722+0530: 1734.138: Total time for which application threads were stopped: 0.0000629 seconds, Stopping threads took: 0.0000154 seconds
2023-04-26T15:13:00.723+0530: 1734.139: Total time for which application threads were stopped: 0.0000915 seconds, Stopping threads took: 0.0000212 seconds
2023-04-26T15:13:00.723+0530: 1734.139: Total time for which application threads were stopped: 0.0000814 seconds, Stopping threads took: 0.0000162 seconds
2023-04-26T15:13:00.723+0530: 1734.140: Total time for which application threads were stopped: 0.0000546 seconds, Stopping threads took: 0.0000141 seconds
2023-04-26T15:13:00.728+0530: 1734.144: Total time for which application threads were stopped: 0.0000657 seconds, Stopping threads took: 0.0000158 seconds
2023-04-26T15:13:00.728+0530: 1734.145: Total time for which application threads were stopped: 0.0000927 seconds, Stopping threads took: 0.0000059 seconds
2023-04-26T15:13:00.729+0530: 1734.145: Total time for which application threads were stopped: 0.0000382 seconds, Stopping threads took: 0.0000088 seconds
2023-04-26T15:13:00.729+0530: 1734.145: Total time for which application threads were stopped: 0.0000353 seconds, Stopping threads took: 0.0000079 seconds
2023-04-26T15:13:00.729+0530: 1734.145: Total time for which application threads were stopped: 0.0000617 seconds, Stopping threads took: 0.0000313 seconds
2023-04-26T15:13:00.736+0530: 1734.152: Total time for which application threads were stopped: 0.0000995 seconds, Stopping threads took: 0.0000256 seconds
2023-04-26T15:13:00.736+0530: 1734.152: Total time for which application threads were stopped: 0.0000623 seconds, Stopping threads took: 0.0000144 seconds
2023-04-26T15:13:50.904+0530: 1784.321: Total time for which application threads were stopped: 0.0001697 seconds, Stopping threads took: 0.0000631 seconds
2023-04-26T15:13:50.905+0530: 1784.321: Total time for which application threads were stopped: 0.0001043 seconds, Stopping threads took: 0.0000127 seconds
2023-04-26T15:13:50.905+0530: 1784.322: Total time for which application threads were stopped: 0.0000918 seconds, Stopping threads took: 0.0000180 seconds
2023-04-26T15:13:50.909+0530: 1784.325: Total time for which application threads were stopped: 0.0001556 seconds, Stopping threads took: 0.0000427 seconds
2023-04-26T15:13:50.909+0530: 1784.326: Total time for which application threads were stopped: 0.0001250 seconds, Stopping threads took: 0.0000554 seconds
2023-04-26T15:13:50.910+0530: 1784.327: Total time for which application threads were stopped: 0.0001499 seconds, Stopping threads took: 0.0000770 seconds
2023-04-26T15:13:50.911+0530: 1784.327: Total time for which application threads were stopped: 0.0000874 seconds, Stopping threads took: 0.0000360 seconds
2023-04-26T15:13:50.911+0530: 1784.328: Total time for which application threads were stopped: 0.0000854 seconds, Stopping threads took: 0.0000356 seconds
2023-04-26T15:13:50.917+0530: 1784.333: Total time for which application threads were stopped: 0.0000864 seconds, Stopping threads took: 0.0000161 seconds
2023-04-26T15:13:50.917+0530: 1784.333: Total time for which application threads were stopped: 0.0000641 seconds, Stopping threads took: 0.0000166 seconds
2023-04-26T15:13:50.917+0530: 1784.333: Total time for which application threads were stopped: 0.0000572 seconds, Stopping threads took: 0.0000142 seconds
2023-04-26T15:13:50.917+0530: 1784.334: Total time for which application threads were stopped: 0.0000433 seconds, Stopping threads took: 0.0000091 seconds
2023-04-26T15:13:50.917+0530: 1784.334: Total time for which application threads were stopped: 0.0000428 seconds, Stopping threads took: 0.0000093 seconds
2023-04-26T15:13:50.918+0530: 1784.334: Total time for which application threads were stopped: 0.0000537 seconds, Stopping threads took: 0.0000162 seconds
2023-04-26T15:13:50.926+0530: 1784.342: Total time for which application threads were stopped: 0.0000993 seconds, Stopping threads took: 0.0000404 seconds
2023-04-26T15:13:50.926+0530: 1784.342: Total time for which application threads were stopped: 0.0000702 seconds, Stopping threads took: 0.0000256 seconds
2023-04-26T15:14:00.102+0530: 1793.519: Total time for which application threads were stopped: 0.0001825 seconds, Stopping threads took: 0.0001201 seconds
2023-04-26T15:14:00.103+0530: 1793.519: Total time for which application threads were stopped: 0.0000689 seconds, Stopping threads took: 0.0000290 seconds
2023-04-26T15:14:00.103+0530: 1793.519: Total time for which application threads were stopped: 0.0000641 seconds, Stopping threads took: 0.0000145 seconds
2023-04-26T15:14:00.106+0530: 1793.522: Total time for which application threads were stopped: 0.0001000 seconds, Stopping threads took: 0.0000262 seconds
2023-04-26T15:14:00.106+0530: 1793.522: Total time for which application threads were stopped: 0.0000700 seconds, Stopping threads took: 0.0000191 seconds
2023-04-26T15:14:00.107+0530: 1793.523: Total time for which application threads were stopped: 0.0000735 seconds, Stopping threads took: 0.0000138 seconds
2023-04-26T15:14:00.107+0530: 1793.523: Total time for which application threads were stopped: 0.0000330 seconds, Stopping threads took: 0.0000065 seconds
2023-04-26T15:14:00.107+0530: 1793.523: Total time for which application threads were stopped: 0.0000432 seconds, Stopping threads took: 0.0000094 seconds
2023-04-26T15:14:00.108+0530: 1793.525: Total time for which application threads were stopped: 0.0000903 seconds, Stopping threads took: 0.0000186 seconds
2023-04-26T15:14:00.112+0530: 1793.528: Total time for which application threads were stopped: 0.0001501 seconds, Stopping threads took: 0.0000586 seconds
2023-04-26T15:14:00.112+0530: 1793.528: Total time for which application threads were stopped: 0.0000371 seconds, Stopping threads took: 0.0000106 seconds
2023-04-26T15:14:00.112+0530: 1793.528: Total time for which application threads were stopped: 0.0000313 seconds, Stopping threads took: 0.0000131 seconds
2023-04-26T15:14:00.113+0530: 1793.529: Total time for which application threads were stopped: 0.0000620 seconds, Stopping threads took: 0.0000309 seconds
2023-04-26T15:14:00.119+0530: 1793.535: Total time for which application threads were stopped: 0.0001015 seconds, Stopping threads took: 0.0000388 seconds
2023-04-26T15:14:00.119+0530: 1793.536: Total time for which application threads were stopped: 0.0000678 seconds, Stopping threads took: 0.0000136 seconds
2023-04-26T15:14:11.564+0530: 1804.980: Total time for which application threads were stopped: 0.0001079 seconds, Stopping threads took: 0.0000258 seconds
2023-04-26T15:14:11.564+0530: 1804.980: Total time for which application threads were stopped: 0.0000739 seconds, Stopping threads took: 0.0000150 seconds
2023-04-26T15:14:11.564+0530: 1804.981: Total time for which application threads were stopped: 0.0000529 seconds, Stopping threads took: 0.0000110 seconds
2023-04-26T15:14:11.566+0530: 1804.982: Total time for which application threads were stopped: 0.0000704 seconds, Stopping threads took: 0.0000134 seconds
2023-04-26T15:14:11.566+0530: 1804.982: Total time for which application threads were stopped: 0.0000607 seconds, Stopping threads took: 0.0000114 seconds
2023-04-26T15:14:11.567+0530: 1804.984: Total time for which application threads were stopped: 0.0000950 seconds, Stopping threads took: 0.0000272 seconds
2023-04-26T15:14:11.568+0530: 1804.984: Total time for which application threads were stopped: 0.0000788 seconds, Stopping threads took: 0.0000161 seconds
2023-04-26T15:14:11.568+0530: 1804.985: Total time for which application threads were stopped: 0.0000586 seconds, Stopping threads took: 0.0000118 seconds
2023-04-26T15:14:11.569+0530: 1804.985: Total time for which application threads were stopped: 0.0000522 seconds, Stopping threads took: 0.0000104 seconds
2023-04-26T15:14:11.569+0530: 1804.985: Total time for which application threads were stopped: 0.0001170 seconds, Stopping threads took: 0.0000102 seconds
2023-04-26T15:14:11.574+0530: 1804.990: Total time for which application threads were stopped: 0.0001114 seconds, Stopping threads took: 0.0000323 seconds
2023-04-26T15:14:11.574+0530: 1804.991: Total time for which application threads were stopped: 0.0000790 seconds, Stopping threads took: 0.0000185 seconds
2023-04-26T15:14:11.574+0530: 1804.991: Total time for which application threads were stopped: 0.0000441 seconds, Stopping threads took: 0.0000111 seconds
2023-04-26T15:14:11.575+0530: 1804.991: Total time for which application threads were stopped: 0.0000311 seconds, Stopping threads took: 0.0000092 seconds
2023-04-26T15:14:11.575+0530: 1804.991: Total time for which application threads were stopped: 0.0000267 seconds, Stopping threads took: 0.0000066 seconds
2023-04-26T15:14:11.575+0530: 1804.991: Total time for which application threads were stopped: 0.0000397 seconds, Stopping threads took: 0.0000124 seconds
2023-04-26T15:14:11.580+0530: 1804.996: Total time for which application threads were stopped: 0.0001223 seconds, Stopping threads took: 0.0000162 seconds
2023-04-26T15:14:11.581+0530: 1804.997: Total time for which application threads were stopped: 0.0000578 seconds, Stopping threads took: 0.0000199 seconds
2023-04-26T15:14:11.581+0530: 1804.997: Total time for which application threads were stopped: 0.0000517 seconds, Stopping threads took: 0.0000124 seconds
2023-04-26T15:14:38.576+0530: 1831.993: Total time for which application threads were stopped: 0.0001632 seconds, Stopping threads took: 0.0000558 seconds
2023-04-26T15:14:38.577+0530: 1831.993: Total time for which application threads were stopped: 0.0000864 seconds, Stopping threads took: 0.0000161 seconds
2023-04-26T15:14:38.577+0530: 1831.994: Total time for which application threads were stopped: 0.0000886 seconds, Stopping threads took: 0.0000175 seconds
2023-04-26T15:14:38.580+0530: 1831.997: Total time for which application threads were stopped: 0.0001341 seconds, Stopping threads took: 0.0000434 seconds
2023-04-26T15:14:38.581+0530: 1831.997: Total time for which application threads were stopped: 0.0000982 seconds, Stopping threads took: 0.0000170 seconds
2023-04-26T15:14:38.581+0530: 1831.998: Total time for which application threads were stopped: 0.0000881 seconds, Stopping threads took: 0.0000200 seconds
2023-04-26T15:14:38.582+0530: 1831.998: Total time for which application threads were stopped: 0.0000628 seconds, Stopping threads took: 0.0000162 seconds
2023-04-26T15:14:38.582+0530: 1831.998: Total time for which application threads were stopped: 0.0000653 seconds, Stopping threads took: 0.0000190 seconds
2023-04-26T15:14:38.583+0530: 1831.999: Total time for which application threads were stopped: 0.0001189 seconds, Stopping threads took: 0.0000165 seconds
2023-04-26T15:14:38.587+0530: 1832.003: Total time for which application threads were stopped: 0.0000733 seconds, Stopping threads took: 0.0000204 seconds
2023-04-26T15:14:38.587+0530: 1832.004: Total time for which application threads were stopped: 0.0000458 seconds, Stopping threads took: 0.0000117 seconds
2023-04-26T15:14:38.588+0530: 1832.004: Total time for which application threads were stopped: 0.0000533 seconds, Stopping threads took: 0.0000228 seconds
2023-04-26T15:14:38.588+0530: 1832.004: Total time for which application threads were stopped: 0.0000398 seconds, Stopping threads took: 0.0000109 seconds
2023-04-26T15:14:38.588+0530: 1832.004: Total time for which application threads were stopped: 0.0001415 seconds, Stopping threads took: 0.0001085 seconds
2023-04-26T15:14:38.594+0530: 1832.010: Total time for which application threads were stopped: 0.0000719 seconds, Stopping threads took: 0.0000257 seconds
2023-04-26T15:14:38.594+0530: 1832.011: Total time for which application threads were stopped: 0.0000620 seconds, Stopping threads took: 0.0000287 seconds
2023-04-26T15:15:58.609+0530: 1912.026: Total time for which application threads were stopped: 0.0002141 seconds, Stopping threads took: 0.0000839 seconds
2023-04-26T15:16:58.799+0530: 1972.216: Total time for which application threads were stopped: 0.0000961 seconds, Stopping threads took: 0.0000337 seconds
2023-04-26T15:16:58.799+0530: 1972.216: Total time for which application threads were stopped: 0.0000394 seconds, Stopping threads took: 0.0000070 seconds
2023-04-26T15:16:58.800+0530: 1972.216: Total time for which application threads were stopped: 0.0000506 seconds, Stopping threads took: 0.0000081 seconds
2023-04-26T15:16:58.807+0530: 1972.223: Total time for which application threads were stopped: 0.0000891 seconds, Stopping threads took: 0.0000180 seconds
2023-04-26T15:16:58.807+0530: 1972.224: Total time for which application threads were stopped: 0.0000524 seconds, Stopping threads took: 0.0000096 seconds
2023-04-26T15:16:58.811+0530: 1972.227: Total time for which application threads were stopped: 0.0000859 seconds, Stopping threads took: 0.0000200 seconds
2023-04-26T15:16:58.811+0530: 1972.227: Total time for which application threads were stopped: 0.0000512 seconds, Stopping threads took: 0.0000082 seconds
2023-04-26T15:16:58.811+0530: 1972.227: Total time for which application threads were stopped: 0.0000620 seconds, Stopping threads took: 0.0000105 seconds
2023-04-26T15:16:58.818+0530: 1972.234: Total time for which application threads were stopped: 0.0000794 seconds, Stopping threads took: 0.0000191 seconds
2023-04-26T15:16:58.818+0530: 1972.234: Total time for which application threads were stopped: 0.0001131 seconds, Stopping threads took: 0.0000088 seconds
2023-04-26T15:16:58.819+0530: 1972.235: Total time for which application threads were stopped: 0.0000724 seconds, Stopping threads took: 0.0000148 seconds
2023-04-26T15:16:58.819+0530: 1972.235: Total time for which application threads were stopped: 0.0000487 seconds, Stopping threads took: 0.0000072 seconds
2023-04-26T15:16:58.819+0530: 1972.236: Total time for which application threads were stopped: 0.0000508 seconds, Stopping threads took: 0.0000095 seconds
2023-04-26T15:16:58.836+0530: 1972.252: Total time for which application threads were stopped: 0.0001295 seconds, Stopping threads took: 0.0000343 seconds
2023-04-26T15:16:58.836+0530: 1972.253: Total time for which application threads were stopped: 0.0000766 seconds, Stopping threads took: 0.0000183 seconds
2023-04-26T15:17:16.375+0530: 1989.792: Total time for which application threads were stopped: 0.0001257 seconds, Stopping threads took: 0.0000253 seconds
2023-04-26T15:17:16.375+0530: 1989.792: Total time for which application threads were stopped: 0.0000908 seconds, Stopping threads took: 0.0000171 seconds
2023-04-26T15:17:16.376+0530: 1989.792: Total time for which application threads were stopped: 0.0001544 seconds, Stopping threads took: 0.0000742 seconds
2023-04-26T15:17:16.383+0530: 1989.800: Total time for which application threads were stopped: 0.0000998 seconds, Stopping threads took: 0.0000257 seconds
2023-04-26T15:17:16.394+0530: 1989.811: Total time for which application threads were stopped: 0.0000953 seconds, Stopping threads took: 0.0000233 seconds
2023-04-26T15:17:16.395+0530: 1989.811: Total time for which application threads were stopped: 0.0000528 seconds, Stopping threads took: 0.0000092 seconds
2023-04-26T15:17:16.395+0530: 1989.812: Total time for which application threads were stopped: 0.0000466 seconds, Stopping threads took: 0.0000080 seconds
2023-04-26T15:17:16.395+0530: 1989.812: Total time for which application threads were stopped: 0.0000368 seconds, Stopping threads took: 0.0000053 seconds
2023-04-26T15:17:16.396+0530: 1989.812: Total time for which application threads were stopped: 0.0000452 seconds, Stopping threads took: 0.0000079 seconds
2023-04-26T15:17:16.397+0530: 1989.813: Total time for which application threads were stopped: 0.0000762 seconds, Stopping threads took: 0.0000242 seconds
2023-04-26T15:17:16.411+0530: 1989.828: Total time for which application threads were stopped: 0.0001008 seconds, Stopping threads took: 0.0000212 seconds
2023-04-26T15:17:16.412+0530: 1989.828: Total time for which application threads were stopped: 0.0000772 seconds, Stopping threads took: 0.0000333 seconds
2023-04-26T15:17:16.412+0530: 1989.828: Total time for which application threads were stopped: 0.0000477 seconds, Stopping threads took: 0.0000126 seconds
2023-04-26T15:17:16.412+0530: 1989.828: Total time for which application threads were stopped: 0.0000566 seconds, Stopping threads took: 0.0000237 seconds
2023-04-26T15:17:16.412+0530: 1989.828: Total time for which application threads were stopped: 0.0000289 seconds, Stopping threads took: 0.0000073 seconds
2023-04-26T15:17:16.412+0530: 1989.829: Total time for which application threads were stopped: 0.0000496 seconds, Stopping threads took: 0.0000130 seconds
2023-04-26T15:17:16.419+0530: 1989.835: Total time for which application threads were stopped: 0.0000727 seconds, Stopping threads took: 0.0000174 seconds
2023-04-26T15:17:16.419+0530: 1989.835: Total time for which application threads were stopped: 0.0000390 seconds, Stopping threads took: 0.0000086 seconds
2023-04-26T15:18:01.259+0530: 2034.676: Total time for which application threads were stopped: 0.0001315 seconds, Stopping threads took: 0.0000434 seconds
2023-04-26T15:18:01.259+0530: 2034.676: Total time for which application threads were stopped: 0.0000628 seconds, Stopping threads took: 0.0000090 seconds
2023-04-26T15:18:01.260+0530: 2034.676: Total time for which application threads were stopped: 0.0000872 seconds, Stopping threads took: 0.0000232 seconds
2023-04-26T15:18:01.264+0530: 2034.681: Total time for which application threads were stopped: 0.0001320 seconds, Stopping threads took: 0.0000328 seconds
2023-04-26T15:18:01.264+0530: 2034.681: Total time for which application threads were stopped: 0.0000822 seconds, Stopping threads took: 0.0000207 seconds
2023-04-26T15:18:01.265+0530: 2034.682: Total time for which application threads were stopped: 0.0000681 seconds, Stopping threads took: 0.0000189 seconds
2023-04-26T15:18:01.265+0530: 2034.682: Total time for which application threads were stopped: 0.0000857 seconds, Stopping threads took: 0.0000382 seconds
2023-04-26T15:18:01.266+0530: 2034.682: Total time for which application threads were stopped: 0.0000890 seconds, Stopping threads took: 0.0000407 seconds
2023-04-26T15:18:01.267+0530: 2034.684: Total time for which application threads were stopped: 0.0001037 seconds, Stopping threads took: 0.0000292 seconds
2023-04-26T15:18:01.267+0530: 2034.684: Total time for which application threads were stopped: 0.0000621 seconds, Stopping threads took: 0.0000132 seconds
2023-04-26T15:18:01.268+0530: 2034.684: Total time for which application threads were stopped: 0.0000532 seconds, Stopping threads took: 0.0000208 seconds
2023-04-26T15:18:01.268+0530: 2034.684: Total time for which application threads were stopped: 0.0001560 seconds, Stopping threads took: 0.0000782 seconds
2023-04-26T15:18:01.268+0530: 2034.684: Total time for which application threads were stopped: 0.0000681 seconds, Stopping threads took: 0.0000241 seconds
2023-04-26T15:18:01.268+0530: 2034.684: Total time for which application threads were stopped: 0.0000464 seconds, Stopping threads took: 0.0000107 seconds
2023-04-26T15:18:01.268+0530: 2034.684: Total time for which application threads were stopped: 0.0000311 seconds, Stopping threads took: 0.0000079 seconds
2023-04-26T15:18:01.268+0530: 2034.684: Total time for which application threads were stopped: 0.0000376 seconds, Stopping threads took: 0.0000149 seconds
2023-04-26T15:18:01.268+0530: 2034.684: Total time for which application threads were stopped: 0.0000488 seconds, Stopping threads took: 0.0000129 seconds
2023-04-26T15:18:01.268+0530: 2034.685: Total time for which application threads were stopped: 0.0000333 seconds, Stopping threads took: 0.0000079 seconds
2023-04-26T15:18:01.268+0530: 2034.685: Total time for which application threads were stopped: 0.0000550 seconds, Stopping threads took: 0.0000169 seconds
2023-04-26T15:18:01.268+0530: 2034.685: Total time for which application threads were stopped: 0.0000320 seconds, Stopping threads took: 0.0000081 seconds
2023-04-26T15:18:01.268+0530: 2034.685: Total time for which application threads were stopped: 0.0001077 seconds, Stopping threads took: 0.0000073 seconds
2023-04-26T15:18:01.272+0530: 2034.688: Total time for which application threads were stopped: 0.0001460 seconds, Stopping threads took: 0.0000503 seconds
2023-04-26T15:18:01.272+0530: 2034.689: Total time for which application threads were stopped: 0.0001088 seconds, Stopping threads took: 0.0000325 seconds
2023-04-26T15:18:01.273+0530: 2034.689: Total time for which application threads were stopped: 0.0000727 seconds, Stopping threads took: 0.0000293 seconds
2023-04-26T15:18:01.273+0530: 2034.689: Total time for which application threads were stopped: 0.0000530 seconds, Stopping threads took: 0.0000233 seconds
2023-04-26T15:18:01.273+0530: 2034.689: Total time for which application threads were stopped: 0.0000427 seconds, Stopping threads took: 0.0000116 seconds
2023-04-26T15:18:01.278+0530: 2034.694: Total time for which application threads were stopped: 0.0000718 seconds, Stopping threads took: 0.0000226 seconds
2023-04-26T15:18:01.278+0530: 2034.695: Total time for which application threads were stopped: 0.0000542 seconds, Stopping threads took: 0.0000117 seconds
2023-04-26T15:18:02.278+0530: 2035.695: Total time for which application threads were stopped: 0.0001330 seconds, Stopping threads took: 0.0000335 seconds
2023-04-26T15:18:35.174+0530: 2068.590: Total time for which application threads were stopped: 0.0001772 seconds, Stopping threads took: 0.0000560 seconds
2023-04-26T15:18:35.174+0530: 2068.590: Total time for which application threads were stopped: 0.0000757 seconds, Stopping threads took: 0.0000179 seconds
2023-04-26T15:18:35.174+0530: 2068.591: Total time for which application threads were stopped: 0.0000736 seconds, Stopping threads took: 0.0000150 seconds
2023-04-26T15:18:35.176+0530: 2068.592: Total time for which application threads were stopped: 0.0001233 seconds, Stopping threads took: 0.0000246 seconds
2023-04-26T15:18:35.177+0530: 2068.593: Total time for which application threads were stopped: 0.0001092 seconds, Stopping threads took: 0.0000379 seconds
2023-04-26T15:18:35.177+0530: 2068.594: Total time for which application threads were stopped: 0.0000495 seconds, Stopping threads took: 0.0000112 seconds
2023-04-26T15:18:35.178+0530: 2068.594: Total time for which application threads were stopped: 0.0000578 seconds, Stopping threads took: 0.0000156 seconds
2023-04-26T15:18:35.178+0530: 2068.594: Total time for which application threads were stopped: 0.0000517 seconds, Stopping threads took: 0.0000155 seconds
2023-04-26T15:18:35.178+0530: 2068.595: Total time for which application threads were stopped: 0.0000556 seconds, Stopping threads took: 0.0000138 seconds
2023-04-26T15:18:35.183+0530: 2068.599: Total time for which application threads were stopped: 0.0001340 seconds, Stopping threads took: 0.0000280 seconds
2023-04-26T15:18:35.183+0530: 2068.599: Total time for which application threads were stopped: 0.0001813 seconds, Stopping threads took: 0.0000156 seconds
2023-04-26T15:18:35.183+0530: 2068.600: Total time for which application threads were stopped: 0.0000429 seconds, Stopping threads took: 0.0000086 seconds
2023-04-26T15:18:35.183+0530: 2068.600: Total time for which application threads were stopped: 0.0000301 seconds, Stopping threads took: 0.0000065 seconds
2023-04-26T15:18:35.184+0530: 2068.600: Total time for which application threads were stopped: 0.0000484 seconds, Stopping threads took: 0.0000129 seconds
2023-04-26T15:18:35.189+0530: 2068.606: Total time for which application threads were stopped: 0.0000749 seconds, Stopping threads took: 0.0000196 seconds
2023-04-26T15:18:35.189+0530: 2068.606: Total time for which application threads were stopped: 0.0001076 seconds, Stopping threads took: 0.0000679 seconds
2023-04-26T15:18:48.449+0530: 2081.866: Total time for which application threads were stopped: 0.0001296 seconds, Stopping threads took: 0.0000283 seconds
2023-04-26T15:18:48.450+0530: 2081.866: Total time for which application threads were stopped: 0.0000745 seconds, Stopping threads took: 0.0000137 seconds
2023-04-26T15:18:48.450+0530: 2081.867: Total time for which application threads were stopped: 0.0001234 seconds, Stopping threads took: 0.0000468 seconds
2023-04-26T15:18:48.453+0530: 2081.869: Total time for which application threads were stopped: 0.0001009 seconds, Stopping threads took: 0.0000245 seconds
2023-04-26T15:18:48.453+0530: 2081.870: Total time for which application threads were stopped: 0.0001099 seconds, Stopping threads took: 0.0000606 seconds
2023-04-26T15:18:48.454+0530: 2081.870: Total time for which application threads were stopped: 0.0000636 seconds, Stopping threads took: 0.0000171 seconds
2023-04-26T15:18:48.454+0530: 2081.870: Total time for which application threads were stopped: 0.0000390 seconds, Stopping threads took: 0.0000095 seconds
2023-04-26T15:18:48.454+0530: 2081.871: Total time for which application threads were stopped: 0.0000833 seconds, Stopping threads took: 0.0000360 seconds
2023-04-26T15:18:48.459+0530: 2081.875: Total time for which application threads were stopped: 0.0000970 seconds, Stopping threads took: 0.0000384 seconds
2023-04-26T15:18:48.459+0530: 2081.875: Total time for which application threads were stopped: 0.0000600 seconds, Stopping threads took: 0.0000260 seconds
2023-04-26T15:18:48.459+0530: 2081.875: Total time for which application threads were stopped: 0.0000505 seconds, Stopping threads took: 0.0000239 seconds
2023-04-26T15:18:48.459+0530: 2081.876: Total time for which application threads were stopped: 0.0000291 seconds, Stopping threads took: 0.0000064 seconds
2023-04-26T15:18:48.459+0530: 2081.876: Total time for which application threads were stopped: 0.0000247 seconds, Stopping threads took: 0.0000047 seconds
2023-04-26T15:18:48.460+0530: 2081.876: Total time for which application threads were stopped: 0.0000272 seconds, Stopping threads took: 0.0000050 seconds
2023-04-26T15:18:48.466+0530: 2081.882: Total time for which application threads were stopped: 0.0000980 seconds, Stopping threads took: 0.0000163 seconds
2023-04-26T15:18:48.466+0530: 2081.882: Total time for which application threads were stopped: 0.0000621 seconds, Stopping threads took: 0.0000144 seconds
2023-04-26T15:21:58.497+0530: 2271.913: Total time for which application threads were stopped: 0.0002521 seconds, Stopping threads took: 0.0001012 seconds
2023-04-26T15:22:00.525+0530: 2273.942: Total time for which application threads were stopped: 0.0000952 seconds, Stopping threads took: 0.0000206 seconds
2023-04-26T15:22:00.525+0530: 2273.942: Total time for which application threads were stopped: 0.0000615 seconds, Stopping threads took: 0.0000126 seconds
2023-04-26T15:22:00.526+0530: 2273.942: Total time for which application threads were stopped: 0.0000522 seconds, Stopping threads took: 0.0000103 seconds
2023-04-26T15:22:00.528+0530: 2273.944: Total time for which application threads were stopped: 0.0001006 seconds, Stopping threads took: 0.0000233 seconds
2023-04-26T15:22:00.528+0530: 2273.945: Total time for which application threads were stopped: 0.0000793 seconds, Stopping threads took: 0.0000290 seconds
2023-04-26T15:22:00.529+0530: 2273.945: Total time for which application threads were stopped: 0.0000671 seconds, Stopping threads took: 0.0000152 seconds
2023-04-26T15:22:00.529+0530: 2273.945: Total time for which application threads were stopped: 0.0000541 seconds, Stopping threads took: 0.0000118 seconds
2023-04-26T15:22:00.530+0530: 2273.946: Total time for which application threads were stopped: 0.0001152 seconds, Stopping threads took: 0.0000219 seconds
2023-04-26T15:22:00.531+0530: 2273.947: Total time for which application threads were stopped: 0.0000666 seconds, Stopping threads took: 0.0000260 seconds
2023-04-26T15:22:00.534+0530: 2273.950: Total time for which application threads were stopped: 0.0001230 seconds, Stopping threads took: 0.0000515 seconds
2023-04-26T15:22:00.536+0530: 2273.953: Total time for which application threads were stopped: 0.0000878 seconds, Stopping threads took: 0.0000258 seconds
2023-04-26T15:22:00.537+0530: 2273.953: Total time for which application threads were stopped: 0.0000466 seconds, Stopping threads took: 0.0000121 seconds
2023-04-26T15:22:00.537+0530: 2273.953: Total time for which application threads were stopped: 0.0000484 seconds, Stopping threads took: 0.0000104 seconds
2023-04-26T15:22:00.541+0530: 2273.957: Total time for which application threads were stopped: 0.0001407 seconds, Stopping threads took: 0.0000240 seconds
2023-04-26T15:22:00.542+0530: 2273.959: Total time for which application threads were stopped: 0.0000843 seconds, Stopping threads took: 0.0000370 seconds
2023-04-26T15:22:00.542+0530: 2273.959: Total time for which application threads were stopped: 0.0000768 seconds, Stopping threads took: 0.0000270 seconds
2023-04-26T15:22:29.293+0530: 2302.709: Total time for which application threads were stopped: 0.0001149 seconds, Stopping threads took: 0.0000387 seconds
2023-04-26T15:22:29.293+0530: 2302.709: Total time for which application threads were stopped: 0.0000624 seconds, Stopping threads took: 0.0000133 seconds
2023-04-26T15:22:29.294+0530: 2302.710: Total time for which application threads were stopped: 0.0001306 seconds, Stopping threads took: 0.0000516 seconds
2023-04-26T15:22:29.297+0530: 2302.713: Total time for which application threads were stopped: 0.0001170 seconds, Stopping threads took: 0.0000251 seconds
2023-04-26T15:22:29.297+0530: 2302.713: Total time for which application threads were stopped: 0.0000858 seconds, Stopping threads took: 0.0000208 seconds
2023-04-26T15:22:29.298+0530: 2302.714: Total time for which application threads were stopped: 0.0000719 seconds, Stopping threads took: 0.0000149 seconds
2023-04-26T15:22:29.298+0530: 2302.714: Total time for which application threads were stopped: 0.0000550 seconds, Stopping threads took: 0.0000096 seconds
2023-04-26T15:22:29.298+0530: 2302.714: Total time for which application threads were stopped: 0.0000565 seconds, Stopping threads took: 0.0000101 seconds
2023-04-26T15:22:29.303+0530: 2302.719: Total time for which application threads were stopped: 0.0001204 seconds, Stopping threads took: 0.0000227 seconds
2023-04-26T15:22:29.303+0530: 2302.719: Total time for which application threads were stopped: 0.0001189 seconds, Stopping threads took: 0.0000148 seconds
2023-04-26T15:22:29.303+0530: 2302.720: Total time for which application threads were stopped: 0.0000413 seconds, Stopping threads took: 0.0000118 seconds
2023-04-26T15:22:29.303+0530: 2302.720: Total time for which application threads were stopped: 0.0000380 seconds, Stopping threads took: 0.0000100 seconds
2023-04-26T15:22:29.304+0530: 2302.720: Total time for which application threads were stopped: 0.0000435 seconds, Stopping threads took: 0.0000119 seconds
2023-04-26T15:22:29.311+0530: 2302.727: Total time for which application threads were stopped: 0.0000686 seconds, Stopping threads took: 0.0000202 seconds
2023-04-26T15:22:56.883+0530: 2330.299: Total time for which application threads were stopped: 0.0001760 seconds, Stopping threads took: 0.0000601 seconds
2023-04-26T15:22:56.883+0530: 2330.299: Total time for which application threads were stopped: 0.0000903 seconds, Stopping threads took: 0.0000150 seconds
2023-04-26T15:22:56.884+0530: 2330.300: Total time for which application threads were stopped: 0.0001225 seconds, Stopping threads took: 0.0000440 seconds
2023-04-26T15:22:56.886+0530: 2330.302: Total time for which application threads were stopped: 0.0001309 seconds, Stopping threads took: 0.0000349 seconds
2023-04-26T15:22:56.887+0530: 2330.303: Total time for which application threads were stopped: 0.0000980 seconds, Stopping threads took: 0.0000242 seconds
2023-04-26T15:22:56.887+0530: 2330.304: Total time for which application threads were stopped: 0.0000723 seconds, Stopping threads took: 0.0000189 seconds
2023-04-26T15:22:56.887+0530: 2330.304: Total time for which application threads were stopped: 0.0000650 seconds, Stopping threads took: 0.0000170 seconds
2023-04-26T15:22:56.888+0530: 2330.304: Total time for which application threads were stopped: 0.0000577 seconds, Stopping threads took: 0.0000133 seconds
2023-04-26T15:22:56.889+0530: 2330.306: Total time for which application threads were stopped: 0.0001815 seconds, Stopping threads took: 0.0000870 seconds
2023-04-26T15:22:56.894+0530: 2330.311: Total time for which application threads were stopped: 0.0001007 seconds, Stopping threads took: 0.0000252 seconds
2023-04-26T15:22:56.894+0530: 2330.311: Total time for which application threads were stopped: 0.0000713 seconds, Stopping threads took: 0.0000278 seconds
2023-04-26T15:22:56.895+0530: 2330.311: Total time for which application threads were stopped: 0.0000568 seconds, Stopping threads took: 0.0000245 seconds
2023-04-26T15:22:56.895+0530: 2330.311: Total time for which application threads were stopped: 0.0000386 seconds, Stopping threads took: 0.0000117 seconds
2023-04-26T15:22:56.895+0530: 2330.311: Total time for which application threads were stopped: 0.0000465 seconds, Stopping threads took: 0.0000116 seconds
2023-04-26T15:22:56.895+0530: 2330.311: Total time for which application threads were stopped: 0.0000543 seconds, Stopping threads took: 0.0000144 seconds
2023-04-26T15:22:56.901+0530: 2330.317: Total time for which application threads were stopped: 0.0000873 seconds, Stopping threads took: 0.0000333 seconds
2023-04-26T15:22:56.901+0530: 2330.317: Total time for which application threads were stopped: 0.0000676 seconds, Stopping threads took: 0.0000143 seconds
2023-04-26T15:23:24.303+0530: 2357.719: Total time for which application threads were stopped: 0.0001638 seconds, Stopping threads took: 0.0000567 seconds
2023-04-26T15:23:24.303+0530: 2357.719: Total time for which application threads were stopped: 0.0000781 seconds, Stopping threads took: 0.0000129 seconds
2023-04-26T15:23:24.305+0530: 2357.721: Total time for which application threads were stopped: 0.0001185 seconds, Stopping threads took: 0.0000177 seconds
2023-04-26T15:23:24.306+0530: 2357.723: Total time for which application threads were stopped: 0.0001016 seconds, Stopping threads took: 0.0000172 seconds
2023-04-26T15:23:24.308+0530: 2357.724: Total time for which application threads were stopped: 0.0001181 seconds, Stopping threads took: 0.0000438 seconds
2023-04-26T15:23:24.309+0530: 2357.725: Total time for which application threads were stopped: 0.0001194 seconds, Stopping threads took: 0.0000445 seconds
2023-04-26T15:23:24.309+0530: 2357.726: Total time for which application threads were stopped: 0.0001446 seconds, Stopping threads took: 0.0000538 seconds
2023-04-26T15:23:24.310+0530: 2357.726: Total time for which application threads were stopped: 0.0001136 seconds, Stopping threads took: 0.0000173 seconds
2023-04-26T15:23:24.310+0530: 2357.727: Total time for which application threads were stopped: 0.0000785 seconds, Stopping threads took: 0.0000151 seconds
{Heap before GC invocations=19 (full 1):
 par new generation   total 109248K, used 109248K [0x00000000e0000000, 0x00000000e8000000, 0x00000000e8000000)
  eden space 87424K, 100% used [0x00000000e0000000, 0x00000000e5560000, 0x00000000e5560000)
  from space 21824K, 100% used [0x00000000e6ab0000, 0x00000000e8000000, 0x00000000e8000000)
  to   space 21824K,   0% used [0x00000000e5560000, 0x00000000e5560000, 0x00000000e6ab0000)
 concurrent mark-sweep generation total 393216K, used 19274K [0x00000000e8000000, 0x0000000100000000, 0x0000000100000000)
 Metaspace       used 35899K, capacity 36392K, committed 36680K, reserved 1081344K
  class space    used 4238K, capacity 4412K, committed 4424K, reserved 1048576K
2023-04-26T15:23:24.314+0530: 2357.730: [GC (Allocation Failure) 2023-04-26T15:23:24.314+0530: 2357.730: [ParNew
Desired survivor size 20112992 bytes, new threshold 8 (max 8)
- age   1:     671640 bytes,     671640 total
- age   2:    8976904 bytes,    9648544 total
- age   3:     232624 bytes,    9881168 total
- age   4:    4708784 bytes,   14589952 total
- age   5:    3860432 bytes,   18450384 total
- age   6:     168144 bytes,   18618528 total
- age   7:      70600 bytes,   18689128 total
: 109248K->21824K(109248K), 0.0108702 secs] 128522K->41287K(502464K), 0.0109504 secs] [Times: user=0.03 sys=0.00, real=0.02 secs] 
Heap after GC invocations=20 (full 1):
 par new generation   total 109248K, used 21824K [0x00000000e0000000, 0x00000000e8000000, 0x00000000e8000000)
  eden space 87424K,   0% used [0x00000000e0000000, 0x00000000e0000000, 0x00000000e5560000)
  from space 21824K, 100% used [0x00000000e5560000, 0x00000000e6ab0000, 0x00000000e6ab0000)
  to   space 21824K,   0% used [0x00000000e6ab0000, 0x00000000e6ab0000, 0x00000000e8000000)
 concurrent mark-sweep generation total 393216K, used 19463K [0x00000000e8000000, 0x0000000100000000, 0x0000000100000000)
 Metaspace       used 35899K, capacity 36392K, committed 36680K, reserved 1081344K
  class space    used 4238K, capacity 4412K, committed 4424K, reserved 1048576K
}
2023-04-26T15:23:24.325+0530: 2357.741: Total time for which application threads were stopped: 0.0110954 seconds, Stopping threads took: 0.0000277 seconds
2023-04-26T15:23:24.326+0530: 2357.742: Total time for which application threads were stopped: 0.0001500 seconds, Stopping threads took: 0.0000288 seconds
2023-04-26T15:23:24.327+0530: 2357.743: Total time for which application threads were stopped: 0.0000367 seconds, Stopping threads took: 0.0000078 seconds
2023-04-26T15:23:24.327+0530: 2357.743: Total time for which application threads were stopped: 0.0000216 seconds, Stopping threads took: 0.0000043 seconds
2023-04-26T15:23:24.327+0530: 2357.743: Total time for which application threads were stopped: 0.0000258 seconds, Stopping threads took: 0.0000063 seconds
2023-04-26T15:23:24.332+0530: 2357.748: Total time for which application threads were stopped: 0.0000928 seconds, Stopping threads took: 0.0000229 seconds
2023-04-26T15:23:24.332+0530: 2357.748: Total time for which application threads were stopped: 0.0000594 seconds, Stopping threads took: 0.0000129 seconds
2023-04-26T15:23:41.176+0530: 2374.593: Total time for which application threads were stopped: 0.0001491 seconds, Stopping threads took: 0.0000499 seconds
2023-04-26T15:23:41.176+0530: 2374.593: Total time for which application threads were stopped: 0.0000734 seconds, Stopping threads took: 0.0000132 seconds
2023-04-26T15:23:41.177+0530: 2374.593: Total time for which application threads were stopped: 0.0000610 seconds, Stopping threads took: 0.0000116 seconds
2023-04-26T15:23:41.178+0530: 2374.595: Total time for which application threads were stopped: 0.0002000 seconds, Stopping threads took: 0.0001015 seconds
2023-04-26T15:23:41.180+0530: 2374.596: Total time for which application threads were stopped: 0.0000855 seconds, Stopping threads took: 0.0000206 seconds
2023-04-26T15:23:41.180+0530: 2374.596: Total time for which application threads were stopped: 0.0000671 seconds, Stopping threads took: 0.0000141 seconds
2023-04-26T15:23:41.181+0530: 2374.598: Total time for which application threads were stopped: 0.0001018 seconds, Stopping threads took: 0.0000452 seconds
2023-04-26T15:23:41.181+0530: 2374.598: Total time for which application threads were stopped: 0.0000689 seconds, Stopping threads took: 0.0000298 seconds
2023-04-26T15:23:41.182+0530: 2374.598: Total time for which application threads were stopped: 0.0000502 seconds, Stopping threads took: 0.0000131 seconds
2023-04-26T15:23:41.187+0530: 2374.603: Total time for which application threads were stopped: 0.0000989 seconds, Stopping threads took: 0.0000222 seconds
2023-04-26T15:23:41.187+0530: 2374.604: Total time for which application threads were stopped: 0.0000755 seconds, Stopping threads took: 0.0000193 seconds
2023-04-26T15:23:41.188+0530: 2374.604: Total time for which application threads were stopped: 0.0000417 seconds, Stopping threads took: 0.0000108 seconds
2023-04-26T15:23:41.188+0530: 2374.604: Total time for which application threads were stopped: 0.0000426 seconds, Stopping threads took: 0.0000106 seconds
2023-04-26T15:23:41.188+0530: 2374.604: Total time for which application threads were stopped: 0.0000433 seconds, Stopping threads took: 0.0000108 seconds
2023-04-26T15:23:41.188+0530: 2374.604: Total time for which application threads were stopped: 0.0000488 seconds, Stopping threads took: 0.0000126 seconds
2023-04-26T15:23:41.194+0530: 2374.611: Total time for which application threads were stopped: 0.0000829 seconds, Stopping threads took: 0.0000246 seconds
2023-04-26T15:23:41.195+0530: 2374.611: Total time for which application threads were stopped: 0.0000627 seconds, Stopping threads took: 0.0000229 seconds
2023-04-26T15:25:43.000+0530: 2496.417: Total time for which application threads were stopped: 0.0001227 seconds, Stopping threads took: 0.0000519 seconds
2023-04-26T15:25:43.001+0530: 2496.417: Total time for which application threads were stopped: 0.0000486 seconds, Stopping threads took: 0.0000103 seconds
2023-04-26T15:25:43.001+0530: 2496.417: Total time for which application threads were stopped: 0.0000426 seconds, Stopping threads took: 0.0000078 seconds
2023-04-26T15:25:43.004+0530: 2496.420: Total time for which application threads were stopped: 0.0001226 seconds, Stopping threads took: 0.0000465 seconds
2023-04-26T15:25:43.004+0530: 2496.420: Total time for which application threads were stopped: 0.0000964 seconds, Stopping threads took: 0.0000325 seconds
2023-04-26T15:25:43.005+0530: 2496.421: Total time for which application threads were stopped: 0.0000577 seconds, Stopping threads took: 0.0000150 seconds
2023-04-26T15:25:43.005+0530: 2496.421: Total time for which application threads were stopped: 0.0000662 seconds, Stopping threads took: 0.0000145 seconds
2023-04-26T15:25:43.005+0530: 2496.422: Total time for which application threads were stopped: 0.0000596 seconds, Stopping threads took: 0.0000122 seconds
2023-04-26T15:25:43.009+0530: 2496.425: Total time for which application threads were stopped: 0.0000747 seconds, Stopping threads took: 0.0000193 seconds
2023-04-26T15:25:43.009+0530: 2496.426: Total time for which application threads were stopped: 0.0000547 seconds, Stopping threads took: 0.0000133 seconds
2023-04-26T15:25:43.010+0530: 2496.426: Total time for which application threads were stopped: 0.0000366 seconds, Stopping threads took: 0.0000097 seconds
2023-04-26T15:25:43.010+0530: 2496.426: Total time for which application threads were stopped: 0.0000367 seconds, Stopping threads took: 0.0000093 seconds
2023-04-26T15:25:43.010+0530: 2496.427: Total time for which application threads were stopped: 0.0001291 seconds, Stopping threads took: 0.0000995 seconds
2023-04-26T15:25:43.018+0530: 2496.434: Total time for which application threads were stopped: 0.0000972 seconds, Stopping threads took: 0.0000336 seconds
2023-04-26T15:25:43.018+0530: 2496.434: Total time for which application threads were stopped: 0.0000769 seconds, Stopping threads took: 0.0000200 seconds
2023-04-26T15:25:54.279+0530: 2507.695: Total time for which application threads were stopped: 0.0001213 seconds, Stopping threads took: 0.0000422 seconds
2023-04-26T15:25:54.279+0530: 2507.695: Total time for which application threads were stopped: 0.0000753 seconds, Stopping threads took: 0.0000211 seconds
2023-04-26T15:25:54.280+0530: 2507.696: Total time for which application threads were stopped: 0.0000919 seconds, Stopping threads took: 0.0000228 seconds
2023-04-26T15:25:54.283+0530: 2507.699: Total time for which application threads were stopped: 0.0001029 seconds, Stopping threads took: 0.0000280 seconds
2023-04-26T15:25:54.283+0530: 2507.699: Total time for which application threads were stopped: 0.0000715 seconds, Stopping threads took: 0.0000191 seconds
2023-04-26T15:25:54.284+0530: 2507.700: Total time for which application threads were stopped: 0.0000703 seconds, Stopping threads took: 0.0000175 seconds
2023-04-26T15:25:54.284+0530: 2507.700: Total time for which application threads were stopped: 0.0000508 seconds, Stopping threads took: 0.0000110 seconds
2023-04-26T15:25:54.284+0530: 2507.701: Total time for which application threads were stopped: 0.0000873 seconds, Stopping threads took: 0.0000178 seconds
2023-04-26T15:25:54.289+0530: 2507.706: Total time for which application threads were stopped: 0.0001128 seconds, Stopping threads took: 0.0000363 seconds
2023-04-26T15:25:54.290+0530: 2507.706: Total time for which application threads were stopped: 0.0001507 seconds, Stopping threads took: 0.0000321 seconds
2023-04-26T15:25:54.290+0530: 2507.706: Total time for which application threads were stopped: 0.0000475 seconds, Stopping threads took: 0.0000101 seconds
2023-04-26T15:25:54.290+0530: 2507.706: Total time for which application threads were stopped: 0.0000405 seconds, Stopping threads took: 0.0000082 seconds
2023-04-26T15:25:54.290+0530: 2507.707: Total time for which application threads were stopped: 0.0000481 seconds, Stopping threads took: 0.0000133 seconds
2023-04-26T15:25:54.296+0530: 2507.713: Total time for which application threads were stopped: 0.0000841 seconds, Stopping threads took: 0.0000150 seconds
2023-04-26T15:25:54.297+0530: 2507.713: Total time for which application threads were stopped: 0.0000487 seconds, Stopping threads took: 0.0000092 seconds
2023-04-26T15:26:13.714+0530: 2527.130: Total time for which application threads were stopped: 0.0001343 seconds, Stopping threads took: 0.0000439 seconds
2023-04-26T15:26:13.714+0530: 2527.130: Total time for which application threads were stopped: 0.0000736 seconds, Stopping threads took: 0.0000127 seconds
2023-04-26T15:26:13.715+0530: 2527.131: Total time for which application threads were stopped: 0.0000788 seconds, Stopping threads took: 0.0000125 seconds
2023-04-26T15:26:13.717+0530: 2527.134: Total time for which application threads were stopped: 0.0001212 seconds, Stopping threads took: 0.0000303 seconds
2023-04-26T15:26:13.718+0530: 2527.134: Total time for which application threads were stopped: 0.0000884 seconds, Stopping threads took: 0.0000133 seconds
2023-04-26T15:26:13.719+0530: 2527.135: Total time for which application threads were stopped: 0.0000652 seconds, Stopping threads took: 0.0000134 seconds
2023-04-26T15:26:13.719+0530: 2527.135: Total time for which application threads were stopped: 0.0000360 seconds, Stopping threads took: 0.0000063 seconds
2023-04-26T15:26:13.719+0530: 2527.136: Total time for which application threads were stopped: 0.0001266 seconds, Stopping threads took: 0.0000134 seconds
2023-04-26T15:26:13.724+0530: 2527.140: Total time for which application threads were stopped: 0.0000859 seconds, Stopping threads took: 0.0000213 seconds
2023-04-26T15:26:13.724+0530: 2527.140: Total time for which application threads were stopped: 0.0000641 seconds, Stopping threads took: 0.0000101 seconds
2023-04-26T15:26:13.724+0530: 2527.140: Total time for which application threads were stopped: 0.0000334 seconds, Stopping threads took: 0.0000072 seconds
2023-04-26T15:26:13.724+0530: 2527.140: Total time for which application threads were stopped: 0.0000258 seconds, Stopping threads took: 0.0000047 seconds
2023-04-26T15:26:13.724+0530: 2527.140: Total time for which application threads were stopped: 0.0000258 seconds, Stopping threads took: 0.0000043 seconds
2023-04-26T15:26:13.724+0530: 2527.141: Total time for which application threads were stopped: 0.0000415 seconds, Stopping threads took: 0.0000076 seconds
2023-04-26T15:26:13.730+0530: 2527.146: Total time for which application threads were stopped: 0.0001693 seconds, Stopping threads took: 0.0000207 seconds
2023-04-26T15:26:13.732+0530: 2527.148: Total time for which application threads were stopped: 0.0001358 seconds, Stopping threads took: 0.0000465 seconds
2023-04-26T15:26:13.732+0530: 2527.149: Total time for which application threads were stopped: 0.0004253 seconds, Stopping threads took: 0.0003376 seconds
2023-04-26T15:27:04.359+0530: 2577.775: Total time for which application threads were stopped: 0.0001216 seconds, Stopping threads took: 0.0000378 seconds
2023-04-26T15:27:04.359+0530: 2577.775: Total time for which application threads were stopped: 0.0000501 seconds, Stopping threads took: 0.0000077 seconds
2023-04-26T15:27:04.360+0530: 2577.776: Total time for which application threads were stopped: 0.0001209 seconds, Stopping threads took: 0.0000356 seconds
2023-04-26T15:27:04.363+0530: 2577.779: Total time for which application threads were stopped: 0.0001073 seconds, Stopping threads took: 0.0000426 seconds
2023-04-26T15:27:04.363+0530: 2577.780: Total time for which application threads were stopped: 0.0000833 seconds, Stopping threads took: 0.0000288 seconds
2023-04-26T15:27:04.364+0530: 2577.780: Total time for which application threads were stopped: 0.0000760 seconds, Stopping threads took: 0.0000187 seconds
2023-04-26T15:27:04.364+0530: 2577.781: Total time for which application threads were stopped: 0.0000641 seconds, Stopping threads took: 0.0000132 seconds
2023-04-26T15:27:04.365+0530: 2577.781: Total time for which application threads were stopped: 0.0000680 seconds, Stopping threads took: 0.0000130 seconds
2023-04-26T15:27:04.369+0530: 2577.786: Total time for which application threads were stopped: 0.0000878 seconds, Stopping threads took: 0.0000234 seconds
2023-04-26T15:27:04.370+0530: 2577.786: Total time for which application threads were stopped: 0.0000499 seconds, Stopping threads took: 0.0000103 seconds
2023-04-26T15:27:04.370+0530: 2577.786: Total time for which application threads were stopped: 0.0000390 seconds, Stopping threads took: 0.0000108 seconds
2023-04-26T15:27:04.370+0530: 2577.786: Total time for which application threads were stopped: 0.0000349 seconds, Stopping threads took: 0.0000120 seconds
2023-04-26T15:27:04.370+0530: 2577.787: Total time for which application threads were stopped: 0.0000425 seconds, Stopping threads took: 0.0000098 seconds
2023-04-26T15:27:04.376+0530: 2577.793: Total time for which application threads were stopped: 0.0001853 seconds, Stopping threads took: 0.0000289 seconds
2023-04-26T15:27:04.377+0530: 2577.793: Total time for which application threads were stopped: 0.0000745 seconds, Stopping threads took: 0.0000187 seconds
2023-04-26T15:27:07.377+0530: 2580.793: Total time for which application threads were stopped: 0.0002105 seconds, Stopping threads took: 0.0000510 seconds
2023-04-26T15:28:05.043+0530: 2638.459: Total time for which application threads were stopped: 0.0001440 seconds, Stopping threads took: 0.0000453 seconds
2023-04-26T15:28:05.043+0530: 2638.460: Total time for which application threads were stopped: 0.0000757 seconds, Stopping threads took: 0.0000115 seconds
2023-04-26T15:28:05.044+0530: 2638.460: Total time for which application threads were stopped: 0.0000883 seconds, Stopping threads took: 0.0000181 seconds
2023-04-26T15:28:05.046+0530: 2638.462: Total time for which application threads were stopped: 0.0000955 seconds, Stopping threads took: 0.0000204 seconds
2023-04-26T15:28:05.046+0530: 2638.463: Total time for which application threads were stopped: 0.0000569 seconds, Stopping threads took: 0.0000101 seconds
2023-04-26T15:28:05.047+0530: 2638.464: Total time for which application threads were stopped: 0.0000526 seconds, Stopping threads took: 0.0000126 seconds
2023-04-26T15:28:05.047+0530: 2638.464: Total time for which application threads were stopped: 0.0000353 seconds, Stopping threads took: 0.0000072 seconds
2023-04-26T15:28:05.048+0530: 2638.464: Total time for which application threads were stopped: 0.0000511 seconds, Stopping threads took: 0.0000087 seconds
2023-04-26T15:28:05.052+0530: 2638.469: Total time for which application threads were stopped: 0.0000770 seconds, Stopping threads took: 0.0000189 seconds
2023-04-26T15:28:05.052+0530: 2638.469: Total time for which application threads were stopped: 0.0000993 seconds, Stopping threads took: 0.0000110 seconds
2023-04-26T15:28:05.053+0530: 2638.469: Total time for which application threads were stopped: 0.0000582 seconds, Stopping threads took: 0.0000281 seconds
2023-04-26T15:28:05.053+0530: 2638.469: Total time for which application threads were stopped: 0.0000495 seconds, Stopping threads took: 0.0000211 seconds
2023-04-26T15:28:05.053+0530: 2638.469: Total time for which application threads were stopped: 0.0000441 seconds, Stopping threads took: 0.0000177 seconds
2023-04-26T15:28:05.058+0530: 2638.475: Total time for which application threads were stopped: 0.0001437 seconds, Stopping threads took: 0.0000911 seconds
2023-04-26T15:28:05.058+0530: 2638.475: Total time for which application threads were stopped: 0.0000901 seconds, Stopping threads took: 0.0000204 seconds
2023-04-26T15:28:19.406+0530: 2652.822: Total time for which application threads were stopped: 0.0001297 seconds, Stopping threads took: 0.0000431 seconds
2023-04-26T15:28:19.406+0530: 2652.823: Total time for which application threads were stopped: 0.0000770 seconds, Stopping threads took: 0.0000152 seconds
2023-04-26T15:28:19.407+0530: 2652.823: Total time for which application threads were stopped: 0.0001029 seconds, Stopping threads took: 0.0000205 seconds
2023-04-26T15:28:19.410+0530: 2652.826: Total time for which application threads were stopped: 0.0001279 seconds, Stopping threads took: 0.0000266 seconds
2023-04-26T15:28:19.410+0530: 2652.826: Total time for which application threads were stopped: 0.0001123 seconds, Stopping threads took: 0.0000455 seconds
2023-04-26T15:28:19.411+0530: 2652.827: Total time for which application threads were stopped: 0.0000639 seconds, Stopping threads took: 0.0000154 seconds
2023-04-26T15:28:19.411+0530: 2652.827: Total time for which application threads were stopped: 0.0000440 seconds, Stopping threads took: 0.0000088 seconds
2023-04-26T15:28:19.411+0530: 2652.827: Total time for which application threads were stopped: 0.0000435 seconds, Stopping threads took: 0.0000081 seconds
2023-04-26T15:28:19.415+0530: 2652.831: Total time for which application threads were stopped: 0.0001324 seconds, Stopping threads took: 0.0000731 seconds
2023-04-26T15:28:19.415+0530: 2652.832: Total time for which application threads were stopped: 0.0000779 seconds, Stopping threads took: 0.0000358 seconds
2023-04-26T15:28:19.416+0530: 2652.832: Total time for which application threads were stopped: 0.0000401 seconds, Stopping threads took: 0.0000114 seconds
2023-04-26T15:28:19.416+0530: 2652.832: Total time for which application threads were stopped: 0.0000415 seconds, Stopping threads took: 0.0000164 seconds
2023-04-26T15:28:19.416+0530: 2652.832: Total time for which application threads were stopped: 0.0000416 seconds, Stopping threads took: 0.0000180 seconds
2023-04-26T15:28:19.416+0530: 2652.832: Total time for which application threads were stopped: 0.0000514 seconds, Stopping threads took: 0.0000207 seconds
2023-04-26T15:28:19.422+0530: 2652.838: Total time for which application threads were stopped: 0.0001039 seconds, Stopping threads took: 0.0000377 seconds
2023-04-26T15:28:19.422+0530: 2652.838: Total time for which application threads were stopped: 0.0001162 seconds, Stopping threads took: 0.0000681 seconds
2023-04-26T15:28:54.879+0530: 2688.295: Total time for which application threads were stopped: 0.0001734 seconds, Stopping threads took: 0.0000560 seconds
2023-04-26T15:28:54.879+0530: 2688.295: Total time for which application threads were stopped: 0.0000749 seconds, Stopping threads took: 0.0000114 seconds
2023-04-26T15:28:54.879+0530: 2688.296: Total time for which application threads were stopped: 0.0001008 seconds, Stopping threads took: 0.0000182 seconds
2023-04-26T15:28:54.883+0530: 2688.299: Total time for which application threads were stopped: 0.0002076 seconds, Stopping threads took: 0.0001082 seconds
2023-04-26T15:28:54.883+0530: 2688.299: Total time for which application threads were stopped: 0.0000846 seconds, Stopping threads took: 0.0000192 seconds
2023-04-26T15:28:54.884+0530: 2688.300: Total time for which application threads were stopped: 0.0001876 seconds, Stopping threads took: 0.0000795 seconds
2023-04-26T15:28:54.884+0530: 2688.300: Total time for which application threads were stopped: 0.0001079 seconds, Stopping threads took: 0.0000449 seconds
2023-04-26T15:28:54.884+0530: 2688.301: Total time for which application threads were stopped: 0.0000605 seconds, Stopping threads took: 0.0000137 seconds
2023-04-26T15:28:54.890+0530: 2688.307: Total time for which application threads were stopped: 0.0001495 seconds, Stopping threads took: 0.0000755 seconds
2023-04-26T15:28:54.890+0530: 2688.307: Total time for which application threads were stopped: 0.0000765 seconds, Stopping threads took: 0.0000153 seconds
2023-04-26T15:28:54.891+0530: 2688.307: Total time for which application threads were stopped: 0.0000452 seconds, Stopping threads took: 0.0000120 seconds
2023-04-26T15:28:54.891+0530: 2688.307: Total time for which application threads were stopped: 0.0000469 seconds, Stopping threads took: 0.0000113 seconds
2023-04-26T15:28:54.891+0530: 2688.308: Total time for which application threads were stopped: 0.0000667 seconds, Stopping threads took: 0.0000278 seconds
2023-04-26T15:28:54.899+0530: 2688.315: Total time for which application threads were stopped: 0.0000865 seconds, Stopping threads took: 0.0000360 seconds
2023-04-26T15:28:54.899+0530: 2688.315: Total time for which application threads were stopped: 0.0001607 seconds, Stopping threads took: 0.0000970 seconds
2023-04-26T15:28:58.681+0530: 2692.097: Total time for which application threads were stopped: 0.0001063 seconds, Stopping threads took: 0.0000377 seconds
2023-04-26T15:28:58.681+0530: 2692.097: Total time for which application threads were stopped: 0.0000676 seconds, Stopping threads took: 0.0000109 seconds
2023-04-26T15:28:58.681+0530: 2692.098: Total time for which application threads were stopped: 0.0000583 seconds, Stopping threads took: 0.0000109 seconds
2023-04-26T15:28:58.686+0530: 2692.102: Total time for which application threads were stopped: 0.0001246 seconds, Stopping threads took: 0.0000479 seconds
2023-04-26T15:28:58.686+0530: 2692.102: Total time for which application threads were stopped: 0.0000623 seconds, Stopping threads took: 0.0000145 seconds
2023-04-26T15:28:58.686+0530: 2692.102: Total time for which application threads were stopped: 0.0000542 seconds, Stopping threads took: 0.0000153 seconds
2023-04-26T15:28:58.686+0530: 2692.102: Total time for which application threads were stopped: 0.0000528 seconds, Stopping threads took: 0.0000109 seconds
2023-04-26T15:28:58.690+0530: 2692.107: Total time for which application threads were stopped: 0.0001641 seconds, Stopping threads took: 0.0000483 seconds
2023-04-26T15:28:58.691+0530: 2692.107: Total time for which application threads were stopped: 0.0001281 seconds, Stopping threads took: 0.0000132 seconds
2023-04-26T15:28:58.691+0530: 2692.107: Total time for which application threads were stopped: 0.0000489 seconds, Stopping threads took: 0.0000117 seconds
2023-04-26T15:28:58.691+0530: 2692.107: Total time for which application threads were stopped: 0.0000577 seconds, Stopping threads took: 0.0000220 seconds
2023-04-26T15:28:58.691+0530: 2692.108: Total time for which application threads were stopped: 0.0000660 seconds, Stopping threads took: 0.0000239 seconds
2023-04-26T15:28:58.698+0530: 2692.115: Total time for which application threads were stopped: 0.0000831 seconds, Stopping threads took: 0.0000232 seconds
2023-04-26T15:28:58.699+0530: 2692.115: Total time for which application threads were stopped: 0.0000507 seconds, Stopping threads took: 0.0000115 seconds
2023-04-26T15:29:16.924+0530: 2710.341: Total time for which application threads were stopped: 0.0001683 seconds, Stopping threads took: 0.0000549 seconds
2023-04-26T15:29:16.925+0530: 2710.341: Total time for which application threads were stopped: 0.0000698 seconds, Stopping threads took: 0.0000150 seconds
2023-04-26T15:29:16.925+0530: 2710.341: Total time for which application threads were stopped: 0.0000699 seconds, Stopping threads took: 0.0000139 seconds
2023-04-26T15:29:16.928+0530: 2710.344: Total time for which application threads were stopped: 0.0001180 seconds, Stopping threads took: 0.0000321 seconds
2023-04-26T15:29:16.928+0530: 2710.344: Total time for which application threads were stopped: 0.0000774 seconds, Stopping threads took: 0.0000175 seconds
2023-04-26T15:29:16.929+0530: 2710.345: Total time for which application threads were stopped: 0.0000674 seconds, Stopping threads took: 0.0000173 seconds
2023-04-26T15:29:16.929+0530: 2710.345: Total time for which application threads were stopped: 0.0000654 seconds, Stopping threads took: 0.0000283 seconds
2023-04-26T15:29:16.929+0530: 2710.345: Total time for which application threads were stopped: 0.0000727 seconds, Stopping threads took: 0.0000243 seconds
2023-04-26T15:29:16.934+0530: 2710.350: Total time for which application threads were stopped: 0.0001493 seconds, Stopping threads took: 0.0000368 seconds
2023-04-26T15:29:16.934+0530: 2710.350: Total time for which application threads were stopped: 0.0000712 seconds, Stopping threads took: 0.0000138 seconds
2023-04-26T15:29:16.934+0530: 2710.350: Total time for which application threads were stopped: 0.0000586 seconds, Stopping threads took: 0.0000117 seconds
2023-04-26T15:29:16.934+0530: 2710.351: Total time for which application threads were stopped: 0.0000496 seconds, Stopping threads took: 0.0000100 seconds
2023-04-26T15:29:16.934+0530: 2710.351: Total time for which application threads were stopped: 0.0000505 seconds, Stopping threads took: 0.0000083 seconds
2023-04-26T15:29:16.935+0530: 2710.351: Total time for which application threads were stopped: 0.0000528 seconds, Stopping threads took: 0.0000101 seconds
2023-04-26T15:29:16.940+0530: 2710.356: Total time for which application threads were stopped: 0.0000843 seconds, Stopping threads took: 0.0000215 seconds
2023-04-26T15:29:16.940+0530: 2710.356: Total time for which application threads were stopped: 0.0000697 seconds, Stopping threads took: 0.0000235 seconds
2023-04-26T15:33:39.770+0530: 2973.186: Total time for which application threads were stopped: 0.0003431 seconds, Stopping threads took: 0.0001243 seconds
2023-04-26T15:33:39.771+0530: 2973.187: Total time for which application threads were stopped: 0.0001893 seconds, Stopping threads took: 0.0000332 seconds
2023-04-26T15:33:39.773+0530: 2973.190: Total time for which application threads were stopped: 0.0002378 seconds, Stopping threads took: 0.0000582 seconds
2023-04-26T15:33:40.774+0530: 2974.190: Total time for which application threads were stopped: 0.0002911 seconds, Stopping threads took: 0.0000520 seconds
2023-04-26T15:34:34.771+0530: 3028.188: Total time for which application threads were stopped: 0.0003108 seconds, Stopping threads took: 0.0000902 seconds
2023-04-26T15:35:14.777+0530: 3068.193: Total time for which application threads were stopped: 0.0002520 seconds, Stopping threads took: 0.0000939 seconds
2023-04-26T15:38:53.682+0530: 3287.098: Total time for which application threads were stopped: 0.0000816 seconds, Stopping threads took: 0.0000237 seconds
2023-04-26T15:38:53.682+0530: 3287.098: Total time for which application threads were stopped: 0.0000616 seconds, Stopping threads took: 0.0000137 seconds
2023-04-26T15:38:53.682+0530: 3287.099: Total time for which application threads were stopped: 0.0001008 seconds, Stopping threads took: 0.0000122 seconds
2023-04-26T15:38:53.684+0530: 3287.100: Total time for which application threads were stopped: 0.0000731 seconds, Stopping threads took: 0.0000197 seconds
2023-04-26T15:38:53.684+0530: 3287.101: Total time for which application threads were stopped: 0.0000700 seconds, Stopping threads took: 0.0000166 seconds
2023-04-26T15:38:53.685+0530: 3287.102: Total time for which application threads were stopped: 0.0000627 seconds, Stopping threads took: 0.0000166 seconds
2023-04-26T15:38:53.686+0530: 3287.102: Total time for which application threads were stopped: 0.0001326 seconds, Stopping threads took: 0.0000900 seconds
2023-04-26T15:38:53.686+0530: 3287.102: Total time for which application threads were stopped: 0.0000527 seconds, Stopping threads took: 0.0000111 seconds
2023-04-26T15:38:53.690+0530: 3287.107: Total time for which application threads were stopped: 0.0001494 seconds, Stopping threads took: 0.0000800 seconds
2023-04-26T15:38:53.691+0530: 3287.107: Total time for which application threads were stopped: 0.0000932 seconds, Stopping threads took: 0.0000396 seconds
2023-04-26T15:38:53.691+0530: 3287.107: Total time for which application threads were stopped: 0.0000376 seconds, Stopping threads took: 0.0000161 seconds
2023-04-26T15:38:53.691+0530: 3287.108: Total time for which application threads were stopped: 0.0000684 seconds, Stopping threads took: 0.0000240 seconds
2023-04-26T15:38:53.696+0530: 3287.112: Total time for which application threads were stopped: 0.0001284 seconds, Stopping threads took: 0.0000169 seconds
2023-04-26T15:38:53.697+0530: 3287.113: Total time for which application threads were stopped: 0.0001107 seconds, Stopping threads took: 0.0000744 seconds
2023-04-26T15:38:53.697+0530: 3287.113: Total time for which application threads were stopped: 0.0000493 seconds, Stopping threads took: 0.0000076 seconds
2023-04-26T15:38:53.697+0530: 3287.113: Total time for which application threads were stopped: 0.0000327 seconds, Stopping threads took: 0.0000098 seconds
2023-04-26T15:38:53.697+0530: 3287.113: Total time for which application threads were stopped: 0.0000365 seconds, Stopping threads took: 0.0000159 seconds
2023-04-26T15:38:53.697+0530: 3287.114: Total time for which application threads were stopped: 0.0000607 seconds, Stopping threads took: 0.0000255 seconds
2023-04-26T15:38:53.699+0530: 3287.116: Total time for which application threads were stopped: 0.0000542 seconds, Stopping threads took: 0.0000131 seconds
2023-04-26T15:38:53.699+0530: 3287.116: Total time for which application threads were stopped: 0.0000511 seconds, Stopping threads took: 0.0000217 seconds
2023-04-26T15:41:14.081+0530: 3427.497: Total time for which application threads were stopped: 0.0001234 seconds, Stopping threads took: 0.0000394 seconds
2023-04-26T15:41:14.081+0530: 3427.498: Total time for which application threads were stopped: 0.0001362 seconds, Stopping threads took: 0.0000095 seconds
2023-04-26T15:41:14.082+0530: 3427.498: Total time for which application threads were stopped: 0.0000664 seconds, Stopping threads took: 0.0000087 seconds
2023-04-26T15:41:14.082+0530: 3427.498: Total time for which application threads were stopped: 0.0000426 seconds, Stopping threads took: 0.0000072 seconds
2023-04-26T15:41:14.084+0530: 3427.500: Total time for which application threads were stopped: 0.0000855 seconds, Stopping threads took: 0.0000219 seconds
2023-04-26T15:41:14.085+0530: 3427.501: Total time for which application threads were stopped: 0.0000705 seconds, Stopping threads took: 0.0000168 seconds
2023-04-26T15:41:14.085+0530: 3427.501: Total time for which application threads were stopped: 0.0000449 seconds, Stopping threads took: 0.0000098 seconds
2023-04-26T15:41:14.085+0530: 3427.501: Total time for which application threads were stopped: 0.0000493 seconds, Stopping threads took: 0.0000114 seconds
2023-04-26T15:41:14.088+0530: 3427.505: Total time for which application threads were stopped: 0.0001556 seconds, Stopping threads took: 0.0001039 seconds
2023-04-26T15:41:14.089+0530: 3427.505: Total time for which application threads were stopped: 0.0001073 seconds, Stopping threads took: 0.0000652 seconds
2023-04-26T15:41:14.089+0530: 3427.505: Total time for which application threads were stopped: 0.0000520 seconds, Stopping threads took: 0.0000232 seconds
2023-04-26T15:41:14.089+0530: 3427.505: Total time for which application threads were stopped: 0.0000561 seconds, Stopping threads took: 0.0000269 seconds
2023-04-26T15:41:14.089+0530: 3427.506: Total time for which application threads were stopped: 0.0000400 seconds, Stopping threads took: 0.0000131 seconds
2023-04-26T15:41:14.096+0530: 3427.512: Total time for which application threads were stopped: 0.0001739 seconds, Stopping threads took: 0.0000798 seconds
2023-04-26T15:41:14.096+0530: 3427.512: Total time for which application threads were stopped: 0.0001863 seconds, Stopping threads took: 0.0001380 seconds
2023-04-26T15:41:14.096+0530: 3427.512: Total time for which application threads were stopped: 0.0000517 seconds, Stopping threads took: 0.0000226 seconds
2023-04-26T15:41:14.096+0530: 3427.512: Total time for which application threads were stopped: 0.0000404 seconds, Stopping threads took: 0.0000189 seconds
2023-04-26T15:41:14.096+0530: 3427.513: Total time for which application threads were stopped: 0.0000776 seconds, Stopping threads took: 0.0000208 seconds
2023-04-26T15:41:14.098+0530: 3427.514: Total time for which application threads were stopped: 0.0001567 seconds, Stopping threads took: 0.0000765 seconds
2023-04-26T15:41:14.098+0530: 3427.514: Total time for which application threads were stopped: 0.0000734 seconds, Stopping threads took: 0.0000115 seconds
2023-04-26T15:41:15.098+0530: 3428.515: Total time for which application threads were stopped: 0.0001004 seconds, Stopping threads took: 0.0000217 seconds
2023-04-26T15:42:37.509+0530: 3510.926: Total time for which application threads were stopped: 0.0001694 seconds, Stopping threads took: 0.0000517 seconds
2023-04-26T15:42:37.510+0530: 3510.926: Total time for which application threads were stopped: 0.0000895 seconds, Stopping threads took: 0.0000151 seconds
2023-04-26T15:42:37.510+0530: 3510.926: Total time for which application threads were stopped: 0.0000738 seconds, Stopping threads took: 0.0000126 seconds
2023-04-26T15:42:37.511+0530: 3510.927: Total time for which application threads were stopped: 0.0001334 seconds, Stopping threads took: 0.0000323 seconds
2023-04-26T15:42:37.514+0530: 3510.930: Total time for which application threads were stopped: 0.0001008 seconds, Stopping threads took: 0.0000271 seconds
2023-04-26T15:42:37.514+0530: 3510.931: Total time for which application threads were stopped: 0.0000990 seconds, Stopping threads took: 0.0000456 seconds
2023-04-26T15:42:37.515+0530: 3510.932: Total time for which application threads were stopped: 0.0000773 seconds, Stopping threads took: 0.0000176 seconds
2023-04-26T15:42:37.515+0530: 3510.932: Total time for which application threads were stopped: 0.0000845 seconds, Stopping threads took: 0.0000170 seconds
2023-04-26T15:42:37.516+0530: 3510.932: Total time for which application threads were stopped: 0.0000814 seconds, Stopping threads took: 0.0000241 seconds
2023-04-26T15:42:37.520+0530: 3510.936: Total time for which application threads were stopped: 0.0001102 seconds, Stopping threads took: 0.0000436 seconds
2023-04-26T15:42:37.520+0530: 3510.937: Total time for which application threads were stopped: 0.0000784 seconds, Stopping threads took: 0.0000187 seconds
2023-04-26T15:42:37.521+0530: 3510.937: Total time for which application threads were stopped: 0.0001457 seconds, Stopping threads took: 0.0000969 seconds
2023-04-26T15:42:37.521+0530: 3510.937: Total time for which application threads were stopped: 0.0000522 seconds, Stopping threads took: 0.0000136 seconds
2023-04-26T15:42:37.521+0530: 3510.938: Total time for which application threads were stopped: 0.0000863 seconds, Stopping threads took: 0.0000166 seconds
2023-04-26T15:42:37.529+0530: 3510.945: Total time for which application threads were stopped: 0.0000717 seconds, Stopping threads took: 0.0000182 seconds
2023-04-26T15:42:37.529+0530: 3510.946: Total time for which application threads were stopped: 0.0000755 seconds, Stopping threads took: 0.0000356 seconds
2023-04-26T15:42:37.529+0530: 3510.946: Total time for which application threads were stopped: 0.0000459 seconds, Stopping threads took: 0.0000176 seconds
2023-04-26T15:42:37.530+0530: 3510.946: Total time for which application threads were stopped: 0.0000387 seconds, Stopping threads took: 0.0000098 seconds
2023-04-26T15:42:37.530+0530: 3510.946: Total time for which application threads were stopped: 0.0000571 seconds, Stopping threads took: 0.0000237 seconds
2023-04-26T15:42:37.531+0530: 3510.947: Total time for which application threads were stopped: 0.0000435 seconds, Stopping threads took: 0.0000088 seconds
2023-04-26T15:42:37.531+0530: 3510.947: Total time for which application threads were stopped: 0.0000525 seconds, Stopping threads took: 0.0000083 seconds
2023-04-26T15:43:25.754+0530: 3558.751: Total time for which application threads were stopped: 0.0001394 seconds, Stopping threads took: 0.0000427 seconds
2023-04-26T15:43:25.754+0530: 3558.751: Total time for which application threads were stopped: 0.0000608 seconds, Stopping threads took: 0.0000122 seconds
2023-04-26T15:43:25.754+0530: 3558.752: Total time for which application threads were stopped: 0.0001725 seconds, Stopping threads took: 0.0000165 seconds
2023-04-26T15:43:25.757+0530: 3558.754: Total time for which application threads were stopped: 0.0002038 seconds, Stopping threads took: 0.0000297 seconds
2023-04-26T15:43:25.758+0530: 3558.755: Total time for which application threads were stopped: 0.0000773 seconds, Stopping threads took: 0.0000158 seconds
2023-04-26T15:43:25.758+0530: 3558.755: Total time for which application threads were stopped: 0.0000602 seconds, Stopping threads took: 0.0000114 seconds
2023-04-26T15:43:25.758+0530: 3558.756: Total time for which application threads were stopped: 0.0000673 seconds, Stopping threads took: 0.0000121 seconds
2023-04-26T15:43:25.762+0530: 3558.760: Total time for which application threads were stopped: 0.0001535 seconds, Stopping threads took: 0.0000775 seconds
2023-04-26T15:43:25.762+0530: 3558.760: Total time for which application threads were stopped: 0.0001059 seconds, Stopping threads took: 0.0000565 seconds
2023-04-26T15:43:25.762+0530: 3558.760: Total time for which application threads were stopped: 0.0000504 seconds, Stopping threads took: 0.0000139 seconds
2023-04-26T15:43:25.762+0530: 3558.760: Total time for which application threads were stopped: 0.0000353 seconds, Stopping threads took: 0.0000076 seconds
2023-04-26T15:43:25.763+0530: 3558.760: Total time for which application threads were stopped: 0.0000625 seconds, Stopping threads took: 0.0000260 seconds
2023-04-26T15:43:25.768+0530: 3558.765: Total time for which application threads were stopped: 0.0002965 seconds, Stopping threads took: 0.0002332 seconds
2023-04-26T15:43:25.768+0530: 3558.765: Total time for which application threads were stopped: 0.0000534 seconds, Stopping threads took: 0.0000144 seconds
2023-04-26T15:43:25.768+0530: 3558.766: Total time for which application threads were stopped: 0.0000327 seconds, Stopping threads took: 0.0000085 seconds
2023-04-26T15:43:25.768+0530: 3558.766: Total time for which application threads were stopped: 0.0000320 seconds, Stopping threads took: 0.0000088 seconds
2023-04-26T15:43:25.768+0530: 3558.766: Total time for which application threads were stopped: 0.0000359 seconds, Stopping threads took: 0.0000084 seconds
2023-04-26T15:43:25.769+0530: 3558.767: Total time for which application threads were stopped: 0.0000770 seconds, Stopping threads took: 0.0000190 seconds
2023-04-26T15:43:25.770+0530: 3558.767: Total time for which application threads were stopped: 0.0000648 seconds, Stopping threads took: 0.0000166 seconds
2023-04-26T15:43:25.770+0530: 3558.767: Total time for which application threads were stopped: 0.0000457 seconds, Stopping threads took: 0.0000114 seconds
2023-04-26T15:43:25.770+0530: 3558.767: Total time for which application threads were stopped: 0.0000283 seconds, Stopping threads took: 0.0000069 seconds
2023-04-26T15:43:25.770+0530: 3558.767: Total time for which application threads were stopped: 0.0000260 seconds, Stopping threads took: 0.0000063 seconds
2023-04-26T15:43:25.770+0530: 3558.768: Total time for which application threads were stopped: 0.0000370 seconds, Stopping threads took: 0.0000087 seconds
2023-04-26T15:43:25.772+0530: 3558.769: Total time for which application threads were stopped: 0.0000855 seconds, Stopping threads took: 0.0000214 seconds
2023-04-26T15:43:25.772+0530: 3558.769: Total time for which application threads were stopped: 0.0000898 seconds, Stopping threads took: 0.0000449 seconds
2023-04-26T15:43:25.772+0530: 3558.770: Total time for which application threads were stopped: 0.0000361 seconds, Stopping threads took: 0.0000094 seconds
2023-04-26T15:43:25.772+0530: 3558.770: Total time for which application threads were stopped: 0.0000786 seconds, Stopping threads took: 0.0000531 seconds
2023-04-26T15:43:25.773+0530: 3558.770: Total time for which application threads were stopped: 0.0000349 seconds, Stopping threads took: 0.0000081 seconds
2023-04-26T15:43:25.774+0530: 3558.771: Total time for which application threads were stopped: 0.0001015 seconds, Stopping threads took: 0.0000145 seconds
2023-04-26T15:43:58.648+0530: 3591.645: Total time for which application threads were stopped: 0.0001280 seconds, Stopping threads took: 0.0000428 seconds
2023-04-26T15:43:58.652+0530: 3591.650: Total time for which application threads were stopped: 0.0001242 seconds, Stopping threads took: 0.0000305 seconds
2023-04-26T15:43:58.657+0530: 3591.654: Total time for which application threads were stopped: 0.0000952 seconds, Stopping threads took: 0.0000356 seconds
2023-04-26T15:43:58.662+0530: 3591.660: Total time for which application threads were stopped: 0.0000995 seconds, Stopping threads took: 0.0000215 seconds
2023-04-26T15:43:58.664+0530: 3591.661: Total time for which application threads were stopped: 0.0000709 seconds, Stopping threads took: 0.0000151 seconds
2023-04-26T15:43:58.665+0530: 3591.663: Total time for which application threads were stopped: 0.0001089 seconds, Stopping threads took: 0.0000117 seconds
2023-04-26T15:48:08.638+0530: 3841.636: Total time for which application threads were stopped: 0.0002073 seconds, Stopping threads took: 0.0000850 seconds
2023-04-26T15:48:08.643+0530: 3841.641: Total time for which application threads were stopped: 0.0001256 seconds, Stopping threads took: 0.0000208 seconds
2023-04-26T15:48:08.648+0530: 3841.645: Total time for which application threads were stopped: 0.0000756 seconds, Stopping threads took: 0.0000157 seconds
2023-04-26T15:48:08.653+0530: 3841.651: Total time for which application threads were stopped: 0.0000791 seconds, Stopping threads took: 0.0000211 seconds
2023-04-26T15:48:08.655+0530: 3841.653: Total time for which application threads were stopped: 0.0000691 seconds, Stopping threads took: 0.0000150 seconds
2023-04-26T15:48:08.658+0530: 3841.656: Total time for which application threads were stopped: 0.0000994 seconds, Stopping threads took: 0.0000148 seconds
2023-04-26T15:48:33.659+0530: 3866.656: Total time for which application threads were stopped: 0.0001859 seconds, Stopping threads took: 0.0000569 seconds
2023-04-26T15:48:33.664+0530: 3866.662: Total time for which application threads were stopped: 0.0002163 seconds, Stopping threads took: 0.0001183 seconds
2023-04-26T15:48:33.670+0530: 3866.668: Total time for which application threads were stopped: 0.0001290 seconds, Stopping threads took: 0.0000257 seconds
2023-04-26T15:48:33.676+0530: 3866.673: Total time for which application threads were stopped: 0.0001392 seconds, Stopping threads took: 0.0000842 seconds
2023-04-26T15:48:33.677+0530: 3866.675: Total time for which application threads were stopped: 0.0000644 seconds, Stopping threads took: 0.0000170 seconds
2023-04-26T15:48:33.679+0530: 3866.676: Total time for which application threads were stopped: 0.0000506 seconds, Stopping threads took: 0.0000110 seconds
2023-04-26T15:49:09.073+0530: 3902.070: Total time for which application threads were stopped: 0.0001664 seconds, Stopping threads took: 0.0000563 seconds
2023-04-26T15:49:09.076+0530: 3902.074: Total time for which application threads were stopped: 0.0001060 seconds, Stopping threads took: 0.0000191 seconds
2023-04-26T15:49:09.082+0530: 3902.079: Total time for which application threads were stopped: 0.0000954 seconds, Stopping threads took: 0.0000254 seconds
2023-04-26T15:49:09.086+0530: 3902.084: Total time for which application threads were stopped: 0.0001659 seconds, Stopping threads took: 0.0000226 seconds
2023-04-26T15:49:09.088+0530: 3902.085: Total time for which application threads were stopped: 0.0000764 seconds, Stopping threads took: 0.0000182 seconds
2023-04-26T15:49:09.089+0530: 3902.087: Total time for which application threads were stopped: 0.0000920 seconds, Stopping threads took: 0.0000245 seconds
2023-04-26T15:49:09.091+0530: 3902.088: Total time for which application threads were stopped: 0.0000755 seconds, Stopping threads took: 0.0000207 seconds
2023-04-26T15:49:28.025+0530: 3921.022: Total time for which application threads were stopped: 0.0001084 seconds, Stopping threads took: 0.0000225 seconds
2023-04-26T15:49:28.028+0530: 3921.026: Total time for which application threads were stopped: 0.0001958 seconds, Stopping threads took: 0.0000263 seconds
2023-04-26T15:49:28.034+0530: 3921.031: Total time for which application threads were stopped: 0.0000721 seconds, Stopping threads took: 0.0000149 seconds
2023-04-26T15:49:28.039+0530: 3921.036: Total time for which application threads were stopped: 0.0000658 seconds, Stopping threads took: 0.0000170 seconds
2023-04-26T15:49:28.040+0530: 3921.038: Total time for which application threads were stopped: 0.0000664 seconds, Stopping threads took: 0.0000170 seconds
2023-04-26T15:49:28.042+0530: 3921.039: Total time for which application threads were stopped: 0.0002605 seconds, Stopping threads took: 0.0001450 seconds
2023-04-26T15:49:37.011+0530: 3930.008: Total time for which application threads were stopped: 0.0001805 seconds, Stopping threads took: 0.0000503 seconds
2023-04-26T15:49:37.015+0530: 3930.012: Total time for which application threads were stopped: 0.0001069 seconds, Stopping threads took: 0.0000292 seconds
2023-04-26T15:49:37.019+0530: 3930.017: Total time for which application threads were stopped: 0.0000842 seconds, Stopping threads took: 0.0000193 seconds
2023-04-26T15:49:37.026+0530: 3930.023: Total time for which application threads were stopped: 0.0000868 seconds, Stopping threads took: 0.0000229 seconds
2023-04-26T15:49:37.027+0530: 3930.025: Total time for which application threads were stopped: 0.0000837 seconds, Stopping threads took: 0.0000222 seconds
2023-04-26T15:49:37.029+0530: 3930.027: Total time for which application threads were stopped: 0.0000667 seconds, Stopping threads took: 0.0000186 seconds
2023-04-26T15:50:31.919+0530: 3984.916: Total time for which application threads were stopped: 0.0001179 seconds, Stopping threads took: 0.0000344 seconds
2023-04-26T15:50:31.922+0530: 3984.920: Total time for which application threads were stopped: 0.0001029 seconds, Stopping threads took: 0.0000254 seconds
2023-04-26T15:50:31.927+0530: 3984.924: Total time for which application threads were stopped: 0.0000926 seconds, Stopping threads took: 0.0000262 seconds
2023-04-26T15:50:31.932+0530: 3984.930: Total time for which application threads were stopped: 0.0000708 seconds, Stopping threads took: 0.0000155 seconds
2023-04-26T15:50:31.934+0530: 3984.931: Total time for which application threads were stopped: 0.0001010 seconds, Stopping threads took: 0.0000207 seconds
2023-04-26T15:50:31.935+0530: 3984.933: Total time for which application threads were stopped: 0.0000705 seconds, Stopping threads took: 0.0000142 seconds
2023-04-26T15:50:50.925+0530: 4003.923: Total time for which application threads were stopped: 0.0001497 seconds, Stopping threads took: 0.0000299 seconds
2023-04-26T15:50:50.929+0530: 4003.927: Total time for which application threads were stopped: 0.0000993 seconds, Stopping threads took: 0.0000223 seconds
2023-04-26T15:50:50.935+0530: 4003.932: Total time for which application threads were stopped: 0.0001466 seconds, Stopping threads took: 0.0000812 seconds
2023-04-26T15:50:50.942+0530: 4003.940: Total time for which application threads were stopped: 0.0000919 seconds, Stopping threads took: 0.0000213 seconds
2023-04-26T15:50:50.944+0530: 4003.941: Total time for which application threads were stopped: 0.0000981 seconds, Stopping threads took: 0.0000192 seconds
2023-04-26T15:50:50.945+0530: 4003.943: Total time for which application threads were stopped: 0.0000716 seconds, Stopping threads took: 0.0000192 seconds
2023-04-26T15:50:51.945+0530: 4004.943: Total time for which application threads were stopped: 0.0000939 seconds, Stopping threads took: 0.0000233 seconds
2023-04-26T15:51:04.363+0530: 4017.360: Total time for which application threads were stopped: 0.0001473 seconds, Stopping threads took: 0.0000433 seconds
2023-04-26T15:51:04.367+0530: 4017.365: Total time for which application threads were stopped: 0.0001195 seconds, Stopping threads took: 0.0000274 seconds
2023-04-26T15:51:04.373+0530: 4017.370: Total time for which application threads