OpenJDK 64-Bit Server VM (25.362-b09) for linux-amd64 JRE (1.8.0_362-8u362-ga-0ubuntu1~22.04-b09), built on Jan 24 2023 19:02:58 by "buildd" with gcc 11.3.0
Memory: 4k page, physical 32636936k(24560456k free), swap 2097148k(2097148k free)
CommandLine flags: -XX:CMSInitiatingOccupancyFraction=50 -XX:CMSMaxAbortablePrecleanTime=6000 -XX:+CMSParallelRemarkEnabled -XX:+CMSScavengeBeforeRemark -XX:ConcGCThreads=4 -XX:InitialHeapSize=536870912 -XX:MaxHeapSize=536870912 -XX:MaxTenuringThreshold=8 -XX:NewRatio=3 -XX:OldPLABSize=16 -XX:ParallelGCThreads=4 -XX:+ParallelRefProcEnabled -XX:PretenureSizeThreshold=67108864 -XX:+PrintGC -XX:+PrintGCApplicationStoppedTime -XX:+PrintGCDateStamps -XX:+PrintGCDetails -XX:+PrintGCTimeStamps -XX:+PrintHeapAtGC -XX:+PrintTenuringDistribution -XX:SurvivorRatio=4 -XX:TargetSurvivorRatio=90 -XX:ThreadStackSize=256 -XX:+UseCMSInitiatingOccupancyOnly -XX:+UseCompressedClassPointers -XX:+UseCompressedOops -XX:+UseConcMarkSweepGC -XX:+UseParNewGC 
2023-04-14T18:34:33.665+0530: 0.098: Total time for which application threads were stopped: 0.0000686 seconds, Stopping threads took: 0.0000115 seconds
2023-04-14T18:34:33.757+0530: 0.190: Total time for which application threads were stopped: 0.0001075 seconds, Stopping threads took: 0.0000095 seconds
2023-04-14T18:34:33.800+0530: 0.233: Total time for which application threads were stopped: 0.0000931 seconds, Stopping threads took: 0.0000098 seconds
2023-04-14T18:34:33.842+0530: 0.275: Total time for which application threads were stopped: 0.0001104 seconds, Stopping threads took: 0.0000109 seconds
2023-04-14T18:34:33.868+0530: 0.301: Total time for which application threads were stopped: 0.0001267 seconds, Stopping threads took: 0.0000121 seconds
2023-04-14T18:34:33.874+0530: 0.308: Total time for which application threads were stopped: 0.0001366 seconds, Stopping threads took: 0.0000148 seconds
2023-04-14T18:34:33.880+0530: 0.313: Total time for which application threads were stopped: 0.0001301 seconds, Stopping threads took: 0.0000155 seconds
{Heap before GC invocations=0 (full 0):
 par new generation   total 109248K, used 87424K [0x00000000e0000000, 0x00000000e8000000, 0x00000000e8000000)
  eden space 87424K, 100% used [0x00000000e0000000, 0x00000000e5560000, 0x00000000e5560000)
  from space 21824K,   0% used [0x00000000e5560000, 0x00000000e5560000, 0x00000000e6ab0000)
  to   space 21824K,   0% used [0x00000000e6ab0000, 0x00000000e6ab0000, 0x00000000e8000000)
 concurrent mark-sweep generation total 393216K, used 0K [0x00000000e8000000, 0x0000000100000000, 0x0000000100000000)
 Metaspace       used 10239K, capacity 10392K, committed 10496K, reserved 1058816K
  class space    used 1165K, capacity 1208K, committed 1280K, reserved 1048576K
2023-04-14T18:34:33.990+0530: 0.423: [GC (Allocation Failure) 2023-04-14T18:34:33.990+0530: 0.423: [ParNew
Desired survivor size 20112992 bytes, new threshold 8 (max 8)
- age   1:    5751160 bytes,    5751160 total
: 87424K->5671K(109248K), 0.0040652 secs] 87424K->5671K(502464K), 0.0041356 secs] [Times: user=0.01 sys=0.01, real=0.00 secs] 
Heap after GC invocations=1 (full 0):
 par new generation   total 109248K, used 5671K [0x00000000e0000000, 0x00000000e8000000, 0x00000000e8000000)
  eden space 87424K,   0% used [0x00000000e0000000, 0x00000000e0000000, 0x00000000e5560000)
  from space 21824K,  25% used [0x00000000e6ab0000, 0x00000000e7039c28, 0x00000000e8000000)
  to   space 21824K,   0% used [0x00000000e5560000, 0x00000000e5560000, 0x00000000e6ab0000)
 concurrent mark-sweep generation total 393216K, used 0K [0x00000000e8000000, 0x0000000100000000, 0x0000000100000000)
 Metaspace       used 10239K, capacity 10392K, committed 10496K, reserved 1058816K
  class space    used 1165K, capacity 1208K, committed 1280K, reserved 1048576K
}
2023-04-14T18:34:33.994+0530: 0.427: Total time for which application threads were stopped: 0.0042512 seconds, Stopping threads took: 0.0000144 seconds
2023-04-14T18:34:34.025+0530: 0.458: Total time for which application threads were stopped: 0.0001661 seconds, Stopping threads took: 0.0000153 seconds
2023-04-14T18:34:34.046+0530: 0.479: Total time for which application threads were stopped: 0.0001497 seconds, Stopping threads took: 0.0000117 seconds
2023-04-14T18:34:34.116+0530: 0.549: Total time for which application threads were stopped: 0.0001998 seconds, Stopping threads took: 0.0000145 seconds
2023-04-14T18:34:34.138+0530: 0.571: Total time for which application threads were stopped: 0.0001816 seconds, Stopping threads took: 0.0000128 seconds
2023-04-14T18:34:34.161+0530: 0.594: Total time for which application threads were stopped: 0.0001900 seconds, Stopping threads took: 0.0000148 seconds
2023-04-14T18:34:34.162+0530: 0.595: Total time for which application threads were stopped: 0.0001290 seconds, Stopping threads took: 0.0000088 seconds
2023-04-14T18:34:34.196+0530: 0.629: Total time for which application threads were stopped: 0.0001992 seconds, Stopping threads took: 0.0000149 seconds
2023-04-14T18:34:34.239+0530: 0.672: Total time for which application threads were stopped: 0.0003130 seconds, Stopping threads took: 0.0001287 seconds
{Heap before GC invocations=1 (full 0):
 par new generation   total 109248K, used 93095K [0x00000000e0000000, 0x00000000e8000000, 0x00000000e8000000)
  eden space 87424K, 100% used [0x00000000e0000000, 0x00000000e5560000, 0x00000000e5560000)
  from space 21824K,  25% used [0x00000000e6ab0000, 0x00000000e7039c28, 0x00000000e8000000)
  to   space 21824K,   0% used [0x00000000e5560000, 0x00000000e5560000, 0x00000000e6ab0000)
 concurrent mark-sweep generation total 393216K, used 0K [0x00000000e8000000, 0x0000000100000000, 0x0000000100000000)
 Metaspace       used 19992K, capacity 20372K, committed 20736K, reserved 1067008K
  class space    used 2336K, capacity 2488K, committed 2560K, reserved 1048576K
2023-04-14T18:34:34.365+0530: 0.799: [GC (Allocation Failure) 2023-04-14T18:34:34.366+0530: 0.799: [ParNew
Desired survivor size 20112992 bytes, new threshold 8 (max 8)
- age   1:    9582624 bytes,    9582624 total
- age   2:    2531744 bytes,   12114368 total
: 93095K->13220K(109248K), 0.0052003 secs] 93095K->13220K(502464K), 0.0052615 secs] [Times: user=0.02 sys=0.01, real=0.00 secs] 
Heap after GC invocations=2 (full 0):
 par new generation   total 109248K, used 13220K [0x00000000e0000000, 0x00000000e8000000, 0x00000000e8000000)
  eden space 87424K,   0% used [0x00000000e0000000, 0x00000000e0000000, 0x00000000e5560000)
  from space 21824K,  60% used [0x00000000e5560000, 0x00000000e62491f0, 0x00000000e6ab0000)
  to   space 21824K,   0% used [0x00000000e6ab0000, 0x00000000e6ab0000, 0x00000000e8000000)
 concurrent mark-sweep generation total 393216K, used 0K [0x00000000e8000000, 0x0000000100000000, 0x0000000100000000)
 Metaspace       used 19992K, capacity 20372K, committed 20736K, reserved 1067008K
  class space    used 2336K, capacity 2488K, committed 2560K, reserved 1048576K
}
2023-04-14T18:34:34.371+0530: 0.804: Total time for which application threads were stopped: 0.0054947 seconds, Stopping threads took: 0.0001004 seconds
2023-04-14T18:34:34.433+0530: 0.867: Total time for which application threads were stopped: 0.0002642 seconds, Stopping threads took: 0.0000153 seconds
2023-04-14T18:34:34.457+0530: 0.890: Total time for which application threads were stopped: 0.0002524 seconds, Stopping threads took: 0.0000162 seconds
2023-04-14T18:34:34.473+0530: 0.906: Total time for which application threads were stopped: 0.0002355 seconds, Stopping threads took: 0.0000140 seconds
2023-04-14T18:34:34.489+0530: 0.922: Total time for which application threads were stopped: 0.0001508 seconds, Stopping threads took: 0.0000875 seconds
2023-04-14T18:34:34.527+0530: 0.960: Total time for which application threads were stopped: 0.0001292 seconds, Stopping threads took: 0.0000365 seconds
{Heap before GC invocations=2 (full 0):
 par new generation   total 109248K, used 100644K [0x00000000e0000000, 0x00000000e8000000, 0x00000000e8000000)
  eden space 87424K, 100% used [0x00000000e0000000, 0x00000000e5560000, 0x00000000e5560000)
  from space 21824K,  60% used [0x00000000e5560000, 0x00000000e62491f0, 0x00000000e6ab0000)
  to   space 21824K,   0% used [0x00000000e6ab0000, 0x00000000e6ab0000, 0x00000000e8000000)
 concurrent mark-sweep generation total 393216K, used 0K [0x00000000e8000000, 0x0000000100000000, 0x0000000100000000)
 Metaspace       used 21356K, capacity 21716K, committed 21884K, reserved 1069056K
  class space    used 2486K, capacity 2616K, committed 2684K, reserved 1048576K
2023-04-14T18:34:34.543+0530: 0.976: [GC (Allocation Failure) 2023-04-14T18:34:34.543+0530: 0.976: [ParNew
Desired survivor size 20112992 bytes, new threshold 8 (max 8)
- age   1:    2499864 bytes,    2499864 total
- age   2:    4370400 bytes,    6870264 total
- age   3:    2497824 bytes,    9368088 total
: 100644K->14725K(109248K), 0.0063458 secs] 100644K->14725K(502464K), 0.0064147 secs] [Times: user=0.04 sys=0.00, real=0.00 secs] 
Heap after GC invocations=3 (full 0):
 par new generation   total 109248K, used 14725K [0x00000000e0000000, 0x00000000e8000000, 0x00000000e8000000)
  eden space 87424K,   0% used [0x00000000e0000000, 0x00000000e0000000, 0x00000000e5560000)
  from space 21824K,  67% used [0x00000000e6ab0000, 0x00000000e7911720, 0x00000000e8000000)
  to   space 21824K,   0% used [0x00000000e5560000, 0x00000000e5560000, 0x00000000e6ab0000)
 concurrent mark-sweep generation total 393216K, used 0K [0x00000000e8000000, 0x0000000100000000, 0x0000000100000000)
 Metaspace       used 21356K, capacity 21716K, committed 21884K, reserved 1069056K
  class space    used 2486K, capacity 2616K, committed 2684K, reserved 1048576K
}
2023-04-14T18:34:34.550+0530: 0.983: Total time for which application threads were stopped: 0.0065439 seconds, Stopping threads took: 0.0000357 seconds
2023-04-14T18:34:34.550+0530: 0.983: [GC (CMS Initial Mark) [1 CMS-initial-mark: 0K(393216K)] 15313K(502464K), 0.0017393 secs] [Times: user=0.01 sys=0.00, real=0.00 secs] 
2023-04-14T18:34:34.551+0530: 0.985: Total time for which application threads were stopped: 0.0018428 seconds, Stopping threads took: 0.0000501 seconds
2023-04-14T18:34:34.552+0530: 0.985: [CMS-concurrent-mark-start]
2023-04-14T18:34:34.552+0530: 0.985: [CMS-concurrent-mark: 0.001/0.001 secs] [Times: user=0.00 sys=0.00, real=0.00 secs] 
2023-04-14T18:34:34.552+0530: 0.985: [CMS-concurrent-preclean-start]
2023-04-14T18:34:34.553+0530: 0.986: [CMS-concurrent-preclean: 0.001/0.001 secs] [Times: user=0.00 sys=0.00, real=0.00 secs] 
2023-04-14T18:34:34.553+0530: 0.986: [CMS-concurrent-abortable-preclean-start]
2023-04-14T18:34:34.567+0530: 1.000: Total time for which application threads were stopped: 0.0000944 seconds, Stopping threads took: 0.0000343 seconds
2023-04-14T18:34:34.583+0530: 1.016: Total time for which application threads were stopped: 0.0001289 seconds, Stopping threads took: 0.0000753 seconds
{Heap before GC invocations=3 (full 1):
 par new generation   total 109248K, used 102149K [0x00000000e0000000, 0x00000000e8000000, 0x00000000e8000000)
  eden space 87424K, 100% used [0x00000000e0000000, 0x00000000e5560000, 0x00000000e5560000)
  from space 21824K,  67% used [0x00000000e6ab0000, 0x00000000e7911720, 0x00000000e8000000)
  to   space 21824K,   0% used [0x00000000e5560000, 0x00000000e5560000, 0x00000000e6ab0000)
 concurrent mark-sweep generation total 393216K, used 0K [0x00000000e8000000, 0x0000000100000000, 0x0000000100000000)
 Metaspace       used 22175K, capacity 22464K, committed 22624K, reserved 1069056K
  class space    used 2589K, capacity 2714K, committed 2760K, reserved 1048576K
2023-04-14T18:34:34.610+0530: 1.043: [GC (Allocation Failure) 2023-04-14T18:34:34.610+0530: 1.043: [ParNew
Desired survivor size 20112992 bytes, new threshold 8 (max 8)
- age   1:    1226568 bytes,    1226568 total
- age   2:    1525632 bytes,    2752200 total
- age   3:    4337024 bytes,    7089224 total
- age   4:    2497528 bytes,    9586752 total
: 102149K->11853K(109248K), 0.0052415 secs] 102149K->11853K(502464K), 0.0052877 secs] [Times: user=0.03 sys=0.00, real=0.00 secs] 
Heap after GC invocations=4 (full 1):
 par new generation   total 109248K, used 11853K [0x00000000e0000000, 0x00000000e8000000, 0x00000000e8000000)
  eden space 87424K,   0% used [0x00000000e0000000, 0x00000000e0000000, 0x00000000e5560000)
  from space 21824K,  54% used [0x00000000e5560000, 0x00000000e60f35c0, 0x00000000e6ab0000)
  to   space 21824K,   0% used [0x00000000e6ab0000, 0x00000000e6ab0000, 0x00000000e8000000)
 concurrent mark-sweep generation total 393216K, used 0K [0x00000000e8000000, 0x0000000100000000, 0x0000000100000000)
 Metaspace       used 22175K, capacity 22464K, committed 22624K, reserved 1069056K
  class space    used 2589K, capacity 2714K, committed 2760K, reserved 1048576K
}
2023-04-14T18:34:34.615+0530: 1.048: Total time for which application threads were stopped: 0.0054119 seconds, Stopping threads took: 0.0000352 seconds
2023-04-14T18:34:34.615+0530: 1.048: [CMS-concurrent-abortable-preclean: 0.031/0.062 secs] [Times: user=0.36 sys=0.00, real=0.06 secs] 
2023-04-14T18:34:34.615+0530: 1.048: [GC (CMS Final Remark) [YG occupancy: 12521 K (109248 K)]{Heap before GC invocations=4 (full 1):
 par new generation   total 109248K, used 12521K [0x00000000e0000000, 0x00000000e8000000, 0x00000000e8000000)
  eden space 87424K,   0% used [0x00000000e0000000, 0x00000000e00a6e70, 0x00000000e5560000)
  from space 21824K,  54% used [0x00000000e5560000, 0x00000000e60f35c0, 0x00000000e6ab0000)
  to   space 21824K,   0% used [0x00000000e6ab0000, 0x00000000e6ab0000, 0x00000000e8000000)
 concurrent mark-sweep generation total 393216K, used 0K [0x00000000e8000000, 0x0000000100000000, 0x0000000100000000)
 Metaspace       used 22175K, capacity 22464K, committed 22624K, reserved 1069056K
  class space    used 2589K, capacity 2714K, committed 2760K, reserved 1048576K
2023-04-14T18:34:34.615+0530: 1.048: [GC (CMS Final Remark) 2023-04-14T18:34:34.615+0530: 1.048: [ParNew
Desired survivor size 20112992 bytes, new threshold 8 (max 8)
- age   1:       9272 bytes,       9272 total
- age   2:    1159480 bytes,    1168752 total
- age   3:    1525672 bytes,    2694424 total
- age   4:    4337000 bytes,    7031424 total
- age   5:    2497504 bytes,    9528928 total
: 12521K->14362K(109248K), 0.0049898 secs] 12521K->14362K(502464K), 0.0050174 secs] [Times: user=0.01 sys=0.00, real=0.00 secs] 
Heap after GC invocations=5 (full 1):
 par new generation   total 109248K, used 14362K [0x00000000e0000000, 0x00000000e8000000, 0x00000000e8000000)
  eden space 87424K,   0% used [0x00000000e0000000, 0x00000000e0000000, 0x00000000e5560000)
  from space 21824K,  65% used [0x00000000e6ab0000, 0x00000000e78b6820, 0x00000000e8000000)
  to   space 21824K,   0% used [0x00000000e5560000, 0x00000000e5560000, 0x00000000e6ab0000)
 concurrent mark-sweep generation total 393216K, used 0K [0x00000000e8000000, 0x0000000100000000, 0x0000000100000000)
 Metaspace       used 22175K, capacity 22464K, committed 22624K, reserved 1069056K
  class space    used 2589K, capacity 2714K, committed 2760K, reserved 1048576K
}
2023-04-14T18:34:34.620+0530: 1.053: [Rescan (parallel) , 0.0022304 secs]2023-04-14T18:34:34.622+0530: 1.055: [weak refs processing, 0.0002934 secs]2023-04-14T18:34:34.623+0530: 1.056: [class unloading, 0.0023329 secs]2023-04-14T18:34:34.625+0530: 1.058: [scrub symbol table, 0.0016198 secs]2023-04-14T18:34:34.627+0530: 1.060: [scrub string table, 0.0002854 secs][1 CMS-remark: 0K(393216K)] 14362K(502464K), 0.0123727 secs] [Times: user=0.03 sys=0.00, real=0.02 secs] 
2023-04-14T18:34:34.627+0530: 1.061: Total time for which application threads were stopped: 0.0124614 seconds, Stopping threads took: 0.0000377 seconds
2023-04-14T18:34:34.627+0530: 1.061: [CMS-concurrent-sweep-start]
2023-04-14T18:34:34.628+0530: 1.061: [CMS-concurrent-sweep: 0.000/0.000 secs] [Times: user=0.00 sys=0.00, real=0.00 secs] 
2023-04-14T18:34:34.628+0530: 1.061: [CMS-concurrent-reset-start]
2023-04-14T18:34:34.630+0530: 1.063: [CMS-concurrent-reset: 0.002/0.002 secs] [Times: user=0.00 sys=0.00, real=0.00 secs] 
{Heap before GC invocations=5 (full 1):
 par new generation   total 109248K, used 101786K [0x00000000e0000000, 0x00000000e8000000, 0x00000000e8000000)
  eden space 87424K, 100% used [0x00000000e0000000, 0x00000000e5560000, 0x00000000e5560000)
  from space 21824K,  65% used [0x00000000e6ab0000, 0x00000000e78b6820, 0x00000000e8000000)
  to   space 21824K,   0% used [0x00000000e5560000, 0x00000000e5560000, 0x00000000e6ab0000)
 concurrent mark-sweep generation total 393216K, used 0K [0x00000000e8000000, 0x0000000100000000, 0x0000000100000000)
 Metaspace       used 22241K, capacity 22648K, committed 22880K, reserved 1069056K
  class space    used 2600K, capacity 2750K, committed 2760K, reserved 1048576K
2023-04-14T18:34:34.664+0530: 1.097: [GC (Allocation Failure) 2023-04-14T18:34:34.664+0530: 1.097: [ParNew
Desired survivor size 20112992 bytes, new threshold 8 (max 8)
- age   1:     818424 bytes,     818424 total
- age   3:     138912 bytes,     957336 total
- age   4:    1523424 bytes,    2480760 total
- age   5:    4333240 bytes,    6814000 total
- age   6:    2497528 bytes,    9311528 total
: 101786K->10945K(109248K), 0.0049430 secs] 101786K->10945K(502464K), 0.0050214 secs] [Times: user=0.01 sys=0.00, real=0.00 secs] 
Heap after GC invocations=6 (full 1):
 par new generation   total 109248K, used 10945K [0x00000000e0000000, 0x00000000e8000000, 0x00000000e8000000)
  eden space 87424K,   0% used [0x00000000e0000000, 0x00000000e0000000, 0x00000000e5560000)
  from space 21824K,  50% used [0x00000000e5560000, 0x00000000e60104f0, 0x00000000e6ab0000)
  to   space 21824K,   0% used [0x00000000e6ab0000, 0x00000000e6ab0000, 0x00000000e8000000)
 concurrent mark-sweep generation total 393216K, used 0K [0x00000000e8000000, 0x0000000100000000, 0x0000000100000000)
 Metaspace       used 22241K, capacity 22648K, committed 22880K, reserved 1069056K
  class space    used 2600K, capacity 2750K, committed 2760K, reserved 1048576K
}
2023-04-14T18:34:34.669+0530: 1.102: Total time for which application threads were stopped: 0.0051591 seconds, Stopping threads took: 0.0000279 seconds
{Heap before GC invocations=6 (full 1):
 par new generation   total 109248K, used 98369K [0x00000000e0000000, 0x00000000e8000000, 0x00000000e8000000)
  eden space 87424K, 100% used [0x00000000e0000000, 0x00000000e5560000, 0x00000000e5560000)
  from space 21824K,  50% used [0x00000000e5560000, 0x00000000e60104f0, 0x00000000e6ab0000)
  to   space 21824K,   0% used [0x00000000e6ab0000, 0x00000000e6ab0000, 0x00000000e8000000)
 concurrent mark-sweep generation total 393216K, used 0K [0x00000000e8000000, 0x0000000100000000, 0x0000000100000000)
 Metaspace       used 22686K, capacity 23072K, committed 23264K, reserved 1069056K
  class space    used 2655K, capacity 2784K, committed 2888K, reserved 1048576K
2023-04-14T18:34:34.724+0530: 1.157: [GC (Allocation Failure) 2023-04-14T18:34:34.724+0530: 1.157: [ParNew
Desired survivor size 20112992 bytes, new threshold 8 (max 8)
- age   1:     823472 bytes,     823472 total
- age   2:     107216 bytes,     930688 total
- age   4:     137448 bytes,    1068136 total
- age   5:    1523080 bytes,    2591216 total
- age   6:    4330576 bytes,    6921792 total
- age   7:    2499208 bytes,    9421000 total
: 98369K->11871K(109248K), 0.0045050 secs] 98369K->11871K(502464K), 0.0045528 secs] [Times: user=0.02 sys=0.00, real=0.00 secs] 
Heap after GC invocations=7 (full 1):
 par new generation   total 109248K, used 11871K [0x00000000e0000000, 0x00000000e8000000, 0x00000000e8000000)
  eden space 87424K,   0% used [0x00000000e0000000, 0x00000000e0000000, 0x00000000e5560000)
  from space 21824K,  54% used [0x00000000e6ab0000, 0x00000000e7647f00, 0x00000000e8000000)
  to   space 21824K,   0% used [0x00000000e5560000, 0x00000000e5560000, 0x00000000e6ab0000)
 concurrent mark-sweep generation total 393216K, used 0K [0x00000000e8000000, 0x0000000100000000, 0x0000000100000000)
 Metaspace       used 22686K, capacity 23072K, committed 23264K, reserved 1069056K
  class space    used 2655K, capacity 2784K, committed 2888K, reserved 1048576K
}
2023-04-14T18:34:34.728+0530: 1.161: Total time for which application threads were stopped: 0.0047288 seconds, Stopping threads took: 0.0000634 seconds
2023-04-14T18:34:34.740+0530: 1.173: Total time for which application threads were stopped: 0.0002605 seconds, Stopping threads took: 0.0000152 seconds
2023-04-14T18:34:34.839+0530: 1.272: Total time for which application threads were stopped: 0.0003188 seconds, Stopping threads took: 0.0000170 seconds
2023-04-14T18:34:34.846+0530: 1.279: Total time for which application threads were stopped: 0.0002816 seconds, Stopping threads took: 0.0000166 seconds
{Heap before GC invocations=7 (full 1):
 par new generation   total 109248K, used 99295K [0x00000000e0000000, 0x00000000e8000000, 0x00000000e8000000)
  eden space 87424K, 100% used [0x00000000e0000000, 0x00000000e5560000, 0x00000000e5560000)
  from space 21824K,  54% used [0x00000000e6ab0000, 0x00000000e7647f00, 0x00000000e8000000)
  to   space 21824K,   0% used [0x00000000e5560000, 0x00000000e5560000, 0x00000000e6ab0000)
 concurrent mark-sweep generation total 393216K, used 0K [0x00000000e8000000, 0x0000000100000000, 0x0000000100000000)
 Metaspace       used 26987K, capacity 27378K, committed 27720K, reserved 1073152K
  class space    used 3157K, capacity 3303K, committed 3400K, reserved 1048576K
2023-04-14T18:34:35.000+0530: 1.433: [GC (Allocation Failure) 2023-04-14T18:34:35.000+0530: 1.433: [ParNew
Desired survivor size 20112992 bytes, new threshold 8 (max 8)
- age   1:    9083408 bytes,    9083408 total
- age   2:     200816 bytes,    9284224 total
- age   3:     107216 bytes,    9391440 total
- age   5:     131656 bytes,    9523096 total
- age   6:     306256 bytes,    9829352 total
- age   7:    4319144 bytes,   14148496 total
- age   8:    2497336 bytes,   16645832 total
: 99295K->18997K(109248K), 0.0089786 secs] 99295K->18997K(502464K), 0.0090467 secs] [Times: user=0.04 sys=0.00, real=0.01 secs] 
Heap after GC invocations=8 (full 1):
 par new generation   total 109248K, used 18997K [0x00000000e0000000, 0x00000000e8000000, 0x00000000e8000000)
  eden space 87424K,   0% used [0x00000000e0000000, 0x00000000e0000000, 0x00000000e5560000)
  from space 21824K,  87% used [0x00000000e5560000, 0x00000000e67ed4f0, 0x00000000e6ab0000)
  to   space 21824K,   0% used [0x00000000e6ab0000, 0x00000000e6ab0000, 0x00000000e8000000)
 concurrent mark-sweep generation total 393216K, used 0K [0x00000000e8000000, 0x0000000100000000, 0x0000000100000000)
 Metaspace       used 26987K, capacity 27378K, committed 27720K, reserved 1073152K
  class space    used 3157K, capacity 3303K, committed 3400K, reserved 1048576K
}
2023-04-14T18:34:35.009+0530: 1.442: Total time for which application threads were stopped: 0.0093410 seconds, Stopping threads took: 0.0001425 seconds
2023-04-14T18:34:35.028+0530: 1.461: Total time for which application threads were stopped: 0.0004192 seconds, Stopping threads took: 0.0000914 seconds
2023-04-14T18:34:35.033+0530: 1.467: Total time for which application threads were stopped: 0.0003218 seconds, Stopping threads took: 0.0000158 seconds
2023-04-14T18:34:35.586+0530: 2.019: Total time for which application threads were stopped: 0.0020958 seconds, Stopping threads took: 0.0004240 seconds
2023-04-14T18:34:35.706+0530: 2.139: Total time for which application threads were stopped: 0.0003144 seconds, Stopping threads took: 0.0000166 seconds
2023-04-14T18:34:35.707+0530: 2.140: Total time for which application threads were stopped: 0.0002882 seconds, Stopping threads took: 0.0000113 seconds
2023-04-14T18:34:36.707+0530: 3.140: Total time for which application threads were stopped: 0.0001951 seconds, Stopping threads took: 0.0000458 seconds
2023-04-14T18:34:37.634+0530: 4.067: Total time for which application threads were stopped: 0.0008919 seconds, Stopping threads took: 0.0000494 seconds
2023-04-14T18:34:40.634+0530: 7.067: Total time for which application threads were stopped: 0.0001864 seconds, Stopping threads took: 0.0000527 seconds
2023-04-14T18:34:45.635+0530: 12.068: Total time for which application threads were stopped: 0.0002796 seconds, Stopping threads took: 0.0000608 seconds
2023-04-14T18:35:30.645+0530: 57.078: Total time for which application threads were stopped: 0.0002904 seconds, Stopping threads took: 0.0001162 seconds
2023-04-14T18:35:31.645+0530: 58.078: Total time for which application threads were stopped: 0.0002320 seconds, Stopping threads took: 0.0000629 seconds
2023-04-14T18:36:11.659+0530: 98.092: Total time for which application threads were stopped: 0.0002909 seconds, Stopping threads took: 0.0001232 seconds
2023-04-14T18:36:15.660+0530: 102.093: Total time for which application threads were stopped: 0.0003158 seconds, Stopping threads took: 0.0000691 seconds
2023-04-14T18:36:19.661+0530: 106.094: Total time for which application threads were stopped: 0.0000993 seconds, Stopping threads took: 0.0000376 seconds
2023-04-14T18:36:24.662+0530: 111.096: Total time for which application threads were stopped: 0.0002615 seconds, Stopping threads took: 0.0001082 seconds
2023-04-14T18:36:26.663+0530: 113.097: Total time for which application threads were stopped: 0.0003220 seconds, Stopping threads took: 0.0001145 seconds
2023-04-14T18:36:34.665+0530: 121.098: Total time for which application threads were stopped: 0.0002838 seconds, Stopping threads took: 0.0001175 seconds
2023-04-14T18:37:04.672+0530: 151.106: Total time for which application threads were stopped: 0.0003120 seconds, Stopping threads took: 0.0001401 seconds
2023-04-14T18:37:46.680+0530: 193.113: Total time for which application threads were stopped: 0.0002577 seconds, Stopping threads took: 0.0000924 seconds
2023-04-14T18:38:36.691+0530: 243.124: Total time for which application threads were stopped: 0.0002804 seconds, Stopping threads took: 0.0000932 seconds
2023-04-14T18:40:21.647+0530: 348.081: Total time for which application threads were stopped: 0.0004009 seconds, Stopping threads took: 0.0000126 seconds
2023-04-14T18:40:21.648+0530: 348.081: Total time for which application threads were stopped: 0.0000618 seconds, Stopping threads took: 0.0000091 seconds
2023-04-14T18:40:21.648+0530: 348.081: Total time for which application threads were stopped: 0.0003382 seconds, Stopping threads took: 0.0000061 seconds
2023-04-14T18:40:21.657+0530: 348.090: Total time for which application threads were stopped: 0.0000751 seconds, Stopping threads took: 0.0000096 seconds
2023-04-14T18:40:21.660+0530: 348.094: Total time for which application threads were stopped: 0.0000554 seconds, Stopping threads took: 0.0000098 seconds
Heap
 par new generation   total 109248K, used 53793K [0x00000000e0000000, 0x00000000e8000000, 0x00000000e8000000)
  eden space 87424K,  39% used [0x00000000e0000000, 0x00000000e21fb178, 0x00000000e5560000)
  from space 21824K,  87% used [0x00000000e5560000, 0x00000000e67ed4f0, 0x00000000e6ab0000)
  to   space 21824K,   0% used [0x00000000e6ab0000, 0x00000000e6ab0000, 0x00000000e8000000)
 concurrent mark-sweep generation total 393216K, used 0K [0x00000000e8000000, 0x0000000100000000, 0x0000000100000000)
 Metaspace       used 30092K, capacity 30486K, committed 30920K, reserved 1077248K
  class space    used 3553K, capacity 3713K, committed 3784K, reserved 1048576K
