OpenJDK 64-Bit Server VM (25.362-b09) for linux-amd64 JRE (1.8.0_362-8u362-ga-0ubuntu1~22.04-b09), built on Jan 24 2023 19:02:58 by "buildd" with gcc 11.3.0
Memory: 4k page, physical 32636936k(26421048k free), swap 2097148k(2097148k free)
CommandLine flags: -XX:CMSInitiatingOccupancyFraction=50 -XX:CMSMaxAbortablePrecleanTime=6000 -XX:+CMSParallelRemarkEnabled -XX:+CMSScavengeBeforeRemark -XX:ConcGCThreads=4 -XX:InitialHeapSize=536870912 -XX:MaxHeapSize=536870912 -XX:MaxTenuringThreshold=8 -XX:NewRatio=3 -XX:OldPLABSize=16 -XX:ParallelGCThreads=4 -XX:+ParallelRefProcEnabled -XX:PretenureSizeThreshold=67108864 -XX:+PrintGC -XX:+PrintGCApplicationStoppedTime -XX:+PrintGCDateStamps -XX:+PrintGCDetails -XX:+PrintGCTimeStamps -XX:+PrintHeapAtGC -XX:+PrintTenuringDistribution -XX:SurvivorRatio=4 -XX:TargetSurvivorRatio=90 -XX:ThreadStackSize=256 -XX:+UseCMSInitiatingOccupancyOnly -XX:+UseCompressedClassPointers -XX:+UseCompressedOops -XX:+UseConcMarkSweepGC -XX:+UseParNewGC 
2023-04-15T12:06:53.435+0530: 0.103: Total time for which application threads were stopped: 0.0001129 seconds, Stopping threads took: 0.0000103 seconds
2023-04-15T12:06:53.569+0530: 0.238: Total time for which application threads were stopped: 0.0001154 seconds, Stopping threads took: 0.0000090 seconds
2023-04-15T12:06:53.643+0530: 0.311: Total time for which application threads were stopped: 0.0001415 seconds, Stopping threads took: 0.0000179 seconds
2023-04-15T12:06:53.722+0530: 0.391: Total time for which application threads were stopped: 0.0001081 seconds, Stopping threads took: 0.0000088 seconds
2023-04-15T12:06:53.761+0530: 0.430: Total time for which application threads were stopped: 0.0001677 seconds, Stopping threads took: 0.0000195 seconds
2023-04-15T12:06:53.774+0530: 0.442: Total time for which application threads were stopped: 0.0001551 seconds, Stopping threads took: 0.0000157 seconds
2023-04-15T12:06:53.784+0530: 0.452: Total time for which application threads were stopped: 0.0001473 seconds, Stopping threads took: 0.0000153 seconds
{Heap before GC invocations=0 (full 0):
 par new generation   total 109248K, used 87424K [0x00000000e0000000, 0x00000000e8000000, 0x00000000e8000000)
  eden space 87424K, 100% used [0x00000000e0000000, 0x00000000e5560000, 0x00000000e5560000)
  from space 21824K,   0% used [0x00000000e5560000, 0x00000000e5560000, 0x00000000e6ab0000)
  to   space 21824K,   0% used [0x00000000e6ab0000, 0x00000000e6ab0000, 0x00000000e8000000)
 concurrent mark-sweep generation total 393216K, used 0K [0x00000000e8000000, 0x0000000100000000, 0x0000000100000000)
 Metaspace       used 10246K, capacity 10392K, committed 10496K, reserved 1058816K
  class space    used 1164K, capacity 1208K, committed 1280K, reserved 1048576K
2023-04-15T12:06:53.955+0530: 0.623: [GC (Allocation Failure) 2023-04-15T12:06:53.955+0530: 0.623: [ParNew
Desired survivor size 20112992 bytes, new threshold 8 (max 8)
- age   1:    5744104 bytes,    5744104 total
: 87424K->5677K(109248K), 0.0055613 secs] 87424K->5677K(502464K), 0.0056400 secs] [Times: user=0.02 sys=0.01, real=0.01 secs] 
Heap after GC invocations=1 (full 0):
 par new generation   total 109248K, used 5677K [0x00000000e0000000, 0x00000000e8000000, 0x00000000e8000000)
  eden space 87424K,   0% used [0x00000000e0000000, 0x00000000e0000000, 0x00000000e5560000)
  from space 21824K,  26% used [0x00000000e6ab0000, 0x00000000e703b4c0, 0x00000000e8000000)
  to   space 21824K,   0% used [0x00000000e5560000, 0x00000000e5560000, 0x00000000e6ab0000)
 concurrent mark-sweep generation total 393216K, used 0K [0x00000000e8000000, 0x0000000100000000, 0x0000000100000000)
 Metaspace       used 10246K, capacity 10392K, committed 10496K, reserved 1058816K
  class space    used 1164K, capacity 1208K, committed 1280K, reserved 1048576K
}
2023-04-15T12:06:53.960+0530: 0.629: Total time for which application threads were stopped: 0.0057847 seconds, Stopping threads took: 0.0000165 seconds
2023-04-15T12:06:54.021+0530: 0.689: Total time for which application threads were stopped: 0.0001764 seconds, Stopping threads took: 0.0000148 seconds
2023-04-15T12:06:54.055+0530: 0.723: Total time for which application threads were stopped: 0.0001681 seconds, Stopping threads took: 0.0000157 seconds
2023-04-15T12:06:54.167+0530: 0.835: Total time for which application threads were stopped: 0.0002190 seconds, Stopping threads took: 0.0000172 seconds
2023-04-15T12:06:54.199+0530: 0.867: Total time for which application threads were stopped: 0.0002599 seconds, Stopping threads took: 0.0000212 seconds
2023-04-15T12:06:54.233+0530: 0.902: Total time for which application threads were stopped: 0.0002380 seconds, Stopping threads took: 0.0000371 seconds
2023-04-15T12:06:54.234+0530: 0.903: Total time for which application threads were stopped: 0.0001942 seconds, Stopping threads took: 0.0000424 seconds
2023-04-15T12:06:54.287+0530: 0.956: Total time for which application threads were stopped: 0.0002200 seconds, Stopping threads took: 0.0000179 seconds
2023-04-15T12:06:54.350+0530: 1.018: Total time for which application threads were stopped: 0.0004006 seconds, Stopping threads took: 0.0001918 seconds
{Heap before GC invocations=1 (full 0):
 par new generation   total 109248K, used 93101K [0x00000000e0000000, 0x00000000e8000000, 0x00000000e8000000)
  eden space 87424K, 100% used [0x00000000e0000000, 0x00000000e5560000, 0x00000000e5560000)
  from space 21824K,  26% used [0x00000000e6ab0000, 0x00000000e703b4c0, 0x00000000e8000000)
  to   space 21824K,   0% used [0x00000000e5560000, 0x00000000e5560000, 0x00000000e6ab0000)
 concurrent mark-sweep generation total 393216K, used 0K [0x00000000e8000000, 0x0000000100000000, 0x0000000100000000)
 Metaspace       used 19901K, capacity 20308K, committed 20608K, reserved 1067008K
  class space    used 2295K, capacity 2424K, committed 2432K, reserved 1048576K
2023-04-15T12:06:54.544+0530: 1.212: [GC (Allocation Failure) 2023-04-15T12:06:54.544+0530: 1.212: [ParNew
Desired survivor size 20112992 bytes, new threshold 8 (max 8)
- age   1:   10449360 bytes,   10449360 total
- age   2:    2527320 bytes,   12976680 total
: 93101K->14929K(109248K), 0.0089246 secs] 93101K->14929K(502464K), 0.0089922 secs] [Times: user=0.03 sys=0.01, real=0.01 secs] 
Heap after GC invocations=2 (full 0):
 par new generation   total 109248K, used 14929K [0x00000000e0000000, 0x00000000e8000000, 0x00000000e8000000)
  eden space 87424K,   0% used [0x00000000e0000000, 0x00000000e0000000, 0x00000000e5560000)
  from space 21824K,  68% used [0x00000000e5560000, 0x00000000e63f4500, 0x00000000e6ab0000)
  to   space 21824K,   0% used [0x00000000e6ab0000, 0x00000000e6ab0000, 0x00000000e8000000)
 concurrent mark-sweep generation total 393216K, used 0K [0x00000000e8000000, 0x0000000100000000, 0x0000000100000000)
 Metaspace       used 19901K, capacity 20308K, committed 20608K, reserved 1067008K
  class space    used 2295K, capacity 2424K, committed 2432K, reserved 1048576K
}
2023-04-15T12:06:54.553+0530: 1.221: Total time for which application threads were stopped: 0.0091640 seconds, Stopping threads took: 0.0000130 seconds
2023-04-15T12:06:54.665+0530: 1.333: Total time for which application threads were stopped: 0.0003543 seconds, Stopping threads took: 0.0000224 seconds
2023-04-15T12:06:54.698+0530: 1.367: Total time for which application threads were stopped: 0.0004592 seconds, Stopping threads took: 0.0000748 seconds
{Heap before GC invocations=2 (full 0):
 par new generation   total 109248K, used 102353K [0x00000000e0000000, 0x00000000e8000000, 0x00000000e8000000)
  eden space 87424K, 100% used [0x00000000e0000000, 0x00000000e5560000, 0x00000000e5560000)
  from space 21824K,  68% used [0x00000000e5560000, 0x00000000e63f4500, 0x00000000e6ab0000)
  to   space 21824K,   0% used [0x00000000e6ab0000, 0x00000000e6ab0000, 0x00000000e8000000)
 concurrent mark-sweep generation total 393216K, used 0K [0x00000000e8000000, 0x0000000100000000, 0x0000000100000000)
 Metaspace       used 20647K, capacity 21044K, committed 21248K, reserved 1069056K
  class space    used 2394K, capacity 2520K, committed 2560K, reserved 1048576K
2023-04-15T12:06:54.713+0530: 1.382: [GC (Allocation Failure) 2023-04-15T12:06:54.713+0530: 1.382: [ParNew
Desired survivor size 20112992 bytes, new threshold 8 (max 8)
- age   1:    1303576 bytes,    1303576 total
- age   2:    4913704 bytes,    6217280 total
- age   3:    2497888 bytes,    8715168 total
: 102353K->13046K(109248K), 0.0056782 secs] 102353K->13046K(502464K), 0.0057429 secs] [Times: user=0.03 sys=0.00, real=0.00 secs] 
Heap after GC invocations=3 (full 0):
 par new generation   total 109248K, used 13046K [0x00000000e0000000, 0x00000000e8000000, 0x00000000e8000000)
  eden space 87424K,   0% used [0x00000000e0000000, 0x00000000e0000000, 0x00000000e5560000)
  from space 21824K,  59% used [0x00000000e6ab0000, 0x00000000e776db08, 0x00000000e8000000)
  to   space 21824K,   0% used [0x00000000e5560000, 0x00000000e5560000, 0x00000000e6ab0000)
 concurrent mark-sweep generation total 393216K, used 0K [0x00000000e8000000, 0x0000000100000000, 0x0000000100000000)
 Metaspace       used 20647K, capacity 21044K, committed 21248K, reserved 1069056K
  class space    used 2394K, capacity 2520K, committed 2560K, reserved 1048576K
}
2023-04-15T12:06:54.719+0530: 1.387: Total time for which application threads were stopped: 0.0059417 seconds, Stopping threads took: 0.0000587 seconds
2023-04-15T12:06:54.736+0530: 1.404: Total time for which application threads were stopped: 0.0038284 seconds, Stopping threads took: 0.0035516 seconds
2023-04-15T12:06:54.743+0530: 1.411: Total time for which application threads were stopped: 0.0002599 seconds, Stopping threads took: 0.0001815 seconds
2023-04-15T12:06:54.743+0530: 1.411: Total time for which application threads were stopped: 0.0002689 seconds, Stopping threads took: 0.0000461 seconds
2023-04-15T12:06:54.815+0530: 1.483: Total time for which application threads were stopped: 0.0002452 seconds, Stopping threads took: 0.0001031 seconds
{Heap before GC invocations=3 (full 0):
 par new generation   total 109248K, used 100470K [0x00000000e0000000, 0x00000000e8000000, 0x00000000e8000000)
  eden space 87424K, 100% used [0x00000000e0000000, 0x00000000e5560000, 0x00000000e5560000)
  from space 21824K,  59% used [0x00000000e6ab0000, 0x00000000e776db08, 0x00000000e8000000)
  to   space 21824K,   0% used [0x00000000e5560000, 0x00000000e5560000, 0x00000000e6ab0000)
 concurrent mark-sweep generation total 393216K, used 0K [0x00000000e8000000, 0x0000000100000000, 0x0000000100000000)
 Metaspace       used 21417K, capacity 21728K, committed 21960K, reserved 1069056K
  class space    used 2487K, capacity 2618K, committed 2684K, reserved 1048576K
2023-04-15T12:06:54.862+0530: 1.531: [GC (Allocation Failure) 2023-04-15T12:06:54.862+0530: 1.531: [ParNew
Desired survivor size 20112992 bytes, new threshold 8 (max 8)
- age   1:    2904656 bytes,    2904656 total
- age   2:     227904 bytes,    3132560 total
- age   3:    4442896 bytes,    7575456 total
- age   4:    2497472 bytes,   10072928 total
: 100470K->11842K(109248K), 0.0084882 secs] 100470K->11842K(502464K), 0.0085665 secs] [Times: user=0.05 sys=0.01, real=0.01 secs] 
Heap after GC invocations=4 (full 0):
 par new generation   total 109248K, used 11842K [0x00000000e0000000, 0x00000000e8000000, 0x00000000e8000000)
  eden space 87424K,   0% used [0x00000000e0000000, 0x00000000e0000000, 0x00000000e5560000)
  from space 21824K,  54% used [0x00000000e5560000, 0x00000000e60f0aa0, 0x00000000e6ab0000)
  to   space 21824K,   0% used [0x00000000e6ab0000, 0x00000000e6ab0000, 0x00000000e8000000)
 concurrent mark-sweep generation total 393216K, used 0K [0x00000000e8000000, 0x0000000100000000, 0x0000000100000000)
 Metaspace       used 21417K, capacity 21728K, committed 21960K, reserved 1069056K
  class space    used 2487K, capacity 2618K, committed 2684K, reserved 1048576K
}
2023-04-15T12:06:54.871+0530: 1.539: Total time for which application threads were stopped: 0.0087889 seconds, Stopping threads took: 0.0000606 seconds
2023-04-15T12:06:54.872+0530: 1.540: [GC (CMS Initial Mark) [1 CMS-initial-mark: 0K(393216K)] 13704K(502464K), 0.0026560 secs] [Times: user=0.02 sys=0.00, real=0.00 secs] 
2023-04-15T12:06:54.874+0530: 1.543: Total time for which application threads were stopped: 0.0028121 seconds, Stopping threads took: 0.0000606 seconds
2023-04-15T12:06:54.874+0530: 1.543: [CMS-concurrent-mark-start]
2023-04-15T12:06:54.875+0530: 1.544: [CMS-concurrent-mark: 0.001/0.001 secs] [Times: user=0.01 sys=0.00, real=0.00 secs] 
2023-04-15T12:06:54.875+0530: 1.544: [CMS-concurrent-preclean-start]
2023-04-15T12:06:54.877+0530: 1.545: [CMS-concurrent-preclean: 0.001/0.001 secs] [Times: user=0.01 sys=0.00, real=0.00 secs] 
2023-04-15T12:06:54.877+0530: 1.545: [CMS-concurrent-abortable-preclean-start]
2023-04-15T12:06:54.886+0530: 1.555: Total time for which application threads were stopped: 0.0001794 seconds, Stopping threads took: 0.0001082 seconds
2023-04-15T12:06:54.886+0530: 1.555: Total time for which application threads were stopped: 0.0000591 seconds, Stopping threads took: 0.0000286 seconds
2023-04-15T12:06:54.902+0530: 1.570: Total time for which application threads were stopped: 0.0001396 seconds, Stopping threads took: 0.0000415 seconds
2023-04-15T12:06:54.957+0530: 1.626: Total time for which application threads were stopped: 0.0002122 seconds, Stopping threads took: 0.0000685 seconds
{Heap before GC invocations=4 (full 1):
 par new generation   total 109248K, used 99266K [0x00000000e0000000, 0x00000000e8000000, 0x00000000e8000000)
  eden space 87424K, 100% used [0x00000000e0000000, 0x00000000e5560000, 0x00000000e5560000)
  from space 21824K,  54% used [0x00000000e5560000, 0x00000000e60f0aa0, 0x00000000e6ab0000)
  to   space 21824K,   0% used [0x00000000e6ab0000, 0x00000000e6ab0000, 0x00000000e8000000)
 concurrent mark-sweep generation total 393216K, used 0K [0x00000000e8000000, 0x0000000100000000, 0x0000000100000000)
 Metaspace       used 22178K, capacity 22534K, committed 22880K, reserved 1069056K
  class space    used 2587K, capacity 2715K, committed 2760K, reserved 1048576K
2023-04-15T12:06:54.968+0530: 1.637: [GC (Allocation Failure) 2023-04-15T12:06:54.968+0530: 1.637: [ParNew
Desired survivor size 20112992 bytes, new threshold 8 (max 8)
- age   1:    1899432 bytes,    1899432 total
- age   2:    1983664 bytes,    3883096 total
- age   3:     227824 bytes,    4110920 total
- age   4:    4441040 bytes,    8551960 total
- age   5:    2497472 bytes,   11049432 total
: 99266K->14983K(109248K), 0.0096787 secs] 99266K->14983K(502464K), 0.0097608 secs] [Times: user=0.05 sys=0.00, real=0.01 secs] 
Heap after GC invocations=5 (full 1):
 par new generation   total 109248K, used 14983K [0x00000000e0000000, 0x00000000e8000000, 0x00000000e8000000)
  eden space 87424K,   0% used [0x00000000e0000000, 0x00000000e0000000, 0x00000000e5560000)
  from space 21824K,  68% used [0x00000000e6ab0000, 0x00000000e7951c78, 0x00000000e8000000)
  to   space 21824K,   0% used [0x00000000e5560000, 0x00000000e5560000, 0x00000000e6ab0000)
 concurrent mark-sweep generation total 393216K, used 0K [0x00000000e8000000, 0x0000000100000000, 0x0000000100000000)
 Metaspace       used 22178K, capacity 22534K, committed 22880K, reserved 1069056K
  class space    used 2587K, capacity 2715K, committed 2760K, reserved 1048576K
}
2023-04-15T12:06:54.978+0530: 1.646: Total time for which application threads were stopped: 0.0099953 seconds, Stopping threads took: 0.0000684 seconds
{Heap before GC invocations=5 (full 1):
 par new generation   total 109248K, used 102407K [0x00000000e0000000, 0x00000000e8000000, 0x00000000e8000000)
  eden space 87424K, 100% used [0x00000000e0000000, 0x00000000e5560000, 0x00000000e5560000)
  from space 21824K,  68% used [0x00000000e6ab0000, 0x00000000e7951c78, 0x00000000e8000000)
  to   space 21824K,   0% used [0x00000000e5560000, 0x00000000e5560000, 0x00000000e6ab0000)
 concurrent mark-sweep generation total 393216K, used 0K [0x00000000e8000000, 0x0000000100000000, 0x0000000100000000)
 Metaspace       used 22305K, capacity 22654K, committed 22880K, reserved 1069056K
  class space    used 2603K, capacity 2751K, committed 2760K, reserved 1048576K
2023-04-15T12:06:55.015+0530: 1.684: [GC (Allocation Failure) 2023-04-15T12:06:55.015+0530: 1.684: [ParNew
Desired survivor size 20112992 bytes, new threshold 8 (max 8)
- age   1:     527328 bytes,     527328 total
- age   2:     855720 bytes,    1383048 total
- age   3:    1982936 bytes,    3365984 total
- age   4:     227744 bytes,    3593728 total
- age   5:    4435592 bytes,    8029320 total
- age   6:    2497592 bytes,   10526912 total
: 102407K->12373K(109248K), 0.0066526 secs] 102407K->12373K(502464K), 0.0067071 secs] [Times: user=0.03 sys=0.00, real=0.01 secs] 
Heap after GC invocations=6 (full 1):
 par new generation   total 109248K, used 12373K [0x00000000e0000000, 0x00000000e8000000, 0x00000000e8000000)
  eden space 87424K,   0% used [0x00000000e0000000, 0x00000000e0000000, 0x00000000e5560000)
  from space 21824K,  56% used [0x00000000e5560000, 0x00000000e6175700, 0x00000000e6ab0000)
  to   space 21824K,   0% used [0x00000000e6ab0000, 0x00000000e6ab0000, 0x00000000e8000000)
 concurrent mark-sweep generation total 393216K, used 0K [0x00000000e8000000, 0x0000000100000000, 0x0000000100000000)
 Metaspace       used 22305K, capacity 22654K, committed 22880K, reserved 1069056K
  class space    used 2603K, capacity 2751K, committed 2760K, reserved 1048576K
}
2023-04-15T12:06:55.022+0530: 1.690: Total time for which application threads were stopped: 0.0068738 seconds, Stopping threads took: 0.0000513 seconds
2023-04-15T12:06:55.022+0530: 1.690: [CMS-concurrent-abortable-preclean: 0.074/0.145 secs] [Times: user=0.83 sys=0.01, real=0.15 secs] 
2023-04-15T12:06:55.022+0530: 1.691: [GC (CMS Final Remark) [YG occupancy: 13461 K (109248 K)]{Heap before GC invocations=6 (full 1):
 par new generation   total 109248K, used 13461K [0x00000000e0000000, 0x00000000e8000000, 0x00000000e8000000)
  eden space 87424K,   1% used [0x00000000e0000000, 0x00000000e01100f8, 0x00000000e5560000)
  from space 21824K,  56% used [0x00000000e5560000, 0x00000000e6175700, 0x00000000e6ab0000)
  to   space 21824K,   0% used [0x00000000e6ab0000, 0x00000000e6ab0000, 0x00000000e8000000)
 concurrent mark-sweep generation total 393216K, used 0K [0x00000000e8000000, 0x0000000100000000, 0x0000000100000000)
 Metaspace       used 22305K, capacity 22654K, committed 22880K, reserved 1069056K
  class space    used 2603K, capacity 2751K, committed 2760K, reserved 1048576K
2023-04-15T12:06:55.022+0530: 1.691: [GC (CMS Final Remark) 2023-04-15T12:06:55.022+0530: 1.691: [ParNew
Desired survivor size 20112992 bytes, new threshold 8 (max 8)
- age   1:      19312 bytes,      19312 total
- age   2:     527304 bytes,     546616 total
- age   3:     855760 bytes,    1402376 total
- age   4:    1982936 bytes,    3385312 total
- age   5:     227744 bytes,    3613056 total
- age   6:    4435592 bytes,    8048648 total
- age   7:    2497472 bytes,   10546120 total
: 13461K->13885K(109248K), 0.0061862 secs] 13461K->13885K(502464K), 0.0062199 secs] [Times: user=0.03 sys=0.00, real=0.01 secs] 
Heap after GC invocations=7 (full 1):
 par new generation   total 109248K, used 13885K [0x00000000e0000000, 0x00000000e8000000, 0x00000000e8000000)
  eden space 87424K,   0% used [0x00000000e0000000, 0x00000000e0000000, 0x00000000e5560000)
  from space 21824K,  63% used [0x00000000e6ab0000, 0x00000000e783f4e0, 0x00000000e8000000)
  to   space 21824K,   0% used [0x00000000e5560000, 0x00000000e5560000, 0x00000000e6ab0000)
 concurrent mark-sweep generation total 393216K, used 0K [0x00000000e8000000, 0x0000000100000000, 0x0000000100000000)
 Metaspace       used 22305K, capacity 22654K, committed 22880K, reserved 1069056K
  class space    used 2603K, capacity 2751K, committed 2760K, reserved 1048576K
}
2023-04-15T12:06:55.028+0530: 1.697: [Rescan (parallel) , 0.0032052 secs]2023-04-15T12:06:55.032+0530: 1.700: [weak refs processing, 0.0003418 secs]2023-04-15T12:06:55.032+0530: 1.700: [class unloading, 0.0026587 secs]2023-04-15T12:06:55.035+0530: 1.703: [scrub symbol table, 0.0018801 secs]2023-04-15T12:06:55.037+0530: 1.705: [scrub string table, 0.0003436 secs][1 CMS-remark: 0K(393216K)] 13885K(502464K), 0.0153752 secs] [Times: user=0.04 sys=0.00, real=0.01 secs] 
2023-04-15T12:06:55.038+0530: 1.706: Total time for which application threads were stopped: 0.0155652 seconds, Stopping threads took: 0.0001034 seconds
2023-04-15T12:06:55.038+0530: 1.706: [CMS-concurrent-sweep-start]
2023-04-15T12:06:55.038+0530: 1.706: [CMS-concurrent-sweep: 0.000/0.000 secs] [Times: user=0.00 sys=0.00, real=0.00 secs] 
2023-04-15T12:06:55.038+0530: 1.706: [CMS-concurrent-reset-start]
2023-04-15T12:06:55.041+0530: 1.710: [CMS-concurrent-reset: 0.003/0.003 secs] [Times: user=0.02 sys=0.00, real=0.01 secs] 
{Heap before GC invocations=7 (full 1):
 par new generation   total 109248K, used 101309K [0x00000000e0000000, 0x00000000e8000000, 0x00000000e8000000)
  eden space 87424K, 100% used [0x00000000e0000000, 0x00000000e5560000, 0x00000000e5560000)
  from space 21824K,  63% used [0x00000000e6ab0000, 0x00000000e783f4e0, 0x00000000e8000000)
  to   space 21824K,   0% used [0x00000000e5560000, 0x00000000e5560000, 0x00000000e6ab0000)
 concurrent mark-sweep generation total 393216K, used 0K [0x00000000e8000000, 0x0000000100000000, 0x0000000100000000)
 Metaspace       used 22435K, capacity 22790K, committed 22880K, reserved 1069056K
  class space    used 2625K, capacity 2753K, committed 2760K, reserved 1048576K
2023-04-15T12:06:55.080+0530: 1.748: [GC (Allocation Failure) 2023-04-15T12:06:55.080+0530: 1.748: [ParNew
Desired survivor size 20112992 bytes, new threshold 8 (max 8)
- age   1:     655232 bytes,     655232 total
- age   3:     122080 bytes,     777312 total
- age   4:     854152 bytes,    1631464 total
- age   5:    1982888 bytes,    3614352 total
- age   6:     227680 bytes,    3842032 total
- age   7:    4432360 bytes,    8274392 total
- age   8:    2497520 bytes,   10771912 total
: 101309K->13896K(109248K), 0.0064239 secs] 101309K->13896K(502464K), 0.0064742 secs] [Times: user=0.04 sys=0.00, real=0.01 secs] 
Heap after GC invocations=8 (full 1):
 par new generation   total 109248K, used 13896K [0x00000000e0000000, 0x00000000e8000000, 0x00000000e8000000)
  eden space 87424K,   0% used [0x00000000e0000000, 0x00000000e0000000, 0x00000000e5560000)
  from space 21824K,  63% used [0x00000000e5560000, 0x00000000e62f2288, 0x00000000e6ab0000)
  to   space 21824K,   0% used [0x00000000e6ab0000, 0x00000000e6ab0000, 0x00000000e8000000)
 concurrent mark-sweep generation total 393216K, used 0K [0x00000000e8000000, 0x0000000100000000, 0x0000000100000000)
 Metaspace       used 22435K, capacity 22790K, committed 22880K, reserved 1069056K
  class space    used 2625K, capacity 2753K, committed 2760K, reserved 1048576K
}
2023-04-15T12:06:55.086+0530: 1.754: Total time for which application threads were stopped: 0.0066880 seconds, Stopping threads took: 0.0001038 seconds
{Heap before GC invocations=8 (full 1):
 par new generation   total 109248K, used 101320K [0x00000000e0000000, 0x00000000e8000000, 0x00000000e8000000)
  eden space 87424K, 100% used [0x00000000e0000000, 0x00000000e5560000, 0x00000000e5560000)
  from space 21824K,  63% used [0x00000000e5560000, 0x00000000e62f2288, 0x00000000e6ab0000)
  to   space 21824K,   0% used [0x00000000e6ab0000, 0x00000000e6ab0000, 0x00000000e8000000)
 concurrent mark-sweep generation total 393216K, used 0K [0x00000000e8000000, 0x0000000100000000, 0x0000000100000000)
 Metaspace       used 22557K, capacity 22950K, committed 23264K, reserved 1069056K
  class space    used 2637K, capacity 2785K, committed 2888K, reserved 1048576K
2023-04-15T12:06:55.135+0530: 1.803: [GC (Allocation Failure) 2023-04-15T12:06:55.135+0530: 1.803: [ParNew
Desired survivor size 20112992 bytes, new threshold 8 (max 8)
- age   1:     183344 bytes,     183344 total
- age   2:     104216 bytes,     287560 total
- age   4:     121808 bytes,     409368 total
- age   5:     854200 bytes,    1263568 total
- age   6:    1982888 bytes,    3246456 total
- age   7:     227616 bytes,    3474072 total
- age   8:    4432384 bytes,    7906456 total
: 101320K->8233K(109248K), 0.0177263 secs] 101320K->10710K(502464K), 0.0177952 secs] [Times: user=0.07 sys=0.01, real=0.02 secs] 
Heap after GC invocations=9 (full 1):
 par new generation   total 109248K, used 8233K [0x00000000e0000000, 0x00000000e8000000, 0x00000000e8000000)
  eden space 87424K,   0% used [0x00000000e0000000, 0x00000000e0000000, 0x00000000e5560000)
  from space 21824K,  37% used [0x00000000e6ab0000, 0x00000000e72ba510, 0x00000000e8000000)
  to   space 21824K,   0% used [0x00000000e5560000, 0x00000000e5560000, 0x00000000e6ab0000)
 concurrent mark-sweep generation total 393216K, used 2477K [0x00000000e8000000, 0x0000000100000000, 0x0000000100000000)
 Metaspace       used 22557K, capacity 22950K, committed 23264K, reserved 1069056K
  class space    used 2637K, capacity 2785K, committed 2888K, reserved 1048576K
}
2023-04-15T12:06:55.153+0530: 1.821: Total time for which application threads were stopped: 0.0179548 seconds, Stopping threads took: 0.0000263 seconds
2023-04-15T12:06:55.377+0530: 2.046: Total time for which application threads were stopped: 0.0006164 seconds, Stopping threads took: 0.0000277 seconds
2023-04-15T12:06:55.394+0530: 2.063: Total time for which application threads were stopped: 0.0004572 seconds, Stopping threads took: 0.0000265 seconds
2023-04-15T12:06:55.407+0530: 2.075: Total time for which application threads were stopped: 0.0004828 seconds, Stopping threads took: 0.0000256 seconds
{Heap before GC invocations=9 (full 1):
 par new generation   total 109248K, used 95657K [0x00000000e0000000, 0x00000000e8000000, 0x00000000e8000000)
  eden space 87424K, 100% used [0x00000000e0000000, 0x00000000e5560000, 0x00000000e5560000)
  from space 21824K,  37% used [0x00000000e6ab0000, 0x00000000e72ba510, 0x00000000e8000000)
  to   space 21824K,   0% used [0x00000000e5560000, 0x00000000e5560000, 0x00000000e6ab0000)
 concurrent mark-sweep generation total 393216K, used 2477K [0x00000000e8000000, 0x0000000100000000, 0x0000000100000000)
 Metaspace       used 25603K, capacity 25976K, committed 26312K, reserved 1073152K
  class space    used 3016K, capacity 3176K, committed 3272K, reserved 1048576K
2023-04-15T12:06:55.507+0530: 2.176: [GC (Allocation Failure) 2023-04-15T12:06:55.507+0530: 2.176: [ParNew
Desired survivor size 20112992 bytes, new threshold 8 (max 8)
- age   1:    4403752 bytes,    4403752 total
- age   2:      94744 bytes,    4498496 total
- age   3:     102632 bytes,    4601128 total
- age   5:     120704 bytes,    4721832 total
- age   6:     181008 bytes,    4902840 total
- age   7:     897264 bytes,    5800104 total
- age   8:     227584 bytes,    6027688 total
: 95657K->8953K(109248K), 0.0156343 secs] 98134K->15784K(502464K), 0.0158609 secs] [Times: user=0.07 sys=0.00, real=0.02 secs] 
Heap after GC invocations=10 (full 1):
 par new generation   total 109248K, used 8953K [0x00000000e0000000, 0x00000000e8000000, 0x00000000e8000000)
  eden space 87424K,   0% used [0x00000000e0000000, 0x00000000e0000000, 0x00000000e5560000)
  from space 21824K,  41% used [0x00000000e5560000, 0x00000000e5e1e728, 0x00000000e6ab0000)
  to   space 21824K,   0% used [0x00000000e6ab0000, 0x00000000e6ab0000, 0x00000000e8000000)
 concurrent mark-sweep generation total 393216K, used 6830K [0x00000000e8000000, 0x0000000100000000, 0x0000000100000000)
 Metaspace       used 25603K, capacity 25976K, committed 26312K, reserved 1073152K
  class space    used 3016K, capacity 3176K, committed 3272K, reserved 1048576K
}
2023-04-15T12:06:55.523+0530: 2.192: Total time for which application threads were stopped: 0.0163238 seconds, Stopping threads took: 0.0000804 seconds
2023-04-15T12:06:55.714+0530: 2.383: Total time for which application threads were stopped: 0.0004681 seconds, Stopping threads took: 0.0000225 seconds
2023-04-15T12:06:55.756+0530: 2.424: Total time for which application threads were stopped: 0.0007775 seconds, Stopping threads took: 0.0002423 seconds
2023-04-15T12:06:55.765+0530: 2.434: Total time for which application threads were stopped: 0.0006553 seconds, Stopping threads took: 0.0000386 seconds
{Heap before GC invocations=10 (full 1):
 par new generation   total 109248K, used 96377K [0x00000000e0000000, 0x00000000e8000000, 0x00000000e8000000)
  eden space 87424K, 100% used [0x00000000e0000000, 0x00000000e5560000, 0x00000000e5560000)
  from space 21824K,  41% used [0x00000000e5560000, 0x00000000e5e1e728, 0x00000000e6ab0000)
  to   space 21824K,   0% used [0x00000000e6ab0000, 0x00000000e6ab0000, 0x00000000e8000000)
 concurrent mark-sweep generation total 393216K, used 6830K [0x00000000e8000000, 0x0000000100000000, 0x0000000100000000)
 Metaspace       used 28200K, capacity 28554K, committed 28872K, reserved 1075200K
  class space    used 3295K, capacity 3435K, committed 3528K, reserved 1048576K
2023-04-15T12:06:55.878+0530: 2.546: [GC (Allocation Failure) 2023-04-15T12:06:55.878+0530: 2.546: [ParNew
Desired survivor size 20112992 bytes, new threshold 8 (max 8)
- age   1:    9547336 bytes,    9547336 total
- age   2:    1968840 bytes,   11516176 total
- age   3:      93672 bytes,   11609848 total
- age   4:     102568 bytes,   11712416 total
- age   6:     120016 bytes,   11832432 total
- age   7:     180072 bytes,   12012504 total
- age   8:     879792 bytes,   12892296 total
: 96377K->14680K(109248K), 0.0097459 secs] 103208K->21735K(502464K), 0.0098340 secs] [Times: user=0.05 sys=0.00, real=0.01 secs] 
Heap after GC invocations=11 (full 1):
 par new generation   total 109248K, used 14680K [0x00000000e0000000, 0x00000000e8000000, 0x00000000e8000000)
  eden space 87424K,   0% used [0x00000000e0000000, 0x00000000e0000000, 0x00000000e5560000)
  from space 21824K,  67% used [0x00000000e6ab0000, 0x00000000e79062c0, 0x00000000e8000000)
  to   space 21824K,   0% used [0x00000000e5560000, 0x00000000e5560000, 0x00000000e6ab0000)
 concurrent mark-sweep generation total 393216K, used 7055K [0x00000000e8000000, 0x0000000100000000, 0x0000000100000000)
 Metaspace       used 28200K, capacity 28554K, committed 28872K, reserved 1075200K
  class space    used 3295K, capacity 3435K, committed 3528K, reserved 1048576K
}
2023-04-15T12:06:55.887+0530: 2.556: Total time for which application threads were stopped: 0.0100891 seconds, Stopping threads took: 0.0000271 seconds
{Heap before GC invocations=11 (full 1):
 par new generation   total 109248K, used 102104K [0x00000000e0000000, 0x00000000e8000000, 0x00000000e8000000)
  eden space 87424K, 100% used [0x00000000e0000000, 0x00000000e5560000, 0x00000000e5560000)
  from space 21824K,  67% used [0x00000000e6ab0000, 0x00000000e79062c0, 0x00000000e8000000)
  to   space 21824K,   0% used [0x00000000e5560000, 0x00000000e5560000, 0x00000000e6ab0000)
 concurrent mark-sweep generation total 393216K, used 7055K [0x00000000e8000000, 0x0000000100000000, 0x0000000100000000)
 Metaspace       used 28245K, capacity 28572K, committed 28872K, reserved 1075200K
  class space    used 3297K, capacity 3438K, committed 3528K, reserved 1048576K
2023-04-15T12:06:55.962+0530: 2.630: [GC (Allocation Failure) 2023-04-15T12:06:55.962+0530: 2.630: [ParNew
Desired survivor size 20112992 bytes, new threshold 8 (max 8)
- age   1:     757000 bytes,     757000 total
- age   2:    7126888 bytes,    7883888 total
- age   3:    1968840 bytes,    9852728 total
- age   4:      93672 bytes,    9946400 total
- age   5:     102568 bytes,   10048968 total
- age   7:     119704 bytes,   10168672 total
- age   8:     179928 bytes,   10348600 total
: 102104K->15387K(109248K), 0.0179417 secs] 109159K->23307K(502464K), 0.0180252 secs] [Times: user=0.09 sys=0.00, real=0.01 secs] 
Heap after GC invocations=12 (full 1):
 par new generation   total 109248K, used 15387K [0x00000000e0000000, 0x00000000e8000000, 0x00000000e8000000)
  eden space 87424K,   0% used [0x00000000e0000000, 0x00000000e0000000, 0x00000000e5560000)
  from space 21824K,  70% used [0x00000000e5560000, 0x00000000e6466c90, 0x00000000e6ab0000)
  to   space 21824K,   0% used [0x00000000e6ab0000, 0x00000000e6ab0000, 0x00000000e8000000)
 concurrent mark-sweep generation total 393216K, used 7920K [0x00000000e8000000, 0x0000000100000000, 0x0000000100000000)
 Metaspace       used 28245K, capacity 28572K, committed 28872K, reserved 1075200K
  class space    used 3297K, capacity 3438K, committed 3528K, reserved 1048576K
}
2023-04-15T12:06:55.980+0530: 2.648: Total time for which application threads were stopped: 0.0183598 seconds, Stopping threads took: 0.0001082 seconds
2023-04-15T12:06:56.980+0530: 3.649: Total time for which application threads were stopped: 0.0003222 seconds, Stopping threads took: 0.0000434 seconds
2023-04-15T12:06:57.382+0530: 4.050: Total time for which application threads were stopped: 0.0008625 seconds, Stopping threads took: 0.0000495 seconds
2023-04-15T12:08:04.363+0530: 71.031: Total time for which application threads were stopped: 0.0001222 seconds, Stopping threads took: 0.0000208 seconds
2023-04-15T12:08:04.370+0530: 71.038: Total time for which application threads were stopped: 0.0001199 seconds, Stopping threads took: 0.0000266 seconds
2023-04-15T12:08:04.390+0530: 71.058: Total time for which application threads were stopped: 0.0003690 seconds, Stopping threads took: 0.0000135 seconds
2023-04-15T12:08:04.402+0530: 71.071: Total time for which application threads were stopped: 0.0000618 seconds, Stopping threads took: 0.0000148 seconds
2023-04-15T12:08:04.550+0530: 71.218: Total time for which application threads were stopped: 0.0001536 seconds, Stopping threads took: 0.0000409 seconds
2023-04-15T12:08:04.551+0530: 71.219: Total time for which application threads were stopped: 0.0001546 seconds, Stopping threads took: 0.0000390 seconds
2023-04-15T12:08:04.568+0530: 71.237: Total time for which application threads were stopped: 0.0000910 seconds, Stopping threads took: 0.0000209 seconds
{Heap before GC invocations=12 (full 1):
 par new generation   total 109248K, used 102811K [0x00000000e0000000, 0x00000000e8000000, 0x00000000e8000000)
  eden space 87424K, 100% used [0x00000000e0000000, 0x00000000e5560000, 0x00000000e5560000)
  from space 21824K,  70% used [0x00000000e5560000, 0x00000000e6466c90, 0x00000000e6ab0000)
  to   space 21824K,   0% used [0x00000000e6ab0000, 0x00000000e6ab0000, 0x00000000e8000000)
 concurrent mark-sweep generation total 393216K, used 7920K [0x00000000e8000000, 0x0000000100000000, 0x0000000100000000)
 Metaspace       used 29366K, capacity 29754K, committed 30024K, reserved 1075200K
  class space    used 3430K, capacity 3571K, committed 3656K, reserved 1048576K
2023-04-15T12:08:04.581+0530: 71.249: [GC (Allocation Failure) 2023-04-15T12:08:04.581+0530: 71.249: [ParNew
Desired survivor size 20112992 bytes, new threshold 8 (max 8)
- age   1:    3739520 bytes,    3739520 total
- age   2:     145464 bytes,    3884984 total
- age   3:    7124440 bytes,   11009424 total
- age   4:    1968752 bytes,   12978176 total
- age   5:      93672 bytes,   13071848 total
- age   6:     102568 bytes,   13174416 total
- age   8:     119704 bytes,   13294120 total
: 102811K->16545K(109248K), 0.0116268 secs] 110731K->24666K(502464K), 0.0116962 secs] [Times: user=0.05 sys=0.01, real=0.01 secs] 
Heap after GC invocations=13 (full 1):
 par new generation   total 109248K, used 16545K [0x00000000e0000000, 0x00000000e8000000, 0x00000000e8000000)
  eden space 87424K,   0% used [0x00000000e0000000, 0x00000000e0000000, 0x00000000e5560000)
  from space 21824K,  75% used [0x00000000e6ab0000, 0x00000000e7ad8768, 0x00000000e8000000)
  to   space 21824K,   0% used [0x00000000e5560000, 0x00000000e5560000, 0x00000000e6ab0000)
 concurrent mark-sweep generation total 393216K, used 8120K [0x00000000e8000000, 0x0000000100000000, 0x0000000100000000)
 Metaspace       used 29366K, capacity 29754K, committed 30024K, reserved 1075200K
  class space    used 3430K, capacity 3571K, committed 3656K, reserved 1048576K
}
2023-04-15T12:08:04.592+0530: 71.261: Total time for which application threads were stopped: 0.0118783 seconds, Stopping threads took: 0.0000169 seconds
2023-04-15T12:08:04.593+0530: 71.261: Total time for which application threads were stopped: 0.0001069 seconds, Stopping threads took: 0.0000414 seconds
2023-04-15T12:08:04.617+0530: 71.285: Total time for which application threads were stopped: 0.0005677 seconds, Stopping threads took: 0.0000158 seconds
2023-04-15T12:08:04.618+0530: 71.287: Total time for which application threads were stopped: 0.0007872 seconds, Stopping threads took: 0.0000242 seconds
2023-04-15T12:08:04.620+0530: 71.289: Total time for which application threads were stopped: 0.0000823 seconds, Stopping threads took: 0.0000222 seconds
2023-04-15T12:08:04.620+0530: 71.289: Total time for which application threads were stopped: 0.0000678 seconds, Stopping threads took: 0.0000117 seconds
2023-04-15T12:08:04.620+0530: 71.289: Total time for which application threads were stopped: 0.0000561 seconds, Stopping threads took: 0.0000129 seconds
2023-04-15T12:08:04.621+0530: 71.289: Total time for which application threads were stopped: 0.0001498 seconds, Stopping threads took: 0.0000965 seconds
2023-04-15T12:08:04.621+0530: 71.289: Total time for which application threads were stopped: 0.0000702 seconds, Stopping threads took: 0.0000246 seconds
2023-04-15T12:08:04.622+0530: 71.290: Total time for which application threads were stopped: 0.0000571 seconds, Stopping threads took: 0.0000153 seconds
2023-04-15T12:08:04.622+0530: 71.290: Total time for which application threads were stopped: 0.0000860 seconds, Stopping threads took: 0.0000336 seconds
2023-04-15T12:08:04.622+0530: 71.290: Total time for which application threads were stopped: 0.0000624 seconds, Stopping threads took: 0.0000257 seconds
2023-04-15T12:08:04.622+0530: 71.291: Total time for which application threads were stopped: 0.0000524 seconds, Stopping threads took: 0.0000226 seconds
2023-04-15T12:08:04.622+0530: 71.291: Total time for which application threads were stopped: 0.0000637 seconds, Stopping threads took: 0.0000231 seconds
2023-04-15T12:08:04.622+0530: 71.291: Total time for which application threads were stopped: 0.0000675 seconds, Stopping threads took: 0.0000283 seconds
2023-04-15T12:08:05.622+0530: 72.291: Total time for which application threads were stopped: 0.0001467 seconds, Stopping threads took: 0.0000560 seconds
2023-04-15T12:08:19.624+0530: 86.292: Total time for which application threads were stopped: 0.0001601 seconds, Stopping threads took: 0.0000592 seconds
2023-04-15T12:08:44.626+0530: 111.295: Total time for which application threads were stopped: 0.0001509 seconds, Stopping threads took: 0.0000557 seconds
2023-04-15T12:08:48.449+0530: 115.117: Total time for which application threads were stopped: 0.0004828 seconds, Stopping threads took: 0.0000139 seconds
2023-04-15T12:08:48.449+0530: 115.118: Total time for which application threads were stopped: 0.0000750 seconds, Stopping threads took: 0.0000148 seconds
2023-04-15T12:08:48.450+0530: 115.118: Total time for which application threads were stopped: 0.0004076 seconds, Stopping threads took: 0.0000124 seconds
2023-04-15T12:08:48.452+0530: 115.121: Total time for which application threads were stopped: 0.0000900 seconds, Stopping threads took: 0.0000276 seconds
2023-04-15T12:08:48.453+0530: 115.121: Total time for which application threads were stopped: 0.0001015 seconds, Stopping threads took: 0.0000425 seconds
2023-04-15T12:08:48.454+0530: 115.122: Total time for which application threads were stopped: 0.0001643 seconds, Stopping threads took: 0.0001354 seconds
2023-04-15T12:08:48.462+0530: 115.130: Total time for which application threads were stopped: 0.0001912 seconds, Stopping threads took: 0.0001214 seconds
2023-04-15T12:08:48.466+0530: 115.134: Total time for which application threads were stopped: 0.0000984 seconds, Stopping threads took: 0.0000104 seconds
2023-04-15T12:08:48.470+0530: 115.138: Total time for which application threads were stopped: 0.0000711 seconds, Stopping threads took: 0.0000123 seconds
2023-04-15T12:08:48.473+0530: 115.141: Total time for which application threads were stopped: 0.0000499 seconds, Stopping threads took: 0.0000089 seconds
Heap
 par new generation   total 109248K, used 29175K [0x00000000e0000000, 0x00000000e8000000, 0x00000000e8000000)
  eden space 87424K,  14% used [0x00000000e0000000, 0x00000000e0c556a8, 0x00000000e5560000)
  from space 21824K,  75% used [0x00000000e6ab0000, 0x00000000e7ad8768, 0x00000000e8000000)
  to   space 21824K,   0% used [0x00000000e5560000, 0x00000000e5560000, 0x00000000e6ab0000)
 concurrent mark-sweep generation total 393216K, used 8120K [0x00000000e8000000, 0x0000000100000000, 0x0000000100000000)
 Metaspace       used 29874K, capacity 30348K, committed 30664K, reserved 1077248K
  class space    used 3508K, capacity 3658K, committed 3784K, reserved 1048576K
