OpenJDK 64-Bit Server VM (25.362-b09) for linux-amd64 JRE (1.8.0_362-8u362-ga-0ubuntu1~22.04-b09), built on Jan 24 2023 19:02:58 by "buildd" with gcc 11.3.0
Memory: 4k page, physical 32636936k(24601932k free), swap 2097148k(2097148k free)
CommandLine flags: -XX:CMSInitiatingOccupancyFraction=50 -XX:CMSMaxAbortablePrecleanTime=6000 -XX:+CMSParallelRemarkEnabled -XX:+CMSScavengeBeforeRemark -XX:ConcGCThreads=4 -XX:InitialHeapSize=536870912 -XX:MaxHeapSize=536870912 -XX:MaxTenuringThreshold=8 -XX:NewRatio=3 -XX:OldPLABSize=16 -XX:ParallelGCThreads=4 -XX:+ParallelRefProcEnabled -XX:PretenureSizeThreshold=67108864 -XX:+PrintGC -XX:+PrintGCApplicationStoppedTime -XX:+PrintGCDateStamps -XX:+PrintGCDetails -XX:+PrintGCTimeStamps -XX:+PrintHeapAtGC -XX:+PrintTenuringDistribution -XX:SurvivorRatio=4 -XX:TargetSurvivorRatio=90 -XX:ThreadStackSize=256 -XX:+UseCMSInitiatingOccupancyOnly -XX:+UseCompressedClassPointers -XX:+UseCompressedOops -XX:+UseConcMarkSweepGC -XX:+UseParNewGC 
2023-04-14T18:18:30.425+0530: 0.075: Total time for which application threads were stopped: 0.0000620 seconds, Stopping threads took: 0.0000082 seconds
2023-04-14T18:18:30.537+0530: 0.187: Total time for which application threads were stopped: 0.0001809 seconds, Stopping threads took: 0.0000170 seconds
2023-04-14T18:18:30.588+0530: 0.238: Total time for which application threads were stopped: 0.0001283 seconds, Stopping threads took: 0.0000118 seconds
2023-04-14T18:18:30.643+0530: 0.293: Total time for which application threads were stopped: 0.0001219 seconds, Stopping threads took: 0.0000110 seconds
2023-04-14T18:18:30.674+0530: 0.324: Total time for which application threads were stopped: 0.0001351 seconds, Stopping threads took: 0.0000133 seconds
2023-04-14T18:18:30.682+0530: 0.332: Total time for which application threads were stopped: 0.0001217 seconds, Stopping threads took: 0.0000132 seconds
2023-04-14T18:18:30.688+0530: 0.338: Total time for which application threads were stopped: 0.0002970 seconds, Stopping threads took: 0.0000325 seconds
{Heap before GC invocations=0 (full 0):
 par new generation   total 109248K, used 87424K [0x00000000e0000000, 0x00000000e8000000, 0x00000000e8000000)
  eden space 87424K, 100% used [0x00000000e0000000, 0x00000000e5560000, 0x00000000e5560000)
  from space 21824K,   0% used [0x00000000e5560000, 0x00000000e5560000, 0x00000000e6ab0000)
  to   space 21824K,   0% used [0x00000000e6ab0000, 0x00000000e6ab0000, 0x00000000e8000000)
 concurrent mark-sweep generation total 393216K, used 0K [0x00000000e8000000, 0x0000000100000000, 0x0000000100000000)
 Metaspace       used 10237K, capacity 10396K, committed 10496K, reserved 1058816K
  class space    used 1164K, capacity 1208K, committed 1280K, reserved 1048576K
2023-04-14T18:18:30.813+0530: 0.463: [GC (Allocation Failure) 2023-04-14T18:18:30.813+0530: 0.463: [ParNew
Desired survivor size 20112992 bytes, new threshold 8 (max 8)
- age   1:    5745200 bytes,    5745200 total
: 87424K->5667K(109248K), 0.0036814 secs] 87424K->5667K(502464K), 0.0037500 secs] [Times: user=0.01 sys=0.00, real=0.01 secs] 
Heap after GC invocations=1 (full 0):
 par new generation   total 109248K, used 5667K [0x00000000e0000000, 0x00000000e8000000, 0x00000000e8000000)
  eden space 87424K,   0% used [0x00000000e0000000, 0x00000000e0000000, 0x00000000e5560000)
  from space 21824K,  25% used [0x00000000e6ab0000, 0x00000000e7038e30, 0x00000000e8000000)
  to   space 21824K,   0% used [0x00000000e5560000, 0x00000000e5560000, 0x00000000e6ab0000)
 concurrent mark-sweep generation total 393216K, used 0K [0x00000000e8000000, 0x0000000100000000, 0x0000000100000000)
 Metaspace       used 10237K, capacity 10396K, committed 10496K, reserved 1058816K
  class space    used 1164K, capacity 1208K, committed 1280K, reserved 1048576K
}
2023-04-14T18:18:30.817+0530: 0.467: Total time for which application threads were stopped: 0.0038677 seconds, Stopping threads took: 0.0000139 seconds
2023-04-14T18:18:30.863+0530: 0.513: Total time for which application threads were stopped: 0.0001405 seconds, Stopping threads took: 0.0000136 seconds
2023-04-14T18:18:30.888+0530: 0.538: Total time for which application threads were stopped: 0.0003258 seconds, Stopping threads took: 0.0000199 seconds
2023-04-14T18:18:30.970+0530: 0.620: Total time for which application threads were stopped: 0.0002078 seconds, Stopping threads took: 0.0000144 seconds
2023-04-14T18:18:30.994+0530: 0.644: Total time for which application threads were stopped: 0.0001718 seconds, Stopping threads took: 0.0000127 seconds
2023-04-14T18:18:31.027+0530: 0.677: Total time for which application threads were stopped: 0.0001725 seconds, Stopping threads took: 0.0000141 seconds
2023-04-14T18:18:31.028+0530: 0.678: Total time for which application threads were stopped: 0.0001150 seconds, Stopping threads took: 0.0000079 seconds
2023-04-14T18:18:31.070+0530: 0.720: Total time for which application threads were stopped: 0.0002092 seconds, Stopping threads took: 0.0000140 seconds
2023-04-14T18:18:31.121+0530: 0.771: Total time for which application threads were stopped: 0.0003506 seconds, Stopping threads took: 0.0001105 seconds
{Heap before GC invocations=1 (full 0):
 par new generation   total 109248K, used 93091K [0x00000000e0000000, 0x00000000e8000000, 0x00000000e8000000)
  eden space 87424K, 100% used [0x00000000e0000000, 0x00000000e5560000, 0x00000000e5560000)
  from space 21824K,  25% used [0x00000000e6ab0000, 0x00000000e7038e30, 0x00000000e8000000)
  to   space 21824K,   0% used [0x00000000e5560000, 0x00000000e5560000, 0x00000000e6ab0000)
 concurrent mark-sweep generation total 393216K, used 0K [0x00000000e8000000, 0x0000000100000000, 0x0000000100000000)
 Metaspace       used 20007K, capacity 20376K, committed 20736K, reserved 1067008K
  class space    used 2335K, capacity 2488K, committed 2560K, reserved 1048576K
2023-04-14T18:18:31.256+0530: 0.906: [GC (Allocation Failure) 2023-04-14T18:18:31.256+0530: 0.906: [ParNew
Desired survivor size 20112992 bytes, new threshold 8 (max 8)
- age   1:    9695336 bytes,    9695336 total
- age   2:    2529384 bytes,   12224720 total
: 93091K->14095K(109248K), 0.0060837 secs] 93091K->14095K(502464K), 0.0061480 secs] [Times: user=0.01 sys=0.00, real=0.00 secs] 
Heap after GC invocations=2 (full 0):
 par new generation   total 109248K, used 14095K [0x00000000e0000000, 0x00000000e8000000, 0x00000000e8000000)
  eden space 87424K,   0% used [0x00000000e0000000, 0x00000000e0000000, 0x00000000e5560000)
  from space 21824K,  64% used [0x00000000e5560000, 0x00000000e6323f20, 0x00000000e6ab0000)
  to   space 21824K,   0% used [0x00000000e6ab0000, 0x00000000e6ab0000, 0x00000000e8000000)
 concurrent mark-sweep generation total 393216K, used 0K [0x00000000e8000000, 0x0000000100000000, 0x0000000100000000)
 Metaspace       used 20007K, capacity 20376K, committed 20736K, reserved 1067008K
  class space    used 2335K, capacity 2488K, committed 2560K, reserved 1048576K
}
2023-04-14T18:18:31.262+0530: 0.912: Total time for which application threads were stopped: 0.0063201 seconds, Stopping threads took: 0.0000439 seconds
2023-04-14T18:18:31.334+0530: 0.984: Total time for which application threads were stopped: 0.0002576 seconds, Stopping threads took: 0.0000174 seconds
2023-04-14T18:18:31.355+0530: 1.005: Total time for which application threads were stopped: 0.0003404 seconds, Stopping threads took: 0.0000855 seconds
2023-04-14T18:18:31.373+0530: 1.023: Total time for which application threads were stopped: 0.0002888 seconds, Stopping threads took: 0.0000181 seconds
2023-04-14T18:18:31.387+0530: 1.037: Total time for which application threads were stopped: 0.0001080 seconds, Stopping threads took: 0.0000422 seconds
2023-04-14T18:18:31.425+0530: 1.075: Total time for which application threads were stopped: 0.0001287 seconds, Stopping threads took: 0.0000357 seconds
2023-04-14T18:18:31.443+0530: 1.093: Total time for which application threads were stopped: 0.0001133 seconds, Stopping threads took: 0.0000441 seconds
{Heap before GC invocations=2 (full 0):
 par new generation   total 109248K, used 101506K [0x00000000e0000000, 0x00000000e8000000, 0x00000000e8000000)
  eden space 87424K,  99% used [0x00000000e0000000, 0x00000000e555cbb0, 0x00000000e5560000)
  from space 21824K,  64% used [0x00000000e5560000, 0x00000000e6323f20, 0x00000000e6ab0000)
  to   space 21824K,   0% used [0x00000000e6ab0000, 0x00000000e6ab0000, 0x00000000e8000000)
 concurrent mark-sweep generation total 393216K, used 0K [0x00000000e8000000, 0x0000000100000000, 0x0000000100000000)
 Metaspace       used 21551K, capacity 21912K, committed 22216K, reserved 1069056K
  class space    used 2513K, capacity 2680K, committed 2684K, reserved 1048576K
2023-04-14T18:18:31.448+0530: 1.098: [GC (Allocation Failure) 2023-04-14T18:18:31.448+0530: 1.098: [ParNew
Desired survivor size 20112992 bytes, new threshold 8 (max 8)
- age   1:    2749288 bytes,    2749288 total
- age   2:    4367784 bytes,    7117072 total
- age   3:    2498456 bytes,    9615528 total
: 101506K->17310K(109248K), 0.0052852 secs] 101506K->17310K(502464K), 0.0053554 secs] [Times: user=0.03 sys=0.00, real=0.00 secs] 
Heap after GC invocations=3 (full 0):
 par new generation   total 109248K, used 17310K [0x00000000e0000000, 0x00000000e8000000, 0x00000000e8000000)
  eden space 87424K,   0% used [0x00000000e0000000, 0x00000000e0000000, 0x00000000e5560000)
  from space 21824K,  79% used [0x00000000e6ab0000, 0x00000000e7b97a40, 0x00000000e8000000)
  to   space 21824K,   0% used [0x00000000e5560000, 0x00000000e5560000, 0x00000000e6ab0000)
 concurrent mark-sweep generation total 393216K, used 0K [0x00000000e8000000, 0x0000000100000000, 0x0000000100000000)
 Metaspace       used 21551K, capacity 21912K, committed 22216K, reserved 1069056K
  class space    used 2513K, capacity 2680K, committed 2684K, reserved 1048576K
}
2023-04-14T18:18:31.454+0530: 1.103: Total time for which application threads were stopped: 0.0054954 seconds, Stopping threads took: 0.0000384 seconds
2023-04-14T18:18:31.454+0530: 1.104: [GC (CMS Initial Mark) [1 CMS-initial-mark: 0K(393216K)] 19312K(502464K), 0.0020819 secs] [Times: user=0.01 sys=0.00, real=0.01 secs] 
2023-04-14T18:18:31.456+0530: 1.106: Total time for which application threads were stopped: 0.0022117 seconds, Stopping threads took: 0.0000463 seconds
2023-04-14T18:18:31.456+0530: 1.106: [CMS-concurrent-mark-start]
2023-04-14T18:18:31.456+0530: 1.106: [CMS-concurrent-mark: 0.001/0.001 secs] [Times: user=0.00 sys=0.00, real=0.00 secs] 
2023-04-14T18:18:31.456+0530: 1.106: [CMS-concurrent-preclean-start]
2023-04-14T18:18:31.458+0530: 1.108: [CMS-concurrent-preclean: 0.001/0.001 secs] [Times: user=0.00 sys=0.00, real=0.00 secs] 
2023-04-14T18:18:31.458+0530: 1.108: [CMS-concurrent-abortable-preclean-start]
2023-04-14T18:18:31.467+0530: 1.116: Total time for which application threads were stopped: 0.0002796 seconds, Stopping threads took: 0.0000418 seconds
2023-04-14T18:18:31.475+0530: 1.125: Total time for which application threads were stopped: 0.0002292 seconds, Stopping threads took: 0.0001330 seconds
2023-04-14T18:18:31.485+0530: 1.135: Total time for which application threads were stopped: 0.0001849 seconds, Stopping threads took: 0.0001279 seconds
2023-04-14T18:18:31.497+0530: 1.147: Total time for which application threads were stopped: 0.0000909 seconds, Stopping threads took: 0.0000337 seconds
2023-04-14T18:18:31.497+0530: 1.147: [CMS-concurrent-abortable-preclean: 0.027/0.039 secs] [Times: user=0.26 sys=0.00, real=0.04 secs] 
2023-04-14T18:18:31.497+0530: 1.147: [GC (CMS Final Remark) [YG occupancy: 66237 K (109248 K)]{Heap before GC invocations=3 (full 1):
 par new generation   total 109248K, used 66237K [0x00000000e0000000, 0x00000000e8000000, 0x00000000e8000000)
  eden space 87424K,  55% used [0x00000000e0000000, 0x00000000e2fc7af8, 0x00000000e5560000)
  from space 21824K,  79% used [0x00000000e6ab0000, 0x00000000e7b97a40, 0x00000000e8000000)
  to   space 21824K,   0% used [0x00000000e5560000, 0x00000000e5560000, 0x00000000e6ab0000)
 concurrent mark-sweep generation total 393216K, used 0K [0x00000000e8000000, 0x0000000100000000, 0x0000000100000000)
 Metaspace       used 22520K, capacity 22846K, committed 23084K, reserved 1069056K
  class space    used 2643K, capacity 2777K, committed 2888K, reserved 1048576K
2023-04-14T18:18:31.497+0530: 1.147: [GC (CMS Final Remark) 2023-04-14T18:18:31.497+0530: 1.147: [ParNew
Desired survivor size 20112992 bytes, new threshold 8 (max 8)
- age   1:    1195232 bytes,    1195232 total
- age   2:    1548800 bytes,    2744032 total
- age   3:    4352648 bytes,    7096680 total
- age   4:    2498456 bytes,    9595136 total
: 66237K->11642K(109248K), 0.0049873 secs] 66237K->11642K(502464K), 0.0050289 secs] [Times: user=0.03 sys=0.00, real=0.00 secs] 
Heap after GC invocations=4 (full 1):
 par new generation   total 109248K, used 11642K [0x00000000e0000000, 0x00000000e8000000, 0x00000000e8000000)
  eden space 87424K,   0% used [0x00000000e0000000, 0x00000000e0000000, 0x00000000e5560000)
  from space 21824K,  53% used [0x00000000e5560000, 0x00000000e60be930, 0x00000000e6ab0000)
  to   space 21824K,   0% used [0x00000000e6ab0000, 0x00000000e6ab0000, 0x00000000e8000000)
 concurrent mark-sweep generation total 393216K, used 0K [0x00000000e8000000, 0x0000000100000000, 0x0000000100000000)
 Metaspace       used 22520K, capacity 22846K, committed 23084K, reserved 1069056K
  class space    used 2643K, capacity 2777K, committed 2888K, reserved 1048576K
}
2023-04-14T18:18:31.502+0530: 1.152: [Rescan (parallel) , 0.0018072 secs]2023-04-14T18:18:31.504+0530: 1.154: [weak refs processing, 0.0003917 secs]2023-04-14T18:18:31.505+0530: 1.155: [class unloading, 0.0028230 secs]2023-04-14T18:18:31.507+0530: 1.157: [scrub symbol table, 0.0017101 secs]2023-04-14T18:18:31.509+0530: 1.159: [scrub string table, 0.0002869 secs][1 CMS-remark: 0K(393216K)] 11642K(502464K), 0.0127132 secs] [Times: user=0.05 sys=0.00, real=0.01 secs] 
2023-04-14T18:18:31.510+0530: 1.160: Total time for which application threads were stopped: 0.0128483 seconds, Stopping threads took: 0.0000873 seconds
2023-04-14T18:18:31.510+0530: 1.160: [CMS-concurrent-sweep-start]
2023-04-14T18:18:31.510+0530: 1.160: [CMS-concurrent-sweep: 0.000/0.000 secs] [Times: user=0.00 sys=0.00, real=0.00 secs] 
2023-04-14T18:18:31.510+0530: 1.160: [CMS-concurrent-reset-start]
2023-04-14T18:18:31.513+0530: 1.163: [CMS-concurrent-reset: 0.003/0.003 secs] [Times: user=0.01 sys=0.00, real=0.00 secs] 
{Heap before GC invocations=4 (full 1):
 par new generation   total 109248K, used 99066K [0x00000000e0000000, 0x00000000e8000000, 0x00000000e8000000)
  eden space 87424K, 100% used [0x00000000e0000000, 0x00000000e5560000, 0x00000000e5560000)
  from space 21824K,  53% used [0x00000000e5560000, 0x00000000e60be930, 0x00000000e6ab0000)
  to   space 21824K,   0% used [0x00000000e6ab0000, 0x00000000e6ab0000, 0x00000000e8000000)
 concurrent mark-sweep generation total 393216K, used 0K [0x00000000e8000000, 0x0000000100000000, 0x0000000100000000)
 Metaspace       used 23108K, capacity 23452K, committed 23852K, reserved 1071104K
  class space    used 2716K, capacity 2846K, committed 2888K, reserved 1048576K
2023-04-14T18:18:31.567+0530: 1.217: [GC (Allocation Failure) 2023-04-14T18:18:31.567+0530: 1.217: [ParNew
Desired survivor size 20112992 bytes, new threshold 8 (max 8)
- age   1:     863848 bytes,     863848 total
- age   2:     379648 bytes,    1243496 total
- age   3:    1547800 bytes,    2791296 total
- age   4:    4351944 bytes,    7143240 total
- age   5:    2498320 bytes,    9641560 total
: 99066K->14150K(109248K), 0.0053115 secs] 99066K->14150K(502464K), 0.0053692 secs] [Times: user=0.02 sys=0.01, real=0.00 secs] 
Heap after GC invocations=5 (full 1):
 par new generation   total 109248K, used 14150K [0x00000000e0000000, 0x00000000e8000000, 0x00000000e8000000)
  eden space 87424K,   0% used [0x00000000e0000000, 0x00000000e0000000, 0x00000000e5560000)
  from space 21824K,  64% used [0x00000000e6ab0000, 0x00000000e7881a38, 0x00000000e8000000)
  to   space 21824K,   0% used [0x00000000e5560000, 0x00000000e5560000, 0x00000000e6ab0000)
 concurrent mark-sweep generation total 393216K, used 0K [0x00000000e8000000, 0x0000000100000000, 0x0000000100000000)
 Metaspace       used 23108K, capacity 23452K, committed 23852K, reserved 1071104K
  class space    used 2716K, capacity 2846K, committed 2888K, reserved 1048576K
}
2023-04-14T18:18:31.573+0530: 1.223: Total time for which application threads were stopped: 0.0055441 seconds, Stopping threads took: 0.0000382 seconds
{Heap before GC invocations=5 (full 1):
 par new generation   total 109248K, used 101574K [0x00000000e0000000, 0x00000000e8000000, 0x00000000e8000000)
  eden space 87424K, 100% used [0x00000000e0000000, 0x00000000e5560000, 0x00000000e5560000)
  from space 21824K,  64% used [0x00000000e6ab0000, 0x00000000e7881a38, 0x00000000e8000000)
  to   space 21824K,   0% used [0x00000000e5560000, 0x00000000e5560000, 0x00000000e6ab0000)
 concurrent mark-sweep generation total 393216K, used 0K [0x00000000e8000000, 0x0000000100000000, 0x0000000100000000)
 Metaspace       used 23288K, capacity 23620K, committed 23852K, reserved 1071104K
  class space    used 2741K, capacity 2880K, committed 2888K, reserved 1048576K
2023-04-14T18:18:31.638+0530: 1.288: [GC (Allocation Failure) 2023-04-14T18:18:31.638+0530: 1.288: [ParNew
Desired survivor size 20112992 bytes, new threshold 8 (max 8)
- age   1:     311912 bytes,     311912 total
- age   2:     181968 bytes,     493880 total
- age   3:     378672 bytes,     872552 total
- age   4:    1547712 bytes,    2420264 total
- age   5:    4347856 bytes,    6768120 total
- age   6:    2498304 bytes,    9266424 total
: 101574K->10938K(109248K), 0.0079029 secs] 101574K->10938K(502464K), 0.0080038 secs] [Times: user=0.04 sys=0.00, real=0.01 secs] 
Heap after GC invocations=6 (full 1):
 par new generation   total 109248K, used 10938K [0x00000000e0000000, 0x00000000e8000000, 0x00000000e8000000)
  eden space 87424K,   0% used [0x00000000e0000000, 0x00000000e0000000, 0x00000000e5560000)
  from space 21824K,  50% used [0x00000000e5560000, 0x00000000e600ea10, 0x00000000e6ab0000)
  to   space 21824K,   0% used [0x00000000e6ab0000, 0x00000000e6ab0000, 0x00000000e8000000)
 concurrent mark-sweep generation total 393216K, used 0K [0x00000000e8000000, 0x0000000100000000, 0x0000000100000000)
 Metaspace       used 23288K, capacity 23620K, committed 23852K, reserved 1071104K
  class space    used 2741K, capacity 2880K, committed 2888K, reserved 1048576K
}
2023-04-14T18:18:31.646+0530: 1.296: Total time for which application threads were stopped: 0.0082222 seconds, Stopping threads took: 0.0000654 seconds
2023-04-14T18:18:31.739+0530: 1.389: Total time for which application threads were stopped: 0.0003731 seconds, Stopping threads took: 0.0000418 seconds
{Heap before GC invocations=6 (full 1):
 par new generation   total 109248K, used 98362K [0x00000000e0000000, 0x00000000e8000000, 0x00000000e8000000)
  eden space 87424K, 100% used [0x00000000e0000000, 0x00000000e5560000, 0x00000000e5560000)
  from space 21824K,  50% used [0x00000000e5560000, 0x00000000e600ea10, 0x00000000e6ab0000)
  to   space 21824K,   0% used [0x00000000e6ab0000, 0x00000000e6ab0000, 0x00000000e8000000)
 concurrent mark-sweep generation total 393216K, used 0K [0x00000000e8000000, 0x0000000100000000, 0x0000000100000000)
 Metaspace       used 25560K, capacity 25928K, committed 26156K, reserved 1073152K
  class space    used 3005K, capacity 3134K, committed 3144K, reserved 1048576K
2023-04-14T18:18:31.828+0530: 1.478: [GC (Allocation Failure) 2023-04-14T18:18:31.828+0530: 1.478: [ParNew
Desired survivor size 20112992 bytes, new threshold 8 (max 8)
- age   1:    2843992 bytes,    2843992 total
- age   2:     110720 bytes,    2954712 total
- age   3:     180736 bytes,    3135448 total
- age   4:     377792 bytes,    3513240 total
- age   5:     335648 bytes,    3848888 total
- age   6:    4341680 bytes,    8190568 total
- age   7:    2498152 bytes,   10688720 total
: 98362K->13791K(109248K), 0.0051872 secs] 98362K->13791K(502464K), 0.0052419 secs] [Times: user=0.03 sys=0.00, real=0.00 secs] 
Heap after GC invocations=7 (full 1):
 par new generation   total 109248K, used 13791K [0x00000000e0000000, 0x00000000e8000000, 0x00000000e8000000)
  eden space 87424K,   0% used [0x00000000e0000000, 0x00000000e0000000, 0x00000000e5560000)
  from space 21824K,  63% used [0x00000000e6ab0000, 0x00000000e7827db0, 0x00000000e8000000)
  to   space 21824K,   0% used [0x00000000e5560000, 0x00000000e5560000, 0x00000000e6ab0000)
 concurrent mark-sweep generation total 393216K, used 0K [0x00000000e8000000, 0x0000000100000000, 0x0000000100000000)
 Metaspace       used 25560K, capacity 25928K, committed 26156K, reserved 1073152K
  class space    used 3005K, capacity 3134K, committed 3144K, reserved 1048576K
}
2023-04-14T18:18:31.833+0530: 1.483: Total time for which application threads were stopped: 0.0054238 seconds, Stopping threads took: 0.0000339 seconds
2023-04-14T18:18:31.844+0530: 1.494: Total time for which application threads were stopped: 0.0003241 seconds, Stopping threads took: 0.0000153 seconds
2023-04-14T18:18:31.852+0530: 1.502: Total time for which application threads were stopped: 0.0003199 seconds, Stopping threads took: 0.0000166 seconds
2023-04-14T18:18:32.060+0530: 1.710: Total time for which application threads were stopped: 0.0003838 seconds, Stopping threads took: 0.0000173 seconds
2023-04-14T18:18:32.061+0530: 1.711: Total time for which application threads were stopped: 0.0003365 seconds, Stopping threads took: 0.0000134 seconds
2023-04-14T18:18:33.061+0530: 2.711: Total time for which application threads were stopped: 0.0002839 seconds, Stopping threads took: 0.0000584 seconds
2023-04-14T18:18:34.391+0530: 4.041: Total time for which application threads were stopped: 0.0007971 seconds, Stopping threads took: 0.0000463 seconds
2023-04-14T18:18:38.391+0530: 8.041: Total time for which application threads were stopped: 0.0000663 seconds, Stopping threads took: 0.0000174 seconds
2023-04-14T18:18:45.304+0530: 14.954: Total time for which application threads were stopped: 0.0001056 seconds, Stopping threads took: 0.0000231 seconds
2023-04-14T18:18:45.304+0530: 14.954: Total time for which application threads were stopped: 0.0000872 seconds, Stopping threads took: 0.0000158 seconds
2023-04-14T18:18:45.304+0530: 14.954: Total time for which application threads were stopped: 0.0000750 seconds, Stopping threads took: 0.0000097 seconds
2023-04-14T18:18:45.304+0530: 14.954: Total time for which application threads were stopped: 0.0000603 seconds, Stopping threads took: 0.0000130 seconds
2023-04-14T18:18:45.304+0530: 14.954: Total time for which application threads were stopped: 0.0000752 seconds, Stopping threads took: 0.0000252 seconds
2023-04-14T18:18:45.307+0530: 14.957: Total time for which application threads were stopped: 0.0000846 seconds, Stopping threads took: 0.0000303 seconds
2023-04-14T18:18:45.307+0530: 14.957: Total time for which application threads were stopped: 0.0000533 seconds, Stopping threads took: 0.0000186 seconds
2023-04-14T18:18:45.307+0530: 14.957: Total time for which application threads were stopped: 0.0000549 seconds, Stopping threads took: 0.0000284 seconds
2023-04-14T18:18:45.308+0530: 14.958: Total time for which application threads were stopped: 0.0000518 seconds, Stopping threads took: 0.0000174 seconds
2023-04-14T18:18:45.308+0530: 14.958: Total time for which application threads were stopped: 0.0000481 seconds, Stopping threads took: 0.0000165 seconds
2023-04-14T18:18:46.308+0530: 15.958: Total time for which application threads were stopped: 0.0003161 seconds, Stopping threads took: 0.0000920 seconds
2023-04-14T18:18:47.079+0530: 16.729: Total time for which application threads were stopped: 0.0001996 seconds, Stopping threads took: 0.0000608 seconds
2023-04-14T18:18:47.079+0530: 16.729: Total time for which application threads were stopped: 0.0000922 seconds, Stopping threads took: 0.0000326 seconds
2023-04-14T18:18:47.083+0530: 16.733: Total time for which application threads were stopped: 0.0002052 seconds, Stopping threads took: 0.0001075 seconds
2023-04-14T18:18:47.085+0530: 16.735: Total time for which application threads were stopped: 0.0004723 seconds, Stopping threads took: 0.0000189 seconds
2023-04-14T18:18:47.097+0530: 16.747: Total time for which application threads were stopped: 0.0002319 seconds, Stopping threads took: 0.0001345 seconds
2023-04-14T18:18:47.097+0530: 16.747: Total time for which application threads were stopped: 0.0000893 seconds, Stopping threads took: 0.0000302 seconds
2023-04-14T18:18:47.098+0530: 16.748: Total time for which application threads were stopped: 0.0001042 seconds, Stopping threads took: 0.0000369 seconds
2023-04-14T18:18:47.098+0530: 16.748: Total time for which application threads were stopped: 0.0004791 seconds, Stopping threads took: 0.0004177 seconds
2023-04-14T18:18:47.098+0530: 16.748: Total time for which application threads were stopped: 0.0000729 seconds, Stopping threads took: 0.0000252 seconds
2023-04-14T18:18:47.099+0530: 16.749: Total time for which application threads were stopped: 0.0001097 seconds, Stopping threads took: 0.0000248 seconds
2023-04-14T18:18:47.101+0530: 16.751: Total time for which application threads were stopped: 0.0001342 seconds, Stopping threads took: 0.0000557 seconds
2023-04-14T18:18:47.101+0530: 16.751: Total time for which application threads were stopped: 0.0000720 seconds, Stopping threads took: 0.0000291 seconds
2023-04-14T18:18:47.101+0530: 16.751: Total time for which application threads were stopped: 0.0000586 seconds, Stopping threads took: 0.0000273 seconds
2023-04-14T18:18:47.101+0530: 16.751: Total time for which application threads were stopped: 0.0000368 seconds, Stopping threads took: 0.0000163 seconds
2023-04-14T18:18:47.102+0530: 16.751: Total time for which application threads were stopped: 0.0000715 seconds, Stopping threads took: 0.0000390 seconds
2023-04-14T18:18:47.102+0530: 16.752: Total time for which application threads were stopped: 0.0000383 seconds, Stopping threads took: 0.0000111 seconds
2023-04-14T18:18:47.102+0530: 16.752: Total time for which application threads were stopped: 0.0000413 seconds, Stopping threads took: 0.0000200 seconds
2023-04-14T18:18:47.102+0530: 16.752: Total time for which application threads were stopped: 0.0000430 seconds, Stopping threads took: 0.0000221 seconds
2023-04-14T18:18:47.104+0530: 16.754: Total time for which application threads were stopped: 0.0000957 seconds, Stopping threads took: 0.0000296 seconds
2023-04-14T18:18:47.104+0530: 16.754: Total time for which application threads were stopped: 0.0000596 seconds, Stopping threads took: 0.0000265 seconds
2023-04-14T18:18:47.104+0530: 16.754: Total time for which application threads were stopped: 0.0000443 seconds, Stopping threads took: 0.0000182 seconds
2023-04-14T18:18:47.104+0530: 16.754: Total time for which application threads were stopped: 0.0000569 seconds, Stopping threads took: 0.0000260 seconds
2023-04-14T18:18:47.104+0530: 16.754: Total time for which application threads were stopped: 0.0000519 seconds, Stopping threads took: 0.0000265 seconds
2023-04-14T18:18:48.105+0530: 17.755: Total time for which application threads were stopped: 0.0002531 seconds, Stopping threads took: 0.0000655 seconds
2023-04-14T18:18:52.018+0530: 21.668: Total time for which application threads were stopped: 0.0003617 seconds, Stopping threads took: 0.0001156 seconds
2023-04-14T18:18:52.019+0530: 21.669: Total time for which application threads were stopped: 0.0000791 seconds, Stopping threads took: 0.0000277 seconds
2023-04-14T18:18:52.019+0530: 21.669: Total time for which application threads were stopped: 0.0000725 seconds, Stopping threads took: 0.0000141 seconds
2023-04-14T18:18:52.019+0530: 21.669: Total time for which application threads were stopped: 0.0000427 seconds, Stopping threads took: 0.0000096 seconds
2023-04-14T18:18:52.020+0530: 21.670: Total time for which application threads were stopped: 0.0001624 seconds, Stopping threads took: 0.0000090 seconds
2023-04-14T18:19:01.023+0530: 30.673: Total time for which application threads were stopped: 0.0003474 seconds, Stopping threads took: 0.0001218 seconds
2023-04-14T18:19:29.049+0530: 58.699: Total time for which application threads were stopped: 0.0000683 seconds, Stopping threads took: 0.0000140 seconds
2023-04-14T18:19:29.050+0530: 58.700: Total time for which application threads were stopped: 0.0003873 seconds, Stopping threads took: 0.0000077 seconds
2023-04-14T18:19:29.052+0530: 58.702: Total time for which application threads were stopped: 0.0000557 seconds, Stopping threads took: 0.0000078 seconds
2023-04-14T18:19:29.052+0530: 58.702: Total time for which application threads were stopped: 0.0000329 seconds, Stopping threads took: 0.0000060 seconds
2023-04-14T18:19:29.053+0530: 58.703: Total time for which application threads were stopped: 0.0000338 seconds, Stopping threads took: 0.0000088 seconds
2023-04-14T18:19:29.060+0530: 58.710: Total time for which application threads were stopped: 0.0000584 seconds, Stopping threads took: 0.0000089 seconds
2023-04-14T18:19:29.064+0530: 58.714: Total time for which application threads were stopped: 0.0000659 seconds, Stopping threads took: 0.0000117 seconds
Heap
 par new generation   total 109248K, used 91380K [0x00000000e0000000, 0x00000000e8000000, 0x00000000e8000000)
  eden space 87424K,  88% used [0x00000000e0000000, 0x00000000e4bc5628, 0x00000000e5560000)
  from space 21824K,  63% used [0x00000000e6ab0000, 0x00000000e7827db0, 0x00000000e8000000)
  to   space 21824K,   0% used [0x00000000e5560000, 0x00000000e5560000, 0x00000000e6ab0000)
 concurrent mark-sweep generation total 393216K, used 0K [0x00000000e8000000, 0x0000000100000000, 0x0000000100000000)
 Metaspace       used 30185K, capacity 30586K, committed 30892K, reserved 1077248K
  class space    used 3559K, capacity 3681K, committed 3784K, reserved 1048576K
