OpenJDK 64-Bit Server VM (25.362-b09) for linux-amd64 JRE (1.8.0_362-8u362-ga-0ubuntu1~22.04-b09), built on Jan 24 2023 19:02:58 by "buildd" with gcc 11.3.0
Memory: 4k page, physical 32636936k(25341224k free), swap 2097148k(2097148k free)
CommandLine flags: -XX:CMSInitiatingOccupancyFraction=50 -XX:CMSMaxAbortablePrecleanTime=6000 -XX:+CMSParallelRemarkEnabled -XX:+CMSScavengeBeforeRemark -XX:ConcGCThreads=4 -XX:InitialHeapSize=536870912 -XX:MaxHeapSize=536870912 -XX:MaxTenuringThreshold=8 -XX:NewRatio=3 -XX:OldPLABSize=16 -XX:ParallelGCThreads=4 -XX:+ParallelRefProcEnabled -XX:PretenureSizeThreshold=67108864 -XX:+PrintGC -XX:+PrintGCApplicationStoppedTime -XX:+PrintGCDateStamps -XX:+PrintGCDetails -XX:+PrintGCTimeStamps -XX:+PrintHeapAtGC -XX:+PrintTenuringDistribution -XX:SurvivorRatio=4 -XX:TargetSurvivorRatio=90 -XX:ThreadStackSize=256 -XX:+UseCMSInitiatingOccupancyOnly -XX:+UseCompressedClassPointers -XX:+UseCompressedOops -XX:+UseConcMarkSweepGC -XX:+UseParNewGC 
2023-04-21T10:43:43.778+0530: 0.083: Total time for which application threads were stopped: 0.0000673 seconds, Stopping threads took: 0.0000113 seconds
2023-04-21T10:43:43.871+0530: 0.176: Total time for which application threads were stopped: 0.0001108 seconds, Stopping threads took: 0.0000086 seconds
2023-04-21T10:43:43.918+0530: 0.223: Total time for which application threads were stopped: 0.0000961 seconds, Stopping threads took: 0.0000089 seconds
2023-04-21T10:43:43.968+0530: 0.273: Total time for which application threads were stopped: 0.0001118 seconds, Stopping threads took: 0.0000094 seconds
2023-04-21T10:43:43.994+0530: 0.299: Total time for which application threads were stopped: 0.0001360 seconds, Stopping threads took: 0.0000110 seconds
2023-04-21T10:43:44.001+0530: 0.306: Total time for which application threads were stopped: 0.0001385 seconds, Stopping threads took: 0.0000121 seconds
2023-04-21T10:43:44.007+0530: 0.312: Total time for which application threads were stopped: 0.0001345 seconds, Stopping threads took: 0.0000167 seconds
{Heap before GC invocations=0 (full 0):
 par new generation   total 109248K, used 87424K [0x00000000e0000000, 0x00000000e8000000, 0x00000000e8000000)
  eden space 87424K, 100% used [0x00000000e0000000, 0x00000000e5560000, 0x00000000e5560000)
  from space 21824K,   0% used [0x00000000e5560000, 0x00000000e5560000, 0x00000000e6ab0000)
  to   space 21824K,   0% used [0x00000000e6ab0000, 0x00000000e6ab0000, 0x00000000e8000000)
 concurrent mark-sweep generation total 393216K, used 0K [0x00000000e8000000, 0x0000000100000000, 0x0000000100000000)
 Metaspace       used 10239K, capacity 10392K, committed 10496K, reserved 1058816K
  class space    used 1164K, capacity 1208K, committed 1280K, reserved 1048576K
2023-04-21T10:43:44.132+0530: 0.437: [GC (Allocation Failure) 2023-04-21T10:43:44.132+0530: 0.437: [ParNew
Desired survivor size 20112992 bytes, new threshold 8 (max 8)
- age   1:    5978472 bytes,    5978472 total
: 87424K->5894K(109248K), 0.0039609 secs] 87424K->5894K(502464K), 0.0040426 secs] [Times: user=0.01 sys=0.00, real=0.00 secs] 
Heap after GC invocations=1 (full 0):
 par new generation   total 109248K, used 5894K [0x00000000e0000000, 0x00000000e8000000, 0x00000000e8000000)
  eden space 87424K,   0% used [0x00000000e0000000, 0x00000000e0000000, 0x00000000e5560000)
  from space 21824K,  27% used [0x00000000e6ab0000, 0x00000000e7071b10, 0x00000000e8000000)
  to   space 21824K,   0% used [0x00000000e5560000, 0x00000000e5560000, 0x00000000e6ab0000)
 concurrent mark-sweep generation total 393216K, used 0K [0x00000000e8000000, 0x0000000100000000, 0x0000000100000000)
 Metaspace       used 10239K, capacity 10392K, committed 10496K, reserved 1058816K
  class space    used 1164K, capacity 1208K, committed 1280K, reserved 1048576K
}
2023-04-21T10:43:44.136+0530: 0.441: Total time for which application threads were stopped: 0.0041627 seconds, Stopping threads took: 0.0000139 seconds
2023-04-21T10:43:44.170+0530: 0.475: Total time for which application threads were stopped: 0.0001425 seconds, Stopping threads took: 0.0000119 seconds
2023-04-21T10:43:44.193+0530: 0.498: Total time for which application threads were stopped: 0.0001739 seconds, Stopping threads took: 0.0000114 seconds
2023-04-21T10:43:44.267+0530: 0.572: Total time for which application threads were stopped: 0.0002043 seconds, Stopping threads took: 0.0000140 seconds
2023-04-21T10:43:44.291+0530: 0.596: Total time for which application threads were stopped: 0.0001975 seconds, Stopping threads took: 0.0000139 seconds
2023-04-21T10:43:44.315+0530: 0.620: Total time for which application threads were stopped: 0.0002307 seconds, Stopping threads took: 0.0000189 seconds
2023-04-21T10:43:44.315+0530: 0.620: Total time for which application threads were stopped: 0.0001703 seconds, Stopping threads took: 0.0000108 seconds
2023-04-21T10:43:44.349+0530: 0.654: Total time for which application threads were stopped: 0.0002166 seconds, Stopping threads took: 0.0000139 seconds
2023-04-21T10:43:44.396+0530: 0.701: Total time for which application threads were stopped: 0.0003994 seconds, Stopping threads took: 0.0001799 seconds
{Heap before GC invocations=1 (full 0):
 par new generation   total 109248K, used 93318K [0x00000000e0000000, 0x00000000e8000000, 0x00000000e8000000)
  eden space 87424K, 100% used [0x00000000e0000000, 0x00000000e5560000, 0x00000000e5560000)
  from space 21824K,  27% used [0x00000000e6ab0000, 0x00000000e7071b10, 0x00000000e8000000)
  to   space 21824K,   0% used [0x00000000e5560000, 0x00000000e5560000, 0x00000000e6ab0000)
 concurrent mark-sweep generation total 393216K, used 0K [0x00000000e8000000, 0x0000000100000000, 0x0000000100000000)
 Metaspace       used 19733K, capacity 20084K, committed 20352K, reserved 1067008K
  class space    used 2258K, capacity 2392K, committed 2432K, reserved 1048576K
2023-04-21T10:43:44.501+0530: 0.806: [GC (Allocation Failure) 2023-04-21T10:43:44.501+0530: 0.806: [ParNew
Desired survivor size 20112992 bytes, new threshold 8 (max 8)
- age   1:   10358432 bytes,   10358432 total
- age   2:    2584776 bytes,   12943208 total
: 93318K->13875K(109248K), 0.0062279 secs] 93318K->13875K(502464K), 0.0062976 secs] [Times: user=0.02 sys=0.01, real=0.01 secs] 
Heap after GC invocations=2 (full 0):
 par new generation   total 109248K, used 13875K [0x00000000e0000000, 0x00000000e8000000, 0x00000000e8000000)
  eden space 87424K,   0% used [0x00000000e0000000, 0x00000000e0000000, 0x00000000e5560000)
  from space 21824K,  63% used [0x00000000e5560000, 0x00000000e62ece20, 0x00000000e6ab0000)
  to   space 21824K,   0% used [0x00000000e6ab0000, 0x00000000e6ab0000, 0x00000000e8000000)
 concurrent mark-sweep generation total 393216K, used 0K [0x00000000e8000000, 0x0000000100000000, 0x0000000100000000)
 Metaspace       used 19733K, capacity 20084K, committed 20352K, reserved 1067008K
  class space    used 2258K, capacity 2392K, committed 2432K, reserved 1048576K
}
2023-04-21T10:43:44.508+0530: 0.813: Total time for which application threads were stopped: 0.0064649 seconds, Stopping threads took: 0.0000317 seconds
2023-04-21T10:43:44.587+0530: 0.892: Total time for which application threads were stopped: 0.0002333 seconds, Stopping threads took: 0.0000174 seconds
2023-04-21T10:43:44.610+0530: 0.915: Total time for which application threads were stopped: 0.0002697 seconds, Stopping threads took: 0.0000310 seconds
{Heap before GC invocations=2 (full 0):
 par new generation   total 109248K, used 101299K [0x00000000e0000000, 0x00000000e8000000, 0x00000000e8000000)
  eden space 87424K, 100% used [0x00000000e0000000, 0x00000000e5560000, 0x00000000e5560000)
  from space 21824K,  63% used [0x00000000e5560000, 0x00000000e62ece20, 0x00000000e6ab0000)
  to   space 21824K,   0% used [0x00000000e6ab0000, 0x00000000e6ab0000, 0x00000000e8000000)
 concurrent mark-sweep generation total 393216K, used 0K [0x00000000e8000000, 0x0000000100000000, 0x0000000100000000)
 Metaspace       used 20650K, capacity 20980K, committed 21248K, reserved 1069056K
  class space    used 2395K, capacity 2520K, committed 2560K, reserved 1048576K
2023-04-21T10:43:44.616+0530: 0.921: [GC (Allocation Failure) 2023-04-21T10:43:44.616+0530: 0.921: [ParNew
Desired survivor size 20112992 bytes, new threshold 8 (max 8)
- age   1:    1630296 bytes,    1630296 total
- age   2:    4931184 bytes,    6561480 total
- age   3:    2554352 bytes,    9115832 total
: 101299K->13088K(109248K), 0.0041527 secs] 101299K->13088K(502464K), 0.0042256 secs] [Times: user=0.01 sys=0.01, real=0.00 secs] 
Heap after GC invocations=3 (full 0):
 par new generation   total 109248K, used 13088K [0x00000000e0000000, 0x00000000e8000000, 0x00000000e8000000)
  eden space 87424K,   0% used [0x00000000e0000000, 0x00000000e0000000, 0x00000000e5560000)
  from space 21824K,  59% used [0x00000000e6ab0000, 0x00000000e7778030, 0x00000000e8000000)
  to   space 21824K,   0% used [0x00000000e5560000, 0x00000000e5560000, 0x00000000e6ab0000)
 concurrent mark-sweep generation total 393216K, used 0K [0x00000000e8000000, 0x0000000100000000, 0x0000000100000000)
 Metaspace       used 20650K, capacity 20980K, committed 21248K, reserved 1069056K
  class space    used 2395K, capacity 2520K, committed 2560K, reserved 1048576K
}
2023-04-21T10:43:44.620+0530: 0.925: Total time for which application threads were stopped: 0.0043599 seconds, Stopping threads took: 0.0000394 seconds
2023-04-21T10:43:44.632+0530: 0.937: Total time for which application threads were stopped: 0.0002655 seconds, Stopping threads took: 0.0000429 seconds
2023-04-21T10:43:44.641+0530: 0.946: Total time for which application threads were stopped: 0.0001359 seconds, Stopping threads took: 0.0000743 seconds
2023-04-21T10:43:44.683+0530: 0.988: Total time for which application threads were stopped: 0.0001521 seconds, Stopping threads took: 0.0000681 seconds
{Heap before GC invocations=3 (full 0):
 par new generation   total 109248K, used 100512K [0x00000000e0000000, 0x00000000e8000000, 0x00000000e8000000)
  eden space 87424K, 100% used [0x00000000e0000000, 0x00000000e5560000, 0x00000000e5560000)
  from space 21824K,  59% used [0x00000000e6ab0000, 0x00000000e7778030, 0x00000000e8000000)
  to   space 21824K,   0% used [0x00000000e5560000, 0x00000000e5560000, 0x00000000e6ab0000)
 concurrent mark-sweep generation total 393216K, used 0K [0x00000000e8000000, 0x0000000100000000, 0x0000000100000000)
 Metaspace       used 21420K, capacity 21792K, committed 21960K, reserved 1069056K
  class space    used 2483K, capacity 2618K, committed 2684K, reserved 1048576K
2023-04-21T10:43:44.716+0530: 1.021: [GC (Allocation Failure) 2023-04-21T10:43:44.716+0530: 1.021: [ParNew
Desired survivor size 20112992 bytes, new threshold 8 (max 8)
- age   1:    2821840 bytes,    2821840 total
- age   2:     309720 bytes,    3131560 total
- age   3:    4904712 bytes,    8036272 total
- age   4:    2553008 bytes,   10589280 total
: 100512K->13399K(109248K), 0.0061708 secs] 100512K->13399K(502464K), 0.0062419 secs] [Times: user=0.03 sys=0.00, real=0.00 secs] 
Heap after GC invocations=4 (full 0):
 par new generation   total 109248K, used 13399K [0x00000000e0000000, 0x00000000e8000000, 0x00000000e8000000)
  eden space 87424K,   0% used [0x00000000e0000000, 0x00000000e0000000, 0x00000000e5560000)
  from space 21824K,  61% used [0x00000000e5560000, 0x00000000e6275fc8, 0x00000000e6ab0000)
  to   space 21824K,   0% used [0x00000000e6ab0000, 0x00000000e6ab0000, 0x00000000e8000000)
 concurrent mark-sweep generation total 393216K, used 0K [0x00000000e8000000, 0x0000000100000000, 0x0000000100000000)
 Metaspace       used 21420K, capacity 21792K, committed 21960K, reserved 1069056K
  class space    used 2483K, capacity 2618K, committed 2684K, reserved 1048576K
}
2023-04-21T10:43:44.723+0530: 1.028: Total time for which application threads were stopped: 0.0064111 seconds, Stopping threads took: 0.0000571 seconds
2023-04-21T10:43:44.728+0530: 1.033: [GC (CMS Initial Mark) [1 CMS-initial-mark: 0K(393216K)] 17468K(502464K), 0.0027212 secs] [Times: user=0.01 sys=0.00, real=0.00 secs] 
2023-04-21T10:43:44.731+0530: 1.035: Total time for which application threads were stopped: 0.0067456 seconds, Stopping threads took: 0.0039306 seconds
2023-04-21T10:43:44.731+0530: 1.036: [CMS-concurrent-mark-start]
2023-04-21T10:43:44.731+0530: 1.036: [CMS-concurrent-mark: 0.001/0.001 secs] [Times: user=0.00 sys=0.00, real=0.00 secs] 
2023-04-21T10:43:44.731+0530: 1.036: [CMS-concurrent-preclean-start]
2023-04-21T10:43:44.733+0530: 1.038: [CMS-concurrent-preclean: 0.001/0.001 secs] [Times: user=0.01 sys=0.00, real=0.01 secs] 
2023-04-21T10:43:44.733+0530: 1.038: [CMS-concurrent-abortable-preclean-start]
2023-04-21T10:43:44.734+0530: 1.039: Total time for which application threads were stopped: 0.0000734 seconds, Stopping threads took: 0.0000179 seconds
2023-04-21T10:43:44.749+0530: 1.054: Total time for which application threads were stopped: 0.0000773 seconds, Stopping threads took: 0.0000164 seconds
{Heap before GC invocations=4 (full 1):
 par new generation   total 109248K, used 100823K [0x00000000e0000000, 0x00000000e8000000, 0x00000000e8000000)
  eden space 87424K, 100% used [0x00000000e0000000, 0x00000000e5560000, 0x00000000e5560000)
  from space 21824K,  61% used [0x00000000e5560000, 0x00000000e6275fc8, 0x00000000e6ab0000)
  to   space 21824K,   0% used [0x00000000e6ab0000, 0x00000000e6ab0000, 0x00000000e8000000)
 concurrent mark-sweep generation total 393216K, used 0K [0x00000000e8000000, 0x0000000100000000, 0x0000000100000000)
 Metaspace       used 22080K, capacity 22482K, committed 22624K, reserved 1069056K
  class space    used 2577K, capacity 2717K, committed 2760K, reserved 1048576K
2023-04-21T10:43:44.787+0530: 1.092: [GC (Allocation Failure) 2023-04-21T10:43:44.787+0530: 1.092: [ParNew
Desired survivor size 20112992 bytes, new threshold 8 (max 8)
- age   1:     806920 bytes,     806920 total
- age   2:    1924528 bytes,    2731448 total
- age   3:     308944 bytes,    3040392 total
- age   4:    4903720 bytes,    7944112 total
- age   5:    2552960 bytes,   10497072 total
: 100823K->12075K(109248K), 0.0062819 secs] 100823K->12075K(502464K), 0.0063513 secs] [Times: user=0.05 sys=0.00, real=0.01 secs] 
Heap after GC invocations=5 (full 1):
 par new generation   total 109248K, used 12075K [0x00000000e0000000, 0x00000000e8000000, 0x00000000e8000000)
  eden space 87424K,   0% used [0x00000000e0000000, 0x00000000e0000000, 0x00000000e5560000)
  from space 21824K,  55% used [0x00000000e6ab0000, 0x00000000e767ad08, 0x00000000e8000000)
  to   space 21824K,   0% used [0x00000000e5560000, 0x00000000e5560000, 0x00000000e6ab0000)
 concurrent mark-sweep generation total 393216K, used 0K [0x00000000e8000000, 0x0000000100000000, 0x0000000100000000)
 Metaspace       used 22080K, capacity 22482K, committed 22624K, reserved 1069056K
  class space    used 2577K, capacity 2717K, committed 2760K, reserved 1048576K
}
2023-04-21T10:43:44.794+0530: 1.099: Total time for which application threads were stopped: 0.0064775 seconds, Stopping threads took: 0.0000197 seconds
2023-04-21T10:43:44.794+0530: 1.099: [CMS-concurrent-abortable-preclean: 0.055/0.061 secs] [Times: user=0.40 sys=0.00, real=0.06 secs] 
2023-04-21T10:43:44.796+0530: 1.101: [GC (CMS Final Remark) [YG occupancy: 13148 K (109248 K)]{Heap before GC invocations=5 (full 1):
 par new generation   total 109248K, used 13148K [0x00000000e0000000, 0x00000000e8000000, 0x00000000e8000000)
  eden space 87424K,   1% used [0x00000000e0000000, 0x00000000e010c4d8, 0x00000000e5560000)
  from space 21824K,  55% used [0x00000000e6ab0000, 0x00000000e767ad08, 0x00000000e8000000)
  to   space 21824K,   0% used [0x00000000e5560000, 0x00000000e5560000, 0x00000000e6ab0000)
 concurrent mark-sweep generation total 393216K, used 0K [0x00000000e8000000, 0x0000000100000000, 0x0000000100000000)
 Metaspace       used 22080K, capacity 22482K, committed 22624K, reserved 1069056K
  class space    used 2577K, capacity 2717K, committed 2760K, reserved 1048576K
2023-04-21T10:43:44.796+0530: 1.101: [GC (CMS Final Remark) 2023-04-21T10:43:44.796+0530: 1.101: [ParNew
Desired survivor size 20112992 bytes, new threshold 8 (max 8)
- age   1:     129592 bytes,     129592 total
- age   2:     757856 bytes,     887448 total
- age   3:    1922544 bytes,    2809992 total
- age   4:     308384 bytes,    3118376 total
- age   5:    4900712 bytes,    8019088 total
- age   6:    2553072 bytes,   10572160 total
: 13148K->13545K(109248K), 0.0052832 secs] 13148K->13545K(502464K), 0.0053414 secs] [Times: user=0.03 sys=0.00, real=0.00 secs] 
Heap after GC invocations=6 (full 1):
 par new generation   total 109248K, used 13545K [0x00000000e0000000, 0x00000000e8000000, 0x00000000e8000000)
  eden space 87424K,   0% used [0x00000000e0000000, 0x00000000e0000000, 0x00000000e5560000)
  from space 21824K,  62% used [0x00000000e5560000, 0x00000000e629a400, 0x00000000e6ab0000)
  to   space 21824K,   0% used [0x00000000e6ab0000, 0x00000000e6ab0000, 0x00000000e8000000)
 concurrent mark-sweep generation total 393216K, used 0K [0x00000000e8000000, 0x0000000100000000, 0x0000000100000000)
 Metaspace       used 22080K, capacity 22482K, committed 22624K, reserved 1069056K
  class space    used 2577K, capacity 2717K, committed 2760K, reserved 1048576K
}
2023-04-21T10:43:44.801+0530: 1.106: [Rescan (parallel) , 0.0018784 secs]2023-04-21T10:43:44.803+0530: 1.108: [weak refs processing, 0.0003030 secs]2023-04-21T10:43:44.803+0530: 1.108: [class unloading, 0.0031879 secs]2023-04-21T10:43:44.807+0530: 1.112: [scrub symbol table, 0.0023436 secs]2023-04-21T10:43:44.809+0530: 1.114: [scrub string table, 0.0003583 secs][1 CMS-remark: 0K(393216K)] 13545K(502464K), 0.0143887 secs] [Times: user=0.05 sys=0.00, real=0.01 secs] 
2023-04-21T10:43:44.810+0530: 1.115: Total time for which application threads were stopped: 0.0162210 seconds, Stopping threads took: 0.0017606 seconds
2023-04-21T10:43:44.812+0530: 1.117: [CMS-concurrent-sweep-start]
2023-04-21T10:43:44.812+0530: 1.117: [CMS-concurrent-sweep: 0.000/0.000 secs] [Times: user=0.00 sys=0.00, real=0.00 secs] 
2023-04-21T10:43:44.812+0530: 1.117: [CMS-concurrent-reset-start]
2023-04-21T10:43:44.814+0530: 1.119: [CMS-concurrent-reset: 0.002/0.002 secs] [Times: user=0.01 sys=0.00, real=0.00 secs] 
{Heap before GC invocations=6 (full 1):
 par new generation   total 109248K, used 100969K [0x00000000e0000000, 0x00000000e8000000, 0x00000000e8000000)
  eden space 87424K, 100% used [0x00000000e0000000, 0x00000000e5560000, 0x00000000e5560000)
  from space 21824K,  62% used [0x00000000e5560000, 0x00000000e629a400, 0x00000000e6ab0000)
  to   space 21824K,   0% used [0x00000000e6ab0000, 0x00000000e6ab0000, 0x00000000e8000000)
 concurrent mark-sweep generation total 393216K, used 0K [0x00000000e8000000, 0x0000000100000000, 0x0000000100000000)
 Metaspace       used 22200K, capacity 22576K, committed 22880K, reserved 1069056K
  class space    used 2594K, capacity 2722K, committed 2760K, reserved 1048576K
2023-04-21T10:43:44.846+0530: 1.151: [GC (Allocation Failure) 2023-04-21T10:43:44.846+0530: 1.151: [ParNew
Desired survivor size 20112992 bytes, new threshold 8 (max 8)
- age   1:    1539664 bytes,    1539664 total
- age   3:     117240 bytes,    1656904 total
- age   4:    1922312 bytes,    3579216 total
- age   5:     308096 bytes,    3887312 total
- age   6:    4900712 bytes,    8788024 total
- age   7:    2553032 bytes,   11341056 total
: 100969K->13790K(109248K), 0.0054998 secs] 100969K->13790K(502464K), 0.0055622 secs] [Times: user=0.03 sys=0.00, real=0.00 secs] 
Heap after GC invocations=7 (full 1):
 par new generation   total 109248K, used 13790K [0x00000000e0000000, 0x00000000e8000000, 0x00000000e8000000)
  eden space 87424K,   0% used [0x00000000e0000000, 0x00000000e0000000, 0x00000000e5560000)
  from space 21824K,  63% used [0x00000000e6ab0000, 0x00000000e78279d8, 0x00000000e8000000)
  to   space 21824K,   0% used [0x00000000e5560000, 0x00000000e5560000, 0x00000000e6ab0000)
 concurrent mark-sweep generation total 393216K, used 0K [0x00000000e8000000, 0x0000000100000000, 0x0000000100000000)
 Metaspace       used 22200K, capacity 22576K, committed 22880K, reserved 1069056K
  class space    used 2594K, capacity 2722K, committed 2760K, reserved 1048576K
}
2023-04-21T10:43:44.851+0530: 1.156: Total time for which application threads were stopped: 0.0057882 seconds, Stopping threads took: 0.0000995 seconds
{Heap before GC invocations=7 (full 1):
 par new generation   total 109248K, used 101214K [0x00000000e0000000, 0x00000000e8000000, 0x00000000e8000000)
  eden space 87424K, 100% used [0x00000000e0000000, 0x00000000e5560000, 0x00000000e5560000)
  from space 21824K,  63% used [0x00000000e6ab0000, 0x00000000e78279d8, 0x00000000e8000000)
  to   space 21824K,   0% used [0x00000000e5560000, 0x00000000e5560000, 0x00000000e6ab0000)
 concurrent mark-sweep generation total 393216K, used 0K [0x00000000e8000000, 0x0000000100000000, 0x0000000100000000)
 Metaspace       used 22377K, capacity 22738K, committed 22880K, reserved 1069056K
  class space    used 2617K, capacity 2755K, committed 2760K, reserved 1048576K
2023-04-21T10:43:44.886+0530: 1.191: [GC (Allocation Failure) 2023-04-21T10:43:44.887+0530: 1.191: [ParNew
Desired survivor size 20112992 bytes, new threshold 8 (max 8)
- age   1:     954144 bytes,     954144 total
- age   2:     133736 bytes,    1087880 total
- age   4:     115792 bytes,    1203672 total
- age   5:    1922336 bytes,    3126008 total
- age   6:     307872 bytes,    3433880 total
- age   7:    4897536 bytes,    8331416 total
- age   8:    2553032 bytes,   10884448 total
: 101214K->14758K(109248K), 0.0069665 secs] 101214K->14758K(502464K), 0.0070427 secs] [Times: user=0.04 sys=0.00, real=0.01 secs] 
Heap after GC invocations=8 (full 1):
 par new generation   total 109248K, used 14758K [0x00000000e0000000, 0x00000000e8000000, 0x00000000e8000000)
  eden space 87424K,   0% used [0x00000000e0000000, 0x00000000e0000000, 0x00000000e5560000)
  from space 21824K,  67% used [0x00000000e5560000, 0x00000000e63c9820, 0x00000000e6ab0000)
  to   space 21824K,   0% used [0x00000000e6ab0000, 0x00000000e6ab0000, 0x00000000e8000000)
 concurrent mark-sweep generation total 393216K, used 0K [0x00000000e8000000, 0x0000000100000000, 0x0000000100000000)
 Metaspace       used 22377K, capacity 22738K, committed 22880K, reserved 1069056K
  class space    used 2617K, capacity 2755K, committed 2760K, reserved 1048576K
}
2023-04-21T10:43:44.894+0530: 1.199: Total time for which application threads were stopped: 0.0072315 seconds, Stopping threads took: 0.0000824 seconds
{Heap before GC invocations=8 (full 1):
 par new generation   total 109248K, used 102173K [0x00000000e0000000, 0x00000000e8000000, 0x00000000e8000000)
  eden space 87424K,  99% used [0x00000000e0000000, 0x00000000e555de00, 0x00000000e5560000)
  from space 21824K,  67% used [0x00000000e5560000, 0x00000000e63c9820, 0x00000000e6ab0000)
  to   space 21824K,   0% used [0x00000000e6ab0000, 0x00000000e6ab0000, 0x00000000e8000000)
 concurrent mark-sweep generation total 393216K, used 0K [0x00000000e8000000, 0x0000000100000000, 0x0000000100000000)
 Metaspace       used 22674K, capacity 23032K, committed 23264K, reserved 1069056K
  class space    used 2652K, capacity 2788K, committed 2888K, reserved 1048576K
2023-04-21T10:43:44.930+0530: 1.235: [GC (Allocation Failure) 2023-04-21T10:43:44.930+0530: 1.235: [ParNew
Desired survivor size 20112992 bytes, new threshold 8 (max 8)
- age   1:     609688 bytes,     609688 total
- age   2:     120424 bytes,     730112 total
- age   3:     132872 bytes,     862984 total
- age   5:     114216 bytes,     977200 total
- age   6:    1920512 bytes,    2897712 total
- age   7:     307824 bytes,    3205536 total
- age   8:    4897528 bytes,    8103064 total
: 102173K->11279K(109248K), 0.0096334 secs] 102173K->13811K(502464K), 0.0097171 secs] [Times: user=0.06 sys=0.01, real=0.01 secs] 
Heap after GC invocations=9 (full 1):
 par new generation   total 109248K, used 11279K [0x00000000e0000000, 0x00000000e8000000, 0x00000000e8000000)
  eden space 87424K,   0% used [0x00000000e0000000, 0x00000000e0000000, 0x00000000e5560000)
  from space 21824K,  51% used [0x00000000e6ab0000, 0x00000000e75b3f60, 0x00000000e8000000)
  to   space 21824K,   0% used [0x00000000e5560000, 0x00000000e5560000, 0x00000000e6ab0000)
 concurrent mark-sweep generation total 393216K, used 2531K [0x00000000e8000000, 0x0000000100000000, 0x0000000100000000)
 Metaspace       used 22674K, capacity 23032K, committed 23264K, reserved 1069056K
  class space    used 2652K, capacity 2788K, committed 2888K, reserved 1048576K
}
2023-04-21T10:43:44.940+0530: 1.245: Total time for which application threads were stopped: 0.0099014 seconds, Stopping threads took: 0.0000814 seconds
2023-04-21T10:43:44.968+0530: 1.273: Total time for which application threads were stopped: 0.0003192 seconds, Stopping threads took: 0.0000186 seconds
2023-04-21T10:43:45.040+0530: 1.345: Total time for which application threads were stopped: 0.0003037 seconds, Stopping threads took: 0.0000155 seconds
2023-04-21T10:43:45.049+0530: 1.354: Total time for which application threads were stopped: 0.0002880 seconds, Stopping threads took: 0.0000192 seconds
2023-04-21T10:43:45.057+0530: 1.361: Total time for which application threads were stopped: 0.0002692 seconds, Stopping threads took: 0.0000117 seconds
{Heap before GC invocations=9 (full 1):
 par new generation   total 109248K, used 98703K [0x00000000e0000000, 0x00000000e8000000, 0x00000000e8000000)
  eden space 87424K, 100% used [0x00000000e0000000, 0x00000000e5560000, 0x00000000e5560000)
  from space 21824K,  51% used [0x00000000e6ab0000, 0x00000000e75b3f60, 0x00000000e8000000)
  to   space 21824K,   0% used [0x00000000e5560000, 0x00000000e5560000, 0x00000000e6ab0000)
 concurrent mark-sweep generation total 393216K, used 2531K [0x00000000e8000000, 0x0000000100000000, 0x0000000100000000)
 Metaspace       used 26397K, capacity 26758K, committed 27080K, reserved 1073152K
  class space    used 3100K, capacity 3243K, committed 3272K, reserved 1048576K
2023-04-21T10:43:45.204+0530: 1.509: [GC (Allocation Failure) 2023-04-21T10:43:45.204+0530: 1.509: [ParNew
Desired survivor size 20112992 bytes, new threshold 8 (max 8)
- age   1:    5403568 bytes,    5403568 total
- age   2:     212632 bytes,    5616200 total
- age   3:     120376 bytes,    5736576 total
- age   4:     132824 bytes,    5869400 total
- age   6:     114016 bytes,    5983416 total
- age   7:     290072 bytes,    6273488 total
- age   8:     297856 bytes,    6571344 total
: 98703K->9157K(109248K), 0.0089731 secs] 101235K->16500K(502464K), 0.0090582 secs] [Times: user=0.03 sys=0.02, real=0.01 secs] 
Heap after GC invocations=10 (full 1):
 par new generation   total 109248K, used 9157K [0x00000000e0000000, 0x00000000e8000000, 0x00000000e8000000)
  eden space 87424K,   0% used [0x00000000e0000000, 0x00000000e0000000, 0x00000000e5560000)
  from space 21824K,  41% used [0x00000000e5560000, 0x00000000e5e516c0, 0x00000000e6ab0000)
  to   space 21824K,   0% used [0x00000000e6ab0000, 0x00000000e6ab0000, 0x00000000e8000000)
 concurrent mark-sweep generation total 393216K, used 7342K [0x00000000e8000000, 0x0000000100000000, 0x0000000100000000)
 Metaspace       used 26397K, capacity 26758K, committed 27080K, reserved 1073152K
  class space    used 3100K, capacity 3243K, committed 3272K, reserved 1048576K
}
2023-04-21T10:43:45.213+0530: 1.518: Total time for which application threads were stopped: 0.0100327 seconds, Stopping threads took: 0.0008113 seconds
2023-04-21T10:43:45.268+0530: 1.573: Total time for which application threads were stopped: 0.0003890 seconds, Stopping threads took: 0.0000244 seconds
2023-04-21T10:43:45.279+0530: 1.584: Total time for which application threads were stopped: 0.0003487 seconds, Stopping threads took: 0.0000186 seconds
2023-04-21T10:43:45.279+0530: 1.584: Total time for which application threads were stopped: 0.0003224 seconds, Stopping threads took: 0.0000118 seconds
{Heap before GC invocations=10 (full 1):
 par new generation   total 109248K, used 96581K [0x00000000e0000000, 0x00000000e8000000, 0x00000000e8000000)
  eden space 87424K, 100% used [0x00000000e0000000, 0x00000000e5560000, 0x00000000e5560000)
  from space 21824K,  41% used [0x00000000e5560000, 0x00000000e5e516c0, 0x00000000e6ab0000)
  to   space 21824K,   0% used [0x00000000e6ab0000, 0x00000000e6ab0000, 0x00000000e8000000)
 concurrent mark-sweep generation total 393216K, used 7342K [0x00000000e8000000, 0x0000000100000000, 0x0000000100000000)
 Metaspace       used 28128K, capacity 28510K, committed 28872K, reserved 1075200K
  class space    used 3290K, capacity 3439K, committed 3528K, reserved 1048576K
2023-04-21T10:43:45.371+0530: 1.676: [GC (Allocation Failure) 2023-04-21T10:43:45.371+0530: 1.676: [ParNew
Desired survivor size 20112992 bytes, new threshold 8 (max 8)
- age   1:   10217272 bytes,   10217272 total
- age   2:    2332120 bytes,   12549392 total
- age   3:     212632 bytes,   12762024 total
- age   4:     120248 bytes,   12882272 total
- age   5:     132168 bytes,   13014440 total
- age   7:     113888 bytes,   13128328 total
- age   8:     289744 bytes,   13418072 total
: 96581K->15980K(109248K), 0.0074648 secs] 103924K->23613K(502464K), 0.0075433 secs] [Times: user=0.05 sys=0.00, real=0.01 secs] 
Heap after GC invocations=11 (full 1):
 par new generation   total 109248K, used 15980K [0x00000000e0000000, 0x00000000e8000000, 0x00000000e8000000)
  eden space 87424K,   0% used [0x00000000e0000000, 0x00000000e0000000, 0x00000000e5560000)
  from space 21824K,  73% used [0x00000000e6ab0000, 0x00000000e7a4b160, 0x00000000e8000000)
  to   space 21824K,   0% used [0x00000000e5560000, 0x00000000e5560000, 0x00000000e6ab0000)
 concurrent mark-sweep generation total 393216K, used 7633K [0x00000000e8000000, 0x0000000100000000, 0x0000000100000000)
 Metaspace       used 28128K, capacity 28510K, committed 28872K, reserved 1075200K
  class space    used 3290K, capacity 3439K, committed 3528K, reserved 1048576K
}
2023-04-21T10:43:45.379+0530: 1.684: Total time for which application threads were stopped: 0.0077629 seconds, Stopping threads took: 0.0000455 seconds
2023-04-21T10:43:45.392+0530: 1.697: Total time for which application threads were stopped: 0.0005179 seconds, Stopping threads took: 0.0000583 seconds
{Heap before GC invocations=11 (full 1):
 par new generation   total 109248K, used 103404K [0x00000000e0000000, 0x00000000e8000000, 0x00000000e8000000)
  eden space 87424K, 100% used [0x00000000e0000000, 0x00000000e5560000, 0x00000000e5560000)
  from space 21824K,  73% used [0x00000000e6ab0000, 0x00000000e7a4b160, 0x00000000e8000000)
  to   space 21824K,   0% used [0x00000000e5560000, 0x00000000e5560000, 0x00000000e6ab0000)
 concurrent mark-sweep generation total 393216K, used 7633K [0x00000000e8000000, 0x0000000100000000, 0x0000000100000000)
 Metaspace       used 28215K, capacity 28586K, committed 28872K, reserved 1075200K
  class space    used 3296K, capacity 3441K, committed 3528K, reserved 1048576K
2023-04-21T10:43:45.417+0530: 1.722: [GC (Allocation Failure) 2023-04-21T10:43:45.417+0530: 1.722: [ParNew
Desired survivor size 20112992 bytes, new threshold 8 (max 8)
- age   1:    2568272 bytes,    2568272 total
- age   2:    8012728 bytes,   10581000 total
- age   3:    2324048 bytes,   12905048 total
- age   4:     212632 bytes,   13117680 total
- age   5:     120248 bytes,   13237928 total
- age   6:     132168 bytes,   13370096 total
- age   8:     113888 bytes,   13483984 total
: 103404K->18752K(109248K), 0.0086388 secs] 111037K->26673K(502464K), 0.0087226 secs] [Times: user=0.05 sys=0.01, real=0.01 secs] 
Heap after GC invocations=12 (full 1):
 par new generation   total 109248K, used 18752K [0x00000000e0000000, 0x00000000e8000000, 0x00000000e8000000)
  eden space 87424K,   0% used [0x00000000e0000000, 0x00000000e0000000, 0x00000000e5560000)
  from space 21824K,  85% used [0x00000000e5560000, 0x00000000e67b0080, 0x00000000e6ab0000)
  to   space 21824K,   0% used [0x00000000e6ab0000, 0x00000000e6ab0000, 0x00000000e8000000)
 concurrent mark-sweep generation total 393216K, used 7921K [0x00000000e8000000, 0x0000000100000000, 0x0000000100000000)
 Metaspace       used 28215K, capacity 28586K, committed 28872K, reserved 1075200K
  class space    used 3296K, capacity 3441K, committed 3528K, reserved 1048576K
}
2023-04-21T10:43:45.426+0530: 1.731: Total time for which application threads were stopped: 0.0089694 seconds, Stopping threads took: 0.0000858 seconds
{Heap before GC invocations=12 (full 1):
 par new generation   total 109248K, used 106176K [0x00000000e0000000, 0x00000000e8000000, 0x00000000e8000000)
  eden space 87424K, 100% used [0x00000000e0000000, 0x00000000e5560000, 0x00000000e5560000)
  from space 21824K,  85% used [0x00000000e5560000, 0x00000000e67b0080, 0x00000000e6ab0000)
  to   space 21824K,   0% used [0x00000000e6ab0000, 0x00000000e6ab0000, 0x00000000e8000000)
 concurrent mark-sweep generation total 393216K, used 7921K [0x00000000e8000000, 0x0000000100000000, 0x0000000100000000)
 Metaspace       used 28262K, capacity 28628K, committed 28872K, reserved 1075200K
  class space    used 3300K, capacity 3448K, committed 3528K, reserved 1048576K
2023-04-21T10:43:45.451+0530: 1.756: [GC (Allocation Failure) 2023-04-21T10:43:45.451+0530: 1.756: [ParNew
Desired survivor size 20112992 bytes, new threshold 8 (max 8)
- age   1:     928680 bytes,     928680 total
- age   2:    2187464 bytes,    3116144 total
- age   3:    7982512 bytes,   11098656 total
- age   4:    2324096 bytes,   13422752 total
- age   5:     212632 bytes,   13635384 total
- age   6:     120248 bytes,   13755632 total
- age   7:     132168 bytes,   13887800 total
: 106176K->17137K(109248K), 0.0080005 secs] 114097K->25174K(502464K), 0.0080894 secs] [Times: user=0.06 sys=0.00, real=0.01 secs] 
Heap after GC invocations=13 (full 1):
 par new generation   total 109248K, used 17137K [0x00000000e0000000, 0x00000000e8000000, 0x00000000e8000000)
  eden space 87424K,   0% used [0x00000000e0000000, 0x00000000e0000000, 0x00000000e5560000)
  from space 21824K,  78% used [0x00000000e6ab0000, 0x00000000e7b6c7e0, 0x00000000e8000000)
  to   space 21824K,   0% used [0x00000000e5560000, 0x00000000e5560000, 0x00000000e6ab0000)
 concurrent mark-sweep generation total 393216K, used 8036K [0x00000000e8000000, 0x0000000100000000, 0x0000000100000000)
 Metaspace       used 28262K, capacity 28628K, committed 28872K, reserved 1075200K
  class space    used 3300K, capacity 3448K, committed 3528K, reserved 1048576K
}
2023-04-21T10:43:45.459+0530: 1.764: Total time for which application threads were stopped: 0.0083048 seconds, Stopping threads took: 0.0000491 seconds
{Heap before GC invocations=13 (full 1):
 par new generation   total 109248K, used 104561K [0x00000000e0000000, 0x00000000e8000000, 0x00000000e8000000)
  eden space 87424K, 100% used [0x00000000e0000000, 0x00000000e5560000, 0x00000000e5560000)
  from space 21824K,  78% used [0x00000000e6ab0000, 0x00000000e7b6c7e0, 0x00000000e8000000)
  to   space 21824K,   0% used [0x00000000e5560000, 0x00000000e5560000, 0x00000000e6ab0000)
 concurrent mark-sweep generation total 393216K, used 8036K [0x00000000e8000000, 0x0000000100000000, 0x0000000100000000)
 Metaspace       used 28286K, capacity 28664K, committed 28872K, reserved 1075200K
  class space    used 3303K, capacity 3454K, committed 3528K, reserved 1048576K
2023-04-21T10:43:45.500+0530: 1.805: [GC (Allocation Failure) 2023-04-21T10:43:45.500+0530: 1.805: [ParNew
Desired survivor size 20112992 bytes, new threshold 8 (max 8)
- age   1:     511008 bytes,     511008 total
- age   2:      57208 bytes,     568216 total
- age   3:    2187464 bytes,    2755680 total
- age   4:    7982544 bytes,   10738224 total
- age   5:    2325056 bytes,   13063280 total
- age   6:     212632 bytes,   13275912 total
- age   7:     120248 bytes,   13396160 total
- age   8:     131648 bytes,   13527808 total
: 104561K->18113K(109248K), 0.0072351 secs] 112598K->26150K(502464K), 0.0073146 secs] [Times: user=0.04 sys=0.00, real=0.01 secs] 
Heap after GC invocations=14 (full 1):
 par new generation   total 109248K, used 18113K [0x00000000e0000000, 0x00000000e8000000, 0x00000000e8000000)
  eden space 87424K,   0% used [0x00000000e0000000, 0x00000000e0000000, 0x00000000e5560000)
  from space 21824K,  82% used [0x00000000e5560000, 0x00000000e67107a0, 0x00000000e6ab0000)
  to   space 21824K,   0% used [0x00000000e6ab0000, 0x00000000e6ab0000, 0x00000000e8000000)
 concurrent mark-sweep generation total 393216K, used 8036K [0x00000000e8000000, 0x0000000100000000, 0x0000000100000000)
 Metaspace       used 28286K, capacity 28664K, committed 28872K, reserved 1075200K
  class space    used 3303K, capacity 3454K, committed 3528K, reserved 1048576K
}
2023-04-21T10:43:45.508+0530: 1.813: Total time for which application threads were stopped: 0.0075004 seconds, Stopping threads took: 0.0000493 seconds
{Heap before GC invocations=14 (full 1):
 par new generation   total 109248K, used 105537K [0x00000000e0000000, 0x00000000e8000000, 0x00000000e8000000)
  eden space 87424K, 100% used [0x00000000e0000000, 0x00000000e5560000, 0x00000000e5560000)
  from space 21824K,  82% used [0x00000000e5560000, 0x00000000e67107a0, 0x00000000e6ab0000)
  to   space 21824K,   0% used [0x00000000e6ab0000, 0x00000000e6ab0000, 0x00000000e8000000)
 concurrent mark-sweep generation total 393216K, used 8036K [0x00000000e8000000, 0x0000000100000000, 0x0000000100000000)
 Metaspace       used 28290K, capacity 28670K, committed 28872K, reserved 1075200K
  class space    used 3304K, capacity 3455K, committed 3528K, reserved 1048576K
2023-04-21T10:43:45.546+0530: 1.850: [GC (Allocation Failure) 2023-04-21T10:43:45.546+0530: 1.851: [ParNew
Desired survivor size 20112992 bytes, new threshold 8 (max 8)
- age   1:     742528 bytes,     742528 total
- age   2:     108440 bytes,     850968 total
- age   3:      56664 bytes,     907632 total
- age   4:    2187464 bytes,    3095096 total
- age   5:    7982552 bytes,   11077648 total
- age   6:    2325160 bytes,   13402808 total
- age   7:     212632 bytes,   13615440 total
- age   8:     120248 bytes,   13735688 total
: 105537K->17938K(109248K), 0.0085094 secs] 113574K->26105K(502464K), 0.0085987 secs] [Times: user=0.05 sys=0.00, real=0.01 secs] 
Heap after GC invocations=15 (full 1):
 par new generation   total 109248K, used 17938K [0x00000000e0000000, 0x00000000e8000000, 0x00000000e8000000)
  eden space 87424K,   0% used [0x00000000e0000000, 0x00000000e0000000, 0x00000000e5560000)
  from space 21824K,  82% used [0x00000000e6ab0000, 0x00000000e7c349a0, 0x00000000e8000000)
  to   space 21824K,   0% used [0x00000000e5560000, 0x00000000e5560000, 0x00000000e6ab0000)
 concurrent mark-sweep generation total 393216K, used 8167K [0x00000000e8000000, 0x0000000100000000, 0x0000000100000000)
 Metaspace       used 28290K, capacity 28670K, committed 28872K, reserved 1075200K
  class space    used 3304K, capacity 3455K, committed 3528K, reserved 1048576K
}
2023-04-21T10:43:45.554+0530: 1.859: Total time for which application threads were stopped: 0.0087972 seconds, Stopping threads took: 0.0000559 seconds
{Heap before GC invocations=15 (full 1):
 par new generation   total 109248K, used 105362K [0x00000000e0000000, 0x00000000e8000000, 0x00000000e8000000)
  eden space 87424K, 100% used [0x00000000e0000000, 0x00000000e5560000, 0x00000000e5560000)
  from space 21824K,  82% used [0x00000000e6ab0000, 0x00000000e7c349a0, 0x00000000e8000000)
  to   space 21824K,   0% used [0x00000000e5560000, 0x00000000e5560000, 0x00000000e6ab0000)
 concurrent mark-sweep generation total 393216K, used 8167K [0x00000000e8000000, 0x0000000100000000, 0x0000000100000000)
 Metaspace       used 28328K, capacity 28740K, committed 29128K, reserved 1075200K
  class space    used 3304K, capacity 3456K, committed 3528K, reserved 1048576K
2023-04-21T10:43:45.595+0530: 1.900: [GC (Allocation Failure) 2023-04-21T10:43:45.595+0530: 1.900: [ParNew
Desired survivor size 20112992 bytes, new threshold 8 (max 8)
- age   1:     793976 bytes,     793976 total
- age   2:      82552 bytes,     876528 total
- age   3:     107792 bytes,     984320 total
- age   4:      56232 bytes,    1040552 total
- age   5:    1645640 bytes,    2686192 total
- age   6:    7982512 bytes,   10668704 total
- age   7:    2323944 bytes,   12992648 total
- age   8:     212632 bytes,   13205280 total
: 105362K->17557K(109248K), 0.0080013 secs] 113529K->25844K(502464K), 0.0080706 secs] [Times: user=0.05 sys=0.00, real=0.00 secs] 
Heap after GC invocations=16 (full 1):
 par new generation   total 109248K, used 17557K [0x00000000e0000000, 0x00000000e8000000, 0x00000000e8000000)
  eden space 87424K,   0% used [0x00000000e0000000, 0x00000000e0000000, 0x00000000e5560000)
  from space 21824K,  80% used [0x00000000e5560000, 0x00000000e6685510, 0x00000000e6ab0000)
  to   space 21824K,   0% used [0x00000000e6ab0000, 0x00000000e6ab0000, 0x00000000e8000000)
 concurrent mark-sweep generation total 393216K, used 8287K [0x00000000e8000000, 0x0000000100000000, 0x0000000100000000)
 Metaspace       used 28328K, capacity 28740K, committed 29128K, reserved 1075200K
  class space    used 3304K, capacity 3456K, committed 3528K, reserved 1048576K
}
2023-04-21T10:43:45.603+0530: 1.908: Total time for which application threads were stopped: 0.0082822 seconds, Stopping threads took: 0.0000733 seconds
{Heap before GC invocations=16 (full 1):
 par new generation   total 109248K, used 104981K [0x00000000e0000000, 0x00000000e8000000, 0x00000000e8000000)
  eden space 87424K, 100% used [0x00000000e0000000, 0x00000000e5560000, 0x00000000e5560000)
  from space 21824K,  80% used [0x00000000e5560000, 0x00000000e6685510, 0x00000000e6ab0000)
  to   space 21824K,   0% used [0x00000000e6ab0000, 0x00000000e6ab0000, 0x00000000e8000000)
 concurrent mark-sweep generation total 393216K, used 8287K [0x00000000e8000000, 0x0000000100000000, 0x0000000100000000)
 Metaspace       used 28636K, capacity 29074K, committed 29384K, reserved 1075200K
  class space    used 3326K, capacity 3500K, committed 3528K, reserved 1048576K
2023-04-21T10:43:45.677+0530: 1.982: [GC (Allocation Failure) 2023-04-21T10:43:45.677+0530: 1.982: [ParNew
Desired survivor size 20112992 bytes, new threshold 8 (max 8)
- age   1:    8394120 bytes,    8394120 total
- age   2:     121320 bytes,    8515440 total
- age   3:      81256 bytes,    8596696 total
- age   4:     107264 bytes,    8703960 total
- age   5:      55224 bytes,    8759184 total
- age   6:     269232 bytes,    9028416 total
- age   7:    7968432 bytes,   16996848 total
- age   8:    2323560 bytes,   19320408 total
: 104981K->21422K(109248K), 0.0118972 secs] 113268K->29922K(502464K), 0.0119605 secs] [Times: user=0.07 sys=0.00, real=0.01 secs] 
Heap after GC invocations=17 (full 1):
 par new generation   total 109248K, used 21422K [0x00000000e0000000, 0x00000000e8000000, 0x00000000e8000000)
  eden space 87424K,   0% used [0x00000000e0000000, 0x00000000e0000000, 0x00000000e5560000)
  from space 21824K,  98% used [0x00000000e6ab0000, 0x00000000e7f9bb88, 0x00000000e8000000)
  to   space 21824K,   0% used [0x00000000e5560000, 0x00000000e5560000, 0x00000000e6ab0000)
 concurrent mark-sweep generation total 393216K, used 8499K [0x00000000e8000000, 0x0000000100000000, 0x0000000100000000)
 Metaspace       used 28636K, capacity 29074K, committed 29384K, reserved 1075200K
  class space    used 3326K, capacity 3500K, committed 3528K, reserved 1048576K
}
2023-04-21T10:43:45.689+0530: 1.994: Total time for which application threads were stopped: 0.0121637 seconds, Stopping threads took: 0.0000417 seconds
{Heap before GC invocations=17 (full 1):
 par new generation   total 109248K, used 108846K [0x00000000e0000000, 0x00000000e8000000, 0x00000000e8000000)
  eden space 87424K, 100% used [0x00000000e0000000, 0x00000000e5560000, 0x00000000e5560000)
  from space 21824K,  98% used [0x00000000e6ab0000, 0x00000000e7f9bb88, 0x00000000e8000000)
  to   space 21824K,   0% used [0x00000000e5560000, 0x00000000e5560000, 0x00000000e6ab0000)
 concurrent mark-sweep generation total 393216K, used 8499K [0x00000000e8000000, 0x0000000100000000, 0x0000000100000000)
 Metaspace       used 28651K, capacity 29082K, committed 29384K, reserved 1075200K
  class space    used 3328K, capacity 3503K, committed 3528K, reserved 1048576K
2023-04-21T10:43:45.723+0530: 2.028: [GC (Allocation Failure) 2023-04-21T10:43:45.723+0530: 2.028: [ParNew
Desired survivor size 20112992 bytes, new threshold 8 (max 8)
- age   1:     792416 bytes,     792416 total
- age   2:    8015536 bytes,    8807952 total
- age   3:     121320 bytes,    8929272 total
- age   4:      81256 bytes,    9010528 total
- age   5:     107264 bytes,    9117792 total
- age   6:      55224 bytes,    9173016 total
- age   7:     269176 bytes,    9442192 total
- age   8:    7948640 bytes,   17390832 total
: 108846K->21824K(109248K), 0.0127690 secs] 117346K->32640K(502464K), 0.0128480 secs] [Times: user=0.08 sys=0.00, real=0.02 secs] 
Heap after GC invocations=18 (full 1):
 par new generation   total 109248K, used 21824K [0x00000000e0000000, 0x00000000e8000000, 0x00000000e8000000)
  eden space 87424K,   0% used [0x00000000e0000000, 0x00000000e0000000, 0x00000000e5560000)
  from space 21824K, 100% used [0x00000000e5560000, 0x00000000e6ab0000, 0x00000000e6ab0000)
  to   space 21824K,   0% used [0x00000000e6ab0000, 0x00000000e6ab0000, 0x00000000e8000000)
 concurrent mark-sweep generation total 393216K, used 10816K [0x00000000e8000000, 0x0000000100000000, 0x0000000100000000)
 Metaspace       used 28651K, capacity 29082K, committed 29384K, reserved 1075200K
  class space    used 3328K, capacity 3503K, committed 3528K, reserved 1048576K
}
2023-04-21T10:43:45.736+0530: 2.041: Total time for which application threads were stopped: 0.0129765 seconds, Stopping threads took: 0.0000201 seconds
2023-04-21T10:43:46.737+0530: 3.042: Total time for which application threads were stopped: 0.0002476 seconds, Stopping threads took: 0.0000425 seconds
2023-04-21T10:43:47.742+0530: 4.047: Total time for which application threads were stopped: 0.0010172 seconds, Stopping threads took: 0.0000503 seconds
2023-04-21T10:43:49.203+0530: 5.508: Total time for which application threads were stopped: 0.0000800 seconds, Stopping threads took: 0.0000159 seconds
2023-04-21T10:43:49.206+0530: 5.511: Total time for which application threads were stopped: 0.0000763 seconds, Stopping threads took: 0.0000335 seconds
{Heap before GC invocations=18 (full 1):
 par new generation   total 109248K, used 109248K [0x00000000e0000000, 0x00000000e8000000, 0x00000000e8000000)
  eden space 87424K, 100% used [0x00000000e0000000, 0x00000000e5560000, 0x00000000e5560000)
  from space 21824K, 100% used [0x00000000e5560000, 0x00000000e6ab0000, 0x00000000e6ab0000)
  to   space 21824K,   0% used [0x00000000e6ab0000, 0x00000000e6ab0000, 0x00000000e8000000)
 concurrent mark-sweep generation total 393216K, used 10816K [0x00000000e8000000, 0x0000000100000000, 0x0000000100000000)
 Metaspace       used 29018K, capacity 29434K, committed 29768K, reserved 1075200K
  class space    used 3371K, capacity 3535K, committed 3656K, reserved 1048576K
2023-04-21T10:43:49.220+0530: 5.525: [GC (Allocation Failure) 2023-04-21T10:43:49.221+0530: 5.525: [ParNew
Desired survivor size 20112992 bytes, new threshold 8 (max 8)
- age   1:    2833104 bytes,    2833104 total
- age   2:     164024 bytes,    2997128 total
- age   3:    8010360 bytes,   11007488 total
- age   4:     121320 bytes,   11128808 total
- age   5:      81256 bytes,   11210064 total
- age   6:     107264 bytes,   11317328 total
- age   7:      55224 bytes,   11372552 total
- age   8:     269176 bytes,   11641728 total
: 109248K->20858K(109248K), 0.0163929 secs] 120064K->41250K(502464K), 0.0164689 secs] [Times: user=0.06 sys=0.00, real=0.02 secs] 
Heap after GC invocations=19 (full 1):
 par new generation   total 109248K, used 20858K [0x00000000e0000000, 0x00000000e8000000, 0x00000000e8000000)
  eden space 87424K,   0% used [0x00000000e0000000, 0x00000000e0000000, 0x00000000e5560000)
  from space 21824K,  95% used [0x00000000e6ab0000, 0x00000000e7f0eb78, 0x00000000e8000000)
  to   space 21824K,   0% used [0x00000000e5560000, 0x00000000e5560000, 0x00000000e6ab0000)
 concurrent mark-sweep generation total 393216K, used 20391K [0x00000000e8000000, 0x0000000100000000, 0x0000000100000000)
 Metaspace       used 29018K, capacity 29434K, committed 29768K, reserved 1075200K
  class space    used 3371K, capacity 3535K, committed 3656K, reserved 1048576K
}
2023-04-21T10:43:49.237+0530: 5.542: Total time for which application threads were stopped: 0.0166061 seconds, Stopping threads took: 0.0000122 seconds
2023-04-21T10:43:49.241+0530: 5.546: Total time for which application threads were stopped: 0.0003901 seconds, Stopping threads took: 0.0000147 seconds
2023-04-21T10:43:49.249+0530: 5.554: Total time for which application threads were stopped: 0.0000690 seconds, Stopping threads took: 0.0000158 seconds
2023-04-21T10:43:50.249+0530: 6.554: Total time for which application threads were stopped: 0.0003166 seconds, Stopping threads took: 0.0000714 seconds
2023-04-21T10:43:56.813+0530: 13.118: Total time for which application threads were stopped: 0.0002100 seconds, Stopping threads took: 0.0000608 seconds
2023-04-21T10:43:56.814+0530: 13.119: Total time for which application threads were stopped: 0.0001550 seconds, Stopping threads took: 0.0000312 seconds
2023-04-21T10:43:56.816+0530: 13.121: Total time for which application threads were stopped: 0.0004272 seconds, Stopping threads took: 0.0002712 seconds
2023-04-21T10:43:56.840+0530: 13.145: Total time for which application threads were stopped: 0.0001911 seconds, Stopping threads took: 0.0000739 seconds
2023-04-21T10:43:56.894+0530: 13.199: Total time for which application threads were stopped: 0.0000729 seconds, Stopping threads took: 0.0000182 seconds
2023-04-21T10:43:56.917+0530: 13.222: Total time for which application threads were stopped: 0.0003714 seconds, Stopping threads took: 0.0000165 seconds
2023-04-21T10:43:56.918+0530: 13.223: Total time for which application threads were stopped: 0.0003015 seconds, Stopping threads took: 0.0000099 seconds
2023-04-21T10:43:56.919+0530: 13.224: Total time for which application threads were stopped: 0.0000531 seconds, Stopping threads took: 0.0000120 seconds
2023-04-21T10:43:56.919+0530: 13.224: Total time for which application threads were stopped: 0.0000354 seconds, Stopping threads took: 0.0000081 seconds
2023-04-21T10:43:56.919+0530: 13.224: Total time for which application threads were stopped: 0.0000361 seconds, Stopping threads took: 0.0000080 seconds
2023-04-21T10:43:56.919+0530: 13.224: Total time for which application threads were stopped: 0.0000324 seconds, Stopping threads took: 0.0000075 seconds
2023-04-21T10:43:56.919+0530: 13.224: Total time for which application threads were stopped: 0.0000319 seconds, Stopping threads took: 0.0000075 seconds
2023-04-21T10:43:56.920+0530: 13.225: Total time for which application threads were stopped: 0.0000696 seconds, Stopping threads took: 0.0000325 seconds
2023-04-21T10:43:56.920+0530: 13.225: Total time for which application threads were stopped: 0.0000446 seconds, Stopping threads took: 0.0000196 seconds
2023-04-21T10:43:56.920+0530: 13.225: Total time for which application threads were stopped: 0.0000377 seconds, Stopping threads took: 0.0000157 seconds
2023-04-21T10:43:56.920+0530: 13.225: Total time for which application threads were stopped: 0.0000374 seconds, Stopping threads took: 0.0000152 seconds
2023-04-21T10:43:56.920+0530: 13.225: Total time for which application threads were stopped: 0.0000376 seconds, Stopping threads took: 0.0000146 seconds
2023-04-21T10:43:57.921+0530: 14.226: Total time for which application threads were stopped: 0.0002796 seconds, Stopping threads took: 0.0000493 seconds
2023-04-21T10:44:01.698+0530: 18.003: Total time for which application threads were stopped: 0.0001338 seconds, Stopping threads took: 0.0000218 seconds
2023-04-21T10:44:01.698+0530: 18.003: Total time for which application threads were stopped: 0.0000595 seconds, Stopping threads took: 0.0000133 seconds
2023-04-21T10:44:01.699+0530: 18.004: Total time for which application threads were stopped: 0.0001564 seconds, Stopping threads took: 0.0000521 seconds
2023-04-21T10:44:01.701+0530: 18.006: Total time for which application threads were stopped: 0.0003050 seconds, Stopping threads took: 0.0002052 seconds
2023-04-21T10:44:01.706+0530: 18.010: Total time for which application threads were stopped: 0.0004820 seconds, Stopping threads took: 0.0000241 seconds
2023-04-21T10:44:01.713+0530: 18.018: Total time for which application threads were stopped: 0.0000780 seconds, Stopping threads took: 0.0000240 seconds
2023-04-21T10:44:01.714+0530: 18.019: Total time for which application threads were stopped: 0.0001077 seconds, Stopping threads took: 0.0000564 seconds
2023-04-21T10:44:01.715+0530: 18.019: Total time for which application threads were stopped: 0.0001066 seconds, Stopping threads took: 0.0000391 seconds
2023-04-21T10:44:01.715+0530: 18.020: Total time for which application threads were stopped: 0.0000969 seconds, Stopping threads took: 0.0000364 seconds
2023-04-21T10:44:01.715+0530: 18.020: Total time for which application threads were stopped: 0.0000672 seconds, Stopping threads took: 0.0000305 seconds
2023-04-21T10:44:01.716+0530: 18.021: Total time for which application threads were stopped: 0.0001037 seconds, Stopping threads took: 0.0000537 seconds
2023-04-21T10:44:01.717+0530: 18.022: Total time for which application threads were stopped: 0.0000949 seconds, Stopping threads took: 0.0000315 seconds
2023-04-21T10:44:01.719+0530: 18.024: Total time for which application threads were stopped: 0.0000908 seconds, Stopping threads took: 0.0000185 seconds
2023-04-21T10:44:01.720+0530: 18.024: Total time for which application threads were stopped: 0.0001253 seconds, Stopping threads took: 0.0000224 seconds
2023-04-21T10:44:01.720+0530: 18.025: Total time for which application threads were stopped: 0.0000923 seconds, Stopping threads took: 0.0000253 seconds
2023-04-21T10:44:01.720+0530: 18.025: Total time for which application threads were stopped: 0.0000677 seconds, Stopping threads took: 0.0000220 seconds
2023-04-21T10:44:01.720+0530: 18.025: Total time for which application threads were stopped: 0.0000844 seconds, Stopping threads took: 0.0000292 seconds
2023-04-21T10:44:01.720+0530: 18.025: Total time for which application threads were stopped: 0.0000975 seconds, Stopping threads took: 0.0000348 seconds
2023-04-21T10:44:01.721+0530: 18.026: Total time for which application threads were stopped: 0.0000668 seconds, Stopping threads took: 0.0000112 seconds
2023-04-21T10:44:01.721+0530: 18.026: Total time for which application threads were stopped: 0.0000481 seconds, Stopping threads took: 0.0000124 seconds
2023-04-21T10:44:01.721+0530: 18.026: Total time for which application threads were stopped: 0.0000792 seconds, Stopping threads took: 0.0000331 seconds
2023-04-21T10:44:01.722+0530: 18.027: Total time for which application threads were stopped: 0.0000614 seconds, Stopping threads took: 0.0000314 seconds
2023-04-21T10:44:01.722+0530: 18.027: Total time for which application threads were stopped: 0.0000864 seconds, Stopping threads took: 0.0000371 seconds
2023-04-21T10:44:01.722+0530: 18.027: Total time for which application threads were stopped: 0.0000667 seconds, Stopping threads took: 0.0000274 seconds
2023-04-21T10:44:01.722+0530: 18.027: Total time for which application threads were stopped: 0.0000613 seconds, Stopping threads took: 0.0000248 seconds
2023-04-21T10:44:01.722+0530: 18.027: Total time for which application threads were stopped: 0.0000890 seconds, Stopping threads took: 0.0000360 seconds
2023-04-21T10:44:02.722+0530: 19.027: Total time for which application threads were stopped: 0.0002241 seconds, Stopping threads took: 0.0000560 seconds
2023-04-21T10:44:04.031+0530: 20.336: Total time for which application threads were stopped: 0.0002181 seconds, Stopping threads took: 0.0000671 seconds
2023-04-21T10:44:04.032+0530: 20.337: Total time for which application threads were stopped: 0.0003501 seconds, Stopping threads took: 0.0002114 seconds
2023-04-21T10:44:04.033+0530: 20.338: Total time for which application threads were stopped: 0.0003948 seconds, Stopping threads took: 0.0001948 seconds
2023-04-21T10:44:04.070+0530: 20.375: Total time for which application threads were stopped: 0.0001162 seconds, Stopping threads took: 0.0000171 seconds
2023-04-21T10:44:04.076+0530: 20.381: Total time for which application threads were stopped: 0.0000882 seconds, Stopping threads took: 0.0000179 seconds
2023-04-21T10:44:04.082+0530: 20.387: Total time for which application threads were stopped: 0.0000827 seconds, Stopping threads took: 0.0000171 seconds
2023-04-21T10:44:04.122+0530: 20.427: Total time for which application threads were stopped: 0.0006317 seconds, Stopping threads took: 0.0005656 seconds
2023-04-21T10:44:04.122+0530: 20.427: Total time for which application threads were stopped: 0.0000341 seconds, Stopping threads took: 0.0000080 seconds
2023-04-21T10:44:04.123+0530: 20.428: Total time for which application threads were stopped: 0.0000298 seconds, Stopping threads took: 0.0000069 seconds
2023-04-21T10:44:04.123+0530: 20.428: Total time for which application threads were stopped: 0.0000468 seconds, Stopping threads took: 0.0000261 seconds
2023-04-21T10:44:04.123+0530: 20.428: Total time for which application threads were stopped: 0.0003194 seconds, Stopping threads took: 0.0000064 seconds
2023-04-21T10:44:04.137+0530: 20.442: Total time for which application threads were stopped: 0.0000695 seconds, Stopping threads took: 0.0000154 seconds
2023-04-21T10:44:04.159+0530: 20.464: Total time for which application threads were stopped: 0.0000673 seconds, Stopping threads took: 0.0000143 seconds
2023-04-21T10:44:04.159+0530: 20.464: Total time for which application threads were stopped: 0.0000410 seconds, Stopping threads took: 0.0000079 seconds
2023-04-21T10:44:04.159+0530: 20.464: Total time for which application threads were stopped: 0.0000339 seconds, Stopping threads took: 0.0000064 seconds
2023-04-21T10:44:04.159+0530: 20.464: Total time for which application threads were stopped: 0.0000274 seconds, Stopping threads took: 0.0000059 seconds
2023-04-21T10:44:04.200+0530: 20.505: Total time for which application threads were stopped: 0.0003781 seconds, Stopping threads took: 0.0000147 seconds
2023-04-21T10:44:04.201+0530: 20.506: Total time for which application threads were stopped: 0.0003224 seconds, Stopping threads took: 0.0000088 seconds
2023-04-21T10:44:04.213+0530: 20.518: Total time for which application threads were stopped: 0.0004970 seconds, Stopping threads took: 0.0000753 seconds
2023-04-21T10:44:04.412+0530: 20.717: Total time for which application threads were stopped: 0.0002587 seconds, Stopping threads took: 0.0000315 seconds
2023-04-21T10:44:04.415+0530: 20.720: Total time for which application threads were stopped: 0.0004571 seconds, Stopping threads took: 0.0000224 seconds
2023-04-21T10:44:04.417+0530: 20.722: Total time for which application threads were stopped: 0.0003482 seconds, Stopping threads took: 0.0000091 seconds
2023-04-21T10:44:05.417+0530: 21.722: Total time for which application threads were stopped: 0.0003405 seconds, Stopping threads took: 0.0000391 seconds
2023-04-21T10:44:07.418+0530: 23.723: Total time for which application threads were stopped: 0.0002499 seconds, Stopping threads took: 0.0000621 seconds
2023-04-21T10:44:07.635+0530: 23.940: Total time for which application threads were stopped: 0.0002118 seconds, Stopping threads took: 0.0000392 seconds
2023-04-21T10:44:08.636+0530: 24.941: Total time for which application threads were stopped: 0.0003388 seconds, Stopping threads took: 0.0000629 seconds
2023-04-21T10:44:09.232+0530: 25.536: [GC (CMS Initial Mark) [1 CMS-initial-mark: 20391K(393216K)] 92472K(502464K), 0.0097939 secs] [Times: user=0.04 sys=0.01, real=0.01 secs] 
2023-04-21T10:44:09.241+0530: 25.546: Total time for which application threads were stopped: 0.0100735 seconds, Stopping threads took: 0.0000636 seconds
2023-04-21T10:44:09.241+0530: 25.546: [CMS-concurrent-mark-start]
2023-04-21T10:44:09.256+0530: 25.561: [CMS-concurrent-mark: 0.014/0.014 secs] [Times: user=0.05 sys=0.00, real=0.02 secs] 
2023-04-21T10:44:09.256+0530: 25.561: [CMS-concurrent-preclean-start]
2023-04-21T10:44:09.258+0530: 25.563: [CMS-concurrent-preclean: 0.002/0.002 secs] [Times: user=0.01 sys=0.00, real=0.00 secs] 
2023-04-21T10:44:09.258+0530: 25.563: [CMS-concurrent-abortable-preclean-start]
 CMS: abort preclean due to time 2023-04-21T10:44:15.279+0530: 31.583: [CMS-concurrent-abortable-preclean: 3.016/6.021 secs] [Times: user=3.02 sys=0.00, real=6.02 secs] 
2023-04-21T10:44:15.279+0530: 31.584: [GC (CMS Final Remark) [YG occupancy: 72663 K (109248 K)]{Heap before GC invocations=19 (full 2):
 par new generation   total 109248K, used 72663K [0x00000000e0000000, 0x00000000e8000000, 0x00000000e8000000)
  eden space 87424K,  59% used [0x00000000e0000000, 0x00000000e32971e0, 0x00000000e5560000)
  from space 21824K,  95% used [0x00000000e6ab0000, 0x00000000e7f0eb78, 0x00000000e8000000)
  to   space 21824K,   0% used [0x00000000e5560000, 0x00000000e5560000, 0x00000000e6ab0000)
 concurrent mark-sweep generation total 393216K, used 20391K [0x00000000e8000000, 0x0000000100000000, 0x0000000100000000)
 Metaspace       used 37074K, capacity 37748K, committed 38040K, reserved 1083392K
  class space    used 4350K, capacity 4570K, committed 4628K, reserved 1048576K
2023-04-21T10:44:15.279+0530: 31.584: [GC (CMS Final Remark) 2023-04-21T10:44:15.279+0530: 31.584: [ParNew
Desired survivor size 20112992 bytes, new threshold 4 (max 8)
- age   1:   11014872 bytes,   11014872 total
- age   2:    2629608 bytes,   13644480 total
- age   3:     163904 bytes,   13808384 total
- age   4:    7999440 bytes,   21807824 total
- age   5:     121320 bytes,   21929144 total
- age   6:      81256 bytes,   22010400 total
- age   7:     107264 bytes,   22117664 total
- age   8:      55192 bytes,   22172856 total
: 72663K->21824K(109248K), 0.0093781 secs] 93054K->43048K(502464K), 0.0094388 secs] [Times: user=0.02 sys=0.01, real=0.01 secs] 
Heap after GC invocations=20 (full 2):
 par new generation   total 109248K, used 21824K [0x00000000e0000000, 0x00000000e8000000, 0x00000000e8000000)
  eden space 87424K,   0% used [0x00000000e0000000, 0x00000000e0000000, 0x00000000e5560000)
  from space 21824K, 100% used [0x00000000e5560000, 0x00000000e6ab0000, 0x00000000e6ab0000)
  to   space 21824K,   0% used [0x00000000e6ab0000, 0x00000000e6ab0000, 0x00000000e8000000)
 concurrent mark-sweep generation total 393216K, used 21224K [0x00000000e8000000, 0x0000000100000000, 0x0000000100000000)
 Metaspace       used 37074K, capacity 37748K, committed 38040K, reserved 1083392K
  class space    used 4350K, capacity 4570K, committed 4628K, reserved 1048576K
}
2023-04-21T10:44:15.288+0530: 31.593: [Rescan (parallel) , 0.0031365 secs]2023-04-21T10:44:15.291+0530: 31.596: [weak refs processing, 0.0003074 secs]2023-04-21T10:44:15.292+0530: 31.597: [class unloading, 0.0050631 secs]2023-04-21T10:44:15.297+0530: 31.602: [scrub symbol table, 0.0033813 secs]2023-04-21T10:44:15.300+0530: 31.605: [scrub string table, 0.0005638 secs][1 CMS-remark: 21224K(393216K)] 43048K(502464K), 0.0222583 secs] [Times: user=0.04 sys=0.01, real=0.02 secs] 
2023-04-21T10:44:15.301+0530: 31.606: Total time for which application threads were stopped: 0.0223483 seconds, Stopping threads took: 0.0000166 seconds
2023-04-21T10:44:15.301+0530: 31.606: [CMS-concurrent-sweep-start]
2023-04-21T10:44:15.301+0530: 31.606: Total time for which application threads were stopped: 0.0000447 seconds, Stopping threads took: 0.0000116 seconds
2023-04-21T10:44:15.301+0530: 31.606: Total time for which application threads were stopped: 0.0000261 seconds, Stopping threads took: 0.0000053 seconds
2023-04-21T10:44:15.302+0530: 31.607: Total time for which application threads were stopped: 0.0000299 seconds, Stopping threads took: 0.0000069 seconds
2023-04-21T10:44:15.302+0530: 31.607: Total time for which application threads were stopped: 0.0000497 seconds, Stopping threads took: 0.0000222 seconds
2023-04-21T10:44:15.302+0530: 31.607: Total time for which application threads were stopped: 0.0000480 seconds, Stopping threads took: 0.0000169 seconds
2023-04-21T10:44:15.302+0530: 31.607: Total time for which application threads were stopped: 0.0000345 seconds, Stopping threads took: 0.0000092 seconds
2023-04-21T10:44:15.302+0530: 31.607: Total time for which application threads were stopped: 0.0000248 seconds, Stopping threads took: 0.0000054 seconds
2023-04-21T10:44:15.302+0530: 31.607: Total time for which application threads were stopped: 0.0000350 seconds, Stopping threads took: 0.0000128 seconds
2023-04-21T10:44:15.302+0530: 31.607: Total time for which application threads were stopped: 0.0000311 seconds, Stopping threads took: 0.0000124 seconds
2023-04-21T10:44:15.308+0530: 31.613: [CMS-concurrent-sweep: 0.006/0.007 secs] [Times: user=0.03 sys=0.00, real=0.01 secs] 
2023-04-21T10:44:15.308+0530: 31.613: [CMS-concurrent-reset-start]
2023-04-21T10:44:15.308+0530: 31.613: [CMS-concurrent-reset: 0.000/0.000 secs] [Times: user=0.00 sys=0.00, real=0.00 secs] 
2023-04-21T10:44:19.304+0530: 35.609: Total time for which application threads were stopped: 0.0003321 seconds, Stopping threads took: 0.0000661 seconds
2023-04-21T10:44:28.020+0530: 44.325: Total time for which application threads were stopped: 0.0001276 seconds, Stopping threads took: 0.0000393 seconds
2023-04-21T10:44:28.020+0530: 44.325: Total time for which application threads were stopped: 0.0000627 seconds, Stopping threads took: 0.0000098 seconds
2023-04-21T10:44:28.021+0530: 44.326: Total time for which application threads were stopped: 0.0000914 seconds, Stopping threads took: 0.0000165 seconds
2023-04-21T10:44:28.026+0530: 44.331: Total time for which application threads were stopped: 0.0001047 seconds, Stopping threads took: 0.0000292 seconds
2023-04-21T10:44:28.032+0530: 44.337: Total time for which application threads were stopped: 0.0001084 seconds, Stopping threads took: 0.0000397 seconds
2023-04-21T10:44:28.034+0530: 44.338: Total time for which application threads were stopped: 0.0001159 seconds, Stopping threads took: 0.0000322 seconds
2023-04-21T10:44:28.034+0530: 44.339: Total time for which application threads were stopped: 0.0000890 seconds, Stopping threads took: 0.0000391 seconds
2023-04-21T10:44:28.034+0530: 44.339: Total time for which application threads were stopped: 0.0000728 seconds, Stopping threads took: 0.0000147 seconds
2023-04-21T10:44:28.034+0530: 44.339: Total time for which application threads were stopped: 0.0000801 seconds, Stopping threads took: 0.0000161 seconds
2023-04-21T10:44:51.719+0530: 68.024: Total time for which application threads were stopped: 0.0002783 seconds, Stopping threads took: 0.0000733 seconds
2023-04-21T10:44:51.719+0530: 68.024: Total time for which application threads were stopped: 0.0002222 seconds, Stopping threads took: 0.0001070 seconds
2023-04-21T10:45:01.721+0530: 78.025: Total time for which application threads were stopped: 0.0000700 seconds, Stopping threads took: 0.0000156 seconds
2023-04-21T10:45:01.722+0530: 78.027: Total time for which application threads were stopped: 0.0000512 seconds, Stopping threads took: 0.0000098 seconds
2023-04-21T10:45:16.724+0530: 93.029: Total time for which application threads were stopped: 0.0001850 seconds, Stopping threads took: 0.0000457 seconds
2023-04-21T10:45:36.728+0530: 113.033: Total time for which application threads were stopped: 0.0002938 seconds, Stopping threads took: 0.0000960 seconds
2023-04-21T10:45:41.721+0530: 118.026: Total time for which application threads were stopped: 0.0003145 seconds, Stopping threads took: 0.0001100 seconds
2023-04-21T10:46:04.005+0530: 140.310: Total time for which application threads were stopped: 0.0001248 seconds, Stopping threads took: 0.0000398 seconds
2023-04-21T10:46:04.006+0530: 140.311: Total time for which application threads were stopped: 0.0000757 seconds, Stopping threads took: 0.0000153 seconds
2023-04-21T10:46:04.006+0530: 140.311: Total time for which application threads were stopped: 0.0000554 seconds, Stopping threads took: 0.0000091 seconds
2023-04-21T10:46:04.006+0530: 140.311: Total time for which application threads were stopped: 0.0000733 seconds, Stopping threads took: 0.0000138 seconds
2023-04-21T10:46:04.011+0530: 140.316: Total time for which application threads were stopped: 0.0008717 seconds, Stopping threads took: 0.0008058 seconds
2023-04-21T10:46:04.011+0530: 140.316: Total time for which application threads were stopped: 0.0000602 seconds, Stopping threads took: 0.0000103 seconds
2023-04-21T10:46:05.011+0530: 141.316: Total time for which application threads were stopped: 0.0002079 seconds, Stopping threads took: 0.0000516 seconds
2023-04-21T10:46:55.023+0530: 191.328: Total time for which application threads were stopped: 0.0001413 seconds, Stopping threads took: 0.0000427 seconds
2023-04-21T10:46:55.023+0530: 191.328: Total time for which application threads were stopped: 0.0000890 seconds, Stopping threads took: 0.0000177 seconds
2023-04-21T10:46:55.023+0530: 191.328: Total time for which application threads were stopped: 0.0000681 seconds, Stopping threads took: 0.0000128 seconds
2023-04-21T10:46:55.024+0530: 191.329: Total time for which application threads were stopped: 0.0000708 seconds, Stopping threads took: 0.0000122 seconds
2023-04-21T10:46:55.027+0530: 191.332: Total time for which application threads were stopped: 0.0000985 seconds, Stopping threads took: 0.0000181 seconds
2023-04-21T10:46:55.027+0530: 191.332: Total time for which application threads were stopped: 0.0000700 seconds, Stopping threads took: 0.0000118 seconds
2023-04-21T10:47:26.340+0530: 222.645: Total time for which application threads were stopped: 0.0001978 seconds, Stopping threads took: 0.0000601 seconds
2023-04-21T10:47:26.341+0530: 222.645: Total time for which application threads were stopped: 0.0001036 seconds, Stopping threads took: 0.0000158 seconds
2023-04-21T10:47:26.341+0530: 222.646: Total time for which application threads were stopped: 0.0000691 seconds, Stopping threads took: 0.0000102 seconds
2023-04-21T10:47:26.341+0530: 222.646: Total time for which application threads were stopped: 0.0001929 seconds, Stopping threads took: 0.0000095 seconds
2023-04-21T10:47:26.341+0530: 222.646: Total time for which application threads were stopped: 0.0000789 seconds, Stopping threads took: 0.0000117 seconds
2023-04-21T10:47:26.342+0530: 222.647: Total time for which application threads were stopped: 0.0000751 seconds, Stopping threads took: 0.0000108 seconds
2023-04-21T10:47:26.346+0530: 222.651: Total time for which application threads were stopped: 0.0001911 seconds, Stopping threads took: 0.0000565 seconds
2023-04-21T10:47:41.348+0530: 237.653: Total time for which application threads were stopped: 0.0002471 seconds, Stopping threads took: 0.0000625 seconds
2023-04-21T10:47:42.349+0530: 238.654: Total time for which application threads were stopped: 0.0002444 seconds, Stopping threads took: 0.0000593 seconds
2023-04-21T10:47:43.440+0530: 239.745: Total time for which application threads were stopped: 0.0001799 seconds, Stopping threads took: 0.0000761 seconds
2023-04-21T10:47:43.440+0530: 239.745: Total time for which application threads were stopped: 0.0000789 seconds, Stopping threads took: 0.0000130 seconds
2023-04-21T10:47:43.441+0530: 239.746: Total time for which application threads were stopped: 0.0000915 seconds, Stopping threads took: 0.0000159 seconds
2023-04-21T10:47:43.445+0530: 239.750: Total time for which application threads were stopped: 0.0001414 seconds, Stopping threads took: 0.0000485 seconds
2023-04-21T10:47:43.445+0530: 239.750: Total time for which application threads were stopped: 0.0001133 seconds, Stopping threads took: 0.0000449 seconds
2023-04-21T10:48:20.807+0530: 277.112: Total time for which application threads were stopped: 0.0002385 seconds, Stopping threads took: 0.0000631 seconds
2023-04-21T10:48:20.807+0530: 277.112: Total time for which application threads were stopped: 0.0001371 seconds, Stopping threads took: 0.0000269 seconds
2023-04-21T10:48:20.810+0530: 277.115: Total time for which application threads were stopped: 0.0001234 seconds, Stopping threads took: 0.0000219 seconds
2023-04-21T10:48:20.818+0530: 277.123: Total time for which application threads were stopped: 0.0001248 seconds, Stopping threads took: 0.0000315 seconds
2023-04-21T10:48:20.818+0530: 277.123: Total time for which application threads were stopped: 0.0001221 seconds, Stopping threads took: 0.0000421 seconds
2023-04-21T10:54:03.046+0530: 619.351: Total time for which application threads were stopped: 0.0001574 seconds, Stopping threads took: 0.0000455 seconds
2023-04-21T10:54:03.046+0530: 619.351: Total time for which application threads were stopped: 0.0000774 seconds, Stopping threads took: 0.0000120 seconds
2023-04-21T10:54:03.047+0530: 619.352: Total time for which application threads were stopped: 0.0001105 seconds, Stopping threads took: 0.0000208 seconds
2023-04-21T10:54:03.050+0530: 619.355: Total time for which application threads were stopped: 0.0001426 seconds, Stopping threads took: 0.0000496 seconds
2023-04-21T10:54:03.052+0530: 619.357: Total time for which application threads were stopped: 0.0001422 seconds, Stopping threads took: 0.0000435 seconds
2023-04-21T10:54:35.058+0530: 651.363: Total time for which application threads were stopped: 0.0002604 seconds, Stopping threads took: 0.0000891 seconds
2023-04-21T10:54:38.175+0530: 654.480: Total time for which application threads were stopped: 0.0002100 seconds, Stopping threads took: 0.0000354 seconds
2023-04-21T10:54:38.175+0530: 654.480: Total time for which application threads were stopped: 0.0001055 seconds, Stopping threads took: 0.0000173 seconds
2023-04-21T10:54:38.175+0530: 654.480: Total time for which application threads were stopped: 0.0000932 seconds, Stopping threads took: 0.0000137 seconds
2023-04-21T10:54:38.176+0530: 654.481: Total time for which application threads were stopped: 0.0000835 seconds, Stopping threads took: 0.0000135 seconds
2023-04-21T10:54:38.180+0530: 654.485: Total time for which application threads were stopped: 0.0001898 seconds, Stopping threads took: 0.0000791 seconds
2023-04-21T10:54:38.180+0530: 654.485: Total time for which application threads were stopped: 0.0001479 seconds, Stopping threads took: 0.0000592 seconds
2023-04-21T10:54:39.180+0530: 655.485: Total time for which application threads were stopped: 0.0002002 seconds, Stopping threads took: 0.0000447 seconds
2023-04-21T10:55:06.664+0530: 682.969: Total time for which application threads were stopped: 0.0001308 seconds, Stopping threads took: 0.0000424 seconds
2023-04-21T10:55:06.665+0530: 682.969: Total time for which application threads were stopped: 0.0000591 seconds, Stopping threads took: 0.0000089 seconds
2023-04-21T10:55:06.667+0530: 682.972: Total time for which application threads were stopped: 0.0000627 seconds, Stopping threads took: 0.0000111 seconds
2023-04-21T10:55:06.669+0530: 682.974: Total time for which application threads were stopped: 0.0000810 seconds, Stopping threads took: 0.0000182 seconds
2023-04-21T10:55:06.669+0530: 682.974: Total time for which application threads were stopped: 0.0000648 seconds, Stopping threads took: 0.0000129 seconds
2023-04-21T10:55:07.670+0530: 683.975: Total time for which application threads were stopped: 0.0002110 seconds, Stopping threads took: 0.0000477 seconds
2023-04-21T10:56:49.951+0530: 786.256: Total time for which application threads were stopped: 0.0001356 seconds, Stopping threads took: 0.0000410 seconds
2023-04-21T10:56:49.952+0530: 786.256: Total time for which application threads were stopped: 0.0000692 seconds, Stopping threads took: 0.0000106 seconds
2023-04-21T10:56:49.952+0530: 786.257: Total time for which application threads were stopped: 0.0000864 seconds, Stopping threads took: 0.0000159 seconds
2023-04-21T10:56:49.956+0530: 786.261: Total time for which application threads were stopped: 0.0002085 seconds, Stopping threads took: 0.0000271 seconds
2023-04-21T10:57:12.583+0530: 808.888: Total time for which application threads were stopped: 0.0001541 seconds, Stopping threads took: 0.0000448 seconds
2023-04-21T10:57:12.583+0530: 808.888: Total time for which application threads were stopped: 0.0000788 seconds, Stopping threads took: 0.0000126 seconds
2023-04-21T10:57:12.584+0530: 808.889: Total time for which application threads were stopped: 0.0000954 seconds, Stopping threads took: 0.0000162 seconds
2023-04-21T10:57:12.587+0530: 808.892: Total time for which application threads were stopped: 0.0001671 seconds, Stopping threads took: 0.0000340 seconds
2023-04-21T10:57:12.587+0530: 808.892: Total time for which application threads were stopped: 0.0001173 seconds, Stopping threads took: 0.0000569 seconds
2023-04-21T10:59:50.600+0530: 966.905: Total time for which application threads were stopped: 0.0001316 seconds, Stopping threads took: 0.0000397 seconds
2023-04-21T10:59:50.600+0530: 966.905: Total time for which application threads were stopped: 0.0000607 seconds, Stopping threads took: 0.0000094 seconds
2023-04-21T10:59:50.601+0530: 966.906: Total time for which application threads were stopped: 0.0001353 seconds, Stopping threads took: 0.0000699 seconds
2023-04-21T10:59:50.605+0530: 966.910: Total time for which application threads were stopped: 0.0001053 seconds, Stopping threads took: 0.0000214 seconds
2023-04-21T10:59:50.605+0530: 966.910: Total time for which application threads were stopped: 0.0000755 seconds, Stopping threads took: 0.0000148 seconds
2023-04-21T11:00:07.290+0530: 983.595: Total time for which application threads were stopped: 0.0001274 seconds, Stopping threads took: 0.0000256 seconds
2023-04-21T11:00:07.290+0530: 983.595: Total time for which application threads were stopped: 0.0000725 seconds, Stopping threads took: 0.0000112 seconds
2023-04-21T11:00:07.292+0530: 983.597: Total time for which application threads were stopped: 0.0000869 seconds, Stopping threads took: 0.0000164 seconds
2023-04-21T11:00:07.295+0530: 983.600: Total time for which application threads were stopped: 0.0001003 seconds, Stopping threads took: 0.0000240 seconds
2023-04-21T11:00:07.295+0530: 983.600: Total time for which application threads were stopped: 0.0000691 seconds, Stopping threads took: 0.0000110 seconds
2023-04-21T11:00:10.908+0530: 987.213: Total time for which application threads were stopped: 0.0001547 seconds, Stopping threads took: 0.0000322 seconds
2023-04-21T11:00:10.908+0530: 987.213: Total time for which application threads were stopped: 0.0000960 seconds, Stopping threads took: 0.0000166 seconds
2023-04-21T11:00:10.908+0530: 987.213: Total time for which application threads were stopped: 0.0000794 seconds, Stopping threads took: 0.0000134 seconds
2023-04-21T11:00:10.909+0530: 987.214: Total time for which application threads were stopped: 0.0000694 seconds, Stopping threads took: 0.0000114 seconds
2023-04-21T11:00:10.915+0530: 987.220: Total time for which application threads were stopped: 0.0000948 seconds, Stopping threads took: 0.0000207 seconds
2023-04-21T11:00:10.915+0530: 987.220: Total time for which application threads were stopped: 0.0000644 seconds, Stopping threads took: 0.0000109 seconds
2023-04-21T11:04:12.779+0530: 1229.084: Total time for which application threads were stopped: 0.0001558 seconds, Stopping threads took: 0.0000554 seconds
2023-04-21T11:04:12.779+0530: 1229.084: Total time for which application threads were stopped: 0.0001293 seconds, Stopping threads took: 0.0000640 seconds
2023-04-21T11:04:12.780+0530: 1229.085: Total time for which application threads were stopped: 0.0001873 seconds, Stopping threads took: 0.0000216 seconds
2023-04-21T11:04:12.782+0530: 1229.087: Total time for which application threads were stopped: 0.0001187 seconds, Stopping threads took: 0.0000325 seconds
2023-04-21T11:04:12.783+0530: 1229.088: Total time for which application threads were stopped: 0.0000929 seconds, Stopping threads took: 0.0000226 seconds
2023-04-21T11:05:03.279+0530: 1279.583: Total time for which application threads were stopped: 0.0001543 seconds, Stopping threads took: 0.0000426 seconds
2023-04-21T11:05:03.279+0530: 1279.584: Total time for which application threads were stopped: 0.0000722 seconds, Stopping threads took: 0.0000147 seconds
2023-04-21T11:05:03.280+0530: 1279.584: Total time for which application threads were stopped: 0.0001561 seconds, Stopping threads took: 0.0001078 seconds
2023-04-21T11:05:03.282+0530: 1279.586: Total time for which application threads were stopped: 0.0001991 seconds, Stopping threads took: 0.0000211 seconds
2023-04-21T11:05:21.025+0530: 1297.330: Total time for which application threads were stopped: 0.0001852 seconds, Stopping threads took: 0.0000800 seconds
2023-04-21T11:05:21.025+0530: 1297.330: Total time for which application threads were stopped: 0.0000874 seconds, Stopping threads took: 0.0000245 seconds
2023-04-21T11:05:21.026+0530: 1297.331: Total time for which application threads were stopped: 0.0000903 seconds, Stopping threads took: 0.0000270 seconds
2023-04-21T11:05:21.028+0530: 1297.333: Total time for which application threads were stopped: 0.0000991 seconds, Stopping threads took: 0.0000248 seconds
2023-04-21T11:05:21.029+0530: 1297.334: Total time for which application threads were stopped: 0.0000760 seconds, Stopping threads took: 0.0000188 seconds
2023-04-21T11:05:59.940+0530: 1336.245: Total time for which application threads were stopped: 0.0002046 seconds, Stopping threads took: 0.0000859 seconds
2023-04-21T11:05:59.941+0530: 1336.246: Total time for which application threads were stopped: 0.0001143 seconds, Stopping threads took: 0.0000292 seconds
2023-04-21T11:05:59.942+0530: 1336.246: Total time for which application threads were stopped: 0.0001067 seconds, Stopping threads took: 0.0000224 seconds
2023-04-21T11:05:59.945+0530: 1336.250: Total time for which application threads were stopped: 0.0001115 seconds, Stopping threads took: 0.0000285 seconds
2023-04-21T11:05:59.945+0530: 1336.250: Total time for which application threads were stopped: 0.0000902 seconds, Stopping threads took: 0.0000243 seconds
2023-04-21T11:06:09.760+0530: 1346.065: Total time for which application threads were stopped: 0.0001381 seconds, Stopping threads took: 0.0000297 seconds
2023-04-21T11:06:09.761+0530: 1346.066: Total time for which application threads were stopped: 0.0000978 seconds, Stopping threads took: 0.0000199 seconds
2023-04-21T11:06:09.762+0530: 1346.066: Total time for which application threads were stopped: 0.0000694 seconds, Stopping threads took: 0.0000145 seconds
2023-04-21T11:06:09.764+0530: 1346.069: Total time for which application threads were stopped: 0.0002061 seconds, Stopping threads took: 0.0001296 seconds
2023-04-21T11:06:39.342+0530: 1375.647: Total time for which application threads were stopped: 0.0001488 seconds, Stopping threads took: 0.0000488 seconds
2023-04-21T11:06:39.342+0530: 1375.647: Total time for which application threads were stopped: 0.0000831 seconds, Stopping threads took: 0.0000158 seconds
2023-04-21T11:06:39.342+0530: 1375.647: Total time for which application threads were stopped: 0.0000684 seconds, Stopping threads took: 0.0000139 seconds
2023-04-21T11:06:39.343+0530: 1375.648: Total time for which application threads were stopped: 0.0000587 seconds, Stopping threads took: 0.0000112 seconds
2023-04-21T11:06:39.345+0530: 1375.650: Total time for which application threads were stopped: 0.0001688 seconds, Stopping threads took: 0.0000953 seconds
2023-04-21T11:06:39.346+0530: 1375.651: Total time for which application threads were stopped: 0.0000879 seconds, Stopping threads took: 0.0000375 seconds
2023-04-21T11:06:57.646+0530: 1393.951: Total time for which application threads were stopped: 0.0001298 seconds, Stopping threads took: 0.0000408 seconds
2023-04-21T11:06:57.646+0530: 1393.951: Total time for which application threads were stopped: 0.0000722 seconds, Stopping threads took: 0.0000137 seconds
2023-04-21T11:06:57.647+0530: 1393.952: Total time for which application threads were stopped: 0.0000697 seconds, Stopping threads took: 0.0000137 seconds
2023-04-21T11:06:57.648+0530: 1393.953: Total time for which application threads were stopped: 0.0001082 seconds, Stopping threads took: 0.0000253 seconds
2023-04-21T11:06:57.648+0530: 1393.953: Total time for which application threads were stopped: 0.0000838 seconds, Stopping threads took: 0.0000194 seconds
2023-04-21T11:06:57.650+0530: 1393.955: Total time for which application threads were stopped: 0.0001896 seconds, Stopping threads took: 0.0001236 seconds
2023-04-21T11:06:57.651+0530: 1393.956: Total time for which application threads were stopped: 0.0001276 seconds, Stopping threads took: 0.0000813 seconds
2023-04-21T11:07:18.749+0530: 1415.054: Total time for which application threads were stopped: 0.0000939 seconds, Stopping threads took: 0.0000165 seconds
2023-04-21T11:07:18.749+0530: 1415.054: Total time for which application threads were stopped: 0.0000501 seconds, Stopping threads took: 0.0000098 seconds
2023-04-21T11:07:18.750+0530: 1415.055: Total time for which application threads were stopped: 0.0000472 seconds, Stopping threads took: 0.0000092 seconds
2023-04-21T11:07:18.752+0530: 1415.057: Total time for which application threads were stopped: 0.0001435 seconds, Stopping threads took: 0.0000771 seconds
2023-04-21T11:07:18.752+0530: 1415.057: Total time for which application threads were stopped: 0.0001184 seconds, Stopping threads took: 0.0000145 seconds
2023-04-21T11:07:33.165+0530: 1429.470: Total time for which application threads were stopped: 0.0001908 seconds, Stopping threads took: 0.0000738 seconds
2023-04-21T11:07:33.165+0530: 1429.470: Total time for which application threads were stopped: 0.0001592 seconds, Stopping threads took: 0.0000645 seconds
2023-04-21T11:07:33.167+0530: 1429.472: Total time for which application threads were stopped: 0.0002194 seconds, Stopping threads took: 0.0001243 seconds
2023-04-21T11:07:33.170+0530: 1429.475: Total time for which application threads were stopped: 0.0001080 seconds, Stopping threads took: 0.0000218 seconds
2023-04-21T11:07:33.170+0530: 1429.475: Total time for which application threads were stopped: 0.0000806 seconds, Stopping threads took: 0.0000147 seconds
2023-04-21T11:07:35.502+0530: 1431.807: Total time for which application threads were stopped: 0.0002060 seconds, Stopping threads took: 0.0000451 seconds
2023-04-21T11:07:35.502+0530: 1431.807: Total time for which application threads were stopped: 0.0001548 seconds, Stopping threads took: 0.0000315 seconds
2023-04-21T11:07:35.504+0530: 1431.809: Total time for which application threads were stopped: 0.0001930 seconds, Stopping threads took: 0.0000528 seconds
2023-04-21T11:07:35.508+0530: 1431.813: Total time for which application threads were stopped: 0.0002102 seconds, Stopping threads took: 0.0000685 seconds
2023-04-21T11:07:35.509+0530: 1431.814: Total time for which application threads were stopped: 0.0003080 seconds, Stopping threads took: 0.0001443 seconds
2023-04-21T11:08:06.695+0530: 1463.000: Total time for which application threads were stopped: 0.0001751 seconds, Stopping threads took: 0.0000569 seconds
2023-04-21T11:08:06.695+0530: 1463.000: Total time for which application threads were stopped: 0.0000697 seconds, Stopping threads took: 0.0000137 seconds
2023-04-21T11:08:06.696+0530: 1463.001: Total time for which application threads were stopped: 0.0000798 seconds, Stopping threads took: 0.0000200 seconds
2023-04-21T11:08:06.698+0530: 1463.003: Total time for which application threads were stopped: 0.0001280 seconds, Stopping threads took: 0.0000547 seconds
2023-04-21T11:08:06.699+0530: 1463.004: Total time for which application threads were stopped: 0.0000587 seconds, Stopping threads took: 0.0000142 seconds
2023-04-21T11:08:24.124+0530: 1480.429: Total time for which application threads were stopped: 0.0000865 seconds, Stopping threads took: 0.0000227 seconds
2023-04-21T11:08:24.124+0530: 1480.429: Total time for which application threads were stopped: 0.0000458 seconds, Stopping threads took: 0.0000090 seconds
2023-04-21T11:08:24.124+0530: 1480.429: Total time for which application threads were stopped: 0.0000330 seconds, Stopping threads took: 0.0000066 seconds
2023-04-21T11:08:24.125+0530: 1480.430: Total time for which application threads were stopped: 0.0000346 seconds, Stopping threads took: 0.0000070 seconds
2023-04-21T11:08:24.126+0530: 1480.431: Total time for which application threads were stopped: 0.0000521 seconds, Stopping threads took: 0.0000134 seconds
2023-04-21T11:08:24.126+0530: 1480.431: Total time for which application threads were stopped: 0.0000580 seconds, Stopping threads took: 0.0000314 seconds
2023-04-21T11:08:25.127+0530: 1481.432: Total time for which application threads were stopped: 0.0002567 seconds, Stopping threads took: 0.0000557 seconds
2023-04-21T11:08:32.917+0530: 1489.222: Total time for which application threads were stopped: 0.0001375 seconds, Stopping threads took: 0.0000286 seconds
2023-04-21T11:08:32.917+0530: 1489.222: Total time for which application threads were stopped: 0.0000876 seconds, Stopping threads took: 0.0000167 seconds
2023-04-21T11:08:32.918+0530: 1489.223: Total time for which application threads were stopped: 0.0001722 seconds, Stopping threads took: 0.0000688 seconds
2023-04-21T11:08:32.921+0530: 1489.226: Total time for which application threads were stopped: 0.0002784 seconds, Stopping threads took: 0.0001361 seconds
2023-04-21T11:08:32.922+0530: 1489.226: Total time for which application threads were stopped: 0.0002074 seconds, Stopping threads took: 0.0001271 seconds
2023-04-21T11:09:04.832+0530: 1521.137: Total time for which application threads were stopped: 0.0002070 seconds, Stopping threads took: 0.0000624 seconds
2023-04-21T11:09:04.832+0530: 1521.137: Total time for which application threads were stopped: 0.0000980 seconds, Stopping threads took: 0.0000191 seconds
2023-04-21T11:09:04.833+0530: 1521.138: Total time for which application threads were stopped: 0.0000930 seconds, Stopping threads took: 0.0000370 seconds
2023-04-21T11:09:04.835+0530: 1521.140: Total time for which application threads were stopped: 0.0000986 seconds, Stopping threads took: 0.0000333 seconds
2023-04-21T11:09:04.836+0530: 1521.141: Total time for which application threads were stopped: 0.0000964 seconds, Stopping threads took: 0.0000220 seconds
2023-04-21T11:09:23.244+0530: 1539.549: Total time for which application threads were stopped: 0.0000897 seconds, Stopping threads took: 0.0000207 seconds
2023-04-21T11:09:23.244+0530: 1539.549: Total time for which application threads were stopped: 0.0000421 seconds, Stopping threads took: 0.0000071 seconds
2023-04-21T11:09:23.245+0530: 1539.550: Total time for which application threads were stopped: 0.0000685 seconds, Stopping threads took: 0.0000149 seconds
2023-04-21T11:09:23.247+0530: 1539.552: Total time for which application threads were stopped: 0.0002011 seconds, Stopping threads took: 0.0000214 seconds
2023-04-21T11:10:08.802+0530: 1585.107: Total time for which application threads were stopped: 0.0001926 seconds, Stopping threads took: 0.0000593 seconds
2023-04-21T11:10:08.802+0530: 1585.107: Total time for which application threads were stopped: 0.0001543 seconds, Stopping threads took: 0.0000588 seconds
2023-04-21T11:10:08.803+0530: 1585.108: Total time for which application threads were stopped: 0.0001604 seconds, Stopping threads took: 0.0000385 seconds
2023-04-21T11:10:08.807+0530: 1585.112: Total time for which application threads were stopped: 0.0001443 seconds, Stopping threads took: 0.0000552 seconds
2023-04-21T11:10:08.807+0530: 1585.112: Total time for which application threads were stopped: 0.0000775 seconds, Stopping threads took: 0.0000206 seconds
2023-04-21T11:10:22.358+0530: 1598.663: Total time for which application threads were stopped: 0.0001346 seconds, Stopping threads took: 0.0000291 seconds
2023-04-21T11:10:22.359+0530: 1598.664: Total time for which application threads were stopped: 0.0000954 seconds, Stopping threads took: 0.0000183 seconds
2023-04-21T11:10:22.360+0530: 1598.665: Total time for which application threads were stopped: 0.0001569 seconds, Stopping threads took: 0.0000644 seconds
2023-04-21T11:10:22.363+0530: 1598.668: Total time for which application threads were stopped: 0.0001436 seconds, Stopping threads took: 0.0000380 seconds
2023-04-21T11:10:22.363+0530: 1598.668: Total time for which application threads were stopped: 0.0001214 seconds, Stopping threads took: 0.0000489 seconds
2023-04-21T11:10:59.537+0530: 1635.842: Total time for which application threads were stopped: 0.0001693 seconds, Stopping threads took: 0.0000548 seconds
2023-04-21T11:10:59.537+0530: 1635.842: Total time for which application threads were stopped: 0.0000994 seconds, Stopping threads took: 0.0000193 seconds
2023-04-21T11:10:59.538+0530: 1635.843: Total time for which application threads were stopped: 0.0001734 seconds, Stopping threads took: 0.0001006 seconds
2023-04-21T11:10:59.541+0530: 1635.846: Total time for which application threads were stopped: 0.0001156 seconds, Stopping threads took: 0.0000309 seconds
2023-04-21T11:10:59.541+0530: 1635.846: Total time for which application threads were stopped: 0.0001761 seconds, Stopping threads took: 0.0000997 seconds
2023-04-21T11:11:15.378+0530: 1651.683: Total time for which application threads were stopped: 0.0001207 seconds, Stopping threads took: 0.0000264 seconds
2023-04-21T11:11:15.379+0530: 1651.684: Total time for which application threads were stopped: 0.0000831 seconds, Stopping threads took: 0.0000158 seconds
2023-04-21T11:11:15.379+0530: 1651.684: Total time for which application threads were stopped: 0.0000695 seconds, Stopping threads took: 0.0000138 seconds
2023-04-21T11:11:15.380+0530: 1651.685: Total time for which application threads were stopped: 0.0000749 seconds, Stopping threads took: 0.0000163 seconds
2023-04-21T11:11:15.382+0530: 1651.687: Total time for which application threads were stopped: 0.0000995 seconds, Stopping threads took: 0.0000421 seconds
2023-04-21T11:11:15.382+0530: 1651.687: Total time for which application threads were stopped: 0.0000779 seconds, Stopping threads took: 0.0000321 seconds
2023-04-21T11:11:38.498+0530: 1674.803: Total time for which application threads were stopped: 0.0001858 seconds, Stopping threads took: 0.0000541 seconds
2023-04-21T11:11:38.499+0530: 1674.804: Total time for which application threads were stopped: 0.0000845 seconds, Stopping threads took: 0.0000190 seconds
2023-04-21T11:11:38.499+0530: 1674.804: Total time for which application threads were stopped: 0.0000822 seconds, Stopping threads took: 0.0000241 seconds
2023-04-21T11:11:38.502+0530: 1674.807: Total time for which application threads were stopped: 0.0001886 seconds, Stopping threads took: 0.0000249 seconds
2023-04-21T11:12:45.707+0530: 1742.012: Total time for which application threads were stopped: 0.0002467 seconds, Stopping threads took: 0.0001564 seconds
2023-04-21T11:12:45.707+0530: 1742.012: Total time for which application threads were stopped: 0.0001747 seconds, Stopping threads took: 0.0001183 seconds
2023-04-21T11:12:45.708+0530: 1742.013: Total time for which application threads were stopped: 0.0001780 seconds, Stopping threads took: 0.0000392 seconds
2023-04-21T11:12:45.710+0530: 1742.015: Total time for which application threads were stopped: 0.0000872 seconds, Stopping threads took: 0.0000220 seconds
2023-04-21T11:12:45.710+0530: 1742.015: Total time for which application threads were stopped: 0.0000673 seconds, Stopping threads took: 0.0000158 seconds
2023-04-21T11:14:03.182+0530: 1819.487: Total time for which application threads were stopped: 0.0001037 seconds, Stopping threads took: 0.0000332 seconds
2023-04-21T11:14:03.183+0530: 1819.488: Total time for which application threads were stopped: 0.0000473 seconds, Stopping threads took: 0.0000088 seconds
2023-04-21T11:14:03.183+0530: 1819.488: Total time for which application threads were stopped: 0.0001748 seconds, Stopping threads took: 0.0001236 seconds
2023-04-21T11:14:03.185+0530: 1819.490: Total time for which application threads were stopped: 0.0000602 seconds, Stopping threads took: 0.0000108 seconds
2023-04-21T11:14:03.185+0530: 1819.490: Total time for which application threads were stopped: 0.0000487 seconds, Stopping threads took: 0.0000093 seconds
2023-04-21T11:14:18.946+0530: 1835.251: Total time for which application threads were stopped: 0.0001903 seconds, Stopping threads took: 0.0000405 seconds
2023-04-21T11:14:18.947+0530: 1835.252: Total time for which application threads were stopped: 0.0001540 seconds, Stopping threads took: 0.0000330 seconds
2023-04-21T11:14:18.947+0530: 1835.252: Total time for which application threads were stopped: 0.0000893 seconds, Stopping threads took: 0.0000177 seconds
2023-04-21T11:14:18.950+0530: 1835.255: Total time for which application threads were stopped: 0.0001063 seconds, Stopping threads took: 0.0000226 seconds
2023-04-21T11:14:18.950+0530: 1835.255: Total time for which application threads were stopped: 0.0000799 seconds, Stopping threads took: 0.0000152 seconds
2023-04-21T11:15:13.718+0530: 1890.022: Total time for which application threads were stopped: 0.0001722 seconds, Stopping threads took: 0.0000542 seconds
2023-04-21T11:15:13.718+0530: 1890.023: Total time for which application threads were stopped: 0.0000947 seconds, Stopping threads took: 0.0000191 seconds
2023-04-21T11:15:13.718+0530: 1890.023: Total time for which application threads were stopped: 0.0001479 seconds, Stopping threads took: 0.0000188 seconds
2023-04-21T11:15:13.719+0530: 1890.024: Total time for which application threads were stopped: 0.0000995 seconds, Stopping threads took: 0.0000202 seconds
2023-04-21T11:15:13.722+0530: 1890.027: Total time for which application threads were stopped: 0.0001043 seconds, Stopping threads took: 0.0000282 seconds
2023-04-21T11:15:13.722+0530: 1890.027: Total time for which application threads were stopped: 0.0000778 seconds, Stopping threads took: 0.0000201 seconds
2023-04-21T11:15:14.723+0530: 1891.028: Total time for which application threads were stopped: 0.0002221 seconds, Stopping threads took: 0.0000551 seconds
2023-04-21T11:15:23.724+0530: 1900.029: Total time for which application threads were stopped: 0.0000711 seconds, Stopping threads took: 0.0000176 seconds
2023-04-21T11:15:25.903+0530: 1902.208: Total time for which application threads were stopped: 0.0001452 seconds, Stopping threads took: 0.0000311 seconds
2023-04-21T11:15:25.903+0530: 1902.208: Total time for which application threads were stopped: 0.0000918 seconds, Stopping threads took: 0.0000172 seconds
2023-04-21T11:15:25.904+0530: 1902.209: Total time for which application threads were stopped: 0.0001224 seconds, Stopping threads took: 0.0000219 seconds
2023-04-21T11:15:25.907+0530: 1902.212: Total time for which application threads were stopped: 0.0003584 seconds, Stopping threads took: 0.0001385 seconds
2023-04-21T11:19:01.916+0530: 2118.221: Total time for which application threads were stopped: 0.0001059 seconds, Stopping threads took: 0.0000350 seconds
2023-04-21T11:19:01.917+0530: 2118.222: Total time for which application threads were stopped: 0.0000574 seconds, Stopping threads took: 0.0000110 seconds
2023-04-21T11:19:01.917+0530: 2118.222: Total time for which application threads were stopped: 0.0000550 seconds, Stopping threads took: 0.0000107 seconds
2023-04-21T11:19:01.919+0530: 2118.224: Total time for which application threads were stopped: 0.0001552 seconds, Stopping threads took: 0.0001040 seconds
2023-04-21T11:19:01.919+0530: 2118.224: Total time for which application threads were stopped: 0.0000791 seconds, Stopping threads took: 0.0000397 seconds
2023-04-21T11:19:32.387+0530: 2148.692: Total time for which application threads were stopped: 0.0001226 seconds, Stopping threads took: 0.0000414 seconds
2023-04-21T11:19:32.387+0530: 2148.692: Total time for which application threads were stopped: 0.0000558 seconds, Stopping threads took: 0.0000109 seconds
2023-04-21T11:19:32.387+0530: 2148.692: Total time for which application threads were stopped: 0.0000849 seconds, Stopping threads took: 0.0000231 seconds
2023-04-21T11:19:32.390+0530: 2148.695: Total time for which application threads were stopped: 0.0000960 seconds, Stopping threads took: 0.0000169 seconds
2023-04-21T11:19:32.390+0530: 2148.695: Total time for which application threads were stopped: 0.0000935 seconds, Stopping threads took: 0.0000161 seconds
2023-04-21T11:19:42.061+0530: 2158.366: Total time for which application threads were stopped: 0.0001671 seconds, Stopping threads took: 0.0000489 seconds
2023-04-21T11:19:42.061+0530: 2158.366: Total time for which application threads were stopped: 0.0000845 seconds, Stopping threads took: 0.0000183 seconds
2023-04-21T11:19:42.061+0530: 2158.366: Total time for which application threads were stopped: 0.0000736 seconds, Stopping threads took: 0.0000157 seconds
2023-04-21T11:19:42.064+0530: 2158.369: Total time for which application threads were stopped: 0.0001116 seconds, Stopping threads took: 0.0000328 seconds
2023-04-21T11:19:42.064+0530: 2158.369: Total time for which application threads were stopped: 0.0000739 seconds, Stopping threads took: 0.0000124 seconds
2023-04-21T11:20:45.194+0530: 2221.499: Total time for which application threads were stopped: 0.0002097 seconds, Stopping threads took: 0.0000621 seconds
2023-04-21T11:20:45.194+0530: 2221.499: Total time for which application threads were stopped: 0.0001317 seconds, Stopping threads took: 0.0000245 seconds
2023-04-21T11:20:45.194+0530: 2221.499: Total time for which application threads were stopped: 0.0000826 seconds, Stopping threads took: 0.0000158 seconds
2023-04-21T11:20:45.195+0530: 2221.500: Total time for which application threads were stopped: 0.0000902 seconds, Stopping threads took: 0.0000232 seconds
2023-04-21T11:20:45.197+0530: 2221.502: Total time for which application threads were stopped: 0.0001178 seconds, Stopping threads took: 0.0000290 seconds
2023-04-21T11:20:45.198+0530: 2221.503: Total time for which application threads were stopped: 0.0000942 seconds, Stopping threads took: 0.0000211 seconds
2023-04-21T11:21:05.050+0530: 2241.355: Total time for which application threads were stopped: 0.0001081 seconds, Stopping threads took: 0.0000228 seconds
2023-04-21T11:21:05.051+0530: 2241.355: Total time for which application threads were stopped: 0.0000845 seconds, Stopping threads took: 0.0000241 seconds
2023-04-21T11:21:05.051+0530: 2241.356: Total time for which application threads were stopped: 0.0002048 seconds, Stopping threads took: 0.0001408 seconds
2023-04-21T11:21:05.054+0530: 2241.359: Total time for which application threads were stopped: 0.0001929 seconds, Stopping threads took: 0.0000233 seconds
2023-04-21T11:21:31.090+0530: 2267.395: Total time for which application threads were stopped: 0.0001280 seconds, Stopping threads took: 0.0000409 seconds
2023-04-21T11:21:31.090+0530: 2267.395: Total time for which application threads were stopped: 0.0000647 seconds, Stopping threads took: 0.0000131 seconds
2023-04-21T11:21:31.090+0530: 2267.395: Total time for which application threads were stopped: 0.0001878 seconds, Stopping threads took: 0.0000965 seconds
2023-04-21T11:21:31.093+0530: 2267.398: Total time for which application threads were stopped: 0.0001825 seconds, Stopping threads took: 0.0001007 seconds
2023-04-21T11:21:31.094+0530: 2267.399: Total time for which application threads were stopped: 0.0000863 seconds, Stopping threads took: 0.0000156 seconds
2023-04-21T11:21:32.094+0530: 2268.399: Total time for which application threads were stopped: 0.0002595 seconds, Stopping threads took: 0.0000603 seconds
2023-04-21T11:23:22.113+0530: 2378.418: Total time for which application threads were stopped: 0.0003202 seconds, Stopping threads took: 0.0001185 seconds
2023-04-21T11:24:30.124+0530: 2446.429: Total time for which application threads were stopped: 0.0003513 seconds, Stopping threads took: 0.0001159 seconds
2023-04-21T11:24:45.127+0530: 2461.432: Total time for which application threads were stopped: 0.0002631 seconds, Stopping threads took: 0.0000621 seconds
2023-04-21T11:28:15.157+0530: 2671.462: Total time for which application threads were stopped: 0.0003289 seconds, Stopping threads took: 0.0001229 seconds
2023-04-21T11:35:30.218+0530: 3106.523: Total time for which application threads were stopped: 0.0003101 seconds, Stopping threads took: 0.0001164 seconds
2023-04-21T11:46:15.321+0530: 3751.626: Total time for which application threads were stopped: 0.0003058 seconds, Stopping threads took: 0.0001169 seconds
2023-04-21T11:59:11.899+0530: 4528.204: Total time for which application threads were stopped: 0.0001061 seconds, Stopping threads took: 0.0000329 seconds
2023-04-21T11:59:11.900+0530: 4528.205: Total time for which application threads were stopped: 0.0000618 seconds, Stopping threads took: 0.0000126 seconds
2023-04-21T11:59:11.900+0530: 4528.205: Total time for which application threads were stopped: 0.0000619 seconds, Stopping threads took: 0.0000119 seconds
2023-04-21T11:59:11.903+0530: 4528.208: Total time for which application threads were stopped: 0.0001267 seconds, Stopping threads took: 0.0000448 seconds
2023-04-21T11:59:11.903+0530: 4528.208: Total time for which application threads were stopped: 0.0001249 seconds, Stopping threads took: 0.0000552 seconds
2023-04-21T12:07:43.481+0530: 5039.786: Total time for which application threads were stopped: 0.0002891 seconds, Stopping threads took: 0.0001042 seconds
2023-04-21T12:07:43.482+0530: 5039.787: Total time for which application threads were stopped: 0.0000545 seconds, Stopping threads took: 0.0000130 seconds
2023-04-21T12:07:43.482+0530: 5039.787: Total time for which application threads were stopped: 0.0000736 seconds, Stopping threads took: 0.0000149 seconds
2023-04-21T12:07:43.498+0530: 5039.803: Total time for which application threads were stopped: 0.0000825 seconds, Stopping threads took: 0.0000158 seconds
2023-04-21T12:07:43.498+0530: 5039.803: Total time for which application threads were stopped: 0.0000548 seconds, Stopping threads took: 0.0000191 seconds
2023-04-21T12:07:43.498+0530: 5039.803: Total time for which application threads were stopped: 0.0001256 seconds, Stopping threads took: 0.0000136 seconds
2023-04-21T12:07:43.517+0530: 5039.822: Total time for which application threads were stopped: 0.0002641 seconds, Stopping threads took: 0.0001620 seconds
2023-04-21T12:09:37.536+0530: 5153.840: Total time for which application threads were stopped: 0.0003033 seconds, Stopping threads took: 0.0001055 seconds
2023-04-21T12:09:44.537+0530: 5160.842: Total time for which application threads were stopped: 0.0003009 seconds, Stopping threads took: 0.0001125 seconds
2023-04-21T12:10:52.548+0530: 5228.853: Total time for which application threads were stopped: 0.0003310 seconds, Stopping threads took: 0.0001258 seconds
2023-04-21T12:18:18.961+0530: 5675.266: Total time for which application threads were stopped: 0.0001356 seconds, Stopping threads took: 0.0000400 seconds
2023-04-21T12:18:18.962+0530: 5675.267: Total time for which application threads were stopped: 0.0000739 seconds, Stopping threads took: 0.0000150 seconds
2023-04-21T12:18:18.962+0530: 5675.267: Total time for which application threads were stopped: 0.0000537 seconds, Stopping threads took: 0.0000108 seconds
2023-04-21T12:18:18.962+0530: 5675.267: Total time for which application threads were stopped: 0.0000550 seconds, Stopping threads took: 0.0000108 seconds
2023-04-21T12:18:18.963+0530: 5675.268: Total time for which application threads were stopped: 0.0000771 seconds, Stopping threads took: 0.0000202 seconds
2023-04-21T12:18:18.979+0530: 5675.284: Total time for which application threads were stopped: 0.0000907 seconds, Stopping threads took: 0.0000219 seconds
2023-04-21T12:18:18.979+0530: 5675.284: Total time for which application threads were stopped: 0.0000436 seconds, Stopping threads took: 0.0000116 seconds
2023-04-21T12:18:54.464+0530: 5710.769: Total time for which application threads were stopped: 0.0002361 seconds, Stopping threads took: 0.0000950 seconds
2023-04-21T12:18:54.464+0530: 5710.769: Total time for which application threads were stopped: 0.0001813 seconds, Stopping threads took: 0.0000667 seconds
2023-04-21T12:18:54.465+0530: 5710.770: Total time for which application threads were stopped: 0.0001220 seconds, Stopping threads took: 0.0000296 seconds
2023-04-21T12:18:54.480+0530: 5710.785: Total time for which application threads were stopped: 0.0001287 seconds, Stopping threads took: 0.0000515 seconds
2023-04-21T12:18:54.480+0530: 5710.785: Total time for which application threads were stopped: 0.0001703 seconds, Stopping threads took: 0.0000416 seconds
2023-04-21T12:21:17.075+0530: 5853.380: Total time for which application threads were stopped: 0.0001368 seconds, Stopping threads took: 0.0000436 seconds
2023-04-21T12:21:17.075+0530: 5853.380: Total time for which application threads were stopped: 0.0000934 seconds, Stopping threads took: 0.0000201 seconds
2023-04-21T12:21:17.076+0530: 5853.381: Total time for which application threads were stopped: 0.0000856 seconds, Stopping threads took: 0.0000146 seconds
2023-04-21T12:21:17.086+0530: 5853.391: Total time for which application threads were stopped: 0.0001232 seconds, Stopping threads took: 0.0000280 seconds
2023-04-21T12:21:17.086+0530: 5853.391: Total time for which application threads were stopped: 0.0000939 seconds, Stopping threads took: 0.0000392 seconds
2023-04-21T12:21:20.087+0530: 5856.392: Total time for which application threads were stopped: 0.0002502 seconds, Stopping threads took: 0.0000587 seconds
2023-04-21T12:22:01.017+0530: 5897.322: Total time for which application threads were stopped: 0.0001659 seconds, Stopping threads took: 0.0000556 seconds
2023-04-21T12:22:01.017+0530: 5897.322: Total time for which application threads were stopped: 0.0000689 seconds, Stopping threads took: 0.0000127 seconds
2023-04-21T12:22:01.018+0530: 5897.323: Total time for which application threads were stopped: 0.0000972 seconds, Stopping threads took: 0.0000198 seconds
2023-04-21T12:22:01.029+0530: 5897.334: Total time for which application threads were stopped: 0.0002151 seconds, Stopping threads took: 0.0001163 seconds
2023-04-21T12:22:01.029+0530: 5897.334: Total time for which application threads were stopped: 0.0000922 seconds, Stopping threads took: 0.0000256 seconds
2023-04-21T12:22:10.651+0530: 5906.956: Total time for which application threads were stopped: 0.0001366 seconds, Stopping threads took: 0.0000291 seconds
2023-04-21T12:22:10.651+0530: 5906.956: Total time for which application threads were stopped: 0.0000972 seconds, Stopping threads took: 0.0000190 seconds
2023-04-21T12:22:10.652+0530: 5906.957: Total time for which application threads were stopped: 0.0000989 seconds, Stopping threads took: 0.0000277 seconds
2023-04-21T12:22:10.663+0530: 5906.968: Total time for which application threads were stopped: 0.0001406 seconds, Stopping threads took: 0.0000661 seconds
2023-04-21T12:22:10.663+0530: 5906.968: Total time for which application threads were stopped: 0.0000642 seconds, Stopping threads took: 0.0000170 seconds
2023-04-21T12:22:24.389+0530: 5920.694: Total time for which application threads were stopped: 0.0001733 seconds, Stopping threads took: 0.0000590 seconds
2023-04-21T12:22:24.389+0530: 5920.694: Total time for which application threads were stopped: 0.0001028 seconds, Stopping threads took: 0.0000198 seconds
2023-04-21T12:22:24.390+0530: 5920.695: Total time for which application threads were stopped: 0.0000940 seconds, Stopping threads took: 0.0000191 seconds
2023-04-21T12:22:24.391+0530: 5920.696: Total time for which application threads were stopped: 0.0001670 seconds, Stopping threads took: 0.0000740 seconds
2023-04-21T12:22:24.400+0530: 5920.705: Total time for which application threads were stopped: 0.0001213 seconds, Stopping threads took: 0.0000251 seconds
2023-04-21T12:22:24.400+0530: 5920.705: Total time for which application threads were stopped: 0.0000733 seconds, Stopping threads took: 0.0000135 seconds
2023-04-21T12:22:41.380+0530: 5937.685: Total time for which application threads were stopped: 0.0002482 seconds, Stopping threads took: 0.0000554 seconds
2023-04-21T12:22:41.380+0530: 5937.685: Total time for which application threads were stopped: 0.0001728 seconds, Stopping threads took: 0.0000454 seconds
2023-04-21T12:22:41.382+0530: 5937.686: Total time for which application threads were stopped: 0.0002040 seconds, Stopping threads took: 0.0000806 seconds
2023-04-21T12:22:41.407+0530: 5937.712: Total time for which application threads were stopped: 0.0005648 seconds, Stopping threads took: 0.0000821 seconds
2023-04-21T12:22:44.408+0530: 5940.713: Total time for which application threads were stopped: 0.0003423 seconds, Stopping threads took: 0.0001437 seconds
2023-04-21T12:22:51.335+0530: 5947.640: Total time for which application threads were stopped: 0.0001681 seconds, Stopping threads took: 0.0000293 seconds
2023-04-21T12:22:51.335+0530: 5947.640: Total time for which application threads were stopped: 0.0000983 seconds, Stopping threads took: 0.0000182 seconds
2023-04-21T12:22:51.337+0530: 5947.642: Total time for which application threads were stopped: 0.0002504 seconds, Stopping threads took: 0.0000354 seconds
2023-04-21T12:22:51.350+0530: 5947.655: Total time for which application threads were stopped: 0.0001652 seconds, Stopping threads took: 0.0000644 seconds
2023-04-21T12:22:51.350+0530: 5947.655: Total time for which application threads were stopped: 0.0001187 seconds, Stopping threads took: 0.0000522 seconds
2023-04-21T12:23:46.665+0530: 6002.970: Total time for which application threads were stopped: 0.0001277 seconds, Stopping threads took: 0.0000402 seconds
2023-04-21T12:23:46.665+0530: 6002.970: Total time for which application threads were stopped: 0.0000703 seconds, Stopping threads took: 0.0000139 seconds
2023-04-21T12:23:46.666+0530: 6002.971: Total time for which application threads were stopped: 0.0000821 seconds, Stopping threads took: 0.0000138 seconds
2023-04-21T12:23:46.674+0530: 6002.979: Total time for which application threads were stopped: 0.0001383 seconds, Stopping threads took: 0.0000765 seconds
2023-04-21T12:23:46.674+0530: 6002.979: Total time for which application threads were stopped: 0.0000625 seconds, Stopping threads took: 0.0000189 seconds
2023-04-21T12:24:22.798+0530: 6039.103: Total time for which application threads were stopped: 0.0001411 seconds, Stopping threads took: 0.0000439 seconds
2023-04-21T12:24:22.799+0530: 6039.104: Total time for which application threads were stopped: 0.0000743 seconds, Stopping threads took: 0.0000146 seconds
2023-04-21T12:24:22.799+0530: 6039.104: Total time for which application threads were stopped: 0.0001022 seconds, Stopping threads took: 0.0000193 seconds
2023-04-21T12:24:22.812+0530: 6039.117: Total time for which application threads were stopped: 0.0001246 seconds, Stopping threads took: 0.0000299 seconds
2023-04-21T12:24:22.812+0530: 6039.117: Total time for which application threads were stopped: 0.0002401 seconds, Stopping threads took: 0.0001626 seconds
2023-04-21T12:24:23.813+0530: 6040.118: Total time for which application threads were stopped: 0.0002252 seconds, Stopping threads took: 0.0000527 seconds
2023-04-21T12:24:44.816+0530: 6061.121: Total time for which application threads were stopped: 0.0002679 seconds, Stopping threads took: 0.0000631 seconds
2023-04-21T12:25:25.868+0530: 6102.173: Total time for which application threads were stopped: 0.0001958 seconds, Stopping threads took: 0.0000687 seconds
2023-04-21T12:25:25.868+0530: 6102.173: Total time for which application threads were stopped: 0.0001030 seconds, Stopping threads took: 0.0000196 seconds
2023-04-21T12:25:25.869+0530: 6102.174: Total time for which application threads were stopped: 0.0001254 seconds, Stopping threads took: 0.0000287 seconds
2023-04-21T12:25:25.870+0530: 6102.175: Total time for which application threads were stopped: 0.0001724 seconds, Stopping threads took: 0.0000617 seconds
2023-04-21T12:25:25.879+0530: 6102.184: Total time for which application threads were stopped: 0.0001294 seconds, Stopping threads took: 0.0000268 seconds
2023-04-21T12:25:25.879+0530: 6102.184: Total time for which application threads were stopped: 0.0000888 seconds, Stopping threads took: 0.0000162 seconds
2023-04-21T12:25:38.340+0530: 6114.645: Total time for which application threads were stopped: 0.0001949 seconds, Stopping threads took: 0.0000354 seconds
2023-04-21T12:25:38.340+0530: 6114.645: Total time for which application threads were stopped: 0.0001327 seconds, Stopping threads took: 0.0000786 seconds
2023-04-21T12:25:38.341+0530: 6114.645: Total time for which application threads were stopped: 0.0000780 seconds, Stopping threads took: 0.0000196 seconds
2023-04-21T12:25:38.348+0530: 6114.652: Total time for which application threads were stopped: 0.0001220 seconds, Stopping threads took: 0.0000326 seconds
2023-04-21T12:25:38.348+0530: 6114.653: Total time for which application threads were stopped: 0.0001040 seconds, Stopping threads took: 0.0000242 seconds
2023-04-21T12:25:40.995+0530: 6117.300: Total time for which application threads were stopped: 0.0001765 seconds, Stopping threads took: 0.0000342 seconds
2023-04-21T12:25:40.995+0530: 6117.300: Total time for which application threads were stopped: 0.0001167 seconds, Stopping threads took: 0.0000224 seconds
2023-04-21T12:25:40.996+0530: 6117.301: Total time for which application threads were stopped: 0.0001044 seconds, Stopping threads took: 0.0000190 seconds
2023-04-21T12:25:41.004+0530: 6117.309: Total time for which application threads were stopped: 0.0006023 seconds, Stopping threads took: 0.0000478 seconds
2023-04-21T12:26:20.761+0530: 6157.066: Total time for which application threads were stopped: 0.0001922 seconds, Stopping threads took: 0.0000623 seconds
2023-04-21T12:26:20.761+0530: 6157.066: Total time for which application threads were stopped: 0.0001268 seconds, Stopping threads took: 0.0000259 seconds
2023-04-21T12:26:20.762+0530: 6157.067: Total time for which application threads were stopped: 0.0001105 seconds, Stopping threads took: 0.0000210 seconds
2023-04-21T12:26:20.770+0530: 6157.075: Total time for which application threads were stopped: 0.0001328 seconds, Stopping threads took: 0.0000371 seconds
2023-04-21T12:26:20.770+0530: 6157.075: Total time for which application threads were stopped: 0.0000930 seconds, Stopping threads took: 0.0000230 seconds
2023-04-21T12:27:30.421+0530: 6226.726: Total time for which application threads were stopped: 0.0001718 seconds, Stopping threads took: 0.0000524 seconds
2023-04-21T12:27:30.421+0530: 6226.726: Total time for which application threads were stopped: 0.0000702 seconds, Stopping threads took: 0.0000135 seconds
2023-04-21T12:27:30.422+0530: 6226.727: Total time for which application threads were stopped: 0.0000728 seconds, Stopping threads took: 0.0000133 seconds
2023-04-21T12:27:30.429+0530: 6226.734: Total time for which application threads were stopped: 0.0001259 seconds, Stopping threads took: 0.0000301 seconds
2023-04-21T12:27:30.430+0530: 6226.734: Total time for which application threads were stopped: 0.0001255 seconds, Stopping threads took: 0.0000534 seconds
2023-04-21T12:27:31.430+0530: 6227.735: Total time for which application threads were stopped: 0.0002218 seconds, Stopping threads took: 0.0000493 seconds
2023-04-21T12:27:44.432+0530: 6240.737: Total time for which application threads were stopped: 0.0003130 seconds, Stopping threads took: 0.0000653 seconds
2023-04-21T12:28:14.436+0530: 6270.741: Total time for which application threads were stopped: 0.0000887 seconds, Stopping threads took: 0.0000275 seconds
2023-04-21T12:30:44.142+0530: 6420.447: Total time for which application threads were stopped: 0.0001315 seconds, Stopping threads took: 0.0000424 seconds
2023-04-21T12:30:44.143+0530: 6420.447: Total time for which application threads were stopped: 0.0000758 seconds, Stopping threads took: 0.0000147 seconds
2023-04-21T12:30:44.143+0530: 6420.448: Total time for which application threads were stopped: 0.0000748 seconds, Stopping threads took: 0.0000139 seconds
2023-04-21T12:30:44.149+0530: 6420.454: Total time for which application threads were stopped: 0.0002394 seconds, Stopping threads took: 0.0001253 seconds
2023-04-21T12:30:44.150+0530: 6420.455: Total time for which application threads were stopped: 0.0001036 seconds, Stopping threads took: 0.0000377 seconds
2023-04-21T12:33:00.740+0530: 6557.045: Total time for which application threads were stopped: 0.0001371 seconds, Stopping threads took: 0.0000430 seconds
2023-04-21T12:33:00.740+0530: 6557.045: Total time for which application threads were stopped: 0.0000883 seconds, Stopping threads took: 0.0000179 seconds
2023-04-21T12:33:00.740+0530: 6557.045: Total time for which application threads were stopped: 0.0000588 seconds, Stopping threads took: 0.0000119 seconds
2023-04-21T12:33:00.741+0530: 6557.046: Total time for which application threads were stopped: 0.0000765 seconds, Stopping threads took: 0.0000150 seconds
2023-04-21T12:33:00.748+0530: 6557.053: Total time for which application threads were stopped: 0.0001139 seconds, Stopping threads took: 0.0000256 seconds
2023-04-21T12:33:00.748+0530: 6557.053: Total time for which application threads were stopped: 0.0000743 seconds, Stopping threads took: 0.0000169 seconds
2023-04-21T12:33:11.972+0530: 6568.277: Total time for which application threads were stopped: 0.0001529 seconds, Stopping threads took: 0.0000307 seconds
2023-04-21T12:33:11.972+0530: 6568.277: Total time for which application threads were stopped: 0.0001015 seconds, Stopping threads took: 0.0000187 seconds
2023-04-21T12:33:11.973+0530: 6568.278: Total time for which application threads were stopped: 0.0001103 seconds, Stopping threads took: 0.0000244 seconds
2023-04-21T12:33:11.981+0530: 6568.286: Total time for which application threads were stopped: 0.0001797 seconds, Stopping threads took: 0.0000229 seconds
2023-04-21T12:36:51.754+0530: 6788.059: Total time for which application threads were stopped: 0.0000931 seconds, Stopping threads took: 0.0000279 seconds
2023-04-21T12:36:51.754+0530: 6788.059: Total time for which application threads were stopped: 0.0000382 seconds, Stopping threads took: 0.0000069 seconds
2023-04-21T12:36:51.754+0530: 6788.059: Total time for which application threads were stopped: 0.0000499 seconds, Stopping threads took: 0.0000091 seconds
2023-04-21T12:36:51.759+0530: 6788.064: Total time for which application threads were stopped: 0.0000963 seconds, Stopping threads took: 0.0000195 seconds
2023-04-21T12:36:51.759+0530: 6788.064: Total time for which application threads were stopped: 0.0000688 seconds, Stopping threads took: 0.0000126 seconds
2023-04-21T12:37:39.200+0530: 6835.505: Total time for which application threads were stopped: 0.0001340 seconds, Stopping threads took: 0.0000422 seconds
2023-04-21T12:37:39.201+0530: 6835.506: Total time for which application threads were stopped: 0.0000813 seconds, Stopping threads took: 0.0000150 seconds
2023-04-21T12:37:39.201+0530: 6835.506: Total time for which application threads were stopped: 0.0000757 seconds, Stopping threads took: 0.0000144 seconds
2023-04-21T12:37:39.208+0530: 6835.513: Total time for which application threads were stopped: 0.0001329 seconds, Stopping threads took: 0.0000262 seconds
2023-04-21T12:37:39.208+0530: 6835.513: Total time for which application threads were stopped: 0.0000865 seconds, Stopping threads took: 0.0000149 seconds
2023-04-21T12:38:31.481+0530: 6887.786: Total time for which application threads were stopped: 0.0001811 seconds, Stopping threads took: 0.0000606 seconds
2023-04-21T12:38:31.482+0530: 6887.787: Total time for which application threads were stopped: 0.0001062 seconds, Stopping threads took: 0.0000197 seconds
2023-04-21T12:38:31.482+0530: 6887.787: Total time for which application threads were stopped: 0.0001161 seconds, Stopping threads took: 0.0000214 seconds
2023-04-21T12:38:31.491+0530: 6887.796: Total time for which application threads were stopped: 0.0002152 seconds, Stopping threads took: 0.0000956 seconds
2023-04-21T12:38:31.491+0530: 6887.796: Total time for which application threads were stopped: 0.0001663 seconds, Stopping threads took: 0.0000776 seconds
2023-04-21T12:38:35.348+0530: 6891.653: Total time for which application threads were stopped: 0.0001736 seconds, Stopping threads took: 0.0000523 seconds
2023-04-21T12:38:35.349+0530: 6891.654: Total time for which application threads were stopped: 0.0000812 seconds, Stopping threads took: 0.0000146 seconds
2023-04-21T12:38:35.349+0530: 6891.654: Total time for which application threads were stopped: 0.0000776 seconds, Stopping threads took: 0.0000150 seconds
2023-04-21T12:38:35.350+0530: 6891.654: Total time for which application threads were stopped: 0.0000922 seconds, Stopping threads took: 0.0000240 seconds
2023-04-21T12:38:35.356+0530: 6891.661: Total time for which application threads were stopped: 0.0001405 seconds, Stopping threads took: 0.0000281 seconds
2023-04-21T12:38:35.356+0530: 6891.661: Total time for which application threads were stopped: 0.0000893 seconds, Stopping threads took: 0.0000187 seconds
2023-04-21T12:42:44.395+0530: 7140.700: Total time for which application threads were stopped: 0.0003361 seconds, Stopping threads took: 0.0001231 seconds
2023-04-21T12:45:12.453+0530: 7288.758: Total time for which application threads were stopped: 0.0003325 seconds, Stopping threads took: 0.0000980 seconds
2023-04-21T12:45:12.454+0530: 7288.759: Total time for which application threads were stopped: 0.0001480 seconds, Stopping threads took: 0.0000292 seconds
2023-04-21T12:45:12.456+0530: 7288.761: Total time for which application threads were stopped: 0.0002908 seconds, Stopping threads took: 0.0000446 seconds
2023-04-21T12:45:13.456+0530: 7289.761: Total time for which application threads were stopped: 0.0003051 seconds, Stopping threads took: 0.0000622 seconds
2023-04-21T12:45:32.498+0530: 7308.803: Total time for which application threads were stopped: 0.0001905 seconds, Stopping threads took: 0.0000215 seconds
2023-04-21T12:45:32.498+0530: 7308.803: Total time for which application threads were stopped: 0.0000706 seconds, Stopping threads took: 0.0000138 seconds
2023-04-21T12:45:33.499+0530: 7309.804: Total time for which application threads were stopped: 0.0002314 seconds, Stopping threads took: 0.0000478 seconds
2023-04-21T12:45:46.476+0530: 7322.781: Total time for which application threads were stopped: 0.0001518 seconds, Stopping threads took: 0.0000644 seconds
2023-04-21T12:45:46.476+0530: 7322.781: Total time for which application threads were stopped: 0.0000863 seconds, Stopping threads took: 0.0000374 seconds
2023-04-21T12:45:47.476+0530: 7323.781: Total time for which application threads were stopped: 0.0002780 seconds, Stopping threads took: 0.0000652 seconds
2023-04-21T12:46:04.077+0530: 7340.382: Total time for which application threads were stopped: 0.0000967 seconds, Stopping threads took: 0.0000275 seconds
2023-04-21T12:46:04.080+0530: 7340.385: Total time for which application threads were stopped: 0.0001188 seconds, Stopping threads took: 0.0000219 seconds
2023-04-21T12:46:34.084+0530: 7370.389: Total time for which application threads were stopped: 0.0003863 seconds, Stopping threads took: 0.0001278 seconds
2023-04-21T12:46:37.686+0530: 7373.991: Total time for which application threads were stopped: 0.0003913 seconds, Stopping threads took: 0.0001414 seconds
2023-04-21T12:46:37.687+0530: 7373.992: Total time for which application threads were stopped: 0.0003489 seconds, Stopping threads took: 0.0001841 seconds
2023-04-21T12:46:37.687+0530: 7373.992: Total time for which application threads were stopped: 0.0003577 seconds, Stopping threads took: 0.0002211 seconds
2023-04-21T12:47:00.692+0530: 7396.997: Total time for which application threads were stopped: 0.0003031 seconds, Stopping threads took: 0.0001028 seconds
2023-04-21T12:48:17.690+0530: 7473.995: Total time for which application threads were stopped: 0.0003911 seconds, Stopping threads took: 0.0001227 seconds
2023-04-21T12:48:21.691+0530: 7477.996: Total time for which application threads were stopped: 0.0003404 seconds, Stopping threads took: 0.0001184 seconds
2023-04-21T12:49:18.165+0530: 7534.470: Total time for which application threads were stopped: 0.0004077 seconds, Stopping threads took: 0.0001611 seconds
2023-04-21T12:49:18.166+0530: 7534.471: Total time for which application threads were stopped: 0.0002853 seconds, Stopping threads took: 0.0000524 seconds
2023-04-21T12:49:18.189+0530: 7534.494: Total time for which application threads were stopped: 0.0000957 seconds, Stopping threads took: 0.0000188 seconds
2023-04-21T12:49:18.190+0530: 7534.494: Total time for which application threads were stopped: 0.0000612 seconds, Stopping threads took: 0.0000110 seconds
2023-04-21T12:49:18.190+0530: 7534.495: Total time for which application threads were stopped: 0.0000555 seconds, Stopping threads took: 0.0000106 seconds
2023-04-21T12:49:18.190+0530: 7534.495: Total time for which application threads were stopped: 0.0001189 seconds, Stopping threads took: 0.0000651 seconds
2023-04-21T12:49:18.195+0530: 7534.500: Total time for which application threads were stopped: 0.0001007 seconds, Stopping threads took: 0.0000232 seconds
2023-04-21T12:49:18.195+0530: 7534.500: Total time for which application threads were stopped: 0.0000980 seconds, Stopping threads took: 0.0000196 seconds
2023-04-21T12:50:44.209+0530: 7620.514: Total time for which application threads were stopped: 0.0003185 seconds, Stopping threads took: 0.0001019 seconds
2023-04-21T12:50:44.237+0530: 7620.541: Total time for which application threads were stopped: 0.0001118 seconds, Stopping threads took: 0.0000232 seconds
2023-04-21T12:50:44.237+0530: 7620.542: Total time for which application threads were stopped: 0.0000777 seconds, Stopping threads took: 0.0000157 seconds
2023-04-21T12:50:44.237+0530: 7620.542: Total time for which application threads were stopped: 0.0000782 seconds, Stopping threads took: 0.0000139 seconds
2023-04-21T12:50:44.243+0530: 7620.548: Total time for which application threads were stopped: 0.0001485 seconds, Stopping threads took: 0.0000402 seconds
2023-04-21T12:50:44.244+0530: 7620.549: Total time for which application threads were stopped: 0.0001252 seconds, Stopping threads took: 0.0000375 seconds
2023-04-21T12:53:48.780+0530: 7805.085: Total time for which application threads were stopped: 0.0001773 seconds, Stopping threads took: 0.0000554 seconds
2023-04-21T12:53:48.781+0530: 7805.086: Total time for which application threads were stopped: 0.0002724 seconds, Stopping threads took: 0.0000229 seconds
2023-04-21T12:53:48.781+0530: 7805.086: Total time for which application threads were stopped: 0.0001120 seconds, Stopping threads took: 0.0000201 seconds
2023-04-21T12:53:48.782+0530: 7805.087: Total time for which application threads were stopped: 0.0001042 seconds, Stopping threads took: 0.0000158 seconds
2023-04-21T12:53:48.789+0530: 7805.094: Total time for which application threads were stopped: 0.0001483 seconds, Stopping threads took: 0.0000275 seconds
2023-04-21T13:00:57.250+0530: 8233.555: Total time for which application threads were stopped: 0.0001506 seconds, Stopping threads took: 0.0000479 seconds
2023-04-21T13:00:57.250+0530: 8233.555: Total time for which application threads were stopped: 0.0000910 seconds, Stopping threads took: 0.0000170 seconds
2023-04-21T13:00:57.251+0530: 8233.556: Total time for which application threads were stopped: 0.0000911 seconds, Stopping threads took: 0.0000170 seconds
2023-04-21T13:00:57.257+0530: 8233.562: Total time for which application threads were stopped: 0.0001010 seconds, Stopping threads took: 0.0000189 seconds
2023-04-21T13:00:57.257+0530: 8233.562: Total time for which application threads were stopped: 0.0000670 seconds, Stopping threads took: 0.0000113 seconds
2023-04-21T13:01:17.539+0530: 8253.844: Total time for which application threads were stopped: 0.0001698 seconds, Stopping threads took: 0.0000518 seconds
2023-04-21T13:01:17.539+0530: 8253.844: Total time for which application threads were stopped: 0.0001051 seconds, Stopping threads took: 0.0000199 seconds
2023-04-21T13:01:17.540+0530: 8253.845: Total time for which application threads were stopped: 0.0003494 seconds, Stopping threads took: 0.0001500 seconds
2023-04-21T13:01:17.547+0530: 8253.852: Total time for which application threads were stopped: 0.0001132 seconds, Stopping threads took: 0.0000275 seconds
2023-04-21T13:01:17.548+0530: 8253.853: Total time for which application threads were stopped: 0.0000858 seconds, Stopping threads took: 0.0000340 seconds
2023-04-21T13:02:29.218+0530: 8325.523: Total time for which application threads were stopped: 0.0001790 seconds, Stopping threads took: 0.0000571 seconds
2023-04-21T13:02:29.218+0530: 8325.523: Total time for which application threads were stopped: 0.0001020 seconds, Stopping threads took: 0.0000199 seconds
2023-04-21T13:02:29.219+0530: 8325.524: Total time for which application threads were stopped: 0.0001030 seconds, Stopping threads took: 0.0000186 seconds
2023-04-21T13:02:29.228+0530: 8325.533: Total time for which application threads were stopped: 0.0001914 seconds, Stopping threads took: 0.0000571 seconds
2023-04-21T13:02:29.229+0530: 8325.534: Total time for which application threads were stopped: 0.0001697 seconds, Stopping threads took: 0.0000661 seconds
2023-04-21T13:02:40.727+0530: 8337.032: Total time for which application threads were stopped: 0.0001999 seconds, Stopping threads took: 0.0000565 seconds
2023-04-21T13:02:40.727+0530: 8337.032: Total time for which application threads were stopped: 0.0001044 seconds, Stopping threads took: 0.0000207 seconds
2023-04-21T13:02:40.727+0530: 8337.032: Total time for which application threads were stopped: 0.0000756 seconds, Stopping threads took: 0.0000145 seconds
2023-04-21T13:02:40.728+0530: 8337.033: Total time for which application threads were stopped: 0.0001148 seconds, Stopping threads took: 0.0000204 seconds
2023-04-21T13:02:40.736+0530: 8337.041: Total time for which application threads were stopped: 0.0002157 seconds, Stopping threads took: 0.0001166 seconds
2023-04-21T13:02:40.736+0530: 8337.041: Total time for which application threads were stopped: 0.0002141 seconds, Stopping threads took: 0.0001286 seconds
2023-04-21T13:02:44.737+0530: 8341.042: Total time for which application threads were stopped: 0.0002268 seconds, Stopping threads took: 0.0000541 seconds
2023-04-21T13:04:32.545+0530: 8448.850: Total time for which application threads were stopped: 0.0001114 seconds, Stopping threads took: 0.0000324 seconds
2023-04-21T13:04:32.545+0530: 8448.850: Total time for which application threads were stopped: 0.0000592 seconds, Stopping threads took: 0.0000107 seconds
2023-04-21T13:04:32.546+0530: 8448.851: Total time for which application threads were stopped: 0.0001778 seconds, Stopping threads took: 0.0001184 seconds
2023-04-21T13:04:32.551+0530: 8448.856: Total time for which application threads were stopped: 0.0001734 seconds, Stopping threads took: 0.0000211 seconds
2023-04-21T13:04:55.454+0530: 8471.759: Total time for which application threads were stopped: 0.0003129 seconds, Stopping threads took: 0.0000934 seconds
2023-04-21T13:04:55.454+0530: 8471.759: Total time for which application threads were stopped: 0.0001901 seconds, Stopping threads took: 0.0000322 seconds
2023-04-21T13:04:55.455+0530: 8471.760: Total time for which application threads were stopped: 0.0002129 seconds, Stopping threads took: 0.0000318 seconds
2023-04-21T13:04:55.471+0530: 8471.776: Total time for which application threads were stopped: 0.0001850 seconds, Stopping threads took: 0.0000326 seconds
2023-04-21T13:04:55.471+0530: 8471.776: Total time for which application threads were stopped: 0.0000758 seconds, Stopping threads took: 0.0000194 seconds
2023-04-21T13:05:11.371+0530: 8487.676: Total time for which application threads were stopped: 0.0001248 seconds, Stopping threads took: 0.0000268 seconds
2023-04-21T13:05:11.371+0530: 8487.676: Total time for which application threads were stopped: 0.0000752 seconds, Stopping threads took: 0.0000153 seconds
2023-04-21T13:05:11.372+0530: 8487.677: Total time for which application threads were stopped: 0.0001019 seconds, Stopping threads took: 0.0000375 seconds
2023-04-21T13:05:11.377+0530: 8487.682: Total time for which application threads were stopped: 0.0001086 seconds, Stopping threads took: 0.0000355 seconds
2023-04-21T13:05:11.377+0530: 8487.682: Total time for which application threads were stopped: 0.0000672 seconds, Stopping threads took: 0.0000119 seconds
2023-04-21T13:08:20.415+0530: 8676.720: Total time for which application threads were stopped: 0.0003435 seconds, Stopping threads took: 0.0001215 seconds
2023-04-21T13:11:31.881+0530: 8868.185: Total time for which application threads were stopped: 0.0001437 seconds, Stopping threads took: 0.0000482 seconds
2023-04-21T13:11:31.881+0530: 8868.186: Total time for which application threads were stopped: 0.0000794 seconds, Stopping threads took: 0.0000142 seconds
2023-04-21T13:11:31.881+0530: 8868.186: Total time for which application threads were stopped: 0.0000865 seconds, Stopping threads took: 0.0000215 seconds
2023-04-21T13:11:31.887+0530: 8868.192: Total time for which application threads were stopped: 0.0001853 seconds, Stopping threads took: 0.0001090 seconds
2023-04-21T13:11:31.887+0530: 8868.192: Total time for which application threads were stopped: 0.0001321 seconds, Stopping threads took: 0.0000696 seconds
2023-04-21T13:12:18.838+0530: 8915.143: Total time for which application threads were stopped: 0.0001750 seconds, Stopping threads took: 0.0000490 seconds
2023-04-21T13:12:18.838+0530: 8915.143: Total time for which application threads were stopped: 0.0000815 seconds, Stopping threads took: 0.0000162 seconds
2023-04-21T13:12:18.839+0530: 8915.144: Total time for which application threads were stopped: 0.0000768 seconds, Stopping threads took: 0.0000151 seconds
2023-04-21T13:12:18.839+0530: 8915.144: Total time for which application threads were stopped: 0.0001384 seconds, Stopping threads took: 0.0000518 seconds
2023-04-21T13:12:18.846+0530: 8915.151: Total time for which application threads were stopped: 0.0001247 seconds, Stopping threads took: 0.0000306 seconds
2023-04-21T13:12:18.846+0530: 8915.151: Total time for which application threads were stopped: 0.0000799 seconds, Stopping threads took: 0.0000178 seconds
2023-04-21T13:12:23.352+0530: 8919.657: Total time for which application threads were stopped: 0.0001574 seconds, Stopping threads took: 0.0000468 seconds
2023-04-21T13:12:23.353+0530: 8919.658: Total time for which application threads were stopped: 0.0000658 seconds, Stopping threads took: 0.0000124 seconds
2023-04-21T13:12:23.353+0530: 8919.658: Total time for which application threads were stopped: 0.0000727 seconds, Stopping threads took: 0.0000125 seconds
{Heap before GC invocations=20 (full 2):
 par new generation   total 109248K, used 109248K [0x00000000e0000000, 0x00000000e8000000, 0x00000000e8000000)
  eden space 87424K, 100% used [0x00000000e0000000, 0x00000000e5560000, 0x00000000e5560000)
  from space 21824K, 100% used [0x00000000e5560000, 0x00000000e6ab0000, 0x00000000e6ab0000)
  to   space 21824K,   0% used [0x00000000e6ab0000, 0x00000000e6ab0000, 0x00000000e8000000)
 concurrent mark-sweep generation total 393216K, used 21054K [0x00000000e8000000, 0x0000000100000000, 0x0000000100000000)
 Metaspace       used 37860K, capacity 38520K, committed 38808K, reserved 1083392K
  class space    used 4400K, capacity 4596K, committed 4628K, reserved 1048576K
2023-04-21T13:12:23.355+0530: 8919.660: [GC (Allocation Failure) 2023-04-21T13:12:23.355+0530: 8919.660: [ParNew
Desired survivor size 20112992 bytes, new threshold 8 (max 8)
- age   1:     504928 bytes,     504928 total
- age   2:    8071400 bytes,    8576328 total
- age   3:    2626672 bytes,   11203000 total
- age   4:     163336 bytes,   11366336 total
: 109248K->21251K(109248K), 0.0177831 secs] 130302K->51145K(502464K), 0.0178707 secs] [Times: user=0.07 sys=0.01, real=0.02 secs] 
Heap after GC invocations=21 (full 2):
 par new generation   total 109248K, used 21251K [0x00000000e0000000, 0x00000000e8000000, 0x00000000e8000000)
  eden space 87424K,   0% used [0x00000000e0000000, 0x00000000e0000000, 0x00000000e5560000)
  from space 21824K,  97% used [0x00000000e6ab0000, 0x00000000e7f70dc0, 0x00000000e8000000)
  to   space 21824K,   0% used [0x00000000e5560000, 0x00000000e5560000, 0x00000000e6ab0000)
 concurrent mark-sweep generation total 393216K, used 29893K [0x00000000e8000000, 0x0000000100000000, 0x0000000100000000)
 Metaspace       used 37860K, capacity 38520K, committed 38808K, reserved 1083392K
  class space    used 4400K, capacity 4596K, committed 4628K, reserved 1048576K
}
2023-04-21T13:12:23.373+0530: 8919.678: Total time for which application threads were stopped: 0.0180287 seconds, Stopping threads took: 0.0000136 seconds
2023-04-21T13:12:23.373+0530: 8919.678: Total time for which application threads were stopped: 0.0000747 seconds, Stopping threads took: 0.0000265 seconds
2023-04-21T13:12:23.373+0530: 8919.678: Total time for which application threads were stopped: 0.0000663 seconds, Stopping threads took: 0.0000303 seconds
2023-04-21T13:12:23.376+0530: 8919.681: Total time for which application threads were stopped: 0.0000582 seconds, Stopping threads took: 0.0000107 seconds
2023-04-21T13:12:23.377+0530: 8919.681: Total time for which application threads were stopped: 0.0000457 seconds, Stopping threads took: 0.0000074 seconds
2023-04-21T13:13:01.748+0530: 8958.053: Total time for which application threads were stopped: 0.0002033 seconds, Stopping threads took: 0.0000662 seconds
2023-04-21T13:13:01.749+0530: 8958.054: Total time for which application threads were stopped: 0.0001287 seconds, Stopping threads took: 0.0000242 seconds
2023-04-21T13:13:01.749+0530: 8958.054: Total time for which application threads were stopped: 0.0001270 seconds, Stopping threads took: 0.0000351 seconds
2023-04-21T13:13:01.751+0530: 8958.056: Total time for which application threads were stopped: 0.0001327 seconds, Stopping threads took: 0.0000200 seconds
2023-04-21T13:13:01.757+0530: 8958.062: Total time for which application threads were stopped: 0.0002342 seconds, Stopping threads took: 0.0000505 seconds
2023-04-21T13:13:50.232+0530: 9006.537: Total time for which application threads were stopped: 0.0001344 seconds, Stopping threads took: 0.0000405 seconds
2023-04-21T13:13:50.232+0530: 9006.537: Total time for which application threads were stopped: 0.0000726 seconds, Stopping threads took: 0.0000139 seconds
2023-04-21T13:13:50.233+0530: 9006.538: Total time for which application threads were stopped: 0.0001084 seconds, Stopping threads took: 0.0000340 seconds
2023-04-21T13:13:50.238+0530: 9006.543: Total time for which application threads were stopped: 0.0001037 seconds, Stopping threads took: 0.0000257 seconds
2023-04-21T13:13:50.239+0530: 9006.544: Total time for which application threads were stopped: 0.0000953 seconds, Stopping threads took: 0.0000214 seconds
2023-04-21T13:14:15.636+0530: 9031.941: Total time for which application threads were stopped: 0.0002017 seconds, Stopping threads took: 0.0000653 seconds
2023-04-21T13:14:15.637+0530: 9031.942: Total time for which application threads were stopped: 0.0000980 seconds, Stopping threads took: 0.0000129 seconds
2023-04-21T13:14:15.637+0530: 9031.942: Total time for which application threads were stopped: 0.0001214 seconds, Stopping threads took: 0.0000214 seconds
2023-04-21T13:14:15.644+0530: 9031.949: Total time for which application threads were stopped: 0.0001818 seconds, Stopping threads took: 0.0000730 seconds
2023-04-21T13:14:15.645+0530: 9031.949: Total time for which application threads were stopped: 0.0001076 seconds, Stopping threads took: 0.0000251 seconds
2023-04-21T13:14:54.375+0530: 9070.680: Total time for which application threads were stopped: 0.0002026 seconds, Stopping threads took: 0.0000546 seconds
2023-04-21T13:14:54.375+0530: 9070.680: Total time for which application threads were stopped: 0.0001023 seconds, Stopping threads took: 0.0000194 seconds
2023-04-21T13:14:54.376+0530: 9070.681: Total time for which application threads were stopped: 0.0001266 seconds, Stopping threads took: 0.0000326 seconds
2023-04-21T13:14:54.382+0530: 9070.687: Total time for which application threads were stopped: 0.0001328 seconds, Stopping threads took: 0.0000265 seconds
2023-04-21T13:14:54.383+0530: 9070.688: Total time for which application threads were stopped: 0.0001073 seconds, Stopping threads took: 0.0000196 seconds
2023-04-21T13:15:03.420+0530: 9079.725: Total time for which application threads were stopped: 0.0001912 seconds, Stopping threads took: 0.0000612 seconds
2023-04-21T13:15:03.420+0530: 9079.725: Total time for which application threads were stopped: 0.0000853 seconds, Stopping threads took: 0.0000162 seconds
2023-04-21T13:15:03.420+0530: 9079.725: Total time for which application threads were stopped: 0.0000764 seconds, Stopping threads took: 0.0000158 seconds
2023-04-21T13:15:03.421+0530: 9079.726: Total time for which application threads were stopped: 0.0001450 seconds, Stopping threads took: 0.0000301 seconds
2023-04-21T13:15:03.428+0530: 9079.733: Total time for which application threads were stopped: 0.0001225 seconds, Stopping threads took: 0.0000259 seconds
2023-04-21T13:15:03.428+0530: 9079.733: Total time for which application threads were stopped: 0.0001018 seconds, Stopping threads took: 0.0000168 seconds
2023-04-21T13:15:40.195+0530: 9116.500: Total time for which application threads were stopped: 0.0002261 seconds, Stopping threads took: 0.0000706 seconds
2023-04-21T13:15:40.195+0530: 9116.500: Total time for which application threads were stopped: 0.0001420 seconds, Stopping threads took: 0.0000216 seconds
2023-04-21T13:15:40.196+0530: 9116.501: Total time for which application threads were stopped: 0.0001228 seconds, Stopping threads took: 0.0000218 seconds
2023-04-21T13:15:40.203+0530: 9116.508: Total time for which application threads were stopped: 0.0002411 seconds, Stopping threads took: 0.0000330 seconds
2023-04-21T13:19:07.002+0530: 9323.307: Total time for which application threads were stopped: 0.0001312 seconds, Stopping threads took: 0.0000443 seconds
2023-04-21T13:19:07.002+0530: 9323.307: Total time for which application threads were stopped: 0.0000718 seconds, Stopping threads took: 0.0000142 seconds
2023-04-21T13:19:07.003+0530: 9323.308: Total time for which application threads were stopped: 0.0000602 seconds, Stopping threads took: 0.0000106 seconds
2023-04-21T13:19:07.007+0530: 9323.312: Total time for which application threads were stopped: 0.0000904 seconds, Stopping threads took: 0.0000230 seconds
2023-04-21T13:19:07.007+0530: 9323.312: Total time for which application threads were stopped: 0.0000635 seconds, Stopping threads took: 0.0000161 seconds
2023-04-21T13:21:13.722+0530: 9450.027: Total time for which application threads were stopped: 0.0001206 seconds, Stopping threads took: 0.0000335 seconds
2023-04-21T13:21:13.723+0530: 9450.028: Total time for which application threads were stopped: 0.0000778 seconds, Stopping threads took: 0.0000159 seconds
2023-04-21T13:21:13.723+0530: 9450.028: Total time for which application threads were stopped: 0.0000678 seconds, Stopping threads took: 0.0000124 seconds
2023-04-21T13:21:13.728+0530: 9450.033: Total time for which application threads were stopped: 0.0002135 seconds, Stopping threads took: 0.0001292 seconds
2023-04-21T13:21:13.729+0530: 9450.034: Total time for which application threads were stopped: 0.0001537 seconds, Stopping threads took: 0.0000812 seconds
2023-04-21T13:21:14.729+0530: 9451.034: Total time for which application threads were stopped: 0.0001082 seconds, Stopping threads took: 0.0000199 seconds
2023-04-21T13:21:40.302+0530: 9476.607: Total time for which application threads were stopped: 0.0001168 seconds, Stopping threads took: 0.0000358 seconds
2023-04-21T13:21:40.303+0530: 9476.608: Total time for which application threads were stopped: 0.0000664 seconds, Stopping threads took: 0.0000130 seconds
2023-04-21T13:21:40.303+0530: 9476.608: Total time for which application threads were stopped: 0.0000645 seconds, Stopping threads took: 0.0000110 seconds
2023-04-21T13:21:40.308+0530: 9476.613: Total time for which application threads were stopped: 0.0001298 seconds, Stopping threads took: 0.0000298 seconds
2023-04-21T13:21:40.308+0530: 9476.613: Total time for which application threads were stopped: 0.0000953 seconds, Stopping threads took: 0.0000245 seconds
2023-04-21T13:21:53.439+0530: 9489.744: Total time for which application threads were stopped: 0.0001563 seconds, Stopping threads took: 0.0000314 seconds
2023-04-21T13:21:53.439+0530: 9489.744: Total time for which application threads were stopped: 0.0000917 seconds, Stopping threads took: 0.0000175 seconds
2023-04-21T13:21:53.439+0530: 9489.744: Total time for which application threads were stopped: 0.0000830 seconds, Stopping threads took: 0.0000149 seconds
2023-04-21T13:21:53.440+0530: 9489.745: Total time for which application threads were stopped: 0.0001492 seconds, Stopping threads took: 0.0000418 seconds
2023-04-21T13:21:53.446+0530: 9489.751: Total time for which application threads were stopped: 0.0001427 seconds, Stopping threads took: 0.0000292 seconds
2023-04-21T13:21:53.447+0530: 9489.751: Total time for which application threads were stopped: 0.0001030 seconds, Stopping threads took: 0.0000173 seconds
2023-04-21T13:22:19.283+0530: 9515.588: Total time for which application threads were stopped: 0.0001365 seconds, Stopping threads took: 0.0000442 seconds
2023-04-21T13:22:19.283+0530: 9515.588: Total time for which application threads were stopped: 0.0000752 seconds, Stopping threads took: 0.0000138 seconds
2023-04-21T13:22:19.284+0530: 9515.589: Total time for which application threads were stopped: 0.0000911 seconds, Stopping threads took: 0.0000220 seconds
2023-04-21T13:22:19.288+0530: 9515.593: Total time for which application threads were stopped: 0.0001980 seconds, Stopping threads took: 0.0000225 seconds
2023-04-21T13:22:36.689+0530: 9532.994: Total time for which application threads were stopped: 0.0001537 seconds, Stopping threads took: 0.0000350 seconds
2023-04-21T13:22:36.689+0530: 9532.994: Total time for which application threads were stopped: 0.0000952 seconds, Stopping threads took: 0.0000175 seconds
2023-04-21T13:22:36.690+0530: 9532.995: Total time for which application threads were stopped: 0.0002465 seconds, Stopping threads took: 0.0000201 seconds
2023-04-21T13:22:36.697+0530: 9533.002: Total time for which application threads were stopped: 0.0001628 seconds, Stopping threads took: 0.0000319 seconds
2023-04-21T13:22:36.698+0530: 9533.003: Total time for which application threads were stopped: 0.0001360 seconds, Stopping threads took: 0.0000342 seconds
2023-04-21T13:23:00.975+0530: 9557.280: Total time for which application threads were stopped: 0.0002011 seconds, Stopping threads took: 0.0000663 seconds
2023-04-21T13:23:00.975+0530: 9557.280: Total time for which application threads were stopped: 0.0000894 seconds, Stopping threads took: 0.0000154 seconds
2023-04-21T13:23:00.976+0530: 9557.281: Total time for which application threads were stopped: 0.0001616 seconds, Stopping threads took: 0.0000211 seconds
2023-04-21T13:23:00.981+0530: 9557.286: Total time for which application threads were stopped: 0.0001337 seconds, Stopping threads took: 0.0000233 seconds
2023-04-21T13:23:00.981+0530: 9557.286: Total time for which application threads were stopped: 0.0000919 seconds, Stopping threads took: 0.0000166 seconds
2023-04-21T13:23:28.360+0530: 9584.665: Total time for which application threads were stopped: 0.0001333 seconds, Stopping threads took: 0.0000401 seconds
2023-04-21T13:23:28.361+0530: 9584.665: Total time for which application threads were stopped: 0.0000775 seconds, Stopping threads took: 0.0000142 seconds
2023-04-21T13:23:28.361+0530: 9584.666: Total time for which application threads were stopped: 0.0000650 seconds, Stopping threads took: 0.0000111 seconds
2023-04-21T13:23:28.365+0530: 9584.670: Total time for which application threads were stopped: 0.0001243 seconds, Stopping threads took: 0.0000294 seconds
2023-04-21T13:23:28.366+0530: 9584.671: Total time for which application threads were stopped: 0.0000787 seconds, Stopping threads took: 0.0000149 seconds
2023-04-21T13:24:11.237+0530: 9627.542: Total time for which application threads were stopped: 0.0002021 seconds, Stopping threads took: 0.0000624 seconds
2023-04-21T13:24:11.237+0530: 9627.542: Total time for which application threads were stopped: 0.0001197 seconds, Stopping threads took: 0.0000209 seconds
2023-04-21T13:24:11.238+0530: 9627.543: Total time for which application threads were stopped: 0.0001072 seconds, Stopping threads took: 0.0000199 seconds
2023-04-21T13:24:11.238+0530: 9627.543: Total time for which application threads were stopped: 0.0001236 seconds, Stopping threads took: 0.0000291 seconds
2023-04-21T13:24:11.245+0530: 9627.550: Total time for which application threads were stopped: 0.0001271 seconds, Stopping threads took: 0.0000322 seconds
2023-04-21T13:24:11.245+0530: 9627.550: Total time for which application threads were stopped: 0.0001266 seconds, Stopping threads took: 0.0000268 seconds
2023-04-21T13:24:26.241+0530: 9642.546: Total time for which application threads were stopped: 0.0001143 seconds, Stopping threads took: 0.0000235 seconds
2023-04-21T13:24:26.242+0530: 9642.547: Total time for which application threads were stopped: 0.0000821 seconds, Stopping threads took: 0.0000143 seconds
2023-04-21T13:24:26.242+0530: 9642.547: Total time for which application threads were stopped: 0.0000942 seconds, Stopping threads took: 0.0000171 seconds
2023-04-21T13:24:26.248+0530: 9642.553: Total time for which application threads were stopped: 0.0001947 seconds, Stopping threads took: 0.0000373 seconds
2023-04-21T13:24:26.248+0530: 9642.553: Total time for which application threads were stopped: 0.0000892 seconds, Stopping threads took: 0.0000200 seconds
2023-04-21T13:24:53.404+0530: 9669.709: Total time for which application threads were stopped: 0.0001828 seconds, Stopping threads took: 0.0000604 seconds
2023-04-21T13:24:53.405+0530: 9669.709: Total time for which application threads were stopped: 0.0000904 seconds, Stopping threads took: 0.0000159 seconds
2023-04-21T13:24:53.405+0530: 9669.710: Total time for which application threads were stopped: 0.0000825 seconds, Stopping threads took: 0.0000141 seconds
2023-04-21T13:24:53.411+0530: 9669.715: Total time for which application threads were stopped: 0.0003040 seconds, Stopping threads took: 0.0000805 seconds
2023-04-21T13:25:23.844+0530: 9700.149: Total time for which application threads were stopped: 0.0004570 seconds, Stopping threads took: 0.0001072 seconds
2023-04-21T13:25:23.844+0530: 9700.149: Total time for which application threads were stopped: 0.0001944 seconds, Stopping threads took: 0.0000377 seconds
2023-04-21T13:25:23.845+0530: 9700.150: Total time for which application threads were stopped: 0.0001328 seconds, Stopping threads took: 0.0000249 seconds
2023-04-21T13:25:23.852+0530: 9700.157: Total time for which application threads were stopped: 0.0001298 seconds, Stopping threads took: 0.0000343 seconds
2023-04-21T13:25:23.853+0530: 9700.158: Total time for which application threads were stopped: 0.0001033 seconds, Stopping threads took: 0.0000240 seconds
2023-04-21T13:26:23.484+0530: 9759.789: Total time for which application threads were stopped: 0.0001109 seconds, Stopping threads took: 0.0000330 seconds
2023-04-21T13:26:23.485+0530: 9759.790: Total time for which application threads were stopped: 0.0000604 seconds, Stopping threads took: 0.0000109 seconds
2023-04-21T13:26:23.485+0530: 9759.790: Total time for which application threads were stopped: 0.0001748 seconds, Stopping threads took: 0.0001140 seconds
2023-04-21T13:26:23.490+0530: 9759.795: Total time for which application threads were stopped: 0.0001248 seconds, Stopping threads took: 0.0000281 seconds
2023-04-21T13:26:23.490+0530: 9759.795: Total time for which application threads were stopped: 0.0000885 seconds, Stopping threads took: 0.0000165 seconds
2023-04-21T13:27:14.948+0530: 9811.253: Total time for which application threads were stopped: 0.0003205 seconds, Stopping threads took: 0.0000829 seconds
2023-04-21T13:27:14.949+0530: 9811.254: Total time for which application threads were stopped: 0.0001391 seconds, Stopping threads took: 0.0000274 seconds
2023-04-21T13:27:14.950+0530: 9811.255: Total time for which application threads were stopped: 0.0001128 seconds, Stopping threads took: 0.0000193 seconds
2023-04-21T13:27:14.957+0530: 9811.262: Total time for which application threads were stopped: 0.0001657 seconds, Stopping threads took: 0.0000398 seconds
2023-04-21T13:27:14.957+0530: 9811.262: Total time for which application threads were stopped: 0.0001553 seconds, Stopping threads took: 0.0000315 seconds
2023-04-21T13:27:32.004+0530: 9828.309: Total time for which application threads were stopped: 0.0001586 seconds, Stopping threads took: 0.0000254 seconds
2023-04-21T13:27:32.004+0530: 9828.309: Total time for which application threads were stopped: 0.0000809 seconds, Stopping threads took: 0.0000164 seconds
2023-04-21T13:27:32.004+0530: 9828.309: Total time for which application threads were stopped: 0.0000751 seconds, Stopping threads took: 0.0000136 seconds
2023-04-21T13:27:32.005+0530: 9828.310: Total time for which application threads were stopped: 0.0000860 seconds, Stopping threads took: 0.0000161 seconds
2023-04-21T13:27:32.010+0530: 9828.315: Total time for which application threads were stopped: 0.0001171 seconds, Stopping threads took: 0.0000308 seconds
2023-04-21T13:27:32.010+0530: 9828.315: Total time for which application threads were stopped: 0.0001136 seconds, Stopping threads took: 0.0000441 seconds
2023-04-21T13:27:39.805+0530: 9836.110: Total time for which application threads were stopped: 0.0001164 seconds, Stopping threads took: 0.0000248 seconds
2023-04-21T13:27:39.805+0530: 9836.110: Total time for which application threads were stopped: 0.0000872 seconds, Stopping threads took: 0.0000159 seconds
2023-04-21T13:27:39.806+0530: 9836.111: Total time for which application threads were stopped: 0.0001232 seconds, Stopping threads took: 0.0000205 seconds
2023-04-21T13:27:39.811+0530: 9836.116: Total time for which application threads were stopped: 0.0001971 seconds, Stopping threads took: 0.0000247 seconds
2023-04-21T13:29:57.433+0530: 9973.738: Total time for which application threads were stopped: 0.0001491 seconds, Stopping threads took: 0.0000456 seconds
2023-04-21T13:29:57.434+0530: 9973.739: Total time for which application threads were stopped: 0.0000857 seconds, Stopping threads took: 0.0000157 seconds
2023-04-21T13:29:57.434+0530: 9973.739: Total time for which application threads were stopped: 0.0000957 seconds, Stopping threads took: 0.0000160 seconds
2023-04-21T13:29:57.439+0530: 9973.744: Total time for which application threads were stopped: 0.0001038 seconds, Stopping threads took: 0.0000242 seconds
2023-04-21T13:29:57.439+0530: 9973.744: Total time for which application threads were stopped: 0.0000706 seconds, Stopping threads took: 0.0000185 seconds
2023-04-21T13:30:17.631+0530: 9993.936: Total time for which application threads were stopped: 0.0001564 seconds, Stopping threads took: 0.0000336 seconds
2023-04-21T13:30:17.632+0530: 9993.937: Total time for which application threads were stopped: 0.0001590 seconds, Stopping threads took: 0.0000256 seconds
2023-04-21T13:30:17.632+0530: 9993.937: Total time for which application threads were stopped: 0.0001293 seconds, Stopping threads took: 0.0000244 seconds
2023-04-21T13:30:17.639+0530: 9993.944: Total time for which application threads were stopped: 0.0001304 seconds, Stopping threads took: 0.0000326 seconds
2023-04-21T13:30:17.639+0530: 9993.944: Total time for which application threads were stopped: 0.0001024 seconds, Stopping threads took: 0.0000230 seconds
2023-04-21T13:30:37.770+0530: 10014.075: Total time for which application threads were stopped: 0.0001807 seconds, Stopping threads took: 0.0000565 seconds
2023-04-21T13:30:37.771+0530: 10014.076: Total time for which application threads were stopped: 0.0001090 seconds, Stopping threads took: 0.0000196 seconds
2023-04-21T13:30:37.772+0530: 10014.077: Total time for which application threads were stopped: 0.0001413 seconds, Stopping threads took: 0.0000347 seconds
2023-04-21T13:30:37.777+0530: 10014.082: Total time for which application threads were stopped: 0.0001518 seconds, Stopping threads took: 0.0000352 seconds
2023-04-21T13:30:37.777+0530: 10014.082: Total time for which application threads were stopped: 0.0001250 seconds, Stopping threads took: 0.0000451 seconds
2023-04-21T13:32:25.710+0530: 10122.015: Total time for which application threads were stopped: 0.0001526 seconds, Stopping threads took: 0.0000454 seconds
2023-04-21T13:32:25.710+0530: 10122.015: Total time for which application threads were stopped: 0.0000883 seconds, Stopping threads took: 0.0000156 seconds
2023-04-21T13:32:25.710+0530: 10122.015: Total time for which application threads were stopped: 0.0000636 seconds, Stopping threads took: 0.0000113 seconds
2023-04-21T13:32:25.711+0530: 10122.016: Total time for which application threads were stopped: 0.0000913 seconds, Stopping threads took: 0.0000157 seconds
2023-04-21T13:32:25.716+0530: 10122.021: Total time for which application threads were stopped: 0.0000940 seconds, Stopping threads took: 0.0000203 seconds
2023-04-21T13:32:25.716+0530: 10122.021: Total time for which application threads were stopped: 0.0000758 seconds, Stopping threads took: 0.0000129 seconds
2023-04-21T13:32:45.268+0530: 10141.572: Total time for which application threads were stopped: 0.0001465 seconds, Stopping threads took: 0.0000304 seconds
2023-04-21T13:32:45.268+0530: 10141.573: Total time for which application threads were stopped: 0.0001058 seconds, Stopping threads took: 0.0000150 seconds
2023-04-21T13:32:45.268+0530: 10141.573: Total time for which application threads were stopped: 0.0001156 seconds, Stopping threads took: 0.0000198 seconds
2023-04-21T13:32:45.274+0530: 10141.579: Total time for which application threads were stopped: 0.0002519 seconds, Stopping threads took: 0.0000308 seconds
2023-04-21T13:33:54.955+0530: 10211.260: Total time for which application threads were stopped: 0.0001992 seconds, Stopping threads took: 0.0000635 seconds
2023-04-21T13:33:54.955+0530: 10211.260: Total time for which application threads were stopped: 0.0001161 seconds, Stopping threads took: 0.0000229 seconds
2023-04-21T13:33:54.956+0530: 10211.261: Total time for which application threads were stopped: 0.0001819 seconds, Stopping threads took: 0.0000761 seconds
2023-04-21T13:33:54.963+0530: 10211.268: Total time for which application threads were stopped: 0.0001814 seconds, Stopping threads took: 0.0000414 seconds
2023-04-21T13:33:54.963+0530: 10211.268: Total time for which application threads were stopped: 0.0001359 seconds, Stopping threads took: 0.0000294 seconds
2023-04-21T13:34:06.350+0530: 10222.655: Total time for which application threads were stopped: 0.0002517 seconds, Stopping threads took: 0.0001480 seconds
2023-04-21T13:34:06.350+0530: 10222.655: Total time for which application threads were stopped: 0.0000887 seconds, Stopping threads took: 0.0000281 seconds
2023-04-21T13:34:06.351+0530: 10222.656: Total time for which application threads were stopped: 0.0000926 seconds, Stopping threads took: 0.0000197 seconds
2023-04-21T13:34:06.356+0530: 10222.661: Total time for which application threads were stopped: 0.0001176 seconds, Stopping threads took: 0.0000247 seconds
2023-04-21T13:34:06.357+0530: 10222.662: Total time for which application threads were stopped: 0.0000839 seconds, Stopping threads took: 0.0000202 seconds
2023-04-21T13:35:37.855+0530: 10314.160: Total time for which application threads were stopped: 0.0001783 seconds, Stopping threads took: 0.0000504 seconds
2023-04-21T13:35:37.856+0530: 10314.161: Total time for which application threads were stopped: 0.0000911 seconds, Stopping threads took: 0.0000169 seconds
2023-04-21T13:35:37.856+0530: 10314.161: Total time for which application threads were stopped: 0.0000847 seconds, Stopping threads took: 0.0000144 seconds
2023-04-21T13:35:37.862+0530: 10314.167: Total time for which application threads were stopped: 0.0002277 seconds, Stopping threads took: 0.0001231 seconds
2023-04-21T13:35:37.862+0530: 10314.167: Total time for which application threads were stopped: 0.0001454 seconds, Stopping threads took: 0.0000576 seconds
2023-04-21T13:35:50.988+0530: 10327.293: Total time for which application threads were stopped: 0.0001523 seconds, Stopping threads took: 0.0000302 seconds
2023-04-21T13:35:50.989+0530: 10327.294: Total time for which application threads were stopped: 0.0000980 seconds, Stopping threads took: 0.0000182 seconds
2023-04-21T13:35:50.989+0530: 10327.294: Total time for which application threads were stopped: 0.0001006 seconds, Stopping threads took: 0.0000185 seconds
2023-04-21T13:35:50.990+0530: 10327.295: Total time for which application threads were stopped: 0.0001442 seconds, Stopping threads took: 0.0000477 seconds
2023-04-21T13:35:50.995+0530: 10327.300: Total time for which application threads were stopped: 0.0001501 seconds, Stopping threads took: 0.0000456 seconds
2023-04-21T13:35:50.996+0530: 10327.301: Total time for which application threads were stopped: 0.0001247 seconds, Stopping threads took: 0.0000509 seconds
2023-04-21T13:36:12.506+0530: 10348.811: Total time for which application threads were stopped: 0.0002700 seconds, Stopping threads took: 0.0000865 seconds
2023-04-21T13:36:12.507+0530: 10348.812: Total time for which application threads were stopped: 0.0001475 seconds, Stopping threads took: 0.0000310 seconds
2023-04-21T13:36:12.507+0530: 10348.812: Total time for which application threads were stopped: 0.0001107 seconds, Stopping threads took: 0.0000187 seconds
2023-04-21T13:36:12.515+0530: 10348.820: Total time for which application threads were stopped: 0.0004722 seconds, Stopping threads took: 0.0000893 seconds
2023-04-21T13:38:26.504+0530: 10482.809: Total time for which application threads were stopped: 0.0001417 seconds, Stopping threads took: 0.0000450 seconds
2023-04-21T13:38:26.505+0530: 10482.810: Total time for which application threads were stopped: 0.0000780 seconds, Stopping threads took: 0.0000132 seconds
2023-04-21T13:38:26.505+0530: 10482.810: Total time for which application threads were stopped: 0.0003094 seconds, Stopping threads took: 0.0001260 seconds
2023-04-21T13:38:26.510+0530: 10482.815: Total time for which application threads were stopped: 0.0002042 seconds, Stopping threads took: 0.0001179 seconds
2023-04-21T13:38:26.510+0530: 10482.815: Total time for which application threads were stopped: 0.0000688 seconds, Stopping threads took: 0.0000110 seconds
2023-04-21T13:38:35.447+0530: 10491.752: Total time for which application threads were stopped: 0.0001887 seconds, Stopping threads took: 0.0000654 seconds
2023-04-21T13:38:35.447+0530: 10491.752: Total time for which application threads were stopped: 0.0001261 seconds, Stopping threads took: 0.0000324 seconds
2023-04-21T13:38:35.448+0530: 10491.753: Total time for which application threads were stopped: 0.0002676 seconds, Stopping threads took: 0.0001633 seconds
2023-04-21T13:38:35.455+0530: 10491.760: Total time for which application threads were stopped: 0.0001972 seconds, Stopping threads took: 0.0000690 seconds
2023-04-21T13:38:35.455+0530: 10491.760: Total time for which application threads were stopped: 0.0001110 seconds, Stopping threads took: 0.0000232 seconds
2023-04-21T13:38:56.690+0530: 10512.995: Total time for which application threads were stopped: 0.0001062 seconds, Stopping threads took: 0.0000217 seconds
2023-04-21T13:38:56.690+0530: 10512.995: Total time for which application threads were stopped: 0.0000744 seconds, Stopping threads took: 0.0000128 seconds
2023-04-21T13:38:56.690+0530: 10512.995: Total time for which application threads were stopped: 0.0000997 seconds, Stopping threads took: 0.0000332 seconds
2023-04-21T13:38:56.696+0530: 10513.001: Total time for which application threads were stopped: 0.0001206 seconds, Stopping threads took: 0.0000240 seconds
2023-04-21T13:38:56.696+0530: 10513.001: Total time for which application threads were stopped: 0.0000921 seconds, Stopping threads took: 0.0000133 seconds
2023-04-21T13:39:14.679+0530: 10530.984: Total time for which application threads were stopped: 0.0002040 seconds, Stopping threads took: 0.0000667 seconds
2023-04-21T13:39:14.679+0530: 10530.984: Total time for which application threads were stopped: 0.0001029 seconds, Stopping threads took: 0.0000198 seconds
2023-04-21T13:39:14.680+0530: 10530.984: Total time for which application threads were stopped: 0.0002065 seconds, Stopping threads took: 0.0001175 seconds
2023-04-21T13:39:14.680+0530: 10530.985: Total time for which application threads were stopped: 0.0001135 seconds, Stopping threads took: 0.0000196 seconds
2023-04-21T13:39:14.687+0530: 10530.992: Total time for which application threads were stopped: 0.0002618 seconds, Stopping threads took: 0.0001064 seconds
2023-04-21T13:39:14.687+0530: 10530.992: Total time for which application threads were stopped: 0.0001020 seconds, Stopping threads took: 0.0000219 seconds
2023-04-21T13:39:41.318+0530: 10557.623: Total time for which application threads were stopped: 0.0001666 seconds, Stopping threads took: 0.0000543 seconds
2023-04-21T13:39:41.318+0530: 10557.623: Total time for which application threads were stopped: 0.0001395 seconds, Stopping threads took: 0.0000379 seconds
2023-04-21T13:39:41.319+0530: 10557.624: Total time for which application threads were stopped: 0.0001322 seconds, Stopping threads took: 0.0000305 seconds
2023-04-21T13:39:41.325+0530: 10557.630: Total time for which application threads were stopped: 0.0003559 seconds, Stopping threads took: 0.0001322 seconds
2023-04-21T13:40:14.840+0530: 10591.145: Total time for which application threads were stopped: 0.0001357 seconds, Stopping threads took: 0.0000431 seconds
2023-04-21T13:40:14.841+0530: 10591.145: Total time for which application threads were stopped: 0.0000789 seconds, Stopping threads took: 0.0000143 seconds
2023-04-21T13:40:14.841+0530: 10591.146: Total time for which application threads were stopped: 0.0000828 seconds, Stopping threads took: 0.0000140 seconds
2023-04-21T13:40:14.846+0530: 10591.151: Total time for which application threads were stopped: 0.0002176 seconds, Stopping threads took: 0.0001268 seconds
2023-04-21T13:40:14.846+0530: 10591.151: Total time for which application threads were stopped: 0.0001580 seconds, Stopping threads took: 0.0000894 seconds
2023-04-21T13:41:03.799+0530: 10640.104: Total time for which application threads were stopped: 0.0001518 seconds, Stopping threads took: 0.0000491 seconds
2023-04-21T13:41:03.800+0530: 10640.105: Total time for which application threads were stopped: 0.0000785 seconds, Stopping threads took: 0.0000142 seconds
2023-04-21T13:41:03.800+0530: 10640.105: Total time for which application threads were stopped: 0.0000860 seconds, Stopping threads took: 0.0000144 seconds
2023-04-21T13:41:03.805+0530: 10640.110: Total time for which application threads were stopped: 0.0001154 seconds, Stopping threads took: 0.0000221 seconds
2023-04-21T13:41:03.805+0530: 10640.110: Total time for which application threads were stopped: 0.0000591 seconds, Stopping threads took: 0.0000117 seconds
2023-04-21T13:41:43.754+0530: 10680.059: Total time for which application threads were stopped: 0.0001371 seconds, Stopping threads took: 0.0000431 seconds
2023-04-21T13:41:43.754+0530: 10680.059: Total time for which application threads were stopped: 0.0000785 seconds, Stopping threads took: 0.0000140 seconds
2023-04-21T13:41:43.755+0530: 10680.060: Total time for which application threads were stopped: 0.0002137 seconds, Stopping threads took: 0.0001367 seconds
2023-04-21T13:41:43.760+0530: 10680.065: Total time for which application threads were stopped: 0.0001515 seconds, Stopping threads took: 0.0000391 seconds
2023-04-21T13:41:43.760+0530: 10680.065: Total time for which application threads were stopped: 0.0001235 seconds, Stopping threads took: 0.0000242 seconds
2023-04-21T13:42:41.304+0530: 10737.609: Total time for which application threads were stopped: 0.0001599 seconds, Stopping threads took: 0.0000433 seconds
2023-04-21T13:42:41.304+0530: 10737.609: Total time for which application threads were stopped: 0.0000894 seconds, Stopping threads took: 0.0000180 seconds
2023-04-21T13:42:41.304+0530: 10737.609: Total time for which application threads were stopped: 0.0000980 seconds, Stopping threads took: 0.0000183 seconds
2023-04-21T13:42:41.305+0530: 10737.610: Total time for which application threads were stopped: 0.0000884 seconds, Stopping threads took: 0.0000157 seconds
2023-04-21T13:42:41.311+0530: 10737.616: Total time for which application threads were stopped: 0.0001352 seconds, Stopping threads took: 0.0000328 seconds
2023-04-21T13:42:41.311+0530: 10737.616: Total time for which application threads were stopped: 0.0001263 seconds, Stopping threads took: 0.0000617 seconds
2023-04-21T13:43:44.321+0530: 10800.626: Total time for which application threads were stopped: 0.0003244 seconds, Stopping threads took: 0.0001166 seconds
2023-04-21T13:50:03.577+0530: 11179.882: Total time for which application threads were stopped: 0.0001598 seconds, Stopping threads took: 0.0000511 seconds
2023-04-21T13:50:03.578+0530: 11179.883: Total time for which application threads were stopped: 0.0001132 seconds, Stopping threads took: 0.0000199 seconds
2023-04-21T13:50:03.578+0530: 11179.883: Total time for which application threads were stopped: 0.0000844 seconds, Stopping threads took: 0.0000139 seconds
{Heap before GC invocations=21 (full 2):
 par new generation   total 109248K, used 108675K [0x00000000e0000000, 0x00000000e8000000, 0x00000000e8000000)
  eden space 87424K, 100% used [0x00000000e0000000, 0x00000000e5560000, 0x00000000e5560000)
  from space 21824K,  97% used [0x00000000e6ab0000, 0x00000000e7f70dc0, 0x00000000e8000000)
  to   space 21824K,   0% used [0x00000000e5560000, 0x00000000e5560000, 0x00000000e6ab0000)
 concurrent mark-sweep generation total 393216K, used 29893K [0x00000000e8000000, 0x0000000100000000, 0x0000000100000000)
 Metaspace       used 38031K, capacity 38712K, committed 38808K, reserved 1083392K
  class space    used 4402K, capacity 4596K, committed 4628K, reserved 1048576K
2023-04-21T13:50:03.581+0530: 11179.886: [GC (Allocation Failure) 2023-04-21T13:50:03.581+0530: 11179.886: [ParNew
Desired survivor size 20112992 bytes, new threshold 8 (max 8)
- age   1:     140552 bytes,     140552 total
- age   2:      66256 bytes,     206808 total
- age   3:    5718392 bytes,    5925200 total
- age   4:    2624776 bytes,    8549976 total
- age   5:     163256 bytes,    8713232 total
: 108675K->10716K(109248K), 0.0069505 secs] 138569K->40610K(502464K), 0.0070643 secs] [Times: user=0.03 sys=0.00, real=0.01 secs] 
Heap after GC invocations=22 (full 2):
 par new generation   total 109248K, used 10716K [0x00000000e0000000, 0x00000000e8000000, 0x00000000e8000000)
  eden space 87424K,   0% used [0x00000000e0000000, 0x00000000e0000000, 0x00000000e5560000)
  from space 21824K,  49% used [0x00000000e5560000, 0x00000000e5fd7358, 0x00000000e6ab0000)
  to   space 21824K,   0% used [0x00000000e6ab0000, 0x00000000e6ab0000, 0x00000000e8000000)
 concurrent mark-sweep generation total 393216K, used 29893K [0x00000000e8000000, 0x0000000100000000, 0x0000000100000000)
 Metaspace       used 38031K, capacity 38712K, committed 38808K, reserved 1083392K
  class space    used 4402K, capacity 4596K, committed 4628K, reserved 1048576K
}
2023-04-21T13:50:03.588+0530: 11179.893: Total time for which application threads were stopped: 0.0072571 seconds, Stopping threads took: 0.0000214 seconds
2023-04-21T13:50:03.590+0530: 11179.895: Total time for which application threads were stopped: 0.0001453 seconds, Stopping threads took: 0.0000128 seconds
2023-04-21T13:50:11.456+0530: 11187.761: Total time for which application threads were stopped: 0.0001460 seconds, Stopping threads took: 0.0000311 seconds
2023-04-21T13:50:11.457+0530: 11187.762: Total time for which application threads were stopped: 0.0001043 seconds, Stopping threads took: 0.0000190 seconds
2023-04-21T13:50:11.457+0530: 11187.762: Total time for which application threads were stopped: 0.0000939 seconds, Stopping threads took: 0.0000151 seconds
2023-04-21T13:50:11.463+0530: 11187.768: Total time for which application threads were stopped: 0.0002617 seconds, Stopping threads took: 0.0001421 seconds
2023-04-21T13:50:11.463+0530: 11187.768: Total time for which application threads were stopped: 0.0001296 seconds, Stopping threads took: 0.0000335 seconds
2023-04-21T13:51:47.285+0530: 11283.590: Total time for which application threads were stopped: 0.0001411 seconds, Stopping threads took: 0.0000438 seconds
2023-04-21T13:51:47.285+0530: 11283.590: Total time for which application threads were stopped: 0.0000830 seconds, Stopping threads took: 0.0000157 seconds
2023-04-21T13:51:47.286+0530: 11283.590: Total time for which application threads were stopped: 0.0000873 seconds, Stopping threads took: 0.0000148 seconds
2023-04-21T13:51:47.290+0530: 11283.595: Total time for which application threads were stopped: 0.0001098 seconds, Stopping threads took: 0.0000222 seconds
2023-04-21T13:51:47.290+0530: 11283.595: Total time for which application threads were stopped: 0.0000734 seconds, Stopping threads took: 0.0000127 seconds
2023-04-21T13:52:12.993+0530: 11309.297: Total time for which application threads were stopped: 0.0001726 seconds, Stopping threads took: 0.0000749 seconds
2023-04-21T13:52:12.993+0530: 11309.298: Total time for which application threads were stopped: 0.0000868 seconds, Stopping threads took: 0.0000217 seconds
2023-04-21T13:52:12.993+0530: 11309.298: Total time for which application threads were stopped: 0.0000972 seconds, Stopping threads took: 0.0000214 seconds
2023-04-21T13:52:12.997+0530: 11309.302: Total time for which application threads were stopped: 0.0000885 seconds, Stopping threads took: 0.0000170 seconds
2023-04-21T13:52:12.998+0530: 11309.303: Total time for which application threads were stopped: 0.0000760 seconds, Stopping threads took: 0.0000124 seconds
2023-04-21T13:52:39.502+0530: 11335.807: Total time for which application threads were stopped: 0.0001877 seconds, Stopping threads took: 0.0000575 seconds
2023-04-21T13:52:39.502+0530: 11335.807: Total time for which application threads were stopped: 0.0001040 seconds, Stopping threads took: 0.0000197 seconds
2023-04-21T13:52:39.503+0530: 11335.808: Total time for which application threads were stopped: 0.0000837 seconds, Stopping threads took: 0.0000222 seconds
2023-04-21T13:52:39.503+0530: 11335.808: Total time for which application threads were stopped: 0.0001048 seconds, Stopping threads took: 0.0000151 seconds
2023-04-21T13:52:39.508+0530: 11335.813: Total time for which application threads were stopped: 0.0001068 seconds, Stopping threads took: 0.0000205 seconds
2023-04-21T13:52:39.509+0530: 11335.814: Total time for which application threads were stopped: 0.0000794 seconds, Stopping threads took: 0.0000156 seconds
2023-04-21T13:52:39.510+0530: 11335.815: Total time for which application threads were stopped: 0.0000789 seconds, Stopping threads took: 0.0000201 seconds
2023-04-21T13:52:39.510+0530: 11335.815: Total time for which application threads were stopped: 0.0000716 seconds, Stopping threads took: 0.0000144 seconds
2023-04-21T13:52:39.510+0530: 11335.815: Total time for which application threads were stopped: 0.0000689 seconds, Stopping threads took: 0.0000120 seconds
2023-04-21T13:52:39.514+0530: 11335.819: Total time for which application threads were stopped: 0.0001290 seconds, Stopping threads took: 0.0000273 seconds
2023-04-21T13:52:39.515+0530: 11335.820: Total time for which application threads were stopped: 0.0000958 seconds, Stopping threads took: 0.0000199 seconds
2023-04-21T13:54:22.598+0530: 11438.903: Total time for which application threads were stopped: 0.0001830 seconds, Stopping threads took: 0.0000545 seconds
2023-04-21T13:54:22.598+0530: 11438.903: Total time for which application threads were stopped: 0.0001034 seconds, Stopping threads took: 0.0000167 seconds
2023-04-21T13:54:22.599+0530: 11438.903: Total time for which application threads were stopped: 0.0001248 seconds, Stopping threads took: 0.0000216 seconds
2023-04-21T13:54:22.603+0530: 11438.908: Total time for which application threads were stopped: 0.0001958 seconds, Stopping threads took: 0.0000227 seconds
2023-04-21T13:54:22.605+0530: 11438.910: Total time for which application threads were stopped: 0.0000785 seconds, Stopping threads took: 0.0000160 seconds
2023-04-21T13:54:22.605+0530: 11438.910: Total time for which application threads were stopped: 0.0000606 seconds, Stopping threads took: 0.0000113 seconds
2023-04-21T13:54:22.606+0530: 11438.910: Total time for which application threads were stopped: 0.0000690 seconds, Stopping threads took: 0.0000121 seconds
2023-04-21T13:54:22.610+0530: 11438.915: Total time for which application threads were stopped: 0.0001281 seconds, Stopping threads took: 0.0000290 seconds
2023-04-21T13:54:22.610+0530: 11438.915: Total time for which application threads were stopped: 0.0000924 seconds, Stopping threads took: 0.0000174 seconds
2023-04-21T13:55:24.202+0530: 11500.507: Total time for which application threads were stopped: 0.0001362 seconds, Stopping threads took: 0.0000411 seconds
2023-04-21T13:55:24.202+0530: 11500.507: Total time for which application threads were stopped: 0.0000821 seconds, Stopping threads took: 0.0000148 seconds
2023-04-21T13:55:24.203+0530: 11500.508: Total time for which application threads were stopped: 0.0000831 seconds, Stopping threads took: 0.0000137 seconds
2023-04-21T13:55:24.207+0530: 11500.512: Total time for which application threads were stopped: 0.0001019 seconds, Stopping threads took: 0.0000234 seconds
2023-04-21T13:55:24.207+0530: 11500.512: Total time for which application threads were stopped: 0.0000749 seconds, Stopping threads took: 0.0000165 seconds
2023-04-21T13:55:48.028+0530: 11524.333: Total time for which application threads were stopped: 0.0001624 seconds, Stopping threads took: 0.0000359 seconds
2023-04-21T13:55:48.029+0530: 11524.334: Total time for which application threads were stopped: 0.0001257 seconds, Stopping threads took: 0.0000247 seconds
2023-04-21T13:55:48.029+0530: 11524.334: Total time for which application threads were stopped: 0.0000936 seconds, Stopping threads took: 0.0000155 seconds
2023-04-21T13:55:48.034+0530: 11524.339: Total time for which application threads were stopped: 0.0001284 seconds, Stopping threads took: 0.0000318 seconds
2023-04-21T13:55:48.034+0530: 11524.339: Total time for which application threads were stopped: 0.0000850 seconds, Stopping threads took: 0.0000181 seconds
2023-04-21T13:56:05.833+0530: 11542.138: Total time for which application threads were stopped: 0.0001433 seconds, Stopping threads took: 0.0000456 seconds
2023-04-21T13:56:05.834+0530: 11542.139: Total time for which application threads were stopped: 0.0000778 seconds, Stopping threads took: 0.0000145 seconds
2023-04-21T13:56:05.834+0530: 11542.139: Total time for which application threads were stopped: 0.0000789 seconds, Stopping threads took: 0.0000118 seconds
2023-04-21T13:56:05.834+0530: 11542.139: Total time for which application threads were stopped: 0.0000816 seconds, Stopping threads took: 0.0000138 seconds
2023-04-21T13:56:05.838+0530: 11542.143: Total time for which application threads were stopped: 0.0000949 seconds, Stopping threads took: 0.0000241 seconds
2023-04-21T13:56:05.838+0530: 11542.143: Total time for which application threads were stopped: 0.0000685 seconds, Stopping threads took: 0.0000165 seconds
2023-04-21T13:56:43.345+0530: 11579.650: Total time for which application threads were stopped: 0.0001619 seconds, Stopping threads took: 0.0000499 seconds
2023-04-21T13:56:43.346+0530: 11579.651: Total time for which application threads were stopped: 0.0001004 seconds, Stopping threads took: 0.0000188 seconds
2023-04-21T13:56:43.346+0530: 11579.651: Total time for which application threads were stopped: 0.0001197 seconds, Stopping threads took: 0.0000195 seconds
2023-04-21T13:56:43.349+0530: 11579.654: Total time for which application threads were stopped: 0.0002353 seconds, Stopping threads took: 0.0001404 seconds
2023-04-21T13:56:43.349+0530: 11579.654: Total time for which application threads were stopped: 0.0001447 seconds, Stopping threads took: 0.0000885 seconds
2023-04-21T13:57:30.144+0530: 11626.449: Total time for which application threads were stopped: 0.0001502 seconds, Stopping threads took: 0.0000411 seconds
2023-04-21T13:57:30.145+0530: 11626.449: Total time for which application threads were stopped: 0.0000727 seconds, Stopping threads took: 0.0000133 seconds
2023-04-21T13:57:30.145+0530: 11626.450: Total time for which application threads were stopped: 0.0001869 seconds, Stopping threads took: 0.0000161 seconds
2023-04-21T13:57:30.148+0530: 11626.453: Total time for which application threads were stopped: 0.0002040 seconds, Stopping threads took: 0.0000456 seconds
2023-04-21T13:59:16.575+0530: 11732.880: Total time for which application threads were stopped: 0.0001379 seconds, Stopping threads took: 0.0000415 seconds
2023-04-21T13:59:16.576+0530: 11732.880: Total time for which application threads were stopped: 0.0000810 seconds, Stopping threads took: 0.0000165 seconds
2023-04-21T13:59:16.576+0530: 11732.881: Total time for which application threads were stopped: 0.0000838 seconds, Stopping threads took: 0.0000143 seconds
2023-04-21T13:59:16.579+0530: 11732.884: Total time for which application threads were stopped: 0.0000999 seconds, Stopping threads took: 0.0000184 seconds
2023-04-21T13:59:16.579+0530: 11732.884: Total time for which application threads were stopped: 0.0000787 seconds, Stopping threads took: 0.0000134 seconds
2023-04-21T14:00:58.953+0530: 11835.258: Total time for which application threads were stopped: 0.0001765 seconds, Stopping threads took: 0.0000545 seconds
2023-04-21T14:00:58.953+0530: 11835.258: Total time for which application threads were stopped: 0.0001067 seconds, Stopping threads took: 0.0000195 seconds
2023-04-21T14:00:58.954+0530: 11835.259: Total time for which application threads were stopped: 0.0001151 seconds, Stopping threads took: 0.0000213 seconds
2023-04-21T14:00:58.958+0530: 11835.263: Total time for which application threads were stopped: 0.0001255 seconds, Stopping threads took: 0.0000312 seconds
2023-04-21T14:00:58.958+0530: 11835.263: Total time for which application threads were stopped: 0.0002117 seconds, Stopping threads took: 0.0001267 seconds
2023-04-21T14:01:22.389+0530: 11858.694: Total time for which application threads were stopped: 0.0001838 seconds, Stopping threads took: 0.0000564 seconds
2023-04-21T14:01:22.389+0530: 11858.694: Total time for which application threads were stopped: 0.0001097 seconds, Stopping threads took: 0.0000202 seconds
2023-04-21T14:01:22.390+0530: 11858.695: Total time for which application threads were stopped: 0.0001891 seconds, Stopping threads took: 0.0000250 seconds
2023-04-21T14:01:22.393+0530: 11858.698: Total time for which application threads were stopped: 0.0001329 seconds, Stopping threads took: 0.0000256 seconds
2023-04-21T14:01:22.393+0530: 11858.698: Total time for which application threads were stopped: 0.0001017 seconds, Stopping threads took: 0.0000173 seconds
2023-04-21T14:05:10.603+0530: 12086.908: Total time for which application threads were stopped: 0.0001401 seconds, Stopping threads took: 0.0000418 seconds
2023-04-21T14:05:10.604+0530: 12086.909: Total time for which application threads were stopped: 0.0000615 seconds, Stopping threads took: 0.0000116 seconds
2023-04-21T14:05:10.604+0530: 12086.909: Total time for which application threads were stopped: 0.0000627 seconds, Stopping threads took: 0.0000113 seconds
2023-04-21T14:05:10.604+0530: 12086.909: Total time for which application threads were stopped: 0.0000921 seconds, Stopping threads took: 0.0000225 seconds
2023-04-21T14:05:10.607+0530: 12086.912: Total time for which application threads were stopped: 0.0001488 seconds, Stopping threads took: 0.0000815 seconds
2023-04-21T14:05:10.608+0530: 12086.913: Total time for which application threads were stopped: 0.0000722 seconds, Stopping threads took: 0.0000225 seconds
2023-04-21T14:05:59.102+0530: 12135.407: Total time for which application threads were stopped: 0.0001849 seconds, Stopping threads took: 0.0000598 seconds
2023-04-21T14:05:59.103+0530: 12135.408: Total time for which application threads were stopped: 0.0001062 seconds, Stopping threads took: 0.0000188 seconds
2023-04-21T14:05:59.103+0530: 12135.408: Total time for which application threads were stopped: 0.0001139 seconds, Stopping threads took: 0.0000205 seconds
2023-04-21T14:05:59.107+0530: 12135.412: Total time for which application threads were stopped: 0.0002121 seconds, Stopping threads took: 0.0000194 seconds
2023-04-21T14:06:09.702+0530: 12146.007: Total time for which application threads were stopped: 0.0001824 seconds, Stopping threads took: 0.0000585 seconds
2023-04-21T14:06:09.703+0530: 12146.008: Total time for which application threads were stopped: 0.0001083 seconds, Stopping threads took: 0.0000207 seconds
2023-04-21T14:06:09.703+0530: 12146.008: Total time for which application threads were stopped: 0.0001136 seconds, Stopping threads took: 0.0000211 seconds
2023-04-21T14:06:09.707+0530: 12146.012: Total time for which application threads were stopped: 0.0001151 seconds, Stopping threads took: 0.0000213 seconds
2023-04-21T14:06:09.707+0530: 12146.012: Total time for which application threads were stopped: 0.0000799 seconds, Stopping threads took: 0.0000143 seconds
2023-04-21T14:06:22.808+0530: 12159.113: Total time for which application threads were stopped: 0.0001722 seconds, Stopping threads took: 0.0000362 seconds
2023-04-21T14:06:22.808+0530: 12159.113: Total time for which application threads were stopped: 0.0000735 seconds, Stopping threads took: 0.0000139 seconds
2023-04-21T14:06:22.809+0530: 12159.114: Total time for which application threads were stopped: 0.0000988 seconds, Stopping threads took: 0.0000157 seconds
2023-04-21T14:06:22.812+0530: 12159.117: Total time for which application threads were stopped: 0.0001612 seconds, Stopping threads took: 0.0000310 seconds
2023-04-21T14:06:22.812+0530: 12159.117: Total time for which application threads were stopped: 0.0001209 seconds, Stopping threads took: 0.0000181 seconds
2023-04-21T14:12:38.053+0530: 12224.536: Total time for which application threads were stopped: 0.0001256 seconds, Stopping threads took: 0.0000303 seconds
2023-04-21T14:12:38.053+0530: 12224.536: Total time for which application threads were stopped: 0.0000598 seconds, Stopping threads took: 0.0000092 seconds
2023-04-21T14:12:38.053+0530: 12224.536: Total time for which application threads were stopped: 0.0000601 seconds, Stopping threads took: 0.0000109 seconds
2023-04-21T14:12:38.056+0530: 12224.539: Total time for which application threads were stopped: 0.0001029 seconds, Stopping threads took: 0.0000212 seconds
2023-04-21T14:12:38.056+0530: 12224.539: Total time for which application threads were stopped: 0.0000974 seconds, Stopping threads took: 0.0000271 seconds
2023-04-21T14:12:38.058+0530: 12224.541: Total time for which application threads were stopped: 0.0001107 seconds, Stopping threads took: 0.0000349 seconds
2023-04-21T14:12:38.215+0530: 12224.698: Total time for which application threads were stopped: 0.0001153 seconds, Stopping threads took: 0.0000191 seconds
2023-04-21T14:12:38.215+0530: 12224.698: Total time for which application threads were stopped: 0.0000621 seconds, Stopping threads took: 0.0000123 seconds
2023-04-21T14:12:38.215+0530: 12224.698: Total time for which application threads were stopped: 0.0000654 seconds, Stopping threads took: 0.0000213 seconds
2023-04-21T14:12:38.215+0530: 12224.698: Total time for which application threads were stopped: 0.0000357 seconds, Stopping threads took: 0.0000074 seconds
2023-04-21T14:12:38.216+0530: 12224.699: Total time for which application threads were stopped: 0.0000641 seconds, Stopping threads took: 0.0000126 seconds
2023-04-21T14:12:38.217+0530: 12224.700: Total time for which application threads were stopped: 0.0000722 seconds, Stopping threads took: 0.0000223 seconds
2023-04-21T14:12:38.217+0530: 12224.700: Total time for which application threads were stopped: 0.0000377 seconds, Stopping threads took: 0.0000042 seconds
2023-04-21T14:12:38.217+0530: 12224.700: Total time for which application threads were stopped: 0.0000497 seconds, Stopping threads took: 0.0000170 seconds
2023-04-21T14:12:38.217+0530: 12224.700: Total time for which application threads were stopped: 0.0000437 seconds, Stopping threads took: 0.0000117 seconds
2023-04-21T14:12:38.217+0530: 12224.700: Total time for which application threads were stopped: 0.0000431 seconds, Stopping threads took: 0.0000114 seconds
2023-04-21T14:12:39.217+0530: 12225.700: Total time for which application threads were stopped: 0.0003180 seconds, Stopping threads took: 0.0000674 seconds
2023-04-21T14:12:39.461+0530: 12225.944: Total time for which application threads were stopped: 0.0001282 seconds, Stopping threads took: 0.0000252 seconds
2023-04-21T14:12:39.461+0530: 12225.944: Total time for which application threads were stopped: 0.0000645 seconds, Stopping threads took: 0.0000111 seconds
2023-04-21T14:12:39.461+0530: 12225.944: Total time for which application threads were stopped: 0.0000469 seconds, Stopping threads took: 0.0000060 seconds
2023-04-21T14:12:42.848+0530: 12229.331: Total time for which application threads were stopped: 0.0001681 seconds, Stopping threads took: 0.0000523 seconds
2023-04-21T14:12:42.849+0530: 12229.332: Total time for which application threads were stopped: 0.0001060 seconds, Stopping threads took: 0.0000332 seconds
2023-04-21T14:12:42.849+0530: 12229.332: Total time for which application threads were stopped: 0.0001279 seconds, Stopping threads took: 0.0000508 seconds
2023-04-21T14:12:42.855+0530: 12229.338: Total time for which application threads were stopped: 0.0001590 seconds, Stopping threads took: 0.0000291 seconds
2023-04-21T14:12:42.865+0530: 12229.348: Total time for which application threads were stopped: 0.0001000 seconds, Stopping threads took: 0.0000198 seconds
2023-04-21T14:12:42.866+0530: 12229.349: Total time for which application threads were stopped: 0.0000647 seconds, Stopping threads took: 0.0000109 seconds
2023-04-21T14:12:42.866+0530: 12229.349: Total time for which application threads were stopped: 0.0000837 seconds, Stopping threads took: 0.0000305 seconds
2023-04-21T14:12:42.866+0530: 12229.349: Total time for which application threads were stopped: 0.0000616 seconds, Stopping threads took: 0.0000196 seconds
2023-04-21T14:12:42.867+0530: 12229.350: Total time for which application threads were stopped: 0.0001448 seconds, Stopping threads took: 0.0000719 seconds
2023-04-21T14:12:42.868+0530: 12229.351: Total time for which application threads were stopped: 0.0001280 seconds, Stopping threads took: 0.0000427 seconds
2023-04-21T14:12:42.869+0530: 12229.352: Total time for which application threads were stopped: 0.0001722 seconds, Stopping threads took: 0.0000176 seconds
2023-04-21T14:12:42.869+0530: 12229.352: Total time for which application threads were stopped: 0.0000913 seconds, Stopping threads took: 0.0000289 seconds
2023-04-21T14:12:42.869+0530: 12229.352: Total time for which application threads were stopped: 0.0000505 seconds, Stopping threads took: 0.0000165 seconds
2023-04-21T14:12:42.870+0530: 12229.353: Total time for which application threads were stopped: 0.0001982 seconds, Stopping threads took: 0.0001482 seconds
2023-04-21T14:12:42.870+0530: 12229.353: Total time for which application threads were stopped: 0.0000591 seconds, Stopping threads took: 0.0000206 seconds
2023-04-21T14:12:42.870+0530: 12229.353: Total time for which application threads were stopped: 0.0001032 seconds, Stopping threads took: 0.0000372 seconds
2023-04-21T14:12:42.873+0530: 12229.356: Total time for which application threads were stopped: 0.0001378 seconds, Stopping threads took: 0.0000283 seconds
2023-04-21T14:12:42.873+0530: 12229.356: Total time for which application threads were stopped: 0.0002674 seconds, Stopping threads took: 0.0001713 seconds
2023-04-21T14:12:42.873+0530: 12229.356: Total time for which application threads were stopped: 0.0001179 seconds, Stopping threads took: 0.0000422 seconds
2023-04-21T14:12:42.874+0530: 12229.357: Total time for which application threads were stopped: 0.0001008 seconds, Stopping threads took: 0.0000275 seconds
2023-04-21T14:12:42.875+0530: 12229.358: Total time for which application threads were stopped: 0.0001259 seconds, Stopping threads took: 0.0000433 seconds
2023-04-21T14:12:42.878+0530: 12229.361: Total time for which application threads were stopped: 0.0000930 seconds, Stopping threads took: 0.0000231 seconds
2023-04-21T14:12:42.878+0530: 12229.361: Total time for which application threads were stopped: 0.0000889 seconds, Stopping threads took: 0.0000234 seconds
2023-04-21T14:12:42.878+0530: 12229.361: Total time for which application threads were stopped: 0.0000692 seconds, Stopping threads took: 0.0000160 seconds
2023-04-21T14:12:42.878+0530: 12229.361: Total time for which application threads were stopped: 0.0000768 seconds, Stopping threads took: 0.0000262 seconds
2023-04-21T14:12:44.879+0530: 12231.362: Total time for which application threads were stopped: 0.0004127 seconds, Stopping threads took: 0.0000758 seconds
2023-04-21T14:12:56.881+0530: 12243.364: Total time for which application threads were stopped: 0.0003038 seconds, Stopping threads took: 0.0000660 seconds
2023-04-21T14:13:28.887+0530: 12275.370: Total time for which application threads were stopped: 0.0003333 seconds, Stopping threads took: 0.0001168 seconds
2023-04-21T14:13:33.020+0530: 12279.503: Total time for which application threads were stopped: 0.0005955 seconds, Stopping threads took: 0.0002327 seconds
2023-04-21T14:13:33.020+0530: 12279.503: Total time for which application threads were stopped: 0.0003107 seconds, Stopping threads took: 0.0000648 seconds
2023-04-21T14:13:42.879+0530: 12289.362: Total time for which application threads were stopped: 0.0004013 seconds, Stopping threads took: 0.0001364 seconds
2023-04-21T14:13:42.879+0530: 12289.362: Total time for which application threads were stopped: 0.0002431 seconds, Stopping threads took: 0.0000486 seconds
2023-04-21T14:16:50.255+0530: 12476.738: Total time for which application threads were stopped: 0.0001305 seconds, Stopping threads took: 0.0000368 seconds
2023-04-21T14:16:50.255+0530: 12476.738: Total time for which application threads were stopped: 0.0000713 seconds, Stopping threads took: 0.0000115 seconds
2023-04-21T14:16:50.255+0530: 12476.738: Total time for which application threads were stopped: 0.0000570 seconds, Stopping threads took: 0.0000097 seconds
2023-04-21T14:16:50.256+0530: 12476.739: Total time for which application threads were stopped: 0.0000652 seconds, Stopping threads took: 0.0000106 seconds
2023-04-21T14:16:50.258+0530: 12476.741: Total time for which application threads were stopped: 0.0000926 seconds, Stopping threads took: 0.0000183 seconds
2023-04-21T14:16:50.258+0530: 12476.741: Total time for which application threads were stopped: 0.0000657 seconds, Stopping threads took: 0.0000100 seconds
2023-04-21T14:17:08.754+0530: 12495.237: Total time for which application threads were stopped: 0.0001831 seconds, Stopping threads took: 0.0000357 seconds
2023-04-21T14:17:08.754+0530: 12495.237: Total time for which application threads were stopped: 0.0001170 seconds, Stopping threads took: 0.0000214 seconds
2023-04-21T14:17:08.754+0530: 12495.237: Total time for which application threads were stopped: 0.0001704 seconds, Stopping threads took: 0.0000171 seconds
2023-04-21T14:17:08.755+0530: 12495.238: Total time for which application threads were stopped: 0.0001238 seconds, Stopping threads took: 0.0000212 seconds
2023-04-21T14:17:08.759+0530: 12495.242: Total time for which application threads were stopped: 0.0002096 seconds, Stopping threads took: 0.0000808 seconds
2023-04-21T14:17:08.759+0530: 12495.242: Total time for which application threads were stopped: 0.0001118 seconds, Stopping threads took: 0.0000183 seconds
2023-04-21T14:22:54.784+0530: 12841.267: Total time for which application threads were stopped: 0.0001444 seconds, Stopping threads took: 0.0000462 seconds
2023-04-21T14:22:54.784+0530: 12841.267: Total time for which application threads were stopped: 0.0000769 seconds, Stopping threads took: 0.0000139 seconds
2023-04-21T14:22:54.785+0530: 12841.268: Total time for which application threads were stopped: 0.0000742 seconds, Stopping threads took: 0.0000136 seconds
2023-04-21T14:22:54.785+0530: 12841.268: Total time for which application threads were stopped: 0.0000820 seconds, Stopping threads took: 0.0000138 seconds
2023-04-21T14:22:54.788+0530: 12841.271: Total time for which application threads were stopped: 0.0002012 seconds, Stopping threads took: 0.0001262 seconds
2023-04-21T14:22:54.788+0530: 12841.271: Total time for which application threads were stopped: 0.0000768 seconds, Stopping threads took: 0.0000174 seconds
2023-04-21T14:23:26.294+0530: 12872.777: Total time for which application threads were stopped: 0.0002095 seconds, Stopping threads took: 0.0000557 seconds
2023-04-21T14:23:26.294+0530: 12872.777: Total time for which application threads were stopped: 0.0000909 seconds, Stopping threads took: 0.0000177 seconds
2023-04-21T14:23:26.295+0530: 12872.778: Total time for which application threads were stopped: 0.0001148 seconds, Stopping threads took: 0.0000197 seconds
2023-04-21T14:23:26.298+0530: 12872.781: Total time for which application threads were stopped: 0.0003363 seconds, Stopping threads took: 0.0000831 seconds
2023-04-21T14:23:34.569+0530: 12881.052: Total time for which application threads were stopped: 0.0001851 seconds, Stopping threads took: 0.0000574 seconds
2023-04-21T14:23:34.569+0530: 12881.052: Total time for which application threads were stopped: 0.0001243 seconds, Stopping threads took: 0.0000255 seconds
2023-04-21T14:23:34.570+0530: 12881.053: Total time for which application threads were stopped: 0.0001552 seconds, Stopping threads took: 0.0000203 seconds
2023-04-21T14:23:34.573+0530: 12881.056: Total time for which application threads were stopped: 0.0002517 seconds, Stopping threads took: 0.0001181 seconds
2023-04-21T14:23:34.573+0530: 12881.056: Total time for which application threads were stopped: 0.0000906 seconds, Stopping threads took: 0.0000204 seconds
2023-04-21T14:23:55.096+0530: 12901.579: Total time for which application threads were stopped: 0.0001780 seconds, Stopping threads took: 0.0000569 seconds
2023-04-21T14:23:55.096+0530: 12901.579: Total time for which application threads were stopped: 0.0001050 seconds, Stopping threads took: 0.0000190 seconds
2023-04-21T14:23:55.097+0530: 12901.580: Total time for which application threads were stopped: 0.0000966 seconds, Stopping threads took: 0.0000257 seconds
2023-04-21T14:23:55.100+0530: 12901.583: Total time for which application threads were stopped: 0.0001469 seconds, Stopping threads took: 0.0000214 seconds
2023-04-21T14:23:55.100+0530: 12901.583: Total time for which application threads were stopped: 0.0000905 seconds, Stopping threads took: 0.0000158 seconds
2023-04-21T14:24:07.364+0530: 12913.847: Total time for which application threads were stopped: 0.0001814 seconds, Stopping threads took: 0.0000570 seconds
2023-04-21T14:24:07.364+0530: 12913.847: Total time for which application threads were stopped: 0.0001098 seconds, Stopping threads took: 0.0000201 seconds
2023-04-21T14:24:07.365+0530: 12913.848: Total time for which application threads were stopped: 0.0001130 seconds, Stopping threads took: 0.0000194 seconds
2023-04-21T14:24:07.367+0530: 12913.850: Total time for which application threads were stopped: 0.0001426 seconds, Stopping threads took: 0.0000259 seconds
2023-04-21T14:24:07.368+0530: 12913.851: Total time for which application threads were stopped: 0.0001099 seconds, Stopping threads took: 0.0000209 seconds
2023-04-21T14:37:43.527+0530: 13730.010: Total time for which application threads were stopped: 0.0002284 seconds, Stopping threads took: 0.0000745 seconds
2023-04-21T14:37:43.527+0530: 13730.010: Total time for which application threads were stopped: 0.0001164 seconds, Stopping threads took: 0.0000231 seconds
2023-04-21T14:37:43.527+0530: 13730.010: Total time for which application threads were stopped: 0.0001063 seconds, Stopping threads took: 0.0000195 seconds
2023-04-21T14:37:43.528+0530: 13730.011: Total time for which application threads were stopped: 0.0001233 seconds, Stopping threads took: 0.0000205 seconds
2023-04-21T14:37:43.562+0530: 13730.045: Total time for which application threads were stopped: 0.0001184 seconds, Stopping threads took: 0.0000201 seconds
2023-04-21T14:37:43.563+0530: 13730.046: Total time for which application threads were stopped: 0.0000620 seconds, Stopping threads took: 0.0000129 seconds
2023-04-21T14:37:57.307+0530: 13743.790: Total time for which application threads were stopped: 0.0001818 seconds, Stopping threads took: 0.0000570 seconds
2023-04-21T14:37:57.307+0530: 13743.790: Total time for which application threads were stopped: 0.0001078 seconds, Stopping threads took: 0.0000212 seconds
2023-04-21T14:37:57.308+0530: 13743.791: Total time for which application threads were stopped: 0.0003440 seconds, Stopping threads took: 0.0000250 seconds
2023-04-21T14:37:57.309+0530: 13743.792: Total time for which application threads were stopped: 0.0000950 seconds, Stopping threads took: 0.0000172 seconds
2023-04-21T14:37:57.310+0530: 13743.792: Total time for which application threads were stopped: 0.0000757 seconds, Stopping threads took: 0.0000129 seconds
2023-04-21T14:37:57.310+0530: 13743.793: Total time for which application threads were stopped: 0.0000565 seconds, Stopping threads took: 0.0000095 seconds
2023-04-21T14:37:57.312+0530: 13743.795: Total time for which application threads were stopped: 0.0001155 seconds, Stopping threads took: 0.0000278 seconds
2023-04-21T14:37:57.312+0530: 13743.795: Total time for which application threads were stopped: 0.0001362 seconds, Stopping threads took: 0.0000571 seconds
2023-04-21T14:37:58.312+0530: 13744.795: Total time for which application threads were stopped: 0.0002598 seconds, Stopping threads took: 0.0000489 seconds
2023-04-21T14:40:03.512+0530: 13869.995: Total time for which application threads were stopped: 0.0001357 seconds, Stopping threads took: 0.0000406 seconds
2023-04-21T14:40:03.513+0530: 13869.996: Total time for which application threads were stopped: 0.0000789 seconds, Stopping threads took: 0.0000138 seconds
2023-04-21T14:40:03.513+0530: 13869.996: Total time for which application threads were stopped: 0.0000844 seconds, Stopping threads took: 0.0000138 seconds
2023-04-21T14:40:03.516+0530: 13869.999: Total time for which application threads were stopped: 0.0001867 seconds, Stopping threads took: 0.0000262 seconds
2023-04-21T14:46:06.269+0530: 14232.752: Total time for which application threads were stopped: 0.0001242 seconds, Stopping threads took: 0.0000435 seconds
2023-04-21T14:46:06.269+0530: 14232.752: Total time for which application threads were stopped: 0.0000630 seconds, Stopping threads took: 0.0000107 seconds
2023-04-21T14:46:06.269+0530: 14232.752: Total time for which application threads were stopped: 0.0000718 seconds, Stopping threads took: 0.0000129 seconds
2023-04-21T14:46:06.271+0530: 14232.754: Total time for which application threads were stopped: 0.0002253 seconds, Stopping threads took: 0.0001609 seconds
2023-04-21T14:46:06.272+0530: 14232.755: Total time for which application threads were stopped: 0.0000757 seconds, Stopping threads took: 0.0000190 seconds
2023-04-21T14:46:06.272+0530: 14232.755: Total time for which application threads were stopped: 0.0000662 seconds, Stopping threads took: 0.0000126 seconds
2023-04-21T14:46:06.274+0530: 14232.757: Total time for which application threads were stopped: 0.0000761 seconds, Stopping threads took: 0.0000188 seconds
2023-04-21T14:46:06.274+0530: 14232.757: Total time for which application threads were stopped: 0.0000432 seconds, Stopping threads took: 0.0000095 seconds
2023-04-21T14:46:06.274+0530: 14232.757: Total time for which application threads were stopped: 0.0000967 seconds, Stopping threads took: 0.0000185 seconds
2023-04-21T14:46:06.275+0530: 14232.758: Total time for which application threads were stopped: 0.0000989 seconds, Stopping threads took: 0.0000221 seconds
2023-04-21T14:46:06.276+0530: 14232.759: Total time for which application threads were stopped: 0.0000637 seconds, Stopping threads took: 0.0000118 seconds
2023-04-21T14:46:06.277+0530: 14232.760: Total time for which application threads were stopped: 0.0001406 seconds, Stopping threads took: 0.0000410 seconds
2023-04-21T14:46:06.278+0530: 14232.761: Total time for which application threads were stopped: 0.0000943 seconds, Stopping threads took: 0.0000280 seconds
2023-04-21T14:46:07.278+0530: 14233.761: Total time for which application threads were stopped: 0.0002661 seconds, Stopping threads took: 0.0000583 seconds
2023-04-21T14:47:05.815+0530: 14292.298: Total time for which application threads were stopped: 0.0002172 seconds, Stopping threads took: 0.0000679 seconds
2023-04-21T14:47:05.815+0530: 14292.298: Total time for which application threads were stopped: 0.0001077 seconds, Stopping threads took: 0.0000201 seconds
2023-04-21T14:47:05.816+0530: 14292.299: Total time for which application threads were stopped: 0.0001168 seconds, Stopping threads took: 0.0000189 seconds
2023-04-21T14:47:05.820+0530: 14292.303: Total time for which application threads were stopped: 0.0001750 seconds, Stopping threads took: 0.0000423 seconds
2023-04-21T14:47:05.820+0530: 14292.303: Total time for which application threads were stopped: 0.0002645 seconds, Stopping threads took: 0.0001469 seconds
2023-04-21T14:47:05.821+0530: 14292.304: Total time for which application threads were stopped: 0.0001156 seconds, Stopping threads took: 0.0000245 seconds
2023-04-21T14:47:05.822+0530: 14292.305: Total time for which application threads were stopped: 0.0000881 seconds, Stopping threads took: 0.0000180 seconds
2023-04-21T14:47:05.822+0530: 14292.305: Total time for which application threads were stopped: 0.0000852 seconds, Stopping threads took: 0.0000158 seconds
2023-04-21T14:47:05.822+0530: 14292.305: Total time for which application threads were stopped: 0.0001875 seconds, Stopping threads took: 0.0000338 seconds
2023-04-21T14:47:05.827+0530: 14292.310: Total time for which application threads were stopped: 0.0002058 seconds, Stopping threads took: 0.0000911 seconds
2023-04-21T14:47:05.827+0530: 14292.310: Total time for which application threads were stopped: 0.0001040 seconds, Stopping threads took: 0.0000169 seconds
2023-04-21T14:49:32.397+0530: 14438.880: Total time for which application threads were stopped: 0.0001345 seconds, Stopping threads took: 0.0000394 seconds
2023-04-21T14:49:32.397+0530: 14438.880: Total time for which application threads were stopped: 0.0000623 seconds, Stopping threads took: 0.0000106 seconds
2023-04-21T14:49:32.398+0530: 14438.881: Total time for which application threads were stopped: 0.0000981 seconds, Stopping threads took: 0.0000312 seconds
2023-04-21T14:49:32.399+0530: 14438.882: Total time for which application threads were stopped: 0.0001294 seconds, Stopping threads took: 0.0000515 seconds
2023-04-21T14:49:32.401+0530: 14438.884: Total time for which application threads were stopped: 0.0003329 seconds, Stopping threads took: 0.0001253 seconds
2023-04-21T14:49:50.205+0530: 14456.688: Total time for which application threads were stopped: 0.0001644 seconds, Stopping threads took: 0.0000445 seconds
2023-04-21T14:49:50.205+0530: 14456.688: Total time for which application threads were stopped: 0.0000739 seconds, Stopping threads took: 0.0000131 seconds
2023-04-21T14:49:50.206+0530: 14456.689: Total time for which application threads were stopped: 0.0000880 seconds, Stopping threads took: 0.0000139 seconds
2023-04-21T14:49:50.209+0530: 14456.692: Total time for which application threads were stopped: 0.0001316 seconds, Stopping threads took: 0.0000318 seconds
2023-04-21T14:49:50.209+0530: 14456.692: Total time for which application threads were stopped: 0.0000877 seconds, Stopping threads took: 0.0000188 seconds
2023-04-21T14:50:15.554+0530: 14482.037: Total time for which application threads were stopped: 0.0001654 seconds, Stopping threads took: 0.0000645 seconds
2023-04-21T14:50:15.554+0530: 14482.037: Total time for which application threads were stopped: 0.0000717 seconds, Stopping threads took: 0.0000141 seconds
2023-04-21T14:50:15.554+0530: 14482.037: Total time for which application threads were stopped: 0.0000897 seconds, Stopping threads took: 0.0000151 seconds
2023-04-21T14:50:15.557+0530: 14482.040: Total time for which application threads were stopped: 0.0001164 seconds, Stopping threads took: 0.0000373 seconds
2023-04-21T14:50:15.557+0530: 14482.040: Total time for which application threads were stopped: 0.0000781 seconds, Stopping threads took: 0.0000171 seconds
2023-04-21T14:50:15.558+0530: 14482.041: Total time for which application threads were stopped: 0.0001522 seconds, Stopping threads took: 0.0000840 seconds
2023-04-21T14:50:15.558+0530: 14482.041: Total time for which application threads were stopped: 0.0000654 seconds, Stopping threads took: 0.0000169 seconds
2023-04-21T14:50:15.559+0530: 14482.042: Total time for which application threads were stopped: 0.0000588 seconds, Stopping threads took: 0.0000097 seconds
2023-04-21T14:50:15.560+0530: 14482.043: Total time for which application threads were stopped: 0.0000768 seconds, Stopping threads took: 0.0000179 seconds
2023-04-21T14:50:15.560+0530: 14482.043: Total time for which application threads were stopped: 0.0000517 seconds, Stopping threads took: 0.0000134 seconds
2023-04-21T14:50:15.560+0530: 14482.043: Total time for which application threads were stopped: 0.0000794 seconds, Stopping threads took: 0.0000427 seconds
2023-04-21T14:50:15.560+0530: 14482.043: Total time for which application threads were stopped: 0.0000545 seconds, Stopping threads took: 0.0000199 seconds
2023-04-21T14:50:15.562+0530: 14482.045: Total time for which application threads were stopped: 0.0001135 seconds, Stopping threads took: 0.0000392 seconds
2023-04-21T14:50:15.562+0530: 14482.045: Total time for which application threads were stopped: 0.0000752 seconds, Stopping threads took: 0.0000137 seconds
2023-04-21T14:51:02.517+0530: 14529.000: Total time for which application threads were stopped: 0.0002018 seconds, Stopping threads took: 0.0000641 seconds
2023-04-21T14:51:02.517+0530: 14529.000: Total time for which application threads were stopped: 0.0001120 seconds, Stopping threads took: 0.0000216 seconds
2023-04-21T14:51:02.517+0530: 14529.000: Total time for which application threads were stopped: 0.0000870 seconds, Stopping threads took: 0.0000181 seconds
2023-04-21T14:51:02.518+0530: 14529.001: Total time for which application threads were stopped: 0.0001197 seconds, Stopping threads took: 0.0000209 seconds
2023-04-21T14:51:02.521+0530: 14529.004: Total time for which application threads were stopped: 0.0002540 seconds, Stopping threads took: 0.0001149 seconds
2023-04-21T14:51:02.521+0530: 14529.004: Total time for which application threads were stopped: 0.0001639 seconds, Stopping threads took: 0.0000771 seconds
2023-04-21T14:54:30.561+0530: 14737.044: Total time for which application threads were stopped: 0.0001460 seconds, Stopping threads took: 0.0000462 seconds
2023-04-21T14:54:30.561+0530: 14737.044: Total time for which application threads were stopped: 0.0001338 seconds, Stopping threads took: 0.0000171 seconds
2023-04-21T14:54:30.561+0530: 14737.044: Total time for which application threads were stopped: 0.0000887 seconds, Stopping threads took: 0.0000158 seconds
2023-04-21T14:54:30.564+0530: 14737.047: Total time for which application threads were stopped: 0.0001515 seconds, Stopping threads took: 0.0000465 seconds
2023-04-21T14:54:30.565+0530: 14737.048: Total time for which application threads were stopped: 0.0000993 seconds, Stopping threads took: 0.0000197 seconds
2023-04-21T14:54:41.875+0530: 14748.358: Total time for which application threads were stopped: 0.0001789 seconds, Stopping threads took: 0.0000545 seconds
2023-04-21T14:54:41.876+0530: 14748.359: Total time for which application threads were stopped: 0.0001096 seconds, Stopping threads took: 0.0000209 seconds
2023-04-21T14:54:41.876+0530: 14748.359: Total time for which application threads were stopped: 0.0001158 seconds, Stopping threads took: 0.0000202 seconds
2023-04-21T14:54:41.880+0530: 14748.363: Total time for which application threads were stopped: 0.0002594 seconds, Stopping threads took: 0.0000593 seconds
2023-04-21T14:54:41.882+0530: 14748.365: Total time for which application threads were stopped: 0.0001418 seconds, Stopping threads took: 0.0000362 seconds
2023-04-21T14:54:41.882+0530: 14748.365: Total time for which application threads were stopped: 0.0001090 seconds, Stopping threads took: 0.0000268 seconds
2023-04-21T14:54:41.883+0530: 14748.366: Total time for which application threads were stopped: 0.0001736 seconds, Stopping threads took: 0.0000601 seconds
2023-04-21T14:54:41.885+0530: 14748.368: Total time for which application threads were stopped: 0.0001503 seconds, Stopping threads took: 0.0000333 seconds
2023-04-21T14:54:41.887+0530: 14748.370: Total time for which application threads were stopped: 0.0002139 seconds, Stopping threads took: 0.0000995 seconds
2023-04-21T14:54:41.887+0530: 14748.370: Total time for which application threads were stopped: 0.0001800 seconds, Stopping threads took: 0.0000914 seconds
2023-04-21T14:55:26.981+0530: 14793.464: Total time for which application threads were stopped: 0.0002402 seconds, Stopping threads took: 0.0000708 seconds
2023-04-21T14:55:26.981+0530: 14793.464: Total time for which application threads were stopped: 0.0001258 seconds, Stopping threads took: 0.0000214 seconds
2023-04-21T14:55:26.982+0530: 14793.465: Total time for which application threads were stopped: 0.0002699 seconds, Stopping threads took: 0.0001303 seconds
2023-04-21T14:55:26.984+0530: 14793.467: Total time for which application threads were stopped: 0.0001327 seconds, Stopping threads took: 0.0000283 seconds
2023-04-21T14:55:26.986+0530: 14793.469: Total time for which application threads were stopped: 0.0001724 seconds, Stopping threads took: 0.0000278 seconds
2023-04-21T14:55:26.986+0530: 14793.469: Total time for which application threads were stopped: 0.0001241 seconds, Stopping threads took: 0.0000196 seconds
2023-04-21T14:55:26.987+0530: 14793.470: Total time for which application threads were stopped: 0.0000810 seconds, Stopping threads took: 0.0000173 seconds
2023-04-21T14:55:26.987+0530: 14793.470: Total time for which application threads were stopped: 0.0000776 seconds, Stopping threads took: 0.0000159 seconds
2023-04-21T14:55:26.988+0530: 14793.471: Total time for which application threads were stopped: 0.0000853 seconds, Stopping threads took: 0.0000145 seconds
2023-04-21T14:55:26.991+0530: 14793.474: Total time for which application threads were stopped: 0.0002440 seconds, Stopping threads took: 0.0001295 seconds
2023-04-21T14:55:26.991+0530: 14793.474: Total time for which application threads were stopped: 0.0001515 seconds, Stopping threads took: 0.0000616 seconds
2023-04-21T14:56:19.874+0530: 14846.357: Total time for which application threads were stopped: 0.0001947 seconds, Stopping threads took: 0.0000663 seconds
2023-04-21T14:56:19.874+0530: 14846.357: Total time for which application threads were stopped: 0.0001162 seconds, Stopping threads took: 0.0000291 seconds
2023-04-21T14:56:19.875+0530: 14846.358: Total time for which application threads were stopped: 0.0002443 seconds, Stopping threads took: 0.0001512 seconds
2023-04-21T14:56:19.875+0530: 14846.358: Total time for which application threads were stopped: 0.0002118 seconds, Stopping threads took: 0.0001304 seconds
2023-04-21T14:56:19.878+0530: 14846.361: Total time for which application threads were stopped: 0.0002110 seconds, Stopping threads took: 0.0001028 seconds
2023-04-21T14:56:19.879+0530: 14846.362: Total time for which application threads were stopped: 0.0001183 seconds, Stopping threads took: 0.0000400 seconds
2023-04-21T14:56:20.879+0530: 14847.362: Total time for which application threads were stopped: 0.0001355 seconds, Stopping threads took: 0.0000302 seconds
2023-04-21T14:59:33.853+0530: 15040.336: Total time for which application threads were stopped: 0.0001349 seconds, Stopping threads took: 0.0000394 seconds
2023-04-21T14:59:33.853+0530: 15040.336: Total time for which application threads were stopped: 0.0000652 seconds, Stopping threads took: 0.0000104 seconds
2023-04-21T14:59:33.854+0530: 15040.337: Total time for which application threads were stopped: 0.0000854 seconds, Stopping threads took: 0.0000143 seconds
2023-04-21T14:59:33.856+0530: 15040.339: Total time for which application threads were stopped: 0.0001540 seconds, Stopping threads took: 0.0000386 seconds
2023-04-21T14:59:33.857+0530: 15040.340: Total time for which application threads were stopped: 0.0001074 seconds, Stopping threads took: 0.0000244 seconds
2023-04-21T14:59:33.858+0530: 15040.341: Total time for which application threads were stopped: 0.0001236 seconds, Stopping threads took: 0.0000465 seconds
2023-04-21T14:59:33.858+0530: 15040.341: Total time for which application threads were stopped: 0.0000942 seconds, Stopping threads took: 0.0000414 seconds
2023-04-21T14:59:33.858+0530: 15040.341: Total time for which application threads were stopped: 0.0000862 seconds, Stopping threads took: 0.0000237 seconds
2023-04-21T14:59:33.860+0530: 15040.343: Total time for which application threads were stopped: 0.0000977 seconds, Stopping threads took: 0.0000313 seconds
2023-04-21T14:59:33.861+0530: 15040.344: Total time for which application threads were stopped: 0.0002061 seconds, Stopping threads took: 0.0000410 seconds
2023-04-21T15:01:27.853+0530: 15154.336: Total time for which application threads were stopped: 0.0002596 seconds, Stopping threads took: 0.0000770 seconds
2023-04-21T15:01:27.854+0530: 15154.337: Total time for which application threads were stopped: 0.0001405 seconds, Stopping threads took: 0.0000253 seconds
2023-04-21T15:01:27.854+0530: 15154.337: Total time for which application threads were stopped: 0.0001261 seconds, Stopping threads took: 0.0000212 seconds
2023-04-21T15:01:27.858+0530: 15154.341: Total time for which application threads were stopped: 0.0002445 seconds, Stopping threads took: 0.0001174 seconds
2023-04-21T15:01:27.859+0530: 15154.342: Total time for which application threads were stopped: 0.0002250 seconds, Stopping threads took: 0.0001142 seconds
2023-04-21T15:01:27.860+0530: 15154.343: Total time for which application threads were stopped: 0.0001650 seconds, Stopping threads took: 0.0000749 seconds
2023-04-21T15:01:27.860+0530: 15154.343: Total time for which application threads were stopped: 0.0001097 seconds, Stopping threads took: 0.0000274 seconds
2023-04-21T15:01:27.861+0530: 15154.344: Total time for which application threads were stopped: 0.0002289 seconds, Stopping threads took: 0.0000250 seconds
2023-04-21T15:01:27.865+0530: 15154.348: Total time for which application threads were stopped: 0.0001748 seconds, Stopping threads took: 0.0000268 seconds
2023-04-21T15:01:27.865+0530: 15154.348: Total time for which application threads were stopped: 0.0001674 seconds, Stopping threads took: 0.0000627 seconds
2023-04-21T15:06:54.538+0530: 15481.021: Total time for which application threads were stopped: 0.0001469 seconds, Stopping threads took: 0.0000432 seconds
2023-04-21T15:06:54.538+0530: 15481.021: Total time for which application threads were stopped: 0.0000783 seconds, Stopping threads took: 0.0000141 seconds
2023-04-21T15:06:54.539+0530: 15481.022: Total time for which application threads were stopped: 0.0000871 seconds, Stopping threads took: 0.0000144 seconds
2023-04-21T15:06:54.540+0530: 15481.023: Total time for which application threads were stopped: 0.0000872 seconds, Stopping threads took: 0.0000178 seconds
2023-04-21T15:06:54.540+0530: 15481.023: Total time for which application threads were stopped: 0.0001803 seconds, Stopping threads took: 0.0001159 seconds
2023-04-21T15:06:54.541+0530: 15481.024: Total time for which application threads were stopped: 0.0000845 seconds, Stopping threads took: 0.0000391 seconds
2023-04-21T15:06:54.541+0530: 15481.024: Total time for which application threads were stopped: 0.0000492 seconds, Stopping threads took: 0.0000114 seconds
2023-04-21T15:06:54.541+0530: 15481.024: Total time for which application threads were stopped: 0.0000540 seconds, Stopping threads took: 0.0000063 seconds
2023-04-21T15:06:54.541+0530: 15481.024: Total time for which application threads were stopped: 0.0000482 seconds, Stopping threads took: 0.0000073 seconds
2023-04-21T15:06:54.541+0530: 15481.024: Total time for which application threads were stopped: 0.0002579 seconds, Stopping threads took: 0.0000073 seconds
2023-04-21T15:06:54.544+0530: 15481.027: Total time for which application threads were stopped: 0.0001071 seconds, Stopping threads took: 0.0000251 seconds
2023-04-21T15:06:54.544+0530: 15481.027: Total time for which application threads were stopped: 0.0000639 seconds, Stopping threads took: 0.0000088 seconds
2023-04-21T15:06:54.545+0530: 15481.028: Total time for which application threads were stopped: 0.0000567 seconds, Stopping threads took: 0.0000112 seconds
2023-04-21T15:06:54.545+0530: 15481.028: Total time for which application threads were stopped: 0.0000495 seconds, Stopping threads took: 0.0000098 seconds
2023-04-21T15:06:54.545+0530: 15481.028: Total time for which application threads were stopped: 0.0000373 seconds, Stopping threads took: 0.0000069 seconds
2023-04-21T15:06:54.545+0530: 15481.028: Total time for which application threads were stopped: 0.0000435 seconds, Stopping threads took: 0.0000072 seconds
2023-04-21T15:06:54.548+0530: 15481.031: Total time for which application threads were stopped: 0.0000675 seconds, Stopping threads took: 0.0000132 seconds
2023-04-21T15:06:54.548+0530: 15481.031: Total time for which application threads were stopped: 0.0000505 seconds, Stopping threads took: 0.0000084 seconds
2023-04-21T15:07:15.262+0530: 15501.745: Total time for which application threads were stopped: 0.0002057 seconds, Stopping threads took: 0.0000717 seconds
2023-04-21T15:07:15.263+0530: 15501.746: Total time for which application threads were stopped: 0.0001290 seconds, Stopping threads took: 0.0000284 seconds
2023-04-21T15:07:15.263+0530: 15501.746: Total time for which application threads were stopped: 0.0000993 seconds, Stopping threads took: 0.0000259 seconds
2023-04-21T15:07:15.266+0530: 15501.749: Total time for which application threads were stopped: 0.0002428 seconds, Stopping threads took: 0.0000493 seconds
2023-04-21T15:07:15.267+0530: 15501.750: Total time for which application threads were stopped: 0.0001686 seconds, Stopping threads took: 0.0001051 seconds
2023-04-21T15:07:15.267+0530: 15501.750: Total time for which application threads were stopped: 0.0000863 seconds, Stopping threads took: 0.0000357 seconds
2023-04-21T15:07:15.268+0530: 15501.751: Total time for which application threads were stopped: 0.0000922 seconds, Stopping threads took: 0.0000210 seconds
2023-04-21T15:07:15.271+0530: 15501.754: Total time for which application threads were stopped: 0.0001185 seconds, Stopping threads took: 0.0000280 seconds
2023-04-21T15:07:15.271+0530: 15501.754: Total time for which application threads were stopped: 0.0001030 seconds, Stopping threads took: 0.0000200 seconds
2023-04-21T15:07:36.684+0530: 15523.167: Total time for which application threads were stopped: 0.0001974 seconds, Stopping threads took: 0.0000607 seconds
2023-04-21T15:07:36.684+0530: 15523.167: Total time for which application threads were stopped: 0.0001165 seconds, Stopping threads took: 0.0000217 seconds
2023-04-21T15:07:36.685+0530: 15523.168: Total time for which application threads were stopped: 0.0001415 seconds, Stopping threads took: 0.0000280 seconds
2023-04-21T15:07:36.686+0530: 15523.169: Total time for which application threads were stopped: 0.0001146 seconds, Stopping threads took: 0.0000185 seconds
2023-04-21T15:07:36.688+0530: 15523.171: Total time for which application threads were stopped: 0.0001638 seconds, Stopping threads took: 0.0000565 seconds
2023-04-21T15:07:36.688+0530: 15523.171: Total time for which application threads were stopped: 0.0001181 seconds, Stopping threads took: 0.0000466 seconds
2023-04-21T15:07:36.689+0530: 15523.172: Total time for which application threads were stopped: 0.0000795 seconds, Stopping threads took: 0.0000160 seconds
2023-04-21T15:07:36.689+0530: 15523.172: Total time for which application threads were stopped: 0.0000664 seconds, Stopping threads took: 0.0000123 seconds
2023-04-21T15:07:36.690+0530: 15523.173: Total time for which application threads were stopped: 0.0000770 seconds, Stopping threads took: 0.0000137 seconds
2023-04-21T15:07:36.692+0530: 15523.175: Total time for which application threads were stopped: 0.0000938 seconds, Stopping threads took: 0.0000185 seconds
2023-04-21T15:07:36.693+0530: 15523.176: Total time for which application threads were stopped: 0.0000665 seconds, Stopping threads took: 0.0000107 seconds
2023-04-21T15:10:46.919+0530: 15713.402: Total time for which application threads were stopped: 0.0001467 seconds, Stopping threads took: 0.0000534 seconds
2023-04-21T15:10:46.919+0530: 15713.402: Total time for which application threads were stopped: 0.0000862 seconds, Stopping threads took: 0.0000244 seconds
2023-04-21T15:10:46.919+0530: 15713.402: Total time for which application threads were stopped: 0.0000971 seconds, Stopping threads took: 0.0000199 seconds
2023-04-21T15:10:46.920+0530: 15713.403: Total time for which application threads were stopped: 0.0000934 seconds, Stopping threads took: 0.0000233 seconds
2023-04-21T15:10:46.921+0530: 15713.404: Total time for which application threads were stopped: 0.0000762 seconds, Stopping threads took: 0.0000187 seconds
2023-04-21T15:10:46.922+0530: 15713.405: Total time for which application threads were stopped: 0.0001069 seconds, Stopping threads took: 0.0000419 seconds
2023-04-21T15:10:46.923+0530: 15713.406: Total time for which application threads were stopped: 0.0001073 seconds, Stopping threads took: 0.0000333 seconds
2023-04-21T15:10:46.924+0530: 15713.407: Total time for which application threads were stopped: 0.0000973 seconds, Stopping threads took: 0.0000197 seconds
2023-04-21T15:10:46.924+0530: 15713.407: Total time for which application threads were stopped: 0.0000715 seconds, Stopping threads took: 0.0000164 seconds
2023-04-21T15:10:46.924+0530: 15713.407: Total time for which application threads were stopped: 0.0000749 seconds, Stopping threads took: 0.0000161 seconds
2023-04-21T15:10:46.926+0530: 15713.409: Total time for which application threads were stopped: 0.0000855 seconds, Stopping threads took: 0.0000155 seconds
2023-04-21T15:10:46.926+0530: 15713.409: Total time for which application threads were stopped: 0.0000735 seconds, Stopping threads took: 0.0000105 seconds
2023-04-21T15:11:27.867+0530: 15754.350: Total time for which application threads were stopped: 0.0002287 seconds, Stopping threads took: 0.0000526 seconds
2023-04-21T15:11:27.867+0530: 15754.350: Total time for which application threads were stopped: 0.0001076 seconds, Stopping threads took: 0.0000218 seconds
2023-04-21T15:11:27.868+0530: 15754.351: Total time for which application threads were stopped: 0.0001175 seconds, Stopping threads took: 0.0000209 seconds
2023-04-21T15:11:27.870+0530: 15754.353: Total time for which application threads were stopped: 0.0001245 seconds, Stopping threads took: 0.0000317 seconds
2023-04-21T15:11:27.871+0530: 15754.354: Total time for which application threads were stopped: 0.0001885 seconds, Stopping threads took: 0.0001013 seconds
2023-04-21T15:12:07.797+0530: 15794.280: Total time for which application threads were stopped: 0.0001809 seconds, Stopping threads took: 0.0000602 seconds
2023-04-21T15:12:07.798+0530: 15794.281: Total time for which application threads were stopped: 0.0000909 seconds, Stopping threads took: 0.0000185 seconds
2023-04-21T15:12:07.798+0530: 15794.281: Total time for which application threads were stopped: 0.0000880 seconds, Stopping threads took: 0.0000165 seconds
2023-04-21T15:12:07.801+0530: 15794.284: Total time for which application threads were stopped: 0.0001407 seconds, Stopping threads took: 0.0000442 seconds
2023-04-21T15:12:07.801+0530: 15794.284: Total time for which application threads were stopped: 0.0001593 seconds, Stopping threads took: 0.0000895 seconds
2023-04-21T15:12:21.626+0530: 15808.109: Total time for which application threads were stopped: 0.0001965 seconds, Stopping threads took: 0.0000645 seconds
2023-04-21T15:12:21.626+0530: 15808.109: Total time for which application threads were stopped: 0.0001021 seconds, Stopping threads took: 0.0000188 seconds
2023-04-21T15:12:21.627+0530: 15808.110: Total time for which application threads were stopped: 0.0000763 seconds, Stopping threads took: 0.0000114 seconds
2023-04-21T15:12:21.630+0530: 15808.113: Total time for which application threads were stopped: 0.0003281 seconds, Stopping threads took: 0.0000608 seconds
2023-04-21T15:12:21.631+0530: 15808.114: Total time for which application threads were stopped: 0.0002142 seconds, Stopping threads took: 0.0001405 seconds
2023-04-21T15:12:21.632+0530: 15808.115: Total time for which application threads were stopped: 0.0002171 seconds, Stopping threads took: 0.0001379 seconds
2023-04-21T15:12:21.632+0530: 15808.115: Total time for which application threads were stopped: 0.0001813 seconds, Stopping threads took: 0.0001201 seconds
2023-04-21T15:12:21.635+0530: 15808.118: Total time for which application threads were stopped: 0.0001927 seconds, Stopping threads took: 0.0001163 seconds
2023-04-21T15:12:21.635+0530: 15808.118: Total time for which application threads were stopped: 0.0001090 seconds, Stopping threads took: 0.0000406 seconds
2023-04-21T15:12:22.635+0530: 15809.118: Total time for which application threads were stopped: 0.0002181 seconds, Stopping threads took: 0.0000504 seconds
2023-04-21T15:15:42.833+0530: 16009.316: Total time for which application threads were stopped: 0.0001371 seconds, Stopping threads took: 0.0000431 seconds
2023-04-21T15:15:42.833+0530: 16009.316: Total time for which application threads were stopped: 0.0000658 seconds, Stopping threads took: 0.0000133 seconds
2023-04-21T15:15:42.833+0530: 16009.316: Total time for which application threads were stopped: 0.0000637 seconds, Stopping threads took: 0.0000101 seconds
2023-04-21T15:15:42.836+0530: 16009.319: Total time for which application threads were stopped: 0.0001085 seconds, Stopping threads took: 0.0000246 seconds
2023-04-21T15:15:42.836+0530: 16009.319: Total time for which application threads were stopped: 0.0000900 seconds, Stopping threads took: 0.0000182 seconds
2023-04-21T15:15:42.837+0530: 16009.320: Total time for which application threads were stopped: 0.0000952 seconds, Stopping threads took: 0.0000211 seconds
2023-04-21T15:15:42.837+0530: 16009.320: Total time for which application threads were stopped: 0.0000652 seconds, Stopping threads took: 0.0000158 seconds
2023-04-21T15:15:42.837+0530: 16009.320: Total time for which application threads were stopped: 0.0000711 seconds, Stopping threads took: 0.0000147 seconds
2023-04-21T15:15:42.840+0530: 16009.323: Total time for which application threads were stopped: 0.0001168 seconds, Stopping threads took: 0.0000287 seconds
2023-04-21T15:15:42.841+0530: 16009.324: Total time for which application threads were stopped: 0.0000858 seconds, Stopping threads took: 0.0000167 seconds
2023-04-21T15:16:07.740+0530: 16034.223: Total time for which application threads were stopped: 0.0002327 seconds, Stopping threads took: 0.0000637 seconds
2023-04-21T15:16:07.740+0530: 16034.223: Total time for which application threads were stopped: 0.0001223 seconds, Stopping threads took: 0.0000230 seconds
2023-04-21T15:16:07.740+0530: 16034.223: Total time for which application threads were stopped: 0.0001080 seconds, Stopping threads took: 0.0000200 seconds
2023-04-21T15:16:07.741+0530: 16034.224: Total time for which application threads were stopped: 0.0001548 seconds, Stopping threads took: 0.0000537 seconds
2023-04-21T15:16:07.744+0530: 16034.227: Total time for which application threads were stopped: 0.0001072 seconds, Stopping threads took: 0.0000205 seconds
2023-04-21T15:16:07.744+0530: 16034.227: Total time for which application threads were stopped: 0.0000921 seconds, Stopping threads took: 0.0000159 seconds
2023-04-21T15:16:07.745+0530: 16034.228: Total time for which application threads were stopped: 0.0000747 seconds, Stopping threads took: 0.0000145 seconds
2023-04-21T15:16:07.745+0530: 16034.228: Total time for which application threads were stopped: 0.0000624 seconds, Stopping threads took: 0.0000112 seconds
2023-04-21T15:16:07.746+0530: 16034.229: Total time for which application threads were stopped: 0.0001034 seconds, Stopping threads took: 0.0000201 seconds
2023-04-21T15:16:07.748+0530: 16034.231: Total time for which application threads were stopped: 0.0002226 seconds, Stopping threads took: 0.0001288 seconds
2023-04-21T15:16:07.749+0530: 16034.232: Total time for which application threads were stopped: 0.0001919 seconds, Stopping threads took: 0.0001072 seconds
2023-04-21T15:16:16.046+0530: 16042.529: Total time for which application threads were stopped: 0.0001792 seconds, Stopping threads took: 0.0000585 seconds
2023-04-21T15:16:16.047+0530: 16042.529: Total time for which application threads were stopped: 0.0000899 seconds, Stopping threads took: 0.0000171 seconds
2023-04-21T15:16:16.047+0530: 16042.530: Total time for which application threads were stopped: 0.0001173 seconds, Stopping threads took: 0.0000199 seconds
2023-04-21T15:16:16.050+0530: 16042.533: Total time for which application threads were stopped: 0.0002336 seconds, Stopping threads took: 0.0000229 seconds
2023-04-21T15:16:16.051+0530: 16042.534: Total time for which application threads were stopped: 0.0000822 seconds, Stopping threads took: 0.0000158 seconds
2023-04-21T15:16:16.051+0530: 16042.534: Total time for which application threads were stopped: 0.0000746 seconds, Stopping threads took: 0.0000141 seconds
2023-04-21T15:16:16.052+0530: 16042.535: Total time for which application threads were stopped: 0.0000962 seconds, Stopping threads took: 0.0000139 seconds
2023-04-21T15:16:16.053+0530: 16042.536: Total time for which application threads were stopped: 0.0001245 seconds, Stopping threads took: 0.0000182 seconds
2023-04-21T15:16:16.055+0530: 16042.538: Total time for which application threads were stopped: 0.0001189 seconds, Stopping threads took: 0.0000278 seconds
2023-04-21T15:16:16.055+0530: 16042.538: Total time for which application threads were stopped: 0.0000947 seconds, Stopping threads took: 0.0000191 seconds
2023-04-21T15:16:26.001+0530: 16052.484: Total time for which application threads were stopped: 0.0001163 seconds, Stopping threads took: 0.0000518 seconds
2023-04-21T15:16:26.001+0530: 16052.484: Total time for which application threads were stopped: 0.0000622 seconds, Stopping threads took: 0.0000073 seconds
2023-04-21T15:16:26.002+0530: 16052.485: Total time for which application threads were stopped: 0.0000673 seconds, Stopping threads took: 0.0000122 seconds
2023-04-21T15:16:26.003+0530: 16052.486: Total time for which application threads were stopped: 0.0000727 seconds, Stopping threads took: 0.0000139 seconds
2023-04-21T15:16:26.004+0530: 16052.487: Total time for which application threads were stopped: 0.0000782 seconds, Stopping threads took: 0.0000071 seconds
2023-04-21T15:16:26.004+0530: 16052.487: Total time for which application threads were stopped: 0.0000571 seconds, Stopping threads took: 0.0000067 seconds
2023-04-21T15:16:26.004+0530: 16052.487: Total time for which application threads were stopped: 0.0000309 seconds, Stopping threads took: 0.0000056 seconds
2023-04-21T15:16:26.005+0530: 16052.488: Total time for which application threads were stopped: 0.0000971 seconds, Stopping threads took: 0.0000053 seconds
2023-04-21T15:16:26.007+0530: 16052.490: Total time for which application threads were stopped: 0.0001005 seconds, Stopping threads took: 0.0000193 seconds
2023-04-21T15:16:26.007+0530: 16052.490: Total time for which application threads were stopped: 0.0001730 seconds, Stopping threads took: 0.0000998 seconds
2023-04-21T15:19:04.915+0530: 16211.398: Total time for which application threads were stopped: 0.0001449 seconds, Stopping threads took: 0.0000421 seconds
2023-04-21T15:19:04.915+0530: 16211.398: Total time for which application threads were stopped: 0.0000765 seconds, Stopping threads took: 0.0000143 seconds
2023-04-21T15:19:04.915+0530: 16211.398: Total time for which application threads were stopped: 0.0000757 seconds, Stopping threads took: 0.0000145 seconds
2023-04-21T15:19:04.916+0530: 16211.399: Total time for which application threads were stopped: 0.0000916 seconds, Stopping threads took: 0.0000147 seconds
2023-04-21T15:19:04.919+0530: 16211.402: Total time for which application threads were stopped: 0.0001755 seconds, Stopping threads took: 0.0000889 seconds
2023-04-21T15:19:04.919+0530: 16211.402: Total time for which application threads were stopped: 0.0001067 seconds, Stopping threads took: 0.0000457 seconds
2023-04-21T15:19:04.920+0530: 16211.403: Total time for which application threads were stopped: 0.0001522 seconds, Stopping threads took: 0.0000833 seconds
2023-04-21T15:19:04.920+0530: 16211.403: Total time for which application threads were stopped: 0.0000598 seconds, Stopping threads took: 0.0000108 seconds
2023-04-21T15:19:04.920+0530: 16211.403: Total time for which application threads were stopped: 0.0000815 seconds, Stopping threads took: 0.0000148 seconds
2023-04-21T15:19:04.921+0530: 16211.404: Total time for which application threads were stopped: 0.0000726 seconds, Stopping threads took: 0.0000166 seconds
2023-04-21T15:19:04.923+0530: 16211.406: Total time for which application threads were stopped: 0.0001761 seconds, Stopping threads took: 0.0000899 seconds
2023-04-21T15:19:04.923+0530: 16211.406: Total time for which application threads were stopped: 0.0001440 seconds, Stopping threads took: 0.0000771 seconds
2023-04-21T15:19:54.306+0530: 16260.789: Total time for which application threads were stopped: 0.0002969 seconds, Stopping threads took: 0.0000829 seconds
2023-04-21T15:19:54.307+0530: 16260.790: Total time for which application threads were stopped: 0.0001803 seconds, Stopping threads took: 0.0000351 seconds
2023-04-21T15:19:54.307+0530: 16260.790: Total time for which application threads were stopped: 0.0001683 seconds, Stopping threads took: 0.0000257 seconds
2023-04-21T15:19:54.311+0530: 16260.794: Total time for which application threads were stopped: 0.0001708 seconds, Stopping threads took: 0.0000393 seconds
2023-04-21T15:19:54.312+0530: 16260.795: Total time for which application threads were stopped: 0.0001631 seconds, Stopping threads took: 0.0000349 seconds
2023-04-21T15:19:54.313+0530: 16260.796: Total time for which application threads were stopped: 0.0001255 seconds, Stopping threads took: 0.0000364 seconds
2023-04-21T15:19:54.313+0530: 16260.796: Total time for which application threads were stopped: 0.0001178 seconds, Stopping threads took: 0.0000281 seconds
2023-04-21T15:19:54.314+0530: 16260.797: Total time for which application threads were stopped: 0.0001286 seconds, Stopping threads took: 0.0000287 seconds
2023-04-21T15:19:54.317+0530: 16260.800: Total time for which application threads were stopped: 0.0001295 seconds, Stopping threads took: 0.0000280 seconds
2023-04-21T15:19:54.317+0530: 16260.800: Total time for which application threads were stopped: 0.0002889 seconds, Stopping threads took: 0.0001895 seconds
2023-04-21T15:20:35.963+0530: 16302.446: Total time for which application threads were stopped: 0.0001765 seconds, Stopping threads took: 0.0000545 seconds
2023-04-21T15:20:35.963+0530: 16302.446: Total time for which application threads were stopped: 0.0001074 seconds, Stopping threads took: 0.0000208 seconds
2023-04-21T15:20:35.964+0530: 16302.447: Total time for which application threads were stopped: 0.0001195 seconds, Stopping threads took: 0.0000214 seconds
2023-04-21T15:20:35.965+0530: 16302.448: Total time for which application threads were stopped: 0.0002351 seconds, Stopping threads took: 0.0001133 seconds
2023-04-21T15:20:35.966+0530: 16302.449: Total time for which application threads were stopped: 0.0001115 seconds, Stopping threads took: 0.0000194 seconds
2023-04-21T15:20:35.966+0530: 16302.449: Total time for which application threads were stopped: 0.0002645 seconds, Stopping threads took: 0.0001627 seconds
2023-04-21T15:20:35.966+0530: 16302.449: Total time for which application threads were stopped: 0.0001209 seconds, Stopping threads took: 0.0000292 seconds
2023-04-21T15:20:35.967+0530: 16302.450: Total time for which application threads were stopped: 0.0001238 seconds, Stopping threads took: 0.0000281 seconds
2023-04-21T15:20:35.967+0530: 16302.450: Total time for which application threads were stopped: 0.0002075 seconds, Stopping threads took: 0.0001058 seconds
2023-04-21T15:20:35.967+0530: 16302.450: Total time for which application threads were stopped: 0.0001815 seconds, Stopping threads took: 0.0001112 seconds
2023-04-21T15:20:35.967+0530: 16302.450: Total time for which application threads were stopped: 0.0000832 seconds, Stopping threads took: 0.0000169 seconds
2023-04-21T15:20:35.968+0530: 16302.451: Total time for which application threads were stopped: 0.0002481 seconds, Stopping threads took: 0.0001028 seconds
2023-04-21T15:20:35.970+0530: 16302.453: Total time for which application threads were stopped: 0.0004038 seconds, Stopping threads took: 0.0000496 seconds
2023-04-21T15:20:35.972+0530: 16302.455: Total time for which application threads were stopped: 0.0001384 seconds, Stopping threads took: 0.0000296 seconds
2023-04-21T15:20:35.972+0530: 16302.455: Total time for which application threads were stopped: 0.0000868 seconds, Stopping threads took: 0.0000139 seconds
2023-04-21T15:20:35.972+0530: 16302.455: Total time for which application threads were stopped: 0.0000874 seconds, Stopping threads took: 0.0000123 seconds
2023-04-21T15:20:35.976+0530: 16302.459: Total time for which application threads were stopped: 0.0001913 seconds, Stopping threads took: 0.0000738 seconds
2023-04-21T15:20:35.976+0530: 16302.459: Total time for which application threads were stopped: 0.0001449 seconds, Stopping threads took: 0.0000296 seconds
2023-04-21T15:21:11.519+0530: 16338.002: Total time for which application threads were stopped: 0.0001531 seconds, Stopping threads took: 0.0000506 seconds
2023-04-21T15:21:11.519+0530: 16338.002: Total time for which application threads were stopped: 0.0000691 seconds, Stopping threads took: 0.0000167 seconds
2023-04-21T15:21:11.520+0530: 16338.003: Total time for which application threads were stopped: 0.0000776 seconds, Stopping threads took: 0.0000130 seconds
2023-04-21T15:21:11.522+0530: 16338.005: Total time for which application threads were stopped: 0.0001863 seconds, Stopping threads took: 0.0000959 seconds
2023-04-21T15:21:11.523+0530: 16338.006: Total time for which application threads were stopped: 0.0001957 seconds, Stopping threads took: 0.0000889 seconds
2023-04-21T15:21:11.523+0530: 16338.006: Total time for which application threads were stopped: 0.0000616 seconds, Stopping threads took: 0.0000115 seconds
2023-04-21T15:21:11.523+0530: 16338.006: Total time for which application threads were stopped: 0.0000547 seconds, Stopping threads took: 0.0000101 seconds
2023-04-21T15:21:11.524+0530: 16338.007: Total time for which application threads were stopped: 0.0000605 seconds, Stopping threads took: 0.0000104 seconds
2023-04-21T15:21:11.526+0530: 16338.009: Total time for which application threads were stopped: 0.0001643 seconds, Stopping threads took: 0.0000915 seconds
2023-04-21T15:21:11.527+0530: 16338.010: Total time for which application threads were stopped: 0.0002025 seconds, Stopping threads took: 0.0001206 seconds
2023-04-21T15:21:59.233+0530: 16385.716: Total time for which application threads were stopped: 0.0001890 seconds, Stopping threads took: 0.0000592 seconds
2023-04-21T15:21:59.234+0530: 16385.717: Total time for which application threads were stopped: 0.0001171 seconds, Stopping threads took: 0.0000122 seconds
2023-04-21T15:21:59.234+0530: 16385.717: Total time for which application threads were stopped: 0.0000716 seconds, Stopping threads took: 0.0000113 seconds
2023-04-21T15:21:59.234+0530: 16385.717: Total time for which application threads were stopped: 0.0001019 seconds, Stopping threads took: 0.0000161 seconds
2023-04-21T15:21:59.238+0530: 16385.721: Total time for which application threads were stopped: 0.0001361 seconds, Stopping threads took: 0.0000315 seconds
2023-04-21T15:21:59.238+0530: 16385.721: Total time for which application threads were stopped: 0.0001101 seconds, Stopping threads took: 0.0000250 seconds
2023-04-21T15:21:59.239+0530: 16385.722: Total time for which application threads were stopped: 0.0002132 seconds, Stopping threads took: 0.0001277 seconds
2023-04-21T15:21:59.239+0530: 16385.722: Total time for which application threads were stopped: 0.0002047 seconds, Stopping threads took: 0.0001265 seconds
2023-04-21T15:21:59.240+0530: 16385.723: Total time for which application threads were stopped: 0.0000980 seconds, Stopping threads took: 0.0000174 seconds
2023-04-21T15:21:59.243+0530: 16385.726: Total time for which application threads were stopped: 0.0001603 seconds, Stopping threads took: 0.0000482 seconds
2023-04-21T15:21:59.243+0530: 16385.726: Total time for which application threads were stopped: 0.0000982 seconds, Stopping threads took: 0.0000211 seconds
2023-04-21T15:22:28.359+0530: 16414.842: Total time for which application threads were stopped: 0.0001494 seconds, Stopping threads took: 0.0000466 seconds
2023-04-21T15:22:28.359+0530: 16414.842: Total time for which application threads were stopped: 0.0000796 seconds, Stopping threads took: 0.0000145 seconds
2023-04-21T15:22:28.360+0530: 16414.843: Total time for which application threads were stopped: 0.0000866 seconds, Stopping threads took: 0.0000143 seconds
2023-04-21T15:22:28.362+0530: 16414.845: Total time for which application threads were stopped: 0.0003067 seconds, Stopping threads took: 0.0000577 seconds
2023-04-21T15:22:28.364+0530: 16414.847: Total time for which application threads were stopped: 0.0001075 seconds, Stopping threads took: 0.0000292 seconds
2023-04-21T15:22:28.364+0530: 16414.847: Total time for which application threads were stopped: 0.0000614 seconds, Stopping threads took: 0.0000133 seconds
2023-04-21T15:22:28.364+0530: 16414.847: Total time for which application threads were stopped: 0.0001108 seconds, Stopping threads took: 0.0000181 seconds
2023-04-21T15:22:28.367+0530: 16414.850: Total time for which application threads were stopped: 0.0001311 seconds, Stopping threads took: 0.0000262 seconds
2023-04-21T15:22:28.367+0530: 16414.850: Total time for which application threads were stopped: 0.0003102 seconds, Stopping threads took: 0.0002145 seconds
2023-04-21T15:23:20.834+0530: 16467.317: Total time for which application threads were stopped: 0.0001453 seconds, Stopping threads took: 0.0000432 seconds
2023-04-21T15:23:20.834+0530: 16467.317: Total time for which application threads were stopped: 0.0000880 seconds, Stopping threads took: 0.0000166 seconds
2023-04-21T15:23:20.835+0530: 16467.318: Total time for which application threads were stopped: 0.0000919 seconds, Stopping threads took: 0.0000150 seconds
2023-04-21T15:23:20.836+0530: 16467.319: Total time for which application threads were stopped: 0.0001320 seconds, Stopping threads took: 0.0000296 seconds
2023-04-21T15:23:20.838+0530: 16467.321: Total time for which application threads were stopped: 0.0000975 seconds, Stopping threads took: 0.0000234 seconds
2023-04-21T15:23:20.839+0530: 16467.322: Total time for which application threads were stopped: 0.0001433 seconds, Stopping threads took: 0.0000807 seconds
2023-04-21T15:23:20.840+0530: 16467.323: Total time for which application threads were stopped: 0.0001537 seconds, Stopping threads took: 0.0000835 seconds
2023-04-21T15:23:20.840+0530: 16467.323: Total time for which application threads were stopped: 0.0001931 seconds, Stopping threads took: 0.0001362 seconds
2023-04-21T15:23:20.840+0530: 16467.323: Total time for which application threads were stopped: 0.0001653 seconds, Stopping threads took: 0.0001025 seconds
2023-04-21T15:23:20.841+0530: 16467.324: Total time for which application threads were stopped: 0.0000607 seconds, Stopping threads took: 0.0000100 seconds
2023-04-21T15:23:20.841+0530: 16467.324: Total time for which application threads were stopped: 0.0000795 seconds, Stopping threads took: 0.0000162 seconds
2023-04-21T15:23:20.843+0530: 16467.326: Total time for which application threads were stopped: 0.0000820 seconds, Stopping threads took: 0.0000128 seconds
2023-04-21T15:23:20.843+0530: 16467.326: Total time for which application threads were stopped: 0.0000573 seconds, Stopping threads took: 0.0000094 seconds
2023-04-21T15:23:21.843+0530: 16468.326: Total time for which application threads were stopped: 0.0002706 seconds, Stopping threads took: 0.0000561 seconds
2023-04-21T15:24:17.831+0530: 16524.314: Total time for which application threads were stopped: 0.0001906 seconds, Stopping threads took: 0.0000580 seconds
2023-04-21T15:24:17.831+0530: 16524.314: Total time for which application threads were stopped: 0.0001030 seconds, Stopping threads took: 0.0000195 seconds
2023-04-21T15:24:17.831+0530: 16524.314: Total time for which application threads were stopped: 0.0001024 seconds, Stopping threads took: 0.0000192 seconds
2023-04-21T15:24:17.832+0530: 16524.315: Total time for which application threads were stopped: 0.0001141 seconds, Stopping threads took: 0.0000193 seconds
2023-04-21T15:24:17.835+0530: 16524.318: Total time for which application threads were stopped: 0.0001313 seconds, Stopping threads took: 0.0000330 seconds
2023-04-21T15:24:17.835+0530: 16524.318: Total time for which application threads were stopped: 0.0001636 seconds, Stopping threads took: 0.0000897 seconds
2023-04-21T15:24:27.684+0530: 16534.167: Total time for which application threads were stopped: 0.0001272 seconds, Stopping threads took: 0.0000379 seconds
2023-04-21T15:24:27.684+0530: 16534.167: Total time for which application threads were stopped: 0.0000684 seconds, Stopping threads took: 0.0000129 seconds
2023-04-21T15:24:27.685+0530: 16534.168: Total time for which application threads were stopped: 0.0000703 seconds, Stopping threads took: 0.0000114 seconds
2023-04-21T15:24:27.686+0530: 16534.169: Total time for which application threads were stopped: 0.0002096 seconds, Stopping threads took: 0.0001142 seconds
2023-04-21T15:24:27.688+0530: 16534.171: Total time for which application threads were stopped: 0.0001071 seconds, Stopping threads took: 0.0000254 seconds
2023-04-21T15:24:27.688+0530: 16534.171: Total time for which application threads were stopped: 0.0001457 seconds, Stopping threads took: 0.0000783 seconds
2023-04-21T15:24:37.682+0530: 16544.165: Total time for which application threads were stopped: 0.0002633 seconds, Stopping threads took: 0.0000849 seconds
2023-04-21T15:24:37.682+0530: 16544.165: Total time for which application threads were stopped: 0.0001260 seconds, Stopping threads took: 0.0000206 seconds
2023-04-21T15:24:37.683+0530: 16544.166: Total time for which application threads were stopped: 0.0001424 seconds, Stopping threads took: 0.0000202 seconds
2023-04-21T15:24:37.687+0530: 16544.170: Total time for which application threads were stopped: 0.0003214 seconds, Stopping threads took: 0.0000294 seconds
2023-04-21T15:24:37.688+0530: 16544.171: Total time for which application threads were stopped: 0.0000979 seconds, Stopping threads took: 0.0000219 seconds
2023-04-21T15:24:37.688+0530: 16544.171: Total time for which application threads were stopped: 0.0000807 seconds, Stopping threads took: 0.0000160 seconds
2023-04-21T15:24:37.689+0530: 16544.172: Total time for which application threads were stopped: 0.0001764 seconds, Stopping threads took: 0.0001004 seconds
2023-04-21T15:24:37.690+0530: 16544.173: Total time for which application threads were stopped: 0.0001045 seconds, Stopping threads took: 0.0000244 seconds
2023-04-21T15:24:37.692+0530: 16544.175: Total time for which application threads were stopped: 0.0001847 seconds, Stopping threads took: 0.0001002 seconds
2023-04-21T15:24:37.692+0530: 16544.175: Total time for which application threads were stopped: 0.0000952 seconds, Stopping threads took: 0.0000178 seconds
2023-04-21T15:25:30.221+0530: 16596.704: Total time for which application threads were stopped: 0.0001400 seconds, Stopping threads took: 0.0000456 seconds
2023-04-21T15:25:30.221+0530: 16596.704: Total time for which application threads were stopped: 0.0000958 seconds, Stopping threads took: 0.0000232 seconds
2023-04-21T15:25:30.221+0530: 16596.704: Total time for which application threads were stopped: 0.0000865 seconds, Stopping threads took: 0.0000192 seconds
2023-04-21T15:25:30.224+0530: 16596.707: Total time for which application threads were stopped: 0.0001354 seconds, Stopping threads took: 0.0000306 seconds
2023-04-21T15:25:30.224+0530: 16596.707: Total time for which application threads were stopped: 0.0001415 seconds, Stopping threads took: 0.0000575 seconds
2023-04-21T15:25:30.225+0530: 16596.708: Total time for which application threads were stopped: 0.0000759 seconds, Stopping threads took: 0.0000185 seconds
2023-04-21T15:25:30.226+0530: 16596.708: Total time for which application threads were stopped: 0.0000742 seconds, Stopping threads took: 0.0000224 seconds
2023-04-21T15:25:30.226+0530: 16596.709: Total time for which application threads were stopped: 0.0002175 seconds, Stopping threads took: 0.0000767 seconds
2023-04-21T15:25:30.229+0530: 16596.712: Total time for which application threads were stopped: 0.0001595 seconds, Stopping threads took: 0.0000625 seconds
2023-04-21T15:25:30.229+0530: 16596.712: Total time for which application threads were stopped: 0.0000965 seconds, Stopping threads took: 0.0000263 seconds
2023-04-21T15:26:46.857+0530: 16673.340: Total time for which application threads were stopped: 0.0001838 seconds, Stopping threads took: 0.0000555 seconds
2023-04-21T15:26:46.857+0530: 16673.340: Total time for which application threads were stopped: 0.0000793 seconds, Stopping threads took: 0.0000148 seconds
2023-04-21T15:26:46.858+0530: 16673.341: Total time for which application threads were stopped: 0.0000776 seconds, Stopping threads took: 0.0000135 seconds
2023-04-21T15:26:46.858+0530: 16673.341: Total time for which application threads were stopped: 0.0001173 seconds, Stopping threads took: 0.0000227 seconds
2023-04-21T15:26:46.860+0530: 16673.343: Total time for which application threads were stopped: 0.0002274 seconds, Stopping threads took: 0.0001467 seconds
2023-04-21T15:26:46.861+0530: 16673.344: Total time for which application threads were stopped: 0.0001190 seconds, Stopping threads took: 0.0000300 seconds
2023-04-21T15:26:46.862+0530: 16673.345: Total time for which application threads were stopped: 0.0001183 seconds, Stopping threads took: 0.0000375 seconds
2023-04-21T15:26:46.863+0530: 16673.346: Total time for which application threads were stopped: 0.0001158 seconds, Stopping threads took: 0.0000380 seconds
2023-04-21T15:26:46.863+0530: 16673.346: Total time for which application threads were stopped: 0.0002171 seconds, Stopping threads took: 0.0001424 seconds
2023-04-21T15:26:46.864+0530: 16673.347: Total time for which application threads were stopped: 0.0001922 seconds, Stopping threads took: 0.0001206 seconds
2023-04-21T15:26:46.866+0530: 16673.349: Total time for which application threads were stopped: 0.0001107 seconds, Stopping threads took: 0.0000246 seconds
2023-04-21T15:26:46.866+0530: 16673.349: Total time for which application threads were stopped: 0.0000979 seconds, Stopping threads took: 0.0000346 seconds
2023-04-21T15:29:36.913+0530: 16843.396: Total time for which application threads were stopped: 0.0001385 seconds, Stopping threads took: 0.0000422 seconds
2023-04-21T15:29:36.913+0530: 16843.396: Total time for which application threads were stopped: 0.0000781 seconds, Stopping threads took: 0.0000141 seconds
2023-04-21T15:29:36.913+0530: 16843.396: Total time for which application threads were stopped: 0.0000997 seconds, Stopping threads took: 0.0000252 seconds
2023-04-21T15:29:36.916+0530: 16843.399: Total time for which application threads were stopped: 0.0001973 seconds, Stopping threads took: 0.0000289 seconds
2023-04-21T15:29:36.917+0530: 16843.400: Total time for which application threads were stopped: 0.0001277 seconds, Stopping threads took: 0.0000353 seconds
2023-04-21T15:29:36.917+0530: 16843.400: Total time for which application threads were stopped: 0.0000792 seconds, Stopping threads took: 0.0000194 seconds
2023-04-21T15:29:36.918+0530: 16843.401: Total time for which application threads were stopped: 0.0002275 seconds, Stopping threads took: 0.0001592 seconds
2023-04-21T15:29:36.919+0530: 16843.402: Total time for which application threads were stopped: 0.0003393 seconds, Stopping threads took: 0.0000721 seconds
2023-04-21T15:29:36.921+0530: 16843.404: Total time for which application threads were stopped: 0.0001741 seconds, Stopping threads took: 0.0000928 seconds
2023-04-21T15:29:36.921+0530: 16843.404: Total time for which application threads were stopped: 0.0000920 seconds, Stopping threads took: 0.0000282 seconds
2023-04-21T15:30:17.452+0530: 16883.935: Total time for which application threads were stopped: 0.0001776 seconds, Stopping threads took: 0.0000552 seconds
2023-04-21T15:30:17.452+0530: 16883.935: Total time for which application threads were stopped: 0.0001024 seconds, Stopping threads took: 0.0000162 seconds
2023-04-21T15:30:17.453+0530: 16883.936: Total time for which application threads were stopped: 0.0000912 seconds, Stopping threads took: 0.0000154 seconds
2023-04-21T15:30:17.455+0530: 16883.938: Total time for which application threads were stopped: 0.0001571 seconds, Stopping threads took: 0.0000443 seconds
2023-04-21T15:30:17.456+0530: 16883.939: Total time for which application threads were stopped: 0.0000948 seconds, Stopping threads took: 0.0000185 seconds
2023-04-21T15:30:17.456+0530: 16883.939: Total time for which application threads were stopped: 0.0000835 seconds, Stopping threads took: 0.0000194 seconds
2023-04-21T15:30:17.457+0530: 16883.940: Total time for which application threads were stopped: 0.0000625 seconds, Stopping threads took: 0.0000138 seconds
2023-04-21T15:30:17.457+0530: 16883.940: Total time for which application threads were stopped: 0.0000868 seconds, Stopping threads took: 0.0000221 seconds
2023-04-21T15:30:17.459+0530: 16883.942: Total time for which application threads were stopped: 0.0001743 seconds, Stopping threads took: 0.0001025 seconds
2023-04-21T15:30:17.460+0530: 16883.943: Total time for which application threads were stopped: 0.0001700 seconds, Stopping threads took: 0.0001081 seconds
2023-04-21T15:39:22.157+0530: 17428.640: Total time for which application threads were stopped: 0.0001243 seconds, Stopping threads took: 0.0000391 seconds
2023-04-21T1