OpenJDK 64-Bit Server VM (25.362-b09) for linux-amd64 JRE (1.8.0_362-8u362-ga-0ubuntu1~22.04-b09), built on Jan 24 2023 19:02:58 by "buildd" with gcc 11.3.0
Memory: 4k page, physical 32636936k(24539340k free), swap 2097148k(2097148k free)
CommandLine flags: -XX:CMSInitiatingOccupancyFraction=50 -XX:CMSMaxAbortablePrecleanTime=6000 -XX:+CMSParallelRemarkEnabled -XX:+CMSScavengeBeforeRemark -XX:ConcGCThreads=4 -XX:InitialHeapSize=536870912 -XX:MaxHeapSize=536870912 -XX:MaxTenuringThreshold=8 -XX:NewRatio=3 -XX:OldPLABSize=16 -XX:ParallelGCThreads=4 -XX:+ParallelRefProcEnabled -XX:PretenureSizeThreshold=67108864 -XX:+PrintGC -XX:+PrintGCApplicationStoppedTime -XX:+PrintGCDateStamps -XX:+PrintGCDetails -XX:+PrintGCTimeStamps -XX:+PrintHeapAtGC -XX:+PrintTenuringDistribution -XX:SurvivorRatio=4 -XX:TargetSurvivorRatio=90 -XX:ThreadStackSize=256 -XX:+UseCMSInitiatingOccupancyOnly -XX:+UseCompressedClassPointers -XX:+UseCompressedOops -XX:+UseConcMarkSweepGC -XX:+UseParNewGC 
2023-04-14T18:14:40.877+0530: 0.067: Total time for which application threads were stopped: 0.0000763 seconds, Stopping threads took: 0.0000246 seconds
2023-04-14T18:14:40.968+0530: 0.158: Total time for which application threads were stopped: 0.0001119 seconds, Stopping threads took: 0.0000085 seconds
2023-04-14T18:14:41.011+0530: 0.202: Total time for which application threads were stopped: 0.0000931 seconds, Stopping threads took: 0.0000091 seconds
2023-04-14T18:14:41.054+0530: 0.245: Total time for which application threads were stopped: 0.0001081 seconds, Stopping threads took: 0.0000102 seconds
2023-04-14T18:14:41.082+0530: 0.272: Total time for which application threads were stopped: 0.0001224 seconds, Stopping threads took: 0.0000110 seconds
2023-04-14T18:14:41.092+0530: 0.282: Total time for which application threads were stopped: 0.0001314 seconds, Stopping threads took: 0.0000142 seconds
2023-04-14T18:14:41.099+0530: 0.290: Total time for which application threads were stopped: 0.0001493 seconds, Stopping threads took: 0.0000270 seconds
{Heap before GC invocations=0 (full 0):
 par new generation   total 109248K, used 87424K [0x00000000e0000000, 0x00000000e8000000, 0x00000000e8000000)
  eden space 87424K, 100% used [0x00000000e0000000, 0x00000000e5560000, 0x00000000e5560000)
  from space 21824K,   0% used [0x00000000e5560000, 0x00000000e5560000, 0x00000000e6ab0000)
  to   space 21824K,   0% used [0x00000000e6ab0000, 0x00000000e6ab0000, 0x00000000e8000000)
 concurrent mark-sweep generation total 393216K, used 0K [0x00000000e8000000, 0x0000000100000000, 0x0000000100000000)
 Metaspace       used 10242K, capacity 10392K, committed 10496K, reserved 1058816K
  class space    used 1164K, capacity 1208K, committed 1280K, reserved 1048576K
2023-04-14T18:14:41.222+0530: 0.413: [GC (Allocation Failure) 2023-04-14T18:14:41.222+0530: 0.413: [ParNew
Desired survivor size 20112992 bytes, new threshold 8 (max 8)
- age   1:    5749328 bytes,    5749328 total
: 87424K->5681K(109248K), 0.0041715 secs] 87424K->5681K(502464K), 0.0042450 secs] [Times: user=0.02 sys=0.00, real=0.01 secs] 
Heap after GC invocations=1 (full 0):
 par new generation   total 109248K, used 5681K [0x00000000e0000000, 0x00000000e8000000, 0x00000000e8000000)
  eden space 87424K,   0% used [0x00000000e0000000, 0x00000000e0000000, 0x00000000e5560000)
  from space 21824K,  26% used [0x00000000e6ab0000, 0x00000000e703c610, 0x00000000e8000000)
  to   space 21824K,   0% used [0x00000000e5560000, 0x00000000e5560000, 0x00000000e6ab0000)
 concurrent mark-sweep generation total 393216K, used 0K [0x00000000e8000000, 0x0000000100000000, 0x0000000100000000)
 Metaspace       used 10242K, capacity 10392K, committed 10496K, reserved 1058816K
  class space    used 1164K, capacity 1208K, committed 1280K, reserved 1048576K
}
2023-04-14T18:14:41.226+0530: 0.417: Total time for which application threads were stopped: 0.0043632 seconds, Stopping threads took: 0.0000159 seconds
2023-04-14T18:14:41.259+0530: 0.449: Total time for which application threads were stopped: 0.0001712 seconds, Stopping threads took: 0.0000277 seconds
2023-04-14T18:14:41.281+0530: 0.472: Total time for which application threads were stopped: 0.0001572 seconds, Stopping threads took: 0.0000108 seconds
2023-04-14T18:14:41.357+0530: 0.547: Total time for which application threads were stopped: 0.0002084 seconds, Stopping threads took: 0.0000151 seconds
2023-04-14T18:14:41.382+0530: 0.573: Total time for which application threads were stopped: 0.0002287 seconds, Stopping threads took: 0.0000165 seconds
2023-04-14T18:14:41.412+0530: 0.603: Total time for which application threads were stopped: 0.0002127 seconds, Stopping threads took: 0.0000165 seconds
2023-04-14T18:14:41.413+0530: 0.604: Total time for which application threads were stopped: 0.0001603 seconds, Stopping threads took: 0.0000112 seconds
2023-04-14T18:14:41.456+0530: 0.647: Total time for which application threads were stopped: 0.0001953 seconds, Stopping threads took: 0.0000144 seconds
2023-04-14T18:14:41.499+0530: 0.690: Total time for which application threads were stopped: 0.0002417 seconds, Stopping threads took: 0.0000335 seconds
{Heap before GC invocations=1 (full 0):
 par new generation   total 109248K, used 93105K [0x00000000e0000000, 0x00000000e8000000, 0x00000000e8000000)
  eden space 87424K, 100% used [0x00000000e0000000, 0x00000000e5560000, 0x00000000e5560000)
  from space 21824K,  26% used [0x00000000e6ab0000, 0x00000000e703c610, 0x00000000e8000000)
  to   space 21824K,   0% used [0x00000000e5560000, 0x00000000e5560000, 0x00000000e6ab0000)
 concurrent mark-sweep generation total 393216K, used 0K [0x00000000e8000000, 0x0000000100000000, 0x0000000100000000)
 Metaspace       used 19979K, capacity 20372K, committed 20736K, reserved 1067008K
  class space    used 2335K, capacity 2488K, committed 2560K, reserved 1048576K
2023-04-14T18:14:41.623+0530: 0.814: [GC (Allocation Failure) 2023-04-14T18:14:41.623+0530: 0.814: [ParNew
Desired survivor size 20112992 bytes, new threshold 8 (max 8)
- age   1:    9678120 bytes,    9678120 total
- age   2:    2528400 bytes,   12206520 total
: 93105K->14022K(109248K), 0.0054680 secs] 93105K->14022K(502464K), 0.0055339 secs] [Times: user=0.02 sys=0.01, real=0.01 secs] 
Heap after GC invocations=2 (full 0):
 par new generation   total 109248K, used 14022K [0x00000000e0000000, 0x00000000e8000000, 0x00000000e8000000)
  eden space 87424K,   0% used [0x00000000e0000000, 0x00000000e0000000, 0x00000000e5560000)
  from space 21824K,  64% used [0x00000000e5560000, 0x00000000e6311b18, 0x00000000e6ab0000)
  to   space 21824K,   0% used [0x00000000e6ab0000, 0x00000000e6ab0000, 0x00000000e8000000)
 concurrent mark-sweep generation total 393216K, used 0K [0x00000000e8000000, 0x0000000100000000, 0x0000000100000000)
 Metaspace       used 19979K, capacity 20372K, committed 20736K, reserved 1067008K
  class space    used 2335K, capacity 2488K, committed 2560K, reserved 1048576K
}
2023-04-14T18:14:41.628+0530: 0.819: Total time for which application threads were stopped: 0.0057232 seconds, Stopping threads took: 0.0000474 seconds
2023-04-14T18:14:41.677+0530: 0.868: Total time for which application threads were stopped: 0.0002185 seconds, Stopping threads took: 0.0000161 seconds
2023-04-14T18:14:41.696+0530: 0.886: Total time for which application threads were stopped: 0.0002710 seconds, Stopping threads took: 0.0000348 seconds
2023-04-14T18:14:41.709+0530: 0.900: Total time for which application threads were stopped: 0.0002379 seconds, Stopping threads took: 0.0000306 seconds
2023-04-14T18:14:41.724+0530: 0.915: Total time for which application threads were stopped: 0.0001280 seconds, Stopping threads took: 0.0000436 seconds
2023-04-14T18:14:41.757+0530: 0.947: Total time for which application threads were stopped: 0.0000897 seconds, Stopping threads took: 0.0000214 seconds
{Heap before GC invocations=2 (full 0):
 par new generation   total 109248K, used 101446K [0x00000000e0000000, 0x00000000e8000000, 0x00000000e8000000)
  eden space 87424K, 100% used [0x00000000e0000000, 0x00000000e5560000, 0x00000000e5560000)
  from space 21824K,  64% used [0x00000000e5560000, 0x00000000e6311b18, 0x00000000e6ab0000)
  to   space 21824K,   0% used [0x00000000e6ab0000, 0x00000000e6ab0000, 0x00000000e8000000)
 concurrent mark-sweep generation total 393216K, used 0K [0x00000000e8000000, 0x0000000100000000, 0x0000000100000000)
 Metaspace       used 21323K, capacity 21652K, committed 21884K, reserved 1069056K
  class space    used 2485K, capacity 2616K, committed 2684K, reserved 1048576K
2023-04-14T18:14:41.767+0530: 0.958: [GC (Allocation Failure) 2023-04-14T18:14:41.767+0530: 0.958: [ParNew
Desired survivor size 20112992 bytes, new threshold 8 (max 8)
- age   1:    2508776 bytes,    2508776 total
- age   2:    4368080 bytes,    6876856 total
- age   3:    2498760 bytes,    9375616 total
: 101446K->14810K(109248K), 0.0054645 secs] 101446K->14810K(502464K), 0.0055238 secs] [Times: user=0.02 sys=0.00, real=0.00 secs] 
Heap after GC invocations=3 (full 0):
 par new generation   total 109248K, used 14810K [0x00000000e0000000, 0x00000000e8000000, 0x00000000e8000000)
  eden space 87424K,   0% used [0x00000000e0000000, 0x00000000e0000000, 0x00000000e5560000)
  from space 21824K,  67% used [0x00000000e6ab0000, 0x00000000e7926960, 0x00000000e8000000)
  to   space 21824K,   0% used [0x00000000e5560000, 0x00000000e5560000, 0x00000000e6ab0000)
 concurrent mark-sweep generation total 393216K, used 0K [0x00000000e8000000, 0x0000000100000000, 0x0000000100000000)
 Metaspace       used 21323K, capacity 21652K, committed 21884K, reserved 1069056K
  class space    used 2485K, capacity 2616K, committed 2684K, reserved 1048576K
}
2023-04-14T18:14:41.773+0530: 0.964: Total time for which application threads were stopped: 0.0056381 seconds, Stopping threads took: 0.0000323 seconds
2023-04-14T18:14:41.773+0530: 0.964: [GC (CMS Initial Mark) [1 CMS-initial-mark: 0K(393216K)] 15433K(502464K), 0.0020322 secs] [Times: user=0.01 sys=0.01, real=0.00 secs] 
2023-04-14T18:14:41.775+0530: 0.966: Total time for which application threads were stopped: 0.0021238 seconds, Stopping threads took: 0.0000418 seconds
2023-04-14T18:14:41.775+0530: 0.966: [CMS-concurrent-mark-start]
2023-04-14T18:14:41.776+0530: 0.967: [CMS-concurrent-mark: 0.001/0.001 secs] [Times: user=0.00 sys=0.00, real=0.01 secs] 
2023-04-14T18:14:41.776+0530: 0.967: [CMS-concurrent-preclean-start]
2023-04-14T18:14:41.777+0530: 0.968: [CMS-concurrent-preclean: 0.001/0.001 secs] [Times: user=0.01 sys=0.00, real=0.00 secs] 
2023-04-14T18:14:41.777+0530: 0.968: [CMS-concurrent-abortable-preclean-start]
2023-04-14T18:14:41.790+0530: 0.981: Total time for which application threads were stopped: 0.0001131 seconds, Stopping threads took: 0.0000413 seconds
2023-04-14T18:14:41.806+0530: 0.997: Total time for which application threads were stopped: 0.0000920 seconds, Stopping threads took: 0.0000339 seconds
2023-04-14T18:14:41.837+0530: 1.028: Total time for which application threads were stopped: 0.0001383 seconds, Stopping threads took: 0.0000687 seconds
2023-04-14T18:14:41.837+0530: 1.028: [CMS-concurrent-abortable-preclean: 0.044/0.060 secs] [Times: user=0.36 sys=0.00, real=0.06 secs] 
2023-04-14T18:14:41.838+0530: 1.028: [GC (CMS Final Remark) [YG occupancy: 100000 K (109248 K)]{Heap before GC invocations=3 (full 1):
 par new generation   total 109248K, used 100000K [0x00000000e0000000, 0x00000000e8000000, 0x00000000e8000000)
  eden space 87424K,  97% used [0x00000000e0000000, 0x00000000e5331950, 0x00000000e5560000)
  from space 21824K,  67% used [0x00000000e6ab0000, 0x00000000e7926960, 0x00000000e8000000)
  to   space 21824K,   0% used [0x00000000e5560000, 0x00000000e5560000, 0x00000000e6ab0000)
 concurrent mark-sweep generation total 393216K, used 0K [0x00000000e8000000, 0x0000000100000000, 0x0000000100000000)
 Metaspace       used 22130K, capacity 22522K, committed 22880K, reserved 1069056K
  class space    used 2588K, capacity 2713K, committed 2760K, reserved 1048576K
2023-04-14T18:14:41.838+0530: 1.029: [GC (CMS Final Remark) 2023-04-14T18:14:41.838+0530: 1.029: [ParNew
Desired survivor size 20112992 bytes, new threshold 8 (max 8)
- age   1:    1496832 bytes,    1496832 total
- age   2:    1527728 bytes,    3024560 total
- age   3:    4362440 bytes,    7387000 total
- age   4:    2498648 bytes,    9885648 total
: 100000K->11893K(109248K), 0.0051802 secs] 100000K->11893K(502464K), 0.0052186 secs] [Times: user=0.02 sys=0.00, real=0.00 secs] 
Heap after GC invocations=4 (full 1):
 par new generation   total 109248K, used 11893K [0x00000000e0000000, 0x00000000e8000000, 0x00000000e8000000)
  eden space 87424K,   0% used [0x00000000e0000000, 0x00000000e0000000, 0x00000000e5560000)
  from space 21824K,  54% used [0x00000000e5560000, 0x00000000e60fd570, 0x00000000e6ab0000)
  to   space 21824K,   0% used [0x00000000e6ab0000, 0x00000000e6ab0000, 0x00000000e8000000)
 concurrent mark-sweep generation total 393216K, used 0K [0x00000000e8000000, 0x0000000100000000, 0x0000000100000000)
 Metaspace       used 22130K, capacity 22522K, committed 22880K, reserved 1069056K
  class space    used 2588K, capacity 2713K, committed 2760K, reserved 1048576K
}
2023-04-14T18:14:41.843+0530: 1.034: [Rescan (parallel) , 0.0020497 secs]2023-04-14T18:14:41.845+0530: 1.036: [weak refs processing, 0.0005122 secs]2023-04-14T18:14:41.846+0530: 1.036: [class unloading, 0.0025371 secs]2023-04-14T18:14:41.848+0530: 1.039: [scrub symbol table, 0.0016398 secs]2023-04-14T18:14:41.850+0530: 1.041: [scrub string table, 0.0002856 secs][1 CMS-remark: 0K(393216K)] 11893K(502464K), 0.0128900 secs] [Times: user=0.03 sys=0.00, real=0.01 secs] 
2023-04-14T18:14:41.851+0530: 1.041: Total time for which application threads were stopped: 0.0130428 seconds, Stopping threads took: 0.0000944 seconds
2023-04-14T18:14:41.851+0530: 1.041: [CMS-concurrent-sweep-start]
2023-04-14T18:14:41.851+0530: 1.041: [CMS-concurrent-sweep: 0.000/0.000 secs] [Times: user=0.00 sys=0.00, real=0.00 secs] 
2023-04-14T18:14:41.851+0530: 1.042: [CMS-concurrent-reset-start]
2023-04-14T18:14:41.853+0530: 1.044: [CMS-concurrent-reset: 0.002/0.002 secs] [Times: user=0.00 sys=0.00, real=0.00 secs] 
{Heap before GC invocations=4 (full 1):
 par new generation   total 109248K, used 99317K [0x00000000e0000000, 0x00000000e8000000, 0x00000000e8000000)
  eden space 87424K, 100% used [0x00000000e0000000, 0x00000000e5560000, 0x00000000e5560000)
  from space 21824K,  54% used [0x00000000e5560000, 0x00000000e60fd570, 0x00000000e6ab0000)
  to   space 21824K,   0% used [0x00000000e6ab0000, 0x00000000e6ab0000, 0x00000000e8000000)
 concurrent mark-sweep generation total 393216K, used 0K [0x00000000e8000000, 0x0000000100000000, 0x0000000100000000)
 Metaspace       used 22196K, capacity 22584K, committed 22880K, reserved 1069056K
  class space    used 2601K, capacity 2750K, committed 2760K, reserved 1048576K
2023-04-14T18:14:41.893+0530: 1.084: [GC (Allocation Failure) 2023-04-14T18:14:41.893+0530: 1.084: [ParNew
Desired survivor size 20112992 bytes, new threshold 8 (max 8)
- age   1:     709848 bytes,     709848 total
- age   2:     137720 bytes,     847568 total
- age   3:    1526984 bytes,    2374552 total
- age   4:    4355776 bytes,    6730328 total
- age   5:    2498648 bytes,    9228976 total
: 99317K->12643K(109248K), 0.0050007 secs] 99317K->12643K(502464K), 0.0050506 secs] [Times: user=0.02 sys=0.00, real=0.01 secs] 
Heap after GC invocations=5 (full 1):
 par new generation   total 109248K, used 12643K [0x00000000e0000000, 0x00000000e8000000, 0x00000000e8000000)
  eden space 87424K,   0% used [0x00000000e0000000, 0x00000000e0000000, 0x00000000e5560000)
  from space 21824K,  57% used [0x00000000e6ab0000, 0x00000000e7708e30, 0x00000000e8000000)
  to   space 21824K,   0% used [0x00000000e5560000, 0x00000000e5560000, 0x00000000e6ab0000)
 concurrent mark-sweep generation total 393216K, used 0K [0x00000000e8000000, 0x0000000100000000, 0x0000000100000000)
 Metaspace       used 22196K, capacity 22584K, committed 22880K, reserved 1069056K
  class space    used 2601K, capacity 2750K, committed 2760K, reserved 1048576K
}
2023-04-14T18:14:41.898+0530: 1.089: Total time for which application threads were stopped: 0.0052460 seconds, Stopping threads took: 0.0001009 seconds
{Heap before GC invocations=5 (full 1):
 par new generation   total 109248K, used 100067K [0x00000000e0000000, 0x00000000e8000000, 0x00000000e8000000)
  eden space 87424K, 100% used [0x00000000e0000000, 0x00000000e5560000, 0x00000000e5560000)
  from space 21824K,  57% used [0x00000000e6ab0000, 0x00000000e7708e30, 0x00000000e8000000)
  to   space 21824K,   0% used [0x00000000e5560000, 0x00000000e5560000, 0x00000000e6ab0000)
 concurrent mark-sweep generation total 393216K, used 0K [0x00000000e8000000, 0x0000000100000000, 0x0000000100000000)
 Metaspace       used 22636K, capacity 22944K, committed 23264K, reserved 1069056K
  class space    used 2654K, capacity 2784K, committed 2888K, reserved 1048576K
2023-04-14T18:14:41.957+0530: 1.148: [GC (Allocation Failure) 2023-04-14T18:14:41.957+0530: 1.148: [ParNew
Desired survivor size 20112992 bytes, new threshold 8 (max 8)
- age   1:     874648 bytes,     874648 total
- age   2:     111264 bytes,     985912 total
- age   3:     132280 bytes,    1118192 total
- age   4:    1526440 bytes,    2644632 total
- age   5:    4354840 bytes,    6999472 total
- age   6:    2498648 bytes,    9498120 total
: 100067K->12345K(109248K), 0.0049328 secs] 100067K->12345K(502464K), 0.0050059 secs] [Times: user=0.02 sys=0.00, real=0.00 secs] 
Heap after GC invocations=6 (full 1):
 par new generation   total 109248K, used 12345K [0x00000000e0000000, 0x00000000e8000000, 0x00000000e8000000)
  eden space 87424K,   0% used [0x00000000e0000000, 0x00000000e0000000, 0x00000000e5560000)
  from space 21824K,  56% used [0x00000000e5560000, 0x00000000e616e670, 0x00000000e6ab0000)
  to   space 21824K,   0% used [0x00000000e6ab0000, 0x00000000e6ab0000, 0x00000000e8000000)
 concurrent mark-sweep generation total 393216K, used 0K [0x00000000e8000000, 0x0000000100000000, 0x0000000100000000)
 Metaspace       used 22636K, capacity 22944K, committed 23264K, reserved 1069056K
  class space    used 2654K, capacity 2784K, committed 2888K, reserved 1048576K
}
2023-04-14T18:14:41.962+0530: 1.153: Total time for which application threads were stopped: 0.0051911 seconds, Stopping threads took: 0.0000458 seconds
2023-04-14T18:14:41.977+0530: 1.167: Total time for which application threads were stopped: 0.0002989 seconds, Stopping threads took: 0.0000242 seconds
2023-04-14T18:14:42.110+0530: 1.301: Total time for which application threads were stopped: 0.0003067 seconds, Stopping threads took: 0.0000190 seconds
2023-04-14T18:14:42.120+0530: 1.311: Total time for which application threads were stopped: 0.0003071 seconds, Stopping threads took: 0.0000179 seconds
{Heap before GC invocations=6 (full 1):
 par new generation   total 109248K, used 99769K [0x00000000e0000000, 0x00000000e8000000, 0x00000000e8000000)
  eden space 87424K, 100% used [0x00000000e0000000, 0x00000000e5560000, 0x00000000e5560000)
  from space 21824K,  56% used [0x00000000e5560000, 0x00000000e616e670, 0x00000000e6ab0000)
  to   space 21824K,   0% used [0x00000000e6ab0000, 0x00000000e6ab0000, 0x00000000e8000000)
 concurrent mark-sweep generation total 393216K, used 0K [0x00000000e8000000, 0x0000000100000000, 0x0000000100000000)
 Metaspace       used 26988K, capacity 27378K, committed 27720K, reserved 1073152K
  class space    used 3159K, capacity 3303K, committed 3400K, reserved 1048576K
2023-04-14T18:14:42.290+0530: 1.481: [GC (Allocation Failure) 2023-04-14T18:14:42.290+0530: 1.481: [ParNew
Desired survivor size 20112992 bytes, new threshold 8 (max 8)
- age   1:    9151968 bytes,    9151968 total
- age   2:     162192 bytes,    9314160 total
- age   3:     108880 bytes,    9423040 total
- age   4:     131336 bytes,    9554376 total
- age   5:     306360 bytes,    9860736 total
- age   6:    4341560 bytes,   14202296 total
- age   7:    2498424 bytes,   16700720 total
: 99769K->18184K(109248K), 0.0092514 secs] 99769K->18184K(502464K), 0.0093112 secs] [Times: user=0.04 sys=0.01, real=0.01 secs] 
Heap after GC invocations=7 (full 1):
 par new generation   total 109248K, used 18184K [0x00000000e0000000, 0x00000000e8000000, 0x00000000e8000000)
  eden space 87424K,   0% used [0x00000000e0000000, 0x00000000e0000000, 0x00000000e5560000)
  from space 21824K,  83% used [0x00000000e6ab0000, 0x00000000e7c722c0, 0x00000000e8000000)
  to   space 21824K,   0% used [0x00000000e5560000, 0x00000000e5560000, 0x00000000e6ab0000)
 concurrent mark-sweep generation total 393216K, used 0K [0x00000000e8000000, 0x0000000100000000, 0x0000000100000000)
 Metaspace       used 26988K, capacity 27378K, committed 27720K, reserved 1073152K
  class space    used 3159K, capacity 3303K, committed 3400K, reserved 1048576K
}
2023-04-14T18:14:42.299+0530: 1.490: Total time for which application threads were stopped: 0.0095383 seconds, Stopping threads took: 0.0000517 seconds
2023-04-14T18:14:42.320+0530: 1.511: Total time for which application threads were stopped: 0.0003521 seconds, Stopping threads took: 0.0000202 seconds
2023-04-14T18:14:42.321+0530: 1.512: Total time for which application threads were stopped: 0.0003335 seconds, Stopping threads took: 0.0000326 seconds
2023-04-14T18:14:43.322+0530: 2.512: Total time for which application threads were stopped: 0.0002255 seconds, Stopping threads took: 0.0000431 seconds
2023-04-14T18:14:44.847+0530: 4.038: Total time for which application threads were stopped: 0.0005963 seconds, Stopping threads took: 0.0000352 seconds
2023-04-14T18:14:48.795+0530: 7.986: Total time for which application threads were stopped: 0.0002275 seconds, Stopping threads took: 0.0000449 seconds
2023-04-14T18:14:48.805+0530: 7.996: Total time for which application threads were stopped: 0.0001941 seconds, Stopping threads took: 0.0000626 seconds
2023-04-14T18:14:48.836+0530: 8.027: Total time for which application threads were stopped: 0.0003229 seconds, Stopping threads took: 0.0000121 seconds
2023-04-14T18:14:48.844+0530: 8.034: Total time for which application threads were stopped: 0.0000577 seconds, Stopping threads took: 0.0000160 seconds
2023-04-14T18:14:48.940+0530: 8.131: Total time for which application threads were stopped: 0.0000569 seconds, Stopping threads took: 0.0000148 seconds
2023-04-14T18:14:48.941+0530: 8.131: Total time for which application threads were stopped: 0.0000507 seconds, Stopping threads took: 0.0000177 seconds
2023-04-14T18:14:48.951+0530: 8.142: Total time for which application threads were stopped: 0.0000594 seconds, Stopping threads took: 0.0000177 seconds
2023-04-14T18:14:48.974+0530: 8.165: Total time for which application threads were stopped: 0.0003493 seconds, Stopping threads took: 0.0000144 seconds
2023-04-14T18:14:48.974+0530: 8.165: Total time for which application threads were stopped: 0.0002371 seconds, Stopping threads took: 0.0000091 seconds
2023-04-14T18:14:48.975+0530: 8.166: Total time for which application threads were stopped: 0.0001317 seconds, Stopping threads took: 0.0000942 seconds
2023-04-14T18:14:48.975+0530: 8.166: Total time for which application threads were stopped: 0.0000305 seconds, Stopping threads took: 0.0000071 seconds
2023-04-14T18:14:48.975+0530: 8.166: Total time for which application threads were stopped: 0.0000269 seconds, Stopping threads took: 0.0000066 seconds
2023-04-14T18:14:48.975+0530: 8.166: Total time for which application threads were stopped: 0.0000276 seconds, Stopping threads took: 0.0000067 seconds
2023-04-14T18:14:48.975+0530: 8.166: Total time for which application threads were stopped: 0.0000884 seconds, Stopping threads took: 0.0000654 seconds
2023-04-14T18:14:48.977+0530: 8.168: Total time for which application threads were stopped: 0.0000721 seconds, Stopping threads took: 0.0000313 seconds
2023-04-14T18:14:48.977+0530: 8.168: Total time for which application threads were stopped: 0.0000884 seconds, Stopping threads took: 0.0000302 seconds
2023-04-14T18:14:48.977+0530: 8.168: Total time for which application threads were stopped: 0.0000454 seconds, Stopping threads took: 0.0000097 seconds
2023-04-14T18:14:48.977+0530: 8.168: Total time for which application threads were stopped: 0.0000441 seconds, Stopping threads took: 0.0000076 seconds
2023-04-14T18:14:48.977+0530: 8.168: Total time for which application threads were stopped: 0.0000416 seconds, Stopping threads took: 0.0000143 seconds
2023-04-14T18:14:48.977+0530: 8.168: Total time for which application threads were stopped: 0.0000457 seconds, Stopping threads took: 0.0000161 seconds
2023-04-14T18:14:48.996+0530: 8.186: Total time for which application threads were stopped: 0.0001030 seconds, Stopping threads took: 0.0000305 seconds
2023-04-14T18:14:49.996+0530: 9.187: Total time for which application threads were stopped: 0.0001933 seconds, Stopping threads took: 0.0000436 seconds
2023-04-14T18:14:57.448+0530: 16.639: Total time for which application threads were stopped: 0.0001132 seconds, Stopping threads took: 0.0000381 seconds
2023-04-14T18:14:57.449+0530: 16.640: Total time for which application threads were stopped: 0.0000684 seconds, Stopping threads took: 0.0000171 seconds
2023-04-14T18:14:57.450+0530: 16.641: Total time for which application threads were stopped: 0.0000832 seconds, Stopping threads took: 0.0000198 seconds
2023-04-14T18:14:58.450+0530: 17.641: Total time for which application threads were stopped: 0.0002336 seconds, Stopping threads took: 0.0000605 seconds
2023-04-14T18:15:01.705+0530: 20.896: Total time for which application threads were stopped: 0.0004133 seconds, Stopping threads took: 0.0002227 seconds
2023-04-14T18:15:01.706+0530: 20.896: Total time for which application threads were stopped: 0.0002735 seconds, Stopping threads took: 0.0001294 seconds
2023-04-14T18:15:01.709+0530: 20.900: Total time for which application threads were stopped: 0.0003007 seconds, Stopping threads took: 0.0001311 seconds
2023-04-14T18:15:01.722+0530: 20.913: Total time for which application threads were stopped: 0.0000920 seconds, Stopping threads took: 0.0000273 seconds
2023-04-14T18:15:01.723+0530: 20.914: Total time for which application threads were stopped: 0.0002074 seconds, Stopping threads took: 0.0001274 seconds
2023-04-14T18:15:01.723+0530: 20.914: Total time for which application threads were stopped: 0.0001983 seconds, Stopping threads took: 0.0001358 seconds
2023-04-14T18:15:01.723+0530: 20.914: Total time for which application threads were stopped: 0.0001364 seconds, Stopping threads took: 0.0000869 seconds
2023-04-14T18:15:01.724+0530: 20.915: Total time for which application threads were stopped: 0.0001582 seconds, Stopping threads took: 0.0000673 seconds
2023-04-14T18:15:01.725+0530: 20.916: Total time for which application threads were stopped: 0.0002313 seconds, Stopping threads took: 0.0001632 seconds
2023-04-14T18:15:01.725+0530: 20.916: Total time for which application threads were stopped: 0.0001823 seconds, Stopping threads took: 0.0001273 seconds
2023-04-14T18:15:01.726+0530: 20.917: Total time for which application threads were stopped: 0.0000938 seconds, Stopping threads took: 0.0000398 seconds
2023-04-14T18:15:01.726+0530: 20.917: Total time for which application threads were stopped: 0.0002391 seconds, Stopping threads took: 0.0000248 seconds
2023-04-14T18:15:01.726+0530: 20.917: Total time for which application threads were stopped: 0.0001209 seconds, Stopping threads took: 0.0000604 seconds
2023-04-14T18:15:01.727+0530: 20.917: Total time for which application threads were stopped: 0.0001013 seconds, Stopping threads took: 0.0000405 seconds
2023-04-14T18:15:01.727+0530: 20.918: Total time for which application threads were stopped: 0.0000748 seconds, Stopping threads took: 0.0000306 seconds
2023-04-14T18:15:01.729+0530: 20.920: Total time for which application threads were stopped: 0.0000967 seconds, Stopping threads took: 0.0000295 seconds
2023-04-14T18:15:01.729+0530: 20.920: Total time for which application threads were stopped: 0.0000946 seconds, Stopping threads took: 0.0000425 seconds
2023-04-14T18:15:01.731+0530: 20.921: Total time for which application threads were stopped: 0.0000898 seconds, Stopping threads took: 0.0000358 seconds
2023-04-14T18:15:01.732+0530: 20.923: Total time for which application threads were stopped: 0.0001210 seconds, Stopping threads took: 0.0000360 seconds
2023-04-14T18:15:01.732+0530: 20.923: Total time for which application threads were stopped: 0.0000914 seconds, Stopping threads took: 0.0000278 seconds
2023-04-14T18:15:01.732+0530: 20.923: Total time for which application threads were stopped: 0.0000550 seconds, Stopping threads took: 0.0000222 seconds
2023-04-14T18:15:01.733+0530: 20.923: Total time for which application threads were stopped: 0.0000947 seconds, Stopping threads took: 0.0000339 seconds
2023-04-14T18:15:01.733+0530: 20.923: Total time for which application threads were stopped: 0.0000865 seconds, Stopping threads took: 0.0000339 seconds
2023-04-14T18:15:01.734+0530: 20.925: Total time for which application threads were stopped: 0.0001188 seconds, Stopping threads took: 0.0000508 seconds
2023-04-14T18:15:01.734+0530: 20.925: Total time for which application threads were stopped: 0.0000932 seconds, Stopping threads took: 0.0000416 seconds
2023-04-14T18:15:01.734+0530: 20.925: Total time for which application threads were stopped: 0.0000478 seconds, Stopping threads took: 0.0000098 seconds
2023-04-14T18:15:01.735+0530: 20.925: Total time for which application threads were stopped: 0.0000575 seconds, Stopping threads took: 0.0000307 seconds
2023-04-14T18:15:01.735+0530: 20.925: Total time for which application threads were stopped: 0.0000596 seconds, Stopping threads took: 0.0000219 seconds
2023-04-14T18:15:03.295+0530: 22.486: Total time for which application threads were stopped: 0.0002747 seconds, Stopping threads took: 0.0000614 seconds
2023-04-14T18:15:03.297+0530: 22.487: Total time for which application threads were stopped: 0.0002274 seconds, Stopping threads took: 0.0000691 seconds
2023-04-14T18:15:03.299+0530: 22.490: Total time for which application threads were stopped: 0.0006314 seconds, Stopping threads took: 0.0004441 seconds
2023-04-14T18:15:03.311+0530: 22.502: Total time for which application threads were stopped: 0.0001992 seconds, Stopping threads took: 0.0000970 seconds
2023-04-14T18:15:03.312+0530: 22.503: Total time for which application threads were stopped: 0.0001440 seconds, Stopping threads took: 0.0000467 seconds
2023-04-14T18:15:03.314+0530: 22.504: Total time for which application threads were stopped: 0.0001526 seconds, Stopping threads took: 0.0000442 seconds
2023-04-14T18:15:03.314+0530: 22.505: Total time for which application threads were stopped: 0.0001241 seconds, Stopping threads took: 0.0000250 seconds
2023-04-14T18:15:03.314+0530: 22.505: Total time for which application threads were stopped: 0.0002334 seconds, Stopping threads took: 0.0001691 seconds
2023-04-14T18:15:03.315+0530: 22.506: Total time for which application threads were stopped: 0.0002155 seconds, Stopping threads took: 0.0000957 seconds
2023-04-14T18:15:03.315+0530: 22.506: Total time for which application threads were stopped: 0.0001137 seconds, Stopping threads took: 0.0000472 seconds
2023-04-14T18:15:03.316+0530: 22.506: Total time for which application threads were stopped: 0.0000870 seconds, Stopping threads took: 0.0000245 seconds
2023-04-14T18:15:03.317+0530: 22.507: Total time for which application threads were stopped: 0.0001349 seconds, Stopping threads took: 0.0000557 seconds
2023-04-14T18:15:03.317+0530: 22.508: Total time for which application threads were stopped: 0.0000780 seconds, Stopping threads took: 0.0000194 seconds
2023-04-14T18:15:03.317+0530: 22.508: Total time for which application threads were stopped: 0.0001220 seconds, Stopping threads took: 0.0000653 seconds
2023-04-14T18:15:03.317+0530: 22.508: Total time for which application threads were stopped: 0.0000855 seconds, Stopping threads took: 0.0000336 seconds
2023-04-14T18:15:03.317+0530: 22.508: Total time for which application threads were stopped: 0.0000698 seconds, Stopping threads took: 0.0000308 seconds
2023-04-14T18:15:03.318+0530: 22.509: Total time for which application threads were stopped: 0.0001133 seconds, Stopping threads took: 0.0000545 seconds
2023-04-14T18:15:03.318+0530: 22.509: Total time for which application threads were stopped: 0.0001404 seconds, Stopping threads took: 0.0000690 seconds
2023-04-14T18:15:03.318+0530: 22.509: Total time for which application threads were stopped: 0.0002625 seconds, Stopping threads took: 0.0000953 seconds
2023-04-14T18:15:03.319+0530: 22.510: Total time for which application threads were stopped: 0.0001697 seconds, Stopping threads took: 0.0000697 seconds
2023-04-14T18:15:03.320+0530: 22.511: Total time for which application threads were stopped: 0.0001646 seconds, Stopping threads took: 0.0000554 seconds
2023-04-14T18:15:03.321+0530: 22.511: Total time for which application threads were stopped: 0.0001188 seconds, Stopping threads took: 0.0000384 seconds
2023-04-14T18:15:03.323+0530: 22.513: Total time for which application threads were stopped: 0.0001186 seconds, Stopping threads took: 0.0000434 seconds
2023-04-14T18:15:03.323+0530: 22.513: Total time for which application threads were stopped: 0.0000853 seconds, Stopping threads took: 0.0000311 seconds
2023-04-14T18:15:04.323+0530: 23.514: Total time for which application threads were stopped: 0.0003030 seconds, Stopping threads took: 0.0000631 seconds
2023-04-14T18:15:05.400+0530: 24.591: Total time for which application threads were stopped: 0.0003423 seconds, Stopping threads took: 0.0001518 seconds
2023-04-14T18:15:06.401+0530: 25.592: Total time for which application threads were stopped: 0.0002113 seconds, Stopping threads took: 0.0000482 seconds
2023-04-14T18:15:08.402+0530: 27.592: Total time for which application threads were stopped: 0.0002363 seconds, Stopping threads took: 0.0000582 seconds
2023-04-14T18:15:53.408+0530: 72.599: Total time for which application threads were stopped: 0.0000558 seconds, Stopping threads took: 0.0000169 seconds
2023-04-14T18:15:58.591+0530: 77.782: Total time for which application threads were stopped: 0.0003869 seconds, Stopping threads took: 0.0001901 seconds
2023-04-14T18:15:58.607+0530: 77.797: Total time for which application threads were stopped: 0.0001002 seconds, Stopping threads took: 0.0000241 seconds
2023-04-14T18:16:01.733+0530: 80.924: Total time for which application threads were stopped: 0.0002274 seconds, Stopping threads took: 0.0000879 seconds
2023-04-14T18:16:01.947+0530: 81.137: Total time for which application threads were stopped: 0.0001226 seconds, Stopping threads took: 0.0000526 seconds
2023-04-14T18:16:02.947+0530: 82.138: Total time for which application threads were stopped: 0.0002230 seconds, Stopping threads took: 0.0000582 seconds
2023-04-14T18:16:03.324+0530: 82.514: Total time for which application threads were stopped: 0.0002484 seconds, Stopping threads took: 0.0000671 seconds
2023-04-14T18:16:06.126+0530: 85.317: Total time for which application threads were stopped: 0.0002809 seconds, Stopping threads took: 0.0000937 seconds
2023-04-14T18:16:07.127+0530: 86.317: Total time for which application threads were stopped: 0.0000745 seconds, Stopping threads took: 0.0000205 seconds
2023-04-14T18:16:12.128+0530: 91.318: Total time for which application threads were stopped: 0.0002060 seconds, Stopping threads took: 0.0000831 seconds
2023-04-14T18:16:19.129+0530: 98.320: Total time for which application threads were stopped: 0.0003276 seconds, Stopping threads took: 0.0000939 seconds
2023-04-14T18:17:33.739+0530: 172.930: Total time for which application threads were stopped: 0.0004165 seconds, Stopping threads took: 0.0000134 seconds
2023-04-14T18:17:33.739+0530: 172.930: Total time for which application threads were stopped: 0.0000445 seconds, Stopping threads took: 0.0000083 seconds
2023-04-14T18:17:33.740+0530: 172.930: Total time for which application threads were stopped: 0.0003241 seconds, Stopping threads took: 0.0000062 seconds
2023-04-14T18:17:33.742+0530: 172.933: Total time for which application threads were stopped: 0.0000561 seconds, Stopping threads took: 0.0000239 seconds
2023-04-14T18:17:33.749+0530: 172.940: Total time for which application threads were stopped: 0.0001521 seconds, Stopping threads took: 0.0000981 seconds
2023-04-14T18:17:33.753+0530: 172.944: Total time for which application threads were stopped: 0.0000733 seconds, Stopping threads took: 0.0000140 seconds
Heap
 par new generation   total 109248K, used 57934K [0x00000000e0000000, 0x00000000e8000000, 0x00000000e8000000)
  eden space 87424K,  45% used [0x00000000e0000000, 0x00000000e26d1550, 0x00000000e5560000)
  from space 21824K,  83% used [0x00000000e6ab0000, 0x00000000e7c722c0, 0x00000000e8000000)
  to   space 21824K,   0% used [0x00000000e5560000, 0x00000000e5560000, 0x00000000e6ab0000)
 concurrent mark-sweep generation total 393216K, used 0K [0x00000000e8000000, 0x0000000100000000, 0x0000000100000000)
 Metaspace       used 30311K, capacity 30780K, committed 31176K, reserved 1077248K
  class space    used 3584K, capacity 3746K, committed 3784K, reserved 1048576K
