OpenJDK 64-Bit Server VM (25.362-b09) for linux-amd64 JRE (1.8.0_362-8u362-ga-0ubuntu1~22.04-b09), built on Jan 24 2023 19:02:58 by "buildd" with gcc 11.3.0
Memory: 4k page, physical 32636936k(24646172k free), swap 2097148k(2097148k free)
CommandLine flags: -XX:CMSInitiatingOccupancyFraction=50 -XX:CMSMaxAbortablePrecleanTime=6000 -XX:+CMSParallelRemarkEnabled -XX:+CMSScavengeBeforeRemark -XX:ConcGCThreads=4 -XX:InitialHeapSize=536870912 -XX:MaxHeapSize=536870912 -XX:MaxTenuringThreshold=8 -XX:NewRatio=3 -XX:OldPLABSize=16 -XX:ParallelGCThreads=4 -XX:+ParallelRefProcEnabled -XX:PretenureSizeThreshold=67108864 -XX:+PrintGC -XX:+PrintGCApplicationStoppedTime -XX:+PrintGCDateStamps -XX:+PrintGCDetails -XX:+PrintGCTimeStamps -XX:+PrintHeapAtGC -XX:+PrintTenuringDistribution -XX:SurvivorRatio=4 -XX:TargetSurvivorRatio=90 -XX:ThreadStackSize=256 -XX:+UseCMSInitiatingOccupancyOnly -XX:+UseCompressedClassPointers -XX:+UseCompressedOops -XX:+UseConcMarkSweepGC -XX:+UseParNewGC 
2023-04-14T18:26:05.203+0530: 0.067: Total time for which application threads were stopped: 0.0000704 seconds, Stopping threads took: 0.0000118 seconds
2023-04-14T18:26:05.299+0530: 0.164: Total time for which application threads were stopped: 0.0001050 seconds, Stopping threads took: 0.0000083 seconds
2023-04-14T18:26:05.347+0530: 0.212: Total time for which application threads were stopped: 0.0000885 seconds, Stopping threads took: 0.0000089 seconds
2023-04-14T18:26:05.394+0530: 0.258: Total time for which application threads were stopped: 0.0001055 seconds, Stopping threads took: 0.0000095 seconds
2023-04-14T18:26:05.418+0530: 0.283: Total time for which application threads were stopped: 0.0001304 seconds, Stopping threads took: 0.0000131 seconds
2023-04-14T18:26:05.424+0530: 0.289: Total time for which application threads were stopped: 0.0001356 seconds, Stopping threads took: 0.0000141 seconds
2023-04-14T18:26:05.430+0530: 0.295: Total time for which application threads were stopped: 0.0001410 seconds, Stopping threads took: 0.0000173 seconds
{Heap before GC invocations=0 (full 0):
 par new generation   total 109248K, used 87424K [0x00000000e0000000, 0x00000000e8000000, 0x00000000e8000000)
  eden space 87424K, 100% used [0x00000000e0000000, 0x00000000e5560000, 0x00000000e5560000)
  from space 21824K,   0% used [0x00000000e5560000, 0x00000000e5560000, 0x00000000e6ab0000)
  to   space 21824K,   0% used [0x00000000e6ab0000, 0x00000000e6ab0000, 0x00000000e8000000)
 concurrent mark-sweep generation total 393216K, used 0K [0x00000000e8000000, 0x0000000100000000, 0x0000000100000000)
 Metaspace       used 10243K, capacity 10396K, committed 10496K, reserved 1058816K
  class space    used 1164K, capacity 1208K, committed 1280K, reserved 1048576K
2023-04-14T18:26:05.541+0530: 0.406: [GC (Allocation Failure) 2023-04-14T18:26:05.542+0530: 0.406: [ParNew
Desired survivor size 20112992 bytes, new threshold 8 (max 8)
- age   1:    5747880 bytes,    5747880 total
: 87424K->5670K(109248K), 0.0044804 secs] 87424K->5670K(502464K), 0.0045507 secs] [Times: user=0.02 sys=0.00, real=0.01 secs] 
Heap after GC invocations=1 (full 0):
 par new generation   total 109248K, used 5670K [0x00000000e0000000, 0x00000000e8000000, 0x00000000e8000000)
  eden space 87424K,   0% used [0x00000000e0000000, 0x00000000e0000000, 0x00000000e5560000)
  from space 21824K,  25% used [0x00000000e6ab0000, 0x00000000e7039b08, 0x00000000e8000000)
  to   space 21824K,   0% used [0x00000000e5560000, 0x00000000e5560000, 0x00000000e6ab0000)
 concurrent mark-sweep generation total 393216K, used 0K [0x00000000e8000000, 0x0000000100000000, 0x0000000100000000)
 Metaspace       used 10243K, capacity 10396K, committed 10496K, reserved 1058816K
  class space    used 1164K, capacity 1208K, committed 1280K, reserved 1048576K
}
2023-04-14T18:26:05.546+0530: 0.411: Total time for which application threads were stopped: 0.0046699 seconds, Stopping threads took: 0.0000167 seconds
2023-04-14T18:26:05.584+0530: 0.449: Total time for which application threads were stopped: 0.0001585 seconds, Stopping threads took: 0.0000128 seconds
2023-04-14T18:26:05.607+0530: 0.472: Total time for which application threads were stopped: 0.0001617 seconds, Stopping threads took: 0.0000117 seconds
2023-04-14T18:26:05.686+0530: 0.551: Total time for which application threads were stopped: 0.0001959 seconds, Stopping threads took: 0.0000109 seconds
2023-04-14T18:26:05.711+0530: 0.576: Total time for which application threads were stopped: 0.0002115 seconds, Stopping threads took: 0.0000325 seconds
2023-04-14T18:26:05.742+0530: 0.606: Total time for which application threads were stopped: 0.0002179 seconds, Stopping threads took: 0.0000180 seconds
2023-04-14T18:26:05.742+0530: 0.607: Total time for which application threads were stopped: 0.0001673 seconds, Stopping threads took: 0.0000108 seconds
2023-04-14T18:26:05.786+0530: 0.651: Total time for which application threads were stopped: 0.0002077 seconds, Stopping threads took: 0.0000147 seconds
2023-04-14T18:26:05.828+0530: 0.692: Total time for which application threads were stopped: 0.0002950 seconds, Stopping threads took: 0.0001218 seconds
{Heap before GC invocations=1 (full 0):
 par new generation   total 109248K, used 93094K [0x00000000e0000000, 0x00000000e8000000, 0x00000000e8000000)
  eden space 87424K, 100% used [0x00000000e0000000, 0x00000000e5560000, 0x00000000e5560000)
  from space 21824K,  25% used [0x00000000e6ab0000, 0x00000000e7039b08, 0x00000000e8000000)
  to   space 21824K,   0% used [0x00000000e5560000, 0x00000000e5560000, 0x00000000e6ab0000)
 concurrent mark-sweep generation total 393216K, used 0K [0x00000000e8000000, 0x0000000100000000, 0x0000000100000000)
 Metaspace       used 20014K, capacity 20376K, committed 20736K, reserved 1067008K
  class space    used 2335K, capacity 2488K, committed 2560K, reserved 1048576K
2023-04-14T18:26:05.953+0530: 0.818: [GC (Allocation Failure) 2023-04-14T18:26:05.953+0530: 0.818: [ParNew
Desired survivor size 20112992 bytes, new threshold 8 (max 8)
- age   1:    9582640 bytes,    9582640 total
- age   2:    2528784 bytes,   12111424 total
: 93094K->13182K(109248K), 0.0070556 secs] 93094K->13182K(502464K), 0.0071184 secs] [Times: user=0.01 sys=0.01, real=0.01 secs] 
Heap after GC invocations=2 (full 0):
 par new generation   total 109248K, used 13182K [0x00000000e0000000, 0x00000000e8000000, 0x00000000e8000000)
  eden space 87424K,   0% used [0x00000000e0000000, 0x00000000e0000000, 0x00000000e5560000)
  from space 21824K,  60% used [0x00000000e5560000, 0x00000000e623fa20, 0x00000000e6ab0000)
  to   space 21824K,   0% used [0x00000000e6ab0000, 0x00000000e6ab0000, 0x00000000e8000000)
 concurrent mark-sweep generation total 393216K, used 0K [0x00000000e8000000, 0x0000000100000000, 0x0000000100000000)
 Metaspace       used 20014K, capacity 20376K, committed 20736K, reserved 1067008K
  class space    used 2335K, capacity 2488K, committed 2560K, reserved 1048576K
}
2023-04-14T18:26:05.960+0530: 0.825: Total time for which application threads were stopped: 0.0073887 seconds, Stopping threads took: 0.0001355 seconds
2023-04-14T18:26:06.023+0530: 0.888: Total time for which application threads were stopped: 0.0002310 seconds, Stopping threads took: 0.0000170 seconds
2023-04-14T18:26:06.044+0530: 0.909: Total time for which application threads were stopped: 0.0002551 seconds, Stopping threads took: 0.0000306 seconds
2023-04-14T18:26:06.060+0530: 0.924: Total time for which application threads were stopped: 0.0002667 seconds, Stopping threads took: 0.0000325 seconds
2023-04-14T18:26:06.073+0530: 0.938: Total time for which application threads were stopped: 0.0000889 seconds, Stopping threads took: 0.0000356 seconds
2023-04-14T18:26:06.113+0530: 0.978: Total time for which application threads were stopped: 0.0000892 seconds, Stopping threads took: 0.0000144 seconds
{Heap before GC invocations=2 (full 0):
 par new generation   total 109248K, used 100606K [0x00000000e0000000, 0x00000000e8000000, 0x00000000e8000000)
  eden space 87424K, 100% used [0x00000000e0000000, 0x00000000e5560000, 0x00000000e5560000)
  from space 21824K,  60% used [0x00000000e5560000, 0x00000000e623fa20, 0x00000000e6ab0000)
  to   space 21824K,   0% used [0x00000000e6ab0000, 0x00000000e6ab0000, 0x00000000e8000000)
 concurrent mark-sweep generation total 393216K, used 0K [0x00000000e8000000, 0x0000000100000000, 0x0000000100000000)
 Metaspace       used 21388K, capacity 21720K, committed 21884K, reserved 1069056K
  class space    used 2485K, capacity 2616K, committed 2684K, reserved 1048576K
2023-04-14T18:26:06.130+0530: 0.995: [GC (Allocation Failure) 2023-04-14T18:26:06.130+0530: 0.995: [ParNew
Desired survivor size 20112992 bytes, new threshold 8 (max 8)
- age   1:    2706192 bytes,    2706192 total
- age   2:    4367984 bytes,    7074176 total
- age   3:    2503720 bytes,    9577896 total
: 100606K->14718K(109248K), 0.0046370 secs] 100606K->14718K(502464K), 0.0046968 secs] [Times: user=0.02 sys=0.00, real=0.00 secs] 
Heap after GC invocations=3 (full 0):
 par new generation   total 109248K, used 14718K [0x00000000e0000000, 0x00000000e8000000, 0x00000000e8000000)
  eden space 87424K,   0% used [0x00000000e0000000, 0x00000000e0000000, 0x00000000e5560000)
  from space 21824K,  67% used [0x00000000e6ab0000, 0x00000000e790f980, 0x00000000e8000000)
  to   space 21824K,   0% used [0x00000000e5560000, 0x00000000e5560000, 0x00000000e6ab0000)
 concurrent mark-sweep generation total 393216K, used 0K [0x00000000e8000000, 0x0000000100000000, 0x0000000100000000)
 Metaspace       used 21388K, capacity 21720K, committed 21884K, reserved 1069056K
  class space    used 2485K, capacity 2616K, committed 2684K, reserved 1048576K
}
2023-04-14T18:26:06.135+0530: 1.000: Total time for which application threads were stopped: 0.0048635 seconds, Stopping threads took: 0.0000752 seconds
2023-04-14T18:26:06.135+0530: 1.000: [GC (CMS Initial Mark) [1 CMS-initial-mark: 0K(393216K)] 15869K(502464K), 0.0017070 secs] [Times: user=0.01 sys=0.00, real=0.01 secs] 
2023-04-14T18:26:06.137+0530: 1.001: Total time for which application threads were stopped: 0.0017934 seconds, Stopping threads took: 0.0000333 seconds
2023-04-14T18:26:06.137+0530: 1.001: [CMS-concurrent-mark-start]
2023-04-14T18:26:06.137+0530: 1.002: [CMS-concurrent-mark: 0.001/0.001 secs] [Times: user=0.00 sys=0.00, real=0.00 secs] 
2023-04-14T18:26:06.137+0530: 1.002: [CMS-concurrent-preclean-start]
2023-04-14T18:26:06.138+0530: 1.003: [CMS-concurrent-preclean: 0.001/0.001 secs] [Times: user=0.01 sys=0.00, real=0.00 secs] 
2023-04-14T18:26:06.138+0530: 1.003: [CMS-concurrent-abortable-preclean-start]
2023-04-14T18:26:06.149+0530: 1.014: Total time for which application threads were stopped: 0.0001618 seconds, Stopping threads took: 0.0000900 seconds
2023-04-14T18:26:06.169+0530: 1.034: Total time for which application threads were stopped: 0.0000771 seconds, Stopping threads took: 0.0000198 seconds
2023-04-14T18:26:06.194+0530: 1.059: Total time for which application threads were stopped: 0.0001505 seconds, Stopping threads took: 0.0000838 seconds
2023-04-14T18:26:06.194+0530: 1.059: [CMS-concurrent-abortable-preclean: 0.043/0.056 secs] [Times: user=0.32 sys=0.00, real=0.05 secs] 
2023-04-14T18:26:06.194+0530: 1.059: [GC (CMS Final Remark) [YG occupancy: 98998 K (109248 K)]{Heap before GC invocations=3 (full 1):
 par new generation   total 109248K, used 98998K [0x00000000e0000000, 0x00000000e8000000, 0x00000000e8000000)
  eden space 87424K,  96% used [0x00000000e0000000, 0x00000000e524deb8, 0x00000000e5560000)
  from space 21824K,  67% used [0x00000000e6ab0000, 0x00000000e790f980, 0x00000000e8000000)
  to   space 21824K,   0% used [0x00000000e5560000, 0x00000000e5560000, 0x00000000e6ab0000)
 concurrent mark-sweep generation total 393216K, used 0K [0x00000000e8000000, 0x0000000100000000, 0x0000000100000000)
 Metaspace       used 22164K, capacity 22532K, committed 22880K, reserved 1069056K
  class space    used 2588K, capacity 2714K, committed 2760K, reserved 1048576K
2023-04-14T18:26:06.194+0530: 1.059: [GC (CMS Final Remark) 2023-04-14T18:26:06.194+0530: 1.059: [ParNew
Desired survivor size 20112992 bytes, new threshold 8 (max 8)
- age   1:    1225976 bytes,    1225976 total
- age   2:    1528640 bytes,    2754616 total
- age   3:    4355368 bytes,    7109984 total
- age   4:    2503496 bytes,    9613480 total
: 98998K->11978K(109248K), 0.0047161 secs] 98998K->11978K(502464K), 0.0047581 secs] [Times: user=0.02 sys=0.00, real=0.01 secs] 
Heap after GC invocations=4 (full 1):
 par new generation   total 109248K, used 11978K [0x00000000e0000000, 0x00000000e8000000, 0x00000000e8000000)
  eden space 87424K,   0% used [0x00000000e0000000, 0x00000000e0000000, 0x00000000e5560000)
  from space 21824K,  54% used [0x00000000e5560000, 0x00000000e6112a10, 0x00000000e6ab0000)
  to   space 21824K,   0% used [0x00000000e6ab0000, 0x00000000e6ab0000, 0x00000000e8000000)
 concurrent mark-sweep generation total 393216K, used 0K [0x00000000e8000000, 0x0000000100000000, 0x0000000100000000)
 Metaspace       used 22164K, capacity 22532K, committed 22880K, reserved 1069056K
  class space    used 2588K, capacity 2714K, committed 2760K, reserved 1048576K
}
2023-04-14T18:26:06.199+0530: 1.064: [Rescan (parallel) , 0.0017144 secs]2023-04-14T18:26:06.201+0530: 1.066: [weak refs processing, 0.0003030 secs]2023-04-14T18:26:06.201+0530: 1.066: [class unloading, 0.0023076 secs]2023-04-14T18:26:06.204+0530: 1.068: [scrub symbol table, 0.0016318 secs]2023-04-14T18:26:06.205+0530: 1.070: [scrub string table, 0.0003086 secs][1 CMS-remark: 0K(393216K)] 11978K(502464K), 0.0116299 secs] [Times: user=0.03 sys=0.00, real=0.02 secs] 
2023-04-14T18:26:06.206+0530: 1.071: Total time for which application threads were stopped: 0.0117629 seconds, Stopping threads took: 0.0000717 seconds
2023-04-14T18:26:06.206+0530: 1.071: [CMS-concurrent-sweep-start]
2023-04-14T18:26:06.206+0530: 1.071: [CMS-concurrent-sweep: 0.000/0.000 secs] [Times: user=0.00 sys=0.00, real=0.00 secs] 
2023-04-14T18:26:06.206+0530: 1.071: [CMS-concurrent-reset-start]
2023-04-14T18:26:06.209+0530: 1.073: [CMS-concurrent-reset: 0.003/0.003 secs] [Times: user=0.01 sys=0.01, real=0.00 secs] 
{Heap before GC invocations=4 (full 1):
 par new generation   total 109248K, used 99402K [0x00000000e0000000, 0x00000000e8000000, 0x00000000e8000000)
  eden space 87424K, 100% used [0x00000000e0000000, 0x00000000e5560000, 0x00000000e5560000)
  from space 21824K,  54% used [0x00000000e5560000, 0x00000000e6112a10, 0x00000000e6ab0000)
  to   space 21824K,   0% used [0x00000000e6ab0000, 0x00000000e6ab0000, 0x00000000e8000000)
 concurrent mark-sweep generation total 393216K, used 0K [0x00000000e8000000, 0x0000000100000000, 0x0000000100000000)
 Metaspace       used 22226K, capacity 22652K, committed 22880K, reserved 1069056K
  class space    used 2599K, capacity 2750K, committed 2760K, reserved 1048576K
2023-04-14T18:26:06.247+0530: 1.112: [GC (Allocation Failure) 2023-04-14T18:26:06.247+0530: 1.112: [ParNew
Desired survivor size 20112992 bytes, new threshold 8 (max 8)
- age   1:     997448 bytes,     997448 total
- age   2:     135728 bytes,    1133176 total
- age   3:    1528040 bytes,    2661216 total
- age   4:    4351712 bytes,    7012928 total
- age   5:    2503496 bytes,    9516424 total
: 99402K->14418K(109248K), 0.0051235 secs] 99402K->14418K(502464K), 0.0051735 secs] [Times: user=0.02 sys=0.00, real=0.00 secs] 
Heap after GC invocations=5 (full 1):
 par new generation   total 109248K, used 14418K [0x00000000e0000000, 0x00000000e8000000, 0x00000000e8000000)
  eden space 87424K,   0% used [0x00000000e0000000, 0x00000000e0000000, 0x00000000e5560000)
  from space 21824K,  66% used [0x00000000e6ab0000, 0x00000000e78c48c8, 0x00000000e8000000)
  to   space 21824K,   0% used [0x00000000e5560000, 0x00000000e5560000, 0x00000000e6ab0000)
 concurrent mark-sweep generation total 393216K, used 0K [0x00000000e8000000, 0x0000000100000000, 0x0000000100000000)
 Metaspace       used 22226K, capacity 22652K, committed 22880K, reserved 1069056K
  class space    used 2599K, capacity 2750K, committed 2760K, reserved 1048576K
}
2023-04-14T18:26:06.252+0530: 1.117: Total time for which application threads were stopped: 0.0052983 seconds, Stopping threads took: 0.0000270 seconds
{Heap before GC invocations=5 (full 1):
 par new generation   total 109248K, used 101842K [0x00000000e0000000, 0x00000000e8000000, 0x00000000e8000000)
  eden space 87424K, 100% used [0x00000000e0000000, 0x00000000e5560000, 0x00000000e5560000)
  from space 21824K,  66% used [0x00000000e6ab0000, 0x00000000e78c48c8, 0x00000000e8000000)
  to   space 21824K,   0% used [0x00000000e5560000, 0x00000000e5560000, 0x00000000e6ab0000)
 concurrent mark-sweep generation total 393216K, used 0K [0x00000000e8000000, 0x0000000100000000, 0x0000000100000000)
 Metaspace       used 22442K, capacity 22788K, committed 22880K, reserved 1069056K
  class space    used 2625K, capacity 2752K, committed 2760K, reserved 1048576K
2023-04-14T18:26:06.302+0530: 1.167: [GC (Allocation Failure) 2023-04-14T18:26:06.302+0530: 1.167: [ParNew
Desired survivor size 20112992 bytes, new threshold 8 (max 8)
- age   1:     417536 bytes,     417536 total
- age   2:     103240 bytes,     520776 total
- age   3:     135584 bytes,     656360 total
- age   4:    1527888 bytes,    2184248 total
- age   5:    4348520 bytes,    6532768 total
- age   6:    2503496 bytes,    9036264 total
: 101842K->10957K(109248K), 0.0046084 secs] 101842K->10957K(502464K), 0.0046656 secs] [Times: user=0.02 sys=0.00, real=0.01 secs] 
Heap after GC invocations=6 (full 1):
 par new generation   total 109248K, used 10957K [0x00000000e0000000, 0x00000000e8000000, 0x00000000e8000000)
  eden space 87424K,   0% used [0x00000000e0000000, 0x00000000e0000000, 0x00000000e5560000)
  from space 21824K,  50% used [0x00000000e5560000, 0x00000000e6013650, 0x00000000e6ab0000)
  to   space 21824K,   0% used [0x00000000e6ab0000, 0x00000000e6ab0000, 0x00000000e8000000)
 concurrent mark-sweep generation total 393216K, used 0K [0x00000000e8000000, 0x0000000100000000, 0x0000000100000000)
 Metaspace       used 22442K, capacity 22788K, committed 22880K, reserved 1069056K
  class space    used 2625K, capacity 2752K, committed 2760K, reserved 1048576K
}
2023-04-14T18:26:06.307+0530: 1.171: Total time for which application threads were stopped: 0.0048617 seconds, Stopping threads took: 0.0000722 seconds
2023-04-14T18:26:06.329+0530: 1.194: Total time for which application threads were stopped: 0.0003042 seconds, Stopping threads took: 0.0000190 seconds
2023-04-14T18:26:06.427+0530: 1.292: Total time for which application threads were stopped: 0.0003507 seconds, Stopping threads took: 0.0000177 seconds
2023-04-14T18:26:06.436+0530: 1.300: Total time for which application threads were stopped: 0.0003054 seconds, Stopping threads took: 0.0000163 seconds
{Heap before GC invocations=6 (full 1):
 par new generation   total 109248K, used 98381K [0x00000000e0000000, 0x00000000e8000000, 0x00000000e8000000)
  eden space 87424K,  99% used [0x00000000e0000000, 0x00000000e555fff8, 0x00000000e5560000)
  from space 21824K,  50% used [0x00000000e5560000, 0x00000000e6013650, 0x00000000e6ab0000)
  to   space 21824K,   0% used [0x00000000e6ab0000, 0x00000000e6ab0000, 0x00000000e8000000)
 concurrent mark-sweep generation total 393216K, used 0K [0x00000000e8000000, 0x0000000100000000, 0x0000000100000000)
 Metaspace       used 26585K, capacity 26966K, committed 27336K, reserved 1073152K
  class space    used 3119K, capacity 3271K, committed 3272K, reserved 1048576K
2023-04-14T18:26:06.575+0530: 1.440: [GC (Allocation Failure) 2023-04-14T18:26:06.575+0530: 1.440: [ParNew
Desired survivor size 20112992 bytes, new threshold 8 (max 8)
- age   1:    6837360 bytes,    6837360 total
- age   2:     110216 bytes,    6947576 total
- age   3:     102016 bytes,    7049592 total
- age   4:     131432 bytes,    7181024 total
- age   5:     308392 bytes,    7489416 total
- age   6:    4338288 bytes,   11827704 total
- age   7:    2503328 bytes,   14331032 total
: 98381K->17356K(109248K), 0.0083362 secs] 98381K->17356K(502464K), 0.0083878 secs] [Times: user=0.04 sys=0.00, real=0.01 secs] 
Heap after GC invocations=7 (full 1):
 par new generation   total 109248K, used 17356K [0x00000000e0000000, 0x00000000e8000000, 0x00000000e8000000)
  eden space 87424K,   0% used [0x00000000e0000000, 0x00000000e0000000, 0x00000000e5560000)
  from space 21824K,  79% used [0x00000000e6ab0000, 0x00000000e7ba32d8, 0x00000000e8000000)
  to   space 21824K,   0% used [0x00000000e5560000, 0x00000000e5560000, 0x00000000e6ab0000)
 concurrent mark-sweep generation total 393216K, used 0K [0x00000000e8000000, 0x0000000100000000, 0x0000000100000000)
 Metaspace       used 26585K, capacity 26966K, committed 27336K, reserved 1073152K
  class space    used 3119K, capacity 3271K, committed 3272K, reserved 1048576K
}
2023-04-14T18:26:06.584+0530: 1.448: Total time for which application threads were stopped: 0.0085726 seconds, Stopping threads took: 0.0000327 seconds
2023-04-14T18:26:06.626+0530: 1.491: Total time for which application threads were stopped: 0.0003366 seconds, Stopping threads took: 0.0000167 seconds
2023-04-14T18:26:06.627+0530: 1.492: Total time for which application threads were stopped: 0.0004062 seconds, Stopping threads took: 0.0001031 seconds
2023-04-14T18:26:07.627+0530: 2.492: Total time for which application threads were stopped: 0.0002899 seconds, Stopping threads took: 0.0000489 seconds
2023-04-14T18:26:08.125+0530: 2.990: Total time for which application threads were stopped: 0.0004294 seconds, Stopping threads took: 0.0000169 seconds
2023-04-14T18:26:08.229+0530: 3.093: Total time for which application threads were stopped: 0.0003049 seconds, Stopping threads took: 0.0000160 seconds
2023-04-14T18:26:08.229+0530: 3.094: Total time for which application threads were stopped: 0.0002829 seconds, Stopping threads took: 0.0000104 seconds
2023-04-14T18:26:09.173+0530: 4.038: Total time for which application threads were stopped: 0.0004220 seconds, Stopping threads took: 0.0000225 seconds
2023-04-14T18:26:20.175+0530: 15.040: Total time for which application threads were stopped: 0.0002796 seconds, Stopping threads took: 0.0000625 seconds
2023-04-14T18:26:52.441+0530: 47.306: Total time for which application threads were stopped: 0.0004057 seconds, Stopping threads took: 0.0000140 seconds
2023-04-14T18:26:52.442+0530: 47.306: Total time for which application threads were stopped: 0.0000389 seconds, Stopping threads took: 0.0000080 seconds
2023-04-14T18:26:52.442+0530: 47.307: Total time for which application threads were stopped: 0.0003275 seconds, Stopping threads took: 0.0000046 seconds
2023-04-14T18:26:52.451+0530: 47.316: Total time for which application threads were stopped: 0.0001050 seconds, Stopping threads took: 0.0000102 seconds
2023-04-14T18:26:52.455+0530: 47.320: Total time for which application threads were stopped: 0.0000494 seconds, Stopping threads took: 0.0000101 seconds
Heap
 par new generation   total 109248K, used 56138K [0x00000000e0000000, 0x00000000e8000000, 0x00000000e8000000)
  eden space 87424K,  44% used [0x00000000e0000000, 0x00000000e25df578, 0x00000000e5560000)
  from space 21824K,  79% used [0x00000000e6ab0000, 0x00000000e7ba32d8, 0x00000000e8000000)
  to   space 21824K,   0% used [0x00000000e5560000, 0x00000000e5560000, 0x00000000e6ab0000)
 concurrent mark-sweep generation total 393216K, used 0K [0x00000000e8000000, 0x0000000100000000, 0x0000000100000000)
 Metaspace       used 30025K, capacity 30458K, committed 30920K, reserved 1077248K
  class space    used 3547K, capacity 3681K, committed 3784K, reserved 1048576K
