OpenJDK 64-Bit Server VM (25.362-b09) for linux-amd64 JRE (1.8.0_362-8u362-ga-0ubuntu1~22.04-b09), built on Jan 24 2023 19:02:58 by "buildd" with gcc 11.3.0
Memory: 4k page, physical 32636936k(27128228k free), swap 2097148k(2097148k free)
CommandLine flags: -XX:CMSInitiatingOccupancyFraction=50 -XX:CMSMaxAbortablePrecleanTime=6000 -XX:+CMSParallelRemarkEnabled -XX:+CMSScavengeBeforeRemark -XX:ConcGCThreads=4 -XX:InitialHeapSize=536870912 -XX:MaxHeapSize=536870912 -XX:MaxTenuringThreshold=8 -XX:NewRatio=3 -XX:OldPLABSize=16 -XX:ParallelGCThreads=4 -XX:+ParallelRefProcEnabled -XX:PretenureSizeThreshold=67108864 -XX:+PrintGC -XX:+PrintGCApplicationStoppedTime -XX:+PrintGCDateStamps -XX:+PrintGCDetails -XX:+PrintGCTimeStamps -XX:+PrintHeapAtGC -XX:+PrintTenuringDistribution -XX:SurvivorRatio=4 -XX:TargetSurvivorRatio=90 -XX:ThreadStackSize=256 -XX:+UseCMSInitiatingOccupancyOnly -XX:+UseCompressedClassPointers -XX:+UseCompressedOops -XX:+UseConcMarkSweepGC -XX:+UseParNewGC 
2023-04-25T10:23:01.295+0530: 0.101: Total time for which application threads were stopped: 0.0000679 seconds, Stopping threads took: 0.0000087 seconds
2023-04-25T10:23:01.410+0530: 0.216: Total time for which application threads were stopped: 0.0001043 seconds, Stopping threads took: 0.0000100 seconds
2023-04-25T10:23:01.461+0530: 0.267: Total time for which application threads were stopped: 0.0000939 seconds, Stopping threads took: 0.0000107 seconds
2023-04-25T10:23:01.503+0530: 0.309: Total time for which application threads were stopped: 0.0001032 seconds, Stopping threads took: 0.0000087 seconds
2023-04-25T10:23:01.526+0530: 0.332: Total time for which application threads were stopped: 0.0001208 seconds, Stopping threads took: 0.0000098 seconds
2023-04-25T10:23:01.532+0530: 0.338: Total time for which application threads were stopped: 0.0001288 seconds, Stopping threads took: 0.0000140 seconds
2023-04-25T10:23:01.538+0530: 0.345: Total time for which application threads were stopped: 0.0001319 seconds, Stopping threads took: 0.0000126 seconds
{Heap before GC invocations=0 (full 0):
 par new generation   total 109248K, used 87424K [0x00000000e0000000, 0x00000000e8000000, 0x00000000e8000000)
  eden space 87424K, 100% used [0x00000000e0000000, 0x00000000e5560000, 0x00000000e5560000)
  from space 21824K,   0% used [0x00000000e5560000, 0x00000000e5560000, 0x00000000e6ab0000)
  to   space 21824K,   0% used [0x00000000e6ab0000, 0x00000000e6ab0000, 0x00000000e8000000)
 concurrent mark-sweep generation total 393216K, used 0K [0x00000000e8000000, 0x0000000100000000, 0x0000000100000000)
 Metaspace       used 10238K, capacity 10392K, committed 10496K, reserved 1058816K
  class space    used 1164K, capacity 1208K, committed 1280K, reserved 1048576K
2023-04-25T10:23:01.666+0530: 0.472: [GC (Allocation Failure) 2023-04-25T10:23:01.666+0530: 0.472: [ParNew
Desired survivor size 20112992 bytes, new threshold 8 (max 8)
- age   1:    5974928 bytes,    5974928 total
: 87424K->5914K(109248K), 0.0033528 secs] 87424K->5914K(502464K), 0.0034221 secs] [Times: user=0.02 sys=0.00, real=0.01 secs] 
Heap after GC invocations=1 (full 0):
 par new generation   total 109248K, used 5914K [0x00000000e0000000, 0x00000000e8000000, 0x00000000e8000000)
  eden space 87424K,   0% used [0x00000000e0000000, 0x00000000e0000000, 0x00000000e5560000)
  from space 21824K,  27% used [0x00000000e6ab0000, 0x00000000e7076bf8, 0x00000000e8000000)
  to   space 21824K,   0% used [0x00000000e5560000, 0x00000000e5560000, 0x00000000e6ab0000)
 concurrent mark-sweep generation total 393216K, used 0K [0x00000000e8000000, 0x0000000100000000, 0x0000000100000000)
 Metaspace       used 10238K, capacity 10392K, committed 10496K, reserved 1058816K
  class space    used 1164K, capacity 1208K, committed 1280K, reserved 1048576K
}
2023-04-25T10:23:01.669+0530: 0.476: Total time for which application threads were stopped: 0.0035240 seconds, Stopping threads took: 0.0000107 seconds
2023-04-25T10:23:01.706+0530: 0.512: Total time for which application threads were stopped: 0.0001417 seconds, Stopping threads took: 0.0000112 seconds
2023-04-25T10:23:01.737+0530: 0.544: Total time for which application threads were stopped: 0.0001627 seconds, Stopping threads took: 0.0000115 seconds
2023-04-25T10:23:01.838+0530: 0.644: Total time for which application threads were stopped: 0.0001997 seconds, Stopping threads took: 0.0000100 seconds
2023-04-25T10:23:01.866+0530: 0.672: Total time for which application threads were stopped: 0.0001786 seconds, Stopping threads took: 0.0000161 seconds
2023-04-25T10:23:01.896+0530: 0.702: Total time for which application threads were stopped: 0.0002015 seconds, Stopping threads took: 0.0000156 seconds
2023-04-25T10:23:01.896+0530: 0.702: Total time for which application threads were stopped: 0.0001290 seconds, Stopping threads took: 0.0000085 seconds
2023-04-25T10:23:01.946+0530: 0.752: Total time for which application threads were stopped: 0.0001989 seconds, Stopping threads took: 0.0000148 seconds
2023-04-25T10:23:02.003+0530: 0.809: Total time for which application threads were stopped: 0.0003879 seconds, Stopping threads took: 0.0001778 seconds
{Heap before GC invocations=1 (full 0):
 par new generation   total 109248K, used 93338K [0x00000000e0000000, 0x00000000e8000000, 0x00000000e8000000)
  eden space 87424K, 100% used [0x00000000e0000000, 0x00000000e5560000, 0x00000000e5560000)
  from space 21824K,  27% used [0x00000000e6ab0000, 0x00000000e7076bf8, 0x00000000e8000000)
  to   space 21824K,   0% used [0x00000000e5560000, 0x00000000e5560000, 0x00000000e6ab0000)
 concurrent mark-sweep generation total 393216K, used 0K [0x00000000e8000000, 0x0000000100000000, 0x0000000100000000)
 Metaspace       used 19622K, capacity 20020K, committed 20352K, reserved 1067008K
  class space    used 2242K, capacity 2392K, committed 2432K, reserved 1048576K
2023-04-25T10:23:02.167+0530: 0.974: [GC (Allocation Failure) 2023-04-25T10:23:02.167+0530: 0.974: [ParNew
Desired survivor size 20112992 bytes, new threshold 8 (max 8)
- age   1:   10121192 bytes,   10121192 total
- age   2:    2583704 bytes,   12704896 total
: 93338K->14819K(109248K), 0.0056070 secs] 93338K->14819K(502464K), 0.0056826 secs] [Times: user=0.01 sys=0.01, real=0.01 secs] 
Heap after GC invocations=2 (full 0):
 par new generation   total 109248K, used 14819K [0x00000000e0000000, 0x00000000e8000000, 0x00000000e8000000)
  eden space 87424K,   0% used [0x00000000e0000000, 0x00000000e0000000, 0x00000000e5560000)
  from space 21824K,  67% used [0x00000000e5560000, 0x00000000e63d8f10, 0x00000000e6ab0000)
  to   space 21824K,   0% used [0x00000000e6ab0000, 0x00000000e6ab0000, 0x00000000e8000000)
 concurrent mark-sweep generation total 393216K, used 0K [0x00000000e8000000, 0x0000000100000000, 0x0000000100000000)
 Metaspace       used 19622K, capacity 20020K, committed 20352K, reserved 1067008K
  class space    used 2242K, capacity 2392K, committed 2432K, reserved 1048576K
}
2023-04-25T10:23:02.173+0530: 0.979: Total time for which application threads were stopped: 0.0058392 seconds, Stopping threads took: 0.0000127 seconds
2023-04-25T10:23:02.281+0530: 1.088: Total time for which application threads were stopped: 0.0002635 seconds, Stopping threads took: 0.0000111 seconds
2023-04-25T10:23:02.305+0530: 1.111: Total time for which application threads were stopped: 0.0003069 seconds, Stopping threads took: 0.0000557 seconds
{Heap before GC invocations=2 (full 0):
 par new generation   total 109248K, used 102243K [0x00000000e0000000, 0x00000000e8000000, 0x00000000e8000000)
  eden space 87424K, 100% used [0x00000000e0000000, 0x00000000e5560000, 0x00000000e5560000)
  from space 21824K,  67% used [0x00000000e5560000, 0x00000000e63d8f10, 0x00000000e6ab0000)
  to   space 21824K,   0% used [0x00000000e6ab0000, 0x00000000e6ab0000, 0x00000000e8000000)
 concurrent mark-sweep generation total 393216K, used 0K [0x00000000e8000000, 0x0000000100000000, 0x0000000100000000)
 Metaspace       used 20688K, capacity 20980K, committed 21248K, reserved 1069056K
  class space    used 2394K, capacity 2520K, committed 2560K, reserved 1048576K
2023-04-25T10:23:02.313+0530: 1.119: [GC (Allocation Failure) 2023-04-25T10:23:02.313+0530: 1.119: [ParNew
Desired survivor size 20112992 bytes, new threshold 8 (max 8)
- age   1:    1720760 bytes,    1720760 total
- age   2:    4910248 bytes,    6631008 total
- age   3:    2554640 bytes,    9185648 total
: 102243K->15439K(109248K), 0.0049984 secs] 102243K->15439K(502464K), 0.0050833 secs] [Times: user=0.03 sys=0.00, real=0.00 secs] 
Heap after GC invocations=3 (full 0):
 par new generation   total 109248K, used 15439K [0x00000000e0000000, 0x00000000e8000000, 0x00000000e8000000)
  eden space 87424K,   0% used [0x00000000e0000000, 0x00000000e0000000, 0x00000000e5560000)
  from space 21824K,  70% used [0x00000000e6ab0000, 0x00000000e79c3f20, 0x00000000e8000000)
  to   space 21824K,   0% used [0x00000000e5560000, 0x00000000e5560000, 0x00000000e6ab0000)
 concurrent mark-sweep generation total 393216K, used 0K [0x00000000e8000000, 0x0000000100000000, 0x0000000100000000)
 Metaspace       used 20688K, capacity 20980K, committed 21248K, reserved 1069056K
  class space    used 2394K, capacity 2520K, committed 2560K, reserved 1048576K
}
2023-04-25T10:23:02.318+0530: 1.124: Total time for which application threads were stopped: 0.0052399 seconds, Stopping threads took: 0.0000406 seconds
2023-04-25T10:23:02.329+0530: 1.135: Total time for which application threads were stopped: 0.0002778 seconds, Stopping threads took: 0.0000384 seconds
2023-04-25T10:23:02.331+0530: 1.138: Total time for which application threads were stopped: 0.0000725 seconds, Stopping threads took: 0.0000151 seconds
2023-04-25T10:23:02.384+0530: 1.190: Total time for which application threads were stopped: 0.0001661 seconds, Stopping threads took: 0.0000434 seconds
{Heap before GC invocations=3 (full 0):
 par new generation   total 109248K, used 102863K [0x00000000e0000000, 0x00000000e8000000, 0x00000000e8000000)
  eden space 87424K, 100% used [0x00000000e0000000, 0x00000000e5560000, 0x00000000e5560000)
  from space 21824K,  70% used [0x00000000e6ab0000, 0x00000000e79c3f20, 0x00000000e8000000)
  to   space 21824K,   0% used [0x00000000e5560000, 0x00000000e5560000, 0x00000000e6ab0000)
 concurrent mark-sweep generation total 393216K, used 0K [0x00000000e8000000, 0x0000000100000000, 0x0000000100000000)
 Metaspace       used 21398K, capacity 21728K, committed 21960K, reserved 1069056K
  class space    used 2482K, capacity 2618K, committed 2684K, reserved 1048576K
2023-04-25T10:23:02.417+0530: 1.223: [GC (Allocation Failure) 2023-04-25T10:23:02.417+0530: 1.223: [ParNew
Desired survivor size 20112992 bytes, new threshold 8 (max 8)
- age   1:    2590456 bytes,    2590456 total
- age   2:     323560 bytes,    2914016 total
- age   3:    4902912 bytes,    7816928 total
- age   4:    2554856 bytes,   10371784 total
: 102863K->13243K(109248K), 0.0058357 secs] 102863K->13243K(502464K), 0.0059172 secs] [Times: user=0.03 sys=0.00, real=0.01 secs] 
Heap after GC invocations=4 (full 0):
 par new generation   total 109248K, used 13243K [0x00000000e0000000, 0x00000000e8000000, 0x00000000e8000000)
  eden space 87424K,   0% used [0x00000000e0000000, 0x00000000e0000000, 0x00000000e5560000)
  from space 21824K,  60% used [0x00000000e5560000, 0x00000000e624eea0, 0x00000000e6ab0000)
  to   space 21824K,   0% used [0x00000000e6ab0000, 0x00000000e6ab0000, 0x00000000e8000000)
 concurrent mark-sweep generation total 393216K, used 0K [0x00000000e8000000, 0x0000000100000000, 0x0000000100000000)
 Metaspace       used 21398K, capacity 21728K, committed 21960K, reserved 1069056K
  class space    used 2482K, capacity 2618K, committed 2684K, reserved 1048576K
}
2023-04-25T10:23:02.423+0530: 1.229: Total time for which application threads were stopped: 0.0060643 seconds, Stopping threads took: 0.0000286 seconds
2023-04-25T10:23:02.425+0530: 1.231: [GC (CMS Initial Mark) [1 CMS-initial-mark: 0K(393216K)] 13259K(502464K), 0.0019334 secs] [Times: user=0.01 sys=0.00, real=0.00 secs] 
2023-04-25T10:23:02.427+0530: 1.233: Total time for which application threads were stopped: 0.0035800 seconds, Stopping threads took: 0.0015576 seconds
2023-04-25T10:23:02.427+0530: 1.233: [CMS-concurrent-mark-start]
2023-04-25T10:23:02.427+0530: 1.234: [CMS-concurrent-mark: 0.001/0.001 secs] [Times: user=0.00 sys=0.00, real=0.00 secs] 
2023-04-25T10:23:02.427+0530: 1.234: [CMS-concurrent-preclean-start]
2023-04-25T10:23:02.429+0530: 1.235: [CMS-concurrent-preclean: 0.001/0.001 secs] [Times: user=0.01 sys=0.00, real=0.01 secs] 
2023-04-25T10:23:02.429+0530: 1.235: [CMS-concurrent-abortable-preclean-start]
2023-04-25T10:23:02.437+0530: 1.243: Total time for which application threads were stopped: 0.0000841 seconds, Stopping threads took: 0.0000198 seconds
2023-04-25T10:23:02.451+0530: 1.257: Total time for which application threads were stopped: 0.0000840 seconds, Stopping threads took: 0.0000174 seconds
{Heap before GC invocations=4 (full 1):
 par new generation   total 109248K, used 100667K [0x00000000e0000000, 0x00000000e8000000, 0x00000000e8000000)
  eden space 87424K, 100% used [0x00000000e0000000, 0x00000000e5560000, 0x00000000e5560000)
  from space 21824K,  60% used [0x00000000e5560000, 0x00000000e624eea0, 0x00000000e6ab0000)
  to   space 21824K,   0% used [0x00000000e6ab0000, 0x00000000e6ab0000, 0x00000000e8000000)
 concurrent mark-sweep generation total 393216K, used 0K [0x00000000e8000000, 0x0000000100000000, 0x0000000100000000)
 Metaspace       used 22064K, capacity 22470K, committed 22624K, reserved 1069056K
  class space    used 2575K, capacity 2715K, committed 2760K, reserved 1048576K
2023-04-25T10:23:02.483+0530: 1.290: [GC (Allocation Failure) 2023-04-25T10:23:02.483+0530: 1.290: [ParNew
Desired survivor size 20112992 bytes, new threshold 8 (max 8)
- age   1:     914680 bytes,     914680 total
- age   2:    1929120 bytes,    2843800 total
- age   3:     323344 bytes,    3167144 total
- age   4:    4901424 bytes,    8068568 total
- age   5:    2554448 bytes,   10623016 total
: 100667K->11254K(109248K), 0.0050454 secs] 100667K->11254K(502464K), 0.0051081 secs] [Times: user=0.03 sys=0.00, real=0.00 secs] 
Heap after GC invocations=5 (full 1):
 par new generation   total 109248K, used 11254K [0x00000000e0000000, 0x00000000e8000000, 0x00000000e8000000)
  eden space 87424K,   0% used [0x00000000e0000000, 0x00000000e0000000, 0x00000000e5560000)
  from space 21824K,  51% used [0x00000000e6ab0000, 0x00000000e75ad9b8, 0x00000000e8000000)
  to   space 21824K,   0% used [0x00000000e5560000, 0x00000000e5560000, 0x00000000e6ab0000)
 concurrent mark-sweep generation total 393216K, used 0K [0x00000000e8000000, 0x0000000100000000, 0x0000000100000000)
 Metaspace       used 22064K, capacity 22470K, committed 22624K, reserved 1069056K
  class space    used 2575K, capacity 2715K, committed 2760K, reserved 1048576K
}
2023-04-25T10:23:02.488+0530: 1.295: Total time for which application threads were stopped: 0.0052837 seconds, Stopping threads took: 0.0000780 seconds
2023-04-25T10:23:02.488+0530: 1.295: [CMS-concurrent-abortable-preclean: 0.054/0.060 secs] [Times: user=0.36 sys=0.01, real=0.06 secs] 
2023-04-25T10:23:02.489+0530: 1.295: [GC (CMS Final Remark) [YG occupancy: 12328 K (109248 K)]{Heap before GC invocations=5 (full 1):
 par new generation   total 109248K, used 12328K [0x00000000e0000000, 0x00000000e8000000, 0x00000000e8000000)
  eden space 87424K,   1% used [0x00000000e0000000, 0x00000000e010c650, 0x00000000e5560000)
  from space 21824K,  51% used [0x00000000e6ab0000, 0x00000000e75ad9b8, 0x00000000e8000000)
  to   space 21824K,   0% used [0x00000000e5560000, 0x00000000e5560000, 0x00000000e6ab0000)
 concurrent mark-sweep generation total 393216K, used 0K [0x00000000e8000000, 0x0000000100000000, 0x0000000100000000)
 Metaspace       used 22064K, capacity 22470K, committed 22624K, reserved 1069056K
  class space    used 2575K, capacity 2715K, committed 2760K, reserved 1048576K
2023-04-25T10:23:02.489+0530: 1.295: [GC (CMS Final Remark) 2023-04-25T10:23:02.489+0530: 1.295: [ParNew
Desired survivor size 20112992 bytes, new threshold 8 (max 8)
- age   1:     185544 bytes,     185544 total
- age   2:     832640 bytes,    1018184 total
- age   3:    1929128 bytes,    2947312 total
- age   4:     323344 bytes,    3270656 total
- age   5:    4901296 bytes,    8171952 total
- age   6:    2554376 bytes,   10726328 total
: 12328K->15803K(109248K), 0.0048983 secs] 12328K->15803K(502464K), 0.0049439 secs] [Times: user=0.01 sys=0.00, real=0.00 secs] 
Heap after GC invocations=6 (full 1):
 par new generation   total 109248K, used 15803K [0x00000000e0000000, 0x00000000e8000000, 0x00000000e8000000)
  eden space 87424K,   0% used [0x00000000e0000000, 0x00000000e0000000, 0x00000000e5560000)
  from space 21824K,  72% used [0x00000000e5560000, 0x00000000e64cefb0, 0x00000000e6ab0000)
  to   space 21824K,   0% used [0x00000000e6ab0000, 0x00000000e6ab0000, 0x00000000e8000000)
 concurrent mark-sweep generation total 393216K, used 0K [0x00000000e8000000, 0x0000000100000000, 0x0000000100000000)
 Metaspace       used 22064K, capacity 22470K, committed 22624K, reserved 1069056K
  class space    used 2575K, capacity 2715K, committed 2760K, reserved 1048576K
}
2023-04-25T10:23:02.494+0530: 1.300: [Rescan (parallel) , 0.0019082 secs]2023-04-25T10:23:02.496+0530: 1.302: [weak refs processing, 0.0003022 secs]2023-04-25T10:23:02.496+0530: 1.302: [class unloading, 0.0023273 secs]2023-04-25T10:23:02.498+0530: 1.304: [scrub symbol table, 0.0015953 secs]2023-04-25T10:23:02.500+0530: 1.306: [scrub string table, 0.0002861 secs][1 CMS-remark: 0K(393216K)] 15803K(502464K), 0.0119888 secs] [Times: user=0.02 sys=0.00, real=0.01 secs] 
2023-04-25T10:23:02.501+0530: 1.307: Total time for which application threads were stopped: 0.0121047 seconds, Stopping threads took: 0.0000461 seconds
2023-04-25T10:23:02.501+0530: 1.307: [CMS-concurrent-sweep-start]
2023-04-25T10:23:02.501+0530: 1.307: [CMS-concurrent-sweep: 0.000/0.000 secs] [Times: user=0.00 sys=0.00, real=0.00 secs] 
2023-04-25T10:23:02.501+0530: 1.307: [CMS-concurrent-reset-start]
2023-04-25T10:23:02.503+0530: 1.309: [CMS-concurrent-reset: 0.002/0.002 secs] [Times: user=0.01 sys=0.00, real=0.00 secs] 
{Heap before GC invocations=6 (full 1):
 par new generation   total 109248K, used 103227K [0x00000000e0000000, 0x00000000e8000000, 0x00000000e8000000)
  eden space 87424K, 100% used [0x00000000e0000000, 0x00000000e5560000, 0x00000000e5560000)
  from space 21824K,  72% used [0x00000000e5560000, 0x00000000e64cefb0, 0x00000000e6ab0000)
  to   space 21824K,   0% used [0x00000000e6ab0000, 0x00000000e6ab0000, 0x00000000e8000000)
 concurrent mark-sweep generation total 393216K, used 0K [0x00000000e8000000, 0x0000000100000000, 0x0000000100000000)
 Metaspace       used 22173K, capacity 22558K, committed 22880K, reserved 1069056K
  class space    used 2592K, capacity 2719K, committed 2760K, reserved 1048576K
2023-04-25T10:23:02.532+0530: 1.338: [GC (Allocation Failure) 2023-04-25T10:23:02.532+0530: 1.338: [ParNew
Desired survivor size 20112992 bytes, new threshold 8 (max 8)
- age   1:     903176 bytes,     903176 total
- age   3:     119416 bytes,    1022592 total
- age   4:    1926864 bytes,    2949456 total
- age   5:     322480 bytes,    3271936 total
- age   6:    4898432 bytes,    8170368 total
- age   7:    2554304 bytes,   10724672 total
: 103227K->13410K(109248K), 0.0058832 secs] 103227K->13410K(502464K), 0.0059487 secs] [Times: user=0.03 sys=0.00, real=0.00 secs] 
Heap after GC invocations=7 (full 1):
 par new generation   total 109248K, used 13410K [0x00000000e0000000, 0x00000000e8000000, 0x00000000e8000000)
  eden space 87424K,   0% used [0x00000000e0000000, 0x00000000e0000000, 0x00000000e5560000)
  from space 21824K,  61% used [0x00000000e6ab0000, 0x00000000e77c8878, 0x00000000e8000000)
  to   space 21824K,   0% used [0x00000000e5560000, 0x00000000e5560000, 0x00000000e6ab0000)
 concurrent mark-sweep generation total 393216K, used 0K [0x00000000e8000000, 0x0000000100000000, 0x0000000100000000)
 Metaspace       used 22173K, capacity 22558K, committed 22880K, reserved 1069056K
  class space    used 2592K, capacity 2719K, committed 2760K, reserved 1048576K
}
2023-04-25T10:23:02.538+0530: 1.344: Total time for which application threads were stopped: 0.0061207 seconds, Stopping threads took: 0.0000418 seconds
{Heap before GC invocations=7 (full 1):
 par new generation   total 109248K, used 100820K [0x00000000e0000000, 0x00000000e8000000, 0x00000000e8000000)
  eden space 87424K,  99% used [0x00000000e0000000, 0x00000000e555c890, 0x00000000e5560000)
  from space 21824K,  61% used [0x00000000e6ab0000, 0x00000000e77c8878, 0x00000000e8000000)
  to   space 21824K,   0% used [0x00000000e5560000, 0x00000000e5560000, 0x00000000e6ab0000)
 concurrent mark-sweep generation total 393216K, used 0K [0x00000000e8000000, 0x0000000100000000, 0x0000000100000000)
 Metaspace       used 22349K, capacity 22732K, committed 22880K, reserved 1069056K
  class space    used 2616K, capacity 2754K, committed 2760K, reserved 1048576K
2023-04-25T10:23:02.568+0530: 1.374: [GC (Allocation Failure) 2023-04-25T10:23:02.568+0530: 1.374: [ParNew
Desired survivor size 20112992 bytes, new threshold 8 (max 8)
- age   1:     735216 bytes,     735216 total
- age   2:     130432 bytes,     865648 total
- age   4:     117792 bytes,     983440 total
- age   5:    1926816 bytes,    2910256 total
- age   6:     322232 bytes,    3232488 total
- age   7:    4895184 bytes,    8127672 total
- age   8:    2554456 bytes,   10682128 total
: 100820K->13611K(109248K), 0.0059351 secs] 100820K->13611K(502464K), 0.0060095 secs] [Times: user=0.04 sys=0.00, real=0.01 secs] 
Heap after GC invocations=8 (full 1):
 par new generation   total 109248K, used 13611K [0x00000000e0000000, 0x00000000e8000000, 0x00000000e8000000)
  eden space 87424K,   0% used [0x00000000e0000000, 0x00000000e0000000, 0x00000000e5560000)
  from space 21824K,  62% used [0x00000000e5560000, 0x00000000e62aac00, 0x00000000e6ab0000)
  to   space 21824K,   0% used [0x00000000e6ab0000, 0x00000000e6ab0000, 0x00000000e8000000)
 concurrent mark-sweep generation total 393216K, used 0K [0x00000000e8000000, 0x0000000100000000, 0x0000000100000000)
 Metaspace       used 22349K, capacity 22732K, committed 22880K, reserved 1069056K
  class space    used 2616K, capacity 2754K, committed 2760K, reserved 1048576K
}
2023-04-25T10:23:02.574+0530: 1.380: Total time for which application threads were stopped: 0.0062046 seconds, Stopping threads took: 0.0000783 seconds
{Heap before GC invocations=8 (full 1):
 par new generation   total 109248K, used 101035K [0x00000000e0000000, 0x00000000e8000000, 0x00000000e8000000)
  eden space 87424K, 100% used [0x00000000e0000000, 0x00000000e5560000, 0x00000000e5560000)
  from space 21824K,  62% used [0x00000000e5560000, 0x00000000e62aac00, 0x00000000e6ab0000)
  to   space 21824K,   0% used [0x00000000e6ab0000, 0x00000000e6ab0000, 0x00000000e8000000)
 concurrent mark-sweep generation total 393216K, used 0K [0x00000000e8000000, 0x0000000100000000, 0x0000000100000000)
 Metaspace       used 22659K, capacity 23020K, committed 23264K, reserved 1069056K
  class space    used 2650K, capacity 2786K, committed 2888K, reserved 1048576K
2023-04-25T10:23:02.622+0530: 1.428: [GC (Allocation Failure) 2023-04-25T10:23:02.622+0530: 1.428: [ParNew
Desired survivor size 20112992 bytes, new threshold 8 (max 8)
- age   1:     779624 bytes,     779624 total
- age   2:     121424 bytes,     901048 total
- age   3:     129544 bytes,    1030592 total
- age   5:     116392 bytes,    1146984 total
- age   6:    1925064 bytes,    3072048 total
- age   7:     321624 bytes,    3393672 total
- age   8:    4895160 bytes,    8288832 total
: 101035K->10815K(109248K), 0.0107166 secs] 101035K->13348K(502464K), 0.0107835 secs] [Times: user=0.05 sys=0.00, real=0.01 secs] 
Heap after GC invocations=9 (full 1):
 par new generation   total 109248K, used 10815K [0x00000000e0000000, 0x00000000e8000000, 0x00000000e8000000)
  eden space 87424K,   0% used [0x00000000e0000000, 0x00000000e0000000, 0x00000000e5560000)
  from space 21824K,  49% used [0x00000000e6ab0000, 0x00000000e753fe68, 0x00000000e8000000)
  to   space 21824K,   0% used [0x00000000e5560000, 0x00000000e5560000, 0x00000000e6ab0000)
 concurrent mark-sweep generation total 393216K, used 2532K [0x00000000e8000000, 0x0000000100000000, 0x0000000100000000)
 Metaspace       used 22659K, capacity 23020K, committed 23264K, reserved 1069056K
  class space    used 2650K, capacity 2786K, committed 2888K, reserved 1048576K
}
2023-04-25T10:23:02.632+0530: 1.439: Total time for which application threads were stopped: 0.0109342 seconds, Stopping threads took: 0.0000377 seconds
2023-04-25T10:23:02.671+0530: 1.478: Total time for which application threads were stopped: 0.0009488 seconds, Stopping threads took: 0.0004696 seconds
2023-04-25T10:23:02.783+0530: 1.589: Total time for which application threads were stopped: 0.0003803 seconds, Stopping threads took: 0.0000117 seconds
2023-04-25T10:23:02.795+0530: 1.601: Total time for which application threads were stopped: 0.0003008 seconds, Stopping threads took: 0.0000163 seconds
2023-04-25T10:23:02.803+0530: 1.609: Total time for which application threads were stopped: 0.0003001 seconds, Stopping threads took: 0.0000176 seconds
{Heap before GC invocations=9 (full 1):
 par new generation   total 109248K, used 98239K [0x00000000e0000000, 0x00000000e8000000, 0x00000000e8000000)
  eden space 87424K, 100% used [0x00000000e0000000, 0x00000000e5560000, 0x00000000e5560000)
  from space 21824K,  49% used [0x00000000e6ab0000, 0x00000000e753fe68, 0x00000000e8000000)
  to   space 21824K,   0% used [0x00000000e5560000, 0x00000000e5560000, 0x00000000e6ab0000)
 concurrent mark-sweep generation total 393216K, used 2532K [0x00000000e8000000, 0x0000000100000000, 0x0000000100000000)
 Metaspace       used 26402K, capacity 26810K, committed 27080K, reserved 1073152K
  class space    used 3096K, capacity 3241K, committed 3272K, reserved 1048576K
2023-04-25T10:23:02.962+0530: 1.768: [GC (Allocation Failure) 2023-04-25T10:23:02.962+0530: 1.768: [ParNew
Desired survivor size 20112992 bytes, new threshold 8 (max 8)
- age   1:    5390528 bytes,    5390528 total
- age   2:     211288 bytes,    5601816 total
- age   3:     121376 bytes,    5723192 total
- age   4:     129496 bytes,    5852688 total
- age   6:     116192 bytes,    5968880 total
- age   7:     294136 bytes,    6263016 total
- age   8:     311976 bytes,    6574992 total
: 98239K->9161K(109248K), 0.0083782 secs] 100772K->16501K(502464K), 0.0084368 secs] [Times: user=0.04 sys=0.00, real=0.01 secs] 
Heap after GC invocations=10 (full 1):
 par new generation   total 109248K, used 9161K [0x00000000e0000000, 0x00000000e8000000, 0x00000000e8000000)
  eden space 87424K,   0% used [0x00000000e0000000, 0x00000000e0000000, 0x00000000e5560000)
  from space 21824K,  41% used [0x00000000e5560000, 0x00000000e5e52400, 0x00000000e6ab0000)
  to   space 21824K,   0% used [0x00000000e6ab0000, 0x00000000e6ab0000, 0x00000000e8000000)
 concurrent mark-sweep generation total 393216K, used 7340K [0x00000000e8000000, 0x0000000100000000, 0x0000000100000000)
 Metaspace       used 26402K, capacity 26810K, committed 27080K, reserved 1073152K
  class space    used 3096K, capacity 3241K, committed 3272K, reserved 1048576K
}
2023-04-25T10:23:02.971+0530: 1.777: Total time for which application threads were stopped: 0.0086023 seconds, Stopping threads took: 0.0000352 seconds
2023-04-25T10:23:03.027+0530: 1.834: Total time for which application threads were stopped: 0.0003624 seconds, Stopping threads took: 0.0000169 seconds
2023-04-25T10:23:03.038+0530: 1.845: Total time for which application threads were stopped: 0.0003568 seconds, Stopping threads took: 0.0000169 seconds
2023-04-25T10:23:03.040+0530: 1.846: Total time for which application threads were stopped: 0.0003057 seconds, Stopping threads took: 0.0000131 seconds
{Heap before GC invocations=10 (full 1):
 par new generation   total 109248K, used 96585K [0x00000000e0000000, 0x00000000e8000000, 0x00000000e8000000)
  eden space 87424K, 100% used [0x00000000e0000000, 0x00000000e5560000, 0x00000000e5560000)
  from space 21824K,  41% used [0x00000000e5560000, 0x00000000e5e52400, 0x00000000e6ab0000)
  to   space 21824K,   0% used [0x00000000e6ab0000, 0x00000000e6ab0000, 0x00000000e8000000)
 concurrent mark-sweep generation total 393216K, used 7340K [0x00000000e8000000, 0x0000000100000000, 0x0000000100000000)
 Metaspace       used 28135K, capacity 28510K, committed 28872K, reserved 1075200K
  class space    used 3288K, capacity 3439K, committed 3528K, reserved 1048576K
2023-04-25T10:23:03.134+0530: 1.940: [GC (Allocation Failure) 2023-04-25T10:23:03.134+0530: 1.941: [ParNew
Desired survivor size 20112992 bytes, new threshold 8 (max 8)
- age   1:   10429328 bytes,   10429328 total
- age   2:    2325488 bytes,   12754816 total
- age   3:     211288 bytes,   12966104 total
- age   4:     121280 bytes,   13087384 total
- age   5:     128808 bytes,   13216192 total
- age   7:     116064 bytes,   13332256 total
- age   8:     293784 bytes,   13626040 total
: 96585K->15099K(109248K), 0.0084656 secs] 103925K->22745K(502464K), 0.0085591 secs] [Times: user=0.05 sys=0.01, real=0.01 secs] 
Heap after GC invocations=11 (full 1):
 par new generation   total 109248K, used 15099K [0x00000000e0000000, 0x00000000e8000000, 0x00000000e8000000)
  eden space 87424K,   0% used [0x00000000e0000000, 0x00000000e0000000, 0x00000000e5560000)
  from space 21824K,  69% used [0x00000000e6ab0000, 0x00000000e796eff0, 0x00000000e8000000)
  to   space 21824K,   0% used [0x00000000e5560000, 0x00000000e5560000, 0x00000000e6ab0000)
 concurrent mark-sweep generation total 393216K, used 7645K [0x00000000e8000000, 0x0000000100000000, 0x0000000100000000)
 Metaspace       used 28135K, capacity 28510K, committed 28872K, reserved 1075200K
  class space    used 3288K, capacity 3439K, committed 3528K, reserved 1048576K
}
2023-04-25T10:23:03.143+0530: 1.949: Total time for which application threads were stopped: 0.0088146 seconds, Stopping threads took: 0.0000542 seconds
2023-04-25T10:23:03.155+0530: 1.962: Total time for which application threads were stopped: 0.0004388 seconds, Stopping threads took: 0.0000463 seconds
{Heap before GC invocations=11 (full 1):
 par new generation   total 109248K, used 102523K [0x00000000e0000000, 0x00000000e8000000, 0x00000000e8000000)
  eden space 87424K, 100% used [0x00000000e0000000, 0x00000000e5560000, 0x00000000e5560000)
  from space 21824K,  69% used [0x00000000e6ab0000, 0x00000000e796eff0, 0x00000000e8000000)
  to   space 21824K,   0% used [0x00000000e5560000, 0x00000000e5560000, 0x00000000e6ab0000)
 concurrent mark-sweep generation total 393216K, used 7645K [0x00000000e8000000, 0x0000000100000000, 0x0000000100000000)
 Metaspace       used 28221K, capacity 28586K, committed 28872K, reserved 1075200K
  class space    used 3295K, capacity 3441K, committed 3528K, reserved 1048576K
2023-04-25T10:23:03.182+0530: 1.988: [GC (Allocation Failure) 2023-04-25T10:23:03.182+0530: 1.988: [ParNew
Desired survivor size 20112992 bytes, new threshold 8 (max 8)
- age   1:    2525808 bytes,    2525808 total
- age   2:    8023632 bytes,   10549440 total
- age   3:    2391056 bytes,   12940496 total
- age   4:     211288 bytes,   13151784 total
- age   5:     121280 bytes,   13273064 total
- age   6:     128808 bytes,   13401872 total
- age   8:     116064 bytes,   13517936 total
: 102523K->19019K(109248K), 0.0080245 secs] 110169K->26956K(502464K), 0.0081098 secs] [Times: user=0.05 sys=0.00, real=0.01 secs] 
Heap after GC invocations=12 (full 1):
 par new generation   total 109248K, used 19019K [0x00000000e0000000, 0x00000000e8000000, 0x00000000e8000000)
  eden space 87424K,   0% used [0x00000000e0000000, 0x00000000e0000000, 0x00000000e5560000)
  from space 21824K,  87% used [0x00000000e5560000, 0x00000000e67f2d88, 0x00000000e6ab0000)
  to   space 21824K,   0% used [0x00000000e6ab0000, 0x00000000e6ab0000, 0x00000000e8000000)
 concurrent mark-sweep generation total 393216K, used 7937K [0x00000000e8000000, 0x0000000100000000, 0x0000000100000000)
 Metaspace       used 28221K, capacity 28586K, committed 28872K, reserved 1075200K
  class space    used 3295K, capacity 3441K, committed 3528K, reserved 1048576K
}
2023-04-25T10:23:03.190+0530: 1.996: Total time for which application threads were stopped: 0.0083097 seconds, Stopping threads took: 0.0000337 seconds
{Heap before GC invocations=12 (full 1):
 par new generation   total 109248K, used 106443K [0x00000000e0000000, 0x00000000e8000000, 0x00000000e8000000)
  eden space 87424K, 100% used [0x00000000e0000000, 0x00000000e5560000, 0x00000000e5560000)
  from space 21824K,  87% used [0x00000000e5560000, 0x00000000e67f2d88, 0x00000000e6ab0000)
  to   space 21824K,   0% used [0x00000000e6ab0000, 0x00000000e6ab0000, 0x00000000e8000000)
 concurrent mark-sweep generation total 393216K, used 7937K [0x00000000e8000000, 0x0000000100000000, 0x0000000100000000)
 Metaspace       used 28262K, capacity 28634K, committed 28872K, reserved 1075200K
  class space    used 3299K, capacity 3449K, committed 3528K, reserved 1048576K
2023-04-25T10:23:03.218+0530: 2.025: [GC (Allocation Failure) 2023-04-25T10:23:03.218+0530: 2.025: [ParNew
Desired survivor size 20112992 bytes, new threshold 8 (max 8)
- age   1:    1008480 bytes,    1008480 total
- age   2:    2185560 bytes,    3194040 total
- age   3:    7993416 bytes,   11187456 total
- age   4:    2325488 bytes,   13512944 total
- age   5:     211288 bytes,   13724232 total
- age   6:     121280 bytes,   13845512 total
- age   7:     128600 bytes,   13974112 total
: 106443K->17197K(109248K), 0.0081299 secs] 114380K->25252K(502464K), 0.0082349 secs] [Times: user=0.05 sys=0.00, real=0.01 secs] 
Heap after GC invocations=13 (full 1):
 par new generation   total 109248K, used 17197K [0x00000000e0000000, 0x00000000e8000000, 0x00000000e8000000)
  eden space 87424K,   0% used [0x00000000e0000000, 0x00000000e0000000, 0x00000000e5560000)
  from space 21824K,  78% used [0x00000000e6ab0000, 0x00000000e7b7b738, 0x00000000e8000000)
  to   space 21824K,   0% used [0x00000000e5560000, 0x00000000e5560000, 0x00000000e6ab0000)
 concurrent mark-sweep generation total 393216K, used 8054K [0x00000000e8000000, 0x0000000100000000, 0x0000000100000000)
 Metaspace       used 28262K, capacity 28634K, committed 28872K, reserved 1075200K
  class space    used 3299K, capacity 3449K, committed 3528K, reserved 1048576K
}
2023-04-25T10:23:03.227+0530: 2.033: Total time for which application threads were stopped: 0.0084624 seconds, Stopping threads took: 0.0000387 seconds
{Heap before GC invocations=13 (full 1):
 par new generation   total 109248K, used 104621K [0x00000000e0000000, 0x00000000e8000000, 0x00000000e8000000)
  eden space 87424K, 100% used [0x00000000e0000000, 0x00000000e5560000, 0x00000000e5560000)
  from space 21824K,  78% used [0x00000000e6ab0000, 0x00000000e7b7b738, 0x00000000e8000000)
  to   space 21824K,   0% used [0x00000000e5560000, 0x00000000e5560000, 0x00000000e6ab0000)
 concurrent mark-sweep generation total 393216K, used 8054K [0x00000000e8000000, 0x0000000100000000, 0x0000000100000000)
 Metaspace       used 28287K, capacity 28664K, committed 28872K, reserved 1075200K
  class space    used 3302K, capacity 3454K, committed 3528K, reserved 1048576K
2023-04-25T10:23:03.280+0530: 2.086: [GC (Allocation Failure) 2023-04-25T10:23:03.280+0530: 2.086: [ParNew
Desired survivor size 20112992 bytes, new threshold 8 (max 8)
- age   1:     816528 bytes,     816528 total
- age   2:      61496 bytes,     878024 total
- age   3:    2185504 bytes,    3063528 total
- age   4:    7993488 bytes,   11057016 total
- age   5:    2325488 bytes,   13382504 total
- age   6:     211288 bytes,   13593792 total
- age   7:     121280 bytes,   13715072 total
- age   8:     128288 bytes,   13843360 total
: 104621K->21255K(109248K), 0.0078517 secs] 112676K->29309K(502464K), 0.0079378 secs] [Times: user=0.05 sys=0.00, real=0.01 secs] 
Heap after GC invocations=14 (full 1):
 par new generation   total 109248K, used 21255K [0x00000000e0000000, 0x00000000e8000000, 0x00000000e8000000)
  eden space 87424K,   0% used [0x00000000e0000000, 0x00000000e0000000, 0x00000000e5560000)
  from space 21824K,  97% used [0x00000000e5560000, 0x00000000e6a21ce8, 0x00000000e6ab0000)
  to   space 21824K,   0% used [0x00000000e6ab0000, 0x00000000e6ab0000, 0x00000000e8000000)
 concurrent mark-sweep generation total 393216K, used 8054K [0x00000000e8000000, 0x0000000100000000, 0x0000000100000000)
 Metaspace       used 28287K, capacity 28664K, committed 28872K, reserved 1075200K
  class space    used 3302K, capacity 3454K, committed 3528K, reserved 1048576K
}
2023-04-25T10:23:03.288+0530: 2.094: Total time for which application threads were stopped: 0.0081165 seconds, Stopping threads took: 0.0000417 seconds
{Heap before GC invocations=14 (full 1):
 par new generation   total 109248K, used 108679K [0x00000000e0000000, 0x00000000e8000000, 0x00000000e8000000)
  eden space 87424K, 100% used [0x00000000e0000000, 0x00000000e5560000, 0x00000000e5560000)
  from space 21824K,  97% used [0x00000000e5560000, 0x00000000e6a21ce8, 0x00000000e6ab0000)
  to   space 21824K,   0% used [0x00000000e6ab0000, 0x00000000e6ab0000, 0x00000000e8000000)
 concurrent mark-sweep generation total 393216K, used 8054K [0x00000000e8000000, 0x0000000100000000, 0x0000000100000000)
 Metaspace       used 28293K, capacity 28670K, committed 28872K, reserved 1075200K
  class space    used 3302K, capacity 3455K, committed 3528K, reserved 1048576K
2023-04-25T10:23:03.345+0530: 2.151: [GC (Allocation Failure) 2023-04-25T10:23:03.345+0530: 2.151: [ParNew
Desired survivor size 20112992 bytes, new threshold 8 (max 8)
- age   1:     384160 bytes,     384160 total
- age   2:     101872 bytes,     486032 total
- age   3:      60680 bytes,     546712 total
- age   4:    2185504 bytes,    2732216 total
- age   5:    7993416 bytes,   10725632 total
- age   6:    2325488 bytes,   13051120 total
- age   7:     211288 bytes,   13262408 total
- age   8:     121280 bytes,   13383688 total
: 108679K->16040K(109248K), 0.0091938 secs] 116733K->24222K(502464K), 0.0093066 secs] [Times: user=0.05 sys=0.00, real=0.01 secs] 
Heap after GC invocations=15 (full 1):
 par new generation   total 109248K, used 16040K [0x00000000e0000000, 0x00000000e8000000, 0x00000000e8000000)
  eden space 87424K,   0% used [0x00000000e0000000, 0x00000000e0000000, 0x00000000e5560000)
  from space 21824K,  73% used [0x00000000e6ab0000, 0x00000000e7a5a190, 0x00000000e8000000)
  to   space 21824K,   0% used [0x00000000e5560000, 0x00000000e5560000, 0x00000000e6ab0000)
 concurrent mark-sweep generation total 393216K, used 8182K [0x00000000e8000000, 0x0000000100000000, 0x0000000100000000)
 Metaspace       used 28293K, capacity 28670K, committed 28872K, reserved 1075200K
  class space    used 3302K, capacity 3455K, committed 3528K, reserved 1048576K
}
2023-04-25T10:23:03.355+0530: 2.161: Total time for which application threads were stopped: 0.0094849 seconds, Stopping threads took: 0.0000517 seconds
{Heap before GC invocations=15 (full 1):
 par new generation   total 109248K, used 103464K [0x00000000e0000000, 0x00000000e8000000, 0x00000000e8000000)
  eden space 87424K, 100% used [0x00000000e0000000, 0x00000000e5560000, 0x00000000e5560000)
  from space 21824K,  73% used [0x00000000e6ab0000, 0x00000000e7a5a190, 0x00000000e8000000)
  to   space 21824K,   0% used [0x00000000e5560000, 0x00000000e5560000, 0x00000000e6ab0000)
 concurrent mark-sweep generation total 393216K, used 8182K [0x00000000e8000000, 0x0000000100000000, 0x0000000100000000)
 Metaspace       used 28340K, capacity 28740K, committed 29128K, reserved 1075200K
  class space    used 3303K, capacity 3456K, committed 3528K, reserved 1048576K
2023-04-25T10:23:03.399+0530: 2.205: [GC (Allocation Failure) 2023-04-25T10:23:03.399+0530: 2.205: [ParNew
Desired survivor size 20112992 bytes, new threshold 8 (max 8)
- age   1:     549616 bytes,     549616 total
- age   2:      88824 bytes,     638440 total
- age   3:     101512 bytes,     739952 total
- age   4:      60152 bytes,     800104 total
- age   5:    2184528 bytes,    2984632 total
- age   6:    7993416 bytes,   10978048 total
- age   7:    2325384 bytes,   13303432 total
- age   8:     211288 bytes,   13514720 total
: 103464K->19961K(109248K), 0.0087547 secs] 111646K->28265K(502464K), 0.0088200 secs] [Times: user=0.05 sys=0.00, real=0.01 secs] 
Heap after GC invocations=16 (full 1):
 par new generation   total 109248K, used 19961K [0x00000000e0000000, 0x00000000e8000000, 0x00000000e8000000)
  eden space 87424K,   0% used [0x00000000e0000000, 0x00000000e0000000, 0x00000000e5560000)
  from space 21824K,  91% used [0x00000000e5560000, 0x00000000e68de5f0, 0x00000000e6ab0000)
  to   space 21824K,   0% used [0x00000000e6ab0000, 0x00000000e6ab0000, 0x00000000e8000000)
 concurrent mark-sweep generation total 393216K, used 8303K [0x00000000e8000000, 0x0000000100000000, 0x0000000100000000)
 Metaspace       used 28340K, capacity 28740K, committed 29128K, reserved 1075200K
  class space    used 3303K, capacity 3456K, committed 3528K, reserved 1048576K
}
2023-04-25T10:23:03.408+0530: 2.214: Total time for which application threads were stopped: 0.0090064 seconds, Stopping threads took: 0.0000423 seconds
{Heap before GC invocations=16 (full 1):
 par new generation   total 109248K, used 107385K [0x00000000e0000000, 0x00000000e8000000, 0x00000000e8000000)
  eden space 87424K, 100% used [0x00000000e0000000, 0x00000000e5560000, 0x00000000e5560000)
  from space 21824K,  91% used [0x00000000e5560000, 0x00000000e68de5f0, 0x00000000e6ab0000)
  to   space 21824K,   0% used [0x00000000e6ab0000, 0x00000000e6ab0000, 0x00000000e8000000)
 concurrent mark-sweep generation total 393216K, used 8303K [0x00000000e8000000, 0x0000000100000000, 0x0000000100000000)
 Metaspace       used 28549K, capacity 28974K, committed 29128K, reserved 1075200K
  class space    used 3313K, capacity 3469K, committed 3528K, reserved 1048576K
2023-04-25T10:23:03.493+0530: 2.299: [GC (Allocation Failure) 2023-04-25T10:23:03.493+0530: 2.299: [ParNew
Desired survivor size 20112992 bytes, new threshold 8 (max 8)
- age   1:    8665288 bytes,    8665288 total
- age   2:     119200 bytes,    8784488 total
- age   3:      87624 bytes,    8872112 total
- age   4:     100912 bytes,    8973024 total
- age   5:      59240 bytes,    9032264 total
- age   6:     267288 bytes,    9299552 total
- age   7:    7979120 bytes,   17278672 total
- age   8:    2325152 bytes,   19603824 total
: 107385K->21784K(109248K), 0.0119055 secs] 115689K->30299K(502464K), 0.0120007 secs] [Times: user=0.06 sys=0.01, real=0.01 secs] 
Heap after GC invocations=17 (full 1):
 par new generation   total 109248K, used 21784K [0x00000000e0000000, 0x00000000e8000000, 0x00000000e8000000)
  eden space 87424K,   0% used [0x00000000e0000000, 0x00000000e0000000, 0x00000000e5560000)
  from space 21824K,  99% used [0x00000000e6ab0000, 0x00000000e7ff63d0, 0x00000000e8000000)
  to   space 21824K,   0% used [0x00000000e5560000, 0x00000000e5560000, 0x00000000e6ab0000)
 concurrent mark-sweep generation total 393216K, used 8514K [0x00000000e8000000, 0x0000000100000000, 0x0000000100000000)
 Metaspace       used 28549K, capacity 28974K, committed 29128K, reserved 1075200K
  class space    used 3313K, capacity 3469K, committed 3528K, reserved 1048576K
}
2023-04-25T10:23:03.505+0530: 2.311: Total time for which application threads were stopped: 0.0122075 seconds, Stopping threads took: 0.0000231 seconds
{Heap before GC invocations=17 (full 1):
 par new generation   total 109248K, used 109208K [0x00000000e0000000, 0x00000000e8000000, 0x00000000e8000000)
  eden space 87424K, 100% used [0x00000000e0000000, 0x00000000e5560000, 0x00000000e5560000)
  from space 21824K,  99% used [0x00000000e6ab0000, 0x00000000e7ff63d0, 0x00000000e8000000)
  to   space 21824K,   0% used [0x00000000e5560000, 0x00000000e5560000, 0x00000000e6ab0000)
 concurrent mark-sweep generation total 393216K, used 8514K [0x00000000e8000000, 0x0000000100000000, 0x0000000100000000)
 Metaspace       used 28554K, capacity 28974K, committed 29128K, reserved 1075200K
  class space    used 3313K, capacity 3469K, committed 3528K, reserved 1048576K
2023-04-25T10:23:03.559+0530: 2.365: [GC (Allocation Failure) 2023-04-25T10:23:03.559+0530: 2.365: [ParNew
Desired survivor size 20112992 bytes, new threshold 8 (max 8)
- age   1:     861352 bytes,     861352 total
- age   2:    8324728 bytes,    9186080 total
- age   3:     119200 bytes,    9305280 total
- age   4:      87624 bytes,    9392904 total
- age   5:     100912 bytes,    9493816 total
- age   6:      59240 bytes,    9553056 total
- age   7:     267288 bytes,    9820344 total
- age   8:    7979120 bytes,   17799464 total
: 109208K->21824K(109248K), 0.0111959 secs] 117723K->32638K(502464K), 0.0112706 secs] [Times: user=0.06 sys=0.00, real=0.02 secs] 
Heap after GC invocations=18 (full 1):
 par new generation   total 109248K, used 21824K [0x00000000e0000000, 0x00000000e8000000, 0x00000000e8000000)
  eden space 87424K,   0% used [0x00000000e0000000, 0x00000000e0000000, 0x00000000e5560000)
  from space 21824K, 100% used [0x00000000e5560000, 0x00000000e6ab0000, 0x00000000e6ab0000)
  to   space 21824K,   0% used [0x00000000e6ab0000, 0x00000000e6ab0000, 0x00000000e8000000)
 concurrent mark-sweep generation total 393216K, used 10814K [0x00000000e8000000, 0x0000000100000000, 0x0000000100000000)
 Metaspace       used 28554K, capacity 28974K, committed 29128K, reserved 1075200K
  class space    used 3313K, capacity 3469K, committed 3528K, reserved 1048576K
}
2023-04-25T10:23:03.570+0530: 2.376: Total time for which application threads were stopped: 0.0114240 seconds, Stopping threads took: 0.0000371 seconds
2023-04-25T10:23:04.570+0530: 3.376: Total time for which application threads were stopped: 0.0001345 seconds, Stopping threads took: 0.0000237 seconds
2023-04-25T10:23:05.230+0530: 4.036: Total time for which application threads were stopped: 0.0002939 seconds, Stopping threads took: 0.0000182 seconds
{Heap before GC invocations=18 (full 1):
 par new generation   total 109248K, used 109248K [0x00000000e0000000, 0x00000000e8000000, 0x00000000e8000000)
  eden space 87424K, 100% used [0x00000000e0000000, 0x00000000e5560000, 0x00000000e5560000)
  from space 21824K, 100% used [0x00000000e5560000, 0x00000000e6ab0000, 0x00000000e6ab0000)
  to   space 21824K,   0% used [0x00000000e6ab0000, 0x00000000e6ab0000, 0x00000000e8000000)
 concurrent mark-sweep generation total 393216K, used 10814K [0x00000000e8000000, 0x0000000100000000, 0x0000000100000000)
 Metaspace       used 28691K, capacity 29102K, committed 29384K, reserved 1075200K
  class space    used 3317K, capacity 3469K, committed 3528K, reserved 1048576K
2023-04-25T10:23:33.716+0530: 32.523: [GC (Allocation Failure) 2023-04-25T10:23:33.716+0530: 32.523: [ParNew
Desired survivor size 20112992 bytes, new threshold 8 (max 8)
- age   1:    2598760 bytes,    2598760 total
- age   2:     146696 bytes,    2745456 total
- age   3:    8312264 bytes,   11057720 total
- age   4:     119200 bytes,   11176920 total
- age   5:      87624 bytes,   11264544 total
- age   6:     100912 bytes,   11365456 total
- age   7:      59240 bytes,   11424696 total
- age   8:     267288 bytes,   11691984 total
: 109248K->21824K(109248K), 0.0125933 secs] 120062K->42249K(502464K), 0.0126592 secs] [Times: user=0.04 sys=0.00, real=0.02 secs] 
Heap after GC invocations=19 (full 1):
 par new generation   total 109248K, used 21824K [0x00000000e0000000, 0x00000000e8000000, 0x00000000e8000000)
  eden space 87424K,   0% used [0x00000000e0000000, 0x00000000e0000000, 0x00000000e5560000)
  from space 21824K, 100% used [0x00000000e6ab0000, 0x00000000e8000000, 0x00000000e8000000)
  to   space 21824K,   0% used [0x00000000e5560000, 0x00000000e5560000, 0x00000000e6ab0000)
 concurrent mark-sweep generation total 393216K, used 20425K [0x00000000e8000000, 0x0000000100000000, 0x0000000100000000)
 Metaspace       used 28691K, capacity 29102K, committed 29384K, reserved 1075200K
  class space    used 3317K, capacity 3469K, committed 3528K, reserved 1048576K
}
2023-04-25T10:23:33.729+0530: 32.535: Total time for which application threads were stopped: 0.0127739 seconds, Stopping threads took: 0.0000139 seconds
2023-04-25T10:23:33.729+0530: 32.535: Total time for which application threads were stopped: 0.0000501 seconds, Stopping threads took: 0.0000080 seconds
2023-04-25T10:23:33.732+0530: 32.538: Total time for which application threads were stopped: 0.0000389 seconds, Stopping threads took: 0.0000090 seconds
2023-04-25T10:23:33.745+0530: 32.551: Total time for which application threads were stopped: 0.0004201 seconds, Stopping threads took: 0.0000137 seconds
2023-04-25T10:23:33.752+0530: 32.558: Total time for which application threads were stopped: 0.0000566 seconds, Stopping threads took: 0.0000123 seconds
2023-04-25T10:23:33.813+0530: 32.619: Total time for which application threads were stopped: 0.0000979 seconds, Stopping threads took: 0.0000199 seconds
2023-04-25T10:23:33.813+0530: 32.619: Total time for which application threads were stopped: 0.0000742 seconds, Stopping threads took: 0.0000153 seconds
2023-04-25T10:23:33.820+0530: 32.627: Total time for which application threads were stopped: 0.0000499 seconds, Stopping threads took: 0.0000117 seconds
2023-04-25T10:23:33.821+0530: 32.627: Total time for which application threads were stopped: 0.0000305 seconds, Stopping threads took: 0.0000058 seconds
2023-04-25T10:23:33.821+0530: 32.627: Total time for which application threads were stopped: 0.0000401 seconds, Stopping threads took: 0.0000117 seconds
2023-04-25T10:23:33.822+0530: 32.628: Total time for which application threads were stopped: 0.0000560 seconds, Stopping threads took: 0.0000218 seconds
2023-04-25T10:23:33.832+0530: 32.638: Total time for which application threads were stopped: 0.0003613 seconds, Stopping threads took: 0.0000116 seconds
2023-04-25T10:23:33.841+0530: 32.647: Total time for which application threads were stopped: 0.0001023 seconds, Stopping threads took: 0.0000319 seconds
2023-04-25T10:23:33.841+0530: 32.647: Total time for which application threads were stopped: 0.0000612 seconds, Stopping threads took: 0.0000217 seconds
2023-04-25T10:23:34.841+0530: 33.648: Total time for which application threads were stopped: 0.0002510 seconds, Stopping threads took: 0.0000573 seconds
2023-04-25T10:23:47.628+0530: 46.434: Total time for which application threads were stopped: 0.0001672 seconds, Stopping threads took: 0.0000556 seconds
2023-04-25T10:23:47.628+0530: 46.435: Total time for which application threads were stopped: 0.0001042 seconds, Stopping threads took: 0.0000202 seconds
2023-04-25T10:23:47.629+0530: 46.436: Total time for which application threads were stopped: 0.0001099 seconds, Stopping threads took: 0.0000242 seconds
2023-04-25T10:23:47.636+0530: 46.442: Total time for which application threads were stopped: 0.0002261 seconds, Stopping threads took: 0.0001245 seconds
2023-04-25T10:23:47.636+0530: 46.442: Total time for which application threads were stopped: 0.0001563 seconds, Stopping threads took: 0.0000951 seconds
2023-04-25T10:23:47.637+0530: 46.443: Total time for which application threads were stopped: 0.0001789 seconds, Stopping threads took: 0.0001184 seconds
2023-04-25T10:23:47.637+0530: 46.443: Total time for which application threads were stopped: 0.0001140 seconds, Stopping threads took: 0.0000566 seconds
2023-04-25T10:23:47.638+0530: 46.444: Total time for which application threads were stopped: 0.0000990 seconds, Stopping threads took: 0.0000179 seconds
2023-04-25T10:23:47.640+0530: 46.446: Total time for which application threads were stopped: 0.0001797 seconds, Stopping threads took: 0.0000951 seconds
2023-04-25T10:23:47.650+0530: 46.457: Total time for which application threads were stopped: 0.0000906 seconds, Stopping threads took: 0.0000244 seconds
2023-04-25T10:23:47.651+0530: 46.457: Total time for which application threads were stopped: 0.0000708 seconds, Stopping threads took: 0.0000187 seconds
2023-04-25T10:23:59.103+0530: 57.909: Total time for which application threads were stopped: 0.0001535 seconds, Stopping threads took: 0.0000548 seconds
2023-04-25T10:23:59.103+0530: 57.909: Total time for which application threads were stopped: 0.0000887 seconds, Stopping threads took: 0.0000149 seconds
2023-04-25T10:23:59.104+0530: 57.910: Total time for which application threads were stopped: 0.0001142 seconds, Stopping threads took: 0.0000399 seconds
2023-04-25T10:23:59.107+0530: 57.913: Total time for which application threads were stopped: 0.0001165 seconds, Stopping threads took: 0.0000275 seconds
2023-04-25T10:23:59.110+0530: 57.916: Total time for which application threads were stopped: 0.0001131 seconds, Stopping threads took: 0.0000266 seconds
2023-04-25T10:23:59.110+0530: 57.916: Total time for which application threads were stopped: 0.0001775 seconds, Stopping threads took: 0.0000159 seconds
2023-04-25T10:23:59.111+0530: 57.917: Total time for which application threads were stopped: 0.0001163 seconds, Stopping threads took: 0.0000299 seconds
2023-04-25T10:23:59.111+0530: 57.917: Total time for which application threads were stopped: 0.0000776 seconds, Stopping threads took: 0.0000142 seconds
2023-04-25T10:23:59.112+0530: 57.918: Total time for which application threads were stopped: 0.0000969 seconds, Stopping threads took: 0.0000405 seconds
2023-04-25T10:23:59.121+0530: 57.927: Total time for which application threads were stopped: 0.0001102 seconds, Stopping threads took: 0.0000402 seconds
2023-04-25T10:24:19.631+0530: 78.437: Total time for which application threads were stopped: 0.0001635 seconds, Stopping threads took: 0.0000670 seconds
2023-04-25T10:24:19.632+0530: 78.438: Total time for which application threads were stopped: 0.0001043 seconds, Stopping threads took: 0.0000304 seconds
2023-04-25T10:24:19.632+0530: 78.439: Total time for which application threads were stopped: 0.0001275 seconds, Stopping threads took: 0.0000293 seconds
2023-04-25T10:24:19.635+0530: 78.441: Total time for which application threads were stopped: 0.0001130 seconds, Stopping threads took: 0.0000239 seconds
2023-04-25T10:24:19.637+0530: 78.444: Total time for which application threads were stopped: 0.0002181 seconds, Stopping threads took: 0.0000990 seconds
2023-04-25T10:24:19.638+0530: 78.444: Total time for which application threads were stopped: 0.0001320 seconds, Stopping threads took: 0.0000493 seconds
2023-04-25T10:24:19.639+0530: 78.445: Total time for which application threads were stopped: 0.0001653 seconds, Stopping threads took: 0.0000777 seconds
2023-04-25T10:24:19.639+0530: 78.445: Total time for which application threads were stopped: 0.0001341 seconds, Stopping threads took: 0.0000713 seconds
2023-04-25T10:24:19.640+0530: 78.446: Total time for which application threads were stopped: 0.0000913 seconds, Stopping threads took: 0.0000411 seconds
2023-04-25T10:24:19.646+0530: 78.452: Total time for which application threads were stopped: 0.0000972 seconds, Stopping threads took: 0.0000228 seconds
2023-04-25T10:24:19.646+0530: 78.453: Total time for which application threads were stopped: 0.0000650 seconds, Stopping threads took: 0.0000167 seconds
2023-04-25T10:24:27.816+0530: 86.622: Total time for which application threads were stopped: 0.0001335 seconds, Stopping threads took: 0.0000294 seconds
2023-04-25T10:24:27.816+0530: 86.622: Total time for which application threads were stopped: 0.0001151 seconds, Stopping threads took: 0.0000365 seconds
2023-04-25T10:24:27.817+0530: 86.623: Total time for which application threads were stopped: 0.0001035 seconds, Stopping threads took: 0.0000198 seconds
2023-04-25T10:24:27.818+0530: 86.624: Total time for which application threads were stopped: 0.0000892 seconds, Stopping threads took: 0.0000169 seconds
2023-04-25T10:24:27.820+0530: 86.626: Total time for which application threads were stopped: 0.0001567 seconds, Stopping threads took: 0.0000676 seconds
2023-04-25T10:24:27.822+0530: 86.628: Total time for which application threads were stopped: 0.0001152 seconds, Stopping threads took: 0.0000301 seconds
2023-04-25T10:24:27.822+0530: 86.629: Total time for which application threads were stopped: 0.0000883 seconds, Stopping threads took: 0.0000202 seconds
2023-04-25T10:24:27.823+0530: 86.629: Total time for which application threads were stopped: 0.0000652 seconds, Stopping threads took: 0.0000150 seconds
2023-04-25T10:24:27.823+0530: 86.630: Total time for which application threads were stopped: 0.0000440 seconds, Stopping threads took: 0.0000063 seconds
2023-04-25T10:24:27.824+0530: 86.630: Total time for which application threads were stopped: 0.0001228 seconds, Stopping threads took: 0.0000617 seconds
2023-04-25T10:24:27.831+0530: 86.637: Total time for which application threads were stopped: 0.0001023 seconds, Stopping threads took: 0.0000344 seconds
2023-04-25T10:24:27.832+0530: 86.638: Total time for which application threads were stopped: 0.0003611 seconds, Stopping threads took: 0.0003080 seconds
2023-04-25T10:24:28.832+0530: 87.638: Total time for which application threads were stopped: 0.0002078 seconds, Stopping threads took: 0.0000502 seconds
2023-04-25T10:24:39.938+0530: 98.744: Total time for which application threads were stopped: 0.0001810 seconds, Stopping threads took: 0.0000526 seconds
2023-04-25T10:24:39.938+0530: 98.744: Total time for which application threads were stopped: 0.0001078 seconds, Stopping threads took: 0.0000185 seconds
2023-04-25T10:24:39.940+0530: 98.746: Total time for which application threads were stopped: 0.0001665 seconds, Stopping threads took: 0.0000737 seconds
2023-04-25T10:24:39.944+0530: 98.751: Total time for which application threads were stopped: 0.0001215 seconds, Stopping threads took: 0.0000372 seconds
2023-04-25T10:24:39.945+0530: 98.751: Total time for which application threads were stopped: 0.0001171 seconds, Stopping threads took: 0.0000464 seconds
2023-04-25T10:24:39.945+0530: 98.752: Total time for which application threads were stopped: 0.0000909 seconds, Stopping threads took: 0.0000180 seconds
2023-04-25T10:24:39.946+0530: 98.752: Total time for which application threads were stopped: 0.0000611 seconds, Stopping threads took: 0.0000126 seconds
2023-04-25T10:24:39.946+0530: 98.753: Total time for which application threads were stopped: 0.0001505 seconds, Stopping threads took: 0.0000862 seconds
2023-04-25T10:24:39.953+0530: 98.759: Total time for which application threads were stopped: 0.0001507 seconds, Stopping threads took: 0.0000410 seconds
2023-04-25T10:25:50.730+0530: 169.536: Total time for which application threads were stopped: 0.0001113 seconds, Stopping threads took: 0.0000399 seconds
2023-04-25T10:25:50.730+0530: 169.536: Total time for which application threads were stopped: 0.0000624 seconds, Stopping threads took: 0.0000120 seconds
2023-04-25T10:25:50.730+0530: 169.537: Total time for which application threads were stopped: 0.0000707 seconds, Stopping threads took: 0.0000137 seconds
2023-04-25T10:25:50.732+0530: 169.538: Total time for which application threads were stopped: 0.0000974 seconds, Stopping threads took: 0.0000162 seconds
2023-04-25T10:25:50.732+0530: 169.538: Total time for which application threads were stopped: 0.0000785 seconds, Stopping threads took: 0.0000140 seconds
2023-04-25T10:25:50.734+0530: 169.541: Total time for which application threads were stopped: 0.0000955 seconds, Stopping threads took: 0.0000197 seconds
2023-04-25T10:25:50.735+0530: 169.541: Total time for which application threads were stopped: 0.0001416 seconds, Stopping threads took: 0.0000101 seconds
2023-04-25T10:25:50.736+0530: 169.542: Total time for which application threads were stopped: 0.0000596 seconds, Stopping threads took: 0.0000108 seconds
2023-04-25T10:25:50.736+0530: 169.542: Total time for which application threads were stopped: 0.0000628 seconds, Stopping threads took: 0.0000122 seconds
2023-04-25T10:25:50.736+0530: 169.542: Total time for which application threads were stopped: 0.0000602 seconds, Stopping threads took: 0.0000164 seconds
2023-04-25T10:25:50.740+0530: 169.546: Total time for which application threads were stopped: 0.0000795 seconds, Stopping threads took: 0.0000154 seconds
2023-04-25T10:25:50.744+0530: 169.550: Total time for which application threads were stopped: 0.0001070 seconds, Stopping threads took: 0.0000295 seconds
2023-04-25T10:26:10.881+0530: 189.688: Total time for which application threads were stopped: 0.0001209 seconds, Stopping threads took: 0.0000402 seconds
2023-04-25T10:26:10.882+0530: 189.688: Total time for which application threads were stopped: 0.0000679 seconds, Stopping threads took: 0.0000135 seconds
2023-04-25T10:26:10.882+0530: 189.689: Total time for which application threads were stopped: 0.0000731 seconds, Stopping threads took: 0.0000166 seconds
2023-04-25T10:26:10.885+0530: 189.692: Total time for which application threads were stopped: 0.0000932 seconds, Stopping threads took: 0.0000232 seconds
2023-04-25T10:26:10.886+0530: 189.692: Total time for which application threads were stopped: 0.0002137 seconds, Stopping threads took: 0.0001416 seconds
2023-04-25T10:26:10.886+0530: 189.693: Total time for which application threads were stopped: 0.0001761 seconds, Stopping threads took: 0.0001013 seconds
2023-04-25T10:26:10.887+0530: 189.693: Total time for which application threads were stopped: 0.0001457 seconds, Stopping threads took: 0.0000972 seconds
2023-04-25T10:26:10.887+0530: 189.694: Total time for which application threads were stopped: 0.0001702 seconds, Stopping threads took: 0.0001104 seconds
2023-04-25T10:26:10.894+0530: 189.700: Total time for which application threads were stopped: 0.0001947 seconds, Stopping threads took: 0.0001028 seconds
2023-04-25T10:26:38.164+0530: 216.970: Total time for which application threads were stopped: 0.0001560 seconds, Stopping threads took: 0.0000278 seconds
2023-04-25T10:26:38.164+0530: 216.971: Total time for which application threads were stopped: 0.0000844 seconds, Stopping threads took: 0.0000146 seconds
2023-04-25T10:26:38.165+0530: 216.971: Total time for which application threads were stopped: 0.0000747 seconds, Stopping threads took: 0.0000122 seconds
2023-04-25T10:26:38.165+0530: 216.972: Total time for which application threads were stopped: 0.0000858 seconds, Stopping threads took: 0.0000143 seconds
2023-04-25T10:26:38.169+0530: 216.975: Total time for which application threads were stopped: 0.0001214 seconds, Stopping threads took: 0.0000304 seconds
2023-04-25T10:26:38.169+0530: 216.976: Total time for which application threads were stopped: 0.0000892 seconds, Stopping threads took: 0.0000174 seconds
2023-04-25T10:26:38.170+0530: 216.976: Total time for which application threads were stopped: 0.0000798 seconds, Stopping threads took: 0.0000192 seconds
2023-04-25T10:26:38.170+0530: 216.976: Total time for which application threads were stopped: 0.0000762 seconds, Stopping threads took: 0.0000152 seconds
2023-04-25T10:26:38.171+0530: 216.977: Total time for which application threads were stopped: 0.0001343 seconds, Stopping threads took: 0.0000269 seconds
2023-04-25T10:26:38.173+0530: 216.979: Total time for which application threads were stopped: 0.0001756 seconds, Stopping threads took: 0.0000333 seconds
2023-04-25T10:26:38.180+0530: 216.986: Total time for which application threads were stopped: 0.0001379 seconds, Stopping threads took: 0.0000349 seconds
2023-04-25T10:26:38.180+0530: 216.986: Total time for which application threads were stopped: 0.0000713 seconds, Stopping threads took: 0.0000146 seconds
2023-04-25T10:26:53.183+0530: 231.990: Total time for which application threads were stopped: 0.0003101 seconds, Stopping threads took: 0.0000925 seconds
2023-04-25T10:28:12.912+0530: 311.718: Total time for which application threads were stopped: 0.0001453 seconds, Stopping threads took: 0.0000449 seconds
2023-04-25T10:28:12.912+0530: 311.718: Total time for which application threads were stopped: 0.0000779 seconds, Stopping threads took: 0.0000134 seconds
2023-04-25T10:28:12.913+0530: 311.719: Total time for which application threads were stopped: 0.0000794 seconds, Stopping threads took: 0.0000174 seconds
2023-04-25T10:28:12.917+0530: 311.723: Total time for which application threads were stopped: 0.0001472 seconds, Stopping threads took: 0.0000296 seconds
2023-04-25T10:28:12.917+0530: 311.723: Total time for which application threads were stopped: 0.0000975 seconds, Stopping threads took: 0.0000167 seconds
2023-04-25T10:28:12.918+0530: 311.725: Total time for which application threads were stopped: 0.0001229 seconds, Stopping threads took: 0.0000324 seconds
2023-04-25T10:28:12.919+0530: 311.725: Total time for which application threads were stopped: 0.0000712 seconds, Stopping threads took: 0.0000159 seconds
2023-04-25T10:28:12.919+0530: 311.726: Total time for which application threads were stopped: 0.0002395 seconds, Stopping threads took: 0.0000754 seconds
2023-04-25T10:28:12.927+0530: 311.734: Total time for which application threads were stopped: 0.0001258 seconds, Stopping threads took: 0.0000398 seconds
2023-04-25T10:28:13.928+0530: 312.734: Total time for which application threads were stopped: 0.0001196 seconds, Stopping threads took: 0.0000421 seconds
2023-04-25T10:28:48.405+0530: 347.211: Total time for which application threads were stopped: 0.0001380 seconds, Stopping threads took: 0.0000445 seconds
2023-04-25T10:28:48.405+0530: 347.211: Total time for which application threads were stopped: 0.0000779 seconds, Stopping threads took: 0.0000135 seconds
2023-04-25T10:28:48.406+0530: 347.212: Total time for which application threads were stopped: 0.0000741 seconds, Stopping threads took: 0.0000120 seconds
2023-04-25T10:28:48.408+0530: 347.214: Total time for which application threads were stopped: 0.0001203 seconds, Stopping threads took: 0.0000256 seconds
2023-04-25T10:28:48.408+0530: 347.214: Total time for which application threads were stopped: 0.0000831 seconds, Stopping threads took: 0.0000131 seconds
2023-04-25T10:28:48.409+0530: 347.215: Total time for which application threads were stopped: 0.0001602 seconds, Stopping threads took: 0.0000275 seconds
2023-04-25T10:28:48.409+0530: 347.215: Total time for which application threads were stopped: 0.0001485 seconds, Stopping threads took: 0.0000684 seconds
2023-04-25T10:28:48.409+0530: 347.215: Total time for which application threads were stopped: 0.0000704 seconds, Stopping threads took: 0.0000155 seconds
2023-04-25T10:28:48.409+0530: 347.216: Total time for which application threads were stopped: 0.0000761 seconds, Stopping threads took: 0.0000305 seconds
2023-04-25T10:28:48.409+0530: 347.216: Total time for which application threads were stopped: 0.0000706 seconds, Stopping threads took: 0.0000289 seconds
2023-04-25T10:28:48.410+0530: 347.216: Total time for which application threads were stopped: 0.0000993 seconds, Stopping threads took: 0.0000226 seconds
2023-04-25T10:28:48.410+0530: 347.217: Total time for which application threads were stopped: 0.0000594 seconds, Stopping threads took: 0.0000108 seconds
2023-04-25T10:28:48.410+0530: 347.217: Total time for which application threads were stopped: 0.0000517 seconds, Stopping threads took: 0.0000086 seconds
2023-04-25T10:28:48.410+0530: 347.217: Total time for which application threads were stopped: 0.0000399 seconds, Stopping threads took: 0.0000072 seconds
2023-04-25T10:28:48.411+0530: 347.217: Total time for which application threads were stopped: 0.0001952 seconds, Stopping threads took: 0.0000074 seconds
2023-04-25T10:28:48.412+0530: 347.218: Total time for which application threads were stopped: 0.0001305 seconds, Stopping threads took: 0.0000486 seconds
2023-04-25T10:28:48.413+0530: 347.219: Total time for which application threads were stopped: 0.0002181 seconds, Stopping threads took: 0.0000482 seconds
2023-04-25T10:28:48.413+0530: 347.220: Total time for which application threads were stopped: 0.0001080 seconds, Stopping threads took: 0.0000425 seconds
2023-04-25T10:28:48.414+0530: 347.220: Total time for which application threads were stopped: 0.0000809 seconds, Stopping threads took: 0.0000222 seconds
2023-04-25T10:28:48.416+0530: 347.223: Total time for which application threads were stopped: 0.0000869 seconds, Stopping threads took: 0.0000188 seconds
2023-04-25T10:28:48.433+0530: 347.239: Total time for which application threads were stopped: 0.0000920 seconds, Stopping threads took: 0.0000222 seconds
2023-04-25T10:28:48.433+0530: 347.239: Total time for which application threads were stopped: 0.0000794 seconds, Stopping threads took: 0.0000355 seconds
2023-04-25T10:28:49.433+0530: 348.239: Total time for which application threads were stopped: 0.0001120 seconds, Stopping threads took: 0.0000249 seconds
2023-04-25T10:28:58.435+0530: 357.241: Total time for which application threads were stopped: 0.0002547 seconds, Stopping threads took: 0.0000513 seconds
2023-04-25T10:35:21.330+0530: 740.136: Total time for which application threads were stopped: 0.0001324 seconds, Stopping threads took: 0.0000403 seconds
2023-04-25T10:35:21.330+0530: 740.136: Total time for which application threads were stopped: 0.0000714 seconds, Stopping threads took: 0.0000111 seconds
2023-04-25T10:35:21.331+0530: 740.137: Total time for which application threads were stopped: 0.0000694 seconds, Stopping threads took: 0.0000121 seconds
2023-04-25T10:35:21.334+0530: 740.140: Total time for which application threads were stopped: 0.0001408 seconds, Stopping threads took: 0.0000505 seconds
2023-04-25T10:35:21.334+0530: 740.140: Total time for which application threads were stopped: 0.0001208 seconds, Stopping threads took: 0.0000383 seconds
2023-04-25T10:35:21.335+0530: 740.141: Total time for which application threads were stopped: 0.0001240 seconds, Stopping threads took: 0.0000266 seconds
2023-04-25T10:35:21.335+0530: 740.142: Total time for which application threads were stopped: 0.0000816 seconds, Stopping threads took: 0.0000269 seconds
2023-04-25T10:35:21.336+0530: 740.142: Total time for which application threads were stopped: 0.0001061 seconds, Stopping threads took: 0.0000389 seconds
2023-04-25T10:35:21.342+0530: 740.148: Total time for which application threads were stopped: 0.0001048 seconds, Stopping threads took: 0.0000235 seconds
2023-04-25T10:35:22.786+0530: 741.592: Total time for which application threads were stopped: 0.0002511 seconds, Stopping threads took: 0.0000472 seconds
2023-04-25T10:35:22.786+0530: 741.592: Total time for which application threads were stopped: 0.0002047 seconds, Stopping threads took: 0.0000410 seconds
2023-04-25T10:35:22.789+0530: 741.595: Total time for which application threads were stopped: 0.0001366 seconds, Stopping threads took: 0.0000247 seconds
2023-04-25T10:35:22.790+0530: 741.596: Total time for which application threads were stopped: 0.0002653 seconds, Stopping threads took: 0.0001436 seconds
2023-04-25T10:35:22.796+0530: 741.602: Total time for which application threads were stopped: 0.0002069 seconds, Stopping threads took: 0.0000810 seconds
2023-04-25T10:35:22.796+0530: 741.602: Total time for which application threads were stopped: 0.0001709 seconds, Stopping threads took: 0.0000861 seconds
2023-04-25T10:35:22.796+0530: 741.602: Total time for which application threads were stopped: 0.0001019 seconds, Stopping threads took: 0.0000412 seconds
2023-04-25T10:35:22.797+0530: 741.603: Total time for which application threads were stopped: 0.0000944 seconds, Stopping threads took: 0.0000205 seconds
2023-04-25T10:35:22.804+0530: 741.611: Total time for which application threads were stopped: 0.0001395 seconds, Stopping threads took: 0.0000497 seconds
2023-04-25T10:35:33.771+0530: 752.577: Total time for which application threads were stopped: 0.0001074 seconds, Stopping threads took: 0.0000362 seconds
2023-04-25T10:35:33.771+0530: 752.577: Total time for which application threads were stopped: 0.0000537 seconds, Stopping threads took: 0.0000094 seconds
2023-04-25T10:35:33.771+0530: 752.578: Total time for which application threads were stopped: 0.0000650 seconds, Stopping threads took: 0.0000140 seconds
2023-04-25T10:35:33.774+0530: 752.580: Total time for which application threads were stopped: 0.0000865 seconds, Stopping threads took: 0.0000201 seconds
2023-04-25T10:35:33.774+0530: 752.580: Total time for which application threads were stopped: 0.0000722 seconds, Stopping threads took: 0.0000152 seconds
2023-04-25T10:35:33.775+0530: 752.581: Total time for which application threads were stopped: 0.0001284 seconds, Stopping threads took: 0.0000360 seconds
2023-04-25T10:35:33.775+0530: 752.581: Total time for which application threads were stopped: 0.0000409 seconds, Stopping threads took: 0.0000085 seconds
2023-04-25T10:35:33.775+0530: 752.581: Total time for which application threads were stopped: 0.0000353 seconds, Stopping threads took: 0.0000073 seconds
2023-04-25T10:35:33.780+0530: 752.586: Total time for which application threads were stopped: 0.0001079 seconds, Stopping threads took: 0.0000311 seconds
2023-04-25T10:38:50.384+0530: 949.190: Total time for which application threads were stopped: 0.0000908 seconds, Stopping threads took: 0.0000281 seconds
2023-04-25T10:38:50.384+0530: 949.190: Total time for which application threads were stopped: 0.0000430 seconds, Stopping threads took: 0.0000070 seconds
2023-04-25T10:38:50.384+0530: 949.190: Total time for which application threads were stopped: 0.0000390 seconds, Stopping threads took: 0.0000066 seconds
2023-04-25T10:38:50.386+0530: 949.192: Total time for which application threads were stopped: 0.0000659 seconds, Stopping threads took: 0.0000174 seconds
2023-04-25T10:38:50.386+0530: 949.193: Total time for which application threads were stopped: 0.0000690 seconds, Stopping threads took: 0.0000286 seconds
2023-04-25T10:38:50.387+0530: 949.193: Total time for which application threads were stopped: 0.0000451 seconds, Stopping threads took: 0.0000122 seconds
2023-04-25T10:38:50.387+0530: 949.193: Total time for which application threads were stopped: 0.0000507 seconds, Stopping threads took: 0.0000244 seconds
2023-04-25T10:38:50.387+0530: 949.194: Total time for which application threads were stopped: 0.0000291 seconds, Stopping threads took: 0.0000057 seconds
2023-04-25T10:38:50.388+0530: 949.194: Total time for which application threads were stopped: 0.0001015 seconds, Stopping threads took: 0.0000602 seconds
2023-04-25T10:38:50.391+0530: 949.198: Total time for which application threads were stopped: 0.0000969 seconds, Stopping threads took: 0.0000225 seconds
2023-04-25T10:39:04.333+0530: 963.139: Total time for which application threads were stopped: 0.0001343 seconds, Stopping threads took: 0.0000476 seconds
2023-04-25T10:39:04.333+0530: 963.139: Total time for which application threads were stopped: 0.0000844 seconds, Stopping threads took: 0.0000205 seconds
2023-04-25T10:39:04.334+0530: 963.140: Total time for which application threads were stopped: 0.0000720 seconds, Stopping threads took: 0.0000175 seconds
2023-04-25T10:39:04.336+0530: 963.142: Total time for which application threads were stopped: 0.0000920 seconds, Stopping threads took: 0.0000223 seconds
2023-04-25T10:39:04.336+0530: 963.142: Total time for which application threads were stopped: 0.0000683 seconds, Stopping threads took: 0.0000143 seconds
2023-04-25T10:39:04.337+0530: 963.143: Total time for which application threads were stopped: 0.0000715 seconds, Stopping threads took: 0.0000169 seconds
2023-04-25T10:39:04.337+0530: 963.143: Total time for which application threads were stopped: 0.0000613 seconds, Stopping threads took: 0.0000134 seconds
2023-04-25T10:39:04.338+0530: 963.144: Total time for which application threads were stopped: 0.0000637 seconds, Stopping threads took: 0.0000142 seconds
2023-04-25T10:39:04.342+0530: 963.148: Total time for which application threads were stopped: 0.0001323 seconds, Stopping threads took: 0.0000370 seconds
2023-04-25T10:39:04.342+0530: 963.148: Total time for which application threads were stopped: 0.0000594 seconds, Stopping threads took: 0.0000099 seconds
2023-04-25T10:41:33.637+0530: 1112.444: Total time for which application threads were stopped: 0.0001352 seconds, Stopping threads took: 0.0000433 seconds
2023-04-25T10:41:33.638+0530: 1112.444: Total time for which application threads were stopped: 0.0000671 seconds, Stopping threads took: 0.0000107 seconds
2023-04-25T10:41:33.638+0530: 1112.444: Total time for which application threads were stopped: 0.0000713 seconds, Stopping threads took: 0.0000116 seconds
2023-04-25T10:41:33.641+0530: 1112.447: Total time for which application threads were stopped: 0.0001417 seconds, Stopping threads took: 0.0000403 seconds
2023-04-25T10:41:33.642+0530: 1112.448: Total time for which application threads were stopped: 0.0001163 seconds, Stopping threads took: 0.0000249 seconds
2023-04-25T10:41:33.643+0530: 1112.449: Total time for which application threads were stopped: 0.0001923 seconds, Stopping threads took: 0.0000226 seconds
2023-04-25T10:41:33.643+0530: 1112.449: Total time for which application threads were stopped: 0.0000883 seconds, Stopping threads took: 0.0000165 seconds
2023-04-25T10:41:33.643+0530: 1112.450: Total time for which application threads were stopped: 0.0000592 seconds, Stopping threads took: 0.0000123 seconds
2023-04-25T10:41:33.653+0530: 1112.459: Total time for which application threads were stopped: 0.0001232 seconds, Stopping threads took: 0.0000468 seconds
2023-04-25T10:41:33.653+0530: 1112.459: Total time for which application threads were stopped: 0.0000687 seconds, Stopping threads took: 0.0000129 seconds
2023-04-25T10:41:38.767+0530: 1117.574: Total time for which application threads were stopped: 0.0001198 seconds, Stopping threads took: 0.0000254 seconds
2023-04-25T10:41:38.768+0530: 1117.574: Total time for which application threads were stopped: 0.0000683 seconds, Stopping threads took: 0.0000112 seconds
2023-04-25T10:41:38.768+0530: 1117.574: Total time for which application threads were stopped: 0.0000586 seconds, Stopping threads took: 0.0000107 seconds
2023-04-25T10:41:38.769+0530: 1117.576: Total time for which application threads were stopped: 0.0000973 seconds, Stopping threads took: 0.0000189 seconds
2023-04-25T10:41:38.774+0530: 1117.580: Total time for which application threads were stopped: 0.0001029 seconds, Stopping threads took: 0.0000219 seconds
2023-04-25T10:41:38.774+0530: 1117.581: Total time for which application threads were stopped: 0.0000671 seconds, Stopping threads took: 0.0000105 seconds
2023-04-25T10:41:38.775+0530: 1117.581: Total time for which application threads were stopped: 0.0000606 seconds, Stopping threads took: 0.0000105 seconds
2023-04-25T10:41:38.775+0530: 1117.581: Total time for which application threads were stopped: 0.0000522 seconds, Stopping threads took: 0.0000080 seconds
2023-04-25T10:41:38.776+0530: 1117.582: Total time for which application threads were stopped: 0.0000606 seconds, Stopping threads took: 0.0000114 seconds
2023-04-25T10:41:38.780+0530: 1117.586: Total time for which application threads were stopped: 0.0000956 seconds, Stopping threads took: 0.0000225 seconds
2023-04-25T10:41:48.630+0530: 1127.436: Total time for which application threads were stopped: 0.0001449 seconds, Stopping threads took: 0.0000263 seconds
2023-04-25T10:41:48.630+0530: 1127.437: Total time for which application threads were stopped: 0.0001085 seconds, Stopping threads took: 0.0000210 seconds
2023-04-25T10:41:48.631+0530: 1127.437: Total time for which application threads were stopped: 0.0001323 seconds, Stopping threads took: 0.0000550 seconds
2023-04-25T10:41:48.636+0530: 1127.442: Total time for which application threads were stopped: 0.0001549 seconds, Stopping threads took: 0.0000838 seconds
2023-04-25T10:41:48.636+0530: 1127.443: Total time for which application threads were stopped: 0.0000692 seconds, Stopping threads took: 0.0000167 seconds
2023-04-25T10:41:48.637+0530: 1127.443: Total time for which application threads were stopped: 0.0001275 seconds, Stopping threads took: 0.0000478 seconds
2023-04-25T10:41:48.638+0530: 1127.444: Total time for which application threads were stopped: 0.0000954 seconds, Stopping threads took: 0.0000239 seconds
2023-04-25T10:41:48.638+0530: 1127.445: Total time for which application threads were stopped: 0.0001455 seconds, Stopping threads took: 0.0000798 seconds
2023-04-25T10:41:48.649+0530: 1127.455: Total time for which application threads were stopped: 0.0001831 seconds, Stopping threads took: 0.0000571 seconds
2023-04-25T10:41:48.649+0530: 1127.455: Total time for which application threads were stopped: 0.0001132 seconds, Stopping threads took: 0.0000368 seconds
2023-04-25T10:42:54.194+0530: 1193.001: Total time for which application threads were stopped: 0.0001635 seconds, Stopping threads took: 0.0000515 seconds
2023-04-25T10:42:54.195+0530: 1193.001: Total time for which application threads were stopped: 0.0000817 seconds, Stopping threads took: 0.0000127 seconds
2023-04-25T10:42:54.195+0530: 1193.002: Total time for which application threads were stopped: 0.0001083 seconds, Stopping threads took: 0.0000207 seconds
2023-04-25T10:42:54.202+0530: 1193.008: Total time for which application threads were stopped: 0.0001302 seconds, Stopping threads took: 0.0000320 seconds
2023-04-25T10:42:54.202+0530: 1193.008: Total time for which application threads were stopped: 0.0001303 seconds, Stopping threads took: 0.0000253 seconds
2023-04-25T10:42:54.203+0530: 1193.009: Total time for which application threads were stopped: 0.0000719 seconds, Stopping threads took: 0.0000165 seconds
2023-04-25T10:42:54.203+0530: 1193.009: Total time for which application threads were stopped: 0.0000475 seconds, Stopping threads took: 0.0000109 seconds
2023-04-25T10:42:54.204+0530: 1193.010: Total time for which application threads were stopped: 0.0002883 seconds, Stopping threads took: 0.0000188 seconds
2023-04-25T10:42:54.210+0530: 1193.016: Total time for which application threads were stopped: 0.0001318 seconds, Stopping threads took: 0.0000428 seconds
2023-04-25T10:44:00.036+0530: 1258.842: Total time for which application threads were stopped: 0.0001268 seconds, Stopping threads took: 0.0000424 seconds
2023-04-25T10:44:00.036+0530: 1258.842: Total time for which application threads were stopped: 0.0000600 seconds, Stopping threads took: 0.0000106 seconds
2023-04-25T10:44:00.037+0530: 1258.844: Total time for which application threads were stopped: 0.0001377 seconds, Stopping threads took: 0.0000111 seconds
2023-04-25T10:44:00.040+0530: 1258.846: Total time for which application threads were stopped: 0.0000891 seconds, Stopping threads took: 0.0000183 seconds
2023-04-25T10:44:00.040+0530: 1258.847: Total time for which application threads were stopped: 0.0000702 seconds, Stopping threads took: 0.0000125 seconds
2023-04-25T10:44:00.042+0530: 1258.849: Total time for which application threads were stopped: 0.0001689 seconds, Stopping threads took: 0.0000482 seconds
2023-04-25T10:44:00.043+0530: 1258.850: Total time for which application threads were stopped: 0.0001883 seconds, Stopping threads took: 0.0000428 seconds
2023-04-25T10:44:00.044+0530: 1258.850: Total time for which application threads were stopped: 0.0000876 seconds, Stopping threads took: 0.0000191 seconds
2023-04-25T10:44:00.048+0530: 1258.854: Total time for which application threads were stopped: 0.0000916 seconds, Stopping threads took: 0.0000224 seconds
2023-04-25T10:44:00.048+0530: 1258.854: Total time for which application threads were stopped: 0.0000536 seconds, Stopping threads took: 0.0000103 seconds
2023-04-25T10:47:04.915+0530: 1443.721: Total time for which application threads were stopped: 0.0001657 seconds, Stopping threads took: 0.0000532 seconds
2023-04-25T10:47:04.915+0530: 1443.721: Total time for which application threads were stopped: 0.0000966 seconds, Stopping threads took: 0.0000133 seconds
2023-04-25T10:47:04.916+0530: 1443.722: Total time for which application threads were stopped: 0.0000874 seconds, Stopping threads took: 0.0000165 seconds
2023-04-25T10:47:04.918+0530: 1443.724: Total time for which application threads were stopped: 0.0001297 seconds, Stopping threads took: 0.0000268 seconds
2023-04-25T10:47:04.918+0530: 1443.725: Total time for which application threads were stopped: 0.0000905 seconds, Stopping threads took: 0.0000197 seconds
2023-04-25T10:47:04.918+0530: 1443.725: Total time for which application threads were stopped: 0.0000741 seconds, Stopping threads took: 0.0000139 seconds
2023-04-25T10:47:04.919+0530: 1443.725: Total time for which application threads were stopped: 0.0000518 seconds, Stopping threads took: 0.0000091 seconds
2023-04-25T10:47:04.919+0530: 1443.725: Total time for which application threads were stopped: 0.0000497 seconds, Stopping threads took: 0.0000096 seconds
2023-04-25T10:47:04.919+0530: 1443.725: Total time for which application threads were stopped: 0.0000482 seconds, Stopping threads took: 0.0000092 seconds
2023-04-25T10:47:04.919+0530: 1443.725: Total time for which application threads were stopped: 0.0000477 seconds, Stopping threads took: 0.0000082 seconds
2023-04-25T10:47:04.919+0530: 1443.725: Total time for which application threads were stopped: 0.0000425 seconds, Stopping threads took: 0.0000068 seconds
2023-04-25T10:47:04.921+0530: 1443.727: Total time for which application threads were stopped: 0.0000919 seconds, Stopping threads took: 0.0000256 seconds
2023-04-25T10:47:04.921+0530: 1443.727: Total time for which application threads were stopped: 0.0000847 seconds, Stopping threads took: 0.0000289 seconds
2023-04-25T10:47:04.922+0530: 1443.728: Total time for which application threads were stopped: 0.0002744 seconds, Stopping threads took: 0.0001158 seconds
2023-04-25T10:47:04.922+0530: 1443.728: Total time for which application threads were stopped: 0.0000806 seconds, Stopping threads took: 0.0000176 seconds
2023-04-25T10:47:04.927+0530: 1443.734: Total time for which application threads were stopped: 0.0001261 seconds, Stopping threads took: 0.0000302 seconds
2023-04-25T10:47:04.929+0530: 1443.735: Total time for which application threads were stopped: 0.0000888 seconds, Stopping threads took: 0.0000160 seconds
2023-04-25T10:47:04.932+0530: 1443.738: Total time for which application threads were stopped: 0.0000983 seconds, Stopping threads took: 0.0000247 seconds
2023-04-25T10:47:05.932+0530: 1444.738: Total time for which application threads were stopped: 0.0002541 seconds, Stopping threads took: 0.0000603 seconds
2023-04-25T10:50:31.964+0530: 1650.770: Total time for which application threads were stopped: 0.0002169 seconds, Stopping threads took: 0.0000758 seconds
2023-04-25T10:51:00.677+0530: 1679.484: Total time for which application threads were stopped: 0.0001059 seconds, Stopping threads took: 0.0000295 seconds
2023-04-25T10:51:00.678+0530: 1679.484: Total time for which application threads were stopped: 0.0000663 seconds, Stopping threads took: 0.0000094 seconds
2023-04-25T10:51:00.678+0530: 1679.485: Total time for which application threads were stopped: 0.0000998 seconds, Stopping threads took: 0.0000385 seconds
2023-04-25T10:51:00.681+0530: 1679.487: Total time for which application threads were stopped: 0.0001215 seconds, Stopping threads took: 0.0000243 seconds
2023-04-25T10:51:00.682+0530: 1679.488: Total time for which application threads were stopped: 0.0001384 seconds, Stopping threads took: 0.0000287 seconds
2023-04-25T10:51:00.682+0530: 1679.489: Total time for which application threads were stopped: 0.0000650 seconds, Stopping threads took: 0.0000127 seconds
2023-04-25T10:51:00.682+0530: 1679.489: Total time for which application threads were stopped: 0.0000346 seconds, Stopping threads took: 0.0000068 seconds
2023-04-25T10:51:00.683+0530: 1679.489: Total time for which application threads were stopped: 0.0000643 seconds, Stopping threads took: 0.0000120 seconds
2023-04-25T10:51:00.688+0530: 1679.494: Total time for which application threads were stopped: 0.0001000 seconds, Stopping threads took: 0.0000237 seconds
2023-04-25T10:51:00.688+0530: 1679.495: Total time for which application threads were stopped: 0.0000671 seconds, Stopping threads took: 0.0000138 seconds
2023-04-25T10:51:06.895+0530: 1685.701: Total time for which application threads were stopped: 0.0001959 seconds, Stopping threads took: 0.0000416 seconds
2023-04-25T10:51:06.895+0530: 1685.702: Total time for which application threads were stopped: 0.0001184 seconds, Stopping threads took: 0.0000186 seconds
2023-04-25T10:51:06.897+0530: 1685.703: Total time for which application threads were stopped: 0.0001203 seconds, Stopping threads took: 0.0000171 seconds
2023-04-25T10:51:06.902+0530: 1685.708: Total time for which application threads were stopped: 0.0001256 seconds, Stopping threads took: 0.0000570 seconds
2023-04-25T10:51:06.902+0530: 1685.708: Total time for which application threads were stopped: 0.0000982 seconds, Stopping threads took: 0.0000275 seconds
2023-04-25T10:51:06.902+0530: 1685.708: Total time for which application threads were stopped: 0.0000760 seconds, Stopping threads took: 0.0000199 seconds
2023-04-25T10:51:06.905+0530: 1685.711: Total time for which application threads were stopped: 0.0001475 seconds, Stopping threads took: 0.0000451 seconds
2023-04-25T10:51:06.909+0530: 1685.715: Total time for which application threads were stopped: 0.0001424 seconds, Stopping threads took: 0.0000344 seconds
2023-04-25T10:51:06.909+0530: 1685.715: Total time for which application threads were stopped: 0.0000936 seconds, Stopping threads took: 0.0000238 seconds
2023-04-25T10:53:31.299+0530: 1830.105: Total time for which application threads were stopped: 0.0001553 seconds, Stopping threads took: 0.0000492 seconds
2023-04-25T10:53:31.299+0530: 1830.105: Total time for which application threads were stopped: 0.0000956 seconds, Stopping threads took: 0.0000216 seconds
2023-04-25T10:53:31.300+0530: 1830.106: Total time for which application threads were stopped: 0.0000717 seconds, Stopping threads took: 0.0000149 seconds
2023-04-25T10:53:31.303+0530: 1830.109: Total time for which application threads were stopped: 0.0001414 seconds, Stopping threads took: 0.0000434 seconds
2023-04-25T10:53:31.303+0530: 1830.109: Total time for which application threads were stopped: 0.0001870 seconds, Stopping threads took: 0.0000193 seconds
2023-04-25T10:53:31.304+0530: 1830.110: Total time for which application threads were stopped: 0.0001528 seconds, Stopping threads took: 0.0000751 seconds
2023-04-25T10:53:31.304+0530: 1830.110: Total time for which application threads were stopped: 0.0000652 seconds, Stopping threads took: 0.0000211 seconds
2023-04-25T10:53:31.305+0530: 1830.111: Total time for which application threads were stopped: 0.0001085 seconds, Stopping threads took: 0.0000346 seconds
2023-04-25T10:53:31.308+0530: 1830.114: Total time for which application threads were stopped: 0.0000939 seconds, Stopping threads took: 0.0000260 seconds
2023-04-25T10:54:12.064+0530: 1870.871: Total time for which application threads were stopped: 0.0001768 seconds, Stopping threads took: 0.0000481 seconds
2023-04-25T10:54:12.065+0530: 1870.871: Total time for which application threads were stopped: 0.0001047 seconds, Stopping threads took: 0.0000220 seconds
2023-04-25T10:54:12.065+0530: 1870.872: Total time for which application threads were stopped: 0.0001090 seconds, Stopping threads took: 0.0000253 seconds
2023-04-25T10:54:12.075+0530: 1870.882: Total time for which application threads were stopped: 0.0001604 seconds, Stopping threads took: 0.0000624 seconds
2023-04-25T10:54:12.076+0530: 1870.882: Total time for which application threads were stopped: 0.0000832 seconds, Stopping threads took: 0.0000162 seconds
2023-04-25T10:54:12.079+0530: 1870.885: Total time for which application threads were stopped: 0.0000922 seconds, Stopping threads took: 0.0000241 seconds
2023-04-25T10:54:12.079+0530: 1870.885: Total time for which application threads were stopped: 0.0000950 seconds, Stopping threads took: 0.0000332 seconds
2023-04-25T10:54:12.080+0530: 1870.886: Total time for which application threads were stopped: 0.0000755 seconds, Stopping threads took: 0.0000156 seconds
2023-04-25T10:54:12.087+0530: 1870.893: Total time for which application threads were stopped: 0.0000898 seconds, Stopping threads took: 0.0000247 seconds
2023-04-25T10:54:12.087+0530: 1870.893: Total time for which application threads were stopped: 0.0000732 seconds, Stopping threads took: 0.0000161 seconds
2023-04-25T10:54:18.925+0530: 1877.732: Total time for which application threads were stopped: 0.0001768 seconds, Stopping threads took: 0.0000350 seconds
2023-04-25T10:54:18.926+0530: 1877.732: Total time for which application threads were stopped: 0.0001228 seconds, Stopping threads took: 0.0000180 seconds
2023-04-25T10:54:18.926+0530: 1877.732: Total time for which application threads were stopped: 0.0000714 seconds, Stopping threads took: 0.0000110 seconds
2023-04-25T10:54:18.926+0530: 1877.733: Total time for which application threads were stopped: 0.0000904 seconds, Stopping threads took: 0.0000144 seconds
2023-04-25T10:54:18.932+0530: 1877.738: Total time for which application threads were stopped: 0.0001465 seconds, Stopping threads took: 0.0000330 seconds
2023-04-25T10:54:18.932+0530: 1877.738: Total time for which application threads were stopped: 0.0000904 seconds, Stopping threads took: 0.0000204 seconds
2023-04-25T10:54:18.933+0530: 1877.739: Total time for which application threads were stopped: 0.0000877 seconds, Stopping threads took: 0.0000218 seconds
2023-04-25T10:54:18.933+0530: 1877.739: Total time for which application threads were stopped: 0.0001378 seconds, Stopping threads took: 0.0000865 seconds
2023-04-25T10:54:18.934+0530: 1877.740: Total time for which application threads were stopped: 0.0000997 seconds, Stopping threads took: 0.0000230 seconds
2023-04-25T10:54:18.938+0530: 1877.744: Total time for which application threads were stopped: 0.0001620 seconds, Stopping threads took: 0.0000605 seconds
2023-04-25T10:54:18.939+0530: 1877.745: Total time for which application threads were stopped: 0.0001236 seconds, Stopping threads took: 0.0000394 seconds
2023-04-25T10:54:31.341+0530: 1890.148: Total time for which application threads were stopped: 0.0001619 seconds, Stopping threads took: 0.0000511 seconds
2023-04-25T10:54:31.342+0530: 1890.148: Total time for which application threads were stopped: 0.0000854 seconds, Stopping threads took: 0.0000125 seconds
2023-04-25T10:54:31.343+0530: 1890.149: Total time for which application threads were stopped: 0.0001933 seconds, Stopping threads took: 0.0000927 seconds
2023-04-25T10:54:31.346+0530: 1890.153: Total time for which application threads were stopped: 0.0002373 seconds, Stopping threads took: 0.0000462 seconds
2023-04-25T10:54:31.348+0530: 1890.154: Total time for which application threads were stopped: 0.0001513 seconds, Stopping threads took: 0.0000364 seconds
2023-04-25T10:54:31.348+0530: 1890.154: Total time for which application threads were stopped: 0.0000814 seconds, Stopping threads took: 0.0000147 seconds
2023-04-25T10:54:31.349+0530: 1890.155: Total time for which application threads were stopped: 0.0001129 seconds, Stopping threads took: 0.0000238 seconds
2023-04-25T10:54:31.351+0530: 1890.157: Total time for which application threads were stopped: 0.0000973 seconds, Stopping threads took: 0.0000246 seconds
2023-04-25T10:54:31.354+0530: 1890.160: Total time for which application threads were stopped: 0.0001250 seconds, Stopping threads took: 0.0000242 seconds
2023-04-25T10:54:31.354+0530: 1890.160: Total time for which application threads were stopped: 0.0000738 seconds, Stopping threads took: 0.0000138 seconds
2023-04-25T10:55:11.019+0530: 1929.826: Total time for which application threads were stopped: 0.0000889 seconds, Stopping threads took: 0.0000275 seconds
2023-04-25T10:55:11.019+0530: 1929.826: Total time for which application threads were stopped: 0.0000414 seconds, Stopping threads took: 0.0000065 seconds
2023-04-25T10:55:11.020+0530: 1929.827: Total time for which application threads were stopped: 0.0001079 seconds, Stopping threads took: 0.0000172 seconds
2023-04-25T10:55:11.022+0530: 1929.828: Total time for which application threads were stopped: 0.0001933 seconds, Stopping threads took: 0.0001033 seconds
2023-04-25T10:55:11.022+0530: 1929.828: Total time for which application threads were stopped: 0.0001272 seconds, Stopping threads took: 0.0000413 seconds
2023-04-25T10:55:11.044+0530: 1929.850: Total time for which application threads were stopped: 0.0007803 seconds, Stopping threads took: 0.0003973 seconds
2023-04-25T10:55:11.049+0530: 1929.855: Total time for which application threads were stopped: 0.0000912 seconds, Stopping threads took: 0.0000203 seconds
2023-04-25T10:55:11.056+0530: 1929.862: Total time for which application threads were stopped: 0.0000965 seconds, Stopping threads took: 0.0000185 seconds
2023-04-25T10:55:11.086+0530: 1929.892: Total time for which application threads were stopped: 0.0000950 seconds, Stopping threads took: 0.0000150 seconds
2023-04-25T10:55:11.090+0530: 1929.896: Total time for which application threads were stopped: 0.0003758 seconds, Stopping threads took: 0.0000098 seconds
2023-04-25T10:55:11.106+0530: 1929.912: Total time for which application threads were stopped: 0.0004020 seconds, Stopping threads took: 0.0000159 seconds
2023-04-25T10:55:11.190+0530: 1929.996: Total time for which application threads were stopped: 0.0004916 seconds, Stopping threads took: 0.0000188 seconds
2023-04-25T10:55:11.191+0530: 1929.997: Total time for which application threads were stopped: 0.0005464 seconds, Stopping threads took: 0.0000136 seconds
2023-04-25T10:55:11.201+0530: 1930.007: Total time for which application threads were stopped: 0.0003889 seconds, Stopping threads took: 0.0000189 seconds
2023-04-25T10:55:11.367+0530: 1930.173: Total time for which application threads were stopped: 0.0001153 seconds, Stopping threads took: 0.0000138 seconds
2023-04-25T10:55:11.367+0530: 1930.173: Total time for which application threads were stopped: 0.0000414 seconds, Stopping threads took: 0.0000066 seconds
2023-04-25T10:55:11.384+0530: 1930.190: Total time for which application threads were stopped: 0.0001077 seconds, Stopping threads took: 0.0000211 seconds
2023-04-25T10:55:11.401+0530: 1930.207: Total time for which application threads were stopped: 0.0004536 seconds, Stopping threads took: 0.0000173 seconds
2023-04-25T10:55:11.404+0530: 1930.210: Total time for which application threads were stopped: 0.0004300 seconds, Stopping threads took: 0.0000084 seconds
2023-04-25T10:55:11.405+0530: 1930.211: Total time for which application threads were stopped: 0.0001962 seconds, Stopping threads took: 0.0000069 seconds
2023-04-25T10:55:11.405+0530: 1930.212: Total time for which application threads were stopped: 0.0001512 seconds, Stopping threads took: 0.0000063 seconds
2023-04-25T10:55:11.407+0530: 1930.213: Total time for which application threads were stopped: 0.0001542 seconds, Stopping threads took: 0.0000065 seconds
2023-04-25T10:55:11.407+0530: 1930.214: Total time for which application threads were stopped: 0.0000414 seconds, Stopping threads took: 0.0000063 seconds
2023-04-25T10:55:11.463+0530: 1930.270: Total time for which application threads were stopped: 0.0001474 seconds, Stopping threads took: 0.0000164 seconds
2023-04-25T10:55:11.463+0530: 1930.270: Total time for which application threads were stopped: 0.0000411 seconds, Stopping threads took: 0.0000087 seconds
2023-04-25T10:55:11.463+0530: 1930.270: Total time for which application threads were stopped: 0.0000300 seconds, Stopping threads took: 0.0000075 seconds
2023-04-25T10:55:11.463+0530: 1930.270: Total time for which application threads were stopped: 0.0000282 seconds, Stopping threads took: 0.0000068 seconds
2023-04-25T10:55:11.464+0530: 1930.270: Total time for which application threads were stopped: 0.0000282 seconds, Stopping threads took: 0.0000068 seconds
2023-04-25T10:55:11.464+0530: 1930.270: Total time for which application threads were stopped: 0.0001505 seconds, Stopping threads took: 0.0000622 seconds
2023-04-25T10:55:11.464+0530: 1930.270: Total time for which application threads were stopped: 0.0000467 seconds, Stopping threads took: 0.0000195 seconds
2023-04-25T10:55:11.464+0530: 1930.270: Total time for which application threads were stopped: 0.0000342 seconds, Stopping threads took: 0.0000112 seconds
2023-04-25T10:55:11.464+0530: 1930.270: Total time for which application threads were stopped: 0.0000381 seconds, Stopping threads took: 0.0000169 seconds
2023-04-25T10:55:11.466+0530: 1930.272: Total time for which application threads were stopped: 0.0000574 seconds, Stopping threads took: 0.0000105 seconds
2023-04-25T10:55:12.466+0530: 1931.273: Total time for which application threads were stopped: 0.0002497 seconds, Stopping threads took: 0.0000535 seconds
2023-04-25T10:55:12.979+0530: 1931.785: [GC (CMS Initial Mark) [1 CMS-initial-mark: 20425K(393216K)] 127425K(502464K), 0.0242411 secs] [Times: user=0.09 sys=0.00, real=0.03 secs] 
2023-04-25T10:55:13.003+0530: 1931.809: Total time for which application threads were stopped: 0.0245509 seconds, Stopping threads took: 0.0000505 seconds
2023-04-25T10:55:13.003+0530: 1931.809: [CMS-concurrent-mark-start]
2023-04-25T10:55:13.024+0530: 1931.830: [CMS-concurrent-mark: 0.021/0.021 secs] [Times: user=0.08 sys=0.00, real=0.02 secs] 
2023-04-25T10:55:13.024+0530: 1931.830: [CMS-concurrent-preclean-start]
2023-04-25T10:55:13.026+0530: 1931.832: [CMS-concurrent-preclean: 0.002/0.002 secs] [Times: user=0.00 sys=0.00, real=0.00 secs] 
2023-04-25T10:55:13.026+0530: 1931.832: [CMS-concurrent-abortable-preclean-start]
2023-04-25T10:55:14.622+0530: 1933.428: Total time for which application threads were stopped: 0.0001972 seconds, Stopping threads took: 0.0000415 seconds
2023-04-25T10:55:14.622+0530: 1933.428: Total time for which application threads were stopped: 0.0001258 seconds, Stopping threads took: 0.0000262 seconds
2023-04-25T10:55:14.622+0530: 1933.428: Total time for which application threads were stopped: 0.0001083 seconds, Stopping threads took: 0.0000233 seconds
2023-04-25T10:55:14.623+0530: 1933.429: Total time for which application threads were stopped: 0.0001351 seconds, Stopping threads took: 0.0000350 seconds
2023-04-25T10:55:14.630+0530: 1933.437: Total time for which application threads were stopped: 0.0002166 seconds, Stopping threads took: 0.0001046 seconds
2023-04-25T10:55:14.631+0530: 1933.437: Total time for which application threads were stopped: 0.0001259 seconds, Stopping threads took: 0.0000526 seconds
2023-04-25T10:55:14.632+0530: 1933.438: Total time for which application threads were stopped: 0.0001786 seconds, Stopping threads took: 0.0001089 seconds
2023-04-25T10:55:14.632+0530: 1933.438: Total time for which application threads were stopped: 0.0000648 seconds, Stopping threads took: 0.0000146 seconds
2023-04-25T10:55:14.632+0530: 1933.439: Total time for which application threads were stopped: 0.0001285 seconds, Stopping threads took: 0.0000245 seconds
2023-04-25T10:55:14.633+0530: 1933.440: Total time for which application threads were stopped: 0.0000800 seconds, Stopping threads took: 0.0000170 seconds
2023-04-25T10:55:14.634+0530: 1933.440: Total time for which application threads were stopped: 0.0000672 seconds, Stopping threads took: 0.0000159 seconds
2023-04-25T10:55:14.634+0530: 1933.440: Total time for which application threads were stopped: 0.0000809 seconds, Stopping threads took: 0.0000182 seconds
2023-04-25T10:55:14.635+0530: 1933.441: Total time for which application threads were stopped: 0.0000653 seconds, Stopping threads took: 0.0000161 seconds
2023-04-25T10:55:14.641+0530: 1933.447: Total time for which application threads were stopped: 0.0001172 seconds, Stopping threads took: 0.0000461 seconds
2023-04-25T10:55:15.641+0530: 1934.447: Total time for which application threads were stopped: 0.0002257 seconds, Stopping threads took: 0.0000441 seconds
2023-04-25T10:55:18.484+0530: 1937.291: Total time for which application threads were stopped: 0.0000919 seconds, Stopping threads took: 0.0000180 seconds
2023-04-25T10:55:18.485+0530: 1937.291: Total time for which application threads were stopped: 0.0000541 seconds, Stopping threads took: 0.0000077 seconds
2023-04-25T10:55:18.485+0530: 1937.291: Total time for which application threads were stopped: 0.0001578 seconds, Stopping threads took: 0.0000338 seconds
2023-04-25T10:55:18.486+0530: 1937.292: Total time for which application threads were stopped: 0.0000611 seconds, Stopping threads took: 0.0000090 seconds
2023-04-25T10:55:18.486+0530: 1937.292: Total time for which application threads were stopped: 0.0000455 seconds, Stopping threads took: 0.0000070 seconds
2023-04-25T10:55:18.487+0530: 1937.293: Total time for which application threads were stopped: 0.0000741 seconds, Stopping threads took: 0.0000086 seconds
2023-04-25T10:55:18.487+0530: 1937.294: Total time for which application threads were stopped: 0.0000577 seconds, Stopping threads took: 0.0000083 seconds
2023-04-25T10:55:18.489+0530: 1937.295: Total time for which application threads were stopped: 0.0001251 seconds, Stopping threads took: 0.0000314 seconds
2023-04-25T10:55:18.489+0530: 1937.295: Total time for which application threads were stopped: 0.0000997 seconds, Stopping threads took: 0.0000188 seconds
2023-04-25T10:55:18.490+0530: 1937.296: Total time for which application threads were stopped: 0.0000689 seconds, Stopping threads took: 0.0000140 seconds
2023-04-25T10:55:18.490+0530: 1937.296: Total time for which application threads were stopped: 0.0001330 seconds, Stopping threads took: 0.0000073 seconds
2023-04-25T10:55:18.490+0530: 1937.297: Total time for which application threads were stopped: 0.0000703 seconds, Stopping threads took: 0.0000156 seconds
2023-04-25T10:55:18.491+0530: 1937.297: Total time for which application threads were stopped: 0.0000664 seconds, Stopping threads took: 0.0000256 seconds
2023-04-25T10:55:18.493+0530: 1937.299: Total time for which application threads were stopped: 0.0000911 seconds, Stopping threads took: 0.0000191 seconds
2023-04-25T10:55:18.493+0530: 1937.299: Total time for which application threads were stopped: 0.0000723 seconds, Stopping threads took: 0.0000121 seconds
{Heap before GC invocations=19 (full 2):
 par new generation   total 109248K, used 109248K [0x00000000e0000000, 0x00000000e8000000, 0x00000000e8000000)
  eden space 87424K, 100% used [0x00000000e0000000, 0x00000000e5560000, 0x00000000e5560000)
  from space 21824K, 100% used [0x00000000e6ab0000, 0x00000000e8000000, 0x00000000e8000000)
  to   space 21824K,   0% used [0x00000000e5560000, 0x00000000e5560000, 0x00000000e6ab0000)
 concurrent mark-sweep generation total 393216K, used 20425K [0x00000000e8000000, 0x0000000100000000, 0x0000000100000000)
 Metaspace       used 37787K, capacity 38428K, committed 38628K, reserved 1083392K
  class space    used 4404K, capacity 4614K, committed 4628K, reserved 1048576K
2023-04-25T10:55:18.494+0530: 1937.301: [GC (Allocation Failure) 2023-04-25T10:55:18.494+0530: 1937.301: [ParNew
Desired survivor size 20112992 bytes, new threshold 4 (max 8)
- age   1:    9706608 bytes,    9706608 total
- age   2:    2590984 bytes,   12297592 total
- age   3:     146696 bytes,   12444288 total
- age   4:    8276192 bytes,   20720480 total
- age   5:     119200 bytes,   20839680 total
- age   6:      87624 bytes,   20927304 total
- age   7:     100912 bytes,   21028216 total
- age   8:      59240 bytes,   21087456 total
: 109248K->21824K(109248K), 0.0203742 secs] 129673K->43019K(502464K), 0.0204657 secs] [Times: user=0.06 sys=0.00, real=0.02 secs] 
Heap after GC invocations=20 (full 2):
 par new generation   total 109248K, used 21824K [0x00000000e0000000, 0x00000000e8000000, 0x00000000e8000000)
  eden space 87424K,   0% used [0x00000000e0000000, 0x00000000e0000000, 0x00000000e5560000)
  from space 21824K, 100% used [0x00000000e5560000, 0x00000000e6ab0000, 0x00000000e6ab0000)
  to   space 21824K,   0% used [0x00000000e6ab0000, 0x00000000e6ab0000, 0x00000000e8000000)
 concurrent mark-sweep generation total 393216K, used 21195K [0x00000000e8000000, 0x0000000100000000, 0x0000000100000000)
 Metaspace       used 37787K, capacity 38428K, committed 38628K, reserved 1083392K
  class space    used 4404K, capacity 4614K, committed 4628K, reserved 1048576K
}
2023-04-25T10:55:18.515+0530: 1937.321: Total time for which application threads were stopped: 0.0206403 seconds, Stopping threads took: 0.0000174 seconds
2023-04-25T10:55:18.515+0530: 1937.321: Total time for which application threads were stopped: 0.0000915 seconds, Stopping threads took: 0.0000363 seconds
2023-04-25T10:55:18.517+0530: 1937.324: Total time for which application threads were stopped: 0.0001236 seconds, Stopping threads took: 0.0000697 seconds
 CMS: abort preclean due to time 2023-04-25T10:55:19.027+0530: 1937.833: [CMS-concurrent-abortable-preclean: 3.073/6.001 secs] [Times: user=3.50 sys=0.00, real=6.00 secs] 
2023-04-25T10:55:19.027+0530: 1937.834: [GC (CMS Final Remark) [YG occupancy: 24133 K (109248 K)]{Heap before GC invocations=20 (full 2):
 par new generation   total 109248K, used 24133K [0x00000000e0000000, 0x00000000e8000000, 0x00000000e8000000)
  eden space 87424K,   2% used [0x00000000e0000000, 0x00000000e02415f8, 0x00000000e5560000)
  from space 21824K, 100% used [0x00000000e5560000, 0x00000000e6ab0000, 0x00000000e6ab0000)
  to   space 21824K,   0% used [0x00000000e6ab0000, 0x00000000e6ab0000, 0x00000000e8000000)
 concurrent mark-sweep generation total 393216K, used 21195K [0x00000000e8000000, 0x0000000100000000, 0x0000000100000000)
 Metaspace       used 37789K, capacity 38428K, committed 38628K, reserved 1083392K
  class space    used 4404K, capacity 4614K, committed 4628K, reserved 1048576K
2023-04-25T10:55:19.027+0530: 1937.834: [GC (CMS Final Remark) 2023-04-25T10:55:19.027+0530: 1937.834: [ParNew
Desired survivor size 20112992 bytes, new threshold 8 (max 8)
- age   1:        528 bytes,        528 total
- age   2:    7994632 bytes,    7995160 total
- age   3:    2590304 bytes,   10585464 total
- age   4:     146696 bytes,   10732160 total
: 24133K->15216K(109248K), 0.0159320 secs] 45329K->45435K(502464K), 0.0160031 secs] [Times: user=0.05 sys=0.00, real=0.02 secs] 
Heap after GC invocations=21 (full 2):
 par new generation   total 109248K, used 15216K [0x00000000e0000000, 0x00000000e8000000, 0x00000000e8000000)
  eden space 87424K,   0% used [0x00000000e0000000, 0x00000000e0000000, 0x00000000e5560000)
  from space 21824K,  69% used [0x00000000e6ab0000, 0x00000000e798c120, 0x00000000e8000000)
  to   space 21824K,   0% used [0x00000000e5560000, 0x00000000e5560000, 0x00000000e6ab0000)
 concurrent mark-sweep generation total 393216K, used 30219K [0x00000000e8000000, 0x0000000100000000, 0x0000000100000000)
 Metaspace       used 37789K, capacity 38428K, committed 38628K, reserved 1083392K
  class space    used 4404K, capacity 4614K, committed 4628K, reserved 1048576K
}
2023-04-25T10:55:19.043+0530: 1937.850: [Rescan (parallel) , 0.0043463 secs]2023-04-25T10:55:19.048+0530: 1937.854: [weak refs processing, 0.0007847 secs]2023-04-25T10:55:19.049+0530: 1937.855: [class unloading, 0.0054795 secs]2023-04-25T10:55:19.054+0530: 1937.860: [scrub symbol table, 0.0029836 secs]2023-04-25T10:55:19.057+0530: 1937.863: [scrub string table, 0.0005075 secs][1 CMS-remark: 30219K(393216K)] 45435K(502464K), 0.0305624 secs] [Times: user=0.08 sys=0.00, real=0.03 secs] 
2023-04-25T10:55:19.058+0530: 1937.864: Total time for which application threads were stopped: 0.0306758 seconds, Stopping threads took: 0.0000336 seconds
2023-04-25T10:55:19.058+0530: 1937.864: [CMS-concurrent-sweep-start]
2023-04-25T10:55:19.058+0530: 1937.864: Total time for which application threads were stopped: 0.0000649 seconds, Stopping threads took: 0.0000102 seconds
2023-04-25T10:55:19.068+0530: 1937.874: [CMS-concurrent-sweep: 0.009/0.009 secs] [Times: user=0.01 sys=0.00, real=0.01 secs] 
2023-04-25T10:55:19.068+0530: 1937.874: [CMS-concurrent-reset-start]
2023-04-25T10:55:19.068+0530: 1937.874: [CMS-concurrent-reset: 0.000/0.000 secs] [Times: user=0.00 sys=0.00, real=0.00 secs] 
2023-04-25T10:55:20.059+0530: 1938.865: Total time for which application threads were stopped: 0.0002555 seconds, Stopping threads took: 0.0000516 seconds
2023-04-25T10:55:27.060+0530: 1945.866: Total time for which application threads were stopped: 0.0002704 seconds, Stopping threads took: 0.0001003 seconds
2023-04-25T10:55:32.781+0530: 1951.587: Total time for which application threads were stopped: 0.0001358 seconds, Stopping threads took: 0.0000273 seconds
2023-04-25T10:55:32.781+0530: 1951.587: Total time for which application threads were stopped: 0.0000885 seconds, Stopping threads took: 0.0000127 seconds
2023-04-25T10:55:32.782+0530: 1951.588: Total time for which application threads were stopped: 0.0001065 seconds, Stopping threads took: 0.0000230 seconds
2023-04-25T10:55:32.785+0530: 1951.592: Total time for which application threads were stopped: 0.0001652 seconds, Stopping threads took: 0.0000351 seconds
2023-04-25T10:55:32.786+0530: 1951.592: Total time for which application threads were stopped: 0.0000946 seconds, Stopping threads took: 0.0000292 seconds
2023-04-25T10:55:32.787+0530: 1951.593: Total time for which application threads were stopped: 0.0000995 seconds, Stopping threads took: 0.0000404 seconds
2023-04-25T10:55:32.787+0530: 1951.593: Total time for which application threads were stopped: 0.0000530 seconds, Stopping threads took: 0.0000127 seconds
2023-04-25T10:55:32.787+0530: 1951.593: Total time for which application threads were stopped: 0.0000506 seconds, Stopping threads took: 0.0000122 seconds
2023-04-25T10:55:32.796+0530: 1951.602: Total time for which application threads were stopped: 0.0001290 seconds, Stopping threads took: 0.0000282 seconds
2023-04-25T10:55:32.796+0530: 1951.602: Total time for which application threads were stopped: 0.0000850 seconds, Stopping threads took: 0.0000171 seconds
2023-04-25T10:55:46.799+0530: 1965.605: Total time for which application threads were stopped: 0.0000760 seconds, Stopping threads took: 0.0000201 seconds
2023-04-25T10:55:57.507+0530: 1976.313: Total time for which application threads were stopped: 0.0001603 seconds, Stopping threads took: 0.0000496 seconds
2023-04-25T10:55:57.507+0530: 1976.313: Total time for which application threads were stopped: 0.0000921 seconds, Stopping threads took: 0.0000150 seconds
2023-04-25T10:55:57.508+0530: 1976.314: Total time for which application threads were stopped: 0.0001244 seconds, Stopping threads took: 0.0000450 seconds
2023-04-25T10:55:57.512+0530: 1976.318: Total time for which application threads were stopped: 0.0001589 seconds, Stopping threads took: 0.0000553 seconds
2023-04-25T10:55:57.512+0530: 1976.318: Total time for which application threads were stopped: 0.0001110 seconds, Stopping threads took: 0.0000343 seconds
2023-04-25T10:55:57.512+0530: 1976.319: Total time for which application threads were stopped: 0.0001203 seconds, Stopping threads took: 0.0000251 seconds
2023-04-25T10:55:57.512+0530: 1976.319: Total time for which application threads were stopped: 0.0000873 seconds, Stopping threads took: 0.0000286 seconds
2023-04-25T10:55:57.513+0530: 1976.319: Total time for which application threads were stopped: 0.0000858 seconds, Stopping threads took: 0.0000332 seconds
2023-04-25T10:55:57.513+0530: 1976.319: Total time for which application threads were stopped: 0.0000839 seconds, Stopping threads took: 0.0000174 seconds
2023-04-25T10:55:57.529+0530: 1976.335: Total time for which application threads were stopped: 0.0000905 seconds, Stopping threads took: 0.0000196 seconds
2023-04-25T10:55:57.529+0530: 1976.335: Total time for which application threads were stopped: 0.0000589 seconds, Stopping threads took: 0.0000098 seconds
2023-04-25T10:56:01.530+0530: 1980.336: Total time for which application threads were stopped: 0.0002068 seconds, Stopping threads took: 0.0000464 seconds
2023-04-25T10:56:02.811+0530: 1981.617: Total time for which application threads were stopped: 0.0001153 seconds, Stopping threads took: 0.0000241 seconds
2023-04-25T10:56:02.811+0530: 1981.617: Total time for which application threads were stopped: 0.0000731 seconds, Stopping threads took: 0.0000122 seconds
2023-04-25T10:56:02.812+0530: 1981.618: Total time for which application threads were stopped: 0.0000816 seconds, Stopping threads took: 0.0000147 seconds
2023-04-25T10:56:02.813+0530: 1981.619: Total time for which application threads were stopped: 0.0001379 seconds, Stopping threads took: 0.0000493 seconds
2023-04-25T10:56:02.816+0530: 1981.622: Total time for which application threads were stopped: 0.0001098 seconds, Stopping threads took: 0.0000204 seconds
2023-04-25T10:56:02.817+0530: 1981.623: Total time for which application threads were stopped: 0.0001268 seconds, Stopping threads took: 0.0000196 seconds
2023-04-25T10:56:02.818+0530: 1981.624: Total time for which application threads were stopped: 0.0000936 seconds, Stopping threads took: 0.0000223 seconds
2023-04-25T10:56:02.818+0530: 1981.624: Total time for which application threads were stopped: 0.0000544 seconds, Stopping threads took: 0.0000117 seconds
2023-04-25T10:56:02.818+0530: 1981.624: Total time for which application threads were stopped: 0.0000642 seconds, Stopping threads took: 0.0000153 seconds
2023-04-25T10:56:02.824+0530: 1981.631: Total time for which application threads were stopped: 0.0001128 seconds, Stopping threads took: 0.0000306 seconds
2023-04-25T10:56:02.825+0530: 1981.631: Total time for which application threads were stopped: 0.0001194 seconds, Stopping threads took: 0.0000456 seconds
2023-04-25T10:57:06.834+0530: 2045.640: Total time for which application threads were stopped: 0.0002904 seconds, Stopping threads took: 0.0001087 seconds
2023-04-25T10:57:11.835+0530: 2050.641: Total time for which application threads were stopped: 0.0002344 seconds, Stopping threads took: 0.0000539 seconds
2023-04-25T10:59:41.004+0530: 2199.810: Total time for which application threads were stopped: 0.0001377 seconds, Stopping threads took: 0.0000437 seconds
2023-04-25T10:59:41.004+0530: 2199.810: Total time for which application threads were stopped: 0.0000674 seconds, Stopping threads took: 0.0000127 seconds
2023-04-25T10:59:41.004+0530: 2199.810: Total time for which application threads were stopped: 0.0001469 seconds, Stopping threads took: 0.0000104 seconds
2023-04-25T10:59:41.004+0530: 2199.811: Total time for which application threads were stopped: 0.0000834 seconds, Stopping threads took: 0.0000145 seconds
2023-04-25T10:59:41.005+0530: 2199.811: Total time for which application threads were stopped: 0.0000707 seconds, Stopping threads took: 0.0000140 seconds
2023-04-25T10:59:41.008+0530: 2199.814: Total time for which application threads were stopped: 0.0001029 seconds, Stopping threads took: 0.0000265 seconds
2023-04-25T10:59:41.009+0530: 2199.815: Total time for which application threads were stopped: 0.0001188 seconds, Stopping threads took: 0.0000484 seconds
2023-04-25T10:59:41.009+0530: 2199.815: Total time for which application threads were stopped: 0.0001661 seconds, Stopping threads took: 0.0001140 seconds
2023-04-25T10:59:41.010+0530: 2199.816: Total time for which application threads were stopped: 0.0000943 seconds, Stopping threads took: 0.0000306 seconds
2023-04-25T10:59:41.014+0530: 2199.820: Total time for which application threads were stopped: 0.0001227 seconds, Stopping threads took: 0.0000260 seconds
2023-04-25T10:59:59.051+0530: 2217.857: Total time for which application threads were stopped: 0.0001796 seconds, Stopping threads took: 0.0000545 seconds
2023-04-25T10:59:59.051+0530: 2217.858: Total time for which application threads were stopped: 0.0000927 seconds, Stopping threads took: 0.0000142 seconds
2023-04-25T10:59:59.053+0530: 2217.859: Total time for which application threads were stopped: 0.0001001 seconds, Stopping threads took: 0.0000164 seconds
2023-04-25T10:59:59.057+0530: 2217.863: Total time for which application threads were stopped: 0.0001237 seconds, Stopping threads took: 0.0000230 seconds
2023-04-25T10:59:59.057+0530: 2217.863: Total time for which application threads were stopped: 0.0000892 seconds, Stopping threads took: 0.0000148 seconds
2023-04-25T10:59:59.058+0530: 2217.864: Total time for which application threads were stopped: 0.0001454 seconds, Stopping threads took: 0.0000537 seconds
2023-04-25T10:59:59.058+0530: 2217.864: Total time for which application threads were stopped: 0.0000969 seconds, Stopping threads took: 0.0000324 seconds
2023-04-25T10:59:59.059+0530: 2217.865: Total time for which application threads were stopped: 0.0000867 seconds, Stopping threads took: 0.0000191 seconds
2023-04-25T10:59:59.063+0530: 2217.869: Total time for which application threads were stopped: 0.0001255 seconds, Stopping threads took: 0.0000450 seconds
2023-04-25T10:59:59.063+0530: 2217.869: Total time for which application threads were stopped: 0.0000800 seconds, Stopping threads took: 0.0000157 seconds
2023-04-25T11:00:12.860+0530: 2231.667: Total time for which application threads were stopped: 0.0001243 seconds, Stopping threads took: 0.0000216 seconds
2023-04-25T11:00:12.861+0530: 2231.667: Total time for which application threads were stopped: 0.0000747 seconds, Stopping threads took: 0.0000117 seconds
2023-04-25T11:00:12.861+0530: 2231.667: Total time for which application threads were stopped: 0.0000610 seconds, Stopping threads took: 0.0000095 seconds
2023-04-25T11:00:12.863+0530: 2231.670: Total time for which application threads were stopped: 0.0000892 seconds, Stopping threads took: 0.0000172 seconds
2023-04-25T11:00:12.865+0530: 2231.671: Total time for which application threads were stopped: 0.0001418 seconds, Stopping threads took: 0.0000388 seconds
2023-04-25T11:00:12.865+0530: 2231.671: Total time for which application threads were stopped: 0.0001678 seconds, Stopping threads took: 0.0001107 seconds
2023-04-25T11:00:12.865+0530: 2231.671: Total time for which application threads were stopped: 0.0000591 seconds, Stopping threads took: 0.0000132 seconds
2023-04-25T11:00:12.865+0530: 2231.672: Total time for which application threads were stopped: 0.0000602 seconds, Stopping threads took: 0.0000131 seconds
2023-04-25T11:00:12.866+0530: 2231.672: Total time for which application threads were stopped: 0.0000586 seconds, Stopping threads took: 0.0000127 seconds
2023-04-25T11:00:12.867+0530: 2231.673: Total time for which application threads were stopped: 0.0001321 seconds, Stopping threads took: 0.0000229 seconds
2023-04-25T11:00:12.867+0530: 2231.673: Total time for which application threads were stopped: 0.0000860 seconds, Stopping threads took: 0.0000159 seconds
2023-04-25T11:00:12.868+0530: 2231.674: Total time for which application threads were stopped: 0.0000814 seconds, Stopping threads took: 0.0000164 seconds
2023-04-25T11:00:12.868+0530: 2231.674: Total time for which application threads were stopped: 0.0000580 seconds, Stopping threads took: 0.0000157 seconds
2023-04-25T11:00:12.868+0530: 2231.675: Total time for which application threads were stopped: 0.0000891 seconds, Stopping threads took: 0.0000298 seconds
2023-04-25T11:00:12.872+0530: 2231.678: Total time for which application threads were stopped: 0.0000961 seconds, Stopping threads took: 0.0000202 seconds
2023-04-25T11:00:12.872+0530: 2231.679: Total time for which application threads were stopped: 0.0000655 seconds, Stopping threads took: 0.0000108 seconds
2023-04-25T11:00:31.875+0530: 2250.682: Total time for which application threads were stopped: 0.0002825 seconds, Stopping threads took: 0.0001046 seconds
2023-04-25T11:01:31.885+0530: 2310.691: Total time for which application threads were stopped: 0.0001095 seconds, Stopping threads took: 0.0000399 seconds
2023-04-25T11:02:31.894+0530: 2370.701: Total time for which application threads were stopped: 0.0002646 seconds, Stopping threads took: 0.0000987 seconds
2023-04-25T11:02:32.895+0530: 2371.701: Total time for which application threads were stopped: 0.0001477 seconds, Stopping threads took: 0.0000353 seconds
2023-04-25T11:05:41.930+0530: 2560.736: Total time for which application threads were stopped: 0.0002349 seconds, Stopping threads took: 0.0000864 seconds
2023-04-25T11:07:01.946+0530: 2640.752: Total time for which application threads were stopped: 0.0002843 seconds, Stopping threads took: 0.0001114 seconds
2023-04-25T11:13:21.697+0530: 3020.503: Total time for which application threads were stopped: 0.0001310 seconds, Stopping threads took: 0.0000427 seconds
2023-04-25T11:13:21.697+0530: 3020.503: Total time for which application threads were stopped: 0.0000794 seconds, Stopping threads took: 0.0000156 seconds
2023-04-25T11:13:21.697+0530: 3020.503: Total time for which application threads were stopped: 0.0000696 seconds, Stopping threads took: 0.0000192 seconds
2023-04-25T11:13:21.700+0530: 3020.506: Total time for which application threads were stopped: 0.0001369 seconds, Stopping threads took: 0.0000640 seconds
2023-04-25T11:13:21.700+0530: 3020.506: Total time for which application threads were stopped: 0.0000793 seconds, Stopping threads took: 0.0000176 seconds
2023-04-25T11:13:21.701+0530: 3020.507: Total time for which application threads were stopped: 0.0000691 seconds, Stopping threads took: 0.0000130 seconds
2023-04-25T11:13:21.701+0530: 3020.507: Total time for which application threads were stopped: 0.0000423 seconds, Stopping threads took: 0.0000059 seconds
2023-04-25T11:13:21.701+0530: 3020.508: Total time for which application threads were stopped: 0.0000413 seconds, Stopping threads took: 0.0000066 seconds
2023-04-25T11:13:21.705+0530: 3020.511: Total time for which application threads were stopped: 0.0000886 seconds, Stopping threads took: 0.0000179 seconds
2023-04-25T11:13:21.705+0530: 3020.511: Total time for which application threads were stopped: 0.0000532 seconds, Stopping threads took: 0.0000083 seconds
2023-04-25T11:13:31.562+0530: 3030.368: Total time for which application threads were stopped: 0.0001111 seconds, Stopping threads took: 0.0000226 seconds
2023-04-25T11:13:31.562+0530: 3030.368: Total time for which application threads were stopped: 0.0001001 seconds, Stopping threads took: 0.0000170 seconds
2023-04-25T11:13:31.563+0530: 3030.369: Total time for which application threads were stopped: 0.0000851 seconds, Stopping threads took: 0.0000124 seconds
2023-04-25T11:13:31.565+0530: 3030.372: Total time for which application threads were stopped: 0.0002906 seconds, Stopping threads took: 0.0000624 seconds
2023-04-25T11:13:31.568+0530: 3030.374: Total time for which application threads were stopped: 0.0001425 seconds, Stopping threads took: 0.0000342 seconds
2023-04-25T11:13:31.568+0530: 3030.374: Total time for which application threads were stopped: 0.0000770 seconds, Stopping threads took: 0.0000140 seconds
2023-04-25T11:13:31.568+0530: 3030.375: Total time for which application threads were stopped: 0.0001399 seconds, Stopping threads took: 0.0000566 seconds
2023-04-25T11:13:31.573+0530: 3030.379: Total time for which application threads were stopped: 0.0001084 seconds, Stopping threads took: 0.0000225 seconds
2023-04-25T11:13:31.573+0530: 3030.379: Total time for which application threads were stopped: 0.0000694 seconds, Stopping threads took: 0.0000130 seconds
2023-04-25T11:13:42.884+0530: 3041.690: Total time for which application threads were stopped: 0.0001205 seconds, Stopping threads took: 0.0000262 seconds
2023-04-25T11:13:42.884+0530: 3041.691: Total time for which application threads were stopped: 0.0000764 seconds, Stopping threads took: 0.0000140 seconds
2023-04-25T11:13:42.885+0530: 3041.691: Total time for which application threads were stopped: 0.0000818 seconds, Stopping threads took: 0.0000154 seconds
2023-04-25T11:13:42.888+0530: 3041.694: Total time for which application threads were stopped: 0.0001110 seconds, Stopping threads took: 0.0000240 seconds
2023-04-25T11:13:42.888+0530: 3041.694: Total time for which application threads were stopped: 0.0001062 seconds, Stopping threads took: 0.0000496 seconds
2023-04-25T11:13:42.888+0530: 3041.695: Total time for which application threads were stopped: 0.0000642 seconds, Stopping threads took: 0.0000162 seconds
2023-04-25T11:13:42.888+0530: 3041.695: Total time for which application threads were stopped: 0.0000439 seconds, Stopping threads took: 0.0000108 seconds
2023-04-25T11:13:42.889+0530: 3041.695: Total time for which application threads were stopped: 0.0000851 seconds, Stopping threads took: 0.0000369 seconds
2023-04-25T11:13:42.890+0530: 3041.696: Total time for which application threads were stopped: 0.0001081 seconds, Stopping threads took: 0.0000286 seconds
2023-04-25T11:13:42.892+0530: 3041.699: Total time for which application threads were stopped: 0.0000815 seconds, Stopping threads took: 0.0000150 seconds
2023-04-25T11:13:42.893+0530: 3041.699: Total time for which application threads were stopped: 0.0000502 seconds, Stopping threads took: 0.0000084 seconds
2023-04-25T11:15:30.881+0530: 3149.687: Total time for which application threads were stopped: 0.0001135 seconds, Stopping threads took: 0.0000376 seconds
2023-04-25T11:15:30.881+0530: 3149.687: Total time for which application threads were stopped: 0.0000615 seconds, Stopping threads took: 0.0000115 seconds
2023-04-25T11:15:30.881+0530: 3149.688: Total time for which application threads were stopped: 0.0000552 seconds, Stopping threads took: 0.0000115 seconds
2023-04-25T11:15:30.882+0530: 3149.688: Total time for which application threads were stopped: 0.0000548 seconds, Stopping threads took: 0.0000103 seconds
2023-04-25T11:15:30.884+0530: 3149.690: Total time for which application threads were stopped: 0.0001214 seconds, Stopping threads took: 0.0000267 seconds
2023-04-25T11:15:30.884+0530: 3149.691: Total time for which application threads were stopped: 0.0000650 seconds, Stopping threads took: 0.0000133 seconds
2023-04-25T11:15:30.885+0530: 3149.691: Total time for which application threads were stopped: 0.0000540 seconds, Stopping threads took: 0.0000103 seconds
2023-04-25T11:15:30.885+0530: 3149.692: Total time for which application threads were stopped: 0.0000410 seconds, Stopping threads took: 0.0000083 seconds
2023-04-25T11:15:30.886+0530: 3149.692: Total time for which application threads were stopped: 0.0001302 seconds, Stopping threads took: 0.0000922 seconds
2023-04-25T11:15:30.889+0530: 3149.695: Total time for which application threads were stopped: 0.0001297 seconds, Stopping threads took: 0.0000466 seconds
2023-04-25T11:20:52.941+0530: 3471.747: Total time for which application threads were stopped: 0.0002894 seconds, Stopping threads took: 0.0000928 seconds
2023-04-25T11:42:22.345+0530: 4761.151: Total time for which application threads were stopped: 0.0002962 seconds, Stopping threads took: 0.0000839 seconds
2023-04-25T11:42:22.345+0530: 4761.151: Total time for which application threads were stopped: 0.0001472 seconds, Stopping threads took: 0.0000296 seconds
2023-04-25T11:42:22.370+0530: 4761.177: Total time for which application threads were stopped: 0.0002036 seconds, Stopping threads took: 0.0000412 seconds
2023-04-25T11:42:22.514+0530: 4761.320: Total time for which application threads were stopped: 0.0002110 seconds, Stopping threads took: 0.0000441 seconds
2023-04-25T11:42:22.514+0530: 4761.321: Total time for which application threads were stopped: 0.0001547 seconds, Stopping threads took: 0.0000301 seconds
2023-04-25T11:42:22.532+0530: 4761.338: Total time for which application threads were stopped: 0.0002330 seconds, Stopping threads took: 0.0001239 seconds
2023-04-25T11:42:23.035+0530: 4761.841: Total time for which application threads were stopped: 0.0003674 seconds, Stopping threads took: 0.0002009 seconds
2023-04-25T11:42:23.036+0530: 4761.842: Total time for which application threads were stopped: 0.0003728 seconds, Stopping threads took: 0.0002480 seconds
2023-04-25T11:42:23.042+0530: 4761.848: Total time for which application threads were stopped: 0.0002141 seconds, Stopping threads took: 0.0000857 seconds
2023-04-25T11:42:23.048+0530: 4761.854: Total time for which application threads were stopped: 0.0000879 seconds, Stopping threads took: 0.0000181 seconds
2023-04-25T11:42:23.048+0530: 4761.855: Total time for which application threads were stopped: 0.0000637 seconds, Stopping threads took: 0.0000123 seconds
2023-04-25T11:42:23.049+0530: 4761.855: Total time for which application threads were stopped: 0.0001695 seconds, Stopping threads took: 0.0000667 seconds
2023-04-25T11:42:23.056+0530: 4761.863: Total time for which application threads were stopped: 0.0000837 seconds, Stopping threads took: 0.0000169 seconds
2023-04-25T11:42:23.057+0530: 4761.863: Total time for which application threads were stopped: 0.0001064 seconds, Stopping threads took: 0.0000080 seconds
2023-04-25T11:42:23.069+0530: 4761.875: Total time for which application threads were stopped: 0.0000986 seconds, Stopping threads took: 0.0000181 seconds
2023-04-25T11:42:23.069+0530: 4761.875: Total time for which application threads were stopped: 0.0000512 seconds, Stopping threads took: 0.0000114 seconds
2023-04-25T11:42:23.069+0530: 4761.875: Total time for which application threads were stopped: 0.0001794 seconds, Stopping threads took: 0.0001155 seconds
2023-04-25T11:42:23.070+0530: 4761.876: Total time for which application threads were stopped: 0.0001537 seconds, Stopping threads took: 0.0001036 seconds
2023-04-25T11:42:23.094+0530: 4761.900: Total time for which application threads were stopped: 0.0002133 seconds, Stopping threads took: 0.0001286 seconds
2023-04-25T11:42:23.094+0530: 4761.900: Total time for which application threads were stopped: 0.0001947 seconds, Stopping threads took: 0.0001267 seconds
2023-04-25T11:42:23.103+0530: 4761.910: Total time for which application threads were stopped: 0.0002493 seconds, Stopping threads took: 0.0001586 seconds
2023-04-25T11:42:23.104+0530: 4761.910: Total time for which application threads were stopped: 0.0000968 seconds, Stopping threads took: 0.0000239 seconds
2023-04-25T11:42:23.104+0530: 4761.910: Total time for which application threads were stopped: 0.0000805 seconds, Stopping threads took: 0.0000225 seconds
2023-04-25T11:42:23.104+0530: 4761.910: Total time for which application threads were stopped: 0.0000834 seconds, Stopping threads took: 0.0000248 seconds
2023-04-25T11:42:23.105+0530: 4761.911: Total time for which application threads were stopped: 0.0000834 seconds, Stopping threads took: 0.0000235 seconds
2023-04-25T11:42:23.110+0530: 4761.916: Total time for which application threads were stopped: 0.0001886 seconds, Stopping threads took: 0.0000982 seconds
2023-04-25T11:42:23.110+0530: 4761.917: Total time for which application threads were stopped: 0.0002151 seconds, Stopping threads took: 0.0001437 seconds
2023-04-25T11:42:23.111+0530: 4761.917: Total time for which application threads were stopped: 0.0002468 seconds, Stopping threads took: 0.0001711 seconds
2023-04-25T11:42:23.112+0530: 4761.918: Total time for which application threads were stopped: 0.0001430 seconds, Stopping threads took: 0.0000684 seconds
2023-04-25T11:42:23.112+0530: 4761.918: Total time for which application threads were stopped: 0.0001062 seconds, Stopping threads took: 0.0000432 seconds
2023-04-25T11:42:23.112+0530: 4761.918: Total time for which application threads were stopped: 0.0000867 seconds, Stopping threads took: 0.0000349 seconds
2023-04-25T11:42:23.112+0530: 4761.919: Total time for which application threads were stopped: 0.0001305 seconds, Stopping threads took: 0.0000571 seconds
2023-04-25T11:42:23.113+0530: 4761.919: Total time for which application threads were stopped: 0.0002588 seconds, Stopping threads took: 0.0001854 seconds
2023-04-25T11:42:23.113+0530: 4761.919: Total time for which application threads were stopped: 0.0002515 seconds, Stopping threads took: 0.0001440 seconds
2023-04-25T11:42:23.138+0530: 4761.944: Total time for which application threads were stopped: 0.0001884 seconds, Stopping threads took: 0.0000398 seconds
2023-04-25T11:42:23.140+0530: 4761.946: Total time for which application threads were stopped: 0.0001625 seconds, Stopping threads took: 0.0000378 seconds
2023-04-25T11:42:23.159+0530: 4761.965: Total time for which application threads were stopped: 0.0001677 seconds, Stopping threads took: 0.0000406 seconds
2023-04-25T11:42:23.161+0530: 4761.967: Total time for which application threads were stopped: 0.0002056 seconds, Stopping threads took: 0.0000710 seconds
2023-04-25T11:42:23.161+0530: 4761.968: Total time for which application threads were stopped: 0.0003010 seconds, Stopping threads took: 0.0001920 seconds
2023-04-25T11:42:23.163+0530: 4761.969: Total time for which application threads were stopped: 0.0003090 seconds, Stopping threads took: 0.0001911 seconds
2023-04-25T11:42:23.377+0530: 4762.184: Total time for which application threads were stopped: 0.0003031 seconds, Stopping threads took: 0.0001055 seconds
2023-04-25T11:42:23.378+0530: 4762.184: Total time for which application threads were stopped: 0.0001860 seconds, Stopping threads took: 0.0000376 seconds
2023-04-25T11:42:23.382+0530: 4762.188: Total time for which application threads were stopped: 0.0004218 seconds, Stopping threads took: 0.0002418 seconds
2023-04-25T11:42:23.383+0530: 4762.189: Total time for which application threads were stopped: 0.0004503 seconds, Stopping threads took: 0.0001180 seconds
2023-04-25T11:42:23.424+0530: 4762.230: Total time for which application threads were stopped: 0.0007874 seconds, Stopping threads took: 0.0005407 seconds
2023-04-25T11:42:23.820+0530: 4762.626: Total time for which application threads were stopped: 0.0002398 seconds, Stopping threads took: 0.0000641 seconds
2023-04-25T11:42:23.821+0530: 4762.627: Total time for which application threads were stopped: 0.0001663 seconds, Stopping threads took: 0.0000533 seconds
2023-04-25T11:42:24.353+0530: 4763.159: Total time for which application threads were stopped: 0.0001828 seconds, Stopping threads took: 0.0001178 seconds
2023-04-25T11:42:24.544+0530: 4763.350: Total time for which application threads were stopped: 0.0002336 seconds, Stopping threads took: 0.0001505 seconds
2023-04-25T11:42:24.610+0530: 4763.416: Total time for which application threads were stopped: 0.0000646 seconds, Stopping threads took: 0.0000119 seconds
2023-04-25T11:42:24.683+0530: 4763.490: Total time for which application threads were stopped: 0.0001267 seconds, Stopping threads took: 0.0000276 seconds
2023-04-25T11:42:24.684+0530: 4763.490: Total time for which application threads were stopped: 0.0000737 seconds, Stopping threads took: 0.0000129 seconds
2023-04-25T11:42:24.684+0530: 4763.490: Total time for which application threads were stopped: 0.0000458 seconds, Stopping threads took: 0.0000060 seconds
2023-04-25T11:42:24.684+0530: 4763.490: Total time for which application threads were stopped: 0.0000463 seconds, Stopping threads took: 0.0000123 seconds
2023-04-25T11:42:24.684+0530: 4763.490: Total time for which application threads were stopped: 0.0000549 seconds, Stopping threads took: 0.0000102 seconds
2023-04-25T11:42:24.684+0530: 4763.490: Total time for which application threads were stopped: 0.0000387 seconds, Stopping threads took: 0.0000095 seconds
2023-04-25T11:42:24.691+0530: 4763.497: Total time for which application threads were stopped: 0.0001073 seconds, Stopping threads took: 0.0000195 seconds
2023-04-25T11:42:24.711+0530: 4763.517: Total time for which application threads were stopped: 0.0000930 seconds, Stopping threads took: 0.0000168 seconds
2023-04-25T11:42:24.711+0530: 4763.517: Total time for which application threads were stopped: 0.0000633 seconds, Stopping threads took: 0.0000129 seconds
2023-04-25T11:42:24.711+0530: 4763.517: Total time for which application threads were stopped: 0.0000741 seconds, Stopping threads took: 0.0000407 seconds
2023-04-25T11:42:24.711+0530: 4763.517: Total time for which application threads were stopped: 0.0000625 seconds, Stopping threads took: 0.0000058 seconds
2023-04-25T11:42:24.711+0530: 4763.518: Total time for which application threads were stopped: 0.0000602 seconds, Stopping threads took: 0.0000288 seconds
2023-04-25T11:42:24.711+0530: 4763.518: Total time for which application threads were stopped: 0.0000613 seconds, Stopping threads took: 0.0000294 seconds
2023-04-25T11:42:24.712+0530: 4763.518: Total time for which application threads were stopped: 0.0000599 seconds, Stopping threads took: 0.0000286 seconds
2023-04-25T11:42:24.712+0530: 4763.518: Total time for which application threads were stopped: 0.0001307 seconds, Stopping threads took: 0.0000096 seconds
2023-04-25T11:42:25.233+0530: 4764.040: Total time for which application threads were stopped: 0.0005370 seconds, Stopping threads took: 0.0000189 seconds
2023-04-25T11:42:25.234+0530: 4764.040: Total time for which application threads were stopped: 0.0005637 seconds, Stopping threads took: 0.0001161 seconds
2023-04-25T11:42:25.235+0530: 4764.042: Total time for which application threads were stopped: 0.0000766 seconds, Stopping threads took: 0.0000174 seconds
2023-04-25T11:42:25.236+0530: 4764.042: Total time for which application threads were stopped: 0.0001728 seconds, Stopping threads took: 0.0001175 seconds
2023-04-25T11:42:25.236+0530: 4764.042: Total time for which application threads were stopped: 0.0000567 seconds, Stopping threads took: 0.0000127 seconds
2023-04-25T11:42:25.236+0530: 4764.042: Total time for which application threads were stopped: 0.0000784 seconds, Stopping threads took: 0.0000280 seconds
2023-04-25T11:42:25.236+0530: 4764.042: Total time for which application threads were stopped: 0.0000636 seconds, Stopping threads took: 0.0000237 seconds
2023-04-25T11:42:25.237+0530: 4764.043: Total time for which application threads were stopped: 0.0000787 seconds, Stopping threads took: 0.0000301 seconds
2023-04-25T11:42:25.237+0530: 4764.044: Total time for which application threads were stopped: 0.0000580 seconds, Stopping threads took: 0.0000210 seconds
2023-04-25T11:42:25.237+0530: 4764.044: Total time for which application threads were stopped: 0.0000509 seconds, Stopping threads took: 0.0000153 seconds
2023-04-25T11:42:25.238+0530: 4764.044: Total time for which application threads were stopped: 0.0000513 seconds, Stopping threads took: 0.0000076 seconds
2023-04-25T11:42:25.238+0530: 4764.044: Total time for which application threads were stopped: 0.0000559 seconds, Stopping threads took: 0.0000105 seconds
2023-04-25T11:42:26.238+0530: 4765.044: Total time for which application threads were stopped: 0.0002569 seconds, Stopping threads took: 0.0000557 seconds
2023-04-25T11:43:25.237+0530: 4824.043: Total time for which application threads were stopped: 0.0001406 seconds, Stopping threads took: 0.0000336 seconds
2023-04-25T11:43:25.238+0530: 4824.044: Total time for which application threads were stopped: 0.0000674 seconds, Stopping threads took: 0.0000129 seconds
2023-04-25T11:43:36.553+0530: 4835.360: Total time for which application threads were stopped: 0.0001449 seconds, Stopping threads took: 0.0000611 seconds
2023-04-25T11:47:31.596+0530: 5070.403: Total time for which application threads were stopped: 0.0002712 seconds, Stopping threads took: 0.0001007 seconds
2023-04-25T11:47:32.597+0530: 5071.403: Total time for which application threads were stopped: 0.0002130 seconds, Stopping threads took: 0.0000521 seconds
2023-04-25T11:48:31.611+0530: 5130.417: Total time for which application threads were stopped: 0.0001055 seconds, Stopping threads took: 0.0000346 seconds
2023-04-25T11:57:45.657+0530: 5684.463: Total time for which application threads were stopped: 0.0000897 seconds, Stopping threads took: 0.0000301 seconds
2023-04-25T11:57:45.657+0530: 5684.463: Total time for which application threads were stopped: 0.0000430 seconds, Stopping threads took: 0.0000065 seconds
2023-04-25T11:57:45.657+0530: 5684.463: Total time for which application threads were stopped: 0.0000335 seconds, Stopping threads took: 0.0000067 seconds
2023-04-25T11:57:45.658+0530: 5684.464: Total time for which application threads were stopped: 0.0000648 seconds, Stopping threads took: 0.0000129 seconds
2023-04-25T11:57:45.660+0530: 5684.466: Total time for which application threads were stopped: 0.0000885 seconds, Stopping threads took: 0.0000193 seconds
2023-04-25T11:57:45.660+0530: 5684.466: Total time for which application threads were stopped: 0.0000581 seconds, Stopping threads took: 0.0000103 seconds
2023-04-25T11:57:45.662+0530: 5684.468: Total time for which application threads were stopped: 0.0000795 seconds, Stopping threads took: 0.0000193 seconds
2023-04-25T11:57:45.832+0530: 5684.638: Total time for which application threads were stopped: 0.0001956 seconds, Stopping threads took: 0.0001054 seconds
2023-04-25T11:57:45.832+0530: 5684.638: Total time for which application threads were stopped: 0.0000613 seconds, Stopping threads took: 0.0000118 seconds
2023-04-25T11:57:45.833+0530: 5684.639: Total time for which application threads were stopped: 0.0000640 seconds, Stopping threads took: 0.0000147 seconds
2023-04-25T11:57:45.833+0530: 5684.639: Total time for which application threads were stopped: 0.0000836 seconds, Stopping threads took: 0.0000123 seconds
2023-04-25T11:57:45.834+0530: 5684.640: Total time for which application threads were stopped: 0.0000396 seconds, Stopping threads took: 0.0000082 seconds
2023-04-25T11:57:45.834+0530: 5684.640: Total time for which application threads were stopped: 0.0000337 seconds, Stopping threads took: 0.0000071 seconds
2023-04-25T11:57:45.834+0530: 5684.640: Total time for which application threads were stopped: 0.0000340 seconds, Stopping threads took: 0.0000076 seconds
2023-04-25T11:57:45.834+0530: 5684.640: Total time for which application threads were stopped: 0.0000358 seconds, Stopping threads took: 0.0000082 seconds
2023-04-25T11:57:45.836+0530: 5684.642: Total time for which application threads were stopped: 0.0001247 seconds, Stopping threads took: 0.0000743 seconds
2023-04-25T11:57:45.836+0530: 5684.642: Total time for which application threads were stopped: 0.0000549 seconds, Stopping threads took: 0.0000124 seconds
2023-04-25T11:57:45.836+0530: 5684.642: Total time for which application threads were stopped: 0.0000673 seconds, Stopping threads took: 0.0000279 seconds
2023-04-25T11:57:45.836+0530: 5684.642: Total time for which application threads were stopped: 0.0001139 seconds, Stopping threads took: 0.0000797 seconds
2023-04-25T11:57:45.836+0530: 5684.642: Total time for which application threads were stopped: 0.0000568 seconds, Stopping threads took: 0.0000191 seconds
2023-04-25T11:57:45.837+0530: 5684.643: Total time for which application threads were stopped: 0.0001101 seconds, Stopping threads took: 0.0000369 seconds
2023-04-25T11:57:45.837+0530: 5684.643: Total time for which application threads were stopped: 0.0000934 seconds, Stopping threads took: 0.0000318 seconds
2023-04-25T11:57:45.837+0530: 5684.643: Total time for which application threads were stopped: 0.0000743 seconds, Stopping threads took: 0.0000236 seconds
2023-04-25T11:57:45.837+0530: 5684.643: Total time for which application threads were stopped: 0.0000555 seconds, Stopping threads took: 0.0000153 seconds
2023-04-25T11:57:45.837+0530: 5684.644: Total time for which application threads were stopped: 0.0000946 seconds, Stopping threads took: 0.0000046 seconds
2023-04-25T11:57:45.862+0530: 5684.668: Total time for which application threads were stopped: 0.0001114 seconds, Stopping threads took: 0.0000219 seconds
2023-04-25T11:57:45.862+0530: 5684.668: Total time for which application threads were stopped: 0.0000690 seconds, Stopping threads took: 0.0000099 seconds
2023-04-25T11:57:54.610+0530: 5693.417: Total time for which application threads were stopped: 0.0002464 seconds, Stopping threads took: 0.0000677 seconds
2023-04-25T11:57:54.611+0530: 5693.417: Total time for which application threads were stopped: 0.0001587 seconds, Stopping threads took: 0.0000244 seconds
2023-04-25T11:57:54.612+0530: 5693.418: Total time for which application threads were stopped: 0.0001666 seconds, Stopping threads took: 0.0000378 seconds
2023-04-25T11:57:54.616+0530: 5693.422: Total time for which application threads were stopped: 0.0002626 seconds, Stopping threads took: 0.0001386 seconds
2023-04-25T11:57:54.616+0530: 5693.423: Total time for which application threads were stopped: 0.0001319 seconds, Stopping threads took: 0.0000515 seconds
2023-04-25T11:57:54.618+0530: 5693.424: Total time for which application threads were stopped: 0.0001225 seconds, Stopping threads took: 0.0000187 seconds
2023-04-25T11:57:54.638+0530: 5693.444: Total time for which application threads were stopped: 0.0000983 seconds, Stopping threads took: 0.0000174 seconds
2023-04-25T11:57:54.638+0530: 5693.445: Total time for which application threads were stopped: 0.0000737 seconds, Stopping threads took: 0.0000268 seconds
2023-04-25T11:57:54.638+0530: 5693.445: Total time for which application threads were stopped: 0.0000776 seconds, Stopping threads took: 0.0000226 seconds
2023-04-25T11:57:54.639+0530: 5693.445: Total time for which application threads were stopped: 0.0001939 seconds, Stopping threads took: 0.0001419 seconds
2023-04-25T11:57:54.639+0530: 5693.445: Total time for which application threads were stopped: 0.0000665 seconds, Stopping threads took: 0.0000272 seconds
2023-04-25T11:57:54.639+0530: 5693.445: Total time for which application threads were stopped: 0.0000584 seconds, Stopping threads took: 0.0000225 seconds
2023-04-25T11:57:54.639+0530: 5693.445: Total time for which application threads were stopped: 0.0000548 seconds, Stopping threads took: 0.0000202 seconds
2023-04-25T11:57:54.640+0530: 5693.446: Total time for which application threads were stopped: 0.0001084 seconds, Stopping threads took: 0.0000497 seconds
2023-04-25T11:57:54.641+0530: 5693.447: Total time for which application threads were stopped: 0.0001230 seconds, Stopping threads took: 0.0000520 seconds
2023-04-25T11:57:54.641+0530: 5693.447: Total time for which application threads were stopped: 0.0000862 seconds, Stopping threads took: 0.0000264 seconds
2023-04-25T11:57:54.647+0530: 5693.453: Total time for which application threads were stopped: 0.0001183 seconds, Stopping threads took: 0.0000405 seconds
2023-04-25T11:57:54.647+0530: 5693.453: Total time for which application threads were stopped: 0.0002200 seconds, Stopping threads took: 0.0000297 seconds
2023-04-25T11:57:54.647+0530: 5693.454: Total time for which application threads were stopped: 0.0000904 seconds, Stopping threads took: 0.0000268 seconds
2023-04-25T11:57:54.648+0530: 5693.454: Total time for which application threads were stopped: 0.0000960 seconds, Stopping threads took: 0.0000232 seconds
2023-04-25T11:57:54.960+0530: 5693.766: Total time for which application threads were stopped: 0.0002239 seconds, Stopping threads took: 0.0001064 seconds
2023-04-25T11:57:54.960+0530: 5693.767: Total time for which application threads were stopped: 0.0000606 seconds, Stopping threads took: 0.0000139 seconds
2023-04-25T11:57:54.962+0530: 5693.768: Total time for which application threads were stopped: 0.0001339 seconds, Stopping threads took: 0.0000468 seconds
2023-04-25T11:57:54.962+0530: 5693.768: Total time for which application threads were stopped: 0.0000722 seconds, Stopping threads took: 0.0000184 seconds
2023-04-25T11:58:04.979+0530: 5703.785: Total time for which application threads were stopped: 0.0003032 seconds, Stopping threads took: 0.0000972 seconds
2023-04-25T11:58:35.985+0530: 5734.791: Total time for which application threads were stopped: 0.0002830 seconds, Stopping threads took: 0.0000902 seconds
2023-04-25T11:58:44.986+0530: 5743.792: Total time for which application threads were stopped: 0.0000945 seconds, Stopping threads took: 0.0000344 seconds
2023-04-25T11:58:45.837+0530: 5744.643: Total time for which application threads were stopped: 0.0003259 seconds, Stopping threads took: 0.0001133 seconds
2023-04-25T11:58:46.311+0530: 5745.117: Total time for which application threads were stopped: 0.0002304 seconds, Stopping threads took: 0.0000591 seconds
2023-04-25T11:58:51.310+0530: 5750.116: Total time for which application threads were stopped: 0.0002442 seconds, Stopping threads took: 0.0000803 seconds
2023-04-25T11:58:54.963+0530: 5753.769: Total time for which application threads were stopped: 0.0002277 seconds, Stopping threads took: 0.0000564 seconds
2023-04-25T12:00:28.070+0530: 5846.876: Total time for which application threads were stopped: 0.0001253 seconds, Stopping threads took: 0.0000388 seconds
2023-04-25T12:00:28.071+0530: 5846.877: Total time for which application threads were stopped: 0.0001070 seconds, Stopping threads took: 0.0000179 seconds
2023-04-25T12:00:28.083+0530: 5846.889: Total time for which application threads were stopped: 0.0002034 seconds, Stopping threads took: 0.0000763 seconds
2023-04-25T12:00:28.084+0530: 5846.890: Total time for which application threads were stopped: 0.0000870 seconds, Stopping threads took: 0.0000194 seconds
2023-04-25T12:00:29.084+0530: 5847.890: Total time for which application threads were stopped: 0.0002284 seconds, Stopping threads took: 0.0000512 seconds
2023-04-25T12:03:14.515+0530: 6013.321: Total time for which application threads were stopped: 0.0003226 seconds, Stopping threads took: 0.0001840 seconds
2023-04-25T12:03:14.524+0530: 6013.330: Total time for which application threads were stopped: 0.0000771 seconds, Stopping threads took: 0.0000149 seconds
2023-04-25T12:03:14.525+0530: 6013.331: Total time for which application threads were stopped: 0.0001162 seconds, Stopping threads took: 0.0000731 seconds
2023-04-25T12:03:17.967+0530: 6016.773: Total time for which application threads were stopped: 0.0003032 seconds, Stopping threads took: 0.0001255 seconds
2023-04-25T12:03:17.971+0530: 6016.777: Total time for which application threads were stopped: 0.0002133 seconds, Stopping threads took: 0.0000502 seconds
2023-04-25T12:03:17.977+0530: 6016.783: Total time for which application threads were stopped: 0.0001359 seconds, Stopping threads took: 0.0000459 seconds
2023-04-25T12:03:18.977+0530: 6017.784: Total time for which application threads were stopped: 0.0002469 seconds, Stopping threads took: 0.0000541 seconds
2023-04-25T12:03:22.744+0530: 6021.551: Total time for which application threads were stopped: 0.0002280 seconds, Stopping threads took: 0.0000647 seconds
2023-04-25T12:03:22.751+0530: 6021.557: Total time for which application threads were stopped: 0.0001185 seconds, Stopping threads took: 0.0000271 seconds
2023-04-25T12:05:30.813+0530: 6149.619: Total time for which application threads were stopped: 0.0001536 seconds, Stopping threads took: 0.0000415 seconds
2023-04-25T12:05:30.816+0530: 6149.622: Total time for which application threads were stopped: 0.0001042 seconds, Stopping threads took: 0.0000264 seconds
2023-04-25T12:05:31.180+0530: 6149.986: Total time for which application threads were stopped: 0.0001907 seconds, Stopping threads took: 0.0000294 seconds
2023-04-25T12:05:31.180+0530: 6149.986: Total time for which application threads were stopped: 0.0000952 seconds, Stopping threads took: 0.0000165 seconds
2023-04-25T12:05:31.181+0530: 6149.987: Total time for which application threads were stopped: 0.0001042 seconds, Stopping threads took: 0.0000160 seconds
2023-04-25T12:05:31.181+0530: 6149.987: Total time for which application threads were stopped: 0.0000798 seconds, Stopping threads took: 0.0000252 seconds
2023-04-25T12:06:31.182+0530: 6209.988: Total time for which application threads were stopped: 0.0003575 seconds, Stopping threads took: 0.0001850 seconds
2023-04-25T12:13:50.917+0530: 6600.651: Total time for which application threads were stopped: 0.0003287 seconds, Stopping threads took: 0.0001109 seconds
2023-04-25T12:34:58.485+0530: 7868.219: Total time for which application threads were stopped: 0.0001182 seconds, Stopping threads took: 0.0000455 seconds
2023-04-25T12:34:58.489+0530: 7868.223: Total time for which application threads were stopped: 0.0001632 seconds, Stopping threads took: 0.0000305 seconds
2023-04-25T12:34:59.490+0530: 7869.224: Total time for which application threads were stopped: 0.0002850 seconds, Stopping threads took: 0.0000640 seconds
2023-04-25T12:35:02.629+0530: 7872.363: Total time for which application threads were stopped: 0.0001312 seconds, Stopping threads took: 0.0000228 seconds
2023-04-25T12:35:02.633+0530: 7872.367: Total time for which application threads were stopped: 0.0001516 seconds, Stopping threads took: 0.0000192 seconds
2023-04-25T12:35:31.174+0530: 7900.908: Total time for which application threads were stopped: 0.0002816 seconds, Stopping threads took: 0.0000814 seconds
2023-04-25T12:35:31.177+0530: 7900.911: Total time for which application threads were stopped: 0.0001124 seconds, Stopping threads took: 0.0000220 seconds
2023-04-25T12:35:32.177+0530: 7901.912: Total time for which application threads were stopped: 0.0000773 seconds, Stopping threads took: 0.0000185 seconds
2023-04-25T12:35:35.251+0530: 7904.985: Total time for which application threads were stopped: 0.0001247 seconds, Stopping threads took: 0.0000352 seconds
2023-04-25T12:35:35.255+0530: 7904.989: Total time for which application threads were stopped: 0.0001425 seconds, Stopping threads took: 0.0000225 seconds
2023-04-25T12:35:36.255+0530: 7905.989: Total time for which application threads were stopped: 0.0001591 seconds, Stopping threads took: 0.0000394 seconds
2023-04-25T12:39:58.355+0530: 8168.089: Total time for which application threads were stopped: 0.0001474 seconds, Stopping threads took: 0.0000507 seconds
2023-04-25T12:39:58.360+0530: 8168.094: Total time for which application threads were stopped: 0.0001344 seconds, Stopping threads took: 0.0000444 seconds
2023-04-25T12:39:58.362+0530: 8168.096: Total time for which application threads were stopped: 0.0001205 seconds, Stopping threads took: 0.0000430 seconds
2023-04-25T12:39:58.372+0530: 8168.106: Total time for which application threads were stopped: 0.0001125 seconds, Stopping threads took: 0.0000211 seconds
2023-04-25T12:39:58.373+0530: 8168.107: Total time for which application threads were stopped: 0.0001011 seconds, Stopping threads took: 0.0000190 seconds
2023-04-25T12:39:58.376+0530: 8168.110: Total time for which application threads were stopped: 0.0002367 seconds, Stopping threads took: 0.0001334 seconds
2023-04-25T12:39:58.379+0530: 8168.113: Total time for which application threads were stopped: 0.0001503 seconds, Stopping threads took: 0.0000538 seconds
2023-04-25T12:39:58.379+0530: 8168.113: Total time for which application threads were stopped: 0.0000654 seconds, Stopping threads took: 0.0000122 seconds
2023-04-25T12:39:58.381+0530: 8168.115: Total time for which application threads were stopped: 0.0001932 seconds, Stopping threads took: 0.0000292 seconds
2023-04-25T12:39:58.381+0530: 8168.115: Total time for which application threads were stopped: 0.0001037 seconds, Stopping threads took: 0.0000178 seconds
2023-04-25T12:40:32.111+0530: 8201.845: Total time for which application threads were stopped: 0.0002173 seconds, Stopping threads took: 0.0001122 seconds
2023-04-25T12:40:33.111+0530: 8202.845: Total time for which application threads were stopped: 0.0001043 seconds, Stopping threads took: 0.0000218 seconds
2023-04-25T12:40:54.114+0530: 8223.848: Total time for which application threads were stopped: 0.0002842 seconds, Stopping threads took: 0.0000995 seconds
2023-04-25T12:40:58.383+0530: 8228.117: Total time for which application threads were stopped: 0.0003187 seconds, Stopping threads took: 0.0000945 seconds
2023-04-25T12:41:42.495+0530: 8272.229: Total time for which application threads were stopped: 0.0004804 seconds, Stopping threads took: 0.0002540 seconds
2023-04-25T12:41:43.496+0530: 8273.230: Total time for which application threads were stopped: 0.0001839 seconds, Stopping threads took: 0.0000333 seconds
2023-04-25T12:41:52.497+0530: 8282.231: Total time for which application threads were stopped: 0.0001443 seconds, Stopping threads took: 0.0000503 seconds
2023-04-25T13:08:11.996+0530: 9821.203: Total time for which application threads were stopped: 0.0002797 seconds, Stopping threads took: 0.0000618 seconds
2023-04-25T13:08:12.001+0530: 9821.207: Total time for which application threads were stopped: 0.0002285 seconds, Stopping threads took: 0.0000837 seconds
2023-04-25T13:08:12.005+0530: 9821.212: Total time for which application threads were stopped: 0.0001681 seconds, Stopping threads took: 0.0000620 seconds
2023-04-25T13:08:12.007+0530: 9821.214: Total time for which application threads were stopped: 0.0001739 seconds, Stopping threads took: 0.0000506 seconds
2023-04-25T13:08:12.010+0530: 9821.217: Total time for which application threads were stopped: 0.0003644 seconds, Stopping threads took: 0.0001752 seconds
2023-04-25T13:08:12.013+0530: 9821.219: Total time for which application threads were stopped: 0.0001417 seconds, Stopping threads took: 0.0000364 seconds
2023-04-25T13:08:12.013+0530: 9821.219: Total time for which application threads were stopped: 0.0001150 seconds, Stopping threads took: 0.0000231 seconds
2023-04-25T13:08:12.013+0530: 9821.220: Total time for which application threads were stopped: 0.0000846 seconds, Stopping threads took: 0.0000182 seconds
2023-04-25T13:08:12.020+0530: 9821.226: Total time for which application threads were stopped: 0.0001322 seconds, Stopping threads took: 0.0000387 seconds
2023-04-25T13:08:12.020+0530: 9821.227: Total time for which application threads were stopped: 0.0001805 seconds, Stopping threads took: 0.0000470 seconds
2023-04-25T13:08:12.022+0530: 9821.228: Total time for which application threads were stopped: 0.0001038 seconds, Stopping threads took: 0.0000280 seconds
2023-04-25T13:08:12.040+0530: 9821.246: Total time for which application threads were stopped: 0.0001786 seconds, Stopping threads took: 0.0000529 seconds
2023-04-25T13:08:12.044+0530: 9821.250: Total time for which application threads were stopped: 0.0001549 seconds, Stopping threads took: 0.0000465 seconds
2023-04-25T13:08:12.045+0530: 9821.251: Total time for which application threads were stopped: 0.0001053 seconds, Stopping threads took: 0.0000250 seconds
2023-04-25T13:08:12.046+0530: 9821.252: Total time for which application threads were stopped: 0.0001323 seconds, Stopping threads took: 0.0000339 seconds
2023-04-25T13:08:12.075+0530: 9821.281: Total time for which application threads were stopped: 0.0001497 seconds, Stopping threads took: 0.0000448 seconds
2023-04-25T13:08:12.099+0530: 9821.305: Total time for which application threads were stopped: 0.0001694 seconds, Stopping threads took: 0.0000450 seconds
2023-04-25T13:08:12.099+0530: 9821.305: Total time for which application threads were stopped: 0.0001100 seconds, Stopping threads took: 0.0000188 seconds
2023-04-25T13:08:12.099+0530: 9821.305: Total time for which application threads were stopped: 0.0000749 seconds, Stopping threads took: 0.0000121 seconds
2023-04-25T13:08:33.898+0530: 9843.104: Total time for which application threads were stopped: 0.0001424 seconds, Stopping threads took: 0.0000385 seconds
2023-04-25T13:08:33.904+0530: 9843.110: Total time for which application threads were stopped: 0.0001167 seconds, Stopping threads took: 0.0000230 seconds
2023-04-25T13:08:33.904+0530: 9843.111: Total time for which application threads were stopped: 0.0000908 seconds, Stopping threads took: 0.0000162 seconds
2023-04-25T13:08:33.905+0530: 9843.111: Total time for which application threads were stopped: 0.0000730 seconds, Stopping threads took: 0.0000158 seconds
2023-04-25T13:08:33.905+0530: 9843.111: Total time for which application threads were stopped: 0.0000832 seconds, Stopping threads took: 0.0000385 seconds
2023-04-25T13:08:33.905+0530: 9843.111: Total time for which application threads were stopped: 0.0000679 seconds, Stopping threads took: 0.0000261 seconds
2023-04-25T13:08:34.905+0530: 9844.112: Total time for which application threads were stopped: 0.0002729 seconds, Stopping threads took: 0.0000629 seconds
2023-04-25T13:08:42.616+0530: 9851.822: Total time for which application threads were stopped: 0.0001425 seconds, Stopping threads took: 0.0000405 seconds
2023-04-25T13:08:42.620+0530: 9851.826: Total time for which application threads were stopped: 0.0001208 seconds, Stopping threads took: 0.0000263 seconds
2023-04-25T13:08:42.621+0530: 9851.828: Total time for which application threads were stopped: 0.0001225 seconds, Stopping threads took: 0.0000307 seconds
2023-04-25T13:08:48.706+0530: 9857.913: Total time for which application threads were stopped: 0.0002133 seconds, Stopping threads took: 0.0001189 seconds
2023-04-25T13:08:48.707+0530: 9857.914: Total time for which application threads were stopped: 0.0001090 seconds, Stopping threads took: 0.0000222 seconds
2023-04-25T13:08:48.708+0530: 9857.914: Total time for which application threads were stopped: 0.0001160 seconds, Stopping threads took: 0.0000434 seconds
2023-04-25T13:08:48.716+0530: 9857.923: Total time for which application threads were stopped: 0.0001050 seconds, Stopping threads took: 0.0000222 seconds
2023-04-25T13:08:49.717+0530: 9858.923: Total time for which application threads were stopped: 0.0003181 seconds, Stopping threads took: 0.0000621 seconds
2023-04-25T13:08:52.875+0530: 9862.081: Total time for which application threads were stopped: 0.0003817 seconds, Stopping threads took: 0.0002134 seconds
2023-04-25T13:08:52.883+0530: 9862.090: Total time for which application threads were stopped: 0.0001089 seconds, Stopping threads took: 0.0000281 seconds
2023-04-25T13:08:52.884+0530: 9862.090: Total time for which application threads were stopped: 0.0001255 seconds, Stopping threads took: 0.0000272 seconds
2023-04-25T13:08:52.884+0530: 9862.090: Total time for which application threads were stopped: 0.0001106 seconds, Stopping threads took: 0.0000203 seconds
2023-04-25T13:08:52.884+0530: 9862.090: Total time for which application threads were stopped: 0.0000838 seconds, Stopping threads took: 0.0000142 seconds
2023-04-25T13:08:52.970+0530: 9862.176: Total time for which application threads were stopped: 0.0001195 seconds, Stopping threads took: 0.0000217 seconds
2023-04-25T13:08:52.970+0530: 9862.176: Total time for which application threads were stopped: 0.0000744 seconds, Stopping threads took: 0.0000116 seconds
2023-04-25T13:08:52.970+0530: 9862.176: Total time for which application threads were stopped: 0.0000326 seconds, Stopping threads took: 0.0000075 seconds
2023-04-25T13:09:11.911+0530: 9880.701: Total time for which application threads were stopped: 0.0000990 seconds, Stopping threads took: 0.0000327 seconds
2023-04-25T13:09:11.914+0530: 9880.703: Total time for which application threads were stopped: 0.0000778 seconds, Stopping threads took: 0.0000309 seconds
2023-04-25T13:09:11.921+0530: 9880.710: Total time for which application threads were stopped: 0.0001083 seconds, Stopping threads took: 0.0000200 seconds
2023-04-25T13:09:11.924+0530: 9880.713: Total time for which application threads were stopped: 0.0000881 seconds, Stopping threads took: 0.0000174 seconds
2023-04-25T13:09:11.927+0530: 9880.717: Total time for which application threads were stopped: 0.0000872 seconds, Stopping threads took: 0.0000269 seconds
2023-04-25T13:09:11.931+0530: 9880.720: Total time for which application threads were stopped: 0.0001260 seconds, Stopping threads took: 0.0000174 seconds
2023-04-25T13:09:11.933+0530: 9880.723: Total time for which application threads were stopped: 0.0001165 seconds, Stopping threads took: 0.0000491 seconds
2023-04-25T13:09:11.934+0530: 9880.723: Total time for which application threads were stopped: 0.0000949 seconds, Stopping threads took: 0.0000361 seconds
2023-04-25T13:09:11.934+0530: 9880.723: Total time for which application threads were stopped: 0.0000703 seconds, Stopping threads took: 0.0000265 seconds
2023-04-25T13:09:11.934+0530: 9880.723: Total time for which application threads were stopped: 0.0000586 seconds, Stopping threads took: 0.0000237 seconds
2023-04-25T13:09:11.934+0530: 9880.724: Total time for which application threads were stopped: 0.0000485 seconds, Stopping threads took: 0.0000235 seconds
2023-04-25T13:09:11.937+0530: 9880.726: Total time for which application threads were stopped: 0.0000490 seconds, Stopping threads took: 0.0000115 seconds
2023-04-25T13:09:11.937+0530: 9880.726: Total time for which application threads were stopped: 0.0000514 seconds, Stopping threads took: 0.0000091 seconds
2023-04-25T13:09:11.937+0530: 9880.726: Total time for which application threads were stopped: 0.0000447 seconds, Stopping threads took: 0.0000083 seconds
2023-04-25T13:09:11.937+0530: 9880.726: Total time for which application threads were stopped: 0.0000351 seconds, Stopping threads took: 0.0000096 seconds
2023-04-25T13:09:11.937+0530: 9880.726: Total time for which application threads were stopped: 0.0000313 seconds, Stopping threads took: 0.0000076 seconds
2023-04-25T13:09:11.937+0530: 9880.727: Total time for which application threads were stopped: 0.0000334 seconds, Stopping threads took: 0.0000082 seconds
2023-04-25T13:09:11.938+0530: 9880.727: Total time for which application threads were stopped: 0.0000922 seconds, Stopping threads took: 0.0000435 seconds
2023-04-25T13:09:11.938+0530: 9880.727: Total time for which application threads were stopped: 0.0000585 seconds, Stopping threads took: 0.0000203 seconds
2023-04-25T13:09:11.938+0530: 9880.728: Total time for which application threads were stopped: 0.0000472 seconds, Stopping threads took: 0.0000107 seconds
2023-04-25T13:09:11.938+0530: 9880.728: Total time for which application threads were stopped: 0.0000559 seconds, Stopping threads took: 0.0000189 seconds
2023-04-25T13:09:11.939+0530: 9880.728: Total time for which application threads were stopped: 0.0000458 seconds, Stopping threads took: 0.0000089 seconds
2023-04-25T13:09:11.942+0530: 9880.731: Total time for which application threads were stopped: 0.0000819 seconds, Stopping threads took: 0.0000130 seconds
Heap
 par new generation   total 109248K, used 78806K [0x00000000e0000000, 0x00000000e8000000, 0x00000000e8000000)
  eden space 87424K,  72% used [0x00000000e0000000, 0x00000000e3e19740, 0x00000000e5560000)
  from space 21824K,  69% used [0x00000000e6ab0000, 0x00000000e798c120, 0x00000000e8000000)
  to   space 21824K,   0% used [0x00000000e5560000, 0x00000000e5560000, 0x00000000e6ab0000)
 concurrent mark-sweep generation total 393216K, used 30049K [0x00000000e8000000, 0x0000000100000000, 0x0000000100000000)
 Metaspace       used 39091K, capacity 39724K, committed 40036K, reserved 1085440K
  class space    used 4487K, capacity 4696K, committed 4756K, reserved 1048576K
