OpenJDK 64-Bit Server VM (25.362-b09) for linux-amd64 JRE (1.8.0_362-8u362-ga-0ubuntu1~22.04-b09), built on Jan 24 2023 19:02:58 by "buildd" with gcc 11.3.0
Memory: 4k page, physical 32636936k(27512744k free), swap 2097148k(2097148k free)
CommandLine flags: -XX:CMSInitiatingOccupancyFraction=50 -XX:CMSMaxAbortablePrecleanTime=6000 -XX:+CMSParallelRemarkEnabled -XX:+CMSScavengeBeforeRemark -XX:ConcGCThreads=4 -XX:InitialHeapSize=536870912 -XX:MaxHeapSize=536870912 -XX:MaxTenuringThreshold=8 -XX:NewRatio=3 -XX:OldPLABSize=16 -XX:ParallelGCThreads=4 -XX:+ParallelRefProcEnabled -XX:PretenureSizeThreshold=67108864 -XX:+PrintGC -XX:+PrintGCApplicationStoppedTime -XX:+PrintGCDateStamps -XX:+PrintGCDetails -XX:+PrintGCTimeStamps -XX:+PrintHeapAtGC -XX:+PrintTenuringDistribution -XX:SurvivorRatio=4 -XX:TargetSurvivorRatio=90 -XX:ThreadStackSize=256 -XX:+UseCMSInitiatingOccupancyOnly -XX:+UseCompressedClassPointers -XX:+UseCompressedOops -XX:+UseConcMarkSweepGC -XX:+UseParNewGC 
2023-04-17T10:13:18.212+0530: 0.075: Total time for which application threads were stopped: 0.0000645 seconds, Stopping threads took: 0.0000081 seconds
2023-04-17T10:13:18.321+0530: 0.184: Total time for which application threads were stopped: 0.0001110 seconds, Stopping threads took: 0.0000085 seconds
2023-04-17T10:13:18.375+0530: 0.238: Total time for which application threads were stopped: 0.0000940 seconds, Stopping threads took: 0.0000088 seconds
2023-04-17T10:13:18.428+0530: 0.291: Total time for which application threads were stopped: 0.0001126 seconds, Stopping threads took: 0.0000096 seconds
2023-04-17T10:13:18.460+0530: 0.324: Total time for which application threads were stopped: 0.0001536 seconds, Stopping threads took: 0.0000138 seconds
2023-04-17T10:13:18.470+0530: 0.333: Total time for which application threads were stopped: 0.0001797 seconds, Stopping threads took: 0.0000332 seconds
2023-04-17T10:13:18.476+0530: 0.339: Total time for which application threads were stopped: 0.0001296 seconds, Stopping threads took: 0.0000124 seconds
{Heap before GC invocations=0 (full 0):
 par new generation   total 109248K, used 87424K [0x00000000e0000000, 0x00000000e8000000, 0x00000000e8000000)
  eden space 87424K, 100% used [0x00000000e0000000, 0x00000000e5560000, 0x00000000e5560000)
  from space 21824K,   0% used [0x00000000e5560000, 0x00000000e5560000, 0x00000000e6ab0000)
  to   space 21824K,   0% used [0x00000000e6ab0000, 0x00000000e6ab0000, 0x00000000e8000000)
 concurrent mark-sweep generation total 393216K, used 0K [0x00000000e8000000, 0x0000000100000000, 0x0000000100000000)
 Metaspace       used 10237K, capacity 10396K, committed 10496K, reserved 1058816K
  class space    used 1164K, capacity 1208K, committed 1280K, reserved 1048576K
2023-04-17T10:13:18.613+0530: 0.476: [GC (Allocation Failure) 2023-04-17T10:13:18.613+0530: 0.476: [ParNew
Desired survivor size 20112992 bytes, new threshold 8 (max 8)
- age   1:    5744840 bytes,    5744840 total
: 87424K->5666K(109248K), 0.0048893 secs] 87424K->5666K(502464K), 0.0049701 secs] [Times: user=0.01 sys=0.02, real=0.01 secs] 
Heap after GC invocations=1 (full 0):
 par new generation   total 109248K, used 5666K [0x00000000e0000000, 0x00000000e8000000, 0x00000000e8000000)
  eden space 87424K,   0% used [0x00000000e0000000, 0x00000000e0000000, 0x00000000e5560000)
  from space 21824K,  25% used [0x00000000e6ab0000, 0x00000000e7038b10, 0x00000000e8000000)
  to   space 21824K,   0% used [0x00000000e5560000, 0x00000000e5560000, 0x00000000e6ab0000)
 concurrent mark-sweep generation total 393216K, used 0K [0x00000000e8000000, 0x0000000100000000, 0x0000000100000000)
 Metaspace       used 10237K, capacity 10396K, committed 10496K, reserved 1058816K
  class space    used 1164K, capacity 1208K, committed 1280K, reserved 1048576K
}
2023-04-17T10:13:18.618+0530: 0.481: Total time for which application threads were stopped: 0.0051155 seconds, Stopping threads took: 0.0000174 seconds
2023-04-17T10:13:18.661+0530: 0.525: Total time for which application threads were stopped: 0.0001914 seconds, Stopping threads took: 0.0000170 seconds
2023-04-17T10:13:18.690+0530: 0.553: Total time for which application threads were stopped: 0.0001757 seconds, Stopping threads took: 0.0000154 seconds
2023-04-17T10:13:18.767+0530: 0.631: Total time for which application threads were stopped: 0.0002127 seconds, Stopping threads took: 0.0000137 seconds
2023-04-17T10:13:18.792+0530: 0.655: Total time for which application threads were stopped: 0.0002761 seconds, Stopping threads took: 0.0000212 seconds
2023-04-17T10:13:18.821+0530: 0.684: Total time for which application threads were stopped: 0.0002288 seconds, Stopping threads took: 0.0000202 seconds
2023-04-17T10:13:18.822+0530: 0.685: Total time for which application threads were stopped: 0.0002011 seconds, Stopping threads took: 0.0000140 seconds
2023-04-17T10:13:18.866+0530: 0.730: Total time for which application threads were stopped: 0.0002636 seconds, Stopping threads took: 0.0000221 seconds
2023-04-17T10:13:18.922+0530: 0.785: Total time for which application threads were stopped: 0.0002737 seconds, Stopping threads took: 0.0000217 seconds
{Heap before GC invocations=1 (full 0):
 par new generation   total 109248K, used 93090K [0x00000000e0000000, 0x00000000e8000000, 0x00000000e8000000)
  eden space 87424K, 100% used [0x00000000e0000000, 0x00000000e5560000, 0x00000000e5560000)
  from space 21824K,  25% used [0x00000000e6ab0000, 0x00000000e7038b10, 0x00000000e8000000)
  to   space 21824K,   0% used [0x00000000e5560000, 0x00000000e5560000, 0x00000000e6ab0000)
 concurrent mark-sweep generation total 393216K, used 0K [0x00000000e8000000, 0x0000000100000000, 0x0000000100000000)
 Metaspace       used 19974K, capacity 20344K, committed 20736K, reserved 1067008K
  class space    used 2317K, capacity 2456K, committed 2560K, reserved 1048576K
2023-04-17T10:13:19.077+0530: 0.941: [GC (Allocation Failure) 2023-04-17T10:13:19.077+0530: 0.941: [ParNew
Desired survivor size 20112992 bytes, new threshold 8 (max 8)
- age   1:   10566072 bytes,   10566072 total
- age   2:    2528000 bytes,   13094072 total
: 93090K->15069K(109248K), 0.0082703 secs] 93090K->15069K(502464K), 0.0083430 secs] [Times: user=0.03 sys=0.01, real=0.00 secs] 
Heap after GC invocations=2 (full 0):
 par new generation   total 109248K, used 15069K [0x00000000e0000000, 0x00000000e8000000, 0x00000000e8000000)
  eden space 87424K,   0% used [0x00000000e0000000, 0x00000000e0000000, 0x00000000e5560000)
  from space 21824K,  69% used [0x00000000e5560000, 0x00000000e6417600, 0x00000000e6ab0000)
  to   space 21824K,   0% used [0x00000000e6ab0000, 0x00000000e6ab0000, 0x00000000e8000000)
 concurrent mark-sweep generation total 393216K, used 0K [0x00000000e8000000, 0x0000000100000000, 0x0000000100000000)
 Metaspace       used 19974K, capacity 20344K, committed 20736K, reserved 1067008K
  class space    used 2317K, capacity 2456K, committed 2560K, reserved 1048576K
}
2023-04-17T10:13:19.086+0530: 0.949: Total time for which application threads were stopped: 0.0085464 seconds, Stopping threads took: 0.0000197 seconds
2023-04-17T10:13:19.178+0530: 1.042: Total time for which application threads were stopped: 0.0002504 seconds, Stopping threads took: 0.0000149 seconds
2023-04-17T10:13:19.209+0530: 1.072: Total time for which application threads were stopped: 0.0004660 seconds, Stopping threads took: 0.0001547 seconds
{Heap before GC invocations=2 (full 0):
 par new generation   total 109248K, used 102493K [0x00000000e0000000, 0x00000000e8000000, 0x00000000e8000000)
  eden space 87424K, 100% used [0x00000000e0000000, 0x00000000e5560000, 0x00000000e5560000)
  from space 21824K,  69% used [0x00000000e5560000, 0x00000000e6417600, 0x00000000e6ab0000)
  to   space 21824K,   0% used [0x00000000e6ab0000, 0x00000000e6ab0000, 0x00000000e8000000)
 concurrent mark-sweep generation total 393216K, used 0K [0x00000000e8000000, 0x0000000100000000, 0x0000000100000000)
 Metaspace       used 20667K, capacity 21048K, committed 21248K, reserved 1069056K
  class space    used 2395K, capacity 2520K, committed 2560K, reserved 1048576K
2023-04-17T10:13:19.223+0530: 1.087: [GC (Allocation Failure) 2023-04-17T10:13:19.223+0530: 1.087: [ParNew
Desired survivor size 20112992 bytes, new threshold 8 (max 8)
- age   1:    1166688 bytes,    1166688 total
- age   2:    4923808 bytes,    6090496 total
- age   3:    2501920 bytes,    8592416 total
: 102493K->13165K(109248K), 0.0061908 secs] 102493K->13165K(502464K), 0.0062631 secs] [Times: user=0.04 sys=0.00, real=0.01 secs] 
Heap after GC invocations=3 (full 0):
 par new generation   total 109248K, used 13165K [0x00000000e0000000, 0x00000000e8000000, 0x00000000e8000000)
  eden space 87424K,   0% used [0x00000000e0000000, 0x00000000e0000000, 0x00000000e5560000)
  from space 21824K,  60% used [0x00000000e6ab0000, 0x00000000e778b400, 0x00000000e8000000)
  to   space 21824K,   0% used [0x00000000e5560000, 0x00000000e5560000, 0x00000000e6ab0000)
 concurrent mark-sweep generation total 393216K, used 0K [0x00000000e8000000, 0x0000000100000000, 0x0000000100000000)
 Metaspace       used 20667K, capacity 21048K, committed 21248K, reserved 1069056K
  class space    used 2395K, capacity 2520K, committed 2560K, reserved 1048576K
}
2023-04-17T10:13:19.230+0530: 1.093: Total time for which application threads were stopped: 0.0064152 seconds, Stopping threads took: 0.0000365 seconds
2023-04-17T10:13:19.239+0530: 1.103: Total time for which application threads were stopped: 0.0002656 seconds, Stopping threads took: 0.0000218 seconds
2023-04-17T10:13:19.248+0530: 1.111: Total time for which application threads were stopped: 0.0001238 seconds, Stopping threads took: 0.0000515 seconds
2023-04-17T10:13:19.297+0530: 1.160: Total time for which application threads were stopped: 0.0001799 seconds, Stopping threads took: 0.0000555 seconds
{Heap before GC invocations=3 (full 0):
 par new generation   total 109248K, used 100589K [0x00000000e0000000, 0x00000000e8000000, 0x00000000e8000000)
  eden space 87424K, 100% used [0x00000000e0000000, 0x00000000e5560000, 0x00000000e5560000)
  from space 21824K,  60% used [0x00000000e6ab0000, 0x00000000e778b400, 0x00000000e8000000)
  to   space 21824K,   0% used [0x00000000e5560000, 0x00000000e5560000, 0x00000000e6ab0000)
 concurrent mark-sweep generation total 393216K, used 0K [0x00000000e8000000, 0x0000000100000000, 0x0000000100000000)
 Metaspace       used 21389K, capacity 21738K, committed 21960K, reserved 1069056K
  class space    used 2483K, capacity 2619K, committed 2684K, reserved 1048576K
2023-04-17T10:13:19.339+0530: 1.202: [GC (Allocation Failure) 2023-04-17T10:13:19.339+0530: 1.202: [ParNew
Desired survivor size 20112992 bytes, new threshold 8 (max 8)
- age   1:    2734376 bytes,    2734376 total
- age   2:     247328 bytes,    2981704 total
- age   3:    4917784 bytes,    7899488 total
- age   4:    2501600 bytes,   10401088 total
: 100589K->11826K(109248K), 0.0074725 secs] 100589K->11826K(502464K), 0.0075368 secs] [Times: user=0.04 sys=0.00, real=0.00 secs] 
Heap after GC invocations=4 (full 0):
 par new generation   total 109248K, used 11826K [0x00000000e0000000, 0x00000000e8000000, 0x00000000e8000000)
  eden space 87424K,   0% used [0x00000000e0000000, 0x00000000e0000000, 0x00000000e5560000)
  from space 21824K,  54% used [0x00000000e5560000, 0x00000000e60ecb80, 0x00000000e6ab0000)
  to   space 21824K,   0% used [0x00000000e6ab0000, 0x00000000e6ab0000, 0x00000000e8000000)
 concurrent mark-sweep generation total 393216K, used 0K [0x00000000e8000000, 0x0000000100000000, 0x0000000100000000)
 Metaspace       used 21389K, capacity 21738K, committed 21960K, reserved 1069056K
  class space    used 2483K, capacity 2619K, committed 2684K, reserved 1048576K
}
2023-04-17T10:13:19.346+0530: 1.210: Total time for which application threads were stopped: 0.0077152 seconds, Stopping threads took: 0.0000562 seconds
2023-04-17T10:13:19.346+0530: 1.210: [GC (CMS Initial Mark) [1 CMS-initial-mark: 0K(393216K)] 12303K(502464K), 0.0021951 secs] [Times: user=0.01 sys=0.00, real=0.00 secs] 
2023-04-17T10:13:19.349+0530: 1.212: Total time for which application threads were stopped: 0.0023212 seconds, Stopping threads took: 0.0000508 seconds
2023-04-17T10:13:19.349+0530: 1.212: [CMS-concurrent-mark-start]
2023-04-17T10:13:19.350+0530: 1.213: [CMS-concurrent-mark: 0.001/0.001 secs] [Times: user=0.01 sys=0.00, real=0.01 secs] 
2023-04-17T10:13:19.350+0530: 1.213: [CMS-concurrent-preclean-start]
2023-04-17T10:13:19.351+0530: 1.214: [CMS-concurrent-preclean: 0.001/0.001 secs] [Times: user=0.01 sys=0.00, real=0.00 secs] 
2023-04-17T10:13:19.351+0530: 1.214: [CMS-concurrent-abortable-preclean-start]
2023-04-17T10:13:19.359+0530: 1.222: Total time for which application threads were stopped: 0.0000919 seconds, Stopping threads took: 0.0000184 seconds
2023-04-17T10:13:19.374+0530: 1.237: Total time for which application threads were stopped: 0.0000842 seconds, Stopping threads took: 0.0000172 seconds
{Heap before GC invocations=4 (full 1):
 par new generation   total 109248K, used 99250K [0x00000000e0000000, 0x00000000e8000000, 0x00000000e8000000)
  eden space 87424K, 100% used [0x00000000e0000000, 0x00000000e5560000, 0x00000000e5560000)
  from space 21824K,  54% used [0x00000000e5560000, 0x00000000e60ecb80, 0x00000000e6ab0000)
  to   space 21824K,   0% used [0x00000000e6ab0000, 0x00000000e6ab0000, 0x00000000e8000000)
 concurrent mark-sweep generation total 393216K, used 0K [0x00000000e8000000, 0x0000000100000000, 0x0000000100000000)
 Metaspace       used 22075K, capacity 22422K, committed 22624K, reserved 1069056K
  class space    used 2577K, capacity 2717K, committed 2760K, reserved 1048576K
2023-04-17T10:13:19.415+0530: 1.279: [GC (Allocation Failure) 2023-04-17T10:13:19.415+0530: 1.279: [ParNew
Desired survivor size 20112992 bytes, new threshold 8 (max 8)
- age   1:     651272 bytes,     651272 total
- age   2:    1921400 bytes,    2572672 total
- age   3:     247248 bytes,    2819920 total
- age   4:    4916048 bytes,    7735968 total
- age   5:    2501656 bytes,   10237624 total
: 99250K->15400K(109248K), 0.0061944 secs] 99250K->15400K(502464K), 0.0062553 secs] [Times: user=0.04 sys=0.01, real=0.01 secs] 
Heap after GC invocations=5 (full 1):
 par new generation   total 109248K, used 15400K [0x00000000e0000000, 0x00000000e8000000, 0x00000000e8000000)
  eden space 87424K,   0% used [0x00000000e0000000, 0x00000000e0000000, 0x00000000e5560000)
  from space 21824K,  70% used [0x00000000e6ab0000, 0x00000000e79ba380, 0x00000000e8000000)
  to   space 21824K,   0% used [0x00000000e5560000, 0x00000000e5560000, 0x00000000e6ab0000)
 concurrent mark-sweep generation total 393216K, used 0K [0x00000000e8000000, 0x0000000100000000, 0x0000000100000000)
 Metaspace       used 22075K, capacity 22422K, committed 22624K, reserved 1069056K
  class space    used 2577K, capacity 2717K, committed 2760K, reserved 1048576K
}
2023-04-17T10:13:19.422+0530: 1.285: Total time for which application threads were stopped: 0.0064354 seconds, Stopping threads took: 0.0000640 seconds
2023-04-17T10:13:19.439+0530: 1.303: Total time for which application threads were stopped: 0.0001617 seconds, Stopping threads took: 0.0000647 seconds
2023-04-17T10:13:19.440+0530: 1.303: [CMS-concurrent-abortable-preclean: 0.065/0.088 secs] [Times: user=0.58 sys=0.01, real=0.09 secs] 
2023-04-17T10:13:19.440+0530: 1.303: [GC (CMS Final Remark) [YG occupancy: 54772 K (109248 K)]{Heap before GC invocations=5 (full 1):
 par new generation   total 109248K, used 54772K [0x00000000e0000000, 0x00000000e8000000, 0x00000000e8000000)
  eden space 87424K,  45% used [0x00000000e0000000, 0x00000000e2672f28, 0x00000000e5560000)
  from space 21824K,  70% used [0x00000000e6ab0000, 0x00000000e79ba380, 0x00000000e8000000)
  to   space 21824K,   0% used [0x00000000e5560000, 0x00000000e5560000, 0x00000000e6ab0000)
 concurrent mark-sweep generation total 393216K, used 0K [0x00000000e8000000, 0x0000000100000000, 0x0000000100000000)
 Metaspace       used 22138K, capacity 22568K, committed 22880K, reserved 1069056K
  class space    used 2587K, capacity 2720K, committed 2760K, reserved 1048576K
2023-04-17T10:13:19.440+0530: 1.303: [GC (CMS Final Remark) 2023-04-17T10:13:19.440+0530: 1.303: [ParNew
Desired survivor size 20112992 bytes, new threshold 8 (max 8)
- age   1:    1478288 bytes,    1478288 total
- age   2:     127416 bytes,    1605704 total
- age   3:    1920752 bytes,    3526456 total
- age   4:     247264 bytes,    3773720 total
- age   5:    4912752 bytes,    8686472 total
- age   6:    2502616 bytes,   11189088 total
: 54772K->14098K(109248K), 0.0058890 secs] 54772K->14098K(502464K), 0.0059397 secs] [Times: user=0.04 sys=0.00, real=0.00 secs] 
Heap after GC invocations=6 (full 1):
 par new generation   total 109248K, used 14098K [0x00000000e0000000, 0x00000000e8000000, 0x00000000e8000000)
  eden space 87424K,   0% used [0x00000000e0000000, 0x00000000e0000000, 0x00000000e5560000)
  from space 21824K,  64% used [0x00000000e5560000, 0x00000000e6324a00, 0x00000000e6ab0000)
  to   space 21824K,   0% used [0x00000000e6ab0000, 0x00000000e6ab0000, 0x00000000e8000000)
 concurrent mark-sweep generation total 393216K, used 0K [0x00000000e8000000, 0x0000000100000000, 0x0000000100000000)
 Metaspace       used 22138K, capacity 22568K, committed 22880K, reserved 1069056K
  class space    used 2587K, capacity 2720K, committed 2760K, reserved 1048576K
}
2023-04-17T10:13:19.446+0530: 1.309: [Rescan (parallel) , 0.0017961 secs]2023-04-17T10:13:19.447+0530: 1.311: [weak refs processing, 0.0003395 secs]2023-04-17T10:13:19.448+0530: 1.311: [class unloading, 0.0024886 secs]2023-04-17T10:13:19.450+0530: 1.314: [scrub symbol table, 0.0016600 secs]2023-04-17T10:13:19.452+0530: 1.315: [scrub string table, 0.0003325 secs][1 CMS-remark: 0K(393216K)] 14098K(502464K), 0.0132300 secs] [Times: user=0.05 sys=0.00, real=0.01 secs] 
2023-04-17T10:13:19.453+0530: 1.316: Total time for which application threads were stopped: 0.0133473 seconds, Stopping threads took: 0.0000431 seconds
2023-04-17T10:13:19.453+0530: 1.316: [CMS-concurrent-sweep-start]
2023-04-17T10:13:19.453+0530: 1.316: [CMS-concurrent-sweep: 0.000/0.000 secs] [Times: user=0.00 sys=0.00, real=0.00 secs] 
2023-04-17T10:13:19.453+0530: 1.316: [CMS-concurrent-reset-start]
2023-04-17T10:13:19.456+0530: 1.319: [CMS-concurrent-reset: 0.003/0.003 secs] [Times: user=0.00 sys=0.00, real=0.00 secs] 
{Heap before GC invocations=6 (full 1):
 par new generation   total 109248K, used 101522K [0x00000000e0000000, 0x00000000e8000000, 0x00000000e8000000)
  eden space 87424K, 100% used [0x00000000e0000000, 0x00000000e5560000, 0x00000000e5560000)
  from space 21824K,  64% used [0x00000000e5560000, 0x00000000e6324a00, 0x00000000e6ab0000)
  to   space 21824K,   0% used [0x00000000e6ab0000, 0x00000000e6ab0000, 0x00000000e8000000)
 concurrent mark-sweep generation total 393216K, used 0K [0x00000000e8000000, 0x0000000100000000, 0x0000000100000000)
 Metaspace       used 22205K, capacity 22600K, committed 22880K, reserved 1069056K
  class space    used 2596K, capacity 2752K, committed 2760K, reserved 1048576K
2023-04-17T10:13:19.486+0530: 1.349: [GC (Allocation Failure) 2023-04-17T10:13:19.486+0530: 1.349: [ParNew
Desired survivor size 20112992 bytes, new threshold 8 (max 8)
- age   1:     641080 bytes,     641080 total
- age   2:      54512 bytes,     695592 total
- age   3:     126208 bytes,     821800 total
- age   4:    1920616 bytes,    2742416 total
- age   5:     247216 bytes,    2989632 total
- age   6:    4912520 bytes,    7902152 total
- age   7:    2501632 bytes,   10403784 total
: 101522K->14053K(109248K), 0.0073207 secs] 101522K->14053K(502464K), 0.0073995 secs] [Times: user=0.03 sys=0.00, real=0.01 secs] 
Heap after GC invocations=7 (full 1):
 par new generation   total 109248K, used 14053K [0x00000000e0000000, 0x00000000e8000000, 0x00000000e8000000)
  eden space 87424K,   0% used [0x00000000e0000000, 0x00000000e0000000, 0x00000000e5560000)
  from space 21824K,  64% used [0x00000000e6ab0000, 0x00000000e78695d0, 0x00000000e8000000)
  to   space 21824K,   0% used [0x00000000e5560000, 0x00000000e5560000, 0x00000000e6ab0000)
 concurrent mark-sweep generation total 393216K, used 0K [0x00000000e8000000, 0x0000000100000000, 0x0000000100000000)
 Metaspace       used 22205K, capacity 22600K, committed 22880K, reserved 1069056K
  class space    used 2596K, capacity 2752K, committed 2760K, reserved 1048576K
}
2023-04-17T10:13:19.493+0530: 1.356: Total time for which application threads were stopped: 0.0075916 seconds, Stopping threads took: 0.0000503 seconds
{Heap before GC invocations=7 (full 1):
 par new generation   total 109248K, used 101477K [0x00000000e0000000, 0x00000000e8000000, 0x00000000e8000000)
  eden space 87424K, 100% used [0x00000000e0000000, 0x00000000e5560000, 0x00000000e5560000)
  from space 21824K,  64% used [0x00000000e6ab0000, 0x00000000e78695d0, 0x00000000e8000000)
  to   space 21824K,   0% used [0x00000000e5560000, 0x00000000e5560000, 0x00000000e6ab0000)
 concurrent mark-sweep generation total 393216K, used 0K [0x00000000e8000000, 0x0000000100000000, 0x0000000100000000)
 Metaspace       used 22367K, capacity 22742K, committed 22880K, reserved 1069056K
  class space    used 2618K, capacity 2755K, committed 2760K, reserved 1048576K
2023-04-17T10:13:19.539+0530: 1.402: [GC (Allocation Failure) 2023-04-17T10:13:19.539+0530: 1.402: [ParNew
Desired survivor size 20112992 bytes, new threshold 8 (max 8)
- age   1:     615008 bytes,     615008 total
- age   2:     126872 bytes,     741880 total
- age   3:      54080 bytes,     795960 total
- age   4:     126104 bytes,     922064 total
- age   5:    1920624 bytes,    2842688 total
- age   6:     247184 bytes,    3089872 total
- age   7:    4909352 bytes,    7999224 total
- age   8:    2501584 bytes,   10500808 total
: 101477K->12304K(109248K), 0.0067254 secs] 101477K->12304K(502464K), 0.0068203 secs] [Times: user=0.04 sys=0.01, real=0.00 secs] 
Heap after GC invocations=8 (full 1):
 par new generation   total 109248K, used 12304K [0x00000000e0000000, 0x00000000e8000000, 0x00000000e8000000)
  eden space 87424K,   0% used [0x00000000e0000000, 0x00000000e0000000, 0x00000000e5560000)
  from space 21824K,  56% used [0x00000000e5560000, 0x00000000e6164100, 0x00000000e6ab0000)
  to   space 21824K,   0% used [0x00000000e6ab0000, 0x00000000e6ab0000, 0x00000000e8000000)
 concurrent mark-sweep generation total 393216K, used 0K [0x00000000e8000000, 0x0000000100000000, 0x0000000100000000)
 Metaspace       used 22367K, capacity 22742K, committed 22880K, reserved 1069056K
  class space    used 2618K, capacity 2755K, committed 2760K, reserved 1048576K
}
2023-04-17T10:13:19.545+0530: 1.409: Total time for which application threads were stopped: 0.0070383 seconds, Stopping threads took: 0.0000512 seconds
2023-04-17T10:13:19.628+0530: 1.491: Total time for which application threads were stopped: 0.0003625 seconds, Stopping threads took: 0.0000210 seconds
2023-04-17T10:13:19.742+0530: 1.605: Total time for which application threads were stopped: 0.0004159 seconds, Stopping threads took: 0.0000218 seconds
2023-04-17T10:13:19.754+0530: 1.618: Total time for which application threads were stopped: 0.0003450 seconds, Stopping threads took: 0.0000201 seconds
2023-04-17T10:13:19.766+0530: 1.630: Total time for which application threads were stopped: 0.0003307 seconds, Stopping threads took: 0.0000162 seconds
{Heap before GC invocations=8 (full 1):
 par new generation   total 109248K, used 99728K [0x00000000e0000000, 0x00000000e8000000, 0x00000000e8000000)
  eden space 87424K, 100% used [0x00000000e0000000, 0x00000000e5560000, 0x00000000e5560000)
  from space 21824K,  56% used [0x00000000e5560000, 0x00000000e6164100, 0x00000000e6ab0000)
  to   space 21824K,   0% used [0x00000000e6ab0000, 0x00000000e6ab0000, 0x00000000e8000000)
 concurrent mark-sweep generation total 393216K, used 0K [0x00000000e8000000, 0x0000000100000000, 0x0000000100000000)
 Metaspace       used 25122K, capacity 25508K, committed 25928K, reserved 1073152K
  class space    used 2932K, capacity 3082K, committed 3144K, reserved 1048576K
2023-04-17T10:13:19.797+0530: 1.660: [GC (Allocation Failure) 2023-04-17T10:13:19.797+0530: 1.660: [ParNew
Desired survivor size 20112992 bytes, new threshold 8 (max 8)
- age   1:    3924904 bytes,    3924904 total
- age   2:     104328 bytes,    4029232 total
- age   3:     125696 bytes,    4154928 total
- age   4:      53672 bytes,    4208600 total
- age   5:     124560 bytes,    4333160 total
- age   6:     299280 bytes,    4632440 total
- age   7:     247056 bytes,    4879496 total
- age   8:    4903336 bytes,    9782832 total
: 99728K->13843K(109248K), 0.0135851 secs] 99728K->16324K(502464K), 0.0136667 secs] [Times: user=0.05 sys=0.01, real=0.02 secs] 
Heap after GC invocations=9 (full 1):
 par new generation   total 109248K, used 13843K [0x00000000e0000000, 0x00000000e8000000, 0x00000000e8000000)
  eden space 87424K,   0% used [0x00000000e0000000, 0x00000000e0000000, 0x00000000e5560000)
  from space 21824K,  63% used [0x00000000e6ab0000, 0x00000000e7834dd0, 0x00000000e8000000)
  to   space 21824K,   0% used [0x00000000e5560000, 0x00000000e5560000, 0x00000000e6ab0000)
 concurrent mark-sweep generation total 393216K, used 2480K [0x00000000e8000000, 0x0000000100000000, 0x0000000100000000)
 Metaspace       used 25122K, capacity 25508K, committed 25928K, reserved 1073152K
  class space    used 2932K, capacity 3082K, committed 3144K, reserved 1048576K
}
2023-04-17T10:13:19.810+0530: 1.674: Total time for which application threads were stopped: 0.0138271 seconds, Stopping threads took: 0.0000394 seconds
2023-04-17T10:13:20.007+0530: 1.870: Total time for which application threads were stopped: 0.0003912 seconds, Stopping threads took: 0.0000277 seconds
2023-04-17T10:13:20.010+0530: 1.873: Total time for which application threads were stopped: 0.0003496 seconds, Stopping threads took: 0.0000447 seconds
{Heap before GC invocations=9 (full 1):
 par new generation   total 109248K, used 101267K [0x00000000e0000000, 0x00000000e8000000, 0x00000000e8000000)
  eden space 87424K, 100% used [0x00000000e0000000, 0x00000000e5560000, 0x00000000e5560000)
  from space 21824K,  63% used [0x00000000e6ab0000, 0x00000000e7834dd0, 0x00000000e8000000)
  to   space 21824K,   0% used [0x00000000e5560000, 0x00000000e5560000, 0x00000000e6ab0000)
 concurrent mark-sweep generation total 393216K, used 2480K [0x00000000e8000000, 0x0000000100000000, 0x0000000100000000)
 Metaspace       used 28200K, capacity 28560K, committed 28872K, reserved 1075200K
  class space    used 3299K, capacity 3436K, committed 3528K, reserved 1048576K
2023-04-17T10:13:20.108+0530: 1.971: [GC (Allocation Failure) 2023-04-17T10:13:20.108+0530: 1.971: [ParNew
Desired survivor size 20112992 bytes, new threshold 8 (max 8)
- age   1:   12012760 bytes,   12012760 total
- age   2:    1894136 bytes,   13906896 total
- age   3:     104328 bytes,   14011224 total
- age   4:     124976 bytes,   14136200 total
- age   5:      53640 bytes,   14189840 total
- age   6:     123664 bytes,   14313504 total
- age   7:     288544 bytes,   14602048 total
- age   8:     236472 bytes,   14838520 total
: 101267K->17669K(109248K), 0.0155325 secs] 103748K->24955K(502464K), 0.0156018 secs] [Times: user=0.09 sys=0.01, real=0.02 secs] 
Heap after GC invocations=10 (full 1):
 par new generation   total 109248K, used 17669K [0x00000000e0000000, 0x00000000e8000000, 0x00000000e8000000)
  eden space 87424K,   0% used [0x00000000e0000000, 0x00000000e0000000, 0x00000000e5560000)
  from space 21824K,  80% used [0x00000000e5560000, 0x00000000e66a15c0, 0x00000000e6ab0000)
  to   space 21824K,   0% used [0x00000000e6ab0000, 0x00000000e6ab0000, 0x00000000e8000000)
 concurrent mark-sweep generation total 393216K, used 7286K [0x00000000e8000000, 0x0000000100000000, 0x0000000100000000)
 Metaspace       used 28200K, capacity 28560K, committed 28872K, reserved 1075200K
  class space    used 3299K, capacity 3436K, committed 3528K, reserved 1048576K
}
2023-04-17T10:13:20.123+0530: 1.987: Total time for which application threads were stopped: 0.0158272 seconds, Stopping threads took: 0.0000416 seconds
2023-04-17T10:13:20.152+0530: 2.016: Total time for which application threads were stopped: 0.0004948 seconds, Stopping threads took: 0.0000679 seconds
{Heap before GC invocations=10 (full 1):
 par new generation   total 109248K, used 105093K [0x00000000e0000000, 0x00000000e8000000, 0x00000000e8000000)
  eden space 87424K, 100% used [0x00000000e0000000, 0x00000000e5560000, 0x00000000e5560000)
  from space 21824K,  80% used [0x00000000e5560000, 0x00000000e66a15c0, 0x00000000e6ab0000)
  to   space 21824K,   0% used [0x00000000e6ab0000, 0x00000000e6ab0000, 0x00000000e8000000)
 concurrent mark-sweep generation total 393216K, used 7286K [0x00000000e8000000, 0x0000000100000000, 0x0000000100000000)
 Metaspace       used 28277K, capacity 28624K, committed 28872K, reserved 1075200K
  class space    used 3304K, capacity 3436K, committed 3528K, reserved 1048576K
2023-04-17T10:13:20.163+0530: 2.027: [GC (Allocation Failure) 2023-04-17T10:13:20.163+0530: 2.027: [ParNew
Desired survivor size 20112992 bytes, new threshold 8 (max 8)
- age   1:    1139736 bytes,    1139736 total
- age   2:    8426928 bytes,    9566664 total
- age   3:    1889400 bytes,   11456064 total
- age   4:     104328 bytes,   11560392 total
- age   5:     124976 bytes,   11685368 total
- age   6:      53640 bytes,   11739008 total
- age   7:     123664 bytes,   11862672 total
- age   8:     288544 bytes,   12151216 total
: 105093K->15425K(109248K), 0.0100034 secs] 112379K->22949K(502464K), 0.0100855 secs] [Times: user=0.07 sys=0.01, real=0.01 secs] 
Heap after GC invocations=11 (full 1):
 par new generation   total 109248K, used 15425K [0x00000000e0000000, 0x00000000e8000000, 0x00000000e8000000)
  eden space 87424K,   0% used [0x00000000e0000000, 0x00000000e0000000, 0x00000000e5560000)
  from space 21824K,  70% used [0x00000000e6ab0000, 0x00000000e79c06a8, 0x00000000e8000000)
  to   space 21824K,   0% used [0x00000000e5560000, 0x00000000e5560000, 0x00000000e6ab0000)
 concurrent mark-sweep generation total 393216K, used 7524K [0x00000000e8000000, 0x0000000100000000, 0x0000000100000000)
 Metaspace       used 28277K, capacity 28624K, committed 28872K, reserved 1075200K
  class space    used 3304K, capacity 3436K, committed 3528K, reserved 1048576K
}
2023-04-17T10:13:20.173+0530: 2.037: Total time for which application threads were stopped: 0.0102937 seconds, Stopping threads took: 0.0000641 seconds
{Heap before GC invocations=11 (full 1):
 par new generation   total 109248K, used 102849K [0x00000000e0000000, 0x00000000e8000000, 0x00000000e8000000)
  eden space 87424K, 100% used [0x00000000e0000000, 0x00000000e5560000, 0x00000000e5560000)
  from space 21824K,  70% used [0x00000000e6ab0000, 0x00000000e79c06a8, 0x00000000e8000000)
  to   space 21824K,   0% used [0x00000000e5560000, 0x00000000e5560000, 0x00000000e6ab0000)
 concurrent mark-sweep generation total 393216K, used 7524K [0x00000000e8000000, 0x0000000100000000, 0x0000000100000000)
 Metaspace       used 28300K, capacity 28712K, committed 29128K, reserved 1075200K
  class space    used 3306K, capacity 3440K, committed 3528K, reserved 1048576K
2023-04-17T10:13:20.196+0530: 2.059: [GC (Allocation Failure) 2023-04-17T10:13:20.196+0530: 2.059: [ParNew
Desired survivor size 20112992 bytes, new threshold 8 (max 8)
- age   1:    1710456 bytes,    1710456 total
- age   2:     710008 bytes,    2420464 total
- age   3:    8397576 bytes,   10818040 total
- age   4:    1889400 bytes,   12707440 total
- age   5:     104328 bytes,   12811768 total
- age   6:     124976 bytes,   12936744 total
- age   7:      53640 bytes,   12990384 total
- age   8:     123664 bytes,   13114048 total
: 102849K->16953K(109248K), 0.0143059 secs] 110373K->24764K(502464K), 0.0143843 secs] [Times: user=0.09 sys=0.01, real=0.02 secs] 
Heap after GC invocations=12 (full 1):
 par new generation   total 109248K, used 16953K [0x00000000e0000000, 0x00000000e8000000, 0x00000000e8000000)
  eden space 87424K,   0% used [0x00000000e0000000, 0x00000000e0000000, 0x00000000e5560000)
  from space 21824K,  77% used [0x00000000e5560000, 0x00000000e65ee748, 0x00000000e6ab0000)
  to   space 21824K,   0% used [0x00000000e6ab0000, 0x00000000e6ab0000, 0x00000000e8000000)
 concurrent mark-sweep generation total 393216K, used 7810K [0x00000000e8000000, 0x0000000100000000, 0x0000000100000000)
 Metaspace       used 28300K, capacity 28712K, committed 29128K, reserved 1075200K
  class space    used 3306K, capacity 3440K, committed 3528K, reserved 1048576K
}
2023-04-17T10:13:20.210+0530: 2.073: Total time for which application threads were stopped: 0.0146175 seconds, Stopping threads took: 0.0000586 seconds
{Heap before GC invocations=12 (full 1):
 par new generation   total 109248K, used 104377K [0x00000000e0000000, 0x00000000e8000000, 0x00000000e8000000)
  eden space 87424K, 100% used [0x00000000e0000000, 0x00000000e5560000, 0x00000000e5560000)
  from space 21824K,  77% used [0x00000000e5560000, 0x00000000e65ee748, 0x00000000e6ab0000)
  to   space 21824K,   0% used [0x00000000e6ab0000, 0x00000000e6ab0000, 0x00000000e8000000)
 concurrent mark-sweep generation total 393216K, used 7810K [0x00000000e8000000, 0x0000000100000000, 0x0000000100000000)
 Metaspace       used 28333K, capacity 28742K, committed 29128K, reserved 1075200K
  class space    used 3309K, capacity 3445K, committed 3528K, reserved 1048576K
2023-04-17T10:13:20.230+0530: 2.094: [GC (Allocation Failure) 2023-04-17T10:13:20.230+0530: 2.094: [ParNew
Desired survivor size 20112992 bytes, new threshold 8 (max 8)
- age   1:    1130280 bytes,    1130280 total
- age   2:    1380032 bytes,    2510312 total
- age   3:     710008 bytes,    3220320 total
- age   4:    8397552 bytes,   11617872 total
- age   5:    1889400 bytes,   13507272 total
- age   6:     104328 bytes,   13611600 total
- age   7:     124976 bytes,   13736576 total
- age   8:      53224 bytes,   13789800 total
: 104377K->18643K(109248K), 0.0107149 secs] 112188K->26578K(502464K), 0.0108257 secs] [Times: user=0.07 sys=0.00, real=0.01 secs] 
Heap after GC invocations=13 (full 1):
 par new generation   total 109248K, used 18643K [0x00000000e0000000, 0x00000000e8000000, 0x00000000e8000000)
  eden space 87424K,   0% used [0x00000000e0000000, 0x00000000e0000000, 0x00000000e5560000)
  from space 21824K,  85% used [0x00000000e6ab0000, 0x00000000e7ce4cd0, 0x00000000e8000000)
  to   space 21824K,   0% used [0x00000000e5560000, 0x00000000e5560000, 0x00000000e6ab0000)
 concurrent mark-sweep generation total 393216K, used 7935K [0x00000000e8000000, 0x0000000100000000, 0x0000000100000000)
 Metaspace       used 28333K, capacity 28742K, committed 29128K, reserved 1075200K
  class space    used 3309K, capacity 3445K, committed 3528K, reserved 1048576K
}
2023-04-17T10:13:20.241+0530: 2.105: Total time for which application threads were stopped: 0.0110808 seconds, Stopping threads took: 0.0000656 seconds
{Heap before GC invocations=13 (full 1):
 par new generation   total 109248K, used 106067K [0x00000000e0000000, 0x00000000e8000000, 0x00000000e8000000)
  eden space 87424K, 100% used [0x00000000e0000000, 0x00000000e5560000, 0x00000000e5560000)
  from space 21824K,  85% used [0x00000000e6ab0000, 0x00000000e7ce4cd0, 0x00000000e8000000)
  to   space 21824K,   0% used [0x00000000e5560000, 0x00000000e5560000, 0x00000000e6ab0000)
 concurrent mark-sweep generation total 393216K, used 7935K [0x00000000e8000000, 0x0000000100000000, 0x0000000100000000)
 Metaspace       used 28349K, capacity 28766K, committed 29128K, reserved 1075200K
  class space    used 3311K, capacity 3449K, committed 3528K, reserved 1048576K
2023-04-17T10:13:20.272+0530: 2.135: [GC (Allocation Failure) 2023-04-17T10:13:20.272+0530: 2.135: [ParNew
Desired survivor size 20112992 bytes, new threshold 8 (max 8)
- age   1:     609192 bytes,     609192 total
- age   2:      79120 bytes,     688312 total
- age   3:    1379544 bytes,    2067856 total
- age   4:     710008 bytes,    2777864 total
- age   5:    8397552 bytes,   11175416 total
- age   6:    1889400 bytes,   13064816 total
- age   7:     104328 bytes,   13169144 total
- age   8:     124872 bytes,   13294016 total
: 106067K->16819K(109248K), 0.0085573 secs] 114002K->24808K(502464K), 0.0086280 secs] [Times: user=0.05 sys=0.00, real=0.01 secs] 
Heap after GC invocations=14 (full 1):
 par new generation   total 109248K, used 16819K [0x00000000e0000000, 0x00000000e8000000, 0x00000000e8000000)
  eden space 87424K,   0% used [0x00000000e0000000, 0x00000000e0000000, 0x00000000e5560000)
  from space 21824K,  77% used [0x00000000e5560000, 0x00000000e65ccf10, 0x00000000e6ab0000)
  to   space 21824K,   0% used [0x00000000e6ab0000, 0x00000000e6ab0000, 0x00000000e8000000)
 concurrent mark-sweep generation total 393216K, used 7988K [0x00000000e8000000, 0x0000000100000000, 0x0000000100000000)
 Metaspace       used 28349K, capacity 28766K, committed 29128K, reserved 1075200K
  class space    used 3311K, capacity 3449K, committed 3528K, reserved 1048576K
}
2023-04-17T10:13:20.280+0530: 2.144: Total time for which application threads were stopped: 0.0088739 seconds, Stopping threads took: 0.0000727 seconds
{Heap before GC invocations=14 (full 1):
 par new generation   total 109248K, used 104243K [0x00000000e0000000, 0x00000000e8000000, 0x00000000e8000000)
  eden space 87424K, 100% used [0x00000000e0000000, 0x00000000e5560000, 0x00000000e5560000)
  from space 21824K,  77% used [0x00000000e5560000, 0x00000000e65ccf10, 0x00000000e6ab0000)
  to   space 21824K,   0% used [0x00000000e6ab0000, 0x00000000e6ab0000, 0x00000000e8000000)
 concurrent mark-sweep generation total 393216K, used 7988K [0x00000000e8000000, 0x0000000100000000, 0x0000000100000000)
 Metaspace       used 28366K, capacity 28766K, committed 29128K, reserved 1075200K
  class space    used 3311K, capacity 3449K, committed 3528K, reserved 1048576K
2023-04-17T10:13:20.316+0530: 2.180: [GC (Allocation Failure) 2023-04-17T10:13:20.316+0530: 2.180: [ParNew
Desired survivor size 20112992 bytes, new threshold 8 (max 8)
- age   1:     390552 bytes,     390552 total
- age   2:     108024 bytes,     498576 total
- age   3:      78848 bytes,     577424 total
- age   4:    1379544 bytes,    1956968 total
- age   5:     710008 bytes,    2666976 total
- age   6:    8397552 bytes,   11064528 total
- age   7:    1889400 bytes,   12953928 total
- age   8:     104328 bytes,   13058256 total
: 104243K->16071K(109248K), 0.0082624 secs] 112232K->24184K(502464K), 0.0083428 secs] [Times: user=0.05 sys=0.00, real=0.01 secs] 
Heap after GC invocations=15 (full 1):
 par new generation   total 109248K, used 16071K [0x00000000e0000000, 0x00000000e8000000, 0x00000000e8000000)
  eden space 87424K,   0% used [0x00000000e0000000, 0x00000000e0000000, 0x00000000e5560000)
  from space 21824K,  73% used [0x00000000e6ab0000, 0x00000000e7a61fd0, 0x00000000e8000000)
  to   space 21824K,   0% used [0x00000000e5560000, 0x00000000e5560000, 0x00000000e6ab0000)
 concurrent mark-sweep generation total 393216K, used 8112K [0x00000000e8000000, 0x0000000100000000, 0x0000000100000000)
 Metaspace       used 28366K, capacity 28766K, committed 29128K, reserved 1075200K
  class space    used 3311K, capacity 3449K, committed 3528K, reserved 1048576K
}
2023-04-17T10:13:20.325+0530: 2.188: Total time for which application threads were stopped: 0.0085591 seconds, Stopping threads took: 0.0000504 seconds
{Heap before GC invocations=15 (full 1):
 par new generation   total 109248K, used 103415K [0x00000000e0000000, 0x00000000e8000000, 0x00000000e8000000)
  eden space 87424K,  99% used [0x00000000e0000000, 0x00000000e554bf00, 0x00000000e5560000)
  from space 21824K,  73% used [0x00000000e6ab0000, 0x00000000e7a61fd0, 0x00000000e8000000)
  to   space 21824K,   0% used [0x00000000e5560000, 0x00000000e5560000, 0x00000000e6ab0000)
 concurrent mark-sweep generation total 393216K, used 8112K [0x00000000e8000000, 0x0000000100000000, 0x0000000100000000)
 Metaspace       used 28467K, capacity 28860K, committed 29128K, reserved 1075200K
  class space    used 3314K, capacity 3454K, committed 3528K, reserved 1048576K
2023-04-17T10:13:20.398+0530: 2.261: [GC (Allocation Failure) 2023-04-17T10:13:20.398+0530: 2.261: [ParNew
Desired survivor size 20112992 bytes, new threshold 8 (max 8)
- age   1:    1425360 bytes,    1425360 total
- age   2:      76496 bytes,    1501856 total
- age   3:     106464 bytes,    1608320 total
- age   4:      77648 bytes,    1685968 total
- age   5:     836816 bytes,    2522784 total
- age   6:     167120 bytes,    2689904 total
- age   7:    8393616 bytes,   11083520 total
- age   8:    1889320 bytes,   12972840 total
: 103415K->21824K(109248K), 0.0102023 secs] 111528K->30041K(502464K), 0.0102734 secs] [Times: user=0.05 sys=0.01, real=0.00 secs] 
Heap after GC invocations=16 (full 1):
 par new generation   total 109248K, used 21824K [0x00000000e0000000, 0x00000000e8000000, 0x00000000e8000000)
  eden space 87424K,   0% used [0x00000000e0000000, 0x00000000e0000000, 0x00000000e5560000)
  from space 21824K, 100% used [0x00000000e5560000, 0x00000000e6ab0000, 0x00000000e6ab0000)
  to   space 21824K,   0% used [0x00000000e6ab0000, 0x00000000e6ab0000, 0x00000000e8000000)
 concurrent mark-sweep generation total 393216K, used 8217K [0x00000000e8000000, 0x0000000100000000, 0x0000000100000000)
 Metaspace       used 28467K, capacity 28860K, committed 29128K, reserved 1075200K
  class space    used 3314K, capacity 3454K, committed 3528K, reserved 1048576K
}
2023-04-17T10:13:20.408+0530: 2.272: Total time for which application threads were stopped: 0.0105175 seconds, Stopping threads took: 0.0000542 seconds
2023-04-17T10:13:21.409+0530: 3.272: Total time for which application threads were stopped: 0.0002921 seconds, Stopping threads took: 0.0000489 seconds
2023-04-17T10:13:22.180+0530: 4.044: Total time for which application threads were stopped: 0.0010105 seconds, Stopping threads took: 0.0000929 seconds
2023-04-17T10:13:30.933+0530: 12.797: Total time for which application threads were stopped: 0.0000981 seconds, Stopping threads took: 0.0000250 seconds
2023-04-17T10:13:30.935+0530: 12.799: Total time for which application threads were stopped: 0.0000370 seconds, Stopping threads took: 0.0000072 seconds
2023-04-17T10:13:30.949+0530: 12.812: Total time for which application threads were stopped: 0.0003397 seconds, Stopping threads took: 0.0000105 seconds
2023-04-17T10:13:30.973+0530: 12.836: Total time for which application threads were stopped: 0.0004312 seconds, Stopping threads took: 0.0000302 seconds
2023-04-17T10:13:30.975+0530: 12.838: Total time for which application threads were stopped: 0.0000656 seconds, Stopping threads took: 0.0000256 seconds
2023-04-17T10:13:30.996+0530: 12.860: Total time for which application threads were stopped: 0.0004675 seconds, Stopping threads took: 0.0000189 seconds
2023-04-17T10:13:30.998+0530: 12.862: Total time for which application threads were stopped: 0.0003609 seconds, Stopping threads took: 0.0000089 seconds
2023-04-17T10:13:31.013+0530: 12.876: Total time for which application threads were stopped: 0.0000713 seconds, Stopping threads took: 0.0000130 seconds
2023-04-17T10:13:31.013+0530: 12.876: Total time for which application threads were stopped: 0.0000375 seconds, Stopping threads took: 0.0000070 seconds
2023-04-17T10:13:31.017+0530: 12.880: Total time for which application threads were stopped: 0.0001208 seconds, Stopping threads took: 0.0000798 seconds
2023-04-17T10:13:31.019+0530: 12.882: Total time for which application threads were stopped: 0.0000674 seconds, Stopping threads took: 0.0000197 seconds
2023-04-17T10:13:31.019+0530: 12.882: Total time for which application threads were stopped: 0.0000516 seconds, Stopping threads took: 0.0000258 seconds
2023-04-17T10:13:31.052+0530: 12.915: Total time for which application threads were stopped: 0.0001108 seconds, Stopping threads took: 0.0000193 seconds
2023-04-17T10:13:31.052+0530: 12.916: Total time for which application threads were stopped: 0.0001317 seconds, Stopping threads took: 0.0000862 seconds
2023-04-17T10:13:31.052+0530: 12.916: Total time for which application threads were stopped: 0.0001001 seconds, Stopping threads took: 0.0000692 seconds
2023-04-17T10:13:31.053+0530: 12.916: Total time for which application threads were stopped: 0.0000896 seconds, Stopping threads took: 0.0000649 seconds
2023-04-17T10:13:31.055+0530: 12.918: Total time for which application threads were stopped: 0.0000305 seconds, Stopping threads took: 0.0000052 seconds
2023-04-17T10:13:31.068+0530: 12.932: Total time for which application threads were stopped: 0.0000613 seconds, Stopping threads took: 0.0000135 seconds
2023-04-17T10:13:31.068+0530: 12.932: Total time for which application threads were stopped: 0.0000310 seconds, Stopping threads took: 0.0000065 seconds
2023-04-17T10:13:31.069+0530: 12.932: Total time for which application threads were stopped: 0.0000494 seconds, Stopping threads took: 0.0000050 seconds
2023-04-17T10:13:35.234+0530: 17.098: Total time for which application threads were stopped: 0.0004448 seconds, Stopping threads took: 0.0002428 seconds
2023-04-17T10:13:35.235+0530: 17.098: Total time for which application threads were stopped: 0.0001628 seconds, Stopping threads took: 0.0000330 seconds
2023-04-17T10:13:35.235+0530: 17.098: Total time for which application threads were stopped: 0.0001704 seconds, Stopping threads took: 0.0000527 seconds
2023-04-17T10:13:35.239+0530: 17.102: Total time for which application threads were stopped: 0.0002399 seconds, Stopping threads took: 0.0000934 seconds
2023-04-17T10:13:35.338+0530: 17.201: Total time for which application threads were stopped: 0.0001268 seconds, Stopping threads took: 0.0000512 seconds
2023-04-17T10:13:35.338+0530: 17.202: Total time for which application threads were stopped: 0.0000833 seconds, Stopping threads took: 0.0000412 seconds
2023-04-17T10:13:35.341+0530: 17.204: Total time for which application threads were stopped: 0.0000758 seconds, Stopping threads took: 0.0000177 seconds
2023-04-17T10:13:35.368+0530: 17.232: Total time for which application threads were stopped: 0.0003718 seconds, Stopping threads took: 0.0000177 seconds
2023-04-17T10:13:35.369+0530: 17.232: Total time for which application threads were stopped: 0.0002925 seconds, Stopping threads took: 0.0000118 seconds
2023-04-17T10:13:35.370+0530: 17.233: Total time for which application threads were stopped: 0.0000892 seconds, Stopping threads took: 0.0000122 seconds
2023-04-17T10:13:35.370+0530: 17.233: Total time for which application threads were stopped: 0.0001601 seconds, Stopping threads took: 0.0001116 seconds
2023-04-17T10:13:35.370+0530: 17.233: Total time for which application threads were stopped: 0.0000457 seconds, Stopping threads took: 0.0000116 seconds
2023-04-17T10:13:35.370+0530: 17.233: Total time for which application threads were stopped: 0.0000531 seconds, Stopping threads took: 0.0000095 seconds
2023-04-17T10:13:35.370+0530: 17.234: Total time for which application threads were stopped: 0.0000407 seconds, Stopping threads took: 0.0000133 seconds
2023-04-17T10:13:35.371+0530: 17.235: Total time for which application threads were stopped: 0.0000377 seconds, Stopping threads took: 0.0000096 seconds
2023-04-17T10:13:35.371+0530: 17.235: Total time for which application threads were stopped: 0.0001053 seconds, Stopping threads took: 0.0000474 seconds
2023-04-17T10:13:35.371+0530: 17.235: Total time for which application threads were stopped: 0.0000726 seconds, Stopping threads took: 0.0000095 seconds
2023-04-17T10:13:35.372+0530: 17.235: Total time for which application threads were stopped: 0.0000725 seconds, Stopping threads took: 0.0000140 seconds
2023-04-17T10:13:35.372+0530: 17.235: Total time for which application threads were stopped: 0.0000977 seconds, Stopping threads took: 0.0000727 seconds
2023-04-17T10:13:35.372+0530: 17.235: Total time for which application threads were stopped: 0.0001294 seconds, Stopping threads took: 0.0000586 seconds
2023-04-17T10:13:36.372+0530: 18.236: Total time for which application threads were stopped: 0.0002218 seconds, Stopping threads took: 0.0000512 seconds
2023-04-17T10:13:42.847+0530: 24.711: Total time for which application threads were stopped: 0.0001811 seconds, Stopping threads took: 0.0000901 seconds
2023-04-17T10:13:42.848+0530: 24.711: Total time for which application threads were stopped: 0.0001347 seconds, Stopping threads took: 0.0000615 seconds
2023-04-17T10:13:42.848+0530: 24.711: Total time for which application threads were stopped: 0.0001819 seconds, Stopping threads took: 0.0000896 seconds
2023-04-17T10:13:42.850+0530: 24.713: Total time for which application threads were stopped: 0.0002822 seconds, Stopping threads took: 0.0001673 seconds
2023-04-17T10:13:42.862+0530: 24.725: Total time for which application threads were stopped: 0.0001493 seconds, Stopping threads took: 0.0000569 seconds
2023-04-17T10:13:42.862+0530: 24.726: Total time for which application threads were stopped: 0.0000812 seconds, Stopping threads took: 0.0000241 seconds
2023-04-17T10:13:42.863+0530: 24.726: Total time for which application threads were stopped: 0.0000759 seconds, Stopping threads took: 0.0000262 seconds
2023-04-17T10:13:42.863+0530: 24.726: Total time for which application threads were stopped: 0.0000860 seconds, Stopping threads took: 0.0000301 seconds
2023-04-17T10:13:42.863+0530: 24.726: Total time for which application threads were stopped: 0.0000756 seconds, Stopping threads took: 0.0000254 seconds
2023-04-17T10:13:42.865+0530: 24.728: Total time for which application threads were stopped: 0.0002138 seconds, Stopping threads took: 0.0001382 seconds
2023-04-17T10:13:42.865+0530: 24.728: Total time for which application threads were stopped: 0.0001702 seconds, Stopping threads took: 0.0001168 seconds
2023-04-17T10:13:42.865+0530: 24.728: Total time for which application threads were stopped: 0.0000595 seconds, Stopping threads took: 0.0000273 seconds
2023-04-17T10:13:42.865+0530: 24.729: Total time for which application threads were stopped: 0.0000875 seconds, Stopping threads took: 0.0000359 seconds
2023-04-17T10:13:42.865+0530: 24.729: Total time for which application threads were stopped: 0.0001010 seconds, Stopping threads took: 0.0000571 seconds
2023-04-17T10:13:42.866+0530: 24.729: Total time for which application threads were stopped: 0.0001054 seconds, Stopping threads took: 0.0000541 seconds
2023-04-17T10:13:42.866+0530: 24.729: Total time for which application threads were stopped: 0.0000815 seconds, Stopping threads took: 0.0000484 seconds
2023-04-17T10:13:42.867+0530: 24.731: Total time for which application threads were stopped: 0.0001348 seconds, Stopping threads took: 0.0000520 seconds
2023-04-17T10:13:42.870+0530: 24.733: Total time for which application threads were stopped: 0.0001195 seconds, Stopping threads took: 0.0000425 seconds
2023-04-17T10:13:42.870+0530: 24.733: Total time for which application threads were stopped: 0.0000796 seconds, Stopping threads took: 0.0000172 seconds
2023-04-17T10:13:42.870+0530: 24.733: Total time for which application threads were stopped: 0.0001075 seconds, Stopping threads took: 0.0000395 seconds
2023-04-17T10:13:42.870+0530: 24.734: Total time for which application threads were stopped: 0.0001056 seconds, Stopping threads took: 0.0000440 seconds
2023-04-17T10:13:42.870+0530: 24.734: Total time for which application threads were stopped: 0.0001142 seconds, Stopping threads took: 0.0000405 seconds
2023-04-17T10:13:42.872+0530: 24.735: Total time for which application threads were stopped: 0.0000979 seconds, Stopping threads took: 0.0000362 seconds
2023-04-17T10:13:42.872+0530: 24.735: Total time for which application threads were stopped: 0.0000794 seconds, Stopping threads took: 0.0000265 seconds
2023-04-17T10:13:42.872+0530: 24.735: Total time for which application threads were stopped: 0.0000564 seconds, Stopping threads took: 0.0000256 seconds
2023-04-17T10:13:42.872+0530: 24.735: Total time for which application threads were stopped: 0.0000924 seconds, Stopping threads took: 0.0000616 seconds
2023-04-17T10:13:42.872+0530: 24.735: Total time for which application threads were stopped: 0.0000483 seconds, Stopping threads took: 0.0000203 seconds
2023-04-17T10:13:43.872+0530: 25.736: Total time for which application threads were stopped: 0.0002095 seconds, Stopping threads took: 0.0000521 seconds
2023-04-17T10:13:44.873+0530: 26.736: Total time for which application threads were stopped: 0.0001982 seconds, Stopping threads took: 0.0000522 seconds
2023-04-17T10:13:46.873+0530: 28.737: Total time for which application threads were stopped: 0.0003367 seconds, Stopping threads took: 0.0000615 seconds
2023-04-17T10:14:35.371+0530: 77.234: Total time for which application threads were stopped: 0.0002209 seconds, Stopping threads took: 0.0000823 seconds
2023-04-17T10:14:42.872+0530: 84.736: Total time for which application threads were stopped: 0.0002175 seconds, Stopping threads took: 0.0000807 seconds
2023-04-17T10:15:22.872+0530: 124.735: Total time for which application threads were stopped: 0.0003295 seconds, Stopping threads took: 0.0001716 seconds
2023-04-17T10:15:22.872+0530: 124.736: Total time for which application threads were stopped: 0.0001925 seconds, Stopping threads took: 0.0000870 seconds
2023-04-17T10:15:22.873+0530: 124.737: Total time for which application threads were stopped: 0.0001378 seconds, Stopping threads took: 0.0000293 seconds
2023-04-17T10:17:17.893+0530: 239.756: Total time for which application threads were stopped: 0.0001861 seconds, Stopping threads took: 0.0000741 seconds
2023-04-17T10:17:21.893+0530: 243.757: Total time for which application threads were stopped: 0.0002352 seconds, Stopping threads took: 0.0000513 seconds
2023-04-17T10:18:03.753+0530: 285.617: Total time for which application threads were stopped: 0.0002660 seconds, Stopping threads took: 0.0000748 seconds
2023-04-17T10:18:03.754+0530: 285.617: Total time for which application threads were stopped: 0.0001454 seconds, Stopping threads took: 0.0000295 seconds
2023-04-17T10:18:03.754+0530: 285.617: Total time for which application threads were stopped: 0.0001257 seconds, Stopping threads took: 0.0000270 seconds
2023-04-17T10:18:03.756+0530: 285.620: Total time for which application threads were stopped: 0.0002286 seconds, Stopping threads took: 0.0000617 seconds
2023-04-17T10:18:04.757+0530: 286.620: Total time for which application threads were stopped: 0.0001835 seconds, Stopping threads took: 0.0000440 seconds
2023-04-17T10:18:20.344+0530: 302.208: Total time for which application threads were stopped: 0.0001950 seconds, Stopping threads took: 0.0000647 seconds
2023-04-17T10:18:20.346+0530: 302.209: Total time for which application threads were stopped: 0.0002929 seconds, Stopping threads took: 0.0001656 seconds
2023-04-17T10:18:20.349+0530: 302.212: Total time for which application threads were stopped: 0.0002410 seconds, Stopping threads took: 0.0000995 seconds
2023-04-17T10:18:20.349+0530: 302.212: Total time for which application threads were stopped: 0.0001824 seconds, Stopping threads took: 0.0000354 seconds
2023-04-17T10:18:20.349+0530: 302.213: Total time for which application threads were stopped: 0.0001746 seconds, Stopping threads took: 0.0000356 seconds
2023-04-17T10:18:20.352+0530: 302.215: Total time for which application threads were stopped: 0.0001806 seconds, Stopping threads took: 0.0000499 seconds
2023-04-17T10:18:21.353+0530: 303.216: Total time for which application threads were stopped: 0.0002135 seconds, Stopping threads took: 0.0000527 seconds
2023-04-17T10:18:24.353+0530: 306.217: Total time for which application threads were stopped: 0.0002796 seconds, Stopping threads took: 0.0000520 seconds
2023-04-17T10:18:34.355+0530: 316.218: Total time for which application threads were stopped: 0.0002912 seconds, Stopping threads took: 0.0001071 seconds
2023-04-17T10:19:07.234+0530: 349.097: Total time for which application threads were stopped: 0.0002151 seconds, Stopping threads took: 0.0001432 seconds
2023-04-17T10:19:07.234+0530: 349.097: Total time for which application threads were stopped: 0.0000886 seconds, Stopping threads took: 0.0000382 seconds
2023-04-17T10:19:07.235+0530: 349.098: Total time for which application threads were stopped: 0.0001185 seconds, Stopping threads took: 0.0000475 seconds
2023-04-17T10:19:07.235+0530: 349.099: Total time for which application threads were stopped: 0.0001083 seconds, Stopping threads took: 0.0000506 seconds
2023-04-17T10:19:07.236+0530: 349.099: Total time for which application threads were stopped: 0.0001160 seconds, Stopping threads took: 0.0000533 seconds
2023-04-17T10:19:07.236+0530: 349.099: Total time for which application threads were stopped: 0.0000743 seconds, Stopping threads took: 0.0000174 seconds
2023-04-17T10:19:07.237+0530: 349.100: Total time for which application threads were stopped: 0.0001257 seconds, Stopping threads took: 0.0000581 seconds
2023-04-17T10:19:07.237+0530: 349.100: Total time for which application threads were stopped: 0.0001049 seconds, Stopping threads took: 0.0000458 seconds
2023-04-17T10:19:07.238+0530: 349.101: Total time for which application threads were stopped: 0.0000768 seconds, Stopping threads took: 0.0000295 seconds
2023-04-17T10:19:07.238+0530: 349.101: Total time for which application threads were stopped: 0.0000762 seconds, Stopping threads took: 0.0000388 seconds
2023-04-17T10:19:07.238+0530: 349.101: Total time for which application threads were stopped: 0.0000572 seconds, Stopping threads took: 0.0000264 seconds
2023-04-17T10:19:07.238+0530: 349.101: Total time for which application threads were stopped: 0.0000682 seconds, Stopping threads took: 0.0000300 seconds
2023-04-17T10:19:07.238+0530: 349.102: Total time for which application threads were stopped: 0.0001020 seconds, Stopping threads took: 0.0000435 seconds
2023-04-17T10:19:07.239+0530: 349.102: Total time for which application threads were stopped: 0.0000834 seconds, Stopping threads took: 0.0000373 seconds
2023-04-17T10:19:07.239+0530: 349.102: Total time for which application threads were stopped: 0.0000890 seconds, Stopping threads took: 0.0000404 seconds
2023-04-17T10:19:07.241+0530: 349.104: Total time for which application threads were stopped: 0.0000973 seconds, Stopping threads took: 0.0000385 seconds
2023-04-17T10:19:07.241+0530: 349.104: Total time for which application threads were stopped: 0.0001799 seconds, Stopping threads took: 0.0000302 seconds
2023-04-17T10:19:07.241+0530: 349.104: Total time for which application threads were stopped: 0.0000700 seconds, Stopping threads took: 0.0000229 seconds
2023-04-17T10:19:07.242+0530: 349.105: Total time for which application threads were stopped: 0.0000875 seconds, Stopping threads took: 0.0000236 seconds
2023-04-17T10:19:07.242+0530: 349.105: Total time for which application threads were stopped: 0.0000652 seconds, Stopping threads took: 0.0000149 seconds
2023-04-17T10:19:07.243+0530: 349.107: Total time for which application threads were stopped: 0.0001263 seconds, Stopping threads took: 0.0000238 seconds
2023-04-17T10:19:07.243+0530: 349.107: Total time for which application threads were stopped: 0.0000666 seconds, Stopping threads took: 0.0000243 seconds
2023-04-17T10:19:07.243+0530: 349.107: Total time for which application threads were stopped: 0.0000644 seconds, Stopping threads took: 0.0000205 seconds
2023-04-17T10:19:07.244+0530: 349.107: Total time for which application threads were stopped: 0.0000739 seconds, Stopping threads took: 0.0000348 seconds
2023-04-17T10:19:07.244+0530: 349.107: Total time for which application threads were stopped: 0.0000903 seconds, Stopping threads took: 0.0000306 seconds
2023-04-17T10:19:07.245+0530: 349.108: Total time for which application threads were stopped: 0.0001221 seconds, Stopping threads took: 0.0000411 seconds
2023-04-17T10:19:07.245+0530: 349.109: Total time for which application threads were stopped: 0.0000833 seconds, Stopping threads took: 0.0000307 seconds
2023-04-17T10:19:07.245+0530: 349.109: Total time for which application threads were stopped: 0.0000689 seconds, Stopping threads took: 0.0000294 seconds
2023-04-17T10:19:07.245+0530: 349.109: Total time for which application threads were stopped: 0.0000643 seconds, Stopping threads took: 0.0000286 seconds
2023-04-17T10:19:07.246+0530: 349.109: Total time for which application threads were stopped: 0.0000684 seconds, Stopping threads took: 0.0000256 seconds
2023-04-17T10:20:07.246+0530: 409.110: Total time for which application threads were stopped: 0.0002931 seconds, Stopping threads took: 0.0000896 seconds
2023-04-17T10:20:47.248+0530: 449.111: Total time for which application threads were stopped: 0.0002287 seconds, Stopping threads took: 0.0000792 seconds
2023-04-17T10:22:19.270+0530: 541.133: Total time for which application threads were stopped: 0.0002613 seconds, Stopping threads took: 0.0001027 seconds
2023-04-17T10:41:43.602+0530: 1705.466: Total time for which application threads were stopped: 0.0003180 seconds, Stopping threads took: 0.0000957 seconds
2023-04-17T10:41:43.603+0530: 1705.466: Total time for which application threads were stopped: 0.0001919 seconds, Stopping threads took: 0.0000332 seconds
2023-04-17T10:41:43.603+0530: 1705.467: Total time for which application threads were stopped: 0.0001883 seconds, Stopping threads took: 0.0000382 seconds
2023-04-17T10:41:43.606+0530: 1705.469: Total time for which application threads were stopped: 0.0001789 seconds, Stopping threads took: 0.0000381 seconds
2023-04-17T10:41:44.606+0530: 1706.470: Total time for which application threads were stopped: 0.0002595 seconds, Stopping threads took: 0.0000610 seconds
2023-04-17T10:42:23.615+0530: 1745.478: Total time for which application threads were stopped: 0.0002149 seconds, Stopping threads took: 0.0000510 seconds
2023-04-17T10:44:02.685+0530: 1844.549: Total time for which application threads were stopped: 0.0002320 seconds, Stopping threads took: 0.0000813 seconds
2023-04-17T10:46:38.646+0530: 2000.510: Total time for which application threads were stopped: 0.0003815 seconds, Stopping threads took: 0.0002229 seconds
2023-04-17T10:46:38.647+0530: 2000.510: Total time for which application threads were stopped: 0.0001084 seconds, Stopping threads took: 0.0000309 seconds
2023-04-17T10:46:38.647+0530: 2000.510: Total time for which application threads were stopped: 0.0000920 seconds, Stopping threads took: 0.0000253 seconds
2023-04-17T10:46:38.648+0530: 2000.512: Total time for which application threads were stopped: 0.0001287 seconds, Stopping threads took: 0.0000269 seconds
2023-04-17T10:47:00.414+0530: 2022.278: Total time for which application threads were stopped: 0.0003307 seconds, Stopping threads took: 0.0001318 seconds
2023-04-17T10:47:00.415+0530: 2022.279: Total time for which application threads were stopped: 0.0002737 seconds, Stopping threads took: 0.0001212 seconds
2023-04-17T10:47:00.419+0530: 2022.283: Total time for which application threads were stopped: 0.0002145 seconds, Stopping threads took: 0.0000567 seconds
2023-04-17T10:47:14.239+0530: 2036.103: Total time for which application threads were stopped: 0.0001696 seconds, Stopping threads took: 0.0000697 seconds
2023-04-17T10:47:14.240+0530: 2036.103: Total time for which application threads were stopped: 0.0000687 seconds, Stopping threads took: 0.0000243 seconds
2023-04-17T10:47:14.240+0530: 2036.103: Total time for which application threads were stopped: 0.0001204 seconds, Stopping threads took: 0.0000686 seconds
2023-04-17T10:47:14.241+0530: 2036.104: Total time for which application threads were stopped: 0.0001154 seconds, Stopping threads took: 0.0000422 seconds
2023-04-17T10:47:14.241+0530: 2036.105: Total time for which application threads were stopped: 0.0001936 seconds, Stopping threads took: 0.0000888 seconds
2023-04-17T10:47:14.242+0530: 2036.105: Total time for which application threads were stopped: 0.0001741 seconds, Stopping threads took: 0.0000619 seconds
2023-04-17T10:47:14.243+0530: 2036.106: Total time for which application threads were stopped: 0.0000874 seconds, Stopping threads took: 0.0000196 seconds
2023-04-17T10:47:14.245+0530: 2036.109: Total time for which application threads were stopped: 0.0000993 seconds, Stopping threads took: 0.0000248 seconds
2023-04-17T10:47:14.245+0530: 2036.109: Total time for which application threads were stopped: 0.0000646 seconds, Stopping threads took: 0.0000141 seconds
2023-04-17T10:47:14.246+0530: 2036.109: Total time for which application threads were stopped: 0.0001843 seconds, Stopping threads took: 0.0001300 seconds
2023-04-17T10:47:14.246+0530: 2036.109: Total time for which application threads were stopped: 0.0000896 seconds, Stopping threads took: 0.0000400 seconds
2023-04-17T10:47:14.246+0530: 2036.110: Total time for which application threads were stopped: 0.0002433 seconds, Stopping threads took: 0.0000149 seconds
2023-04-17T10:47:14.246+0530: 2036.110: Total time for which application threads were stopped: 0.0000967 seconds, Stopping threads took: 0.0000600 seconds
2023-04-17T10:47:14.248+0530: 2036.111: Total time for which application threads were stopped: 0.0001497 seconds, Stopping threads took: 0.0000381 seconds
2023-04-17T10:47:14.249+0530: 2036.112: Total time for which application threads were stopped: 0.0001590 seconds, Stopping threads took: 0.0000916 seconds
2023-04-17T10:47:14.250+0530: 2036.113: Total time for which application threads were stopped: 0.0000928 seconds, Stopping threads took: 0.0000223 seconds
2023-04-17T10:47:14.250+0530: 2036.113: Total time for which application threads were stopped: 0.0001138 seconds, Stopping threads took: 0.0000401 seconds
2023-04-17T10:47:14.250+0530: 2036.113: Total time for which application threads were stopped: 0.0000712 seconds, Stopping threads took: 0.0000124 seconds
2023-04-17T10:47:14.250+0530: 2036.113: Total time for which application threads were stopped: 0.0000607 seconds, Stopping threads took: 0.0000107 seconds
2023-04-17T10:47:14.250+0530: 2036.114: Total time for which application threads were stopped: 0.0000637 seconds, Stopping threads took: 0.0000120 seconds
2023-04-17T10:47:14.252+0530: 2036.115: Total time for which application threads were stopped: 0.0001120 seconds, Stopping threads took: 0.0000261 seconds
2023-04-17T10:47:14.252+0530: 2036.115: Total time for which application threads were stopped: 0.0000918 seconds, Stopping threads took: 0.0000311 seconds
2023-04-17T10:47:14.252+0530: 2036.115: Total time for which application threads were stopped: 0.0000891 seconds, Stopping threads took: 0.0000388 seconds
2023-04-17T10:47:14.252+0530: 2036.115: Total time for which application threads were stopped: 0.0000845 seconds, Stopping threads took: 0.0000349 seconds
2023-04-17T10:47:14.252+0530: 2036.115: Total time for which application threads were stopped: 0.0000903 seconds, Stopping threads took: 0.0000409 seconds
2023-04-17T10:47:17.924+0530: 2039.787: Total time for which application threads were stopped: 0.0004184 seconds, Stopping threads took: 0.0001949 seconds
2023-04-17T10:47:17.925+0530: 2039.789: Total time for which application threads were stopped: 0.0002517 seconds, Stopping threads took: 0.0000463 seconds
2023-04-17T10:47:17.927+0530: 2039.791: Total time for which application threads were stopped: 0.0004397 seconds, Stopping threads took: 0.0002723 seconds
2023-04-17T10:48:14.251+0530: 2096.114: Total time for which application threads were stopped: 0.0002343 seconds, Stopping threads took: 0.0000819 seconds
2023-04-17T10:48:14.252+0530: 2096.116: Total time for which application threads were stopped: 0.0001312 seconds, Stopping threads took: 0.0000262 seconds
2023-04-17T10:48:34.257+0530: 2116.120: Total time for which application threads were stopped: 0.0002213 seconds, Stopping threads took: 0.0000861 seconds
2023-04-17T10:48:54.251+0530: 2136.114: Total time for which application threads were stopped: 0.0003537 seconds, Stopping threads took: 0.0002117 seconds
2023-04-17T10:48:54.251+0530: 2136.115: Total time for which application threads were stopped: 0.0001286 seconds, Stopping threads took: 0.0000270 seconds
2023-04-17T10:50:01.072+0530: 2202.935: Total time for which application threads were stopped: 0.0002244 seconds, Stopping threads took: 0.0000745 seconds
2023-04-17T10:50:01.072+0530: 2202.935: Total time for which application threads were stopped: 0.0001145 seconds, Stopping threads took: 0.0000243 seconds
2023-04-17T10:50:01.072+0530: 2202.936: Total time for which application threads were stopped: 0.0000998 seconds, Stopping threads took: 0.0000225 seconds
2023-04-17T10:50:01.074+0530: 2202.937: Total time for which application threads were stopped: 0.0001619 seconds, Stopping threads took: 0.0000422 seconds
2023-04-17T10:50:02.074+0530: 2203.938: Total time for which application threads were stopped: 0.0002251 seconds, Stopping threads took: 0.0000499 seconds
2023-04-17T10:50:31.437+0530: 2233.300: Total time for which application threads were stopped: 0.0004335 seconds, Stopping threads took: 0.0001858 seconds
2023-04-17T10:50:31.437+0530: 2233.301: Total time for which application threads were stopped: 0.0002272 seconds, Stopping threads took: 0.0000743 seconds
2023-04-17T10:50:31.438+0530: 2233.301: Total time for which application threads were stopped: 0.0002078 seconds, Stopping threads took: 0.0000783 seconds
2023-04-17T10:50:31.438+0530: 2233.302: Total time for which application threads were stopped: 0.0002518 seconds, Stopping threads took: 0.0001202 seconds
2023-04-17T10:50:31.440+0530: 2233.303: Total time for which application threads were stopped: 0.0002265 seconds, Stopping threads took: 0.0000581 seconds
2023-04-17T10:50:31.444+0530: 2233.308: Total time for which application threads were stopped: 0.0004163 seconds, Stopping threads took: 0.0002042 seconds
2023-04-17T10:50:59.451+0530: 2261.315: Total time for which application threads were stopped: 0.0002518 seconds, Stopping threads took: 0.0000977 seconds
2023-04-17T10:52:11.440+0530: 2333.303: Total time for which application threads were stopped: 0.0002540 seconds, Stopping threads took: 0.0000854 seconds
2023-04-17T10:52:11.446+0530: 2333.309: Total time for which application threads were stopped: 0.0002057 seconds, Stopping threads took: 0.0000464 seconds
2023-04-17T10:52:33.674+0530: 2355.537: Total time for which application threads were stopped: 0.0001078 seconds, Stopping threads took: 0.0000311 seconds
2023-04-17T10:52:33.674+0530: 2355.537: Total time for which application threads were stopped: 0.0000540 seconds, Stopping threads took: 0.0000101 seconds
2023-04-17T10:52:33.674+0530: 2355.538: Total time for which application threads were stopped: 0.0000480 seconds, Stopping threads took: 0.0000096 seconds
2023-04-17T10:52:33.675+0530: 2355.538: Total time for which application threads were stopped: 0.0000563 seconds, Stopping threads took: 0.0000114 seconds
2023-04-17T10:52:33.677+0530: 2355.540: Total time for which application threads were stopped: 0.0001998 seconds, Stopping threads took: 0.0001211 seconds
2023-04-17T10:52:33.677+0530: 2355.540: Total time for which application threads were stopped: 0.0000852 seconds, Stopping threads took: 0.0000195 seconds
2023-04-17T10:52:33.677+0530: 2355.541: Total time for which application threads were stopped: 0.0000674 seconds, Stopping threads took: 0.0000149 seconds
2023-04-17T10:52:34.678+0530: 2356.541: Total time for which application threads were stopped: 0.0002274 seconds, Stopping threads took: 0.0000571 seconds
2023-04-17T10:54:12.674+0530: 2454.537: Total time for which application threads were stopped: 0.0000940 seconds, Stopping threads took: 0.0000367 seconds
2023-04-17T10:54:12.674+0530: 2454.537: Total time for which application threads were stopped: 0.0001428 seconds, Stopping threads took: 0.0000273 seconds
2023-04-17T10:54:12.674+0530: 2454.537: Total time for which application threads were stopped: 0.0000670 seconds, Stopping threads took: 0.0000264 seconds
2023-04-17T10:54:12.675+0530: 2454.538: Total time for which application threads were stopped: 0.0000702 seconds, Stopping threads took: 0.0000307 seconds
2023-04-17T10:54:12.676+0530: 2454.539: Total time for which application threads were stopped: 0.0000925 seconds, Stopping threads took: 0.0000341 seconds
2023-04-17T10:54:12.676+0530: 2454.539: Total time for which application threads were stopped: 0.0000786 seconds, Stopping threads took: 0.0000269 seconds
2023-04-17T10:54:12.676+0530: 2454.539: Total time for which application threads were stopped: 0.0000914 seconds, Stopping threads took: 0.0000368 seconds
2023-04-17T10:54:32.324+0530: 2474.187: Total time for which application threads were stopped: 0.0001079 seconds, Stopping threads took: 0.0000334 seconds
2023-04-17T10:54:32.324+0530: 2474.188: Total time for which application threads were stopped: 0.0000492 seconds, Stopping threads took: 0.0000103 seconds
2023-04-17T10:54:32.326+0530: 2474.190: Total time for which application threads were stopped: 0.0001881 seconds, Stopping threads took: 0.0001230 seconds
2023-04-17T10:55:52.677+0530: 2554.541: Total time for which application threads were stopped: 0.0003227 seconds, Stopping threads took: 0.0000815 seconds
2023-04-17T10:56:12.328+0530: 2574.192: Total time for which application threads were stopped: 0.0003362 seconds, Stopping threads took: 0.0000923 seconds
2023-04-17T10:57:48.008+0530: 2669.871: Total time for which application threads were stopped: 0.0002049 seconds, Stopping threads took: 0.0001337 seconds
2023-04-17T10:57:48.008+0530: 2669.871: Total time for which application threads were stopped: 0.0000644 seconds, Stopping threads took: 0.0000161 seconds
2023-04-17T10:57:48.009+0530: 2669.872: Total time for which application threads were stopped: 0.0001674 seconds, Stopping threads took: 0.0000184 seconds
2023-04-17T10:57:48.010+0530: 2669.873: Total time for which application threads were stopped: 0.0001268 seconds, Stopping threads took: 0.0000761 seconds
2023-04-17T10:57:48.010+0530: 2669.874: Total time for which application threads were stopped: 0.0001051 seconds, Stopping threads took: 0.0000666 seconds
2023-04-17T10:57:49.011+0530: 2670.874: Total time for which application threads were stopped: 0.0002057 seconds, Stopping threads took: 0.0000524 seconds
2023-04-17T10:59:28.011+0530: 2769.875: Total time for which application threads were stopped: 0.0002246 seconds, Stopping threads took: 0.0000804 seconds
2023-04-17T10:59:28.013+0530: 2769.876: Total time for which application threads were stopped: 0.0001329 seconds, Stopping threads took: 0.0000271 seconds
2023-04-17T11:00:44.614+0530: 2846.478: Total time for which application threads were stopped: 0.0000961 seconds, Stopping threads took: 0.0000306 seconds
2023-04-17T11:00:44.614+0530: 2846.478: Total time for which application threads were stopped: 0.0000582 seconds, Stopping threads took: 0.0000118 seconds
2023-04-17T11:00:44.615+0530: 2846.478: Total time for which application threads were stopped: 0.0000985 seconds, Stopping threads took: 0.0000272 seconds
2023-04-17T11:00:44.616+0530: 2846.480: Total time for which application threads were stopped: 0.0000863 seconds, Stopping threads took: 0.0000402 seconds
2023-04-17T11:00:44.617+0530: 2846.480: Total time for which application threads were stopped: 0.0001006 seconds, Stopping threads took: 0.0000495 seconds
2023-04-17T11:00:45.617+0530: 2847.480: Total time for which application threads were stopped: 0.0001923 seconds, Stopping threads took: 0.0000450 seconds
2023-04-17T11:02:14.730+0530: 2936.594: Total time for which application threads were stopped: 0.0002308 seconds, Stopping threads took: 0.0001393 seconds
2023-04-17T11:02:14.731+0530: 2936.594: Total time for which application threads were stopped: 0.0000800 seconds, Stopping threads took: 0.0000225 seconds
2023-04-17T11:02:14.731+0530: 2936.594: Total time for which application threads were stopped: 0.0000839 seconds, Stopping threads took: 0.0000409 seconds
2023-04-17T11:02:14.731+0530: 2936.594: Total time for which application threads were stopped: 0.0000933 seconds, Stopping threads took: 0.0000599 seconds
2023-04-17T11:02:14.732+0530: 2936.595: Total time for which application threads were stopped: 0.0000707 seconds, Stopping threads took: 0.0000335 seconds
2023-04-17T11:02:14.734+0530: 2936.598: Total time for which application threads were stopped: 0.0001360 seconds, Stopping threads took: 0.0000667 seconds
2023-04-17T11:02:14.735+0530: 2936.598: Total time for which application threads were stopped: 0.0001723 seconds, Stopping threads took: 0.0000975 seconds
2023-04-17T11:03:04.744+0530: 2986.607: Total time for which application threads were stopped: 0.0002495 seconds, Stopping threads took: 0.0000921 seconds
2023-04-17T11:03:38.725+0530: 3020.588: Total time for which application threads were stopped: 0.0002557 seconds, Stopping threads took: 0.0000462 seconds
2023-04-17T11:03:38.725+0530: 3020.588: Total time for which application threads were stopped: 0.0000801 seconds, Stopping threads took: 0.0000224 seconds
2023-04-17T11:03:38.725+0530: 3020.589: Total time for which application threads were stopped: 0.0000740 seconds, Stopping threads took: 0.0000153 seconds
2023-04-17T11:03:38.726+0530: 3020.590: Total time for which application threads were stopped: 0.0000711 seconds, Stopping threads took: 0.0000177 seconds
2023-04-17T11:03:38.728+0530: 3020.591: Total time for which application threads were stopped: 0.0001331 seconds, Stopping threads took: 0.0000486 seconds
2023-04-17T11:03:38.728+0530: 3020.591: Total time for which application threads were stopped: 0.0000816 seconds, Stopping threads took: 0.0000358 seconds
2023-04-17T11:04:26.739+0530: 3068.603: Total time for which application threads were stopped: 0.0001088 seconds, Stopping threads took: 0.0000321 seconds
2023-04-17T11:04:26.740+0530: 3068.603: Total time for which application threads were stopped: 0.0000383 seconds, Stopping threads took: 0.0000065 seconds
2023-04-17T11:04:26.740+0530: 3068.603: Total time for which application threads were stopped: 0.0000291 seconds, Stopping threads took: 0.0000052 seconds
2023-04-17T11:04:26.887+0530: 3068.751: Total time for which application threads were stopped: 0.0001093 seconds, Stopping threads took: 0.0000219 seconds
2023-04-17T11:04:26.887+0530: 3068.751: Total time for which application threads were stopped: 0.0000627 seconds, Stopping threads took: 0.0000211 seconds
2023-04-17T11:04:26.887+0530: 3068.751: Total time for which application threads were stopped: 0.0000391 seconds, Stopping threads took: 0.0000073 seconds
2023-04-17T11:04:26.887+0530: 3068.751: Total time for which application threads were stopped: 0.0000351 seconds, Stopping threads took: 0.0000072 seconds
2023-04-17T11:04:26.887+0530: 3068.751: Total time for which application threads were stopped: 0.0000341 seconds, Stopping threads took: 0.0000075 seconds
2023-04-17T11:04:26.889+0530: 3068.752: Total time for which application threads were stopped: 0.0001013 seconds, Stopping threads took: 0.0000460 seconds
2023-04-17T11:04:26.889+0530: 3068.752: Total time for which application threads were stopped: 0.0000576 seconds, Stopping threads took: 0.0000176 seconds
2023-04-17T11:04:26.889+0530: 3068.752: Total time for which application threads were stopped: 0.0000505 seconds, Stopping threads took: 0.0000164 seconds
2023-04-17T11:04:26.889+0530: 3068.752: Total time for which application threads were stopped: 0.0000529 seconds, Stopping threads took: 0.0000161 seconds
2023-04-17T11:04:26.889+0530: 3068.752: Total time for which application threads were stopped: 0.0000489 seconds, Stopping threads took: 0.0000124 seconds
2023-04-17T11:04:27.889+0530: 3069.753: Total time for which application threads were stopped: 0.0002582 seconds, Stopping threads took: 0.0000524 seconds
2023-04-17T11:04:30.832+0530: 3072.695: Total time for which application threads were stopped: 0.0002137 seconds, Stopping threads took: 0.0000991 seconds
2023-04-17T11:04:30.832+0530: 3072.696: Total time for which application threads were stopped: 0.0000979 seconds, Stopping threads took: 0.0000252 seconds
2023-04-17T11:04:30.833+0530: 3072.696: Total time for which application threads were stopped: 0.0000952 seconds, Stopping threads took: 0.0000372 seconds
2023-04-17T11:04:30.833+0530: 3072.696: Total time for which application threads were stopped: 0.0001303 seconds, Stopping threads took: 0.0000633 seconds
2023-04-17T11:04:30.833+0530: 3072.696: Total time for which application threads were stopped: 0.0001774 seconds, Stopping threads took: 0.0000832 seconds
2023-04-17T11:04:30.833+0530: 3072.697: Total time for which application threads were stopped: 0.0001510 seconds, Stopping threads took: 0.0000790 seconds
2023-04-17T11:04:30.834+0530: 3072.697: Total time for which application threads were stopped: 0.0001097 seconds, Stopping threads took: 0.0000464 seconds
2023-04-17T11:04:30.835+0530: 3072.698: Total time for which application threads were stopped: 0.0001372 seconds, Stopping threads took: 0.0000630 seconds
2023-04-17T11:04:30.835+0530: 3072.699: Total time for which application threads were stopped: 0.0001660 seconds, Stopping threads took: 0.0000668 seconds
2023-04-17T11:04:30.848+0530: 3072.711: Total time for which application threads were stopped: 0.0000803 seconds, Stopping threads took: 0.0000207 seconds
2023-04-17T11:04:30.848+0530: 3072.712: Total time for which application threads were stopped: 0.0000627 seconds, Stopping threads took: 0.0000105 seconds
2023-04-17T11:04:30.849+0530: 3072.712: Total time for which application threads were stopped: 0.0000905 seconds, Stopping threads took: 0.0000557 seconds
2023-04-17T11:04:30.849+0530: 3072.712: Total time for which application threads were stopped: 0.0000701 seconds, Stopping threads took: 0.0000359 seconds
2023-04-17T11:04:30.850+0530: 3072.713: Total time for which application threads were stopped: 0.0001532 seconds, Stopping threads took: 0.0000399 seconds
2023-04-17T11:04:30.850+0530: 3072.714: Total time for which application threads were stopped: 0.0001126 seconds, Stopping threads took: 0.0000272 seconds
2023-04-17T11:04:30.852+0530: 3072.715: Total time for which application threads were stopped: 0.0002594 seconds, Stopping threads took: 0.0000414 seconds
2023-04-17T11:04:30.853+0530: 3072.716: Total time for which application threads were stopped: 0.0001250 seconds, Stopping threads took: 0.0000437 seconds
2023-04-17T11:04:30.853+0530: 3072.716: Total time for which application threads were stopped: 0.0000917 seconds, Stopping threads took: 0.0000240 seconds
2023-04-17T11:04:30.855+0530: 3072.718: Total time for which application threads were stopped: 0.0001086 seconds, Stopping threads took: 0.0000246 seconds
2023-04-17T11:04:30.855+0530: 3072.719: Total time for which application threads were stopped: 0.0000836 seconds, Stopping threads took: 0.0000228 seconds
2023-04-17T11:04:30.856+0530: 3072.720: Total time for which application threads were stopped: 0.0001046 seconds, Stopping threads took: 0.0000182 seconds
2023-04-17T11:04:30.856+0530: 3072.720: Total time for which application threads were stopped: 0.0000995 seconds, Stopping threads took: 0.0000306 seconds
2023-04-17T11:04:30.857+0530: 3072.720: Total time for which application threads were stopped: 0.0000781 seconds, Stopping threads took: 0.0000156 seconds
2023-04-17T11:04:30.857+0530: 3072.720: Total time for which application threads were stopped: 0.0000760 seconds, Stopping threads took: 0.0000232 seconds
2023-04-17T11:04:30.857+0530: 3072.720: Total time for which application threads were stopped: 0.0000564 seconds, Stopping threads took: 0.0000127 seconds
2023-04-17T11:04:30.857+0530: 3072.720: Total time for which application threads were stopped: 0.0000805 seconds, Stopping threads took: 0.0000223 seconds
2023-04-17T11:04:30.857+0530: 3072.720: Total time for which application threads were stopped: 0.0000891 seconds, Stopping threads took: 0.0000181 seconds
2023-04-17T11:04:30.857+0530: 3072.721: Total time for which application threads were stopped: 0.0001668 seconds, Stopping threads took: 0.0000290 seconds
2023-04-17T11:05:20.865+0530: 3122.728: Total time for which application threads were stopped: 0.0002759 seconds, Stopping threads took: 0.0000845 seconds
2023-04-17T11:05:30.857+0530: 3132.721: Total time for which application threads were stopped: 0.0002385 seconds, Stopping threads took: 0.0000823 seconds
2023-04-17T11:05:30.860+0530: 3132.723: Total time for which application threads were stopped: 0.0001863 seconds, Stopping threads took: 0.0000448 seconds
2023-04-17T11:06:10.856+0530: 3172.720: Total time for which application threads were stopped: 0.0002088 seconds, Stopping threads took: 0.0000745 seconds
2023-04-17T11:08:17.410+0530: 3299.273: Total time for which application threads were stopped: 0.0000961 seconds, Stopping threads took: 0.0000310 seconds
2023-04-17T11:08:17.410+0530: 3299.274: Total time for which application threads were stopped: 0.0000457 seconds, Stopping threads took: 0.0000098 seconds
2023-04-17T11:08:17.411+0530: 3299.274: Total time for which application threads were stopped: 0.0000450 seconds, Stopping threads took: 0.0000095 seconds
2023-04-17T11:08:17.413+0530: 3299.276: Total time for which application threads were stopped: 0.0001423 seconds, Stopping threads took: 0.0000715 seconds
2023-04-17T11:08:17.413+0530: 3299.276: Total time for which application threads were stopped: 0.0000831 seconds, Stopping threads took: 0.0000221 seconds
2023-04-17T11:08:17.413+0530: 3299.276: Total time for which application threads were stopped: 0.0000683 seconds, Stopping threads took: 0.0000142 seconds
2023-04-17T11:08:33.195+0530: 3315.058: Total time for which application threads were stopped: 0.0001110 seconds, Stopping threads took: 0.0000388 seconds
2023-04-17T11:08:33.195+0530: 3315.058: Total time for which application threads were stopped: 0.0000537 seconds, Stopping threads took: 0.0000121 seconds
2023-04-17T11:08:33.197+0530: 3315.060: Total time for which application threads were stopped: 0.0000836 seconds, Stopping threads took: 0.0000152 seconds
2023-04-17T11:09:57.414+0530: 3399.277: Total time for which application threads were stopped: 0.0002892 seconds, Stopping threads took: 0.0000948 seconds
2023-04-17T11:10:13.198+0530: 3415.061: Total time for which application threads were stopped: 0.0002279 seconds, Stopping threads took: 0.0000777 seconds
2023-04-17T11:14:19.237+0530: 3661.101: Total time for which application threads were stopped: 0.0002220 seconds, Stopping threads took: 0.0000843 seconds
2023-04-17T11:15:19.249+0530: 3721.113: Total time for which application threads were stopped: 0.0002412 seconds, Stopping threads took: 0.0001045 seconds
2023-04-17T11:16:08.126+0530: 3769.989: Total time for which application threads were stopped: 0.0001118 seconds, Stopping threads took: 0.0000441 seconds
2023-04-17T11:16:08.126+0530: 3769.989: Total time for which application threads were stopped: 0.0000412 seconds, Stopping threads took: 0.0000112 seconds
2023-04-17T11:16:08.126+0530: 3769.989: Total time for which application threads were stopped: 0.0000404 seconds, Stopping threads took: 0.0000131 seconds
2023-04-17T11:16:08.126+0530: 3769.990: Total time for which application threads were stopped: 0.0000422 seconds, Stopping threads took: 0.0000077 seconds
2023-04-17T11:16:08.128+0530: 3769.991: Total time for which application threads were stopped: 0.0001735 seconds, Stopping threads took: 0.0001185 seconds
2023-04-17T11:16:08.128+0530: 3769.991: Total time for which application threads were stopped: 0.0000852 seconds, Stopping threads took: 0.0000333 seconds
2023-04-17T11:16:08.128+0530: 3769.991: Total time for which application threads were stopped: 0.0000795 seconds, Stopping threads took: 0.0000358 seconds
2023-04-17T11:17:48.129+0530: 3869.993: Total time for which application threads were stopped: 0.0002899 seconds, Stopping threads took: 0.0001005 seconds
2023-04-17T11:17:48.130+0530: 3869.993: Total time for which application threads were stopped: 0.0001470 seconds, Stopping threads took: 0.0000313 seconds
2023-04-17T11:19:49.153+0530: 3991.016: Total time for which application threads were stopped: 0.0002323 seconds, Stopping threads took: 0.0000908 seconds
2023-04-17T11:22:14.648+0530: 4136.512: Total time for which application threads were stopped: 0.0002795 seconds, Stopping threads took: 0.0000867 seconds
2023-04-17T11:22:14.649+0530: 4136.512: Total time for which application threads were stopped: 0.0003366 seconds, Stopping threads took: 0.0000302 seconds
2023-04-17T11:22:14.650+0530: 4136.514: Total time for which application threads were stopped: 0.0003693 seconds, Stopping threads took: 0.0002305 seconds
2023-04-17T11:22:14.652+0530: 4136.515: Total time for which application threads were stopped: 0.0005861 seconds, Stopping threads took: 0.0004566 seconds
2023-04-17T11:22:15.652+0530: 4137.516: Total time for which application threads were stopped: 0.0000844 seconds, Stopping threads took: 0.0000225 seconds
2023-04-17T11:22:57.909+0530: 4179.772: Total time for which application threads were stopped: 0.0001049 seconds, Stopping threads took: 0.0000342 seconds
2023-04-17T11:22:57.909+0530: 4179.772: Total time for which application threads were stopped: 0.0000582 seconds, Stopping threads took: 0.0000111 seconds
2023-04-17T11:22:57.910+0530: 4179.773: Total time for which application threads were stopped: 0.0000579 seconds, Stopping threads took: 0.0000102 seconds
2023-04-17T11:22:57.910+0530: 4179.774: Total time for which application threads were stopped: 0.0000592 seconds, Stopping threads took: 0.0000103 seconds
2023-04-17T11:22:57.910+0530: 4179.774: Total time for which application threads were stopped: 0.0001005 seconds, Stopping threads took: 0.0000488 seconds
2023-04-17T11:22:57.914+0530: 4179.778: Total time for which application threads were stopped: 0.0000869 seconds, Stopping threads took: 0.0000213 seconds
2023-04-17T11:23:21.627+0530: 4203.491: Total time for which application threads were stopped: 0.0003553 seconds, Stopping threads took: 0.0001918 seconds
2023-04-17T11:24:05.634+0530: 4247.497: Total time for which application threads were stopped: 0.0002536 seconds, Stopping threads took: 0.0000793 seconds
2023-04-17T11:24:35.638+0530: 4277.502: Total time for which application threads were stopped: 0.0002213 seconds, Stopping threads took: 0.0000833 seconds
2023-04-17T11:25:13.644+0530: 4315.508: Total time for which application threads were stopped: 0.0002100 seconds, Stopping threads took: 0.0000735 seconds
2023-04-17T11:25:28.426+0530: 4330.289: Total time for which application threads were stopped: 0.0002201 seconds, Stopping threads took: 0.0000757 seconds
2023-04-17T11:25:28.426+0530: 4330.290: Total time for which application threads were stopped: 0.0002240 seconds, Stopping threads took: 0.0001018 seconds
2023-04-17T11:25:28.427+0530: 4330.291: Total time for which application threads were stopped: 0.0002328 seconds, Stopping threads took: 0.0001476 seconds
2023-04-17T11:25:28.428+0530: 4330.291: Total time for which application threads were stopped: 0.0001694 seconds, Stopping threads took: 0.0000934 seconds
2023-04-17T11:25:28.428+0530: 4330.292: Total time for which application threads were stopped: 0.0001502 seconds, Stopping threads took: 0.0000592 seconds
2023-04-17T11:25:28.430+0530: 4330.293: Total time for which application threads were stopped: 0.0001912 seconds, Stopping threads took: 0.0001106 seconds
2023-04-17T11:25:28.430+0530: 4330.294: Total time for which application threads were stopped: 0.0000861 seconds, Stopping threads took: 0.0000288 seconds
2023-04-17T11:25:28.431+0530: 4330.295: Total time for which application threads were stopped: 0.0001894 seconds, Stopping threads took: 0.0000985 seconds
2023-04-17T11:25:28.432+0530: 4330.295: Total time for which application threads were stopped: 0.0001840 seconds, Stopping threads took: 0.0000914 seconds
2023-04-17T11:25:28.437+0530: 4330.300: Total time for which application threads were stopped: 0.0001133 seconds, Stopping threads took: 0.0000295 seconds
2023-04-17T11:25:28.437+0530: 4330.300: Total time for which application threads were stopped: 0.0000804 seconds, Stopping threads took: 0.0000154 seconds
2023-04-17T11:25:28.437+0530: 4330.300: Total time for which application threads were stopped: 0.0000762 seconds, Stopping threads took: 0.0000153 seconds
2023-04-17T11:25:28.437+0530: 4330.301: Total time for which application threads were stopped: 0.0000805 seconds, Stopping threads took: 0.0000181 seconds
2023-04-17T11:25:28.438+0530: 4330.301: Total time for which application threads were stopped: 0.0001363 seconds, Stopping threads took: 0.0000510 seconds
2023-04-17T11:25:28.439+0530: 4330.303: Total time for which application threads were stopped: 0.0001262 seconds, Stopping threads took: 0.0000347 seconds
2023-04-17T11:25:28.439+0530: 4330.303: Total time for which application threads were stopped: 0.0000687 seconds, Stopping threads took: 0.0000245 seconds
2023-04-17T11:25:28.439+0530: 4330.303: Total time for which application threads were stopped: 0.0000535 seconds, Stopping threads took: 0.0000181 seconds
2023-04-17T11:25:28.440+0530: 4330.303: Total time for which application threads were stopped: 0.0000570 seconds, Stopping threads took: 0.0000210 seconds
2023-04-17T11:25:28.440+0530: 4330.303: Total time for which application threads were stopped: 0.0000550 seconds, Stopping threads took: 0.0000161 seconds
2023-04-17T11:25:29.440+0530: 4331.303: Total time for which application threads were stopped: 0.0002838 seconds, Stopping threads took: 0.0001302 seconds
2023-04-17T11:25:31.335+0530: 4333.198: Total time for which application threads were stopped: 0.0002346 seconds, Stopping threads took: 0.0000512 seconds
2023-04-17T11:25:31.336+0530: 4333.199: Total time for which application threads were stopped: 0.0001876 seconds, Stopping threads took: 0.0000409 seconds
2023-04-17T11:25:31.337+0530: 4333.201: Total time for which application threads were stopped: 0.0002234 seconds, Stopping threads took: 0.0000541 seconds
2023-04-17T11:25:36.338+0530: 4338.201: Total time for which application threads were stopped: 0.0001033 seconds, Stopping threads took: 0.0000374 seconds
2023-04-17T11:26:28.438+0530: 4390.302: Total time for which application threads were stopped: 0.0002346 seconds, Stopping threads took: 0.0000845 seconds
2023-04-17T11:26:28.440+0530: 4390.304: Total time for which application threads were stopped: 0.0001878 seconds, Stopping threads took: 0.0000423 seconds
2023-04-17T11:26:40.574+0530: 4402.438: Total time for which application threads were stopped: 0.0003111 seconds, Stopping threads took: 0.0001015 seconds
2023-04-17T11:26:40.575+0530: 4402.439: Total time for which application threads were stopped: 0.0002962 seconds, Stopping threads took: 0.0001028 seconds
2023-04-17T11:26:40.576+0530: 4402.439: Total time for which application threads were stopped: 0.0005149 seconds, Stopping threads took: 0.0001832 seconds
2023-04-17T11:26:40.577+0530: 4402.440: Total time for which application threads were stopped: 0.0002751 seconds, Stopping threads took: 0.0001684 seconds
2023-04-17T11:26:40.578+0530: 4402.441: Total time for which application threads were stopped: 0.0001669 seconds, Stopping threads took: 0.0000313 seconds
2023-04-17T11:26:40.581+0530: 4402.444: Total time for which application threads were stopped: 0.0002068 seconds, Stopping threads took: 0.0000532 seconds
2023-04-17T11:26:41.581+0530: 4403.444: Total time for which application threads were stopped: 0.0002479 seconds, Stopping threads took: 0.0000506 seconds
2023-04-17T11:26:49.582+0530: 4411.446: Total time for which application threads were stopped: 0.0002200 seconds, Stopping threads took: 0.0000811 seconds
2023-04-17T11:27:00.586+0530: 4422.450: Total time for which application threads were stopped: 0.0003030 seconds, Stopping threads took: 0.0000937 seconds
2023-04-17T11:27:00.587+0530: 4422.450: Total time for which application threads were stopped: 0.0001639 seconds, Stopping threads took: 0.0000310 seconds
2023-04-17T11:27:00.592+0530: 4422.456: Total time for which application threads were stopped: 0.0004115 seconds, Stopping threads took: 0.0001842 seconds
2023-04-17T11:29:13.615+0530: 4555.478: Total time for which application threads were stopped: 0.0002273 seconds, Stopping threads took: 0.0000747 seconds
2023-04-17T11:29:13.615+0530: 4555.478: Total time for which application threads were stopped: 0.0001398 seconds, Stopping threads took: 0.0000281 seconds
2023-04-17T11:29:13.617+0530: 4555.480: Total time for which application threads were stopped: 0.0002620 seconds, Stopping threads took: 0.0001185 seconds
2023-04-17T11:30:53.622+0530: 4655.485: Total time for which application threads were stopped: 0.0002543 seconds, Stopping threads took: 0.0000997 seconds
2023-04-17T11:31:51.876+0530: 4713.739: Total time for which application threads were stopped: 0.0001172 seconds, Stopping threads took: 0.0000330 seconds
2023-04-17T11:31:51.876+0530: 4713.739: Total time for which application threads were stopped: 0.0000594 seconds, Stopping threads took: 0.0000103 seconds
2023-04-17T11:31:51.876+0530: 4713.740: Total time for which application threads were stopped: 0.0000626 seconds, Stopping threads took: 0.0000096 seconds
2023-04-17T11:31:51.877+0530: 4713.740: Total time for which application threads were stopped: 0.0000610 seconds, Stopping threads took: 0.0000107 seconds
2023-04-17T11:31:51.878+0530: 4713.742: Total time for which application threads were stopped: 0.0001485 seconds, Stopping threads took: 0.0000659 seconds
2023-04-17T11:31:51.878+0530: 4713.742: Total time for which application threads were stopped: 0.0000811 seconds, Stopping threads took: 0.0000268 seconds
2023-04-17T11:31:52.879+0530: 4714.742: Total time for which application threads were stopped: 0.0002566 seconds, Stopping threads took: 0.0000915 seconds
2023-04-17T11:32:13.135+0530: 4734.999: Total time for which application threads were stopped: 0.0001126 seconds, Stopping threads took: 0.0000336 seconds
2023-04-17T11:32:13.136+0530: 4734.999: Total time for which application threads were stopped: 0.0000646 seconds, Stopping threads took: 0.0000123 seconds
2023-04-17T11:32:13.139+0530: 4735.002: Total time for which application threads were stopped: 0.0000871 seconds, Stopping threads took: 0.0000226 seconds
2023-04-17T11:33:31.880+0530: 4813.743: Total time for which application threads were stopped: 0.0003666 seconds, Stopping threads took: 0.0002134 seconds
2023-04-17T11:33:32.880+0530: 4814.743: Total time for which application threads were stopped: 0.0001858 seconds, Stopping threads took: 0.0000456 seconds
2023-04-17T11:33:53.140+0530: 4835.003: Total time for which application threads were stopped: 0.0002347 seconds, Stopping threads took: 0.0000837 seconds
2023-04-17T11:34:06.142+0530: 4848.006: Total time for which application threads were stopped: 0.0002237 seconds, Stopping threads took: 0.0000814 seconds
2023-04-17T11:34:15.711+0530: 4857.574: Total time for which application threads were stopped: 0.0001384 seconds, Stopping threads took: 0.0000392 seconds
2023-04-17T11:34:15.711+0530: 4857.574: Total time for which application threads were stopped: 0.0000721 seconds, Stopping threads took: 0.0000129 seconds
2023-04-17T11:34:15.711+0530: 4857.574: Total time for which application threads were stopped: 0.0000582 seconds, Stopping threads took: 0.0000103 seconds
2023-04-17T11:34:15.712+0530: 4857.575: Total time for which application threads were stopped: 0.0000694 seconds, Stopping threads took: 0.0000121 seconds
2023-04-17T11:34:15.714+0530: 4857.577: Total time for which application threads were stopped: 0.0002926 seconds, Stopping threads took: 0.0000891 seconds
2023-04-17T11:34:15.719+0530: 4857.582: Total time for which application threads were stopped: 0.0001079 seconds, Stopping threads took: 0.0000189 seconds
2023-04-17T11:34:15.719+0530: 4857.582: Total time for which application threads were stopped: 0.0000781 seconds, Stopping threads took: 0.0000155 seconds
2023-04-17T11:34:47.519+0530: 4889.383: Total time for which application threads were stopped: 0.0001136 seconds, Stopping threads took: 0.0000403 seconds
2023-04-17T11:34:47.520+0530: 4889.383: Total time for which application threads were stopped: 0.0001626 seconds, Stopping threads took: 0.0001066 seconds
2023-04-17T11:34:47.523+0530: 4889.386: Total time for which application threads were stopped: 0.0000962 seconds, Stopping threads took: 0.0000240 seconds
2023-04-17T11:35:05.714+0530: 4907.578: Total time for which application threads were stopped: 0.0002440 seconds, Stopping threads took: 0.0000866 seconds
2023-04-17T11:35:32.322+0530: 4934.186: Total time for which application threads were stopped: 0.0001412 seconds, Stopping threads took: 0.0000654 seconds
2023-04-17T11:35:32.323+0530: 4934.186: Total time for which application threads were stopped: 0.0000849 seconds, Stopping threads took: 0.0000246 seconds
2023-04-17T11:35:32.323+0530: 4934.186: Total time for which application threads were stopped: 0.0000692 seconds, Stopping threads took: 0.0000348 seconds
2023-04-17T11:35:33.323+0530: 4935.186: Total time for which application threads were stopped: 0.0002120 seconds, Stopping threads took: 0.0000513 seconds
2023-04-17T11:36:07.329+0530: 4969.193: Total time for which application threads were stopped: 0.0002342 seconds, Stopping threads took: 0.0000710 seconds
2023-04-17T11:36:19.332+0530: 4981.195: Total time for which application threads were stopped: 0.0002308 seconds, Stopping threads took: 0.0000874 seconds
2023-04-17T11:37:06.339+0530: 5028.203: Total time for which application threads were stopped: 0.0002954 seconds, Stopping threads took: 0.0000847 seconds
2023-04-17T11:37:12.324+0530: 5034.187: Total time for which application threads were stopped: 0.0002347 seconds, Stopping threads took: 0.0000768 seconds
2023-04-17T11:49:26.630+0530: 5768.493: Total time for which application threads were stopped: 0.0000866 seconds, Stopping threads took: 0.0000249 seconds
2023-04-17T11:49:26.630+0530: 5768.493: Total time for which application threads were stopped: 0.0000496 seconds, Stopping threads took: 0.0000094 seconds
2023-04-17T11:49:26.631+0530: 5768.494: Total time for which application threads were stopped: 0.0000815 seconds, Stopping threads took: 0.0000184 seconds
2023-04-17T11:49:26.632+0530: 5768.496: Total time for which application threads were stopped: 0.0000778 seconds, Stopping threads took: 0.0000159 seconds
2023-04-17T11:49:26.633+0530: 5768.496: Total time for which application threads were stopped: 0.0000516 seconds, Stopping threads took: 0.0000111 seconds
2023-04-17T11:49:26.633+0530: 5768.496: Total time for which application threads were stopped: 0.0000577 seconds, Stopping threads took: 0.0000115 seconds
2023-04-17T11:49:26.634+0530: 5768.497: Total time for which application threads were stopped: 0.0000851 seconds, Stopping threads took: 0.0000321 seconds
2023-04-17T11:49:26.634+0530: 5768.497: Total time for which application threads were stopped: 0.0000696 seconds, Stopping threads took: 0.0000147 seconds
2023-04-17T11:49:26.635+0530: 5768.499: Total time for which application threads were stopped: 0.0000655 seconds, Stopping threads took: 0.0000129 seconds
2023-04-17T11:49:26.761+0530: 5768.624: Total time for which application threads were stopped: 0.0000951 seconds, Stopping threads took: 0.0000237 seconds
2023-04-17T11:49:26.761+0530: 5768.624: Total time for which application threads were stopped: 0.0000674 seconds, Stopping threads took: 0.0000117 seconds
2023-04-17T11:49:26.761+0530: 5768.624: Total time for which application threads were stopped: 0.0000456 seconds, Stopping threads took: 0.0000117 seconds
2023-04-17T11:49:26.761+0530: 5768.624: Total time for which application threads were stopped: 0.0000537 seconds, Stopping threads took: 0.0000195 seconds
2023-04-17T11:49:26.761+0530: 5768.625: Total time for which application threads were stopped: 0.0000626 seconds, Stopping threads took: 0.0000300 seconds
2023-04-17T11:49:26.762+0530: 5768.626: Total time for which application threads were stopped: 0.0001032 seconds, Stopping threads took: 0.0000263 seconds
2023-04-17T11:49:26.762+0530: 5768.626: Total time for which application threads were stopped: 0.0000617 seconds, Stopping threads took: 0.0000143 seconds
2023-04-17T11:49:26.763+0530: 5768.626: Total time for which application threads were stopped: 0.0000886 seconds, Stopping threads took: 0.0000227 seconds
2023-04-17T11:49:26.763+0530: 5768.626: Total time for which application threads were stopped: 0.0000768 seconds, Stopping threads took: 0.0000156 seconds
2023-04-17T11:49:26.763+0530: 5768.626: Total time for which application threads were stopped: 0.0001877 seconds, Stopping threads took: 0.0000239 seconds
2023-04-17T11:49:27.763+0530: 5769.627: Total time for which application threads were stopped: 0.0003092 seconds, Stopping threads took: 0.0000961 seconds
2023-04-17T11:49:31.982+0530: 5773.845: Total time for which application threads were stopped: 0.0001629 seconds, Stopping threads took: 0.0000513 seconds
2023-04-17T11:49:31.982+0530: 5773.845: Total time for which application threads were stopped: 0.0000840 seconds, Stopping threads took: 0.0000145 seconds
2023-04-17T11:49:31.983+0530: 5773.846: Total time for which application threads were stopped: 0.0001715 seconds, Stopping threads took: 0.0000664 seconds
2023-04-17T11:49:31.983+0530: 5773.847: Total time for which application threads were stopped: 0.0001741 seconds, Stopping threads took: 0.0000800 seconds
2023-04-17T11:49:31.997+0530: 5773.860: Total time for which application threads were stopped: 0.0000781 seconds, Stopping threads took: 0.0000183 seconds
2023-04-17T11:49:31.997+0530: 5773.861: Total time for which application threads were stopped: 0.0001201 seconds, Stopping threads took: 0.0000105 seconds
2023-04-17T11:49:31.998+0530: 5773.861: Total time for which application threads were stopped: 0.0000639 seconds, Stopping threads took: 0.0000252 seconds
2023-04-17T11:49:31.998+0530: 5773.862: Total time for which application threads were stopped: 0.0000772 seconds, Stopping threads took: 0.0000164 seconds
2023-04-17T11:49:31.999+0530: 5773.862: Total time for which application threads were stopped: 0.0000926 seconds, Stopping threads took: 0.0000308 seconds
2023-04-17T11:49:32.002+0530: 5773.865: Total time for which application threads were stopped: 0.0002599 seconds, Stopping threads took: 0.0001952 seconds
2023-04-17T11:49:32.002+0530: 5773.865: Total time for which application threads were stopped: 0.0000720 seconds, Stopping threads took: 0.0000272 seconds
2023-04-17T11:49:32.004+0530: 5773.867: Total time for which application threads were stopped: 0.0001463 seconds, Stopping threads took: 0.0000273 seconds
2023-04-17T11:49:32.004+0530: 5773.868: Total time for which application threads were stopped: 0.0001498 seconds, Stopping threads took: 0.0000766 seconds
2023-04-17T11:49:32.004+0530: 5773.868: Total time for which application threads were stopped: 0.0001091 seconds, Stopping threads took: 0.0000411 seconds
2023-04-17T11:49:32.005+0530: 5773.868: Total time for which application threads were stopped: 0.0001037 seconds, Stopping threads took: 0.0000454 seconds
2023-04-17T11:49:32.005+0530: 5773.868: Total time for which application threads were stopped: 0.0001032 seconds, Stopping threads took: 0.0000369 seconds
2023-04-17T11:49:32.006+0530: 5773.869: Total time for which application threads were stopped: 0.0000971 seconds, Stopping threads took: 0.0000406 seconds
2023-04-17T11:49:32.006+0530: 5773.869: Total time for which application threads were stopped: 0.0000631 seconds, Stopping threads took: 0.0000213 seconds
2023-04-17T11:49:32.006+0530: 5773.869: Total time for which application threads were stopped: 0.0000489 seconds, Stopping threads took: 0.0000185 seconds
2023-04-17T11:49:32.006+0530: 5773.869: Total time for which application threads were stopped: 0.0000950 seconds, Stopping threads took: 0.0000224 seconds
2023-04-17T11:49:32.006+0530: 5773.870: Total time for which application threads were stopped: 0.0000530 seconds, Stopping threads took: 0.0000195 seconds
2023-04-17T11:50:18.013+0530: 5819.876: Total time for which application threads were stopped: 0.0002904 seconds, Stopping threads took: 0.0000525 seconds
2023-04-17T11:50:26.762+0530: 5828.625: Total time for which application threads were stopped: 0.0002475 seconds, Stopping threads took: 0.0000860 seconds
2023-04-17T11:50:32.007+0530: 5833.870: Total time for which application threads were stopped: 0.0002440 seconds, Stopping threads took: 0.0000855 seconds
2023-04-17T11:50:48.899+0530: 5850.762: Total time for which application threads were stopped: 0.0003468 seconds, Stopping threads took: 0.0001656 seconds
2023-04-17T11:50:48.912+0530: 5850.775: Total time for which application threads were stopped: 0.0002450 seconds, Stopping threads took: 0.0000993 seconds
2023-04-17T11:50:48.912+0530: 5850.775: Total time for which application threads were stopped: 0.0000908 seconds, Stopping threads took: 0.0000347 seconds
2023-04-17T11:50:48.912+0530: 5850.776: Total time for which application threads were stopped: 0.0000755 seconds, Stopping threads took: 0.0000247 seconds
2023-04-17T11:50:48.912+0530: 5850.776: Total time for which application threads were stopped: 0.0000938 seconds, Stopping threads took: 0.0000342 seconds
2023-04-17T11:50:48.913+0530: 5850.776: Total time for which application threads were stopped: 0.0001955 seconds, Stopping threads took: 0.0000216 seconds
2023-04-17T11:50:48.916+0530: 5850.779: Total time for which application threads were stopped: 0.0002499 seconds, Stopping threads took: 0.0001287 seconds
2023-04-17T11:50:48.916+0530: 5850.779: Total time for which application threads were stopped: 0.0000728 seconds, Stopping threads took: 0.0000199 seconds
2023-04-17T11:50:48.916+0530: 5850.780: Total time for which application threads were stopped: 0.0001105 seconds, Stopping threads took: 0.0000328 seconds
2023-04-17T11:50:48.917+0530: 5850.780: Total time for which application threads were stopped: 0.0001414 seconds, Stopping threads took: 0.0000474 seconds
2023-04-17T11:50:48.919+0530: 5850.783: Total time for which application threads were stopped: 0.0001385 seconds, Stopping threads took: 0.0000484 seconds
2023-04-17T11:50:48.919+0530: 5850.783: Total time for which application threads were stopped: 0.0000675 seconds, Stopping threads took: 0.0000146 seconds
2023-04-17T11:50:48.921+0530: 5850.784: Total time for which application threads were stopped: 0.0001491 seconds, Stopping threads took: 0.0000335 seconds
2023-04-17T11:50:48.921+0530: 5850.784: Total time for which application threads were stopped: 0.0001012 seconds, Stopping threads took: 0.0000153 seconds
2023-04-17T11:50:48.921+0530: 5850.785: Total time for which application threads were stopped: 0.0001101 seconds, Stopping threads took: 0.0000251 seconds
2023-04-17T11:50:48.921+0530: 5850.785: Total time for which application threads were stopped: 0.0000680 seconds, Stopping threads took: 0.0000131 seconds
2023-04-17T11:50:48.922+0530: 5850.785: Total time for which application threads were stopped: 0.0000964 seconds, Stopping threads took: 0.0000259 seconds
2023-04-17T11:50:48.923+0530: 5850.787: Total time for which application threads were stopped: 0.0001756 seconds, Stopping threads took: 0.0000430 seconds
2023-04-17T11:50:48.924+0530: 5850.787: Total time for which application threads were stopped: 0.0001180 seconds, Stopping threads took: 0.0000196 seconds
2023-04-17T11:50:48.924+0530: 5850.787: Total time for which application threads were stopped: 0.0000648 seconds, Stopping threads took: 0.0000214 seconds
2023-04-17T11:50:48.924+0530: 5850.787: Total time for which application threads were stopped: 0.0000571 seconds, Stopping threads took: 0.0000166 seconds
2023-04-17T11:50:48.924+0530: 5850.787: Total time for which application threads were stopped: 0.0001060 seconds, Stopping threads took: 0.0000205 seconds
2023-04-17T11:50:48.924+0530: 5850.787: Total time for which application threads were stopped: 0.0000516 seconds, Stopping threads took: 0.0000158 seconds
2023-04-17T11:50:49.924+0530: 5851.787: Total time for which application threads were stopped: 0.0000787 seconds, Stopping threads took: 0.0000198 seconds
2023-04-17T11:50:52.235+0530: 5854.098: Total time for which application threads were stopped: 0.0003259 seconds, Stopping threads took: 0.0000853 seconds
2023-04-17T11:50:52.236+0530: 5854.099: Total time for which application threads were stopped: 0.0003073 seconds, Stopping threads took: 0.0000609 seconds
2023-04-17T11:50:52.236+0530: 5854.100: Total time for which application threads were stopped: 0.0002201 seconds, Stopping threads took: 0.0000774 seconds
2023-04-17T11:50:52.238+0530: 5854.102: Total time for which application threads were stopped: 0.0003414 seconds, Stopping threads took: 0.0001404 seconds
2023-04-17T11:50:54.239+0530: 5856.102: Total time for which application threads were stopped: 0.0002732 seconds, Stopping threads took: 0.0000975 seconds
2023-04-17T11:51:37.699+0530: 5899.562: Total time for which application threads were stopped: 0.0000917 seconds, Stopping threads took: 0.0000262 seconds
2023-04-17T11:51:38.699+0530: 5900.563: Total time for which application threads were stopped: 0.0002429 seconds, Stopping threads took: 0.0000498 seconds
2023-04-17T11:51:46.954+0530: 5908.817: Total time for which application threads were stopped: 0.0002651 seconds, Stopping threads took: 0.0000499 seconds
2023-04-17T11:51:48.922+0530: 5910.786: Total time for which application threads were stopped: 0.0001971 seconds, Stopping threads took: 0.0000447 seconds
2023-04-17T11:51:48.924+0530: 5910.788: Total time for which application threads were stopped: 0.0001418 seconds, Stopping threads took: 0.0000277 seconds
2023-04-17T11:52:26.264+0530: 5948.127: Total time for which application threads were stopped: 0.0002972 seconds, Stopping threads took: 0.0000878 seconds
2023-04-17T11:52:34.156+0530: 5956.019: Total time for which application threads were stopped: 0.0003261 seconds, Stopping threads took: 0.0001814 seconds
2023-04-17T11:52:34.156+0530: 5956.019: Total time for which application threads were stopped: 0.0001545 seconds, Stopping threads took: 0.0000661 seconds
2023-04-17T11:52:34.157+0530: 5956.020: Total time for which application threads were stopped: 0.0001157 seconds, Stopping threads took: 0.0000320 seconds
2023-04-17T11:52:34.158+0530: 5956.021: Total time for which application threads were stopped: 0.0002147 seconds, Stopping threads took: 0.0000906 seconds
2023-04-17T11:52:34.158+0530: 5956.021: Total time for which application threads were stopped: 0.0001548 seconds, Stopping threads took: 0.0000706 seconds
2023-04-17T11:52:34.158+0530: 5956.022: Total time for which application threads were stopped: 0.0001172 seconds, Stopping threads took: 0.0000299 seconds
2023-04-17T11:52:34.160+0530: 5956.023: Total time for which application threads were stopped: 0.0001853 seconds, Stopping threads took: 0.0000733 seconds
2023-04-17T11:52:34.160+0530: 5956.023: Total time for which application threads were stopped: 0.0001473 seconds, Stopping threads took: 0.0000558 seconds
2023-04-17T11:52:34.160+0530: 5956.024: Total time for which application threads were stopped: 0.0000722 seconds, Stopping threads took: 0.0000142 seconds
2023-04-17T11:52:34.161+0530: 5956.024: Total time for which application threads were stopped: 0.0001080 seconds, Stopping threads took: 0.0000220 seconds
2023-04-17T11:52:34.167+0530: 5956.030: Total time for which application threads were stopped: 0.0001660 seconds, Stopping threads took: 0.0000599 seconds
2023-04-17T11:52:34.167+0530: 5956.030: Total time for which application threads were stopped: 0.0001292 seconds, Stopping threads took: 0.0000456 seconds
2023-04-17T11:52:34.167+0530: 5956.030: Total time for which application threads were stopped: 0.0001122 seconds, Stopping threads took: 0.0000418 seconds
2023-04-17T11:52:34.168+0530: 5956.031: Total time for which application threads were stopped: 0.0003015 seconds, Stopping threads took: 0.0002076 seconds
2023-04-17T11:52:34.168+0530: 5956.031: Total time for which application threads were stopped: 0.0001073 seconds, Stopping threads took: 0.0000343 seconds
2023-04-17T11:52:34.169+0530: 5956.032: Total time for which application threads were stopped: 0.0001251 seconds, Stopping threads took: 0.0000380 seconds
2023-04-17T11:52:34.169+0530: 5956.032: Total time for which application threads were stopped: 0.0000770 seconds, Stopping threads took: 0.0000253 seconds
2023-04-17T11:52:34.169+0530: 5956.032: Total time for which application threads were stopped: 0.0000524 seconds, Stopping threads took: 0.0000187 seconds
2023-04-17T11:52:34.169+0530: 5956.032: Total time for which application threads were stopped: 0.0000515 seconds, Stopping threads took: 0.0000171 seconds
2023-04-17T11:52:34.169+0530: 5956.033: Total time for which application threads were stopped: 0.0000748 seconds, Stopping threads took: 0.0000368 seconds
2023-04-17T11:52:36.077+0530: 5957.941: Total time for which application threads were stopped: 0.0003652 seconds, Stopping threads took: 0.0000471 seconds
2023-04-17T11:52:36.078+0530: 5957.942: Total time for which application threads were stopped: 0.0001832 seconds, Stopping threads took: 0.0000369 seconds
2023-04-17T11:52:36.080+0530: 5957.943: Total time for which application threads were stopped: 0.0001976 seconds, Stopping threads took: 0.0000404 seconds
2023-04-17T11:52:57.085+0530: 5978.949: Total time for which application threads were stopped: 0.0002609 seconds, Stopping threads took: 0.0000663 seconds
2023-04-17T11:52:57.098+0530: 5978.961: Total time for which application threads were stopped: 0.0007384 seconds, Stopping threads took: 0.0000274 seconds
2023-04-17T11:52:58.098+0530: 5979.962: Total time for which application threads were stopped: 0.0001960 seconds, Stopping threads took: 0.0000453 seconds
2023-04-17T11:53:21.102+0530: 6002.965: Total time for which application threads were stopped: 0.0002674 seconds, Stopping threads took: 0.0000971 seconds
2023-04-17T11:53:34.168+0530: 6016.032: Total time for which application threads were stopped: 0.0002133 seconds, Stopping threads took: 0.0000708 seconds
2023-04-17T11:53:34.170+0530: 6016.033: Total time for which application threads were stopped: 0.0001259 seconds, Stopping threads took: 0.0000243 seconds
2023-04-17T11:53:34.491+0530: 6016.354: Total time for which application threads were stopped: 0.0003129 seconds, Stopping threads took: 0.0001073 seconds
2023-04-17T11:53:34.491+0530: 6016.354: Total time for which application threads were stopped: 0.0001870 seconds, Stopping threads took: 0.0000483 seconds
2023-04-17T11:53:34.491+0530: 6016.355: Total time for which application threads were stopped: 0.0001750 seconds, Stopping threads took: 0.0000746 seconds
2023-04-17T11:54:15.953+0530: 6057.816: Total time for which application threads were stopped: 0.0003017 seconds, Stopping threads took: 0.0000926 seconds
2023-04-17T11:54:41.862+0530: 6083.725: Total time for which application threads were stopped: 0.0001958 seconds, Stopping threads took: 0.0000353 seconds
2023-04-17T11:54:41.862+0530: 6083.725: Total time for which application threads were stopped: 0.0000490 seconds, Stopping threads took: 0.0000092 seconds
2023-04-17T11:54:41.862+0530: 6083.726: Total time for which application threads were stopped: 0.0000352 seconds, Stopping threads took: 0.0000068 seconds
2023-04-17T11:54:42.863+0530: 6084.726: Total time for which application threads were stopped: 0.0002153 seconds, Stopping threads took: 0.0000467 seconds
2023-04-17T11:54:59.866+0530: 6101.730: Total time for which application threads were stopped: 0.0002256 seconds, Stopping threads took: 0.0000816 seconds
2023-04-17T11:55:52.581+0530: 6154.444: Total time for which application threads were stopped: 0.0003098 seconds, Stopping threads took: 0.0001470 seconds
2023-04-17T11:55:52.581+0530: 6154.445: Total time for which application threads were stopped: 0.0001695 seconds, Stopping threads took: 0.0000374 seconds
2023-04-17T11:55:53.582+0530: 6155.445: Total time for which application threads were stopped: 0.0001826 seconds, Stopping threads took: 0.0000444 seconds
2023-04-17T11:56:40.833+0530: 6202.696: Total time for which application threads were stopped: 0.0002798 seconds, Stopping threads took: 0.0000894 seconds
2023-04-17T11:56:40.833+0530: 6202.697: Total time for which application threads were stopped: 0.0001837 seconds, Stopping threads took: 0.0000263 seconds
2023-04-17T11:56:40.835+0530: 6202.698: Total time for which application threads were stopped: 0.0003427 seconds, Stopping threads took: 0.0001784 seconds
2023-04-17T11:56:40.838+0530: 6202.701: Total time for which application threads were stopped: 0.0004596 seconds, Stopping threads took: 0.0002525 seconds
2023-04-17T11:56:41.838+0530: 6203.702: Total time for which application threads were stopped: 0.0001963 seconds, Stopping threads took: 0.0000438 seconds
2023-04-17T11:57:31.852+0530: 6253.715: Total time for which application threads were stopped: 0.0002312 seconds, Stopping threads took: 0.0000855 seconds
2023-04-17T11:57:35.373+0530: 6257.237: Total time for which application threads were stopped: 0.0003458 seconds, Stopping threads took: 0.0001267 seconds
2023-04-17T11:57:36.374+0530: 6258.237: Total time for which application threads were stopped: 0.0001931 seconds, Stopping threads took: 0.0000470 seconds
2023-04-17T11:57:50.927+0530: 6272.790: Total time for which application threads were stopped: 0.0000859 seconds, Stopping threads took: 0.0000264 seconds
2023-04-17T11:57:50.927+0530: 6272.791: Total time for which application threads were stopped: 0.0000456 seconds, Stopping threads took: 0.0000090 seconds
2023-04-17T11:57:50.928+0530: 6272.791: Total time for which application threads were stopped: 0.0000771 seconds, Stopping threads took: 0.0000267 seconds
2023-04-17T11:57:51.928+0530: 6273.792: Total time for which application threads were stopped: 0.0002621 seconds, Stopping threads took: 0.0000510 seconds
2023-04-17T11:58:13.900+0530: 6295.764: Total time for which application threads were stopped: 0.0002376 seconds, Stopping threads took: 0.0000733 seconds
2023-04-17T11:58:13.901+0530: 6295.764: Total time for which application threads were stopped: 0.0001489 seconds, Stopping threads took: 0.0000274 seconds
2023-04-17T11:58:13.905+0530: 6295.769: Total time for which application threads were stopped: 0.0002989 seconds, Stopping threads took: 0.0001337 seconds
2023-04-17T11:58:24.004+0530: 6305.867: Total time for which application threads were stopped: 0.0001867 seconds, Stopping threads took: 0.0000863 seconds
2023-04-17T11:58:24.004+0530: 6305.867: Total time for which application threads were stopped: 0.0001473 seconds, Stopping threads took: 0.0000688 seconds
2023-04-17T11:58:24.005+0530: 6305.868: Total time for which application threads were stopped: 0.0001558 seconds, Stopping threads took: 0.0000577 seconds
2023-04-17T11:58:24.007+0530: 6305.870: Total time for which application threads were stopped: 0.0002191 seconds, Stopping threads took: 0.0000943 seconds
2023-04-17T11:58:24.007+0530: 6305.871: Total time for which application threads were stopped: 0.0001368 seconds, Stopping threads took: 0.0000558 seconds
2023-04-17T11:58:24.008+0530: 6305.871: Total time for which application threads were stopped: 0.0001483 seconds, Stopping threads took: 0.0000527 seconds
2023-04-17T11:58:24.009+0530: 6305.872: Total time for which application threads were stopped: 0.0001599 seconds, Stopping threads took: 0.0000538 seconds
2023-04-17T11:58:24.009+0530: 6305.873: Total time for which application threads were stopped: 0.0001535 seconds, Stopping threads took: 0.0000392 seconds
2023-04-17T11:58:24.010+0530: 6305.874: Total time for which application threads were stopped: 0.0001030 seconds, Stopping threads took: 0.0000269 seconds
2023-04-17T11:58:24.013+0530: 6305.876: Total time for which application threads were stopped: 0.0001244 seconds, Stopping threads took: 0.0000294 seconds
2023-04-17T11:58:24.013+0530: 6305.876: Total time for which application threads were stopped: 0.0000919 seconds, Stopping threads took: 0.0000283 seconds
2023-04-17T11:58:24.013+0530: 6305.876: Total time for which application threads were stopped: 0.0000723 seconds, Stopping threads took: 0.0000265 seconds
2023-04-17T11:58:24.013+0530: 6305.877: Total time for which application threads were stopped: 0.0001131 seconds, Stopping threads took: 0.0000372 seconds
2023-04-17T11:58:24.013+0530: 6305.877: Total time for which application threads were stopped: 0.0001042 seconds, Stopping threads took: 0.0000283 seconds
2023-04-17T11:58:24.015+0530: 6305.878: Total time for which application threads were stopped: 0.0001474 seconds, Stopping threads took: 0.0000701 seconds
2023-04-17T11:58:24.015+0530: 6305.878: Total time for which application threads were stopped: 0.0000727 seconds, Stopping threads took: 0.0000234 seconds
2023-04-17T11:58:24.015+0530: 6305.879: Total time for which application threads were stopped: 0.0001387 seconds, Stopping threads took: 0.0000231 seconds
2023-04-17T11:58:24.015+0530: 6305.879: Total time for which application threads were stopped: 0.0000563 seconds, Stopping threads took: 0.0000191 seconds
2023-04-17T11:58:25.016+0530: 6306.879: Total time for which application threads were stopped: 0.0003095 seconds, Stopping threads took: 0.0001103 seconds
2023-04-17T11:58:28.016+0530: 6309.880: Total time for which application threads were stopped: 0.0001975 seconds, Stopping threads took: 0.0000497 seconds
2023-04-17T11:58:57.022+0530: 6338.886: Total time for which application threads were stopped: 0.0003202 seconds, Stopping threads took: 0.0000958 seconds
2023-04-17T11:59:24.015+0530: 6365.878: Total time for which application threads were stopped: 0.0004108 seconds, Stopping threads took: 0.0000769 seconds
2023-04-17T12:06:49.152+0530: 6811.016: Total time for which application threads were stopped: 0.0002389 seconds, Stopping threads took: 0.0000904 seconds
2023-04-17T12:11:13.642+0530: 7075.506: Total time for which application threads were stopped: 0.0003450 seconds, Stopping threads took: 0.0001620 seconds
2023-04-17T12:11:13.643+0530: 7075.506: Total time for which application threads were stopped: 0.0004147 seconds, Stopping threads took: 0.0002610 seconds
2023-04-17T12:11:13.644+0530: 7075.507: Total time for which application threads were stopped: 0.0003248 seconds, Stopping threads took: 0.0001838 seconds
2023-04-17T12:11:13.644+0530: 7075.507: Total time for which application threads were stopped: 0.0002695 seconds, Stopping threads took: 0.0001572 seconds
2023-04-17T12:11:13.645+0530: 7075.508: Total time for which application threads were stopped: 0.0001564 seconds, Stopping threads took: 0.0000581 seconds
2023-04-17T12:11:13.646+0530: 7075.509: Total time for which application threads were stopped: 0.0001755 seconds, Stopping threads took: 0.0000306 seconds
2023-04-17T12:12:03.652+0530: 7125.515: Total time for which application threads were stopped: 0.0002695 seconds, Stopping threads took: 0.0000936 seconds
2023-04-17T12:12:53.646+0530: 7175.509: Total time for which application threads were stopped: 0.0002539 seconds, Stopping threads took: 0.0000825 seconds
2023-04-17T12:12:53.652+0530: 7175.515: Total time for which application threads were stopped: 0.0002010 seconds, Stopping threads took: 0.0000422 seconds
2023-04-17T12:15:08.823+0530: 7310.687: Total time for which application threads were stopped: 0.0003440 seconds, Stopping threads took: 0.0001095 seconds
2023-04-17T12:15:08.824+0530: 7310.687: Total time for which application threads were stopped: 0.0002178 seconds, Stopping threads took: 0.0000344 seconds
2023-04-17T12:15:08.824+0530: 7310.688: Total time for which application threads were stopped: 0.0002094 seconds, Stopping threads took: 0.0000309 seconds
2023-04-17T12:15:08.825+0530: 7310.688: Total time for which application threads were stopped: 0.0003208 seconds, Stopping threads took: 0.0001505 seconds
2023-04-17T12:15:42.429+0530: 7344.292: Total time for which application threads were stopped: 0.0001519 seconds, Stopping threads took: 0.0000425 seconds
2023-04-17T12:15:42.429+0530: 7344.292: Total time for which application threads were stopped: 0.0000742 seconds, Stopping threads took: 0.0000114 seconds
2023-04-17T12:17:59.597+0530: 7481.460: Total time for which application threads were stopped: 0.0002629 seconds, Stopping threads took: 0.0000842 seconds
2023-04-17T12:17:59.597+0530: 7481.461: Total time for which application threads were stopped: 0.0001608 seconds, Stopping threads took: 0.0000315 seconds
2023-04-17T12:17:59.599+0530: 7481.462: Total time for which application threads were stopped: 0.0001742 seconds, Stopping threads took: 0.0000330 seconds
2023-04-17T12:18:00.599+0530: 7482.462: Total time for which application threads were stopped: 0.0002142 seconds, Stopping threads took: 0.0000508 seconds
2023-04-17T12:18:13.458+0530: 7495.322: Total time for which application threads were stopped: 0.0003113 seconds, Stopping threads took: 0.0000920 seconds
2023-04-17T12:18:13.459+0530: 7495.322: Total time for which application threads were stopped: 0.0001774 seconds, Stopping threads took: 0.0000306 seconds
2023-04-17T12:18:13.463+0530: 7495.326: Total time for which application threads were stopped: 0.0003877 seconds, Stopping threads took: 0.0002127 seconds
2023-04-17T12:19:53.464+0530: 7595.327: Total time for which application threads were stopped: 0.0004183 seconds, Stopping threads took: 0.0000866 seconds
2023-04-17T12:20:00.706+0530: 7602.569: Total time for which application threads were stopped: 0.0002206 seconds, Stopping threads took: 0.0000673 seconds
2023-04-17T12:20:00.706+0530: 7602.570: Total time for which application threads were stopped: 0.0001361 seconds, Stopping threads took: 0.0000271 seconds
2023-04-17T12:20:00.707+0530: 7602.571: Total time for which application threads were stopped: 0.0002156 seconds, Stopping threads took: 0.0000418 seconds
2023-04-17T12:20:00.710+0530: 7602.573: Total time for which application threads were stopped: 0.0006034 seconds, Stopping threads took: 0.0001131 seconds
2023-04-17T12:20:12.134+0530: 7613.997: Total time for which application threads were stopped: 0.0003430 seconds, Stopping threads took: 0.0000920 seconds
2023-04-17T12:20:12.135+0530: 7613.998: Total time for which application threads were stopped: 0.0001848 seconds, Stopping threads took: 0.0000336 seconds
2023-04-17T12:20:12.138+0530: 7614.001: Total time for which application threads were stopped: 0.0002128 seconds, Stopping threads took: 0.0000540 seconds
2023-04-17T12:21:02.428+0530: 7664.291: Total time for which application threads were stopped: 0.0003848 seconds, Stopping threads took: 0.0001946 seconds
2023-04-17T12:21:02.428+0530: 7664.291: Total time for which application threads were stopped: 0.0001467 seconds, Stopping threads took: 0.0000279 seconds
2023-04-17T12:21:02.428+0530: 7664.292: Total time for which application threads were stopped: 0.0001314 seconds, Stopping threads took: 0.0000270 seconds
2023-04-17T12:21:02.430+0530: 7664.293: Total time for which application threads were stopped: 0.0001604 seconds, Stopping threads took: 0.0000323 seconds
2023-04-17T12:21:03.430+0530: 7665.293: Total time for which application threads were stopped: 0.0002244 seconds, Stopping threads took: 0.0000538 seconds
2023-04-17T12:22:42.434+0530: 7764.297: Total time for which application threads were stopped: 0.0003515 seconds, Stopping threads took: 0.0001808 seconds
2023-04-17T12:29:57.299+0530: 8199.163: Total time for which application threads were stopped: 0.0002245 seconds, Stopping threads took: 0.0000706 seconds
2023-04-17T12:29:57.300+0530: 8199.163: Total time for which application threads were stopped: 0.0001454 seconds, Stopping threads took: 0.0000280 seconds
2023-04-17T12:29:57.301+0530: 8199.165: Total time for which application threads were stopped: 0.0003426 seconds, Stopping threads took: 0.0001350 seconds
2023-04-17T12:29:57.305+0530: 8199.168: Total time for which application threads were stopped: 0.0003112 seconds, Stopping threads took: 0.0000671 seconds
2023-04-17T12:30:14.981+0530: 8216.845: Total time for which application threads were stopped: 0.0003104 seconds, Stopping threads took: 0.0000790 seconds
2023-04-17T12:30:14.982+0530: 8216.845: Total time for which application threads were stopped: 0.0001539 seconds, Stopping threads took: 0.0000323 seconds
2023-04-17T12:30:14.997+0530: 8216.860: Total time for which application threads were stopped: 0.0004055 seconds, Stopping threads took: 0.0002184 seconds
2023-04-17T12:30:38.092+0530: 8239.955: Total time for which application threads were stopped: 0.0002853 seconds, Stopping threads took: 0.0000800 seconds
2023-04-17T12:30:38.092+0530: 8239.955: Total time for which application threads were stopped: 0.0001532 seconds, Stopping threads took: 0.0000337 seconds
2023-04-17T12:32:18.095+0530: 8339.959: Total time for which application threads were stopped: 0.0002637 seconds, Stopping threads took: 0.0000814 seconds
2023-04-17T12:35:04.229+0530: 8506.092: Total time for which application threads were stopped: 0.0002692 seconds, Stopping threads took: 0.0000775 seconds
2023-04-17T12:35:04.229+0530: 8506.093: Total time for which application threads were stopped: 0.0001118 seconds, Stopping threads took: 0.0000220 seconds
2023-04-17T12:35:04.229+0530: 8506.093: Total time for which application threads were stopped: 0.0000971 seconds, Stopping threads took: 0.0000196 seconds
2023-04-17T12:35:04.231+0530: 8506.094: Total time for which application threads were stopped: 0.0001829 seconds, Stopping threads took: 0.0000340 seconds
2023-04-17T12:35:21.985+0530: 8523.849: Total time for which application threads were stopped: 0.0004256 seconds, Stopping threads took: 0.0001971 seconds
2023-04-17T12:35:21.986+0530: 8523.849: Total time for which application threads were stopped: 0.0003167 seconds, Stopping threads took: 0.0001791 seconds
2023-04-17T12:35:21.994+0530: 8523.857: Total time for which application threads were stopped: 0.0031840 seconds, Stopping threads took: 0.0029894 seconds
2023-04-17T12:35:34.996+0530: 8536.860: Total time for which application threads were stopped: 0.0002374 seconds, Stopping threads took: 0.0000484 seconds
2023-04-17T12:35:48.999+0530: 8550.862: Total time for which application threads were stopped: 0.0002430 seconds, Stopping threads took: 0.0000834 seconds
2023-04-17T12:37:40.803+0530: 8662.666: Total time for which application threads were stopped: 0.0002836 seconds, Stopping threads took: 0.0000898 seconds
2023-04-17T12:49:32.858+0530: 9374.722: Total time for which application threads were stopped: 0.0002073 seconds, Stopping threads took: 0.0000694 seconds
2023-04-17T12:49:32.859+0530: 9374.722: Total time for which application threads were stopped: 0.0001216 seconds, Stopping threads took: 0.0000238 seconds
2023-04-17T12:49:32.860+0530: 9374.723: Total time for which application threads were stopped: 0.0001327 seconds, Stopping threads took: 0.0000249 seconds
2023-04-17T12:49:33.448+0530: 9375.312: Total time for which application threads were stopped: 0.0001374 seconds, Stopping threads took: 0.0000291 seconds
2023-04-17T12:49:33.449+0530: 9375.312: Total time for which application threads were stopped: 0.0002362 seconds, Stopping threads took: 0.0000211 seconds
2023-04-17T12:49:33.475+0530: 9375.338: Total time for which application threads were stopped: 0.0001484 seconds, Stopping threads took: 0.0000288 seconds
2023-04-17T12:49:33.475+0530: 9375.339: Total time for which application threads were stopped: 0.0001332 seconds, Stopping threads took: 0.0000357 seconds
2023-04-17T12:49:33.482+0530: 9375.345: Total time for which application threads were stopped: 0.0003187 seconds, Stopping threads took: 0.0001263 seconds
2023-04-17T12:49:33.482+0530: 9375.345: Total time for which application threads were stopped: 0.0001762 seconds, Stopping threads took: 0.0000374 seconds
2023-04-17T12:49:33.482+0530: 9375.346: Total time for which application threads were stopped: 0.0002159 seconds, Stopping threads took: 0.0000890 seconds
2023-04-17T12:49:33.483+0530: 9375.346: Total time for which application threads were stopped: 0.0002714 seconds, Stopping threads took: 0.0001492 seconds
2023-04-17T12:49:33.483+0530: 9375.346: Total time for which application threads were stopped: 0.0001873 seconds, Stopping threads took: 0.0000882 seconds
2023-04-17T12:49:33.485+0530: 9375.349: Total time for which application threads were stopped: 0.0001943 seconds, Stopping threads took: 0.0000547 seconds
2023-04-17T12:49:33.486+0530: 9375.349: Total time for which application threads were stopped: 0.0001241 seconds, Stopping threads took: 0.0000298 seconds
2023-04-17T12:49:33.486+0530: 9375.349: Total time for which application threads were stopped: 0.0002004 seconds, Stopping threads took: 0.0000694 seconds
2023-04-17T12:49:33.486+0530: 9375.350: Total time for which application threads were stopped: 0.0001921 seconds, Stopping threads took: 0.0000702 seconds
2023-04-17T12:49:33.487+0530: 9375.350: Total time for which application threads were stopped: 0.0001849 seconds, Stopping threads took: 0.0000642 seconds
2023-04-17T12:49:33.533+0530: 9375.396: Total time for which application threads were stopped: 0.0001762 seconds, Stopping threads took: 0.0000356 seconds
2023-04-17T12:50:07.199+0530: 9409.062: Total time for which application threads were stopped: 0.0003049 seconds, Stopping threads took: 0.0000927 seconds
2023-04-17T12:50:07.199+0530: 9409.063: Total time for which application threads were stopped: 0.0003221 seconds, Stopping threads took: 0.0001446 seconds
2023-04-17T12:50:07.200+0530: 9409.063: Total time for which application threads were stopped: 0.0004411 seconds, Stopping threads took: 0.0002172 seconds
2023-04-17T12:50:07.201+0530: 9409.064: Total time for which application threads were stopped: 0.0002943 seconds, Stopping threads took: 0.0001065 seconds
2023-04-17T12:50:07.202+0530: 9409.065: Total time for which application threads were stopped: 0.0002376 seconds, Stopping threads took: 0.0000460 seconds
2023-04-17T12:50:07.512+0530: 9409.375: Total time for which application threads were stopped: 0.0003279 seconds, Stopping threads took: 0.0000618 seconds
2023-04-17T12:50:07.512+0530: 9409.376: Total time for which application threads were stopped: 0.0002328 seconds, Stopping threads took: 0.0000485 seconds
2023-04-17T12:50:07.516+0530: 9409.379: Total time for which application threads were stopped: 0.0003074 seconds, Stopping threads took: 0.0000681 seconds
2023-04-17T12:50:07.561+0530: 9409.424: Total time for which application threads were stopped: 0.0002661 seconds, Stopping threads took: 0.0000605 seconds
2023-04-17T12:50:07.561+0530: 9409.424: Total time for which application threads were stopped: 0.0001930 seconds, Stopping threads took: 0.0000419 seconds
2023-04-17T12:50:07.561+0530: 9409.425: Total time for which application threads were stopped: 0.0002751 seconds, Stopping threads took: 0.0000428 seconds
2023-04-17T12:50:07.562+0530: 9409.425: Total time for which application threads were stopped: 0.0003234 seconds, Stopping threads took: 0.0001162 seconds
2023-04-17T12:50:07.562+0530: 9409.426: Total time for which application threads were stopped: 0.0003080 seconds, Stopping threads took: 0.0001142 seconds
2023-04-17T12:50:07.566+0530: 9409.429: Total time for which application threads were stopped: 0.0003856 seconds, Stopping threads took: 0.0001307 seconds
2023-04-17T12:50:07.566+0530: 9409.430: Total time for which application threads were stopped: 0.0002598 seconds, Stopping threads took: 0.0000861 seconds
2023-04-17T12:50:07.567+0530: 9409.430: Total time for which application threads were stopped: 0.0001835 seconds, Stopping threads took: 0.0000626 seconds
2023-04-17T12:50:07.567+0530: 9409.430: Total time for which application threads were stopped: 0.0001968 seconds, Stopping threads took: 0.0000773 seconds
2023-04-17T12:50:07.567+0530: 9409.431: Total time for which application threads were stopped: 0.0001787 seconds, Stopping threads took: 0.0000504 seconds
2023-04-17T12:50:08.568+0530: 9410.431: Total time for which application threads were stopped: 0.0002201 seconds, Stopping threads took: 0.0000503 seconds
2023-04-17T12:50:09.568+0530: 9411.431: Total time for which application threads were stopped: 0.0002212 seconds, Stopping threads took: 0.0000437 seconds
2023-04-17T12:50:30.572+0530: 9432.436: Total time for which application threads were stopped: 0.0002123 seconds, Stopping threads took: 0.0000786 seconds
2023-04-17T12:50:59.626+0530: 9461.490: Total time for which application threads were stopped: 0.0003264 seconds, Stopping threads took: 0.0001315 seconds
2023-04-17T12:51:07.563+0530: 9469.426: Total time for which application threads were stopped: 0.0001954 seconds, Stopping threads took: 0.0000425 seconds
2023-04-17T12:51:07.568+0530: 9469.431: Total time for which application threads were stopped: 0.0001606 seconds, Stopping threads took: 0.0000323 seconds
2023-04-17T12:52:05.529+0530: 9527.393: Total time for which application threads were stopped: 0.0003589 seconds, Stopping threads took: 0.0001419 seconds
2023-04-17T12:52:05.530+0530: 9527.393: Total time for which application threads were stopped: 0.0002162 seconds, Stopping threads took: 0.0000855 seconds
2023-04-17T12:52:05.530+0530: 9527.393: Total time for which application threads were stopped: 0.0002595 seconds, Stopping threads took: 0.0001019 seconds
2023-04-17T12:52:05.531+0530: 9527.395: Total time for which application threads were stopped: 0.0002722 seconds, Stopping threads took: 0.0000882 seconds
2023-04-17T12:52:05.533+0530: 9527.396: Total time for which application threads were stopped: 0.0004256 seconds, Stopping threads took: 0.0001861 seconds
2023-04-17T12:52:05.563+0530: 9527.427: Total time for which application threads were stopped: 0.0002261 seconds, Stopping threads took: 0.0000457 seconds
2023-04-17T12:52:05.564+0530: 9527.427: Total time for which application threads were stopped: 0.0002091 seconds, Stopping threads took: 0.0000372 seconds
2023-04-17T12:52:05.566+0530: 9527.429: Total time for which application threads were stopped: 0.0005197 seconds, Stopping threads took: 0.0001200 seconds
2023-04-17T12:52:05.567+0530: 9527.430: Total time for which application threads were stopped: 0.0003664 seconds, Stopping threads took: 0.0001689 seconds
2023-04-17T12:52:05.577+0530: 9527.441: Total time for which application threads were stopped: 0.0003005 seconds, Stopping threads took: 0.0000798 seconds
2023-04-17T12:52:05.581+0530: 9527.444: Total time for which application threads were stopped: 0.0006555 seconds, Stopping threads took: 0.0003542 seconds
2023-04-17T12:52:05.582+0530: 9527.445: Total time for which application threads were stopped: 0.0004495 seconds, Stopping threads took: 0.0002471 seconds
2023-04-17T12:52:05.582+0530: 9527.445: Total time for which application threads were stopped: 0.0001771 seconds, Stopping threads took: 0.0000393 seconds
2023-04-17T12:52:05.582+0530: 9527.446: Total time for which application threads were stopped: 0.0001851 seconds, Stopping threads took: 0.0000376 seconds
2023-04-17T12:52:05.583+0530: 9527.446: Total time for which application threads were stopped: 0.0001945 seconds, Stopping threads took: 0.0000198 seconds
2023-04-17T12:52:05.586+0530: 9527.449: Total time for which application threads were stopped: 0.0004238 seconds, Stopping threads took: 0.0002307 seconds
2023-04-17T12:52:05.586+0530: 9527.450: Total time for which application threads were stopped: 0.0002356 seconds, Stopping threads took: 0.0000891 seconds
2023-04-17T12:52:05.590+0530: 9527.453: Total time for which application threads were stopped: 0.0003803 seconds, Stopping threads took: 0.0001057 seconds
2023-04-17T12:52:05.590+0530: 9527.453: Total time for which application threads were stopped: 0.0002757 seconds, Stopping threads took: 0.0000582 seconds
2023-04-17T12:52:05.591+0530: 9527.454: Total time for which application threads were stopped: 0.0003318 seconds, Stopping threads took: 0.0000934 seconds
2023-04-17T12:52:05.591+0530: 9527.454: Total time for which application threads were stopped: 0.0002521 seconds, Stopping threads took: 0.0000529 seconds
2023-04-17T12:52:05.591+0530: 9527.455: Total time for which application threads were stopped: 0.0002438 seconds, Stopping threads took: 0.0000492 seconds
2023-04-17T12:52:07.592+0530: 9529.455: Total time for which application threads were stopped: 0.0002410 seconds, Stopping threads took: 0.0000523 seconds
2023-04-17T12:52:55.598+0530: 9577.461: Total time for which application threads were stopped: 0.0002803 seconds, Stopping threads took: 0.0000863 seconds
2023-04-17T12:53:05.583+0530: 9587.447: Total time for which application threads were stopped: 0.0002546 seconds, Stopping threads took: 0.0000874 seconds
2023-04-17T12:53:05.592+0530: 9587.455: Total time for which application threads were stopped: 0.0002002 seconds, Stopping threads took: 0.0000459 seconds
2023-04-17T12:59:42.403+0530: 9871.433: Total time for which application threads were stopped: 0.0002437 seconds, Stopping threads took: 0.0000759 seconds
2023-04-17T12:59:42.404+0530: 9871.434: Total time for which application threads were stopped: 0.0001464 seconds, Stopping threads took: 0.0000292 seconds
2023-04-17T12:59:42.404+0530: 9871.434: Total time for which application threads were stopped: 0.0001277 seconds, Stopping threads took: 0.0000258 seconds
2023-04-17T12:59:42.405+0530: 9871.435: Total time for which application threads were stopped: 0.0001686 seconds, Stopping threads took: 0.0000440 seconds
2023-04-17T12:59:49.455+0530: 9878.485: Total time for which application threads were stopped: 0.0000830 seconds, Stopping threads took: 0.0000200 seconds
2023-04-17T12:59:49.455+0530: 9878.485: Total time for which application threads were stopped: 0.0000466 seconds, Stopping threads took: 0.0000088 seconds
2023-04-17T12:59:49.456+0530: 9878.486: Total time for which application threads were stopped: 0.0001811 seconds, Stopping threads took: 0.0001068 seconds
2023-04-17T13:00:00.458+0530: 9889.488: Total time for which application threads were stopped: 0.0002445 seconds, Stopping threads took: 0.0000529 seconds
2023-04-17T13:00:20.704+0530: 9909.734: Total time for which application threads were stopped: 0.0001039 seconds, Stopping threads took: 0.0000363 seconds
2023-04-17T13:00:20.704+0530: 9909.734: Total time for which application threads were stopped: 0.0000521 seconds, Stopping threads took: 0.0000122 seconds
2023-04-17T13:00:20.704+0530: 9909.734: Total time for which application threads were stopped: 0.0001751 seconds, Stopping threads took: 0.0000432 seconds
2023-04-17T13:00:20.704+0530: 9909.734: Total time for which application threads were stopped: 0.0000812 seconds, Stopping threads took: 0.0000226 seconds
2023-04-17T13:00:20.704+0530: 9909.734: Total time for which application threads were stopped: 0.0000803 seconds, Stopping threads took: 0.0000337 seconds
2023-04-17T13:00:20.705+0530: 9909.735: Total time for which application threads were stopped: 0.0000950 seconds, Stopping threads took: 0.0000363 seconds
2023-04-17T13:00:20.706+0530: 9909.736: Total time for which application threads were stopped: 0.0001321 seconds, Stopping threads took: 0.0000522 seconds
2023-04-17T13:00:20.706+0530: 9909.736: Total time for which application threads were stopped: 0.0000937 seconds, Stopping threads took: 0.0000394 seconds
2023-04-17T13:00:20.706+0530: 9909.736: Total time for which application threads were stopped: 0.0000774 seconds, Stopping threads took: 0.0000375 seconds
2023-04-17T13:00:20.710+0530: 9909.740: Total time for which application threads were stopped: 0.0000822 seconds, Stopping threads took: 0.0000195 seconds
2023-04-17T13:00:20.711+0530: 9909.741: Total time for which application threads were stopped: 0.0000944 seconds, Stopping threads took: 0.0000204 seconds
2023-04-17T13:00:20.711+0530: 9909.741: Total time for which application threads were stopped: 0.0000632 seconds, Stopping threads took: 0.0000113 seconds
2023-04-17T13:00:20.712+0530: 9909.742: Total time for which application threads were stopped: 0.0000767 seconds, Stopping threads took: 0.0000232 seconds
2023-04-17T13:00:20.712+0530: 9909.742: Total time for which application threads were stopped: 0.0001131 seconds, Stopping threads took: 0.0000660 seconds
2023-04-17T13:00:20.712+0530: 9909.742: Total time for which application threads were stopped: 0.0000571 seconds, Stopping threads took: 0.0000229 seconds
2023-04-17T13:00:20.713+0530: 9909.743: Total time for which application threads were stopped: 0.0001285 seconds, Stopping threads took: 0.0000397 seconds
2023-04-17T13:00:20.713+0530: 9909.743: Total time for which application threads were stopped: 0.0001802 seconds, Stopping threads took: 0.0001253 seconds
2023-04-17T13:00:20.713+0530: 9909.743: Total time for which application threads were stopped: 0.0000769 seconds, Stopping threads took: 0.0000245 seconds
2023-04-17T13:00:20.715+0530: 9909.745: Total time for which application threads were stopped: 0.0001142 seconds, Stopping threads took: 0.0000291 seconds
2023-04-17T13:00:20.715+0530: 9909.745: Total time for which application threads were stopped: 0.0000702 seconds, Stopping threads took: 0.0000287 seconds
2023-04-17T13:00:22.989+0530: 9912.019: Total time for which application threads were stopped: 0.0003980 seconds, Stopping threads took: 0.0000421 seconds
2023-04-17T13:00:22.990+0530: 9912.020: Total time for which application threads were stopped: 0.0001693 seconds, Stopping threads took: 0.0000352 seconds
2023-04-17T13:00:27.990+0530: 9917.020: Total time for which application threads were stopped: 0.0002376 seconds, Stopping threads took: 0.0000843 seconds
2023-04-17T13:00:47.565+0530: 9936.595: Total time for which application threads were stopped: 0.0002525 seconds, Stopping threads took: 0.0000451 seconds
2023-04-17T13:00:47.569+0530: 9936.599: Total time for which application threads were stopped: 0.0002117 seconds, Stopping threads took: 0.0000569 seconds
2023-04-17T13:00:47.571+0530: 9936.601: Total time for which application threads were stopped: 0.0003475 seconds, Stopping threads took: 0.0001314 seconds
2023-04-17T13:00:57.501+0530: 9946.531: Total time for which application threads were stopped: 0.0001221 seconds, Stopping threads took: 0.0000238 seconds
2023-04-17T13:00:57.501+0530: 9946.531: Total time for which application threads were stopped: 0.0000661 seconds, Stopping threads took: 0.0000181 seconds
2023-04-17T13:00:57.502+0530: 9946.532: Total time for which application threads were stopped: 0.0000991 seconds, Stopping threads took: 0.0000302 seconds
2023-04-17T13:00:57.503+0530: 9946.533: Total time for which application threads were stopped: 0.0000918 seconds, Stopping threads took: 0.0000268 seconds
2023-04-17T13:00:57.503+0530: 9946.533: Total time for which application threads were stopped: 0.0000660 seconds, Stopping threads took: 0.0000132 seconds
2023-04-17T13:00:57.503+0530: 9946.533: Total time for which application threads were stopped: 0.0000370 seconds, Stopping threads took: 0.0000102 seconds
2023-04-17T13:00:57.503+0530: 9946.533: Total time for which application threads were stopped: 0.0000580 seconds, Stopping threads took: 0.0000129 seconds
2023-04-17T13:00:57.503+0530: 9946.533: Total time for which application threads were stopped: 0.0000539 seconds, Stopping threads took: 0.0000125 seconds
2023-04-17T13:00:59.273+0530: 9948.303: Total time for which application threads were stopped: 0.0003468 seconds, Stopping threads took: 0.0001074 seconds
2023-04-17T13:00:59.274+0530: 9948.304: Total time for which application threads were stopped: 0.0002249 seconds, Stopping threads took: 0.0000469 seconds
2023-04-17T13:00:59.274+0530: 9948.304: Total time for which application threads were stopped: 0.0001340 seconds, Stopping threads took: 0.0000264 seconds
2023-04-17T13:00:59.275+0530: 9948.305: Total time for which application threads were stopped: 0.0001611 seconds, Stopping threads took: 0.0000279 seconds
2023-04-17T13:01:55.197+0530: 10004.227: Total time for which application threads were stopped: 0.0003289 seconds, Stopping threads took: 0.0001225 seconds
2023-04-17T13:01:55.197+0530: 10004.227: Total time for which application threads were stopped: 0.0002295 seconds, Stopping threads took: 0.0000822 seconds
2023-04-17T13:01:55.198+0530: 10004.228: Total time for which application threads were stopped: 0.0002381 seconds, Stopping threads took: 0.0001150 seconds
2023-04-17T13:01:55.198+0530: 10004.228: Total time for which application threads were stopped: 0.0002606 seconds, Stopping threads took: 0.0001501 seconds
2023-04-17T13:01:55.199+0530: 10004.229: Total time for which application threads were stopped: 0.0001552 seconds, Stopping threads took: 0.0000287 seconds
2023-04-17T13:01:55.201+0530: 10004.231: Total time for which application threads were stopped: 0.0002162 seconds, Stopping threads took: 0.0000797 seconds
2023-04-17T13:01:55.202+0530: 10004.232: Total time for which application threads were stopped: 0.0002391 seconds, Stopping threads took: 0.0001031 seconds
2023-04-17T13:01:55.203+0530: 10004.233: Total time for which application threads were stopped: 0.0001936 seconds, Stopping threads took: 0.0000742 seconds
2023-04-17T13:01:55.203+0530: 10004.233: Total time for which application threads were stopped: 0.0002192 seconds, Stopping threads took: 0.0001222 seconds
2023-04-17T13:01:55.205+0530: 10004.235: Total time for which application threads were stopped: 0.0002759 seconds, Stopping threads took: 0.0001542 seconds
2023-04-17T13:01:55.209+0530: 10004.239: Total time for which application threads were stopped: 0.0001832 seconds, Stopping threads took: 0.0000788 seconds
2023-04-17T13:01:55.209+0530: 10004.239: Total time for which application threads were stopped: 0.0000917 seconds, Stopping threads took: 0.0000303 seconds
2023-04-17T13:01:55.209+0530: 10004.239: Total time for which application threads were stopped: 0.0001764 seconds, Stopping threads took: 0.0000296 seconds
2023-04-17T13:01:55.209+0530: 10004.239: Total time for which application threads were stopped: 0.0000849 seconds, Stopping threads took: 0.0000151 seconds
2023-04-17T13:01:55.212+0530: 10004.242: Total time for which application threads were stopped: 0.0001502 seconds, Stopping threads took: 0.0000497 seconds
2023-04-17T13:01:55.212+0530: 10004.242: Total time for which application threads were stopped: 0.0000835 seconds, Stopping threads took: 0.0000144 seconds
2023-04-17T13:01:55.212+0530: 10004.242: Total time for which application threads were stopped: 0.0000837 seconds, Stopping threads took: 0.0000294 seconds
2023-04-17T13:01:55.212+0530: 10004.242: Total time for which application threads were stopped: 0.0000924 seconds, Stopping threads took: 0.0000291 seconds
2023-04-17T13:01:55.212+0530: 10004.242: Total time for which application threads were stopped: 0.0000961 seconds, Stopping threads took: 0.0000251 seconds
2023-04-17T13:01:57.797+0530: 10006.827: Total time for which application threads were stopped: 0.0000766 seconds, Stopping threads took: 0.0000169 seconds
2023-04-17T13:01:57.797+0530: 10006.827: Total time for which application threads were stopped: 0.0000626 seconds, Stopping threads took: 0.0000103 seconds
2023-04-17T13:01:57.797+0530: 10006.827: Total time for which application threads were stopped: 0.0000613 seconds, Stopping threads took: 0.0000087 seconds
2023-04-17T13:01:59.798+0530: 10008.828: Total time for which application threads were stopped: 0.0002560 seconds, Stopping threads took: 0.0000854 seconds
2023-04-17T13:02:21.801+0530: 10030.831: Total time for which application threads were stopped: 0.0002597 seconds, Stopping threads took: 0.0000486 seconds
2023-04-17T13:02:23.802+0530: 10032.832: Total time for which application threads were stopped: 0.0002267 seconds, Stopping threads took: 0.0000547 seconds
2023-04-17T13:02:38.805+0530: 10047.835: Total time for which application threads were stopped: 0.0002713 seconds, Stopping threads took: 0.0000982 seconds
2023-04-17T13:02:54.795+0530: 10063.825: Total time for which application threads were stopped: 0.0003210 seconds, Stopping threads took: 0.0000885 seconds
2023-04-17T13:02:55.211+0530: 10064.241: Total time for which application threads were stopped: 0.0002408 seconds, Stopping threads took: 0.0000513 seconds
2023-04-17T13:02:55.213+0530: 10064.243: Total time for which application threads were stopped: 0.0002243 seconds, Stopping threads took: 0.0000512 seconds
2023-04-17T13:03:20.548+0530: 10089.578: Total time for which application threads were stopped: 0.0001735 seconds, Stopping threads took: 0.0000498 seconds
2023-04-17T13:03:20.549+0530: 10089.579: Total time for which application threads were stopped: 0.0001542 seconds, Stopping threads took: 0.0000303 seconds
2023-04-17T13:03:20.551+0530: 10089.581: Total time for which application threads were stopped: 0.0002266 seconds, Stopping threads took: 0.0000876 seconds
2023-04-17T13:03:20.552+0530: 10089.582: Total time for which application threads were stopped: 0.0001396 seconds, Stopping threads took: 0.0000516 seconds
2023-04-17T13:03:20.552+0530: 10089.582: Total time for which application threads were stopped: 0.0001212 seconds, Stopping threads took: 0.0000584 seconds
2023-04-17T13:03:20.552+0530: 10089.582: Total time for which application threads were stopped: 0.0001208 seconds, Stopping threads took: 0.0000714 seconds
2023-04-17T13:03:20.552+0530: 10089.582: Total time for which application threads were stopped: 0.0001131 seconds, Stopping threads took: 0.0000582 seconds
2023-04-17T13:03:20.554+0530: 10089.584: Total time for which application threads were stopped: 0.0002197 seconds, Stopping threads took: 0.0000747 seconds
2023-04-17T13:03:20.558+0530: 10089.588: Total time for which application threads were stopped: 0.0003452 seconds, Stopping threads took: 0.0002076 seconds
2023-04-17T13:03:20.560+0530: 10089.590: Total time for which application threads were stopped: 0.0001930 seconds, Stopping threads took: 0.0000555 seconds
2023-04-17T13:03:20.563+0530: 10089.593: Total time for which application threads were stopped: 0.0001783 seconds, Stopping threads took: 0.0000541 seconds
2023-04-17T13:03:20.563+0530: 10089.593: Total time for which application threads were stopped: 0.0000868 seconds, Stopping threads took: 0.0000309 seconds
2023-04-17T13:03:20.563+0530: 10089.593: Total time for which application threads were stopped: 0.0000733 seconds, Stopping threads took: 0.0000298 seconds
2023-04-17T13:03:20.563+0530: 10089.593: Total time for which application threads were stopped: 0.0000859 seconds, Stopping threads took: 0.0000313 seconds
2023-04-17T13:03:20.563+0530: 10089.593: Total time for which application threads were stopped: 0.0000651 seconds, Stopping threads took: 0.0000155 seconds
2023-04-17T13:03:21.564+0530: 10090.594: Total time for which application threads were stopped: 0.0002101 seconds, Stopping threads took: 0.0000457 seconds
2023-04-17T13:03:26.564+0530: 10095.594: Total time for which application threads were stopped: 0.0002217 seconds, Stopping threads took: 0.0000529 seconds
2023-04-17T13:03:57.572+0530: 10126.602: Total time for which application threads were stopped: 0.0002559 seconds, Stopping threads took: 0.0000544 seconds
2023-04-17T13:04:20.564+0530: 10149.594: Total time for which application threads were stopped: 0.0002587 seconds, Stopping threads took: 0.0000951 seconds
2023-04-17T13:04:20.564+0530: 10149.594: Total time for which application threads were stopped: 0.0001600 seconds, Stopping threads took: 0.0000342 seconds
2023-04-17T13:04:45.809+0530: 10174.839: Total time for which application threads were stopped: 0.0003793 seconds, Stopping threads took: 0.0000892 seconds
2023-04-17T13:04:45.810+0530: 10174.840: Total time for which application threads were stopped: 0.0005069 seconds, Stopping threads took: 0.0001037 seconds
{Heap before GC invocations=16 (full 1):
 par new generation   total 109248K, used 109248K [0x00000000e0000000, 0x00000000e8000000, 0x00000000e8000000)
  eden space 87424K, 100% used [0x00000000e0000000, 0x00000000e5560000, 0x00000000e5560000)
  from space 21824K, 100% used [0x00000000e5560000, 0x00000000e6ab0000, 0x00000000e6ab0000)
  to   space 21824K,   0% used [0x00000000e6ab0000, 0x00000000e6ab0000, 0x00000000e8000000)
 concurrent mark-sweep generation total 393216K, used 8217K [0x00000000e8000000, 0x0000000100000000, 0x0000000100000000)
 Metaspace       used 33163K, capacity 33728K, committed 33992K, reserved 1079296K
  class space    used 3828K, capacity 4008K, committed 4040K, reserved 1048576K
2023-04-17T13:04:45.818+0530: 10174.848: [GC (Allocation Failure) 2023-04-17T13:04:45.818+0530: 10174.848: [ParNew
Desired survivor size 20112992 bytes, new threshold 8 (max 8)
- age   1:   11966904 bytes,   11966904 total
- age   2:    1244304 bytes,   13211208 total
- age   3:      67776 bytes,   13278984 total
- age   4:      92888 bytes,   13371872 total
- age   5:      76992 bytes,   13448864 total
- age   6:     155912 bytes,   13604776 total
- age   7:     166496 bytes,   13771272 total
- age   8:    8203656 bytes,   21974928 total
: 109248K->21824K(109248K), 0.0325229 secs] 117465K->32882K(502464K), 0.0326299 secs] [Times: user=0.12 sys=0.00, real=0.03 secs] 
Heap after GC invocations=17 (full 1):
 par new generation   total 109248K, used 21824K [0x00000000e0000000, 0x00000000e8000000, 0x00000000e8000000)
  eden space 87424K,   0% used [0x00000000e0000000, 0x00000000e0000000, 0x00000000e5560000)
  from space 21824K, 100% used [0x00000000e6ab0000, 0x00000000e8000000, 0x00000000e8000000)
  to   space 21824K,   0% used [0x00000000e5560000, 0x00000000e5560000, 0x00000000e6ab0000)
 concurrent mark-sweep generation total 393216K, used 11058K [0x00000000e8000000, 0x0000000100000000, 0x0000000100000000)
 Metaspace       used 33163K, capacity 33728K, committed 33992K, reserved 1079296K
  class space    used 3828K, capacity 4008K, committed 4040K, reserved 1048576K
}
2023-04-17T13:04:45.850+0530: 10174.880: Total time for which application threads were stopped: 0.0329130 seconds, Stopping threads took: 0.0000555 seconds
2023-04-17T13:04:45.851+0530: 10174.881: Total time for which application threads were stopped: 0.0001293 seconds, Stopping threads took: 0.0000401 seconds
2023-04-17T13:04:45.851+0530: 10174.881: Total time for which application threads were stopped: 0.0001536 seconds, Stopping threads took: 0.0001140 seconds
2023-04-17T13:04:45.851+0530: 10174.881: Total time for which application threads were stopped: 0.0000471 seconds, Stopping threads took: 0.0000183 seconds
2023-04-17T13:04:45.851+0530: 10174.881: Total time for which application threads were stopped: 0.0000634 seconds, Stopping threads took: 0.0000299 seconds
2023-04-17T13:04:45.851+0530: 10174.881: Total time for which application threads were stopped: 0.0001035 seconds, Stopping threads took: 0.0000535 seconds
2023-04-17T13:04:45.852+0530: 10174.882: Total time for which application threads were stopped: 0.0000977 seconds, Stopping threads took: 0.0000434 seconds
2023-04-17T13:04:45.853+0530: 10174.883: Total time for which application threads were stopped: 0.0001562 seconds, Stopping threads took: 0.0001164 seconds
2023-04-17T13:04:45.853+0530: 10174.883: Total time for which application threads were stopped: 0.0000602 seconds, Stopping threads took: 0.0000300 seconds
2023-04-17T13:04:45.853+0530: 10174.883: Total time for which application threads were stopped: 0.0000284 seconds, Stopping threads took: 0.0000051 seconds
2023-04-17T13:04:45.853+0530: 10174.883: Total time for which application threads were stopped: 0.0000332 seconds, Stopping threads took: 0.0000043 seconds
2023-04-17T13:04:45.853+0530: 10174.883: Total time for which application threads were stopped: 0.0000304 seconds, Stopping threads took: 0.0000085 seconds
2023-04-17T13:04:45.853+0530: 10174.883: Total time for which application threads were stopped: 0.0000257 seconds, Stopping threads took: 0.0000070 seconds
2023-04-17T13:04:45.853+0530: 10174.883: Total time for which application threads were stopped: 0.0000470 seconds, Stopping threads took: 0.0000214 seconds
2023-04-17T13:04:45.853+0530: 10174.883: Total time for which application threads were stopped: 0.0000313 seconds, Stopping threads took: 0.0000095 seconds
2023-04-17T13:04:45.853+0530: 10174.883: Total time for which application threads were stopped: 0.0000342 seconds, Stopping threads took: 0.0000090 seconds
2023-04-17T13:04:45.853+0530: 10174.883: Total time for which application threads were stopped: 0.0000484 seconds, Stopping threads took: 0.0000178 seconds
2023-04-17T13:04:45.853+0530: 10174.883: Total time for which application threads were stopped: 0.0000400 seconds, Stopping threads took: 0.0000084 seconds
2023-04-17T13:04:45.853+0530: 10174.883: Total time for which application threads were stopped: 0.0000415 seconds, Stopping threads took: 0.0000094 seconds
2023-04-17T13:04:45.854+0530: 10174.884: Total time for which application threads were stopped: 0.0000481 seconds, Stopping threads took: 0.0000171 seconds
2023-04-17T13:04:45.854+0530: 10174.884: Total time for which application threads were stopped: 0.0000869 seconds, Stopping threads took: 0.0000129 seconds
2023-04-17T13:05:09.123+0530: 10198.153: Total time for which application threads were stopped: 0.0003270 seconds, Stopping threads took: 0.0001621 seconds
2023-04-17T13:05:09.123+0530: 10198.153: Total time for which application threads were stopped: 0.0002026 seconds, Stopping threads took: 0.0000665 seconds
2023-04-17T13:05:09.124+0530: 10198.154: Total time for which application threads were stopped: 0.0002068 seconds, Stopping threads took: 0.0000899 seconds
2023-04-17T13:05:09.124+0530: 10198.154: Total time for which application threads were stopped: 0.0001185 seconds, Stopping threads took: 0.0000355 seconds
2023-04-17T13:05:09.124+0530: 10198.154: Total time for which application threads were stopped: 0.0001072 seconds, Stopping threads took: 0.0000303 seconds
2023-04-17T13:05:09.124+0530: 10198.154: Total time for which application threads were stopped: 0.0001018 seconds, Stopping threads took: 0.0000250 seconds
2023-04-17T13:05:09.125+0530: 10198.155: Total time for which application threads were stopped: 0.0001597 seconds, Stopping threads took: 0.0000371 seconds
2023-04-17T13:05:09.125+0530: 10198.155: Total time for which application threads were stopped: 0.0001631 seconds, Stopping threads took: 0.0000331 seconds
2023-04-17T13:05:09.125+0530: 10198.155: Total time for which application threads were stopped: 0.0002245 seconds, Stopping threads took: 0.0000944 seconds
2023-04-17T13:05:09.126+0530: 10198.156: Total time for which application threads were stopped: 0.0002758 seconds, Stopping threads took: 0.0001344 seconds
2023-04-17T13:05:09.126+0530: 10198.156: Total time for which application threads were stopped: 0.0002141 seconds, Stopping threads took: 0.0001026 seconds
2023-04-17T13:05:09.126+0530: 10198.156: Total time for which application threads were stopped: 0.0001619 seconds, Stopping threads took: 0.0000776 seconds
2023-04-17T13:05:09.127+0530: 10198.157: Total time for which application threads were stopped: 0.0002729 seconds, Stopping threads took: 0.0001195 seconds
2023-04-17T13:05:09.127+0530: 10198.157: Total time for which application threads were stopped: 0.0002176 seconds, Stopping threads took: 0.0000889 seconds
2023-04-17T13:05:09.129+0530: 10198.159: Total time for which application threads were stopped: 0.0002666 seconds, Stopping threads took: 0.0001601 seconds
2023-04-17T13:05:09.129+0530: 10198.159: Total time for which application threads were stopped: 0.0002416 seconds, Stopping threads took: 0.0001519 seconds
2023-04-17T13:05:09.129+0530: 10198.159: Total time for which application threads were stopped: 0.0001389 seconds, Stopping threads took: 0.0000615 seconds
2023-04-17T13:05:10.130+0530: 10199.160: Total time for which application threads were stopped: 0.0002630 seconds, Stopping threads took: 0.0000508 seconds
2023-04-17T13:06:03.116+0530: 10252.146: Total time for which application threads were stopped: 0.0002904 seconds, Stopping threads took: 0.0000854 seconds
2023-04-17T13:06:03.200+0530: 10252.230: Total time for which application threads were stopped: 0.0000702 seconds, Stopping threads took: 0.0000174 seconds
2023-04-17T13:06:03.210+0530: 10252.240: Total time for which application threads were stopped: 0.0000745 seconds, Stopping threads took: 0.0000178 seconds
2023-04-17T13:06:03.210+0530: 10252.240: Total time for which application threads were stopped: 0.0000386 seconds, Stopping threads took: 0.0000069 seconds
2023-04-17T13:06:03.211+0530: 10252.241: Total time for which application threads were stopped: 0.0001687 seconds, Stopping threads took: 0.0000408 seconds
2023-04-17T13:06:03.211+0530: 10252.241: Total time for which application threads were stopped: 0.0000799 seconds, Stopping threads took: 0.0000048 seconds
2023-04-17T13:06:03.211+0530: 10252.241: Total time for which application threads were stopped: 0.0001185 seconds, Stopping threads took: 0.0000227 seconds
2023-04-17T13:06:04.212+0530: 10253.242: Total time for which application threads were stopped: 0.0002200 seconds, Stopping threads took: 0.0000499 seconds
2023-04-17T13:06:26.216+0530: 10275.247: Total time for which application threads were stopped: 0.0002831 seconds, Stopping threads took: 0.0001041 seconds
2023-04-17T13:07:03.212+0530: 10312.242: Total time for which application threads were stopped: 0.0002451 seconds, Stopping threads took: 0.0000889 seconds
2023-04-17T14:08:34.126+0530: 11569.143: Total time for which application threads were stopped: 0.0002556 seconds, Stopping threads took: 0.0000752 seconds
2023-04-17T14:08:35.127+0530: 11570.143: Total time for which application threads were stopped: 0.0001901 seconds, Stopping threads took: 0.0000460 seconds
2023-04-17T14:08:44.128+0530: 11579.145: Total time for which application threads were stopped: 0.0003071 seconds, Stopping threads took: 0.0001009 seconds
2023-04-17T14:09:32.124+0530: 11627.141: Total time for which application threads were stopped: 0.0001025 seconds, Stopping threads took: 0.0000316 seconds
2023-04-17T14:09:33.124+0530: 11628.141: Total time for which application threads were stopped: 0.0002416 seconds, Stopping threads took: 0.0000540 seconds
2023-04-17T14:09:46.132+0530: 11641.149: Total time for which application threads were stopped: 0.0001240 seconds, Stopping threads took: 0.0000351 seconds
2023-04-17T14:09:47.132+0530: 11642.149: Total time for which application threads were stopped: 0.0002193 seconds, Stopping threads took: 0.0000528 seconds
2023-04-17T14:10:43.634+0530: 11698.651: Total time for which application threads were stopped: 0.0002429 seconds, Stopping threads took: 0.0000711 seconds
2023-04-17T14:10:44.635+0530: 11699.652: Total time for which application threads were stopped: 0.0002271 seconds, Stopping threads took: 0.0000533 seconds
2023-04-17T14:11:04.723+0530: 11719.740: Total time for which application threads were stopped: 0.0001314 seconds, Stopping threads took: 0.0000381 seconds
2023-04-17T14:13:18.154+0530: 11853.171: Total time for which application threads were stopped: 0.0003667 seconds, Stopping threads took: 0.0000895 seconds
2023-04-17T14:13:47.087+0530: 11882.104: Total time for which application threads were stopped: 0.0004192 seconds, Stopping threads took: 0.0002457 seconds
2023-04-17T14:13:48.087+0530: 11883.104: Total time for which application threads were stopped: 0.0002262 seconds, Stopping threads took: 0.0000523 seconds
2023-04-17T14:14:04.176+0530: 11899.193: Total time for which application threads were stopped: 0.0004515 seconds, Stopping threads took: 0.0001290 seconds
2023-04-17T14:14:10.593+0530: 11905.610: Total time for which application threads were stopped: 0.0004231 seconds, Stopping threads took: 0.0002256 seconds
2023-04-17T14:14:23.596+0530: 11918.613: Total time for which application threads were stopped: 0.0002824 seconds, Stopping threads took: 0.0001010 seconds
2023-04-17T14:16:42.033+0530: 12057.050: Total time for which application threads were stopped: 0.0000995 seconds, Stopping threads took: 0.0000290 seconds
2023-04-17T14:16:43.033+0530: 12058.050: Total time for which application threads were stopped: 0.0002250 seconds, Stopping threads took: 0.0000538 seconds
2023-04-17T14:16:53.741+0530: 12068.758: Total time for which application threads were stopped: 0.0001185 seconds, Stopping threads took: 0.0000373 seconds
2023-04-17T14:23:21.279+0530: 12456.296: Total time for which application threads were stopped: 0.0001159 seconds, Stopping threads took: 0.0000320 seconds
2023-04-17T14:23:41.356+0530: 12476.373: Total time for which application threads were stopped: 0.0002791 seconds, Stopping threads took: 0.0000856 seconds
2023-04-17T14:23:42.356+0530: 12477.373: Total time for which application threads were stopped: 0.0002008 seconds, Stopping threads took: 0.0000486 seconds
2023-04-17T14:24:26.362+0530: 12521.379: Total time for which application threads were stopped: 0.0000919 seconds, Stopping threads took: 0.0000338 seconds
2023-04-17T14:34:16.986+0530: 12641.628: Total time for which application threads were stopped: 0.0001078 seconds, Stopping threads took: 0.0000240 seconds
2023-04-17T14:34:16.986+0530: 12641.628: Total time for which application threads were stopped: 0.0001428 seconds, Stopping threads took: 0.0000187 seconds
2023-04-17T14:36:26.041+0530: 12770.683: Total time for which application threads were stopped: 0.0001139 seconds, Stopping threads took: 0.0000289 seconds
2023-04-17T14:36:27.042+0530: 12771.684: Total time for which application threads were stopped: 0.0002274 seconds, Stopping threads took: 0.0000538 seconds
2023-04-17T14:36:59.174+0530: 12803.816: Total time for which application threads were stopped: 0.0001160 seconds, Stopping threads took: 0.0000350 seconds
2023-04-17T14:37:00.174+0530: 12804.817: Total time for which application threads were stopped: 0.0002688 seconds, Stopping threads took: 0.0000998 seconds
2023-04-17T14:40:34.512+0530: 13019.154: Total time for which application threads were stopped: 0.0001377 seconds, Stopping threads took: 0.0000365 seconds
2023-04-17T14:40:42.702+0530: 13027.345: Total time for which application threads were stopped: 0.0001171 seconds, Stopping threads took: 0.0000371 seconds
2023-04-17T14:41:15.710+0530: 13060.352: Total time for which application threads were stopped: 0.0002410 seconds, Stopping threads took: 0.0000946 seconds
2023-04-17T14:43:07.855+0530: 13172.498: Total time for which application threads were stopped: 0.0001612 seconds, Stopping threads took: 0.0000487 seconds
2023-04-17T14:47:11.660+0530: 13416.302: Total time for which application threads were stopped: 0.0002106 seconds, Stopping threads took: 0.0000395 seconds
2023-04-17T14:47:12.660+0530: 13417.302: Total time for which application threads were stopped: 0.0002233 seconds, Stopping threads took: 0.0000544 seconds
2023-04-17T14:47:23.209+0530: 13427.852: Total time for which application threads were stopped: 0.0001027 seconds, Stopping threads took: 0.0000313 seconds
2023-04-17T14:47:23.209+0530: 13427.852: Total time for which application threads were stopped: 0.0000439 seconds, Stopping threads took: 0.0000082 seconds
2023-04-17T14:49:10.229+0530: 13534.871: Total time for which application threads were stopped: 0.0002822 seconds, Stopping threads took: 0.0001077 seconds
2023-04-17T14:51:43.005+0530: 13687.647: Total time for which application threads were stopped: 0.0001284 seconds, Stopping threads took: 0.0000344 seconds
2023-04-17T14:52:54.785+0530: 13759.427: Total time for which application threads were stopped: 0.0001284 seconds, Stopping threads took: 0.0000528 seconds
2023-04-17T14:53:01.931+0530: 13766.573: Total time for which application threads were stopped: 0.0001061 seconds, Stopping threads took: 0.0000332 seconds
2023-04-17T14:53:02.931+0530: 13767.573: Total time for which application threads were stopped: 0.0002875 seconds, Stopping threads took: 0.0001055 seconds
2023-04-17T14:53:13.933+0530: 13778.575: Total time for which application threads were stopped: 0.0001412 seconds, Stopping threads took: 0.0000516 seconds
2023-04-17T14:54:21.401+0530: 13846.043: Total time for which application threads were stopped: 0.0002813 seconds, Stopping threads took: 0.0000827 seconds
2023-04-17T14:54:22.401+0530: 13847.044: Total time for which application threads were stopped: 0.0002569 seconds, Stopping threads took: 0.0000624 seconds
2023-04-17T14:54:43.012+0530: 13867.655: Total time for which application threads were stopped: 0.0002273 seconds, Stopping threads took: 0.0000432 seconds
2023-04-17T14:54:44.013+0530: 13868.655: Total time for which application threads were stopped: 0.0002176 seconds, Stopping threads took: 0.0000539 seconds
2023-04-17T14:54:52.014+0530: 13876.656: Total time for which application threads were stopped: 0.0002653 seconds, Stopping threads took: 0.0000967 seconds
2023-04-17T14:55:01.016+0530: 13885.658: Total time for which application threads were stopped: 0.0002622 seconds, Stopping threads took: 0.0000535 seconds
2023-04-17T14:59:36.878+0530: 14161.520: Total time for which application threads were stopped: 0.0001167 seconds, Stopping threads took: 0.0000333 seconds
2023-04-17T14:59:37.878+0530: 14162.520: Total time for which application threads were stopped: 0.0001980 seconds, Stopping threads took: 0.0000488 seconds
2023-04-17T14:59:57.407+0530: 14182.049: Total time for which application threads were stopped: 0.0000956 seconds, Stopping threads took: 0.0000278 seconds
2023-04-17T15:13:55.179+0530: 15019.821: Total time for which application threads were stopped: 0.0001911 seconds, Stopping threads took: 0.0001128 seconds
2023-04-17T15:13:56.179+0530: 15020.821: Total time for which application threads were stopped: 0.0002336 seconds, Stopping threads took: 0.0000524 seconds
2023-04-17T15:14:05.561+0530: 15030.203: Total time for which application threads were stopped: 0.0001963 seconds, Stopping threads took: 0.0000428 seconds
2023-04-17T15:14:59.370+0530: 15084.012: Total time for which application threads were stopped: 0.0002527 seconds, Stopping threads took: 0.0000773 seconds
2023-04-17T15:15:00.370+0530: 15085.013: Total time for which application threads were stopped: 0.0002298 seconds, Stopping threads took: 0.0000548 seconds
2023-04-17T15:15:12.496+0530: 15097.138: Total time for which application threads were stopped: 0.0002561 seconds, Stopping threads took: 0.0000595 seconds
2023-04-17T15:28:31.835+0530: 15896.477: Total time for which application threads were stopped: 0.0001272 seconds, Stopping threads took: 0.0000363 seconds
2023-04-17T15:28:32.835+0530: 15897.478: Total time for which application threads were stopped: 0.0002219 seconds, Stopping threads took: 0.0000534 seconds
2023-04-17T15:28:38.872+0530: 15903.514: Total time for which application threads were stopped: 0.0002343 seconds, Stopping threads took: 0.0000727 seconds
2023-04-17T15:30:43.051+0530: 16027.693: Total time for which application threads were stopped: 0.0003535 seconds, Stopping threads took: 0.0000969 seconds
2023-04-17T15:30:44.052+0530: 16028.694: Total time for which application threads were stopped: 0.0002203 seconds, Stopping threads took: 0.0000535 seconds
2023-04-17T15:32:14.944+0530: 16119.586: Total time for which application threads were stopped: 0.0002558 seconds, Stopping threads took: 0.0000736 seconds
2023-04-17T15:32:15.944+0530: 16120.586: Total time for which application threads were stopped: 0.0002239 seconds, Stopping threads took: 0.0000537 seconds
2023-04-17T15:32:25.726+0530: 16130.368: Total time for which application threads were stopped: 0.0000860 seconds, Stopping threads took: 0.0000192 seconds
2023-04-17T15:32:37.728+0530: 16142.370: Total time for which application threads were stopped: 0.0002225 seconds, Stopping threads took: 0.0000536 seconds
2023-04-17T15:32:53.040+0530: 16157.682: Total time for which application threads were stopped: 0.0004080 seconds, Stopping threads took: 0.0000394 seconds
2023-04-17T15:34:15.047+0530: 16239.690: Total time for which application threads were stopped: 0.0002799 seconds, Stopping threads took: 0.0000713 seconds
2023-04-17T15:34:36.602+0530: 16261.244: Total time for which application threads were stopped: 0.0002363 seconds, Stopping threads took: 0.0000740 seconds
2023-04-17T15:34:37.603+0530: 16262.245: Total time for which application threads were stopped: 0.0002247 seconds, Stopping threads took: 0.0000527 seconds
2023-04-17T15:34:54.345+0530: 16278.987: Total time for which application threads were stopped: 0.0002700 seconds, Stopping threads took: 0.0000810 seconds
2023-04-17T15:35:19.349+0530: 16303.991: Total time for which application threads were stopped: 0.0002624 seconds, Stopping threads took: 0.0000628 seconds
2023-04-17T15:36:29.897+0530: 16374.539: Total time for which application threads were stopped: 0.0004435 seconds, Stopping threads took: 0.0002431 seconds
2023-04-17T15:36:29.900+0530: 16374.542: Total time for which application threads were stopped: 0.0002646 seconds, Stopping threads took: 0.0000796 seconds
2023-04-17T15:36:30.901+0530: 16375.543: Total time for which application threads were stopped: 0.0002210 seconds, Stopping threads took: 0.0000533 seconds
2023-04-17T15:36:58.473+0530: 16403.115: Total time for which application threads were stopped: 0.0002417 seconds, Stopping threads took: 0.0000772 seconds
2023-04-17T15:38:58.592+0530: 16523.234: Total time for which application threads were stopped: 0.0000830 seconds, Stopping threads took: 0.0000199 seconds
2023-04-17T15:39:11.012+0530: 16535.654: Total time for which application threads were stopped: 0.0001980 seconds, Stopping threads took: 0.0000440 seconds
2023-04-17T15:43:12.075+0530: 16776.717: Total time for which application threads were stopped: 0.0004439 seconds, Stopping threads took: 0.0002725 seconds
2023-04-17T15:43:12.077+0530: 16776.719: Total time for which application threads were stopped: 0.0002638 seconds, Stopping threads took: 0.0000542 seconds
2023-04-17T15:43:12.078+0530: 16776.720: Total time for which application threads were stopped: 0.0001758 seconds, Stopping threads took: 0.0000409 seconds
2023-04-17T15:46:43.552+0530: 16988.194: Total time for which application threads were stopped: 0.0004369 seconds, Stopping threads took: 0.0002562 seconds
2023-04-17T15:47:09.244+0530: 17013.886: Total time for which application threads were stopped: 0.0002332 seconds, Stopping threads took: 0.0000722 seconds
2023-04-17T15:47:37.561+0530: 17042.203: Total time for which application threads were stopped: 0.0002814 seconds, Stopping threads took: 0.0000785 seconds
2023-04-17T15:47:37.562+0530: 17042.204: Total time for which application threads were stopped: 0.0003508 seconds, Stopping threads took: 0.0001559 seconds
2023-04-17T15:47:37.562+0530: 17042.204: Total time for which application threads were stopped: 0.0004067 seconds, Stopping threads took: 0.0001682 seconds
2023-04-17T15:47:37.563+0530: 17042.205: Total time for which application threads were stopped: 0.0002868 seconds, Stopping threads took: 0.0001343 seconds
2023-04-17T15:47:37.563+0530: 17042.205: Total time for which application threads were stopped: 0.0002075 seconds, Stopping threads took: 0.0000953 seconds
2023-04-17T15:47:37.563+0530: 17042.205: Total time for which application threads were stopped: 0.0001461 seconds, Stopping threads took: 0.0000525 seconds
2023-04-17T15:47:37.563+0530: 17042.206: Total time for which application threads were stopped: 0.0001141 seconds, Stopping threads took: 0.0000292 seconds
2023-04-17T15:47:48.566+0530: 17053.208: Total time for which application threads were stopped: 0.0002331 seconds, Stopping threads took: 0.0000525 seconds
2023-04-17T15:49:38.590+0530: 17163.232: Total time for which application threads were stopped: 0.0003133 seconds, Stopping threads took: 0.0001163 seconds
2023-04-17T15:53:44.427+0530: 17409.069: Total time for which application threads were stopped: 0.0002462 seconds, Stopping threads took: 0.0000720 seconds
2023-04-17T15:54:10.667+0530: 17435.309: Total time for which application threads were stopped: 0.0000823 seconds, Stopping threads took: 0.0000208 seconds
2023-04-17T15:54:11.667+0530: 17436.309: Total time for which application threads were stopped: 0.0002321 seconds, Stopping threads took: 0.0000605 seconds
2023-04-17T15:54:47.874+0530: 17472.516: Total time for which application threads were stopped: 0.0001104 seconds, Stopping threads took: 0.0000209 seconds
2023-04-17T15:54:47.874+0530: 17472.516: Total time for which application threads were stopped: 0.0000621 seconds, Stopping threads took: 0.0000107 seconds
2023-04-17T15:54:47.875+0530: 17472.517: Total time for which application threads were stopped: 0.0000618 seconds, Stopping threads took: 0.0000211 seconds
2023-04-17T15:54:47.875+0530: 17472.517: Total time for which application threads were stopped: 0.0000337 seconds, Stopping threads took: 0.0000050 seconds
2023-04-17T15:55:17.879+0530: 17502.521: Total time for which application threads were stopped: 0.0002709 seconds, Stopping threads took: 0.0000855 seconds
2023-04-17T15:55:25.880+0530: 17510.522: Total time for which application threads were stopped: 0.0002183 seconds, Stopping threads took: 0.0000712 seconds
2023-04-17T15:55:47.875+0530: 17532.518: Total time for which application threads were stopped: 0.0002865 seconds, Stopping threads took: 0.0001002 seconds
2023-04-17T15:56:27.881+0530: 17572.524: Total time for which application threads were stopped: 0.0002926 seconds, Stopping threads took: 0.0000838 seconds
2023-04-17T15:57:31.259+0530: 17635.901: Total time for which application threads were stopped: 0.0002759 seconds, Stopping threads took: 0.0000699 seconds
2023-04-17T15:57:31.261+0530: 17635.903: Total time for which application threads were stopped: 0.0002200 seconds, Stopping threads took: 0.0000444 seconds
2023-04-17T15:57:42.967+0530: 17647.610: Total time for which application threads were stopped: 0.0002357 seconds, Stopping threads took: 0.0000717 seconds
2023-04-17T15:57:57.970+0530: 17662.612: Total time for which application threads were stopped: 0.0000814 seconds, Stopping threads took: 0.0000294 seconds
2023-04-17T16:36:27.956+0530: 18368.172: Total time for which application threads were stopped: 0.0001359 seconds, Stopping threads took: 0.0000638 seconds
2023-04-17T16:36:28.956+0530: 18369.172: Total time for which application threads were stopped: 0.0002875 seconds, Stopping threads took: 0.0000992 seconds
2023-04-17T16:58:21.752+0530: 19681.375: Total time for which application threads were stopped: 0.0002260 seconds, Stopping threads took: 0.0000846 seconds
2023-04-17T18:10:18.837+0530: 23998.460: Total time for which application threads were stopped: 0.0006410 seconds, Stopping threads took: 0.0000166 seconds
2023-04-17T18:10:18.837+0530: 23998.460: Total time for which application threads were stopped: 0.0000580 seconds, Stopping threads took: 0.0000102 seconds
2023-04-17T18:10:18.838+0530: 23998.461: Total time for which application threads were stopped: 0.0005281 seconds, Stopping threads took: 0.0000079 seconds
2023-04-17T18:10:18.842+0530: 23998.465: Total time for which application threads were stopped: 0.0000651 seconds, Stopping threads took: 0.0000226 seconds
2023-04-17T18:10:18.842+0530: 23998.465: Total time for which application threads were stopped: 0.0000414 seconds, Stopping threads took: 0.0000189 seconds
2023-04-17T18:10:18.843+0530: 23998.466: Total time for which application threads were stopped: 0.0000828 seconds, Stopping threads took: 0.0000261 seconds
2023-04-17T18:10:18.843+0530: 23998.466: Total time for which application threads were stopped: 0.0000429 seconds, Stopping threads took: 0.0000112 seconds
2023-04-17T18:10:18.843+0530: 23998.466: Total time for which application threads were stopped: 0.0000528 seconds, Stopping threads took: 0.0000208 seconds
2023-04-17T18:10:18.843+0530: 23998.466: Total time for which application threads were stopped: 0.0000538 seconds, Stopping threads took: 0.0000204 seconds
2023-04-17T18:10:18.843+0530: 23998.466: Total time for which application threads were stopped: 0.0000597 seconds, Stopping threads took: 0.0000067 seconds
2023-04-17T18:10:18.843+0530: 23998.467: Total time for which application threads were stopped: 0.0000540 seconds, Stopping threads took: 0.0000144 seconds
2023-04-17T18:10:18.843+0530: 23998.467: Total time for which application threads were stopped: 0.0000342 seconds, Stopping threads took: 0.0000076 seconds
2023-04-17T18:10:18.844+0530: 23998.467: Total time for which application threads were stopped: 0.0001139 seconds, Stopping threads took: 0.0000252 seconds
2023-04-17T18:10:18.844+0530: 23998.467: Total time for which application threads were stopped: 0.0000518 seconds, Stopping threads took: 0.0000079 seconds
2023-04-17T18:10:18.844+0530: 23998.467: Total time for which application threads were stopped: 0.0000548 seconds, Stopping threads took: 0.0000087 seconds
2023-04-17T18:10:18.844+0530: 23998.467: Total time for which application threads were stopped: 0.0000339 seconds, Stopping threads took: 0.0000063 seconds
2023-04-17T18:10:18.844+0530: 23998.467: Total time for which application threads were stopped: 0.0000313 seconds, Stopping threads took: 0.0000058 seconds
2023-04-17T18:10:18.844+0530: 23998.468: Total time for which application threads were stopped: 0.0000358 seconds, Stopping threads took: 0.0000103 seconds
2023-04-17T18:10:18.845+0530: 23998.468: Total time for which application threads were stopped: 0.0000883 seconds, Stopping threads took: 0.0000339 seconds
2023-04-17T18:10:18.848+0530: 23998.471: Total time for which application threads were stopped: 0.0000852 seconds, Stopping threads took: 0.0000242 seconds
2023-04-17T18:10:18.851+0530: 23998.474: Total time for which application threads were stopped: 0.0000709 seconds, Stopping threads took: 0.0000222 seconds
2023-04-17T18:10:18.854+0530: 23998.477: Total time for which application threads were stopped: 0.0001635 seconds, Stopping threads took: 0.0000886 seconds
2023-04-17T18:10:18.860+0530: 23998.483: Total time for which application threads were stopped: 0.0001829 seconds, Stopping threads took: 0.0001344 seconds
2023-04-17T18:10:18.862+0530: 23998.485: Total time for which application threads were stopped: 0.0000514 seconds, Stopping threads took: 0.0000096 seconds
Heap
 par new generation   total 109248K, used 55379K [0x00000000e0000000, 0x00000000e8000000, 0x00000000e8000000)
  eden space 87424K,  38% used [0x00000000e0000000, 0x00000000e20c4f98, 0x00000000e5560000)
  from space 21824K, 100% used [0x00000000e6ab0000, 0x00000000e8000000, 0x00000000e8000000)
  to   space 21824K,   0% used [0x00000000e5560000, 0x00000000e5560000, 0x00000000e6ab0000)
 concurrent mark-sweep generation total 393216K, used 11058K [0x00000000e8000000, 0x0000000100000000, 0x0000000100000000)
 Metaspace       used 33887K, capacity 34368K, committed 34632K, reserved 1079296K
  class space    used 3875K, capacity 4072K, committed 4168K, reserved 1048576K
