OpenJDK 64-Bit Server VM (25.362-b09) for linux-amd64 JRE (1.8.0_362-8u362-ga-0ubuntu1~22.04-b09), built on Jan 24 2023 19:02:58 by "buildd" with gcc 11.3.0
Memory: 4k page, physical 32636936k(24646092k free), swap 2097148k(2097148k free)
CommandLine flags: -XX:CMSInitiatingOccupancyFraction=50 -XX:CMSMaxAbortablePrecleanTime=6000 -XX:+CMSParallelRemarkEnabled -XX:+CMSScavengeBeforeRemark -XX:ConcGCThreads=4 -XX:InitialHeapSize=536870912 -XX:MaxHeapSize=536870912 -XX:MaxTenuringThreshold=8 -XX:NewRatio=3 -XX:OldPLABSize=16 -XX:ParallelGCThreads=4 -XX:+ParallelRefProcEnabled -XX:PretenureSizeThreshold=67108864 -XX:+PrintGC -XX:+PrintGCApplicationStoppedTime -XX:+PrintGCDateStamps -XX:+PrintGCDetails -XX:+PrintGCTimeStamps -XX:+PrintHeapAtGC -XX:+PrintTenuringDistribution -XX:SurvivorRatio=4 -XX:TargetSurvivorRatio=90 -XX:ThreadStackSize=256 -XX:+UseCMSInitiatingOccupancyOnly -XX:+UseCompressedClassPointers -XX:+UseCompressedOops -XX:+UseConcMarkSweepGC -XX:+UseParNewGC 
2023-04-14T18:26:57.894+0530: 0.074: Total time for which application threads were stopped: 0.0000762 seconds, Stopping threads took: 0.0000122 seconds
2023-04-14T18:26:58.004+0530: 0.184: Total time for which application threads were stopped: 0.0001085 seconds, Stopping threads took: 0.0000086 seconds
2023-04-14T18:26:58.054+0530: 0.234: Total time for which application threads were stopped: 0.0000933 seconds, Stopping threads took: 0.0000090 seconds
2023-04-14T18:26:58.104+0530: 0.284: Total time for which application threads were stopped: 0.0001065 seconds, Stopping threads took: 0.0000079 seconds
2023-04-14T18:26:58.130+0530: 0.310: Total time for which application threads were stopped: 0.0001367 seconds, Stopping threads took: 0.0000127 seconds
2023-04-14T18:26:58.137+0530: 0.317: Total time for which application threads were stopped: 0.0001136 seconds, Stopping threads took: 0.0000131 seconds
2023-04-14T18:26:58.143+0530: 0.323: Total time for which application threads were stopped: 0.0001234 seconds, Stopping threads took: 0.0000153 seconds
{Heap before GC invocations=0 (full 0):
 par new generation   total 109248K, used 87424K [0x00000000e0000000, 0x00000000e8000000, 0x00000000e8000000)
  eden space 87424K, 100% used [0x00000000e0000000, 0x00000000e5560000, 0x00000000e5560000)
  from space 21824K,   0% used [0x00000000e5560000, 0x00000000e5560000, 0x00000000e6ab0000)
  to   space 21824K,   0% used [0x00000000e6ab0000, 0x00000000e6ab0000, 0x00000000e8000000)
 concurrent mark-sweep generation total 393216K, used 0K [0x00000000e8000000, 0x0000000100000000, 0x0000000100000000)
 Metaspace       used 10233K, capacity 10396K, committed 10496K, reserved 1058816K
  class space    used 1165K, capacity 1208K, committed 1280K, reserved 1048576K
2023-04-14T18:26:58.262+0530: 0.442: [GC (Allocation Failure) 2023-04-14T18:26:58.262+0530: 0.442: [ParNew
Desired survivor size 20112992 bytes, new threshold 8 (max 8)
- age   1:    5752848 bytes,    5752848 total
: 87424K->5687K(109248K), 0.0040449 secs] 87424K->5687K(502464K), 0.0041188 secs] [Times: user=0.02 sys=0.00, real=0.01 secs] 
Heap after GC invocations=1 (full 0):
 par new generation   total 109248K, used 5687K [0x00000000e0000000, 0x00000000e8000000, 0x00000000e8000000)
  eden space 87424K,   0% used [0x00000000e0000000, 0x00000000e0000000, 0x00000000e5560000)
  from space 21824K,  26% used [0x00000000e6ab0000, 0x00000000e703dec8, 0x00000000e8000000)
  to   space 21824K,   0% used [0x00000000e5560000, 0x00000000e5560000, 0x00000000e6ab0000)
 concurrent mark-sweep generation total 393216K, used 0K [0x00000000e8000000, 0x0000000100000000, 0x0000000100000000)
 Metaspace       used 10233K, capacity 10396K, committed 10496K, reserved 1058816K
  class space    used 1165K, capacity 1208K, committed 1280K, reserved 1048576K
}
2023-04-14T18:26:58.266+0530: 0.446: Total time for which application threads were stopped: 0.0042340 seconds, Stopping threads took: 0.0000151 seconds
2023-04-14T18:26:58.298+0530: 0.479: Total time for which application threads were stopped: 0.0001325 seconds, Stopping threads took: 0.0000134 seconds
2023-04-14T18:26:58.321+0530: 0.501: Total time for which application threads were stopped: 0.0001327 seconds, Stopping threads took: 0.0000123 seconds
2023-04-14T18:26:58.395+0530: 0.576: Total time for which application threads were stopped: 0.0001947 seconds, Stopping threads took: 0.0000136 seconds
2023-04-14T18:26:58.418+0530: 0.598: Total time for which application threads were stopped: 0.0001820 seconds, Stopping threads took: 0.0000137 seconds
2023-04-14T18:26:58.449+0530: 0.629: Total time for which application threads were stopped: 0.0001841 seconds, Stopping threads took: 0.0000149 seconds
2023-04-14T18:26:58.450+0530: 0.630: Total time for which application threads were stopped: 0.0001275 seconds, Stopping threads took: 0.0000096 seconds
2023-04-14T18:26:58.488+0530: 0.669: Total time for which application threads were stopped: 0.0002185 seconds, Stopping threads took: 0.0000141 seconds
2023-04-14T18:26:58.536+0530: 0.717: Total time for which application threads were stopped: 0.0002459 seconds, Stopping threads took: 0.0000351 seconds
{Heap before GC invocations=1 (full 0):
 par new generation   total 109248K, used 93111K [0x00000000e0000000, 0x00000000e8000000, 0x00000000e8000000)
  eden space 87424K, 100% used [0x00000000e0000000, 0x00000000e5560000, 0x00000000e5560000)
  from space 21824K,  26% used [0x00000000e6ab0000, 0x00000000e703dec8, 0x00000000e8000000)
  to   space 21824K,   0% used [0x00000000e5560000, 0x00000000e5560000, 0x00000000e6ab0000)
 concurrent mark-sweep generation total 393216K, used 0K [0x00000000e8000000, 0x0000000100000000, 0x0000000100000000)
 Metaspace       used 19994K, capacity 20376K, committed 20736K, reserved 1067008K
  class space    used 2336K, capacity 2488K, committed 2560K, reserved 1048576K
2023-04-14T18:26:58.659+0530: 0.839: [GC (Allocation Failure) 2023-04-14T18:26:58.659+0530: 0.839: [ParNew
Desired survivor size 20112992 bytes, new threshold 8 (max 8)
- age   1:    9598968 bytes,    9598968 total
- age   2:    2533848 bytes,   12132816 total
: 93111K->14108K(109248K), 0.0065417 secs] 93111K->14108K(502464K), 0.0066079 secs] [Times: user=0.02 sys=0.02, real=0.01 secs] 
Heap after GC invocations=2 (full 0):
 par new generation   total 109248K, used 14108K [0x00000000e0000000, 0x00000000e8000000, 0x00000000e8000000)
  eden space 87424K,   0% used [0x00000000e0000000, 0x00000000e0000000, 0x00000000e5560000)
  from space 21824K,  64% used [0x00000000e5560000, 0x00000000e6327328, 0x00000000e6ab0000)
  to   space 21824K,   0% used [0x00000000e6ab0000, 0x00000000e6ab0000, 0x00000000e8000000)
 concurrent mark-sweep generation total 393216K, used 0K [0x00000000e8000000, 0x0000000100000000, 0x0000000100000000)
 Metaspace       used 19994K, capacity 20376K, committed 20736K, reserved 1067008K
  class space    used 2336K, capacity 2488K, committed 2560K, reserved 1048576K
}
2023-04-14T18:26:58.666+0530: 0.846: Total time for which application threads were stopped: 0.0067736 seconds, Stopping threads took: 0.0000334 seconds
2023-04-14T18:26:58.724+0530: 0.905: Total time for which application threads were stopped: 0.0002546 seconds, Stopping threads took: 0.0000224 seconds
2023-04-14T18:26:58.748+0530: 0.929: Total time for which application threads were stopped: 0.0002431 seconds, Stopping threads took: 0.0000173 seconds
2023-04-14T18:26:58.766+0530: 0.947: Total time for which application threads were stopped: 0.0002152 seconds, Stopping threads took: 0.0000143 seconds
2023-04-14T18:26:58.770+0530: 0.951: Total time for which application threads were stopped: 0.0000688 seconds, Stopping threads took: 0.0000152 seconds
2023-04-14T18:26:58.808+0530: 0.988: Total time for which application threads were stopped: 0.0001065 seconds, Stopping threads took: 0.0000341 seconds
{Heap before GC invocations=2 (full 0):
 par new generation   total 109248K, used 101531K [0x00000000e0000000, 0x00000000e8000000, 0x00000000e8000000)
  eden space 87424K,  99% used [0x00000000e0000000, 0x00000000e555fa58, 0x00000000e5560000)
  from space 21824K,  64% used [0x00000000e5560000, 0x00000000e6327328, 0x00000000e6ab0000)
  to   space 21824K,   0% used [0x00000000e6ab0000, 0x00000000e6ab0000, 0x00000000e8000000)
 concurrent mark-sweep generation total 393216K, used 0K [0x00000000e8000000, 0x0000000100000000, 0x0000000100000000)
 Metaspace       used 21330K, capacity 21720K, committed 21960K, reserved 1069056K
  class space    used 2484K, capacity 2616K, committed 2688K, reserved 1048576K
2023-04-14T18:26:58.827+0530: 1.007: [GC (Allocation Failure) 2023-04-14T18:26:58.827+0530: 1.007: [ParNew
Desired survivor size 20112992 bytes, new threshold 8 (max 8)
- age   1:    2565856 bytes,    2565856 total
- age   2:    4366568 bytes,    6932424 total
- age   3:    2500432 bytes,    9432856 total
: 101531K->17196K(109248K), 0.0048642 secs] 101531K->17196K(502464K), 0.0049341 secs] [Times: user=0.02 sys=0.00, real=0.00 secs] 
Heap after GC invocations=3 (full 0):
 par new generation   total 109248K, used 17196K [0x00000000e0000000, 0x00000000e8000000, 0x00000000e8000000)
  eden space 87424K,   0% used [0x00000000e0000000, 0x00000000e0000000, 0x00000000e5560000)
  from space 21824K,  78% used [0x00000000e6ab0000, 0x00000000e7b7b340, 0x00000000e8000000)
  to   space 21824K,   0% used [0x00000000e5560000, 0x00000000e5560000, 0x00000000e6ab0000)
 concurrent mark-sweep generation total 393216K, used 0K [0x00000000e8000000, 0x0000000100000000, 0x0000000100000000)
 Metaspace       used 21330K, capacity 21720K, committed 21960K, reserved 1069056K
  class space    used 2484K, capacity 2616K, committed 2688K, reserved 1048576K
}
2023-04-14T18:26:58.832+0530: 1.012: Total time for which application threads were stopped: 0.0050998 seconds, Stopping threads took: 0.0000363 seconds
2023-04-14T18:26:58.832+0530: 1.013: [GC (CMS Initial Mark) [1 CMS-initial-mark: 0K(393216K)] 18370K(502464K), 0.0022224 secs] [Times: user=0.01 sys=0.00, real=0.00 secs] 
2023-04-14T18:26:58.834+0530: 1.015: Total time for which application threads were stopped: 0.0023362 seconds, Stopping threads took: 0.0000457 seconds
2023-04-14T18:26:58.834+0530: 1.015: [CMS-concurrent-mark-start]
2023-04-14T18:26:58.835+0530: 1.016: [CMS-concurrent-mark: 0.001/0.001 secs] [Times: user=0.01 sys=0.00, real=0.01 secs] 
2023-04-14T18:26:58.835+0530: 1.016: [CMS-concurrent-preclean-start]
2023-04-14T18:26:58.836+0530: 1.017: [CMS-concurrent-preclean: 0.001/0.001 secs] [Times: user=0.00 sys=0.00, real=0.00 secs] 
2023-04-14T18:26:58.836+0530: 1.017: [CMS-concurrent-abortable-preclean-start]
2023-04-14T18:26:58.847+0530: 1.027: Total time for which application threads were stopped: 0.0001139 seconds, Stopping threads took: 0.0000427 seconds
2023-04-14T18:26:58.859+0530: 1.039: Total time for which application threads were stopped: 0.0001299 seconds, Stopping threads took: 0.0000637 seconds
2023-04-14T18:26:58.880+0530: 1.060: Total time for which application threads were stopped: 0.0002095 seconds, Stopping threads took: 0.0001519 seconds
{Heap before GC invocations=3 (full 1):
 par new generation   total 109248K, used 104620K [0x00000000e0000000, 0x00000000e8000000, 0x00000000e8000000)
  eden space 87424K, 100% used [0x00000000e0000000, 0x00000000e5560000, 0x00000000e5560000)
  from space 21824K,  78% used [0x00000000e6ab0000, 0x00000000e7b7b340, 0x00000000e8000000)
  to   space 21824K,   0% used [0x00000000e5560000, 0x00000000e5560000, 0x00000000e6ab0000)
 concurrent mark-sweep generation total 393216K, used 0K [0x00000000e8000000, 0x0000000100000000, 0x0000000100000000)
 Metaspace       used 22171K, capacity 22532K, committed 22880K, reserved 1069056K
  class space    used 2590K, capacity 2714K, committed 2764K, reserved 1048576K
2023-04-14T18:26:58.896+0530: 1.076: [GC (Allocation Failure) 2023-04-14T18:26:58.896+0530: 1.076: [ParNew
Desired survivor size 20112992 bytes, new threshold 8 (max 8)
- age   1:     990000 bytes,     990000 total
- age   2:    1533728 bytes,    2523728 total
- age   3:    4328176 bytes,    6851904 total
- age   4:    2500368 bytes,    9352272 total
: 104620K->11505K(109248K), 0.0051409 secs] 104620K->11505K(502464K), 0.0051973 secs] [Times: user=0.03 sys=0.00, real=0.00 secs] 
Heap after GC invocations=4 (full 1):
 par new generation   total 109248K, used 11505K [0x00000000e0000000, 0x00000000e8000000, 0x00000000e8000000)
  eden space 87424K,   0% used [0x00000000e0000000, 0x00000000e0000000, 0x00000000e5560000)
  from space 21824K,  52% used [0x00000000e5560000, 0x00000000e609c6a0, 0x00000000e6ab0000)
  to   space 21824K,   0% used [0x00000000e6ab0000, 0x00000000e6ab0000, 0x00000000e8000000)
 concurrent mark-sweep generation total 393216K, used 0K [0x00000000e8000000, 0x0000000100000000, 0x0000000100000000)
 Metaspace       used 22171K, capacity 22532K, committed 22880K, reserved 1069056K
  class space    used 2590K, capacity 2714K, committed 2764K, reserved 1048576K
}
2023-04-14T18:26:58.901+0530: 1.082: Total time for which application threads were stopped: 0.0053503 seconds, Stopping threads took: 0.0000376 seconds
2023-04-14T18:26:58.901+0530: 1.082: [CMS-concurrent-abortable-preclean: 0.044/0.065 secs] [Times: user=0.41 sys=0.00, real=0.06 secs] 
2023-04-14T18:26:58.901+0530: 1.082: [GC (CMS Final Remark) [YG occupancy: 12864 K (109248 K)]{Heap before GC invocations=4 (full 1):
 par new generation   total 109248K, used 12864K [0x00000000e0000000, 0x00000000e8000000, 0x00000000e8000000)
  eden space 87424K,   1% used [0x00000000e0000000, 0x00000000e0153b58, 0x00000000e5560000)
  from space 21824K,  52% used [0x00000000e5560000, 0x00000000e609c6a0, 0x00000000e6ab0000)
  to   space 21824K,   0% used [0x00000000e6ab0000, 0x00000000e6ab0000, 0x00000000e8000000)
 concurrent mark-sweep generation total 393216K, used 0K [0x00000000e8000000, 0x0000000100000000, 0x0000000100000000)
 Metaspace       used 22171K, capacity 22532K, committed 22880K, reserved 1069056K
  class space    used 2590K, capacity 2714K, committed 2764K, reserved 1048576K
2023-04-14T18:26:58.901+0530: 1.082: [GC (CMS Final Remark) 2023-04-14T18:26:58.901+0530: 1.082: [ParNew
Desired survivor size 20112992 bytes, new threshold 8 (max 8)
- age   1:      69824 bytes,      69824 total
- age   2:     904944 bytes,     974768 total
- age   3:    1533272 bytes,    2508040 total
- age   4:    4328200 bytes,    6836240 total
- age   5:    2516848 bytes,    9353088 total
: 12864K->11843K(109248K), 0.0044513 secs] 12864K->11843K(502464K), 0.0044804 secs] [Times: user=0.02 sys=0.00, real=0.01 secs] 
Heap after GC invocations=5 (full 1):
 par new generation   total 109248K, used 11843K [0x00000000e0000000, 0x00000000e8000000, 0x00000000e8000000)
  eden space 87424K,   0% used [0x00000000e0000000, 0x00000000e0000000, 0x00000000e5560000)
  from space 21824K,  54% used [0x00000000e6ab0000, 0x00000000e7640ca0, 0x00000000e8000000)
  to   space 21824K,   0% used [0x00000000e5560000, 0x00000000e5560000, 0x00000000e6ab0000)
 concurrent mark-sweep generation total 393216K, used 0K [0x00000000e8000000, 0x0000000100000000, 0x0000000100000000)
 Metaspace       used 22171K, capacity 22532K, committed 22880K, reserved 1069056K
  class space    used 2590K, capacity 2714K, committed 2764K, reserved 1048576K
}
2023-04-14T18:26:58.906+0530: 1.086: [Rescan (parallel) , 0.0016350 secs]2023-04-14T18:26:58.907+0530: 1.088: [weak refs processing, 0.0003102 secs]2023-04-14T18:26:58.908+0530: 1.088: [class unloading, 0.0023379 secs]2023-04-14T18:26:58.910+0530: 1.091: [scrub symbol table, 0.0016177 secs]2023-04-14T18:26:58.912+0530: 1.092: [scrub string table, 0.0002835 secs][1 CMS-remark: 0K(393216K)] 11843K(502464K), 0.0112555 secs] [Times: user=0.03 sys=0.00, real=0.01 secs] 
2023-04-14T18:26:58.913+0530: 1.093: Total time for which application threads were stopped: 0.0113856 seconds, Stopping threads took: 0.0000750 seconds
2023-04-14T18:26:58.913+0530: 1.093: [CMS-concurrent-sweep-start]
2023-04-14T18:26:58.913+0530: 1.093: [CMS-concurrent-sweep: 0.000/0.000 secs] [Times: user=0.00 sys=0.00, real=0.00 secs] 
2023-04-14T18:26:58.913+0530: 1.093: [CMS-concurrent-reset-start]
2023-04-14T18:26:58.915+0530: 1.096: [CMS-concurrent-reset: 0.003/0.003 secs] [Times: user=0.01 sys=0.00, real=0.01 secs] 
{Heap before GC invocations=5 (full 1):
 par new generation   total 109248K, used 99267K [0x00000000e0000000, 0x00000000e8000000, 0x00000000e8000000)
  eden space 87424K, 100% used [0x00000000e0000000, 0x00000000e5560000, 0x00000000e5560000)
  from space 21824K,  54% used [0x00000000e6ab0000, 0x00000000e7640ca0, 0x00000000e8000000)
  to   space 21824K,   0% used [0x00000000e5560000, 0x00000000e5560000, 0x00000000e6ab0000)
 concurrent mark-sweep generation total 393216K, used 0K [0x00000000e8000000, 0x0000000100000000, 0x0000000100000000)
 Metaspace       used 22233K, capacity 22646K, committed 22880K, reserved 1069056K
  class space    used 2602K, capacity 2749K, committed 2764K, reserved 1048576K
2023-04-14T18:26:58.949+0530: 1.130: [GC (Allocation Failure) 2023-04-14T18:26:58.949+0530: 1.130: [ParNew
Desired survivor size 20112992 bytes, new threshold 8 (max 8)
- age   1:     371320 bytes,     371320 total
- age   3:     140424 bytes,     511744 total
- age   4:    1530104 bytes,    2041848 total
- age   5:    4328832 bytes,    6370680 total
- age   6:    2500400 bytes,    8871080 total
: 99267K->12134K(109248K), 0.0047066 secs] 99267K->12134K(502464K), 0.0047610 secs] [Times: user=0.02 sys=0.00, real=0.00 secs] 
Heap after GC invocations=6 (full 1):
 par new generation   total 109248K, used 12134K [0x00000000e0000000, 0x00000000e8000000, 0x00000000e8000000)
  eden space 87424K,   0% used [0x00000000e0000000, 0x00000000e0000000, 0x00000000e5560000)
  from space 21824K,  55% used [0x00000000e5560000, 0x00000000e6139900, 0x00000000e6ab0000)
  to   space 21824K,   0% used [0x00000000e6ab0000, 0x00000000e6ab0000, 0x00000000e8000000)
 concurrent mark-sweep generation total 393216K, used 0K [0x00000000e8000000, 0x0000000100000000, 0x0000000100000000)
 Metaspace       used 22233K, capacity 22646K, committed 22880K, reserved 1069056K
  class space    used 2602K, capacity 2749K, committed 2764K, reserved 1048576K
}
2023-04-14T18:26:58.954+0530: 1.134: Total time for which application threads were stopped: 0.0049086 seconds, Stopping threads took: 0.0000405 seconds
{Heap before GC invocations=6 (full 1):
 par new generation   total 109248K, used 99558K [0x00000000e0000000, 0x00000000e8000000, 0x00000000e8000000)
  eden space 87424K, 100% used [0x00000000e0000000, 0x00000000e5560000, 0x00000000e5560000)
  from space 21824K,  55% used [0x00000000e5560000, 0x00000000e6139900, 0x00000000e6ab0000)
  to   space 21824K,   0% used [0x00000000e6ab0000, 0x00000000e6ab0000, 0x00000000e8000000)
 concurrent mark-sweep generation total 393216K, used 0K [0x00000000e8000000, 0x0000000100000000, 0x0000000100000000)
 Metaspace       used 22684K, capacity 23070K, committed 23372K, reserved 1069056K
  class space    used 2658K, capacity 2783K, committed 2892K, reserved 1048576K
2023-04-14T18:26:59.004+0530: 1.185: [GC (Allocation Failure) 2023-04-14T18:26:59.004+0530: 1.185: [ParNew
Desired survivor size 20112992 bytes, new threshold 8 (max 8)
- age   1:     578480 bytes,     578480 total
- age   2:     106176 bytes,     684656 total
- age   4:     138288 bytes,     822944 total
- age   5:    1529480 bytes,    2352424 total
- age   6:    4324544 bytes,    6676968 total
- age   7:    2500264 bytes,    9177232 total
: 99558K->11491K(109248K), 0.0059354 secs] 99558K->11491K(502464K), 0.0059844 secs] [Times: user=0.03 sys=0.00, real=0.00 secs] 
Heap after GC invocations=7 (full 1):
 par new generation   total 109248K, used 11491K [0x00000000e0000000, 0x00000000e8000000, 0x00000000e8000000)
  eden space 87424K,   0% used [0x00000000e0000000, 0x00000000e0000000, 0x00000000e5560000)
  from space 21824K,  52% used [0x00000000e6ab0000, 0x00000000e75e8d50, 0x00000000e8000000)
  to   space 21824K,   0% used [0x00000000e5560000, 0x00000000e5560000, 0x00000000e6ab0000)
 concurrent mark-sweep generation total 393216K, used 0K [0x00000000e8000000, 0x0000000100000000, 0x0000000100000000)
 Metaspace       used 22684K, capacity 23070K, committed 23372K, reserved 1069056K
  class space    used 2658K, capacity 2783K, committed 2892K, reserved 1048576K
}
2023-04-14T18:26:59.010+0530: 1.191: Total time for which application threads were stopped: 0.0062122 seconds, Stopping threads took: 0.0001308 seconds
2023-04-14T18:26:59.019+0530: 1.199: Total time for which application threads were stopped: 0.0002805 seconds, Stopping threads took: 0.0000363 seconds
2023-04-14T18:26:59.117+0530: 1.298: Total time for which application threads were stopped: 0.0003144 seconds, Stopping threads took: 0.0000163 seconds
2023-04-14T18:26:59.125+0530: 1.306: Total time for which application threads were stopped: 0.0002934 seconds, Stopping threads took: 0.0000200 seconds
{Heap before GC invocations=7 (full 1):
 par new generation   total 109248K, used 98915K [0x00000000e0000000, 0x00000000e8000000, 0x00000000e8000000)
  eden space 87424K, 100% used [0x00000000e0000000, 0x00000000e5560000, 0x00000000e5560000)
  from space 21824K,  52% used [0x00000000e6ab0000, 0x00000000e75e8d50, 0x00000000e8000000)
  to   space 21824K,   0% used [0x00000000e5560000, 0x00000000e5560000, 0x00000000e6ab0000)
 concurrent mark-sweep generation total 393216K, used 0K [0x00000000e8000000, 0x0000000100000000, 0x0000000100000000)
 Metaspace       used 27259K, capacity 27664K, committed 27980K, reserved 1073152K
  class space    used 3188K, capacity 3334K, committed 3404K, reserved 1048576K
2023-04-14T18:26:59.294+0530: 1.475: [GC (Allocation Failure) 2023-04-14T18:26:59.294+0530: 1.475: [ParNew
Desired survivor size 20112992 bytes, new threshold 8 (max 8)
- age   1:    9370352 bytes,    9370352 total
- age   2:     180896 bytes,    9551248 total
- age   3:     106176 bytes,    9657424 total
- age   5:     135632 bytes,    9793056 total
- age   6:     309656 bytes,   10102712 total
- age   7:    4314320 bytes,   14417032 total
- age   8:    2500104 bytes,   16917136 total
: 98915K->19932K(109248K), 0.0088986 secs] 98915K->19932K(502464K), 0.0089596 secs] [Times: user=0.04 sys=0.01, real=0.02 secs] 
Heap after GC invocations=8 (full 1):
 par new generation   total 109248K, used 19932K [0x00000000e0000000, 0x00000000e8000000, 0x00000000e8000000)
  eden space 87424K,   0% used [0x00000000e0000000, 0x00000000e0000000, 0x00000000e5560000)
  from space 21824K,  91% used [0x00000000e5560000, 0x00000000e68d7340, 0x00000000e6ab0000)
  to   space 21824K,   0% used [0x00000000e6ab0000, 0x00000000e6ab0000, 0x00000000e8000000)
 concurrent mark-sweep generation total 393216K, used 0K [0x00000000e8000000, 0x0000000100000000, 0x0000000100000000)
 Metaspace       used 27259K, capacity 27664K, committed 27980K, reserved 1073152K
  class space    used 3188K, capacity 3334K, committed 3404K, reserved 1048576K
}
2023-04-14T18:26:59.303+0530: 1.484: Total time for which application threads were stopped: 0.0091169 seconds, Stopping threads took: 0.0000177 seconds
2023-04-14T18:26:59.310+0530: 1.490: Total time for which application threads were stopped: 0.0003316 seconds, Stopping threads took: 0.0000184 seconds
2023-04-14T18:27:00.204+0530: 2.384: Total time for which application threads were stopped: 0.0005471 seconds, Stopping threads took: 0.0000213 seconds
2023-04-14T18:27:00.313+0530: 2.494: Total time for which application threads were stopped: 0.0003227 seconds, Stopping threads took: 0.0000155 seconds
2023-04-14T18:27:00.314+0530: 2.494: Total time for which application threads were stopped: 0.0002460 seconds, Stopping threads took: 0.0000083 seconds
2023-04-14T18:27:01.314+0530: 3.495: Total time for which application threads were stopped: 0.0002009 seconds, Stopping threads took: 0.0000506 seconds
2023-04-14T18:27:01.858+0530: 4.038: Total time for which application threads were stopped: 0.0007990 seconds, Stopping threads took: 0.0000441 seconds
2023-04-14T18:27:06.859+0530: 9.039: Total time for which application threads were stopped: 0.0002355 seconds, Stopping threads took: 0.0000636 seconds
2023-04-14T18:27:08.804+0530: 10.984: Total time for which application threads were stopped: 0.0000921 seconds, Stopping threads took: 0.0000206 seconds
2023-04-14T18:27:08.804+0530: 10.985: Total time for which application threads were stopped: 0.0000556 seconds, Stopping threads took: 0.0000108 seconds
2023-04-14T18:27:08.804+0530: 10.985: Total time for which application threads were stopped: 0.0000421 seconds, Stopping threads took: 0.0000086 seconds
2023-04-14T18:27:08.804+0530: 10.985: Total time for which application threads were stopped: 0.0000300 seconds, Stopping threads took: 0.0000071 seconds
2023-04-14T18:27:08.804+0530: 10.985: Total time for which application threads were stopped: 0.0000714 seconds, Stopping threads took: 0.0000269 seconds
2023-04-14T18:27:08.806+0530: 10.986: Total time for which application threads were stopped: 0.0000747 seconds, Stopping threads took: 0.0000334 seconds
2023-04-14T18:27:08.806+0530: 10.986: Total time for which application threads were stopped: 0.0000462 seconds, Stopping threads took: 0.0000215 seconds
2023-04-14T18:27:08.806+0530: 10.986: Total time for which application threads were stopped: 0.0000484 seconds, Stopping threads took: 0.0000223 seconds
2023-04-14T18:27:08.806+0530: 10.986: Total time for which application threads were stopped: 0.0000451 seconds, Stopping threads took: 0.0000231 seconds
2023-04-14T18:27:08.806+0530: 10.986: Total time for which application threads were stopped: 0.0000454 seconds, Stopping threads took: 0.0000144 seconds
2023-04-14T18:27:09.806+0530: 11.987: Total time for which application threads were stopped: 0.0001848 seconds, Stopping threads took: 0.0000428 seconds
2023-04-14T18:27:11.409+0530: 13.590: Total time for which application threads were stopped: 0.0001328 seconds, Stopping threads took: 0.0000218 seconds
2023-04-14T18:27:11.409+0530: 13.590: Total time for which application threads were stopped: 0.0000425 seconds, Stopping threads took: 0.0000078 seconds
2023-04-14T18:27:11.409+0530: 13.590: Total time for which application threads were stopped: 0.0000384 seconds, Stopping threads took: 0.0000068 seconds
2023-04-14T18:27:11.410+0530: 13.590: Total time for which application threads were stopped: 0.0000922 seconds, Stopping threads took: 0.0000188 seconds
2023-04-14T18:27:11.410+0530: 13.590: Total time for which application threads were stopped: 0.0000485 seconds, Stopping threads took: 0.0000154 seconds
2023-04-14T18:27:11.411+0530: 13.591: Total time for which application threads were stopped: 0.0000582 seconds, Stopping threads took: 0.0000205 seconds
2023-04-14T18:27:11.411+0530: 13.591: Total time for which application threads were stopped: 0.0000544 seconds, Stopping threads took: 0.0000195 seconds
2023-04-14T18:27:11.411+0530: 13.591: Total time for which application threads were stopped: 0.0000415 seconds, Stopping threads took: 0.0000130 seconds
2023-04-14T18:27:11.411+0530: 13.591: Total time for which application threads were stopped: 0.0000448 seconds, Stopping threads took: 0.0000177 seconds
2023-04-14T18:27:11.411+0530: 13.592: Total time for which application threads were stopped: 0.0000547 seconds, Stopping threads took: 0.0000223 seconds
2023-04-14T18:27:12.411+0530: 14.592: Total time for which application threads were stopped: 0.0002229 seconds, Stopping threads took: 0.0000544 seconds
2023-04-14T18:27:14.412+0530: 16.592: Total time for which application threads were stopped: 0.0001958 seconds, Stopping threads took: 0.0000734 seconds
2023-04-14T18:27:20.134+0530: 22.315: Total time for which application threads were stopped: 0.0005433 seconds, Stopping threads took: 0.0003190 seconds
2023-04-14T18:27:20.144+0530: 22.324: Total time for which application threads were stopped: 0.0001944 seconds, Stopping threads took: 0.0000411 seconds
2023-04-14T18:27:20.146+0530: 22.326: Total time for which application threads were stopped: 0.0002152 seconds, Stopping threads took: 0.0000479 seconds
2023-04-14T18:27:20.148+0530: 22.328: Total time for which application threads were stopped: 0.0003073 seconds, Stopping threads took: 0.0001424 seconds
2023-04-14T18:27:20.150+0530: 22.330: Total time for which application threads were stopped: 0.0003385 seconds, Stopping threads took: 0.0001802 seconds
2023-04-14T18:27:20.152+0530: 22.332: Total time for which application threads were stopped: 0.0003734 seconds, Stopping threads took: 0.0002161 seconds
2023-04-14T18:27:20.154+0530: 22.334: Total time for which application threads were stopped: 0.0001628 seconds, Stopping threads took: 0.0000562 seconds
2023-04-14T18:27:20.154+0530: 22.335: Total time for which application threads were stopped: 0.0001828 seconds, Stopping threads took: 0.0000789 seconds
2023-04-14T18:27:20.156+0530: 22.336: Total time for which application threads were stopped: 0.0002941 seconds, Stopping threads took: 0.0001019 seconds
2023-04-14T18:27:20.156+0530: 22.337: Total time for which application threads were stopped: 0.0002645 seconds, Stopping threads took: 0.0001230 seconds
2023-04-14T18:27:39.160+0530: 41.341: Total time for which application threads were stopped: 0.0002985 seconds, Stopping threads took: 0.0001243 seconds
2023-04-14T18:27:55.484+0530: 57.665: Total time for which application threads were stopped: 0.0000623 seconds, Stopping threads took: 0.0000127 seconds
2023-04-14T18:27:55.485+0530: 57.666: Total time for which application threads were stopped: 0.0003902 seconds, Stopping threads took: 0.0000088 seconds
2023-04-14T18:27:55.494+0530: 57.675: Total time for which application threads were stopped: 0.0000642 seconds, Stopping threads took: 0.0000107 seconds
2023-04-14T18:27:55.498+0530: 57.679: Total time for which application threads were stopped: 0.0000565 seconds, Stopping threads took: 0.0000121 seconds
Heap
 par new generation   total 109248K, used 53474K [0x00000000e0000000, 0x00000000e8000000, 0x00000000e8000000)
  eden space 87424K,  38% used [0x00000000e0000000, 0x00000000e20c15e8, 0x00000000e5560000)
  from space 21824K,  91% used [0x00000000e5560000, 0x00000000e68d7340, 0x00000000e6ab0000)
  to   space 21824K,   0% used [0x00000000e6ab0000, 0x00000000e6ab0000, 0x00000000e8000000)
 concurrent mark-sweep generation total 393216K, used 0K [0x00000000e8000000, 0x0000000100000000, 0x0000000100000000)
 Metaspace       used 30097K, capacity 30484K, committed 30924K, reserved 1077248K
  class space    used 3553K, capacity 3712K, committed 3788K, reserved 1048576K
