OpenJDK 64-Bit Server VM (25.362-b09) for linux-amd64 JRE (1.8.0_362-8u362-ga-0ubuntu1~22.04-b09), built on Jan 24 2023 19:02:58 by "buildd" with gcc 11.3.0
Memory: 4k page, physical 32636936k(23612968k free), swap 2097148k(2097148k free)
CommandLine flags: -XX:CMSInitiatingOccupancyFraction=50 -XX:CMSMaxAbortablePrecleanTime=6000 -XX:+CMSParallelRemarkEnabled -XX:+CMSScavengeBeforeRemark -XX:ConcGCThreads=4 -XX:InitialHeapSize=536870912 -XX:MaxHeapSize=536870912 -XX:MaxTenuringThreshold=8 -XX:NewRatio=3 -XX:OldPLABSize=16 -XX:ParallelGCThreads=4 -XX:+ParallelRefProcEnabled -XX:PretenureSizeThreshold=67108864 -XX:+PrintGC -XX:+PrintGCApplicationStoppedTime -XX:+PrintGCDateStamps -XX:+PrintGCDetails -XX:+PrintGCTimeStamps -XX:+PrintHeapAtGC -XX:+PrintTenuringDistribution -XX:SurvivorRatio=4 -XX:TargetSurvivorRatio=90 -XX:ThreadStackSize=256 -XX:+UseCMSInitiatingOccupancyOnly -XX:+UseCompressedClassPointers -XX:+UseCompressedOops -XX:+UseConcMarkSweepGC -XX:+UseParNewGC 
2023-04-20T15:04:24.586+0530: 0.069: Total time for which application threads were stopped: 0.0000567 seconds, Stopping threads took: 0.0000106 seconds
2023-04-20T15:04:24.694+0530: 0.176: Total time for which application threads were stopped: 0.0001057 seconds, Stopping threads took: 0.0000104 seconds
2023-04-20T15:04:24.742+0530: 0.224: Total time for which application threads were stopped: 0.0001195 seconds, Stopping threads took: 0.0000152 seconds
2023-04-20T15:04:24.788+0530: 0.270: Total time for which application threads were stopped: 0.0001011 seconds, Stopping threads took: 0.0000093 seconds
2023-04-20T15:04:24.815+0530: 0.297: Total time for which application threads were stopped: 0.0001348 seconds, Stopping threads took: 0.0000155 seconds
2023-04-20T15:04:24.822+0530: 0.304: Total time for which application threads were stopped: 0.0001462 seconds, Stopping threads took: 0.0000179 seconds
2023-04-20T15:04:24.827+0530: 0.310: Total time for which application threads were stopped: 0.0001409 seconds, Stopping threads took: 0.0000159 seconds
{Heap before GC invocations=0 (full 0):
 par new generation   total 109248K, used 87424K [0x00000000e0000000, 0x00000000e8000000, 0x00000000e8000000)
  eden space 87424K, 100% used [0x00000000e0000000, 0x00000000e5560000, 0x00000000e5560000)
  from space 21824K,   0% used [0x00000000e5560000, 0x00000000e5560000, 0x00000000e6ab0000)
  to   space 21824K,   0% used [0x00000000e6ab0000, 0x00000000e6ab0000, 0x00000000e8000000)
 concurrent mark-sweep generation total 393216K, used 0K [0x00000000e8000000, 0x0000000100000000, 0x0000000100000000)
 Metaspace       used 10249K, capacity 10396K, committed 10496K, reserved 1058816K
  class space    used 1165K, capacity 1208K, committed 1280K, reserved 1048576K
2023-04-20T15:04:24.944+0530: 0.426: [GC (Allocation Failure) 2023-04-20T15:04:24.944+0530: 0.426: [ParNew
Desired survivor size 20112992 bytes, new threshold 8 (max 8)
- age   1:    5906608 bytes,    5906608 total
: 87424K->5836K(109248K), 0.0035713 secs] 87424K->5836K(502464K), 0.0036513 secs] [Times: user=0.01 sys=0.00, real=0.00 secs] 
Heap after GC invocations=1 (full 0):
 par new generation   total 109248K, used 5836K [0x00000000e0000000, 0x00000000e8000000, 0x00000000e8000000)
  eden space 87424K,   0% used [0x00000000e0000000, 0x00000000e0000000, 0x00000000e5560000)
  from space 21824K,  26% used [0x00000000e6ab0000, 0x00000000e7063050, 0x00000000e8000000)
  to   space 21824K,   0% used [0x00000000e5560000, 0x00000000e5560000, 0x00000000e6ab0000)
 concurrent mark-sweep generation total 393216K, used 0K [0x00000000e8000000, 0x0000000100000000, 0x0000000100000000)
 Metaspace       used 10249K, capacity 10396K, committed 10496K, reserved 1058816K
  class space    used 1165K, capacity 1208K, committed 1280K, reserved 1048576K
}
2023-04-20T15:04:24.948+0530: 0.430: Total time for which application threads were stopped: 0.0037760 seconds, Stopping threads took: 0.0000124 seconds
2023-04-20T15:04:24.985+0530: 0.468: Total time for which application threads were stopped: 0.0001370 seconds, Stopping threads took: 0.0000118 seconds
2023-04-20T15:04:25.009+0530: 0.491: Total time for which application threads were stopped: 0.0001795 seconds, Stopping threads took: 0.0000149 seconds
2023-04-20T15:04:25.084+0530: 0.566: Total time for which application threads were stopped: 0.0001805 seconds, Stopping threads took: 0.0000133 seconds
2023-04-20T15:04:25.105+0530: 0.587: Total time for which application threads were stopped: 0.0001991 seconds, Stopping threads took: 0.0000144 seconds
2023-04-20T15:04:25.129+0530: 0.612: Total time for which application threads were stopped: 0.0002272 seconds, Stopping threads took: 0.0000176 seconds
2023-04-20T15:04:25.130+0530: 0.613: Total time for which application threads were stopped: 0.0001757 seconds, Stopping threads took: 0.0000115 seconds
2023-04-20T15:04:25.167+0530: 0.649: Total time for which application threads were stopped: 0.0002184 seconds, Stopping threads took: 0.0000157 seconds
2023-04-20T15:04:25.219+0530: 0.701: Total time for which application threads were stopped: 0.0002895 seconds, Stopping threads took: 0.0001073 seconds
{Heap before GC invocations=1 (full 0):
 par new generation   total 109248K, used 93260K [0x00000000e0000000, 0x00000000e8000000, 0x00000000e8000000)
  eden space 87424K, 100% used [0x00000000e0000000, 0x00000000e5560000, 0x00000000e5560000)
  from space 21824K,  26% used [0x00000000e6ab0000, 0x00000000e7063050, 0x00000000e8000000)
  to   space 21824K,   0% used [0x00000000e5560000, 0x00000000e5560000, 0x00000000e6ab0000)
 concurrent mark-sweep generation total 393216K, used 0K [0x00000000e8000000, 0x0000000100000000, 0x0000000100000000)
 Metaspace       used 19684K, capacity 20024K, committed 20352K, reserved 1067008K
  class space    used 2251K, capacity 2392K, committed 2432K, reserved 1048576K
2023-04-20T15:04:25.327+0530: 0.810: [GC (Allocation Failure) 2023-04-20T15:04:25.327+0530: 0.810: [ParNew
Desired survivor size 20112992 bytes, new threshold 8 (max 8)
- age   1:   10182992 bytes,   10182992 total
- age   2:    2569624 bytes,   12752616 total
: 93260K->14745K(109248K), 0.0056388 secs] 93260K->14745K(502464K), 0.0057175 secs] [Times: user=0.02 sys=0.00, real=0.01 secs] 
Heap after GC invocations=2 (full 0):
 par new generation   total 109248K, used 14745K [0x00000000e0000000, 0x00000000e8000000, 0x00000000e8000000)
  eden space 87424K,   0% used [0x00000000e0000000, 0x00000000e0000000, 0x00000000e5560000)
  from space 21824K,  67% used [0x00000000e5560000, 0x00000000e63c6658, 0x00000000e6ab0000)
  to   space 21824K,   0% used [0x00000000e6ab0000, 0x00000000e6ab0000, 0x00000000e8000000)
 concurrent mark-sweep generation total 393216K, used 0K [0x00000000e8000000, 0x0000000100000000, 0x0000000100000000)
 Metaspace       used 19684K, capacity 20024K, committed 20352K, reserved 1067008K
  class space    used 2251K, capacity 2392K, committed 2432K, reserved 1048576K
}
2023-04-20T15:04:25.333+0530: 0.815: Total time for which application threads were stopped: 0.0058898 seconds, Stopping threads took: 0.0000153 seconds
2023-04-20T15:04:25.430+0530: 0.912: Total time for which application threads were stopped: 0.0002387 seconds, Stopping threads took: 0.0000200 seconds
2023-04-20T15:04:25.453+0530: 0.936: Total time for which application threads were stopped: 0.0002737 seconds, Stopping threads took: 0.0000331 seconds
{Heap before GC invocations=2 (full 0):
 par new generation   total 109248K, used 102159K [0x00000000e0000000, 0x00000000e8000000, 0x00000000e8000000)
  eden space 87424K,  99% used [0x00000000e0000000, 0x00000000e555d730, 0x00000000e5560000)
  from space 21824K,  67% used [0x00000000e5560000, 0x00000000e63c6658, 0x00000000e6ab0000)
  to   space 21824K,   0% used [0x00000000e6ab0000, 0x00000000e6ab0000, 0x00000000e8000000)
 concurrent mark-sweep generation total 393216K, used 0K [0x00000000e8000000, 0x0000000100000000, 0x0000000100000000)
 Metaspace       used 20669K, capacity 21048K, committed 21248K, reserved 1069056K
  class space    used 2395K, capacity 2520K, committed 2560K, reserved 1048576K
2023-04-20T15:04:25.462+0530: 0.944: [GC (Allocation Failure) 2023-04-20T15:04:25.462+0530: 0.944: [ParNew
Desired survivor size 20112992 bytes, new threshold 8 (max 8)
- age   1:    1632912 bytes,    1632912 total
- age   2:    4894120 bytes,    6527032 total
- age   3:    2538760 bytes,    9065792 total
: 102159K->12903K(109248K), 0.0055622 secs] 102159K->12903K(502464K), 0.0056337 secs] [Times: user=0.02 sys=0.00, real=0.00 secs] 
Heap after GC invocations=3 (full 0):
 par new generation   total 109248K, used 12903K [0x00000000e0000000, 0x00000000e8000000, 0x00000000e8000000)
  eden space 87424K,   0% used [0x00000000e0000000, 0x00000000e0000000, 0x00000000e5560000)
  from space 21824K,  59% used [0x00000000e6ab0000, 0x00000000e7749c30, 0x00000000e8000000)
  to   space 21824K,   0% used [0x00000000e5560000, 0x00000000e5560000, 0x00000000e6ab0000)
 concurrent mark-sweep generation total 393216K, used 0K [0x00000000e8000000, 0x0000000100000000, 0x0000000100000000)
 Metaspace       used 20669K, capacity 21048K, committed 21248K, reserved 1069056K
  class space    used 2395K, capacity 2520K, committed 2560K, reserved 1048576K
}
2023-04-20T15:04:25.468+0530: 0.950: Total time for which application threads were stopped: 0.0057670 seconds, Stopping threads took: 0.0000322 seconds
2023-04-20T15:04:25.482+0530: 0.964: Total time for which application threads were stopped: 0.0002785 seconds, Stopping threads took: 0.0000182 seconds
2023-04-20T15:04:25.490+0530: 0.973: Total time for which application threads were stopped: 0.0001648 seconds, Stopping threads took: 0.0000988 seconds
2023-04-20T15:04:25.545+0530: 1.028: Total time for which application threads were stopped: 0.0001403 seconds, Stopping threads took: 0.0000274 seconds
{Heap before GC invocations=3 (full 0):
 par new generation   total 109248K, used 100296K [0x00000000e0000000, 0x00000000e8000000, 0x00000000e8000000)
  eden space 87424K,  99% used [0x00000000e0000000, 0x00000000e5558590, 0x00000000e5560000)
  from space 21824K,  59% used [0x00000000e6ab0000, 0x00000000e7749c30, 0x00000000e8000000)
  to   space 21824K,   0% used [0x00000000e5560000, 0x00000000e5560000, 0x00000000e6ab0000)
 concurrent mark-sweep generation total 393216K, used 0K [0x00000000e8000000, 0x0000000100000000, 0x0000000100000000)
 Metaspace       used 21406K, capacity 21726K, committed 21960K, reserved 1069056K
  class space    used 2482K, capacity 2617K, committed 2684K, reserved 1048576K
2023-04-20T15:04:25.580+0530: 1.062: [GC (Allocation Failure) 2023-04-20T15:04:25.580+0530: 1.062: [ParNew
Desired survivor size 20112992 bytes, new threshold 8 (max 8)
- age   1:    2746640 bytes,    2746640 total
- age   2:     324952 bytes,    3071592 total
- age   3:    4885056 bytes,    7956648 total
- age   4:    2538760 bytes,   10495408 total
: 100296K->14751K(109248K), 0.0051916 secs] 100296K->14751K(502464K), 0.0052787 secs] [Times: user=0.03 sys=0.01, real=0.00 secs] 
Heap after GC invocations=4 (full 0):
 par new generation   total 109248K, used 14751K [0x00000000e0000000, 0x00000000e8000000, 0x00000000e8000000)
  eden space 87424K,   0% used [0x00000000e0000000, 0x00000000e0000000, 0x00000000e5560000)
  from space 21824K,  67% used [0x00000000e5560000, 0x00000000e63c7df0, 0x00000000e6ab0000)
  to   space 21824K,   0% used [0x00000000e6ab0000, 0x00000000e6ab0000, 0x00000000e8000000)
 concurrent mark-sweep generation total 393216K, used 0K [0x00000000e8000000, 0x0000000100000000, 0x0000000100000000)
 Metaspace       used 21406K, capacity 21726K, committed 21960K, reserved 1069056K
  class space    used 2482K, capacity 2617K, committed 2684K, reserved 1048576K
}
2023-04-20T15:04:25.585+0530: 1.067: Total time for which application threads were stopped: 0.0054462 seconds, Stopping threads took: 0.0000460 seconds
2023-04-20T15:04:25.585+0530: 1.068: [GC (CMS Initial Mark) [1 CMS-initial-mark: 0K(393216K)] 15242K(502464K), 0.0019761 secs] [Times: user=0.01 sys=0.00, real=0.00 secs] 
2023-04-20T15:04:25.587+0530: 1.070: Total time for which application threads were stopped: 0.0020964 seconds, Stopping threads took: 0.0000472 seconds
2023-04-20T15:04:25.587+0530: 1.070: [CMS-concurrent-mark-start]
2023-04-20T15:04:25.587+0530: 1.070: [CMS-concurrent-mark: 0.000/0.000 secs] [Times: user=0.00 sys=0.00, real=0.00 secs] 
2023-04-20T15:04:25.587+0530: 1.070: [CMS-concurrent-preclean-start]
2023-04-20T15:04:25.589+0530: 1.071: [CMS-concurrent-preclean: 0.001/0.001 secs] [Times: user=0.01 sys=0.00, real=0.01 secs] 
2023-04-20T15:04:25.589+0530: 1.071: [CMS-concurrent-abortable-preclean-start]
2023-04-20T15:04:25.591+0530: 1.073: Total time for which application threads were stopped: 0.0000720 seconds, Stopping threads took: 0.0000164 seconds
2023-04-20T15:04:25.606+0530: 1.088: Total time for which application threads were stopped: 0.0000784 seconds, Stopping threads took: 0.0000178 seconds
{Heap before GC invocations=4 (full 1):
 par new generation   total 109248K, used 102175K [0x00000000e0000000, 0x00000000e8000000, 0x00000000e8000000)
  eden space 87424K, 100% used [0x00000000e0000000, 0x00000000e5560000, 0x00000000e5560000)
  from space 21824K,  67% used [0x00000000e5560000, 0x00000000e63c7df0, 0x00000000e6ab0000)
  to   space 21824K,   0% used [0x00000000e6ab0000, 0x00000000e6ab0000, 0x00000000e8000000)
 concurrent mark-sweep generation total 393216K, used 0K [0x00000000e8000000, 0x0000000100000000, 0x0000000100000000)
 Metaspace       used 22073K, capacity 22474K, committed 22624K, reserved 1069056K
  class space    used 2575K, capacity 2715K, committed 2760K, reserved 1048576K
2023-04-20T15:04:25.646+0530: 1.129: [GC (Allocation Failure) 2023-04-20T15:04:25.646+0530: 1.129: [ParNew
Desired survivor size 20112992 bytes, new threshold 8 (max 8)
- age   1:    1468680 bytes,    1468680 total
- age   2:    1924112 bytes,    3392792 total
- age   3:     324736 bytes,    3717528 total
- age   4:    4884224 bytes,    8601752 total
- age   5:    2538760 bytes,   11140512 total
: 102175K->13296K(109248K), 0.0052470 secs] 102175K->13296K(502464K), 0.0053358 secs] [Times: user=0.03 sys=0.00, real=0.01 secs] 
Heap after GC invocations=5 (full 1):
 par new generation   total 109248K, used 13296K [0x00000000e0000000, 0x00000000e8000000, 0x00000000e8000000)
  eden space 87424K,   0% used [0x00000000e0000000, 0x00000000e0000000, 0x00000000e5560000)
  from space 21824K,  60% used [0x00000000e6ab0000, 0x00000000e77ac2e0, 0x00000000e8000000)
  to   space 21824K,   0% used [0x00000000e5560000, 0x00000000e5560000, 0x00000000e6ab0000)
 concurrent mark-sweep generation total 393216K, used 0K [0x00000000e8000000, 0x0000000100000000, 0x0000000100000000)
 Metaspace       used 22073K, capacity 22474K, committed 22624K, reserved 1069056K
  class space    used 2575K, capacity 2715K, committed 2760K, reserved 1048576K
}
2023-04-20T15:04:25.652+0530: 1.134: Total time for which application threads were stopped: 0.0055016 seconds, Stopping threads took: 0.0000337 seconds
2023-04-20T15:04:25.652+0530: 1.134: [CMS-concurrent-abortable-preclean: 0.056/0.063 secs] [Times: user=0.39 sys=0.01, real=0.06 secs] 
2023-04-20T15:04:25.652+0530: 1.134: [GC (CMS Final Remark) [YG occupancy: 13821 K (109248 K)]{Heap before GC invocations=5 (full 1):
 par new generation   total 109248K, used 13821K [0x00000000e0000000, 0x00000000e8000000, 0x00000000e8000000)
  eden space 87424K,   0% used [0x00000000e0000000, 0x00000000e0083210, 0x00000000e5560000)
  from space 21824K,  60% used [0x00000000e6ab0000, 0x00000000e77ac2e0, 0x00000000e8000000)
  to   space 21824K,   0% used [0x00000000e5560000, 0x00000000e5560000, 0x00000000e6ab0000)
 concurrent mark-sweep generation total 393216K, used 0K [0x00000000e8000000, 0x0000000100000000, 0x0000000100000000)
 Metaspace       used 22073K, capacity 22474K, committed 22624K, reserved 1069056K
  class space    used 2575K, capacity 2715K, committed 2760K, reserved 1048576K
2023-04-20T15:04:25.652+0530: 1.134: [GC (CMS Final Remark) 2023-04-20T15:04:25.652+0530: 1.134: [ParNew
Desired survivor size 20112992 bytes, new threshold 8 (max 8)
- age   1:      52304 bytes,      52304 total
- age   2:    1384984 bytes,    1437288 total
- age   3:    1924112 bytes,    3361400 total
- age   4:     324736 bytes,    3686136 total
- age   5:    4884200 bytes,    8570336 total
- age   6:    2538808 bytes,   11109144 total
: 13821K->14233K(109248K), 0.0047977 secs] 13821K->14233K(502464K), 0.0048418 secs] [Times: user=0.02 sys=0.00, real=0.01 secs] 
Heap after GC invocations=6 (full 1):
 par new generation   total 109248K, used 14233K [0x00000000e0000000, 0x00000000e8000000, 0x00000000e8000000)
  eden space 87424K,   0% used [0x00000000e0000000, 0x00000000e0000000, 0x00000000e5560000)
  from space 21824K,  65% used [0x00000000e5560000, 0x00000000e6346780, 0x00000000e6ab0000)
  to   space 21824K,   0% used [0x00000000e6ab0000, 0x00000000e6ab0000, 0x00000000e8000000)
 concurrent mark-sweep generation total 393216K, used 0K [0x00000000e8000000, 0x0000000100000000, 0x0000000100000000)
 Metaspace       used 22073K, capacity 22474K, committed 22624K, reserved 1069056K
  class space    used 2575K, capacity 2715K, committed 2760K, reserved 1048576K
}
2023-04-20T15:04:25.657+0530: 1.139: [Rescan (parallel) , 0.0019098 secs]2023-04-20T15:04:25.659+0530: 1.141: [weak refs processing, 0.0003021 secs]2023-04-20T15:04:25.659+0530: 1.142: [class unloading, 0.0024254 secs]2023-04-20T15:04:25.662+0530: 1.144: [scrub symbol table, 0.0016870 secs]2023-04-20T15:04:25.663+0530: 1.146: [scrub string table, 0.0002923 secs][1 CMS-remark: 0K(393216K)] 14233K(502464K), 0.0120980 secs] [Times: user=0.04 sys=0.00, real=0.01 secs] 
2023-04-20T15:04:25.664+0530: 1.147: Total time for which application threads were stopped: 0.0123369 seconds, Stopping threads took: 0.0001716 seconds
2023-04-20T15:04:25.664+0530: 1.147: [CMS-concurrent-sweep-start]
2023-04-20T15:04:25.664+0530: 1.147: [CMS-concurrent-sweep: 0.000/0.000 secs] [Times: user=0.00 sys=0.00, real=0.00 secs] 
2023-04-20T15:04:25.664+0530: 1.147: [CMS-concurrent-reset-start]
2023-04-20T15:04:25.667+0530: 1.149: [CMS-concurrent-reset: 0.002/0.002 secs] [Times: user=0.01 sys=0.00, real=0.00 secs] 
{Heap before GC invocations=6 (full 1):
 par new generation   total 109248K, used 101657K [0x00000000e0000000, 0x00000000e8000000, 0x00000000e8000000)
  eden space 87424K, 100% used [0x00000000e0000000, 0x00000000e5560000, 0x00000000e5560000)
  from space 21824K,  65% used [0x00000000e5560000, 0x00000000e6346780, 0x00000000e6ab0000)
  to   space 21824K,   0% used [0x00000000e6ab0000, 0x00000000e6ab0000, 0x00000000e8000000)
 concurrent mark-sweep generation total 393216K, used 0K [0x00000000e8000000, 0x0000000100000000, 0x0000000100000000)
 Metaspace       used 22163K, capacity 22556K, committed 22880K, reserved 1069056K
  class space    used 2591K, capacity 2718K, committed 2760K, reserved 1048576K
2023-04-20T15:04:25.690+0530: 1.172: [GC (Allocation Failure) 2023-04-20T15:04:25.690+0530: 1.172: [ParNew
Desired survivor size 20112992 bytes, new threshold 8 (max 8)
- age   1:    1141320 bytes,    1141320 total
- age   3:     120040 bytes,    1261360 total
- age   4:    1921896 bytes,    3183256 total
- age   5:     323872 bytes,    3507128 total
- age   6:    4881192 bytes,    8388320 total
- age   7:    2538784 bytes,   10927104 total
: 101657K->14491K(109248K), 0.0052010 secs] 101657K->14491K(502464K), 0.0052649 secs] [Times: user=0.02 sys=0.00, real=0.00 secs] 
Heap after GC invocations=7 (full 1):
 par new generation   total 109248K, used 14491K [0x00000000e0000000, 0x00000000e8000000, 0x00000000e8000000)
  eden space 87424K,   0% used [0x00000000e0000000, 0x00000000e0000000, 0x00000000e5560000)
  from space 21824K,  66% used [0x00000000e6ab0000, 0x00000000e78d6d58, 0x00000000e8000000)
  to   space 21824K,   0% used [0x00000000e5560000, 0x00000000e5560000, 0x00000000e6ab0000)
 concurrent mark-sweep generation total 393216K, used 0K [0x00000000e8000000, 0x0000000100000000, 0x0000000100000000)
 Metaspace       used 22163K, capacity 22556K, committed 22880K, reserved 1069056K
  class space    used 2591K, capacity 2718K, committed 2760K, reserved 1048576K
}
2023-04-20T15:04:25.695+0530: 1.178: Total time for which application threads were stopped: 0.0054216 seconds, Stopping threads took: 0.0000379 seconds
{Heap before GC invocations=7 (full 1):
 par new generation   total 109248K, used 101915K [0x00000000e0000000, 0x00000000e8000000, 0x00000000e8000000)
  eden space 87424K, 100% used [0x00000000e0000000, 0x00000000e5560000, 0x00000000e5560000)
  from space 21824K,  66% used [0x00000000e6ab0000, 0x00000000e78d6d58, 0x00000000e8000000)
  to   space 21824K,   0% used [0x00000000e5560000, 0x00000000e5560000, 0x00000000e6ab0000)
 concurrent mark-sweep generation total 393216K, used 0K [0x00000000e8000000, 0x0000000100000000, 0x0000000100000000)
 Metaspace       used 22334K, capacity 22724K, committed 22880K, reserved 1069056K
  class space    used 2615K, capacity 2752K, committed 2760K, reserved 1048576K
2023-04-20T15:04:25.733+0530: 1.216: [GC (Allocation Failure) 2023-04-20T15:04:25.733+0530: 1.216: [ParNew
Desired survivor size 20112992 bytes, new threshold 8 (max 8)
- age   1:     429240 bytes,     429240 total
- age   2:     133288 bytes,     562528 total
- age   4:     118416 bytes,     680944 total
- age   5:    1921848 bytes,    2602792 total
- age   6:     323624 bytes,    2926416 total
- age   7:    4878160 bytes,    7804576 total
- age   8:    2538760 bytes,   10343336 total
: 101915K->12626K(109248K), 0.0051145 secs] 101915K->12626K(502464K), 0.0051861 secs] [Times: user=0.02 sys=0.00, real=0.01 secs] 
Heap after GC invocations=8 (full 1):
 par new generation   total 109248K, used 12626K [0x00000000e0000000, 0x00000000e8000000, 0x00000000e8000000)
  eden space 87424K,   0% used [0x00000000e0000000, 0x00000000e0000000, 0x00000000e5560000)
  from space 21824K,  57% used [0x00000000e5560000, 0x00000000e61b49c0, 0x00000000e6ab0000)
  to   space 21824K,   0% used [0x00000000e6ab0000, 0x00000000e6ab0000, 0x00000000e8000000)
 concurrent mark-sweep generation total 393216K, used 0K [0x00000000e8000000, 0x0000000100000000, 0x0000000100000000)
 Metaspace       used 22334K, capacity 22724K, committed 22880K, reserved 1069056K
  class space    used 2615K, capacity 2752K, committed 2760K, reserved 1048576K
}
2023-04-20T15:04:25.739+0530: 1.221: Total time for which application threads were stopped: 0.0053071 seconds, Stopping threads took: 0.0000190 seconds
{Heap before GC invocations=8 (full 1):
 par new generation   total 109248K, used 100050K [0x00000000e0000000, 0x00000000e8000000, 0x00000000e8000000)
  eden space 87424K, 100% used [0x00000000e0000000, 0x00000000e5560000, 0x00000000e5560000)
  from space 21824K,  57% used [0x00000000e5560000, 0x00000000e61b49c0, 0x00000000e6ab0000)
  to   space 21824K,   0% used [0x00000000e6ab0000, 0x00000000e6ab0000, 0x00000000e8000000)
 concurrent mark-sweep generation total 393216K, used 0K [0x00000000e8000000, 0x0000000100000000, 0x0000000100000000)
 Metaspace       used 22654K, capacity 23012K, committed 23264K, reserved 1069056K
  class space    used 2649K, capacity 2784K, committed 2888K, reserved 1048576K
2023-04-20T15:04:25.787+0530: 1.269: [GC (Allocation Failure) 2023-04-20T15:04:25.787+0530: 1.269: [ParNew
Desired survivor size 20112992 bytes, new threshold 8 (max 8)
- age   1:     640720 bytes,     640720 total
- age   2:     117536 bytes,     758256 total
- age   3:     132400 bytes,     890656 total
- age   5:     117016 bytes,    1007672 total
- age   6:    1920120 bytes,    2927792 total
- age   7:     323016 bytes,    3250808 total
- age   8:    4877944 bytes,    8128752 total
: 100050K->13467K(109248K), 0.0091813 secs] 100050K->15985K(502464K), 0.0092834 secs] [Times: user=0.05 sys=0.00, real=0.02 secs] 
Heap after GC invocations=9 (full 1):
 par new generation   total 109248K, used 13467K [0x00000000e0000000, 0x00000000e8000000, 0x00000000e8000000)
  eden space 87424K,   0% used [0x00000000e0000000, 0x00000000e0000000, 0x00000000e5560000)
  from space 21824K,  61% used [0x00000000e6ab0000, 0x00000000e77d6f90, 0x00000000e8000000)
  to   space 21824K,   0% used [0x00000000e5560000, 0x00000000e5560000, 0x00000000e6ab0000)
 concurrent mark-sweep generation total 393216K, used 2517K [0x00000000e8000000, 0x0000000100000000, 0x0000000100000000)
 Metaspace       used 22654K, capacity 23012K, committed 23264K, reserved 1069056K
  class space    used 2649K, capacity 2784K, committed 2888K, reserved 1048576K
}
2023-04-20T15:04:25.796+0530: 1.279: Total time for which application threads were stopped: 0.0095175 seconds, Stopping threads took: 0.0000664 seconds
2023-04-20T15:04:25.828+0530: 1.310: Total time for which application threads were stopped: 0.0003020 seconds, Stopping threads took: 0.0000170 seconds
2023-04-20T15:04:25.929+0530: 1.411: Total time for which application threads were stopped: 0.0003887 seconds, Stopping threads took: 0.0000230 seconds
2023-04-20T15:04:25.941+0530: 1.423: Total time for which application threads were stopped: 0.0004109 seconds, Stopping threads took: 0.0000209 seconds
2023-04-20T15:04:25.954+0530: 1.436: Total time for which application threads were stopped: 0.0003742 seconds, Stopping threads took: 0.0000208 seconds
{Heap before GC invocations=9 (full 1):
 par new generation   total 109248K, used 100891K [0x00000000e0000000, 0x00000000e8000000, 0x00000000e8000000)
  eden space 87424K, 100% used [0x00000000e0000000, 0x00000000e5560000, 0x00000000e5560000)
  from space 21824K,  61% used [0x00000000e6ab0000, 0x00000000e77d6f90, 0x00000000e8000000)
  to   space 21824K,   0% used [0x00000000e5560000, 0x00000000e5560000, 0x00000000e6ab0000)
 concurrent mark-sweep generation total 393216K, used 2517K [0x00000000e8000000, 0x0000000100000000, 0x0000000100000000)
 Metaspace       used 26380K, capacity 26738K, committed 27080K, reserved 1073152K
  class space    used 3094K, capacity 3239K, committed 3272K, reserved 1048576K
2023-04-20T15:04:26.108+0530: 1.590: [GC (Allocation Failure) 2023-04-20T15:04:26.108+0530: 1.590: [ParNew
Desired survivor size 20112992 bytes, new threshold 8 (max 8)
- age   1:    5361712 bytes,    5361712 total
- age   2:     209912 bytes,    5571624 total
- age   3:     117488 bytes,    5689112 total
- age   4:     132352 bytes,    5821464 total
- age   6:     116952 bytes,    5938416 total
- age   7:     289720 bytes,    6228136 total
- age   8:     312744 bytes,    6540880 total
: 100891K->9515K(109248K), 0.0106500 secs] 103409K->16824K(502464K), 0.0107272 secs] [Times: user=0.05 sys=0.01, real=0.02 secs] 
Heap after GC invocations=10 (full 1):
 par new generation   total 109248K, used 9515K [0x00000000e0000000, 0x00000000e8000000, 0x00000000e8000000)
  eden space 87424K,   0% used [0x00000000e0000000, 0x00000000e0000000, 0x00000000e5560000)
  from space 21824K,  43% used [0x00000000e5560000, 0x00000000e5eaaeb0, 0x00000000e6ab0000)
  to   space 21824K,   0% used [0x00000000e6ab0000, 0x00000000e6ab0000, 0x00000000e8000000)
 concurrent mark-sweep generation total 393216K, used 7309K [0x00000000e8000000, 0x0000000100000000, 0x0000000100000000)
 Metaspace       used 26380K, capacity 26738K, committed 27080K, reserved 1073152K
  class space    used 3094K, capacity 3239K, committed 3272K, reserved 1048576K
}
2023-04-20T15:04:26.118+0530: 1.601: Total time for which application threads were stopped: 0.0108976 seconds, Stopping threads took: 0.0000194 seconds
2023-04-20T15:04:26.181+0530: 1.663: Total time for which application threads were stopped: 0.0004463 seconds, Stopping threads took: 0.0000424 seconds
2023-04-20T15:04:26.193+0530: 1.675: Total time for which application threads were stopped: 0.0003596 seconds, Stopping threads took: 0.0000191 seconds
2023-04-20T15:04:26.193+0530: 1.676: Total time for which application threads were stopped: 0.0003328 seconds, Stopping threads took: 0.0000133 seconds
{Heap before GC invocations=10 (full 1):
 par new generation   total 109248K, used 96939K [0x00000000e0000000, 0x00000000e8000000, 0x00000000e8000000)
  eden space 87424K, 100% used [0x00000000e0000000, 0x00000000e5560000, 0x00000000e5560000)
  from space 21824K,  43% used [0x00000000e5560000, 0x00000000e5eaaeb0, 0x00000000e6ab0000)
  to   space 21824K,   0% used [0x00000000e6ab0000, 0x00000000e6ab0000, 0x00000000e8000000)
 concurrent mark-sweep generation total 393216K, used 7309K [0x00000000e8000000, 0x0000000100000000, 0x0000000100000000)
 Metaspace       used 28131K, capacity 28496K, committed 28872K, reserved 1075200K
  class space    used 3286K, capacity 3436K, committed 3528K, reserved 1048576K
2023-04-20T15:04:26.289+0530: 1.771: [GC (Allocation Failure) 2023-04-20T15:04:26.289+0530: 1.771: [ParNew
Desired survivor size 20112992 bytes, new threshold 8 (max 8)
- age   1:   10482840 bytes,   10482840 total
- age   2:    2300528 bytes,   12783368 total
- age   3:     209912 bytes,   12993280 total
- age   4:     117424 bytes,   13110704 total
- age   5:     131632 bytes,   13242336 total
- age   7:     116824 bytes,   13359160 total
- age   8:     289392 bytes,   13648552 total
: 96939K->14929K(109248K), 0.0080474 secs] 104248K->22544K(502464K), 0.0081236 secs] [Times: user=0.05 sys=0.00, real=0.01 secs] 
Heap after GC invocations=11 (full 1):
 par new generation   total 109248K, used 14929K [0x00000000e0000000, 0x00000000e8000000, 0x00000000e8000000)
  eden space 87424K,   0% used [0x00000000e0000000, 0x00000000e0000000, 0x00000000e5560000)
  from space 21824K,  68% used [0x00000000e6ab0000, 0x00000000e7944738, 0x00000000e8000000)
  to   space 21824K,   0% used [0x00000000e5560000, 0x00000000e5560000, 0x00000000e6ab0000)
 concurrent mark-sweep generation total 393216K, used 7614K [0x00000000e8000000, 0x0000000100000000, 0x0000000100000000)
 Metaspace       used 28131K, capacity 28496K, committed 28872K, reserved 1075200K
  class space    used 3286K, capacity 3436K, committed 3528K, reserved 1048576K
}
2023-04-20T15:04:26.297+0530: 1.779: Total time for which application threads were stopped: 0.0083319 seconds, Stopping threads took: 0.0000359 seconds
2023-04-20T15:04:26.305+0530: 1.787: Total time for which application threads were stopped: 0.0004112 seconds, Stopping threads took: 0.0000286 seconds
{Heap before GC invocations=11 (full 1):
 par new generation   total 109248K, used 102353K [0x00000000e0000000, 0x00000000e8000000, 0x00000000e8000000)
  eden space 87424K, 100% used [0x00000000e0000000, 0x00000000e5560000, 0x00000000e5560000)
  from space 21824K,  68% used [0x00000000e6ab0000, 0x00000000e7944738, 0x00000000e8000000)
  to   space 21824K,   0% used [0x00000000e5560000, 0x00000000e5560000, 0x00000000e6ab0000)
 concurrent mark-sweep generation total 393216K, used 7614K [0x00000000e8000000, 0x0000000100000000, 0x0000000100000000)
 Metaspace       used 28206K, capacity 28560K, committed 28872K, reserved 1075200K
  class space    used 3291K, capacity 3436K, committed 3528K, reserved 1048576K
2023-04-20T15:04:26.329+0530: 1.811: [GC (Allocation Failure) 2023-04-20T15:04:26.329+0530: 1.811: [ParNew
Desired survivor size 20112992 bytes, new threshold 8 (max 8)
- age   1:    2057616 bytes,    2057616 total
- age   2:    8037528 bytes,   10095144 total
- age   3:    2300528 bytes,   12395672 total
- age   4:     209912 bytes,   12605584 total
- age   5:     117424 bytes,   12723008 total
- age   6:     131632 bytes,   12854640 total
- age   8:     116824 bytes,   12971464 total
: 102353K->18668K(109248K), 0.0082833 secs] 109968K->26570K(502464K), 0.0083781 secs] [Times: user=0.05 sys=0.00, real=0.01 secs] 
Heap after GC invocations=12 (full 1):
 par new generation   total 109248K, used 18668K [0x00000000e0000000, 0x00000000e8000000, 0x00000000e8000000)
  eden space 87424K,   0% used [0x00000000e0000000, 0x00000000e0000000, 0x00000000e5560000)
  from space 21824K,  85% used [0x00000000e5560000, 0x00000000e679b198, 0x00000000e6ab0000)
  to   space 21824K,   0% used [0x00000000e6ab0000, 0x00000000e6ab0000, 0x00000000e8000000)
 concurrent mark-sweep generation total 393216K, used 7901K [0x00000000e8000000, 0x0000000100000000, 0x0000000100000000)
 Metaspace       used 28206K, capacity 28560K, committed 28872K, reserved 1075200K
  class space    used 3291K, capacity 3436K, committed 3528K, reserved 1048576K
}
2023-04-20T15:04:26.337+0530: 1.820: Total time for which application threads were stopped: 0.0086102 seconds, Stopping threads took: 0.0000595 seconds
{Heap before GC invocations=12 (full 1):
 par new generation   total 109248K, used 106092K [0x00000000e0000000, 0x00000000e8000000, 0x00000000e8000000)
  eden space 87424K, 100% used [0x00000000e0000000, 0x00000000e5560000, 0x00000000e5560000)
  from space 21824K,  85% used [0x00000000e5560000, 0x00000000e679b198, 0x00000000e6ab0000)
  to   space 21824K,   0% used [0x00000000e6ab0000, 0x00000000e6ab0000, 0x00000000e8000000)
 concurrent mark-sweep generation total 393216K, used 7901K [0x00000000e8000000, 0x0000000100000000, 0x0000000100000000)
 Metaspace       used 28253K, capacity 28614K, committed 28872K, reserved 1075200K
  class space    used 3296K, capacity 3445K, committed 3528K, reserved 1048576K
2023-04-20T15:04:26.364+0530: 1.846: [GC (Allocation Failure) 2023-04-20T15:04:26.364+0530: 1.846: [ParNew
Desired survivor size 20112992 bytes, new threshold 8 (max 8)
- age   1:     908784 bytes,     908784 total
- age   2:    1709192 bytes,    2617976 total
- age   3:    8007312 bytes,   10625288 total
- age   4:    2300528 bytes,   12925816 total
- age   5:     209912 bytes,   13135728 total
- age   6:     117424 bytes,   13253152 total
- age   7:     131320 bytes,   13384472 total
: 106092K->16688K(109248K), 0.0079589 secs] 113994K->24708K(502464K), 0.0080431 secs] [Times: user=0.05 sys=0.00, real=0.01 secs] 
Heap after GC invocations=13 (full 1):
 par new generation   total 109248K, used 16688K [0x00000000e0000000, 0x00000000e8000000, 0x00000000e8000000)
  eden space 87424K,   0% used [0x00000000e0000000, 0x00000000e0000000, 0x00000000e5560000)
  from space 21824K,  76% used [0x00000000e6ab0000, 0x00000000e7afc2f8, 0x00000000e8000000)
  to   space 21824K,   0% used [0x00000000e5560000, 0x00000000e5560000, 0x00000000e6ab0000)
 concurrent mark-sweep generation total 393216K, used 8019K [0x00000000e8000000, 0x0000000100000000, 0x0000000100000000)
 Metaspace       used 28253K, capacity 28614K, committed 28872K, reserved 1075200K
  class space    used 3296K, capacity 3445K, committed 3528K, reserved 1048576K
}
2023-04-20T15:04:26.372+0530: 1.854: Total time for which application threads were stopped: 0.0082373 seconds, Stopping threads took: 0.0000445 seconds
{Heap before GC invocations=13 (full 1):
 par new generation   total 109248K, used 104112K [0x00000000e0000000, 0x00000000e8000000, 0x00000000e8000000)
  eden space 87424K, 100% used [0x00000000e0000000, 0x00000000e5560000, 0x00000000e5560000)
  from space 21824K,  76% used [0x00000000e6ab0000, 0x00000000e7afc2f8, 0x00000000e8000000)
  to   space 21824K,   0% used [0x00000000e5560000, 0x00000000e5560000, 0x00000000e6ab0000)
 concurrent mark-sweep generation total 393216K, used 8019K [0x00000000e8000000, 0x0000000100000000, 0x0000000100000000)
 Metaspace       used 28269K, capacity 28626K, committed 28872K, reserved 1075200K
  class space    used 3297K, capacity 3447K, committed 3528K, reserved 1048576K
2023-04-20T15:04:26.408+0530: 1.890: [GC (Allocation Failure) 2023-04-20T15:04:26.408+0530: 1.890: [ParNew
Desired survivor size 20112992 bytes, new threshold 8 (max 8)
- age   1:     432832 bytes,     432832 total
- age   2:     539792 bytes,     972624 total
- age   3:    1709192 bytes,    2681816 total
- age   4:    8007312 bytes,   10689128 total
- age   5:    2300528 bytes,   12989656 total
- age   6:     209912 bytes,   13199568 total
- age   7:     117424 bytes,   13316992 total
- age   8:     131112 bytes,   13448104 total
: 104112K->20400K(109248K), 0.0090815 secs] 112132K->28420K(502464K), 0.0091688 secs] [Times: user=0.06 sys=0.00, real=0.01 secs] 
Heap after GC invocations=14 (full 1):
 par new generation   total 109248K, used 20400K [0x00000000e0000000, 0x00000000e8000000, 0x00000000e8000000)
  eden space 87424K,   0% used [0x00000000e0000000, 0x00000000e0000000, 0x00000000e5560000)
  from space 21824K,  93% used [0x00000000e5560000, 0x00000000e694c1d8, 0x00000000e6ab0000)
  to   space 21824K,   0% used [0x00000000e6ab0000, 0x00000000e6ab0000, 0x00000000e8000000)
 concurrent mark-sweep generation total 393216K, used 8019K [0x00000000e8000000, 0x0000000100000000, 0x0000000100000000)
 Metaspace       used 28269K, capacity 28626K, committed 28872K, reserved 1075200K
  class space    used 3297K, capacity 3447K, committed 3528K, reserved 1048576K
}
2023-04-20T15:04:26.417+0530: 1.900: Total time for which application threads were stopped: 0.0093686 seconds, Stopping threads took: 0.0000383 seconds
{Heap before GC invocations=14 (full 1):
 par new generation   total 109248K, used 107824K [0x00000000e0000000, 0x00000000e8000000, 0x00000000e8000000)
  eden space 87424K, 100% used [0x00000000e0000000, 0x00000000e5560000, 0x00000000e5560000)
  from space 21824K,  93% used [0x00000000e5560000, 0x00000000e694c1d8, 0x00000000e6ab0000)
  to   space 21824K,   0% used [0x00000000e6ab0000, 0x00000000e6ab0000, 0x00000000e8000000)
 concurrent mark-sweep generation total 393216K, used 8019K [0x00000000e8000000, 0x0000000100000000, 0x0000000100000000)
 Metaspace       used 28278K, capacity 28638K, committed 28872K, reserved 1075200K
  class space    used 3298K, capacity 3449K, committed 3528K, reserved 1048576K
2023-04-20T15:04:26.457+0530: 1.939: [GC (Allocation Failure) 2023-04-20T15:04:26.457+0530: 1.939: [ParNew
Desired survivor size 20112992 bytes, new threshold 8 (max 8)
- age   1:     321040 bytes,     321040 total
- age   2:      94608 bytes,     415648 total
- age   3:     539304 bytes,     954952 total
- age   4:    1708920 bytes,    2663872 total
- age   5:    8007312 bytes,   10671184 total
- age   6:    2300528 bytes,   12971712 total
- age   7:     209912 bytes,   13181624 total
- age   8:     117424 bytes,   13299048 total
: 107824K->15493K(109248K), 0.0079218 secs] 115844K->23644K(502464K), 0.0080164 secs] [Times: user=0.05 sys=0.00, real=0.00 secs] 
Heap after GC invocations=15 (full 1):
 par new generation   total 109248K, used 15493K [0x00000000e0000000, 0x00000000e8000000, 0x00000000e8000000)
  eden space 87424K,   0% used [0x00000000e0000000, 0x00000000e0000000, 0x00000000e5560000)
  from space 21824K,  70% used [0x00000000e6ab0000, 0x00000000e79d17f0, 0x00000000e8000000)
  to   space 21824K,   0% used [0x00000000e5560000, 0x00000000e5560000, 0x00000000e6ab0000)
 concurrent mark-sweep generation total 393216K, used 8150K [0x00000000e8000000, 0x0000000100000000, 0x0000000100000000)
 Metaspace       used 28278K, capacity 28638K, committed 28872K, reserved 1075200K
  class space    used 3298K, capacity 3449K, committed 3528K, reserved 1048576K
}
2023-04-20T15:04:26.465+0530: 1.947: Total time for which application threads were stopped: 0.0081943 seconds, Stopping threads took: 0.0000390 seconds
{Heap before GC invocations=15 (full 1):
 par new generation   total 109248K, used 102917K [0x00000000e0000000, 0x00000000e8000000, 0x00000000e8000000)
  eden space 87424K, 100% used [0x00000000e0000000, 0x00000000e5560000, 0x00000000e5560000)
  from space 21824K,  70% used [0x00000000e6ab0000, 0x00000000e79d17f0, 0x00000000e8000000)
  to   space 21824K,   0% used [0x00000000e5560000, 0x00000000e5560000, 0x00000000e6ab0000)
 concurrent mark-sweep generation total 393216K, used 8150K [0x00000000e8000000, 0x0000000100000000, 0x0000000100000000)
 Metaspace       used 28304K, capacity 28702K, committed 29128K, reserved 1075200K
  class space    used 3298K, capacity 3449K, committed 3528K, reserved 1048576K
2023-04-20T15:04:26.505+0530: 1.988: [GC (Allocation Failure) 2023-04-20T15:04:26.505+0530: 1.988: [ParNew
Desired survivor size 20112992 bytes, new threshold 8 (max 8)
- age   1:     710336 bytes,     710336 total
- age   2:      86088 bytes,     796424 total
- age   3:      94080 bytes,     890504 total
- age   4:     538432 bytes,    1428936 total
- age   5:    1708448 bytes,    3137384 total
- age   6:    8007312 bytes,   11144696 total
- age   7:    2300632 bytes,   13445328 total
- age   8:     209912 bytes,   13655240 total
: 102917K->19757K(109248K), 0.0079124 secs] 111068K->28025K(502464K), 0.0079917 secs] [Times: user=0.04 sys=0.00, real=0.01 secs] 
Heap after GC invocations=16 (full 1):
 par new generation   total 109248K, used 19757K [0x00000000e0000000, 0x00000000e8000000, 0x00000000e8000000)
  eden space 87424K,   0% used [0x00000000e0000000, 0x00000000e0000000, 0x00000000e5560000)
  from space 21824K,  90% used [0x00000000e5560000, 0x00000000e68ab590, 0x00000000e6ab0000)
  to   space 21824K,   0% used [0x00000000e6ab0000, 0x00000000e6ab0000, 0x00000000e8000000)
 concurrent mark-sweep generation total 393216K, used 8267K [0x00000000e8000000, 0x0000000100000000, 0x0000000100000000)
 Metaspace       used 28304K, capacity 28702K, committed 29128K, reserved 1075200K
  class space    used 3298K, capacity 3449K, committed 3528K, reserved 1048576K
}
2023-04-20T15:04:26.513+0530: 1.996: Total time for which application threads were stopped: 0.0081767 seconds, Stopping threads took: 0.0000500 seconds
{Heap before GC invocations=16 (full 1):
 par new generation   total 109248K, used 107181K [0x00000000e0000000, 0x00000000e8000000, 0x00000000e8000000)
  eden space 87424K, 100% used [0x00000000e0000000, 0x00000000e5560000, 0x00000000e5560000)
  from space 21824K,  90% used [0x00000000e5560000, 0x00000000e68ab590, 0x00000000e6ab0000)
  to   space 21824K,   0% used [0x00000000e6ab0000, 0x00000000e6ab0000, 0x00000000e8000000)
 concurrent mark-sweep generation total 393216K, used 8267K [0x00000000e8000000, 0x0000000100000000, 0x0000000100000000)
 Metaspace       used 28591K, capacity 29000K, committed 29384K, reserved 1075200K
  class space    used 3316K, capacity 3457K, committed 3528K, reserved 1048576K
2023-04-20T15:04:26.606+0530: 2.089: [GC (Allocation Failure) 2023-04-20T15:04:26.606+0530: 2.089: [ParNew
Desired survivor size 20112992 bytes, new threshold 8 (max 8)
- age   1:    8421456 bytes,    8421456 total
- age   2:     115760 bytes,    8537216 total
- age   3:      85176 bytes,    8622392 total
- age   4:      93360 bytes,    8715752 total
- age   5:      68888 bytes,    8784640 total
- age   6:     262856 bytes,    9047496 total
- age   7:    7993048 bytes,   17040544 total
- age   8:    2300168 bytes,   19340712 total
: 107181K->21769K(109248K), 0.0111710 secs] 115449K->30246K(502464K), 0.0112535 secs] [Times: user=0.07 sys=0.00, real=0.02 secs] 
Heap after GC invocations=17 (full 1):
 par new generation   total 109248K, used 21769K [0x00000000e0000000, 0x00000000e8000000, 0x00000000e8000000)
  eden space 87424K,   0% used [0x00000000e0000000, 0x00000000e0000000, 0x00000000e5560000)
  from space 21824K,  99% used [0x00000000e6ab0000, 0x00000000e7ff25c0, 0x00000000e8000000)
  to   space 21824K,   0% used [0x00000000e5560000, 0x00000000e5560000, 0x00000000e6ab0000)
 concurrent mark-sweep generation total 393216K, used 8477K [0x00000000e8000000, 0x0000000100000000, 0x0000000100000000)
 Metaspace       used 28591K, capacity 29000K, committed 29384K, reserved 1075200K
  class space    used 3316K, capacity 3457K, committed 3528K, reserved 1048576K
}
2023-04-20T15:04:26.618+0530: 2.100: Total time for which application threads were stopped: 0.0114593 seconds, Stopping threads took: 0.0000378 seconds
{Heap before GC invocations=17 (full 1):
 par new generation   total 109248K, used 109193K [0x00000000e0000000, 0x00000000e8000000, 0x00000000e8000000)
  eden space 87424K, 100% used [0x00000000e0000000, 0x00000000e5560000, 0x00000000e5560000)
  from space 21824K,  99% used [0x00000000e6ab0000, 0x00000000e7ff25c0, 0x00000000e8000000)
  to   space 21824K,   0% used [0x00000000e5560000, 0x00000000e5560000, 0x00000000e6ab0000)
 concurrent mark-sweep generation total 393216K, used 8477K [0x00000000e8000000, 0x0000000100000000, 0x0000000100000000)
 Metaspace       used 28651K, capacity 29076K, committed 29384K, reserved 1075200K
  class space    used 3321K, capacity 3464K, committed 3528K, reserved 1048576K
2023-04-20T15:04:26.670+0530: 2.152: [GC (Allocation Failure) 2023-04-20T15:04:26.670+0530: 2.152: [ParNew
Desired survivor size 20112992 bytes, new threshold 8 (max 8)
- age   1:    1088152 bytes,    1088152 total
- age   2:    7993024 bytes,    9081176 total
- age   3:     115760 bytes,    9196936 total
- age   4:      85176 bytes,    9282112 total
- age   5:      93360 bytes,    9375472 total
- age   6:      68888 bytes,    9444360 total
- age   7:     262856 bytes,    9707216 total
- age   8:    7992944 bytes,   17700160 total
: 109193K->21824K(109248K), 0.0116926 secs] 117670K->32575K(502464K), 0.0117764 secs] [Times: user=0.06 sys=0.00, real=0.01 secs] 
Heap after GC invocations=18 (full 1):
 par new generation   total 109248K, used 21824K [0x00000000e0000000, 0x00000000e8000000, 0x00000000e8000000)
  eden space 87424K,   0% used [0x00000000e0000000, 0x00000000e0000000, 0x00000000e5560000)
  from space 21824K, 100% used [0x00000000e5560000, 0x00000000e6ab0000, 0x00000000e6ab0000)
  to   space 21824K,   0% used [0x00000000e6ab0000, 0x00000000e6ab0000, 0x00000000e8000000)
 concurrent mark-sweep generation total 393216K, used 10751K [0x00000000e8000000, 0x0000000100000000, 0x0000000100000000)
 Metaspace       used 28651K, capacity 29076K, committed 29384K, reserved 1075200K
  class space    used 3321K, capacity 3464K, committed 3528K, reserved 1048576K
}
2023-04-20T15:04:26.682+0530: 2.164: Total time for which application threads were stopped: 0.0119280 seconds, Stopping threads took: 0.0000240 seconds
{Heap before GC invocations=18 (full 1):
 par new generation   total 109248K, used 109248K [0x00000000e0000000, 0x00000000e8000000, 0x00000000e8000000)
  eden space 87424K, 100% used [0x00000000e0000000, 0x00000000e5560000, 0x00000000e5560000)
  from space 21824K, 100% used [0x00000000e5560000, 0x00000000e6ab0000, 0x00000000e6ab0000)
  to   space 21824K,   0% used [0x00000000e6ab0000, 0x00000000e6ab0000, 0x00000000e8000000)
 concurrent mark-sweep generation total 393216K, used 10751K [0x00000000e8000000, 0x0000000100000000, 0x0000000100000000)
 Metaspace       used 28799K, capacity 29236K, committed 29384K, reserved 1075200K
  class space    used 3326K, capacity 3496K, committed 3528K, reserved 1048576K
2023-04-20T15:04:27.091+0530: 2.574: [GC (Allocation Failure) 2023-04-20T15:04:27.091+0530: 2.574: [ParNew
Desired survivor size 20112992 bytes, new threshold 8 (max 8)
- age   1:    2602384 bytes,    2602384 total
- age   2:     179616 bytes,    2782000 total
- age   3:    7980568 bytes,   10762568 total
- age   4:     115760 bytes,   10878328 total
- age   5:      85176 bytes,   10963504 total
- age   6:      93360 bytes,   11056864 total
- age   7:      68888 bytes,   11125752 total
- age   8:     262856 bytes,   11388608 total
: 109248K->21182K(109248K), 0.0536770 secs] 119999K->39754K(502464K), 0.0538727 secs] [Times: user=0.19 sys=0.01, real=0.05 secs] 
Heap after GC invocations=19 (full 1):
 par new generation   total 109248K, used 21182K [0x00000000e0000000, 0x00000000e8000000, 0x00000000e8000000)
  eden space 87424K,   0% used [0x00000000e0000000, 0x00000000e0000000, 0x00000000e5560000)
  from space 21824K,  97% used [0x00000000e6ab0000, 0x00000000e7f5fbb8, 0x00000000e8000000)
  to   space 21824K,   0% used [0x00000000e5560000, 0x00000000e5560000, 0x00000000e6ab0000)
 concurrent mark-sweep generation total 393216K, used 18571K [0x00000000e8000000, 0x0000000100000000, 0x0000000100000000)
 Metaspace       used 28799K, capacity 29236K, committed 29384K, reserved 1075200K
  class space    used 3326K, capacity 3496K, committed 3528K, reserved 1048576K
}
2023-04-20T15:04:27.145+0530: 2.628: Total time for which application threads were stopped: 0.0542744 seconds, Stopping threads took: 0.0000359 seconds
2023-04-20T15:04:27.195+0530: 2.677: Total time for which application threads were stopped: 0.0006427 seconds, Stopping threads took: 0.0000339 seconds
2023-04-20T15:04:28.195+0530: 3.677: Total time for which application threads were stopped: 0.0001970 seconds, Stopping threads took: 0.0000429 seconds
2023-04-20T15:04:28.557+0530: 4.039: Total time for which application threads were stopped: 0.0012436 seconds, Stopping threads took: 0.0000530 seconds
2023-04-20T15:04:30.714+0530: 6.197: Total time for which application threads were stopped: 0.0002566 seconds, Stopping threads took: 0.0001038 seconds
2023-04-20T15:04:30.715+0530: 6.197: Total time for which application threads were stopped: 0.0001753 seconds, Stopping threads took: 0.0000678 seconds
2023-04-20T15:04:30.855+0530: 6.337: Total time for which application threads were stopped: 0.0003551 seconds, Stopping threads took: 0.0000160 seconds
2023-04-20T15:04:30.855+0530: 6.338: Total time for which application threads were stopped: 0.0003102 seconds, Stopping threads took: 0.0000097 seconds
2023-04-20T15:04:30.856+0530: 6.339: Total time for which application threads were stopped: 0.0000811 seconds, Stopping threads took: 0.0000148 seconds
2023-04-20T15:04:30.856+0530: 6.339: Total time for which application threads were stopped: 0.0000530 seconds, Stopping threads took: 0.0000164 seconds
2023-04-20T15:04:30.856+0530: 6.339: Total time for which application threads were stopped: 0.0000434 seconds, Stopping threads took: 0.0000075 seconds
2023-04-20T15:04:30.856+0530: 6.339: Total time for which application threads were stopped: 0.0000875 seconds, Stopping threads took: 0.0000255 seconds
2023-04-20T15:04:30.857+0530: 6.339: Total time for which application threads were stopped: 0.0000549 seconds, Stopping threads took: 0.0000206 seconds
2023-04-20T15:04:30.858+0530: 6.340: Total time for which application threads were stopped: 0.0000776 seconds, Stopping threads took: 0.0000294 seconds
2023-04-20T15:04:30.858+0530: 6.340: Total time for which application threads were stopped: 0.0000470 seconds, Stopping threads took: 0.0000155 seconds
2023-04-20T15:04:30.858+0530: 6.340: Total time for which application threads were stopped: 0.0000403 seconds, Stopping threads took: 0.0000117 seconds
2023-04-20T15:04:30.858+0530: 6.340: Total time for which application threads were stopped: 0.0000405 seconds, Stopping threads took: 0.0000127 seconds
2023-04-20T15:04:30.858+0530: 6.340: Total time for which application threads were stopped: 0.0000289 seconds, Stopping threads took: 0.0000094 seconds
2023-04-20T15:04:31.859+0530: 7.341: Total time for which application threads were stopped: 0.0003488 seconds, Stopping threads took: 0.0000636 seconds
2023-04-20T15:04:37.638+0530: 13.121: Total time for which application threads were stopped: 0.0002626 seconds, Stopping threads took: 0.0001242 seconds
2023-04-20T15:04:37.639+0530: 13.121: Total time for which application threads were stopped: 0.0001751 seconds, Stopping threads took: 0.0000795 seconds
2023-04-20T15:04:37.640+0530: 13.123: Total time for which application threads were stopped: 0.0004545 seconds, Stopping threads took: 0.0003346 seconds
2023-04-20T15:04:37.641+0530: 13.123: Total time for which application threads were stopped: 0.0003530 seconds, Stopping threads took: 0.0002234 seconds
2023-04-20T15:04:37.645+0530: 13.128: Total time for which application threads were stopped: 0.0005185 seconds, Stopping threads took: 0.0000231 seconds
2023-04-20T15:04:37.653+0530: 13.136: Total time for which application threads were stopped: 0.0001566 seconds, Stopping threads took: 0.0000865 seconds
2023-04-20T15:04:37.654+0530: 13.136: Total time for which application threads were stopped: 0.0001211 seconds, Stopping threads took: 0.0000742 seconds
2023-04-20T15:04:37.654+0530: 13.137: Total time for which application threads were stopped: 0.0001462 seconds, Stopping threads took: 0.0000764 seconds
2023-04-20T15:04:37.655+0530: 13.137: Total time for which application threads were stopped: 0.0002371 seconds, Stopping threads took: 0.0001735 seconds
2023-04-20T15:04:37.655+0530: 13.138: Total time for which application threads were stopped: 0.0001351 seconds, Stopping threads took: 0.0000922 seconds
2023-04-20T15:04:37.656+0530: 13.138: Total time for which application threads were stopped: 0.0000866 seconds, Stopping threads took: 0.0000358 seconds
2023-04-20T15:04:37.656+0530: 13.138: Total time for which application threads were stopped: 0.0000914 seconds, Stopping threads took: 0.0000352 seconds
2023-04-20T15:04:37.658+0530: 13.141: Total time for which application threads were stopped: 0.0001025 seconds, Stopping threads took: 0.0000225 seconds
2023-04-20T15:04:37.660+0530: 13.142: Total time for which application threads were stopped: 0.0001958 seconds, Stopping threads took: 0.0000620 seconds
2023-04-20T15:04:37.660+0530: 13.142: Total time for which application threads were stopped: 0.0001101 seconds, Stopping threads took: 0.0000325 seconds
2023-04-20T15:04:37.660+0530: 13.142: Total time for which application threads were stopped: 0.0000727 seconds, Stopping threads took: 0.0000143 seconds
2023-04-20T15:04:37.660+0530: 13.142: Total time for which application threads were stopped: 0.0000574 seconds, Stopping threads took: 0.0000099 seconds
2023-04-20T15:04:37.660+0530: 13.143: Total time for which application threads were stopped: 0.0000550 seconds, Stopping threads took: 0.0000090 seconds
2023-04-20T15:04:37.662+0530: 13.144: Total time for which application threads were stopped: 0.0001432 seconds, Stopping threads took: 0.0000659 seconds
2023-04-20T15:04:37.662+0530: 13.144: Total time for which application threads were stopped: 0.0002143 seconds, Stopping threads took: 0.0000252 seconds
2023-04-20T15:04:37.662+0530: 13.144: Total time for which application threads were stopped: 0.0000427 seconds, Stopping threads took: 0.0000087 seconds
2023-04-20T15:04:38.519+0530: 14.002: Total time for which application threads were stopped: 0.0002403 seconds, Stopping threads took: 0.0000860 seconds
2023-04-20T15:04:38.520+0530: 14.002: Total time for which application threads were stopped: 0.0001127 seconds, Stopping threads took: 0.0000278 seconds
2023-04-20T15:04:38.521+0530: 14.003: Total time for which application threads were stopped: 0.0001180 seconds, Stopping threads took: 0.0000308 seconds
2023-04-20T15:04:38.522+0530: 14.004: Total time for which application threads were stopped: 0.0000964 seconds, Stopping threads took: 0.0000271 seconds
2023-04-20T15:04:41.522+0530: 17.005: Total time for which application threads were stopped: 0.0002319 seconds, Stopping threads took: 0.0000536 seconds
2023-04-20T15:04:59.520+0530: 35.003: Total time for which application threads were stopped: 0.0005037 seconds, Stopping threads took: 0.0000151 seconds
2023-04-20T15:04:59.520+0530: 35.003: Total time for which application threads were stopped: 0.0000548 seconds, Stopping threads took: 0.0000116 seconds
2023-04-20T15:04:59.521+0530: 35.003: Total time for which application threads were stopped: 0.0004064 seconds, Stopping threads took: 0.0000068 seconds
2023-04-20T15:04:59.523+0530: 35.005: Total time for which application threads were stopped: 0.0000402 seconds, Stopping threads took: 0.0000081 seconds
2023-04-20T15:04:59.523+0530: 35.006: Total time for which application threads were stopped: 0.0000569 seconds, Stopping threads took: 0.0000089 seconds
2023-04-20T15:04:59.523+0530: 35.006: Total time for which application threads were stopped: 0.0000333 seconds, Stopping threads took: 0.0000103 seconds
2023-04-20T15:04:59.523+0530: 35.006: Total time for which application threads were stopped: 0.0000228 seconds, Stopping threads took: 0.0000047 seconds
2023-04-20T15:04:59.524+0530: 35.006: Total time for which application threads were stopped: 0.0000220 seconds, Stopping threads took: 0.0000046 seconds
2023-04-20T15:04:59.528+0530: 35.011: Total time for which application threads were stopped: 0.0000637 seconds, Stopping threads took: 0.0000105 seconds
2023-04-20T15:04:59.531+0530: 35.014: Total time for which application threads were stopped: 0.0000657 seconds, Stopping threads took: 0.0000212 seconds
2023-04-20T15:04:59.534+0530: 35.017: Total time for which application threads were stopped: 0.0001132 seconds, Stopping threads took: 0.0000664 seconds
2023-04-20T15:04:59.537+0530: 35.020: Total time for which application threads were stopped: 0.0000690 seconds, Stopping threads took: 0.0000132 seconds
2023-04-20T15:04:59.540+0530: 35.022: Total time for which application threads were stopped: 0.0001062 seconds, Stopping threads took: 0.0000472 seconds
2023-04-20T15:04:59.543+0530: 35.025: Total time for which application threads were stopped: 0.0000584 seconds, Stopping threads took: 0.0000136 seconds
2023-04-20T15:04:59.545+0530: 35.028: Total time for which application threads were stopped: 0.0001175 seconds, Stopping threads took: 0.0000687 seconds
2023-04-20T15:04:59.547+0530: 35.029: Total time for which application threads were stopped: 0.0000675 seconds, Stopping threads took: 0.0000434 seconds
Heap
 par new generation   total 109248K, used 47516K [0x00000000e0000000, 0x00000000e8000000, 0x00000000e8000000)
  eden space 87424K,  30% used [0x00000000e0000000, 0x00000000e19b75c8, 0x00000000e5560000)
  from space 21824K,  97% used [0x00000000e6ab0000, 0x00000000e7f5fbb8, 0x00000000e8000000)
  to   space 21824K,   0% used [0x00000000e5560000, 0x00000000e5560000, 0x00000000e6ab0000)
 concurrent mark-sweep generation total 393216K, used 18571K [0x00000000e8000000, 0x0000000100000000, 0x0000000100000000)
 Metaspace       used 30490K, capacity 31014K, committed 31176K, reserved 1077248K
  class space    used 3546K, capacity 3743K, committed 3784K, reserved 1048576K
