OpenJDK 64-Bit Server VM (25.362-b09) for linux-amd64 JRE (1.8.0_362-8u362-ga-0ubuntu1~22.04-b09), built on Jan 24 2023 19:02:58 by "buildd" with gcc 11.3.0
Memory: 4k page, physical 32636936k(24727752k free), swap 2097148k(2097148k free)
CommandLine flags: -XX:CMSInitiatingOccupancyFraction=50 -XX:CMSMaxAbortablePrecleanTime=6000 -XX:+CMSParallelRemarkEnabled -XX:+CMSScavengeBeforeRemark -XX:ConcGCThreads=4 -XX:InitialHeapSize=536870912 -XX:MaxHeapSize=536870912 -XX:MaxTenuringThreshold=8 -XX:NewRatio=3 -XX:OldPLABSize=16 -XX:ParallelGCThreads=4 -XX:+ParallelRefProcEnabled -XX:PretenureSizeThreshold=67108864 -XX:+PrintGC -XX:+PrintGCApplicationStoppedTime -XX:+PrintGCDateStamps -XX:+PrintGCDetails -XX:+PrintGCTimeStamps -XX:+PrintHeapAtGC -XX:+PrintTenuringDistribution -XX:SurvivorRatio=4 -XX:TargetSurvivorRatio=90 -XX:ThreadStackSize=256 -XX:+UseCMSInitiatingOccupancyOnly -XX:+UseCompressedClassPointers -XX:+UseCompressedOops -XX:+UseConcMarkSweepGC -XX:+UseParNewGC 
2023-04-20T12:03:15.189+0530: 0.084: Total time for which application threads were stopped: 0.0001098 seconds, Stopping threads took: 0.0000090 seconds
2023-04-20T12:03:15.311+0530: 0.207: Total time for which application threads were stopped: 0.0001152 seconds, Stopping threads took: 0.0000088 seconds
2023-04-20T12:03:15.375+0530: 0.271: Total time for which application threads were stopped: 0.0001477 seconds, Stopping threads took: 0.0000191 seconds
2023-04-20T12:03:15.438+0530: 0.334: Total time for which application threads were stopped: 0.0001354 seconds, Stopping threads took: 0.0000113 seconds
2023-04-20T12:03:15.469+0530: 0.364: Total time for which application threads were stopped: 0.0001985 seconds, Stopping threads took: 0.0000289 seconds
2023-04-20T12:03:15.478+0530: 0.373: Total time for which application threads were stopped: 0.0001384 seconds, Stopping threads took: 0.0000142 seconds
2023-04-20T12:03:15.485+0530: 0.380: Total time for which application threads were stopped: 0.0001493 seconds, Stopping threads took: 0.0000168 seconds
{Heap before GC invocations=0 (full 0):
 par new generation   total 109248K, used 87424K [0x00000000e0000000, 0x00000000e8000000, 0x00000000e8000000)
  eden space 87424K, 100% used [0x00000000e0000000, 0x00000000e5560000, 0x00000000e5560000)
  from space 21824K,   0% used [0x00000000e5560000, 0x00000000e5560000, 0x00000000e6ab0000)
  to   space 21824K,   0% used [0x00000000e6ab0000, 0x00000000e6ab0000, 0x00000000e8000000)
 concurrent mark-sweep generation total 393216K, used 0K [0x00000000e8000000, 0x0000000100000000, 0x0000000100000000)
 Metaspace       used 10234K, capacity 10396K, committed 10496K, reserved 1058816K
  class space    used 1164K, capacity 1208K, committed 1280K, reserved 1048576K
2023-04-20T12:03:15.642+0530: 0.538: [GC (Allocation Failure) 2023-04-20T12:03:15.642+0530: 0.538: [ParNew
Desired survivor size 20112992 bytes, new threshold 8 (max 8)
- age   1:    5901200 bytes,    5901200 total
: 87424K->5823K(109248K), 0.0068087 secs] 87424K->5823K(502464K), 0.0069105 secs] [Times: user=0.02 sys=0.00, real=0.00 secs] 
Heap after GC invocations=1 (full 0):
 par new generation   total 109248K, used 5823K [0x00000000e0000000, 0x00000000e8000000, 0x00000000e8000000)
  eden space 87424K,   0% used [0x00000000e0000000, 0x00000000e0000000, 0x00000000e5560000)
  from space 21824K,  26% used [0x00000000e6ab0000, 0x00000000e705ff38, 0x00000000e8000000)
  to   space 21824K,   0% used [0x00000000e5560000, 0x00000000e5560000, 0x00000000e6ab0000)
 concurrent mark-sweep generation total 393216K, used 0K [0x00000000e8000000, 0x0000000100000000, 0x0000000100000000)
 Metaspace       used 10234K, capacity 10396K, committed 10496K, reserved 1058816K
  class space    used 1164K, capacity 1208K, committed 1280K, reserved 1048576K
}
2023-04-20T12:03:15.649+0530: 0.545: Total time for which application threads were stopped: 0.0070546 seconds, Stopping threads took: 0.0000157 seconds
2023-04-20T12:03:15.701+0530: 0.597: Total time for which application threads were stopped: 0.0001623 seconds, Stopping threads took: 0.0000146 seconds
2023-04-20T12:03:15.732+0530: 0.627: Total time for which application threads were stopped: 0.0002484 seconds, Stopping threads took: 0.0000266 seconds
2023-04-20T12:03:15.819+0530: 0.714: Total time for which application threads were stopped: 0.0001727 seconds, Stopping threads took: 0.0000095 seconds
2023-04-20T12:03:15.847+0530: 0.743: Total time for which application threads were stopped: 0.0001982 seconds, Stopping threads took: 0.0000158 seconds
2023-04-20T12:03:15.886+0530: 0.781: Total time for which application threads were stopped: 0.0002590 seconds, Stopping threads took: 0.0000175 seconds
2023-04-20T12:03:15.887+0530: 0.782: Total time for which application threads were stopped: 0.0001447 seconds, Stopping threads took: 0.0000112 seconds
2023-04-20T12:03:15.934+0530: 0.830: Total time for which application threads were stopped: 0.0002175 seconds, Stopping threads took: 0.0000166 seconds
2023-04-20T12:03:15.993+0530: 0.889: Total time for which application threads were stopped: 0.0003581 seconds, Stopping threads took: 0.0000896 seconds
{Heap before GC invocations=1 (full 0):
 par new generation   total 109248K, used 93247K [0x00000000e0000000, 0x00000000e8000000, 0x00000000e8000000)
  eden space 87424K, 100% used [0x00000000e0000000, 0x00000000e5560000, 0x00000000e5560000)
  from space 21824K,  26% used [0x00000000e6ab0000, 0x00000000e705ff38, 0x00000000e8000000)
  to   space 21824K,   0% used [0x00000000e5560000, 0x00000000e5560000, 0x00000000e6ab0000)
 concurrent mark-sweep generation total 393216K, used 0K [0x00000000e8000000, 0x0000000100000000, 0x0000000100000000)
 Metaspace       used 19817K, capacity 20184K, committed 20352K, reserved 1067008K
  class space    used 2272K, capacity 2424K, committed 2432K, reserved 1048576K
2023-04-20T12:03:16.138+0530: 1.034: [GC (Allocation Failure) 2023-04-20T12:03:16.138+0530: 1.034: [ParNew
Desired survivor size 20112992 bytes, new threshold 8 (max 8)
- age   1:   10402120 bytes,   10402120 total
- age   2:    2559992 bytes,   12962112 total
: 93247K->15627K(109248K), 0.0076376 secs] 93247K->15627K(502464K), 0.0077365 secs] [Times: user=0.03 sys=0.00, real=0.01 secs] 
Heap after GC invocations=2 (full 0):
 par new generation   total 109248K, used 15627K [0x00000000e0000000, 0x00000000e8000000, 0x00000000e8000000)
  eden space 87424K,   0% used [0x00000000e0000000, 0x00000000e0000000, 0x00000000e5560000)
  from space 21824K,  71% used [0x00000000e5560000, 0x00000000e64a2d80, 0x00000000e6ab0000)
  to   space 21824K,   0% used [0x00000000e6ab0000, 0x00000000e6ab0000, 0x00000000e8000000)
 concurrent mark-sweep generation total 393216K, used 0K [0x00000000e8000000, 0x0000000100000000, 0x0000000100000000)
 Metaspace       used 19817K, capacity 20184K, committed 20352K, reserved 1067008K
  class space    used 2272K, capacity 2424K, committed 2432K, reserved 1048576K
}
2023-04-20T12:03:16.146+0530: 1.042: Total time for which application threads were stopped: 0.0079203 seconds, Stopping threads took: 0.0000201 seconds
2023-04-20T12:03:16.257+0530: 1.153: Total time for which application threads were stopped: 0.0002857 seconds, Stopping threads took: 0.0000184 seconds
2023-04-20T12:03:16.293+0530: 1.188: Total time for which application threads were stopped: 0.0003800 seconds, Stopping threads took: 0.0000530 seconds
{Heap before GC invocations=2 (full 0):
 par new generation   total 109248K, used 103051K [0x00000000e0000000, 0x00000000e8000000, 0x00000000e8000000)
  eden space 87424K, 100% used [0x00000000e0000000, 0x00000000e5560000, 0x00000000e5560000)
  from space 21824K,  71% used [0x00000000e5560000, 0x00000000e64a2d80, 0x00000000e6ab0000)
  to   space 21824K,   0% used [0x00000000e6ab0000, 0x00000000e6ab0000, 0x00000000e8000000)
 concurrent mark-sweep generation total 393216K, used 0K [0x00000000e8000000, 0x0000000100000000, 0x0000000100000000)
 Metaspace       used 20659K, capacity 21048K, committed 21248K, reserved 1069056K
  class space    used 2395K, capacity 2520K, committed 2560K, reserved 1048576K
2023-04-20T12:03:16.305+0530: 1.201: [GC (Allocation Failure) 2023-04-20T12:03:16.305+0530: 1.201: [ParNew
Desired survivor size 20112992 bytes, new threshold 8 (max 8)
- age   1:    1500448 bytes,    1500448 total
- age   2:    4936928 bytes,    6437376 total
- age   3:    2530064 bytes,    8967440 total
: 103051K->15705K(109248K), 0.0066593 secs] 103051K->15705K(502464K), 0.0067407 secs] [Times: user=0.02 sys=0.00, real=0.00 secs] 
Heap after GC invocations=3 (full 0):
 par new generation   total 109248K, used 15705K [0x00000000e0000000, 0x00000000e8000000, 0x00000000e8000000)
  eden space 87424K,   0% used [0x00000000e0000000, 0x00000000e0000000, 0x00000000e5560000)
  from space 21824K,  71% used [0x00000000e6ab0000, 0x00000000e7a06640, 0x00000000e8000000)
  to   space 21824K,   0% used [0x00000000e5560000, 0x00000000e5560000, 0x00000000e6ab0000)
 concurrent mark-sweep generation total 393216K, used 0K [0x00000000e8000000, 0x0000000100000000, 0x0000000100000000)
 Metaspace       used 20659K, capacity 21048K, committed 21248K, reserved 1069056K
  class space    used 2395K, capacity 2520K, committed 2560K, reserved 1048576K
}
2023-04-20T12:03:16.312+0530: 1.207: Total time for which application threads were stopped: 0.0069127 seconds, Stopping threads took: 0.0000497 seconds
2023-04-20T12:03:16.324+0530: 1.220: Total time for which application threads were stopped: 0.0002495 seconds, Stopping threads took: 0.0000178 seconds
2023-04-20T12:03:16.332+0530: 1.227: Total time for which application threads were stopped: 0.0001585 seconds, Stopping threads took: 0.0001055 seconds
2023-04-20T12:03:16.409+0530: 1.305: Total time for which application threads were stopped: 0.0001414 seconds, Stopping threads took: 0.0000251 seconds
{Heap before GC invocations=3 (full 0):
 par new generation   total 109248K, used 103119K [0x00000000e0000000, 0x00000000e8000000, 0x00000000e8000000)
  eden space 87424K,  99% used [0x00000000e0000000, 0x00000000e555d628, 0x00000000e5560000)
  from space 21824K,  71% used [0x00000000e6ab0000, 0x00000000e7a06640, 0x00000000e8000000)
  to   space 21824K,   0% used [0x00000000e5560000, 0x00000000e5560000, 0x00000000e6ab0000)
 concurrent mark-sweep generation total 393216K, used 0K [0x00000000e8000000, 0x0000000100000000, 0x0000000100000000)
 Metaspace       used 21384K, capacity 21726K, committed 21960K, reserved 1069056K
  class space    used 2482K, capacity 2617K, committed 2684K, reserved 1048576K
2023-04-20T12:03:16.448+0530: 1.343: [GC (Allocation Failure) 2023-04-20T12:03:16.448+0530: 1.343: [ParNew
Desired survivor size 20112992 bytes, new threshold 8 (max 8)
- age   1:    2781544 bytes,    2781544 total
- age   2:     279656 bytes,    3061200 total
- age   3:    4929088 bytes,    7990288 total
- age   4:    2529952 bytes,   10520240 total
: 103119K->12017K(109248K), 0.0082421 secs] 103119K->12017K(502464K), 0.0083281 secs] [Times: user=0.05 sys=0.00, real=0.01 secs] 
Heap after GC invocations=4 (full 0):
 par new generation   total 109248K, used 12017K [0x00000000e0000000, 0x00000000e8000000, 0x00000000e8000000)
  eden space 87424K,   0% used [0x00000000e0000000, 0x00000000e0000000, 0x00000000e5560000)
  from space 21824K,  55% used [0x00000000e5560000, 0x00000000e611c4c0, 0x00000000e6ab0000)
  to   space 21824K,   0% used [0x00000000e6ab0000, 0x00000000e6ab0000, 0x00000000e8000000)
 concurrent mark-sweep generation total 393216K, used 0K [0x00000000e8000000, 0x0000000100000000, 0x0000000100000000)
 Metaspace       used 21384K, capacity 21726K, committed 21960K, reserved 1069056K
  class space    used 2482K, capacity 2617K, committed 2684K, reserved 1048576K
}
2023-04-20T12:03:16.456+0530: 1.352: Total time for which application threads were stopped: 0.0085025 seconds, Stopping threads took: 0.0000522 seconds
2023-04-20T12:03:16.456+0530: 1.352: [GC (CMS Initial Mark) [1 CMS-initial-mark: 0K(393216K)] 12491K(502464K), 0.0023029 secs] [Times: user=0.02 sys=0.00, real=0.00 secs] 
2023-04-20T12:03:16.459+0530: 1.354: Total time for which application threads were stopped: 0.0024401 seconds, Stopping threads took: 0.0000429 seconds
2023-04-20T12:03:16.459+0530: 1.354: [CMS-concurrent-mark-start]
2023-04-20T12:03:16.459+0530: 1.355: [CMS-concurrent-mark: 0.001/0.001 secs] [Times: user=0.00 sys=0.00, real=0.00 secs] 
2023-04-20T12:03:16.460+0530: 1.355: [CMS-concurrent-preclean-start]
2023-04-20T12:03:16.461+0530: 1.356: [CMS-concurrent-preclean: 0.001/0.001 secs] [Times: user=0.00 sys=0.00, real=0.00 secs] 
2023-04-20T12:03:16.461+0530: 1.356: [CMS-concurrent-abortable-preclean-start]
2023-04-20T12:03:16.470+0530: 1.366: Total time for which application threads were stopped: 0.0000835 seconds, Stopping threads took: 0.0000199 seconds
2023-04-20T12:03:16.485+0530: 1.380: Total time for which application threads were stopped: 0.0000897 seconds, Stopping threads took: 0.0000200 seconds
{Heap before GC invocations=4 (full 1):
 par new generation   total 109248K, used 99441K [0x00000000e0000000, 0x00000000e8000000, 0x00000000e8000000)
  eden space 87424K, 100% used [0x00000000e0000000, 0x00000000e5560000, 0x00000000e5560000)
  from space 21824K,  55% used [0x00000000e5560000, 0x00000000e611c4c0, 0x00000000e6ab0000)
  to   space 21824K,   0% used [0x00000000e6ab0000, 0x00000000e6ab0000, 0x00000000e8000000)
 concurrent mark-sweep generation total 393216K, used 0K [0x00000000e8000000, 0x0000000100000000, 0x0000000100000000)
 Metaspace       used 22066K, capacity 22404K, committed 22624K, reserved 1069056K
  class space    used 2576K, capacity 2714K, committed 2760K, reserved 1048576K
2023-04-20T12:03:16.527+0530: 1.422: [GC (Allocation Failure) 2023-04-20T12:03:16.527+0530: 1.422: [ParNew
Desired survivor size 20112992 bytes, new threshold 8 (max 8)
- age   1:     735208 bytes,     735208 total
- age   2:    1922680 bytes,    2657888 total
- age   3:     279512 bytes,    2937400 total
- age   4:    4927464 bytes,    7864864 total
- age   5:    2529952 bytes,   10394816 total
: 99441K->15587K(109248K), 0.0062323 secs] 99441K->15587K(502464K), 0.0063861 secs] [Times: user=0.03 sys=0.00, real=0.01 secs] 
Heap after GC invocations=5 (full 1):
 par new generation   total 109248K, used 15587K [0x00000000e0000000, 0x00000000e8000000, 0x00000000e8000000)
  eden space 87424K,   0% used [0x00000000e0000000, 0x00000000e0000000, 0x00000000e5560000)
  from space 21824K,  71% used [0x00000000e6ab0000, 0x00000000e79e8d00, 0x00000000e8000000)
  to   space 21824K,   0% used [0x00000000e5560000, 0x00000000e5560000, 0x00000000e6ab0000)
 concurrent mark-sweep generation total 393216K, used 0K [0x00000000e8000000, 0x0000000100000000, 0x0000000100000000)
 Metaspace       used 22066K, capacity 22404K, committed 22624K, reserved 1069056K
  class space    used 2576K, capacity 2714K, committed 2760K, reserved 1048576K
}
2023-04-20T12:03:16.533+0530: 1.428: Total time for which application threads were stopped: 0.0065594 seconds, Stopping threads took: 0.0000301 seconds
2023-04-20T12:03:16.533+0530: 1.429: [CMS-concurrent-abortable-preclean: 0.053/0.072 secs] [Times: user=0.45 sys=0.01, real=0.08 secs] 
2023-04-20T12:03:16.533+0530: 1.429: [GC (CMS Final Remark) [YG occupancy: 16091 K (109248 K)]{Heap before GC invocations=5 (full 1):
 par new generation   total 109248K, used 16091K [0x00000000e0000000, 0x00000000e8000000, 0x00000000e8000000)
  eden space 87424K,   0% used [0x00000000e0000000, 0x00000000e007e1d0, 0x00000000e5560000)
  from space 21824K,  71% used [0x00000000e6ab0000, 0x00000000e79e8d00, 0x00000000e8000000)
  to   space 21824K,   0% used [0x00000000e5560000, 0x00000000e5560000, 0x00000000e6ab0000)
 concurrent mark-sweep generation total 393216K, used 0K [0x00000000e8000000, 0x0000000100000000, 0x0000000100000000)
 Metaspace       used 22066K, capacity 22404K, committed 22624K, reserved 1069056K
  class space    used 2576K, capacity 2714K, committed 2760K, reserved 1048576K
2023-04-20T12:03:16.533+0530: 1.429: [GC (CMS Final Remark) 2023-04-20T12:03:16.533+0530: 1.429: [ParNew
Desired survivor size 20112992 bytes, new threshold 8 (max 8)
- age   1:      31656 bytes,      31656 total
- age   2:     414088 bytes,     445744 total
- age   3:    1920760 bytes,    2366504 total
- age   4:     279536 bytes,    2646040 total
- age   5:    4923896 bytes,    7569936 total
- age   6:    2529952 bytes,   10099888 total
: 16091K->10720K(109248K), 0.0061614 secs] 16091K->10720K(502464K), 0.0062208 secs] [Times: user=0.03 sys=0.00, real=0.00 secs] 
Heap after GC invocations=6 (full 1):
 par new generation   total 109248K, used 10720K [0x00000000e0000000, 0x00000000e8000000, 0x00000000e8000000)
  eden space 87424K,   0% used [0x00000000e0000000, 0x00000000e0000000, 0x00000000e5560000)
  from space 21824K,  49% used [0x00000000e5560000, 0x00000000e5fd8110, 0x00000000e6ab0000)
  to   space 21824K,   0% used [0x00000000e6ab0000, 0x00000000e6ab0000, 0x00000000e8000000)
 concurrent mark-sweep generation total 393216K, used 0K [0x00000000e8000000, 0x0000000100000000, 0x0000000100000000)
 Metaspace       used 22066K, capacity 22404K, committed 22624K, reserved 1069056K
  class space    used 2576K, capacity 2714K, committed 2760K, reserved 1048576K
}
2023-04-20T12:03:16.540+0530: 1.435: [Rescan (parallel) , 0.0022039 secs]2023-04-20T12:03:16.542+0530: 1.437: [weak refs processing, 0.0004060 secs]2023-04-20T12:03:16.542+0530: 1.438: [class unloading, 0.0024966 secs]2023-04-20T12:03:16.545+0530: 1.440: [scrub symbol table, 0.0016446 secs]2023-04-20T12:03:16.546+0530: 1.442: [scrub string table, 0.0003485 secs][1 CMS-remark: 0K(393216K)] 10720K(502464K), 0.0140084 secs] [Times: user=0.04 sys=0.00, real=0.01 secs] 
2023-04-20T12:03:16.547+0530: 1.443: Total time for which application threads were stopped: 0.0141501 seconds, Stopping threads took: 0.0000576 seconds
2023-04-20T12:03:16.547+0530: 1.443: [CMS-concurrent-sweep-start]
2023-04-20T12:03:16.548+0530: 1.443: [CMS-concurrent-sweep: 0.000/0.000 secs] [Times: user=0.00 sys=0.00, real=0.00 secs] 
2023-04-20T12:03:16.548+0530: 1.443: [CMS-concurrent-reset-start]
2023-04-20T12:03:16.551+0530: 1.446: [CMS-concurrent-reset: 0.003/0.003 secs] [Times: user=0.01 sys=0.00, real=0.00 secs] 
{Heap before GC invocations=6 (full 1):
 par new generation   total 109248K, used 98144K [0x00000000e0000000, 0x00000000e8000000, 0x00000000e8000000)
  eden space 87424K, 100% used [0x00000000e0000000, 0x00000000e5560000, 0x00000000e5560000)
  from space 21824K,  49% used [0x00000000e5560000, 0x00000000e5fd8110, 0x00000000e6ab0000)
  to   space 21824K,   0% used [0x00000000e6ab0000, 0x00000000e6ab0000, 0x00000000e8000000)
 concurrent mark-sweep generation total 393216K, used 0K [0x00000000e8000000, 0x0000000100000000, 0x0000000100000000)
 Metaspace       used 22154K, capacity 22550K, committed 22880K, reserved 1069056K
  class space    used 2590K, capacity 2717K, committed 2760K, reserved 1048576K
2023-04-20T12:03:16.588+0530: 1.484: [GC (Allocation Failure) 2023-04-20T12:03:16.588+0530: 1.484: [ParNew
Desired survivor size 20112992 bytes, new threshold 8 (max 8)
- age   1:     543832 bytes,     543832 total
- age   3:     123816 bytes,     667648 total
- age   4:    1920488 bytes,    2588136 total
- age   5:     279256 bytes,    2867392 total
- age   6:    4923880 bytes,    7791272 total
- age   7:    2529952 bytes,   10321224 total
: 98144K->15029K(109248K), 0.0060999 secs] 98144K->15029K(502464K), 0.0061871 secs] [Times: user=0.03 sys=0.00, real=0.01 secs] 
Heap after GC invocations=7 (full 1):
 par new generation   total 109248K, used 15029K [0x00000000e0000000, 0x00000000e8000000, 0x00000000e8000000)
  eden space 87424K,   0% used [0x00000000e0000000, 0x00000000e0000000, 0x00000000e5560000)
  from space 21824K,  68% used [0x00000000e6ab0000, 0x00000000e795d748, 0x00000000e8000000)
  to   space 21824K,   0% used [0x00000000e5560000, 0x00000000e5560000, 0x00000000e6ab0000)
 concurrent mark-sweep generation total 393216K, used 0K [0x00000000e8000000, 0x0000000100000000, 0x0000000100000000)
 Metaspace       used 22154K, capacity 22550K, committed 22880K, reserved 1069056K
  class space    used 2590K, capacity 2717K, committed 2760K, reserved 1048576K
}
2023-04-20T12:03:16.594+0530: 1.490: Total time for which application threads were stopped: 0.0063776 seconds, Stopping threads took: 0.0000493 seconds
{Heap before GC invocations=7 (full 1):
 par new generation   total 109248K, used 102453K [0x00000000e0000000, 0x00000000e8000000, 0x00000000e8000000)
  eden space 87424K, 100% used [0x00000000e0000000, 0x00000000e5560000, 0x00000000e5560000)
  from space 21824K,  68% used [0x00000000e6ab0000, 0x00000000e795d748, 0x00000000e8000000)
  to   space 21824K,   0% used [0x00000000e5560000, 0x00000000e5560000, 0x00000000e6ab0000)
 concurrent mark-sweep generation total 393216K, used 0K [0x00000000e8000000, 0x0000000100000000, 0x0000000100000000)
 Metaspace       used 22317K, capacity 22718K, committed 22880K, reserved 1069056K
  class space    used 2614K, capacity 2751K, committed 2760K, reserved 1048576K
2023-04-20T12:03:16.633+0530: 1.528: [GC (Allocation Failure) 2023-04-20T12:03:16.633+0530: 1.528: [ParNew
Desired survivor size 20112992 bytes, new threshold 8 (max 8)
- age   1:     921352 bytes,     921352 total
- age   2:     130120 bytes,    1051472 total
- age   4:     122896 bytes,    1174368 total
- age   5:    1920416 bytes,    3094784 total
- age   6:     279096 bytes,    3373880 total
- age   7:    4921024 bytes,    8294904 total
- age   8:    2529976 bytes,   10824880 total
: 102453K->11853K(109248K), 0.0081134 secs] 102453K->11853K(502464K), 0.0082760 secs] [Times: user=0.03 sys=0.01, real=0.02 secs] 
Heap after GC invocations=8 (full 1):
 par new generation   total 109248K, used 11853K [0x00000000e0000000, 0x00000000e8000000, 0x00000000e8000000)
  eden space 87424K,   0% used [0x00000000e0000000, 0x00000000e0000000, 0x00000000e5560000)
  from space 21824K,  54% used [0x00000000e5560000, 0x00000000e60f36c0, 0x00000000e6ab0000)
  to   space 21824K,   0% used [0x00000000e6ab0000, 0x00000000e6ab0000, 0x00000000e8000000)
 concurrent mark-sweep generation total 393216K, used 0K [0x00000000e8000000, 0x0000000100000000, 0x0000000100000000)
 Metaspace       used 22317K, capacity 22718K, committed 22880K, reserved 1069056K
  class space    used 2614K, capacity 2751K, committed 2760K, reserved 1048576K
}
2023-04-20T12:03:16.641+0530: 1.537: Total time for which application threads were stopped: 0.0084567 seconds, Stopping threads took: 0.0000336 seconds
{Heap before GC invocations=8 (full 1):
 par new generation   total 109248K, used 99277K [0x00000000e0000000, 0x00000000e8000000, 0x00000000e8000000)
  eden space 87424K, 100% used [0x00000000e0000000, 0x00000000e5560000, 0x00000000e5560000)
  from space 21824K,  54% used [0x00000000e5560000, 0x00000000e60f36c0, 0x00000000e6ab0000)
  to   space 21824K,   0% used [0x00000000e6ab0000, 0x00000000e6ab0000, 0x00000000e8000000)
 concurrent mark-sweep generation total 393216K, used 0K [0x00000000e8000000, 0x0000000100000000, 0x0000000100000000)
 Metaspace       used 22641K, capacity 23006K, committed 23264K, reserved 1069056K
  class space    used 2651K, capacity 2783K, committed 2888K, reserved 1048576K
2023-04-20T12:03:16.700+0530: 1.595: [GC (Allocation Failure) 2023-04-20T12:03:16.700+0530: 1.595: [ParNew
Desired survivor size 20112992 bytes, new threshold 8 (max 8)
- age   1:     485296 bytes,     485296 total
- age   2:     116176 bytes,     601472 total
- age   3:     129232 bytes,     730704 total
- age   5:     121440 bytes,     852144 total
- age   6:    1918544 bytes,    2770688 total
- age   7:     279048 bytes,    3049736 total
- age   8:    4920960 bytes,    7970696 total
: 99277K->14115K(109248K), 0.0133340 secs] 99277K->16623K(502464K), 0.0134248 secs] [Times: user=0.05 sys=0.00, real=0.02 secs] 
Heap after GC invocations=9 (full 1):
 par new generation   total 109248K, used 14115K [0x00000000e0000000, 0x00000000e8000000, 0x00000000e8000000)
  eden space 87424K,   0% used [0x00000000e0000000, 0x00000000e0000000, 0x00000000e5560000)
  from space 21824K,  64% used [0x00000000e6ab0000, 0x00000000e7878c30, 0x00000000e8000000)
  to   space 21824K,   0% used [0x00000000e5560000, 0x00000000e5560000, 0x00000000e6ab0000)
 concurrent mark-sweep generation total 393216K, used 2508K [0x00000000e8000000, 0x0000000100000000, 0x0000000100000000)
 Metaspace       used 22641K, capacity 23006K, committed 23264K, reserved 1069056K
  class space    used 2651K, capacity 2783K, committed 2888K, reserved 1048576K
}
2023-04-20T12:03:16.713+0530: 1.609: Total time for which application threads were stopped: 0.0136038 seconds, Stopping threads took: 0.0000522 seconds
2023-04-20T12:03:16.750+0530: 1.646: Total time for which application threads were stopped: 0.0005708 seconds, Stopping threads took: 0.0002177 seconds
2023-04-20T12:03:16.874+0530: 1.770: Total time for which application threads were stopped: 0.0005008 seconds, Stopping threads took: 0.0000325 seconds
2023-04-20T12:03:16.890+0530: 1.785: Total time for which application threads were stopped: 0.0003873 seconds, Stopping threads took: 0.0000179 seconds
2023-04-20T12:03:16.900+0530: 1.795: Total time for which application threads were stopped: 0.0004114 seconds, Stopping threads took: 0.0000172 seconds
{Heap before GC invocations=9 (full 1):
 par new generation   total 109248K, used 101525K [0x00000000e0000000, 0x00000000e8000000, 0x00000000e8000000)
  eden space 87424K,  99% used [0x00000000e0000000, 0x00000000e555c868, 0x00000000e5560000)
  from space 21824K,  64% used [0x00000000e6ab0000, 0x00000000e7878c30, 0x00000000e8000000)
  to   space 21824K,   0% used [0x00000000e5560000, 0x00000000e5560000, 0x00000000e6ab0000)
 concurrent mark-sweep generation total 393216K, used 2508K [0x00000000e8000000, 0x0000000100000000, 0x0000000100000000)
 Metaspace       used 26368K, capacity 26732K, committed 27080K, reserved 1073152K
  class space    used 3094K, capacity 3238K, committed 3272K, reserved 1048576K
2023-04-20T12:03:17.103+0530: 1.999: [GC (Allocation Failure) 2023-04-20T12:03:17.103+0530: 1.999: [ParNew
Desired survivor size 20112992 bytes, new threshold 8 (max 8)
- age   1:    5438680 bytes,    5438680 total
- age   2:     213640 bytes,    5652320 total
- age   3:     116128 bytes,    5768448 total
- age   4:     129184 bytes,    5897632 total
- age   6:     120608 bytes,    6018240 total
- age   7:     288080 bytes,    6306320 total
- age   8:     274536 bytes,    6580856 total
: 101525K->7623K(109248K), 0.0097117 secs] 104034K->14961K(502464K), 0.0097781 secs] [Times: user=0.04 sys=0.00, real=0.01 secs] 
Heap after GC invocations=10 (full 1):
 par new generation   total 109248K, used 7623K [0x00000000e0000000, 0x00000000e8000000, 0x00000000e8000000)
  eden space 87424K,   0% used [0x00000000e0000000, 0x00000000e0000000, 0x00000000e5560000)
  from space 21824K,  34% used [0x00000000e5560000, 0x00000000e5cd1fc0, 0x00000000e6ab0000)
  to   space 21824K,   0% used [0x00000000e6ab0000, 0x00000000e6ab0000, 0x00000000e8000000)
 concurrent mark-sweep generation total 393216K, used 7337K [0x00000000e8000000, 0x0000000100000000, 0x0000000100000000)
 Metaspace       used 26368K, capacity 26732K, committed 27080K, reserved 1073152K
  class space    used 3094K, capacity 3238K, committed 3272K, reserved 1048576K
}
2023-04-20T12:03:17.113+0530: 2.008: Total time for which application threads were stopped: 0.0101303 seconds, Stopping threads took: 0.0001974 seconds
2023-04-20T12:03:17.185+0530: 2.081: Total time for which application threads were stopped: 0.0004586 seconds, Stopping threads took: 0.0000390 seconds
2023-04-20T12:03:17.188+0530: 2.083: Total time for which application threads were stopped: 0.0004272 seconds, Stopping threads took: 0.0000316 seconds
{Heap before GC invocations=10 (full 1):
 par new generation   total 109248K, used 95047K [0x00000000e0000000, 0x00000000e8000000, 0x00000000e8000000)
  eden space 87424K, 100% used [0x00000000e0000000, 0x00000000e5560000, 0x00000000e5560000)
  from space 21824K,  34% used [0x00000000e5560000, 0x00000000e5cd1fc0, 0x00000000e6ab0000)
  to   space 21824K,   0% used [0x00000000e6ab0000, 0x00000000e6ab0000, 0x00000000e8000000)
 concurrent mark-sweep generation total 393216K, used 7337K [0x00000000e8000000, 0x0000000100000000, 0x0000000100000000)
 Metaspace       used 28111K, capacity 28484K, committed 28872K, reserved 1075200K
  class space    used 3286K, capacity 3434K, committed 3528K, reserved 1048576K
2023-04-20T12:03:17.295+0530: 2.190: [GC (Allocation Failure) 2023-04-20T12:03:17.295+0530: 2.190: [ParNew
Desired survivor size 20112992 bytes, new threshold 8 (max 8)
- age   1:   10327376 bytes,   10327376 total
- age   2:    2331784 bytes,   12659160 total
- age   3:     213640 bytes,   12872800 total
- age   4:     116032 bytes,   12988832 total
- age   5:     128528 bytes,   13117360 total
- age   7:     120448 bytes,   13237808 total
- age   8:     287752 bytes,   13525560 total
: 95047K->17318K(109248K), 0.0101745 secs] 102385K->24924K(502464K), 0.0102641 secs] [Times: user=0.06 sys=0.00, real=0.01 secs] 
Heap after GC invocations=11 (full 1):
 par new generation   total 109248K, used 17318K [0x00000000e0000000, 0x00000000e8000000, 0x00000000e8000000)
  eden space 87424K,   0% used [0x00000000e0000000, 0x00000000e0000000, 0x00000000e5560000)
  from space 21824K,  79% used [0x00000000e6ab0000, 0x00000000e7b99ba0, 0x00000000e8000000)
  to   space 21824K,   0% used [0x00000000e5560000, 0x00000000e5560000, 0x00000000e6ab0000)
 concurrent mark-sweep generation total 393216K, used 7605K [0x00000000e8000000, 0x0000000100000000, 0x0000000100000000)
 Metaspace       used 28111K, capacity 28484K, committed 28872K, reserved 1075200K
  class space    used 3286K, capacity 3434K, committed 3528K, reserved 1048576K
}
2023-04-20T12:03:17.305+0530: 2.201: Total time for which application threads were stopped: 0.0105167 seconds, Stopping threads took: 0.0000564 seconds
2023-04-20T12:03:17.318+0530: 2.214: Total time for which application threads were stopped: 0.0004004 seconds, Stopping threads took: 0.0000392 seconds
{Heap before GC invocations=11 (full 1):
 par new generation   total 109248K, used 104742K [0x00000000e0000000, 0x00000000e8000000, 0x00000000e8000000)
  eden space 87424K, 100% used [0x00000000e0000000, 0x00000000e5560000, 0x00000000e5560000)
  from space 21824K,  79% used [0x00000000e6ab0000, 0x00000000e7b99ba0, 0x00000000e8000000)
  to   space 21824K,   0% used [0x00000000e5560000, 0x00000000e5560000, 0x00000000e6ab0000)
 concurrent mark-sweep generation total 393216K, used 7605K [0x00000000e8000000, 0x0000000100000000, 0x0000000100000000)
 Metaspace       used 28199K, capacity 28578K, committed 28872K, reserved 1075200K
  class space    used 3293K, capacity 3439K, committed 3528K, reserved 1048576K
2023-04-20T12:03:17.344+0530: 2.240: [GC (Allocation Failure) 2023-04-20T12:03:17.344+0530: 2.240: [ParNew
Desired survivor size 20112992 bytes, new threshold 8 (max 8)
- age   1:    2507232 bytes,    2507232 total
- age   2:    7995088 bytes,   10502320 total
- age   3:    2331760 bytes,   12834080 total
- age   4:     213640 bytes,   13047720 total
- age   5:     116032 bytes,   13163752 total
- age   6:     128528 bytes,   13292280 total
- age   8:     120344 bytes,   13412624 total
: 104742K->14391K(109248K), 0.0105571 secs] 112348K->22283K(502464K), 0.0106433 secs] [Times: user=0.07 sys=0.00, real=0.01 secs] 
Heap after GC invocations=12 (full 1):
 par new generation   total 109248K, used 14391K [0x00000000e0000000, 0x00000000e8000000, 0x00000000e8000000)
  eden space 87424K,   0% used [0x00000000e0000000, 0x00000000e0000000, 0x00000000e5560000)
  from space 21824K,  65% used [0x00000000e5560000, 0x00000000e636dff0, 0x00000000e6ab0000)
  to   space 21824K,   0% used [0x00000000e6ab0000, 0x00000000e6ab0000, 0x00000000e8000000)
 concurrent mark-sweep generation total 393216K, used 7891K [0x00000000e8000000, 0x0000000100000000, 0x0000000100000000)
 Metaspace       used 28199K, capacity 28578K, committed 28872K, reserved 1075200K
  class space    used 3293K, capacity 3439K, committed 3528K, reserved 1048576K
}
2023-04-20T12:03:17.355+0530: 2.250: Total time for which application threads were stopped: 0.0108759 seconds, Stopping threads took: 0.0001087 seconds
{Heap before GC invocations=12 (full 1):
 par new generation   total 109248K, used 101815K [0x00000000e0000000, 0x00000000e8000000, 0x00000000e8000000)
  eden space 87424K, 100% used [0x00000000e0000000, 0x00000000e5560000, 0x00000000e5560000)
  from space 21824K,  65% used [0x00000000e5560000, 0x00000000e636dff0, 0x00000000e6ab0000)
  to   space 21824K,   0% used [0x00000000e6ab0000, 0x00000000e6ab0000, 0x00000000e8000000)
 concurrent mark-sweep generation total 393216K, used 7891K [0x00000000e8000000, 0x0000000100000000, 0x0000000100000000)
 Metaspace       used 28221K, capacity 28596K, committed 28872K, reserved 1075200K
  class space    used 3295K, capacity 3442K, committed 3528K, reserved 1048576K
2023-04-20T12:03:17.372+0530: 2.267: [GC (Allocation Failure) 2023-04-20T12:03:17.372+0530: 2.267: [ParNew
Desired survivor size 20112992 bytes, new threshold 8 (max 8)
- age   1:     891456 bytes,     891456 total
- age   2:    2156008 bytes,    3047464 total
- age   3:    7995088 bytes,   11042552 total
- age   4:    2331760 bytes,   13374312 total
- age   5:     213640 bytes,   13587952 total
- age   6:     116032 bytes,   13703984 total
- age   7:     128392 bytes,   13832376 total
: 101815K->17134K(109248K), 0.0097057 secs] 109707K->25147K(502464K), 0.0097932 secs] [Times: user=0.07 sys=0.00, real=0.02 secs] 
Heap after GC invocations=13 (full 1):
 par new generation   total 109248K, used 17134K [0x00000000e0000000, 0x00000000e8000000, 0x00000000e8000000)
  eden space 87424K,   0% used [0x00000000e0000000, 0x00000000e0000000, 0x00000000e5560000)
  from space 21824K,  78% used [0x00000000e6ab0000, 0x00000000e7b6b910, 0x00000000e8000000)
  to   space 21824K,   0% used [0x00000000e5560000, 0x00000000e5560000, 0x00000000e6ab0000)
 concurrent mark-sweep generation total 393216K, used 8012K [0x00000000e8000000, 0x0000000100000000, 0x0000000100000000)
 Metaspace       used 28221K, capacity 28596K, committed 28872K, reserved 1075200K
  class space    used 3295K, capacity 3442K, committed 3528K, reserved 1048576K
}
2023-04-20T12:03:17.381+0530: 2.277: Total time for which application threads were stopped: 0.0099725 seconds, Stopping threads took: 0.0000456 seconds
{Heap before GC invocations=13 (full 1):
 par new generation   total 109248K, used 104558K [0x00000000e0000000, 0x00000000e8000000, 0x00000000e8000000)
  eden space 87424K, 100% used [0x00000000e0000000, 0x00000000e5560000, 0x00000000e5560000)
  from space 21824K,  78% used [0x00000000e6ab0000, 0x00000000e7b6b910, 0x00000000e8000000)
  to   space 21824K,   0% used [0x00000000e5560000, 0x00000000e5560000, 0x00000000e6ab0000)
 concurrent mark-sweep generation total 393216K, used 8012K [0x00000000e8000000, 0x0000000100000000, 0x0000000100000000)
 Metaspace       used 28249K, capacity 28626K, committed 28872K, reserved 1075200K
  class space    used 3298K, capacity 3447K, committed 3528K, reserved 1048576K
2023-04-20T12:03:17.408+0530: 2.304: [GC (Allocation Failure) 2023-04-20T12:03:17.409+0530: 2.304: [ParNew
Desired survivor size 20112992 bytes, new threshold 8 (max 8)
- age   1:     588456 bytes,     588456 total
- age   2:      62816 bytes,     651272 total
- age   3:    2156032 bytes,    2807304 total
- age   4:    7995088 bytes,   10802392 total
- age   5:    2331760 bytes,   13134152 total
- age   6:     213640 bytes,   13347792 total
- age   7:     116032 bytes,   13463824 total
- age   8:     128008 bytes,   13591832 total
: 104558K->19480K(109248K), 0.0100221 secs] 112571K->27493K(502464K), 0.0101334 secs] [Times: user=0.07 sys=0.01, real=0.01 secs] 
Heap after GC invocations=14 (full 1):
 par new generation   total 109248K, used 19480K [0x00000000e0000000, 0x00000000e8000000, 0x00000000e8000000)
  eden space 87424K,   0% used [0x00000000e0000000, 0x00000000e0000000, 0x00000000e5560000)
  from space 21824K,  89% used [0x00000000e5560000, 0x00000000e68660e0, 0x00000000e6ab0000)
  to   space 21824K,   0% used [0x00000000e6ab0000, 0x00000000e6ab0000, 0x00000000e8000000)
 concurrent mark-sweep generation total 393216K, used 8012K [0x00000000e8000000, 0x0000000100000000, 0x0000000100000000)
 Metaspace       used 28249K, capacity 28626K, committed 28872K, reserved 1075200K
  class space    used 3298K, capacity 3447K, committed 3528K, reserved 1048576K
}
2023-04-20T12:03:17.419+0530: 2.314: Total time for which application threads were stopped: 0.0104078 seconds, Stopping threads took: 0.0000662 seconds
{Heap before GC invocations=14 (full 1):
 par new generation   total 109248K, used 106904K [0x00000000e0000000, 0x00000000e8000000, 0x00000000e8000000)
  eden space 87424K, 100% used [0x00000000e0000000, 0x00000000e5560000, 0x00000000e5560000)
  from space 21824K,  89% used [0x00000000e5560000, 0x00000000e68660e0, 0x00000000e6ab0000)
  to   space 21824K,   0% used [0x00000000e6ab0000, 0x00000000e6ab0000, 0x00000000e8000000)
 concurrent mark-sweep generation total 393216K, used 8012K [0x00000000e8000000, 0x0000000100000000, 0x0000000100000000)
 Metaspace       used 28255K, capacity 28632K, committed 28872K, reserved 1075200K
  class space    used 3298K, capacity 3448K, committed 3528K, reserved 1048576K
2023-04-20T12:03:17.454+0530: 2.350: [GC (Allocation Failure) 2023-04-20T12:03:17.454+0530: 2.350: [ParNew
Desired survivor size 20112992 bytes, new threshold 8 (max 8)
- age   1:     753864 bytes,     753864 total
- age   2:      99184 bytes,     853048 total
- age   3:      62000 bytes,     915048 total
- age   4:    2156008 bytes,    3071056 total
- age   5:    7995168 bytes,   11066224 total
- age   6:    2331760 bytes,   13397984 total
- age   7:     213640 bytes,   13611624 total
- age   8:     116032 bytes,   13727656 total
: 106904K->16448K(109248K), 0.0095012 secs] 114917K->24588K(502464K), 0.0095922 secs] [Times: user=0.06 sys=0.00, real=0.01 secs] 
Heap after GC invocations=15 (full 1):
 par new generation   total 109248K, used 16448K [0x00000000e0000000, 0x00000000e8000000, 0x00000000e8000000)
  eden space 87424K,   0% used [0x00000000e0000000, 0x00000000e0000000, 0x00000000e5560000)
  from space 21824K,  75% used [0x00000000e6ab0000, 0x00000000e7ac0180, 0x00000000e8000000)
  to   space 21824K,   0% used [0x00000000e5560000, 0x00000000e5560000, 0x00000000e6ab0000)
 concurrent mark-sweep generation total 393216K, used 8140K [0x00000000e8000000, 0x0000000100000000, 0x0000000100000000)
 Metaspace       used 28255K, capacity 28632K, committed 28872K, reserved 1075200K
  class space    used 3298K, capacity 3448K, committed 3528K, reserved 1048576K
}
2023-04-20T12:03:17.464+0530: 2.359: Total time for which application threads were stopped: 0.0098344 seconds, Stopping threads took: 0.0001125 seconds
{Heap before GC invocations=15 (full 1):
 par new generation   total 109248K, used 103872K [0x00000000e0000000, 0x00000000e8000000, 0x00000000e8000000)
  eden space 87424K, 100% used [0x00000000e0000000, 0x00000000e5560000, 0x00000000e5560000)
  from space 21824K,  75% used [0x00000000e6ab0000, 0x00000000e7ac0180, 0x00000000e8000000)
  to   space 21824K,   0% used [0x00000000e5560000, 0x00000000e5560000, 0x00000000e6ab0000)
 concurrent mark-sweep generation total 393216K, used 8140K [0x00000000e8000000, 0x0000000100000000, 0x0000000100000000)
 Metaspace       used 28277K, capacity 28638K, committed 28872K, reserved 1075200K
  class space    used 3299K, capacity 3449K, committed 3528K, reserved 1048576K
2023-04-20T12:03:17.505+0530: 2.400: [GC (Allocation Failure) 2023-04-20T12:03:17.505+0530: 2.400: [ParNew
Desired survivor size 20112992 bytes, new threshold 8 (max 8)
- age   1:     750992 bytes,     750992 total
- age   2:      89640 bytes,     840632 total
- age   3:      98872 bytes,     939504 total
- age   4:      61232 bytes,    1000736 total
- age   5:    2155344 bytes,    3156080 total
- age   6:    7995088 bytes,   11151168 total
- age   7:    2331656 bytes,   13482824 total
- age   8:     213640 bytes,   13696464 total
: 103872K->18165K(109248K), 0.0094287 secs] 112012K->26422K(502464K), 0.0095035 secs] [Times: user=0.07 sys=0.00, real=0.01 secs] 
Heap after GC invocations=16 (full 1):
 par new generation   total 109248K, used 18165K [0x00000000e0000000, 0x00000000e8000000, 0x00000000e8000000)
  eden space 87424K,   0% used [0x00000000e0000000, 0x00000000e0000000, 0x00000000e5560000)
  from space 21824K,  83% used [0x00000000e5560000, 0x00000000e671d6a0, 0x00000000e6ab0000)
  to   space 21824K,   0% used [0x00000000e6ab0000, 0x00000000e6ab0000, 0x00000000e8000000)
 concurrent mark-sweep generation total 393216K, used 8256K [0x00000000e8000000, 0x0000000100000000, 0x0000000100000000)
 Metaspace       used 28277K, capacity 28638K, committed 28872K, reserved 1075200K
  class space    used 3299K, capacity 3449K, committed 3528K, reserved 1048576K
}
2023-04-20T12:03:17.514+0530: 2.410: Total time for which application threads were stopped: 0.0096915 seconds, Stopping threads took: 0.0000436 seconds
{Heap before GC invocations=16 (full 1):
 par new generation   total 109248K, used 105589K [0x00000000e0000000, 0x00000000e8000000, 0x00000000e8000000)
  eden space 87424K, 100% used [0x00000000e0000000, 0x00000000e5560000, 0x00000000e5560000)
  from space 21824K,  83% used [0x00000000e5560000, 0x00000000e671d6a0, 0x00000000e6ab0000)
  to   space 21824K,   0% used [0x00000000e6ab0000, 0x00000000e6ab0000, 0x00000000e8000000)
 concurrent mark-sweep generation total 393216K, used 8256K [0x00000000e8000000, 0x0000000100000000, 0x0000000100000000)
 Metaspace       used 28456K, capacity 28854K, committed 29128K, reserved 1075200K
  class space    used 3307K, capacity 3453K, committed 3528K, reserved 1048576K
2023-04-20T12:03:17.615+0530: 2.510: [GC (Allocation Failure) 2023-04-20T12:03:17.615+0530: 2.510: [ParNew
Desired survivor size 20112992 bytes, new threshold 8 (max 8)
- age   1:    6386520 bytes,    6386520 total
- age   2:     117168 bytes,    6503688 total
- age   3:      88464 bytes,    6592152 total
- age   4:      98176 bytes,    6690328 total
- age   5:      59552 bytes,    6749880 total
- age   6:     268440 bytes,    7018320 total
- age   7:    7980840 bytes,   14999160 total
- age   8:    2331424 bytes,   17330584 total
: 105589K->21824K(109248K), 0.0140608 secs] 113846K->30293K(502464K), 0.0141483 secs] [Times: user=0.08 sys=0.01, real=0.01 secs] 
Heap after GC invocations=17 (full 1):
 par new generation   total 109248K, used 21824K [0x00000000e0000000, 0x00000000e8000000, 0x00000000e8000000)
  eden space 87424K,   0% used [0x00000000e0000000, 0x00000000e0000000, 0x00000000e5560000)
  from space 21824K, 100% used [0x00000000e6ab0000, 0x00000000e8000000, 0x00000000e8000000)
  to   space 21824K,   0% used [0x00000000e5560000, 0x00000000e5560000, 0x00000000e6ab0000)
 concurrent mark-sweep generation total 393216K, used 8469K [0x00000000e8000000, 0x0000000100000000, 0x0000000100000000)
 Metaspace       used 28456K, capacity 28854K, committed 29128K, reserved 1075200K
  class space    used 3307K, capacity 3453K, committed 3528K, reserved 1048576K
}
2023-04-20T12:03:17.629+0530: 2.524: Total time for which application threads were stopped: 0.0143203 seconds, Stopping threads took: 0.0000210 seconds
{Heap before GC invocations=17 (full 1):
 par new generation   total 109248K, used 109248K [0x00000000e0000000, 0x00000000e8000000, 0x00000000e8000000)
  eden space 87424K, 100% used [0x00000000e0000000, 0x00000000e5560000, 0x00000000e5560000)
  from space 21824K, 100% used [0x00000000e6ab0000, 0x00000000e8000000, 0x00000000e8000000)
  to   space 21824K,   0% used [0x00000000e5560000, 0x00000000e5560000, 0x00000000e6ab0000)
 concurrent mark-sweep generation total 393216K, used 8469K [0x00000000e8000000, 0x0000000100000000, 0x0000000100000000)
 Metaspace       used 28457K, capacity 28854K, committed 29128K, reserved 1075200K
  class space    used 3307K, capacity 3453K, committed 3528K, reserved 1048576K
2023-04-20T12:03:17.674+0530: 2.570: [GC (Allocation Failure) 2023-04-20T12:03:17.674+0530: 2.570: [ParNew
Desired survivor size 20112992 bytes, new threshold 8 (max 8)
- age   1:    1122200 bytes,    1122200 total
- age   2:    5618584 bytes,    6740784 total
- age   3:      95816 bytes,    6836600 total
- age   4:      62232 bytes,    6898832 total
- age   5:      80600 bytes,    6979432 total
- age   6:      35296 bytes,    7014728 total
- age   7:     172952 bytes,    7187680 total
- age   8:    7524240 bytes,   14711920 total
: 109248K->20893K(109248K), 0.0146124 secs] 117717K->31669K(502464K), 0.0147134 secs] [Times: user=0.07 sys=0.00, real=0.01 secs] 
Heap after GC invocations=18 (full 1):
 par new generation   total 109248K, used 20893K [0x00000000e0000000, 0x00000000e8000000, 0x00000000e8000000)
  eden space 87424K,   0% used [0x00000000e0000000, 0x00000000e0000000, 0x00000000e5560000)
  from space 21824K,  95% used [0x00000000e5560000, 0x00000000e69c76b0, 0x00000000e6ab0000)
  to   space 21824K,   0% used [0x00000000e6ab0000, 0x00000000e6ab0000, 0x00000000e8000000)
 concurrent mark-sweep generation total 393216K, used 10775K [0x00000000e8000000, 0x0000000100000000, 0x0000000100000000)
 Metaspace       used 28457K, capacity 28854K, committed 29128K, reserved 1075200K
  class space    used 3307K, capacity 3453K, committed 3528K, reserved 1048576K
}
2023-04-20T12:03:17.689+0530: 2.584: Total time for which application threads were stopped: 0.0149046 seconds, Stopping threads took: 0.0000374 seconds
2023-04-20T12:03:18.689+0530: 3.585: Total time for which application threads were stopped: 0.0002366 seconds, Stopping threads took: 0.0000417 seconds
2023-04-20T12:03:19.147+0530: 4.042: Total time for which application threads were stopped: 0.0009431 seconds, Stopping threads took: 0.0000412 seconds
{Heap before GC invocations=18 (full 1):
 par new generation   total 109248K, used 108317K [0x00000000e0000000, 0x00000000e8000000, 0x00000000e8000000)
  eden space 87424K, 100% used [0x00000000e0000000, 0x00000000e5560000, 0x00000000e5560000)
  from space 21824K,  95% used [0x00000000e5560000, 0x00000000e69c76b0, 0x00000000e6ab0000)
  to   space 21824K,   0% used [0x00000000e6ab0000, 0x00000000e6ab0000, 0x00000000e8000000)
 concurrent mark-sweep generation total 393216K, used 10775K [0x00000000e8000000, 0x0000000100000000, 0x0000000100000000)
 Metaspace       used 28612K, capacity 28924K, committed 29128K, reserved 1075200K
  class space    used 3312K, capacity 3454K, committed 3528K, reserved 1048576K
2023-04-20T12:03:21.033+0530: 5.929: [GC (Allocation Failure) 2023-04-20T12:03:21.034+0530: 5.929: [ParNew
Desired survivor size 20112992 bytes, new threshold 8 (max 8)
- age   1:    2601944 bytes,    2601944 total
- age   2:     141280 bytes,    2743224 total
- age   3:    5606712 bytes,    8349936 total
- age   4:      95816 bytes,    8445752 total
- age   5:      62232 bytes,    8507984 total
- age   6:      80600 bytes,    8588584 total
- age   7:      35296 bytes,    8623880 total
- age   8:     172952 bytes,    8796832 total
: 108317K->13084K(109248K), 0.0308225 secs] 119093K->32986K(502464K), 0.0309779 secs] [Times: user=0.11 sys=0.01, real=0.03 secs] 
Heap after GC invocations=19 (full 1):
 par new generation   total 109248K, used 13084K [0x00000000e0000000, 0x00000000e8000000, 0x00000000e8000000)
  eden space 87424K,   0% used [0x00000000e0000000, 0x00000000e0000000, 0x00000000e5560000)
  from space 21824K,  59% used [0x00000000e6ab0000, 0x00000000e7777338, 0x00000000e8000000)
  to   space 21824K,   0% used [0x00000000e5560000, 0x00000000e5560000, 0x00000000e6ab0000)
 concurrent mark-sweep generation total 393216K, used 19901K [0x00000000e8000000, 0x0000000100000000, 0x0000000100000000)
 Metaspace       used 28612K, capacity 28924K, committed 29128K, reserved 1075200K
  class space    used 3312K, capacity 3454K, committed 3528K, reserved 1048576K
}
2023-04-20T12:03:21.065+0530: 5.960: Total time for which application threads were stopped: 0.0314006 seconds, Stopping threads took: 0.0001552 seconds
2023-04-20T12:03:21.065+0530: 5.960: Total time for which application threads were stopped: 0.0000467 seconds, Stopping threads took: 0.0000090 seconds
2023-04-20T12:03:21.068+0530: 5.963: Total time for which application threads were stopped: 0.0000720 seconds, Stopping threads took: 0.0000308 seconds
2023-04-20T12:03:21.084+0530: 5.979: Total time for which application threads were stopped: 0.0004548 seconds, Stopping threads took: 0.0000153 seconds
2023-04-20T12:03:21.092+0530: 5.988: Total time for which application threads were stopped: 0.0000516 seconds, Stopping threads took: 0.0000124 seconds
2023-04-20T12:03:21.195+0530: 6.090: Total time for which application threads were stopped: 0.0001161 seconds, Stopping threads took: 0.0000206 seconds
2023-04-20T12:03:21.195+0530: 6.091: Total time for which application threads were stopped: 0.0000947 seconds, Stopping threads took: 0.0000165 seconds
2023-04-20T12:03:21.208+0530: 6.104: Total time for which application threads were stopped: 0.0000755 seconds, Stopping threads took: 0.0000185 seconds
2023-04-20T12:03:21.236+0530: 6.131: Total time for which application threads were stopped: 0.0003497 seconds, Stopping threads took: 0.0000155 seconds
2023-04-20T12:03:21.236+0530: 6.132: Total time for which application threads were stopped: 0.0003157 seconds, Stopping threads took: 0.0000211 seconds
2023-04-20T12:03:21.237+0530: 6.133: Total time for which application threads were stopped: 0.0000721 seconds, Stopping threads took: 0.0000149 seconds
2023-04-20T12:03:21.237+0530: 6.133: Total time for which application threads were stopped: 0.0001577 seconds, Stopping threads took: 0.0001205 seconds
2023-04-20T12:03:21.238+0530: 6.133: Total time for which application threads were stopped: 0.0001570 seconds, Stopping threads took: 0.0001197 seconds
2023-04-20T12:03:21.238+0530: 6.133: Total time for which application threads were stopped: 0.0001885 seconds, Stopping threads took: 0.0001390 seconds
2023-04-20T12:03:21.238+0530: 6.134: Total time for which application threads were stopped: 0.0001791 seconds, Stopping threads took: 0.0001290 seconds
2023-04-20T12:03:21.239+0530: 6.134: Total time for which application threads were stopped: 0.0000336 seconds, Stopping threads took: 0.0000089 seconds
2023-04-20T12:03:21.239+0530: 6.135: Total time for which application threads were stopped: 0.0001009 seconds, Stopping threads took: 0.0000443 seconds
2023-04-20T12:03:21.239+0530: 6.135: Total time for which application threads were stopped: 0.0000901 seconds, Stopping threads took: 0.0000547 seconds
2023-04-20T12:03:21.239+0530: 6.135: Total time for which application threads were stopped: 0.0000630 seconds, Stopping threads took: 0.0000256 seconds
2023-04-20T12:03:21.240+0530: 6.135: Total time for which application threads were stopped: 0.0000662 seconds, Stopping threads took: 0.0000329 seconds
2023-04-20T12:03:21.240+0530: 6.135: Total time for which application threads were stopped: 0.0000532 seconds, Stopping threads took: 0.0000202 seconds
2023-04-20T12:03:22.240+0530: 7.135: Total time for which application threads were stopped: 0.0002350 seconds, Stopping threads took: 0.0000641 seconds
2023-04-20T12:03:30.959+0530: 15.855: Total time for which application threads were stopped: 0.0001569 seconds, Stopping threads took: 0.0000426 seconds
2023-04-20T12:03:30.960+0530: 15.855: Total time for which application threads were stopped: 0.0000604 seconds, Stopping threads took: 0.0000136 seconds
2023-04-20T12:03:30.960+0530: 15.855: Total time for which application threads were stopped: 0.0000410 seconds, Stopping threads took: 0.0000106 seconds
2023-04-20T12:03:30.960+0530: 15.855: Total time for which application threads were stopped: 0.0000547 seconds, Stopping threads took: 0.0000179 seconds
2023-04-20T12:03:30.960+0530: 15.855: Total time for which application threads were stopped: 0.0000371 seconds, Stopping threads took: 0.0000072 seconds
2023-04-20T12:03:30.961+0530: 15.857: Total time for which application threads were stopped: 0.0000686 seconds, Stopping threads took: 0.0000294 seconds
2023-04-20T12:03:30.961+0530: 15.857: Total time for which application threads were stopped: 0.0000672 seconds, Stopping threads took: 0.0000259 seconds
2023-04-20T12:03:30.961+0530: 15.857: Total time for which application threads were stopped: 0.0000614 seconds, Stopping threads took: 0.0000123 seconds
2023-04-20T12:03:30.961+0530: 15.857: Total time for which application threads were stopped: 0.0000435 seconds, Stopping threads took: 0.0000192 seconds
2023-04-20T12:03:30.961+0530: 15.857: Total time for which application threads were stopped: 0.0000407 seconds, Stopping threads took: 0.0000168 seconds
2023-04-20T12:03:53.624+0530: 38.520: Total time for which application threads were stopped: 0.0001224 seconds, Stopping threads took: 0.0000424 seconds
2023-04-20T12:03:53.624+0530: 38.520: Total time for which application threads were stopped: 0.0002580 seconds, Stopping threads took: 0.0000217 seconds
2023-04-20T12:03:53.626+0530: 38.521: Total time for which application threads were stopped: 0.0001579 seconds, Stopping threads took: 0.0000553 seconds
2023-04-20T12:03:53.627+0530: 38.522: Total time for which application threads were stopped: 0.0001407 seconds, Stopping threads took: 0.0000609 seconds
2023-04-20T12:03:53.631+0530: 38.526: Total time for which application threads were stopped: 0.0005955 seconds, Stopping threads took: 0.0001759 seconds
2023-04-20T12:03:53.638+0530: 38.533: Total time for which application threads were stopped: 0.0000745 seconds, Stopping threads took: 0.0000201 seconds
2023-04-20T12:03:53.638+0530: 38.534: Total time for which application threads were stopped: 0.0000649 seconds, Stopping threads took: 0.0000211 seconds
2023-04-20T12:03:53.640+0530: 38.535: Total time for which application threads were stopped: 0.0001219 seconds, Stopping threads took: 0.0000497 seconds
2023-04-20T12:03:53.641+0530: 38.536: Total time for which application threads were stopped: 0.0001391 seconds, Stopping threads took: 0.0000708 seconds
2023-04-20T12:03:53.642+0530: 38.537: Total time for which application threads were stopped: 0.0001124 seconds, Stopping threads took: 0.0000266 seconds
2023-04-20T12:03:53.643+0530: 38.539: Total time for which application threads were stopped: 0.0001238 seconds, Stopping threads took: 0.0000463 seconds
2023-04-20T12:03:53.643+0530: 38.539: Total time for which application threads were stopped: 0.0000791 seconds, Stopping threads took: 0.0000296 seconds
2023-04-20T12:03:53.644+0530: 38.540: Total time for which application threads were stopped: 0.0001404 seconds, Stopping threads took: 0.0000528 seconds
2023-04-20T12:03:53.645+0530: 38.541: Total time for which application threads were stopped: 0.0000743 seconds, Stopping threads took: 0.0000228 seconds
2023-04-20T12:03:53.646+0530: 38.541: Total time for which application threads were stopped: 0.0001438 seconds, Stopping threads took: 0.0000954 seconds
2023-04-20T12:03:53.646+0530: 38.542: Total time for which application threads were stopped: 0.0000780 seconds, Stopping threads took: 0.0000318 seconds
2023-04-20T12:03:53.646+0530: 38.542: Total time for which application threads were stopped: 0.0000440 seconds, Stopping threads took: 0.0000139 seconds
2023-04-20T12:03:53.648+0530: 38.543: Total time for which application threads were stopped: 0.0001036 seconds, Stopping threads took: 0.0000246 seconds
2023-04-20T12:03:53.648+0530: 38.544: Total time for which application threads were stopped: 0.0000805 seconds, Stopping threads took: 0.0000271 seconds
2023-04-20T12:03:53.648+0530: 38.544: Total time for which application threads were stopped: 0.0000421 seconds, Stopping threads took: 0.0000111 seconds
2023-04-20T12:03:53.648+0530: 38.544: Total time for which application threads were stopped: 0.0000404 seconds, Stopping threads took: 0.0000111 seconds
2023-04-20T12:03:53.648+0530: 38.544: Total time for which application threads were stopped: 0.0000490 seconds, Stopping threads took: 0.0000217 seconds
2023-04-20T12:03:53.650+0530: 38.545: Total time for which application threads were stopped: 0.0001068 seconds, Stopping threads took: 0.0000443 seconds
2023-04-20T12:03:53.650+0530: 38.545: Total time for which application threads were stopped: 0.0000735 seconds, Stopping threads took: 0.0000374 seconds
2023-04-20T12:03:53.650+0530: 38.545: Total time for which application threads were stopped: 0.0000537 seconds, Stopping threads took: 0.0000257 seconds
2023-04-20T12:03:53.650+0530: 38.545: Total time for which application threads were stopped: 0.0000350 seconds, Stopping threads took: 0.0000090 seconds
2023-04-20T12:03:53.650+0530: 38.545: Total time for which application threads were stopped: 0.0000410 seconds, Stopping threads took: 0.0000169 seconds
2023-04-20T12:03:54.650+0530: 39.546: Total time for which application threads were stopped: 0.0002302 seconds, Stopping threads took: 0.0000602 seconds
2023-04-20T12:04:30.961+0530: 75.856: Total time for which application threads were stopped: 0.0003371 seconds, Stopping threads took: 0.0001190 seconds
2023-04-20T12:04:43.768+0530: 88.663: Total time for which application threads were stopped: 0.0002657 seconds, Stopping threads took: 0.0001996 seconds
2023-04-20T12:04:43.768+0530: 88.664: Total time for which application threads were stopped: 0.0001032 seconds, Stopping threads took: 0.0000546 seconds
2023-04-20T12:04:44.769+0530: 89.664: Total time for which application threads were stopped: 0.0002498 seconds, Stopping threads took: 0.0000650 seconds
2023-04-20T12:04:53.651+0530: 98.546: Total time for which application threads were stopped: 0.0003084 seconds, Stopping threads took: 0.0001206 seconds
2023-04-20T12:05:04.654+0530: 109.549: Total time for which application threads were stopped: 0.0002880 seconds, Stopping threads took: 0.0000610 seconds
2023-04-20T12:05:13.087+0530: 117.983: Total time for which application threads were stopped: 0.0002233 seconds, Stopping threads took: 0.0000537 seconds
2023-04-20T12:05:13.088+0530: 117.983: Total time for which application threads were stopped: 0.0001816 seconds, Stopping threads took: 0.0000424 seconds
2023-04-20T12:05:13.088+0530: 117.984: Total time for which application threads were stopped: 0.0002038 seconds, Stopping threads took: 0.0000439 seconds
2023-04-20T12:05:13.200+0530: 118.095: Total time for which application threads were stopped: 0.0001627 seconds, Stopping threads took: 0.0000624 seconds
2023-04-20T12:05:13.209+0530: 118.105: Total time for which application threads were stopped: 0.0000841 seconds, Stopping threads took: 0.0000233 seconds
2023-04-20T12:05:13.210+0530: 118.105: Total time for which application threads were stopped: 0.0000870 seconds, Stopping threads took: 0.0000232 seconds
2023-04-20T12:05:13.217+0530: 118.113: Total time for which application threads were stopped: 0.0001394 seconds, Stopping threads took: 0.0000518 seconds
2023-04-20T12:05:24.219+0530: 129.114: Total time for which application threads were stopped: 0.0002484 seconds, Stopping threads took: 0.0000942 seconds
2023-04-20T12:07:04.233+0530: 229.129: Total time for which application threads were stopped: 0.0002984 seconds, Stopping threads took: 0.0001007 seconds
2023-04-20T12:07:14.235+0530: 239.131: Total time for which application threads were stopped: 0.0002738 seconds, Stopping threads took: 0.0001076 seconds
2023-04-20T12:08:07.244+0530: 292.139: Total time for which application threads were stopped: 0.0003073 seconds, Stopping threads took: 0.0001183 seconds
2023-04-20T12:08:29.247+0530: 314.143: Total time for which application threads were stopped: 0.0002278 seconds, Stopping threads took: 0.0000856 seconds
2023-04-20T12:09:02.254+0530: 347.149: Total time for which application threads were stopped: 0.0002799 seconds, Stopping threads took: 0.0001090 seconds
2023-04-20T12:09:07.255+0530: 352.150: Total time for which application threads were stopped: 0.0003229 seconds, Stopping threads took: 0.0001260 seconds
2023-04-20T12:09:08.255+0530: 353.151: Total time for which application threads were stopped: 0.0002550 seconds, Stopping threads took: 0.0000976 seconds
2023-04-20T12:09:35.260+0530: 380.156: Total time for which application threads were stopped: 0.0003014 seconds, Stopping threads took: 0.0001144 seconds
2023-04-20T12:09:46.262+0530: 391.158: Total time for which application threads were stopped: 0.0003365 seconds, Stopping threads took: 0.0001275 seconds
2023-04-20T12:09:57.264+0530: 402.160: Total time for which application threads were stopped: 0.0002997 seconds, Stopping threads took: 0.0001110 seconds
2023-04-20T12:10:07.266+0530: 412.162: Total time for which application threads were stopped: 0.0003347 seconds, Stopping threads took: 0.0001073 seconds
2023-04-20T12:11:02.274+0530: 467.169: Total time for which application threads were stopped: 0.0002865 seconds, Stopping threads took: 0.0001101 seconds
2023-04-20T12:11:46.279+0530: 511.175: Total time for which application threads were stopped: 0.0002914 seconds, Stopping threads took: 0.0001197 seconds
2023-04-20T12:12:41.289+0530: 566.185: Total time for which application threads were stopped: 0.0003145 seconds, Stopping threads took: 0.0001229 seconds
2023-04-20T12:15:15.327+0530: 720.223: Total time for which application threads were stopped: 0.0003363 seconds, Stopping threads took: 0.0001370 seconds
2023-04-20T12:15:37.331+0530: 742.227: Total time for which application threads were stopped: 0.0003335 seconds, Stopping threads took: 0.0001343 seconds
2023-04-20T12:16:32.341+0530: 797.237: Total time for which application threads were stopped: 0.0003467 seconds, Stopping threads took: 0.0001366 seconds
2023-04-20T12:16:43.344+0530: 808.239: Total time for which application threads were stopped: 0.0001499 seconds, Stopping threads took: 0.0000614 seconds
2023-04-20T12:17:05.348+0530: 830.243: Total time for which application threads were stopped: 0.0002458 seconds, Stopping threads took: 0.0000600 seconds
2023-04-20T12:17:36.352+0530: 861.247: Total time for which application threads were stopped: 0.0001137 seconds, Stopping threads took: 0.0000418 seconds
2023-04-20T12:17:58.357+0530: 883.252: Total time for which application threads were stopped: 0.0003413 seconds, Stopping threads took: 0.0001226 seconds
2023-04-20T12:19:04.371+0530: 949.267: Total time for which application threads were stopped: 0.0003088 seconds, Stopping threads took: 0.0001204 seconds
2023-04-20T12:19:23.218+0530: 968.113: Total time for which application threads were stopped: 0.0003909 seconds, Stopping threads took: 0.0002077 seconds
2023-04-20T12:19:23.218+0530: 968.113: Total time for which application threads were stopped: 0.0001834 seconds, Stopping threads took: 0.0000737 seconds
2023-04-20T12:19:23.218+0530: 968.114: Total time for which application threads were stopped: 0.0001244 seconds, Stopping threads took: 0.0000278 seconds
2023-04-20T12:19:23.218+0530: 968.114: Total time for which application threads were stopped: 0.0001613 seconds, Stopping threads took: 0.0000649 seconds
2023-04-20T12:19:23.219+0530: 968.114: Total time for which application threads were stopped: 0.0001616 seconds, Stopping threads took: 0.0000641 seconds
2023-04-20T12:19:24.219+0530: 969.115: Total time for which application threads were stopped: 0.0002459 seconds, Stopping threads took: 0.0000599 seconds
2023-04-20T12:19:26.220+0530: 971.116: Total time for which application threads were stopped: 0.0002646 seconds, Stopping threads took: 0.0000616 seconds
2023-04-20T12:19:48.226+0530: 993.121: Total time for which application threads were stopped: 0.0003030 seconds, Stopping threads took: 0.0001172 seconds
2023-04-20T12:19:59.229+0530: 1004.124: Total time for which application threads were stopped: 0.0002328 seconds, Stopping threads took: 0.0000587 seconds
2023-04-20T12:20:13.770+0530: 1018.666: Total time for which application threads were stopped: 0.0002297 seconds, Stopping threads took: 0.0001453 seconds
2023-04-20T12:20:42.772+0530: 1047.668: Total time for which application threads were stopped: 0.0000690 seconds, Stopping threads took: 0.0000179 seconds
2023-04-20T12:22:10.782+0530: 1135.678: Total time for which application threads were stopped: 0.0001536 seconds, Stopping threads took: 0.0000684 seconds
2023-04-20T12:23:05.792+0530: 1190.688: Total time for which application threads were stopped: 0.0001114 seconds, Stopping threads took: 0.0000459 seconds
2023-04-20T12:23:27.796+0530: 1212.691: Total time for which application threads were stopped: 0.0000878 seconds, Stopping threads took: 0.0000345 seconds
2023-04-20T12:23:38.798+0530: 1223.693: Total time for which application threads were stopped: 0.0002297 seconds, Stopping threads took: 0.0000569 seconds
2023-04-20T12:23:49.800+0530: 1234.696: Total time for which application threads were stopped: 0.0002329 seconds, Stopping threads took: 0.0000895 seconds
2023-04-20T12:23:55.274+0530: 1240.170: Total time for which application threads were stopped: 0.0004369 seconds, Stopping threads took: 0.0000143 seconds
2023-04-20T12:23:55.274+0530: 1240.170: Total time for which application threads were stopped: 0.0000533 seconds, Stopping threads took: 0.0000117 seconds
2023-04-20T12:23:55.275+0530: 1240.170: Total time for which application threads were stopped: 0.0003660 seconds, Stopping threads took: 0.0000038 seconds
2023-04-20T12:23:55.276+0530: 1240.172: Total time for which application threads were stopped: 0.0000381 seconds, Stopping threads took: 0.0000067 seconds
2023-04-20T12:23:55.277+0530: 1240.172: Total time for which application threads were stopped: 0.0000362 seconds, Stopping threads took: 0.0000101 seconds
2023-04-20T12:23:55.277+0530: 1240.173: Total time for which application threads were stopped: 0.0001325 seconds, Stopping threads took: 0.0001055 seconds
2023-04-20T12:23:55.283+0530: 1240.179: Total time for which application threads were stopped: 0.0000680 seconds, Stopping threads took: 0.0000107 seconds
2023-04-20T12:23:55.287+0530: 1240.182: Total time for which application threads were stopped: 0.0000811 seconds, Stopping threads took: 0.0000300 seconds
2023-04-20T12:23:55.289+0530: 1240.185: Total time for which application threads were stopped: 0.0000557 seconds, Stopping threads took: 0.0000092 seconds
2023-04-20T12:23:55.292+0530: 1240.187: Total time for which application threads were stopped: 0.0000847 seconds, Stopping threads took: 0.0000158 seconds
2023-04-20T12:23:55.295+0530: 1240.190: Total time for which application threads were stopped: 0.0000593 seconds, Stopping threads took: 0.0000122 seconds
2023-04-20T12:23:55.298+0530: 1240.193: Total time for which application threads were stopped: 0.0000630 seconds, Stopping threads took: 0.0000111 seconds
Heap
 par new generation   total 109248K, used 43828K [0x00000000e0000000, 0x00000000e8000000, 0x00000000e8000000)
  eden space 87424K,  35% used [0x00000000e0000000, 0x00000000e1e05f70, 0x00000000e5560000)
  from space 21824K,  59% used [0x00000000e6ab0000, 0x00000000e7777338, 0x00000000e8000000)
  to   space 21824K,   0% used [0x00000000e5560000, 0x00000000e5560000, 0x00000000e6ab0000)
 concurrent mark-sweep generation total 393216K, used 19901K [0x00000000e8000000, 0x0000000100000000, 0x0000000100000000)
 Metaspace       used 30431K, capacity 30894K, committed 31176K, reserved 1077248K
  class space    used 3525K, capacity 3701K, committed 3784K, reserved 1048576K
