OpenJDK 64-Bit Server VM (25.362-b09) for linux-amd64 JRE (1.8.0_362-8u362-ga-0ubuntu1~22.04-b09), built on Jan 24 2023 19:02:58 by "buildd" with gcc 11.3.0
Memory: 4k page, physical 32636936k(25605860k free), swap 2097148k(2097148k free)
CommandLine flags: -XX:CMSInitiatingOccupancyFraction=50 -XX:CMSMaxAbortablePrecleanTime=6000 -XX:+CMSParallelRemarkEnabled -XX:+CMSScavengeBeforeRemark -XX:ConcGCThreads=4 -XX:InitialHeapSize=536870912 -XX:MaxHeapSize=536870912 -XX:MaxTenuringThreshold=8 -XX:NewRatio=3 -XX:OldPLABSize=16 -XX:ParallelGCThreads=4 -XX:+ParallelRefProcEnabled -XX:PretenureSizeThreshold=67108864 -XX:+PrintGC -XX:+PrintGCApplicationStoppedTime -XX:+PrintGCDateStamps -XX:+PrintGCDetails -XX:+PrintGCTimeStamps -XX:+PrintHeapAtGC -XX:+PrintTenuringDistribution -XX:SurvivorRatio=4 -XX:TargetSurvivorRatio=90 -XX:ThreadStackSize=256 -XX:+UseCMSInitiatingOccupancyOnly -XX:+UseCompressedClassPointers -XX:+UseCompressedOops -XX:+UseConcMarkSweepGC -XX:+UseParNewGC 
2023-04-26T12:13:12.615+0530: 0.075: Total time for which application threads were stopped: 0.0000622 seconds, Stopping threads took: 0.0000097 seconds
2023-04-26T12:13:12.718+0530: 0.178: Total time for which application threads were stopped: 0.0001151 seconds, Stopping threads took: 0.0000173 seconds
2023-04-26T12:13:12.768+0530: 0.229: Total time for which application threads were stopped: 0.0001130 seconds, Stopping threads took: 0.0000149 seconds
2023-04-26T12:13:12.819+0530: 0.280: Total time for which application threads were stopped: 0.0001190 seconds, Stopping threads took: 0.0000111 seconds
2023-04-26T12:13:12.855+0530: 0.315: Total time for which application threads were stopped: 0.0001711 seconds, Stopping threads took: 0.0000224 seconds
2023-04-26T12:13:12.863+0530: 0.323: Total time for which application threads were stopped: 0.0001217 seconds, Stopping threads took: 0.0000163 seconds
2023-04-26T12:13:12.869+0530: 0.329: Total time for which application threads were stopped: 0.0001164 seconds, Stopping threads took: 0.0000152 seconds
{Heap before GC invocations=0 (full 0):
 par new generation   total 109248K, used 87424K [0x00000000e0000000, 0x00000000e8000000, 0x00000000e8000000)
  eden space 87424K, 100% used [0x00000000e0000000, 0x00000000e5560000, 0x00000000e5560000)
  from space 21824K,   0% used [0x00000000e5560000, 0x00000000e5560000, 0x00000000e6ab0000)
  to   space 21824K,   0% used [0x00000000e6ab0000, 0x00000000e6ab0000, 0x00000000e8000000)
 concurrent mark-sweep generation total 393216K, used 0K [0x00000000e8000000, 0x0000000100000000, 0x0000000100000000)
 Metaspace       used 10240K, capacity 10396K, committed 10496K, reserved 1058816K
  class space    used 1165K, capacity 1208K, committed 1280K, reserved 1048576K
2023-04-26T12:13:13.014+0530: 0.475: [GC (Allocation Failure) 2023-04-26T12:13:13.014+0530: 0.475: [ParNew
Desired survivor size 20112992 bytes, new threshold 8 (max 8)
- age   1:    5974504 bytes,    5974504 total
: 87424K->5908K(109248K), 0.0036347 secs] 87424K->5908K(502464K), 0.0037238 secs] [Times: user=0.00 sys=0.02, real=0.00 secs] 
Heap after GC invocations=1 (full 0):
 par new generation   total 109248K, used 5908K [0x00000000e0000000, 0x00000000e8000000, 0x00000000e8000000)
  eden space 87424K,   0% used [0x00000000e0000000, 0x00000000e0000000, 0x00000000e5560000)
  from space 21824K,  27% used [0x00000000e6ab0000, 0x00000000e7075078, 0x00000000e8000000)
  to   space 21824K,   0% used [0x00000000e5560000, 0x00000000e5560000, 0x00000000e6ab0000)
 concurrent mark-sweep generation total 393216K, used 0K [0x00000000e8000000, 0x0000000100000000, 0x0000000100000000)
 Metaspace       used 10240K, capacity 10396K, committed 10496K, reserved 1058816K
  class space    used 1165K, capacity 1208K, committed 1280K, reserved 1048576K
}
2023-04-26T12:13:13.018+0530: 0.478: Total time for which application threads were stopped: 0.0038542 seconds, Stopping threads took: 0.0000193 seconds
2023-04-26T12:13:13.079+0530: 0.540: Total time for which application threads were stopped: 0.0002212 seconds, Stopping threads took: 0.0000221 seconds
2023-04-26T12:13:13.106+0530: 0.566: Total time for which application threads were stopped: 0.0001807 seconds, Stopping threads took: 0.0000142 seconds
2023-04-26T12:13:13.184+0530: 0.644: Total time for which application threads were stopped: 0.0001873 seconds, Stopping threads took: 0.0000155 seconds
2023-04-26T12:13:13.204+0530: 0.665: Total time for which application threads were stopped: 0.0001959 seconds, Stopping threads took: 0.0000258 seconds
2023-04-26T12:13:13.235+0530: 0.695: Total time for which application threads were stopped: 0.0002345 seconds, Stopping threads took: 0.0000189 seconds
2023-04-26T12:13:13.236+0530: 0.696: Total time for which application threads were stopped: 0.0001611 seconds, Stopping threads took: 0.0000114 seconds
2023-04-26T12:13:13.274+0530: 0.735: Total time for which application threads were stopped: 0.0002246 seconds, Stopping threads took: 0.0000173 seconds
2023-04-26T12:13:13.325+0530: 0.786: Total time for which application threads were stopped: 0.0002097 seconds, Stopping threads took: 0.0000270 seconds
{Heap before GC invocations=1 (full 0):
 par new generation   total 109248K, used 93332K [0x00000000e0000000, 0x00000000e8000000, 0x00000000e8000000)
  eden space 87424K, 100% used [0x00000000e0000000, 0x00000000e5560000, 0x00000000e5560000)
  from space 21824K,  27% used [0x00000000e6ab0000, 0x00000000e7075078, 0x00000000e8000000)
  to   space 21824K,   0% used [0x00000000e5560000, 0x00000000e5560000, 0x00000000e6ab0000)
 concurrent mark-sweep generation total 393216K, used 0K [0x00000000e8000000, 0x0000000100000000, 0x0000000100000000)
 Metaspace       used 19714K, capacity 20088K, committed 20352K, reserved 1067008K
  class space    used 2253K, capacity 2392K, committed 2432K, reserved 1048576K
2023-04-26T12:13:13.432+0530: 0.892: [GC (Allocation Failure) 2023-04-26T12:13:13.432+0530: 0.892: [ParNew
Desired survivor size 20112992 bytes, new threshold 8 (max 8)
- age   1:   10226768 bytes,   10226768 total
- age   2:    2583624 bytes,   12810392 total
: 93332K->14993K(109248K), 0.0056385 secs] 93332K->14993K(502464K), 0.0057157 secs] [Times: user=0.02 sys=0.00, real=0.01 secs] 
Heap after GC invocations=2 (full 0):
 par new generation   total 109248K, used 14993K [0x00000000e0000000, 0x00000000e8000000, 0x00000000e8000000)
  eden space 87424K,   0% used [0x00000000e0000000, 0x00000000e0000000, 0x00000000e5560000)
  from space 21824K,  68% used [0x00000000e5560000, 0x00000000e64044d0, 0x00000000e6ab0000)
  to   space 21824K,   0% used [0x00000000e6ab0000, 0x00000000e6ab0000, 0x00000000e8000000)
 concurrent mark-sweep generation total 393216K, used 0K [0x00000000e8000000, 0x0000000100000000, 0x0000000100000000)
 Metaspace       used 19714K, capacity 20088K, committed 20352K, reserved 1067008K
  class space    used 2253K, capacity 2392K, committed 2432K, reserved 1048576K
}
2023-04-26T12:13:13.438+0530: 0.898: Total time for which application threads were stopped: 0.0058732 seconds, Stopping threads took: 0.0000136 seconds
2023-04-26T12:13:13.536+0530: 0.997: Total time for which application threads were stopped: 0.0002361 seconds, Stopping threads took: 0.0000105 seconds
2023-04-26T12:13:13.562+0530: 1.023: Total time for which application threads were stopped: 0.0002456 seconds, Stopping threads took: 0.0000307 seconds
{Heap before GC invocations=2 (full 0):
 par new generation   total 109248K, used 102417K [0x00000000e0000000, 0x00000000e8000000, 0x00000000e8000000)
  eden space 87424K, 100% used [0x00000000e0000000, 0x00000000e5560000, 0x00000000e5560000)
  from space 21824K,  68% used [0x00000000e5560000, 0x00000000e64044d0, 0x00000000e6ab0000)
  to   space 21824K,   0% used [0x00000000e6ab0000, 0x00000000e6ab0000, 0x00000000e8000000)
 concurrent mark-sweep generation total 393216K, used 0K [0x00000000e8000000, 0x0000000100000000, 0x0000000100000000)
 Metaspace       used 20696K, capacity 21048K, committed 21248K, reserved 1069056K
  class space    used 2395K, capacity 2520K, committed 2560K, reserved 1048576K
2023-04-26T12:13:13.569+0530: 1.030: [GC (Allocation Failure) 2023-04-26T12:13:13.569+0530: 1.030: [ParNew
Desired survivor size 20112992 bytes, new threshold 8 (max 8)
- age   1:    1463416 bytes,    1463416 total
- age   2:    4916536 bytes,    6379952 total
- age   3:    2552280 bytes,    8932232 total
: 102417K->12976K(109248K), 0.0043113 secs] 102417K->12976K(502464K), 0.0043924 secs] [Times: user=0.02 sys=0.01, real=0.01 secs] 
Heap after GC invocations=3 (full 0):
 par new generation   total 109248K, used 12976K [0x00000000e0000000, 0x00000000e8000000, 0x00000000e8000000)
  eden space 87424K,   0% used [0x00000000e0000000, 0x00000000e0000000, 0x00000000e5560000)
  from space 21824K,  59% used [0x00000000e6ab0000, 0x00000000e775c240, 0x00000000e8000000)
  to   space 21824K,   0% used [0x00000000e5560000, 0x00000000e5560000, 0x00000000e6ab0000)
 concurrent mark-sweep generation total 393216K, used 0K [0x00000000e8000000, 0x0000000100000000, 0x0000000100000000)
 Metaspace       used 20696K, capacity 21048K, committed 21248K, reserved 1069056K
  class space    used 2395K, capacity 2520K, committed 2560K, reserved 1048576K
}
2023-04-26T12:13:13.574+0530: 1.034: Total time for which application threads were stopped: 0.0045362 seconds, Stopping threads took: 0.0000414 seconds
2023-04-26T12:13:13.586+0530: 1.047: Total time for which application threads were stopped: 0.0002724 seconds, Stopping threads took: 0.0000197 seconds
2023-04-26T12:13:13.590+0530: 1.050: Total time for which application threads were stopped: 0.0000976 seconds, Stopping threads took: 0.0000380 seconds
2023-04-26T12:13:13.644+0530: 1.104: Total time for which application threads were stopped: 0.0001575 seconds, Stopping threads took: 0.0000214 seconds
{Heap before GC invocations=3 (full 0):
 par new generation   total 109248K, used 100400K [0x00000000e0000000, 0x00000000e8000000, 0x00000000e8000000)
  eden space 87424K, 100% used [0x00000000e0000000, 0x00000000e5560000, 0x00000000e5560000)
  from space 21824K,  59% used [0x00000000e6ab0000, 0x00000000e775c240, 0x00000000e8000000)
  to   space 21824K,   0% used [0x00000000e5560000, 0x00000000e5560000, 0x00000000e6ab0000)
 concurrent mark-sweep generation total 393216K, used 0K [0x00000000e8000000, 0x0000000100000000, 0x0000000100000000)
 Metaspace       used 21440K, capacity 21796K, committed 21960K, reserved 1069056K
  class space    used 2483K, capacity 2618K, committed 2688K, reserved 1048576K
2023-04-26T12:13:13.677+0530: 1.137: [GC (Allocation Failure) 2023-04-26T12:13:13.677+0530: 1.137: [ParNew
Desired survivor size 20112992 bytes, new threshold 8 (max 8)
- age   1:    2451008 bytes,    2451008 total
- age   2:     325360 bytes,    2776368 total
- age   3:    4905464 bytes,    7681832 total
- age   4:    2551944 bytes,   10233776 total
: 100400K->13198K(109248K), 0.0056977 secs] 100400K->13198K(502464K), 0.0057724 secs] [Times: user=0.04 sys=0.00, real=0.00 secs] 
Heap after GC invocations=4 (full 0):
 par new generation   total 109248K, used 13198K [0x00000000e0000000, 0x00000000e8000000, 0x00000000e8000000)
  eden space 87424K,   0% used [0x00000000e0000000, 0x00000000e0000000, 0x00000000e5560000)
  from space 21824K,  60% used [0x00000000e5560000, 0x00000000e6243bf8, 0x00000000e6ab0000)
  to   space 21824K,   0% used [0x00000000e6ab0000, 0x00000000e6ab0000, 0x00000000e8000000)
 concurrent mark-sweep generation total 393216K, used 0K [0x00000000e8000000, 0x0000000100000000, 0x0000000100000000)
 Metaspace       used 21440K, capacity 21796K, committed 21960K, reserved 1069056K
  class space    used 2483K, capacity 2618K, committed 2688K, reserved 1048576K
}
2023-04-26T12:13:13.683+0530: 1.143: Total time for which application threads were stopped: 0.0059546 seconds, Stopping threads took: 0.0000810 seconds
2023-04-26T12:13:13.683+0530: 1.143: [GC (CMS Initial Mark) [1 CMS-initial-mark: 0K(393216K)] 13680K(502464K), 0.0018808 secs] [Times: user=0.01 sys=0.00, real=0.00 secs] 
2023-04-26T12:13:13.685+0530: 1.145: Total time for which application threads were stopped: 0.0019938 seconds, Stopping threads took: 0.0000313 seconds
2023-04-26T12:13:13.685+0530: 1.145: [CMS-concurrent-mark-start]
2023-04-26T12:13:13.687+0530: 1.147: [CMS-concurrent-mark: 0.002/0.002 secs] [Times: user=0.02 sys=0.00, real=0.01 secs] 
2023-04-26T12:13:13.687+0530: 1.147: [CMS-concurrent-preclean-start]
2023-04-26T12:13:13.688+0530: 1.148: [CMS-concurrent-preclean: 0.001/0.001 secs] [Times: user=0.00 sys=0.00, real=0.00 secs] 
2023-04-26T12:13:13.688+0530: 1.148: [CMS-concurrent-abortable-preclean-start]
2023-04-26T12:13:13.690+0530: 1.151: Total time for which application threads were stopped: 0.0000749 seconds, Stopping threads took: 0.0000177 seconds
2023-04-26T12:13:13.706+0530: 1.166: Total time for which application threads were stopped: 0.0000783 seconds, Stopping threads took: 0.0000169 seconds
{Heap before GC invocations=4 (full 1):
 par new generation   total 109248K, used 100622K [0x00000000e0000000, 0x00000000e8000000, 0x00000000e8000000)
  eden space 87424K, 100% used [0x00000000e0000000, 0x00000000e5560000, 0x00000000e5560000)
  from space 21824K,  60% used [0x00000000e5560000, 0x00000000e6243bf8, 0x00000000e6ab0000)
  to   space 21824K,   0% used [0x00000000e6ab0000, 0x00000000e6ab0000, 0x00000000e8000000)
 concurrent mark-sweep generation total 393216K, used 0K [0x00000000e8000000, 0x0000000100000000, 0x0000000100000000)
 Metaspace       used 22081K, capacity 22480K, committed 22624K, reserved 1069056K
  class space    used 2576K, capacity 2716K, committed 2764K, reserved 1048576K
2023-04-26T12:13:13.742+0530: 1.203: [GC (Allocation Failure) 2023-04-26T12:13:13.742+0530: 1.203: [ParNew
Desired survivor size 20112992 bytes, new threshold 8 (max 8)
- age   1:    1068072 bytes,    1068072 total
- age   2:    1920080 bytes,    2988152 total
- age   3:     325144 bytes,    3313296 total
- age   4:    4903944 bytes,    8217240 total
- age   5:    2551944 bytes,   10769184 total
: 100622K->13035K(109248K), 0.0063991 secs] 100622K->13035K(502464K), 0.0064672 secs] [Times: user=0.03 sys=0.00, real=0.01 secs] 
Heap after GC invocations=5 (full 1):
 par new generation   total 109248K, used 13035K [0x00000000e0000000, 0x00000000e8000000, 0x00000000e8000000)
  eden space 87424K,   0% used [0x00000000e0000000, 0x00000000e0000000, 0x00000000e5560000)
  from space 21824K,  59% used [0x00000000e6ab0000, 0x00000000e776aed0, 0x00000000e8000000)
  to   space 21824K,   0% used [0x00000000e5560000, 0x00000000e5560000, 0x00000000e6ab0000)
 concurrent mark-sweep generation total 393216K, used 0K [0x00000000e8000000, 0x0000000100000000, 0x0000000100000000)
 Metaspace       used 22081K, capacity 22480K, committed 22624K, reserved 1069056K
  class space    used 2576K, capacity 2716K, committed 2764K, reserved 1048576K
}
2023-04-26T12:13:13.749+0530: 1.209: Total time for which application threads were stopped: 0.0066207 seconds, Stopping threads took: 0.0000407 seconds
2023-04-26T12:13:13.749+0530: 1.209: [CMS-concurrent-abortable-preclean: 0.045/0.061 secs] [Times: user=0.36 sys=0.00, real=0.06 secs] 
2023-04-26T12:13:13.749+0530: 1.209: [GC (CMS Final Remark) [YG occupancy: 13587 K (109248 K)]{Heap before GC invocations=5 (full 1):
 par new generation   total 109248K, used 13587K [0x00000000e0000000, 0x00000000e8000000, 0x00000000e8000000)
  eden space 87424K,   0% used [0x00000000e0000000, 0x00000000e0089da8, 0x00000000e5560000)
  from space 21824K,  59% used [0x00000000e6ab0000, 0x00000000e776aed0, 0x00000000e8000000)
  to   space 21824K,   0% used [0x00000000e5560000, 0x00000000e5560000, 0x00000000e6ab0000)
 concurrent mark-sweep generation total 393216K, used 0K [0x00000000e8000000, 0x0000000100000000, 0x0000000100000000)
 Metaspace       used 22081K, capacity 22480K, committed 22624K, reserved 1069056K
  class space    used 2576K, capacity 2716K, committed 2764K, reserved 1048576K
2023-04-26T12:13:13.749+0530: 1.209: [GC (CMS Final Remark) 2023-04-26T12:13:13.749+0530: 1.209: [ParNew
Desired survivor size 20112992 bytes, new threshold 8 (max 8)
- age   1:     103080 bytes,     103080 total
- age   2:    1018816 bytes,    1121896 total
- age   3:    1920120 bytes,    3042016 total
- age   4:     325144 bytes,    3367160 total
- age   5:    4903992 bytes,    8271152 total
- age   6:    2551944 bytes,   10823096 total
: 13587K->16084K(109248K), 0.0064133 secs] 13587K->16084K(502464K), 0.0064730 secs] [Times: user=0.03 sys=0.00, real=0.01 secs] 
Heap after GC invocations=6 (full 1):
 par new generation   total 109248K, used 16084K [0x00000000e0000000, 0x00000000e8000000, 0x00000000e8000000)
  eden space 87424K,   0% used [0x00000000e0000000, 0x00000000e0000000, 0x00000000e5560000)
  from space 21824K,  73% used [0x00000000e5560000, 0x00000000e6515250, 0x00000000e6ab0000)
  to   space 21824K,   0% used [0x00000000e6ab0000, 0x00000000e6ab0000, 0x00000000e8000000)
 concurrent mark-sweep generation total 393216K, used 0K [0x00000000e8000000, 0x0000000100000000, 0x0000000100000000)
 Metaspace       used 22081K, capacity 22480K, committed 22624K, reserved 1069056K
  class space    used 2576K, capacity 2716K, committed 2764K, reserved 1048576K
}
2023-04-26T12:13:13.756+0530: 1.216: [Rescan (parallel) , 0.0026816 secs]2023-04-26T12:13:13.758+0530: 1.219: [weak refs processing, 0.0010615 secs]2023-04-26T12:13:13.759+0530: 1.220: [class unloading, 0.0029491 secs]2023-04-26T12:13:13.762+0530: 1.223: [scrub symbol table, 0.0021606 secs]2023-04-26T12:13:13.765+0530: 1.225: [scrub string table, 0.0003258 secs][1 CMS-remark: 0K(393216K)] 16084K(502464K), 0.0164846 secs] [Times: user=0.06 sys=0.00, real=0.02 secs] 
2023-04-26T12:13:13.766+0530: 1.226: Total time for which application threads were stopped: 0.0166159 seconds, Stopping threads took: 0.0000398 seconds
2023-04-26T12:13:13.766+0530: 1.226: [CMS-concurrent-sweep-start]
2023-04-26T12:13:13.766+0530: 1.226: [CMS-concurrent-sweep: 0.000/0.000 secs] [Times: user=0.00 sys=0.00, real=0.00 secs] 
2023-04-26T12:13:13.766+0530: 1.226: [CMS-concurrent-reset-start]
2023-04-26T12:13:13.768+0530: 1.228: [CMS-concurrent-reset: 0.002/0.002 secs] [Times: user=0.01 sys=0.00, real=0.00 secs] 
{Heap before GC invocations=6 (full 1):
 par new generation   total 109248K, used 103508K [0x00000000e0000000, 0x00000000e8000000, 0x00000000e8000000)
  eden space 87424K, 100% used [0x00000000e0000000, 0x00000000e5560000, 0x00000000e5560000)
  from space 21824K,  73% used [0x00000000e5560000, 0x00000000e6515250, 0x00000000e6ab0000)
  to   space 21824K,   0% used [0x00000000e6ab0000, 0x00000000e6ab0000, 0x00000000e8000000)
 concurrent mark-sweep generation total 393216K, used 0K [0x00000000e8000000, 0x0000000100000000, 0x0000000100000000)
 Metaspace       used 22187K, capacity 22568K, committed 22880K, reserved 1069056K
  class space    used 2593K, capacity 2720K, committed 2764K, reserved 1048576K
2023-04-26T12:13:13.798+0530: 1.259: [GC (Allocation Failure) 2023-04-26T12:13:13.798+0530: 1.259: [ParNew
Desired survivor size 20112992 bytes, new threshold 8 (max 8)
- age   1:    1220936 bytes,    1220936 total
- age   3:     120680 bytes,    1341616 total
- age   4:    1917864 bytes,    3259480 total
- age   5:     324280 bytes,    3583760 total
- age   6:    4901080 bytes,    8484840 total
- age   7:    2552304 bytes,   11037144 total
: 103508K->13585K(109248K), 0.0055030 secs] 103508K->13585K(502464K), 0.0055686 secs] [Times: user=0.02 sys=0.00, real=0.00 secs] 
Heap after GC invocations=7 (full 1):
 par new generation   total 109248K, used 13585K [0x00000000e0000000, 0x00000000e8000000, 0x00000000e8000000)
  eden space 87424K,   0% used [0x00000000e0000000, 0x00000000e0000000, 0x00000000e5560000)
  from space 21824K,  62% used [0x00000000e6ab0000, 0x00000000e77f4560, 0x00000000e8000000)
  to   space 21824K,   0% used [0x00000000e5560000, 0x00000000e5560000, 0x00000000e6ab0000)
 concurrent mark-sweep generation total 393216K, used 0K [0x00000000e8000000, 0x0000000100000000, 0x0000000100000000)
 Metaspace       used 22187K, capacity 22568K, committed 22880K, reserved 1069056K
  class space    used 2593K, capacity 2720K, committed 2764K, reserved 1048576K
}
2023-04-26T12:13:13.804+0530: 1.264: Total time for which application threads were stopped: 0.0057827 seconds, Stopping threads took: 0.0000908 seconds
{Heap before GC invocations=7 (full 1):
 par new generation   total 109248K, used 101009K [0x00000000e0000000, 0x00000000e8000000, 0x00000000e8000000)
  eden space 87424K, 100% used [0x00000000e0000000, 0x00000000e5560000, 0x00000000e5560000)
  from space 21824K,  62% used [0x00000000e6ab0000, 0x00000000e77f4560, 0x00000000e8000000)
  to   space 21824K,   0% used [0x00000000e5560000, 0x00000000e5560000, 0x00000000e6ab0000)
 concurrent mark-sweep generation total 393216K, used 0K [0x00000000e8000000, 0x0000000100000000, 0x0000000100000000)
 Metaspace       used 22356K, capacity 22736K, committed 22880K, reserved 1069056K
  class space    used 2616K, capacity 2754K, committed 2764K, reserved 1048576K
2023-04-26T12:13:13.841+0530: 1.301: [GC (Allocation Failure) 2023-04-26T12:13:13.841+0530: 1.301: [ParNew
Desired survivor size 20112992 bytes, new threshold 8 (max 8)
- age   1:     685056 bytes,     685056 total
- age   2:     131344 bytes,     816400 total
- age   4:     119008 bytes,     935408 total
- age   5:    1917816 bytes,    2853224 total
- age   6:     324032 bytes,    3177256 total
- age   7:    4897832 bytes,    8075088 total
- age   8:    2551944 bytes,   10627032 total
: 101009K->16307K(109248K), 0.0058929 secs] 101009K->16307K(502464K), 0.0059676 secs] [Times: user=0.04 sys=0.00, real=0.01 secs] 
Heap after GC invocations=8 (full 1):
 par new generation   total 109248K, used 16307K [0x00000000e0000000, 0x00000000e8000000, 0x00000000e8000000)
  eden space 87424K,   0% used [0x00000000e0000000, 0x00000000e0000000, 0x00000000e5560000)
  from space 21824K,  74% used [0x00000000e5560000, 0x00000000e654cd80, 0x00000000e6ab0000)
  to   space 21824K,   0% used [0x00000000e6ab0000, 0x00000000e6ab0000, 0x00000000e8000000)
 concurrent mark-sweep generation total 393216K, used 0K [0x00000000e8000000, 0x0000000100000000, 0x0000000100000000)
 Metaspace       used 22356K, capacity 22736K, committed 22880K, reserved 1069056K
  class space    used 2616K, capacity 2754K, committed 2764K, reserved 1048576K
}
2023-04-26T12:13:13.847+0530: 1.307: Total time for which application threads were stopped: 0.0061238 seconds, Stopping threads took: 0.0000387 seconds
{Heap before GC invocations=8 (full 1):
 par new generation   total 109248K, used 103731K [0x00000000e0000000, 0x00000000e8000000, 0x00000000e8000000)
  eden space 87424K, 100% used [0x00000000e0000000, 0x00000000e5560000, 0x00000000e5560000)
  from space 21824K,  74% used [0x00000000e5560000, 0x00000000e654cd80, 0x00000000e6ab0000)
  to   space 21824K,   0% used [0x00000000e6ab0000, 0x00000000e6ab0000, 0x00000000e8000000)
 concurrent mark-sweep generation total 393216K, used 0K [0x00000000e8000000, 0x0000000100000000, 0x0000000100000000)
 Metaspace       used 22674K, capacity 23088K, committed 23264K, reserved 1069056K
  class space    used 2651K, capacity 2786K, committed 2892K, reserved 1048576K
2023-04-26T12:13:13.890+0530: 1.351: [GC (Allocation Failure) 2023-04-26T12:13:13.890+0530: 1.351: [ParNew
Desired survivor size 20112992 bytes, new threshold 8 (max 8)
- age   1:     877272 bytes,     877272 total
- age   2:     120272 bytes,     997544 total
- age   3:     130456 bytes,    1128000 total
- age   5:     117608 bytes,    1245608 total
- age   6:    1916064 bytes,    3161672 total
- age   7:     323424 bytes,    3485096 total
- age   8:    4897688 bytes,    8382784 total
: 103731K->11079K(109248K), 0.0093837 secs] 103731K->13609K(502464K), 0.0094508 secs] [Times: user=0.04 sys=0.00, real=0.01 secs] 
Heap after GC invocations=9 (full 1):
 par new generation   total 109248K, used 11079K [0x00000000e0000000, 0x00000000e8000000, 0x00000000e8000000)
  eden space 87424K,   0% used [0x00000000e0000000, 0x00000000e0000000, 0x00000000e5560000)
  from space 21824K,  50% used [0x00000000e6ab0000, 0x00000000e7581cd8, 0x00000000e8000000)
  to   space 21824K,   0% used [0x00000000e5560000, 0x00000000e5560000, 0x00000000e6ab0000)
 concurrent mark-sweep generation total 393216K, used 2530K [0x00000000e8000000, 0x0000000100000000, 0x0000000100000000)
 Metaspace       used 22674K, capacity 23088K, committed 23264K, reserved 1069056K
  class space    used 2651K, capacity 2786K, committed 2892K, reserved 1048576K
}
2023-04-26T12:13:13.900+0530: 1.360: Total time for which application threads were stopped: 0.0096062 seconds, Stopping threads took: 0.0000378 seconds
2023-04-26T12:13:13.931+0530: 1.392: Total time for which application threads were stopped: 0.0003248 seconds, Stopping threads took: 0.0000160 seconds
2023-04-26T12:13:14.037+0530: 1.497: Total time for which application threads were stopped: 0.0003925 seconds, Stopping threads took: 0.0000192 seconds
2023-04-26T12:13:14.047+0530: 1.507: Total time for which application threads were stopped: 0.0003089 seconds, Stopping threads took: 0.0000179 seconds
2023-04-26T12:13:14.055+0530: 1.516: Total time for which application threads were stopped: 0.0003417 seconds, Stopping threads took: 0.0000192 seconds
{Heap before GC invocations=9 (full 1):
 par new generation   total 109248K, used 98503K [0x00000000e0000000, 0x00000000e8000000, 0x00000000e8000000)
  eden space 87424K, 100% used [0x00000000e0000000, 0x00000000e5560000, 0x00000000e5560000)
  from space 21824K,  50% used [0x00000000e6ab0000, 0x00000000e7581cd8, 0x00000000e8000000)
  to   space 21824K,   0% used [0x00000000e5560000, 0x00000000e5560000, 0x00000000e6ab0000)
 concurrent mark-sweep generation total 393216K, used 2530K [0x00000000e8000000, 0x0000000100000000, 0x0000000100000000)
 Metaspace       used 26377K, capacity 26746K, committed 27084K, reserved 1073152K
  class space    used 3095K, capacity 3239K, committed 3276K, reserved 1048576K
2023-04-26T12:13:14.216+0530: 1.677: [GC (Allocation Failure) 2023-04-26T12:13:14.216+0530: 1.677: [ParNew
Desired survivor size 20112992 bytes, new threshold 8 (max 8)
- age   1:    5362056 bytes,    5362056 total
- age   2:     210360 bytes,    5572416 total
- age   3:     120224 bytes,    5692640 total
- age   4:     130408 bytes,    5823048 total
- age   6:     117544 bytes,    5940592 total
- age   7:     285600 bytes,    6226192 total
- age   8:     313152 bytes,    6539344 total
: 98503K->8601K(109248K), 0.0090609 secs] 101033K->15942K(502464K), 0.0091652 secs] [Times: user=0.04 sys=0.00, real=0.00 secs] 
Heap after GC invocations=10 (full 1):
 par new generation   total 109248K, used 8601K [0x00000000e0000000, 0x00000000e8000000, 0x00000000e8000000)
  eden space 87424K,   0% used [0x00000000e0000000, 0x00000000e0000000, 0x00000000e5560000)
  from space 21824K,  39% used [0x00000000e5560000, 0x00000000e5dc6740, 0x00000000e6ab0000)
  to   space 21824K,   0% used [0x00000000e6ab0000, 0x00000000e6ab0000, 0x00000000e8000000)
 concurrent mark-sweep generation total 393216K, used 7341K [0x00000000e8000000, 0x0000000100000000, 0x0000000100000000)
 Metaspace       used 26377K, capacity 26746K, committed 27084K, reserved 1073152K
  class space    used 3095K, capacity 3239K, committed 3276K, reserved 1048576K
}
2023-04-26T12:13:14.225+0530: 1.686: Total time for which application threads were stopped: 0.0093853 seconds, Stopping threads took: 0.0000387 seconds
2023-04-26T12:13:14.297+0530: 1.757: Total time for which application threads were stopped: 0.0003981 seconds, Stopping threads took: 0.0000171 seconds
2023-04-26T12:13:14.297+0530: 1.758: Total time for which application threads were stopped: 0.0003186 seconds, Stopping threads took: 0.0000130 seconds
{Heap before GC invocations=10 (full 1):
 par new generation   total 109248K, used 96025K [0x00000000e0000000, 0x00000000e8000000, 0x00000000e8000000)
  eden space 87424K, 100% used [0x00000000e0000000, 0x00000000e5560000, 0x00000000e5560000)
  from space 21824K,  39% used [0x00000000e5560000, 0x00000000e5dc6740, 0x00000000e6ab0000)
  to   space 21824K,   0% used [0x00000000e6ab0000, 0x00000000e6ab0000, 0x00000000e8000000)
 concurrent mark-sweep generation total 393216K, used 7341K [0x00000000e8000000, 0x0000000100000000, 0x0000000100000000)
 Metaspace       used 28107K, capacity 28498K, committed 28876K, reserved 1075200K
  class space    used 3287K, capacity 3435K, committed 3532K, reserved 1048576K
2023-04-26T12:13:14.416+0530: 1.876: [GC (Allocation Failure) 2023-04-26T12:13:14.416+0530: 1.876: [ParNew
Desired survivor size 20112992 bytes, new threshold 8 (max 8)
- age   1:   10074600 bytes,   10074600 total
- age   2:    2300616 bytes,   12375216 total
- age   3:     210360 bytes,   12585576 total
- age   4:     120128 bytes,   12705704 total
- age   5:     129720 bytes,   12835424 total
- age   7:     117416 bytes,   12952840 total
- age   8:     285272 bytes,   13238112 total
: 96025K->15259K(109248K), 0.0075854 secs] 103366K->22906K(502464K), 0.0076672 secs] [Times: user=0.04 sys=0.00, real=0.00 secs] 
Heap after GC invocations=11 (full 1):
 par new generation   total 109248K, used 15259K [0x00000000e0000000, 0x00000000e8000000, 0x00000000e8000000)
  eden space 87424K,   0% used [0x00000000e0000000, 0x00000000e0000000, 0x00000000e5560000)
  from space 21824K,  69% used [0x00000000e6ab0000, 0x00000000e7996e20, 0x00000000e8000000)
  to   space 21824K,   0% used [0x00000000e5560000, 0x00000000e5560000, 0x00000000e6ab0000)
 concurrent mark-sweep generation total 393216K, used 7647K [0x00000000e8000000, 0x0000000100000000, 0x0000000100000000)
 Metaspace       used 28107K, capacity 28498K, committed 28876K, reserved 1075200K
  class space    used 3287K, capacity 3435K, committed 3532K, reserved 1048576K
}
2023-04-26T12:13:14.423+0530: 1.884: Total time for which application threads were stopped: 0.0079459 seconds, Stopping threads took: 0.0000585 seconds
2023-04-26T12:13:14.434+0530: 1.894: Total time for which application threads were stopped: 0.0003949 seconds, Stopping threads took: 0.0000334 seconds
{Heap before GC invocations=11 (full 1):
 par new generation   total 109248K, used 102683K [0x00000000e0000000, 0x00000000e8000000, 0x00000000e8000000)
  eden space 87424K, 100% used [0x00000000e0000000, 0x00000000e5560000, 0x00000000e5560000)
  from space 21824K,  69% used [0x00000000e6ab0000, 0x00000000e7996e20, 0x00000000e8000000)
  to   space 21824K,   0% used [0x00000000e5560000, 0x00000000e5560000, 0x00000000e6ab0000)
 concurrent mark-sweep generation total 393216K, used 7647K [0x00000000e8000000, 0x0000000100000000, 0x0000000100000000)
 Metaspace       used 28194K, capacity 28574K, committed 28876K, reserved 1075200K
  class space    used 3293K, capacity 3437K, committed 3532K, reserved 1048576K
2023-04-26T12:13:14.473+0530: 1.933: [GC (Allocation Failure) 2023-04-26T12:13:14.473+0530: 1.933: [ParNew
Desired survivor size 20112992 bytes, new threshold 8 (max 8)
- age   1:    2136712 bytes,    2136712 total
- age   2:    8087952 bytes,   10224664 total
- age   3:    2300616 bytes,   12525280 total
- age   4:     210360 bytes,   12735640 total
- age   5:     120128 bytes,   12855768 total
- age   6:     129616 bytes,   12985384 total
- age   8:     117416 bytes,   13102800 total
: 102683K->20358K(109248K), 0.0146308 secs] 110330K->28289K(502464K), 0.0147199 secs] [Times: user=0.08 sys=0.00, real=0.02 secs] 
Heap after GC invocations=12 (full 1):
 par new generation   total 109248K, used 20358K [0x00000000e0000000, 0x00000000e8000000, 0x00000000e8000000)
  eden space 87424K,   0% used [0x00000000e0000000, 0x00000000e0000000, 0x00000000e5560000)
  from space 21824K,  93% used [0x00000000e5560000, 0x00000000e6941b40, 0x00000000e6ab0000)
  to   space 21824K,   0% used [0x00000000e6ab0000, 0x00000000e6ab0000, 0x00000000e8000000)
 concurrent mark-sweep generation total 393216K, used 7930K [0x00000000e8000000, 0x0000000100000000, 0x0000000100000000)
 Metaspace       used 28194K, capacity 28574K, committed 28876K, reserved 1075200K
  class space    used 3293K, capacity 3437K, committed 3532K, reserved 1048576K
}
2023-04-26T12:13:14.487+0530: 1.948: Total time for which application threads were stopped: 0.0149552 seconds, Stopping threads took: 0.0000661 seconds
{Heap before GC invocations=12 (full 1):
 par new generation   total 109248K, used 107751K [0x00000000e0000000, 0x00000000e8000000, 0x00000000e8000000)
  eden space 87424K,  99% used [0x00000000e0000000, 0x00000000e5558400, 0x00000000e5560000)
  from space 21824K,  93% used [0x00000000e5560000, 0x00000000e6941b40, 0x00000000e6ab0000)
  to   space 21824K,   0% used [0x00000000e6ab0000, 0x00000000e6ab0000, 0x00000000e8000000)
 concurrent mark-sweep generation total 393216K, used 7930K [0x00000000e8000000, 0x0000000100000000, 0x0000000100000000)
 Metaspace       used 28240K, capacity 28622K, committed 28876K, reserved 1075200K
  class space    used 3297K, capacity 3445K, committed 3532K, reserved 1048576K
2023-04-26T12:13:14.511+0530: 1.971: [GC (Allocation Failure) 2023-04-26T12:13:14.511+0530: 1.971: [ParNew
Desired survivor size 20112992 bytes, new threshold 8 (max 8)
- age   1:     962984 bytes,     962984 total
- age   2:    1675944 bytes,    2638928 total
- age   3:    8057736 bytes,   10696664 total
- age   4:    2300616 bytes,   12997280 total
- age   5:     210360 bytes,   13207640 total
- age   6:     120128 bytes,   13327768 total
- age   7:     129304 bytes,   13457072 total
: 107751K->15795K(109248K), 0.0098739 secs] 115682K->23844K(502464K), 0.0099608 secs] [Times: user=0.05 sys=0.00, real=0.01 secs] 
Heap after GC invocations=13 (full 1):
 par new generation   total 109248K, used 15795K [0x00000000e0000000, 0x00000000e8000000, 0x00000000e8000000)
  eden space 87424K,   0% used [0x00000000e0000000, 0x00000000e0000000, 0x00000000e5560000)
  from space 21824K,  72% used [0x00000000e6ab0000, 0x00000000e7a1cd98, 0x00000000e8000000)
  to   space 21824K,   0% used [0x00000000e5560000, 0x00000000e5560000, 0x00000000e6ab0000)
 concurrent mark-sweep generation total 393216K, used 8048K [0x00000000e8000000, 0x0000000100000000, 0x0000000100000000)
 Metaspace       used 28240K, capacity 28622K, committed 28876K, reserved 1075200K
  class space    used 3297K, capacity 3445K, committed 3532K, reserved 1048576K
}
2023-04-26T12:13:14.521+0530: 1.981: Total time for which application threads were stopped: 0.0101571 seconds, Stopping threads took: 0.0000558 seconds
{Heap before GC invocations=13 (full 1):
 par new generation   total 109248K, used 103219K [0x00000000e0000000, 0x00000000e8000000, 0x00000000e8000000)
  eden space 87424K, 100% used [0x00000000e0000000, 0x00000000e5560000, 0x00000000e5560000)
  from space 21824K,  72% used [0x00000000e6ab0000, 0x00000000e7a1cd98, 0x00000000e8000000)
  to   space 21824K,   0% used [0x00000000e5560000, 0x00000000e5560000, 0x00000000e6ab0000)
 concurrent mark-sweep generation total 393216K, used 8048K [0x00000000e8000000, 0x0000000100000000, 0x0000000100000000)
 Metaspace       used 28259K, capacity 28628K, committed 28876K, reserved 1075200K
  class space    used 3299K, capacity 3446K, committed 3532K, reserved 1048576K
2023-04-26T12:13:14.545+0530: 2.005: [GC (Allocation Failure) 2023-04-26T12:13:14.545+0530: 2.005: [ParNew
Desired survivor size 20112992 bytes, new threshold 8 (max 8)
- age   1:     954296 bytes,     954296 total
- age   2:     590440 bytes,    1544736 total
- age   3:    1673880 bytes,    3218616 total
- age   4:    8057736 bytes,   11276352 total
- age   5:    2300616 bytes,   13576968 total
- age   6:     210360 bytes,   13787328 total
- age   7:     120128 bytes,   13907456 total
- age   8:     129200 bytes,   14036656 total
: 103219K->19758K(109248K), 0.0097473 secs] 111268K->27807K(502464K), 0.0098158 secs] [Times: user=0.06 sys=0.00, real=0.02 secs] 
Heap after GC invocations=14 (full 1):
 par new generation   total 109248K, used 19758K [0x00000000e0000000, 0x00000000e8000000, 0x00000000e8000000)
  eden space 87424K,   0% used [0x00000000e0000000, 0x00000000e0000000, 0x00000000e5560000)
  from space 21824K,  90% used [0x00000000e5560000, 0x00000000e68abb08, 0x00000000e6ab0000)
  to   space 21824K,   0% used [0x00000000e6ab0000, 0x00000000e6ab0000, 0x00000000e8000000)
 concurrent mark-sweep generation total 393216K, used 8048K [0x00000000e8000000, 0x0000000100000000, 0x0000000100000000)
 Metaspace       used 28259K, capacity 28628K, committed 28876K, reserved 1075200K
  class space    used 3299K, capacity 3446K, committed 3532K, reserved 1048576K
}
2023-04-26T12:13:14.554+0530: 2.015: Total time for which application threads were stopped: 0.0100754 seconds, Stopping threads took: 0.0000948 seconds
{Heap before GC invocations=14 (full 1):
 par new generation   total 109248K, used 107182K [0x00000000e0000000, 0x00000000e8000000, 0x00000000e8000000)
  eden space 87424K, 100% used [0x00000000e0000000, 0x00000000e5560000, 0x00000000e5560000)
  from space 21824K,  90% used [0x00000000e5560000, 0x00000000e68abb08, 0x00000000e6ab0000)
  to   space 21824K,   0% used [0x00000000e6ab0000, 0x00000000e6ab0000, 0x00000000e8000000)
 concurrent mark-sweep generation total 393216K, used 8048K [0x00000000e8000000, 0x0000000100000000, 0x0000000100000000)
 Metaspace       used 28267K, capacity 28640K, committed 28876K, reserved 1075200K
  class space    used 3300K, capacity 3448K, committed 3532K, reserved 1048576K
2023-04-26T12:13:14.588+0530: 2.048: [GC (Allocation Failure) 2023-04-26T12:13:14.588+0530: 2.048: [ParNew
Desired survivor size 20112992 bytes, new threshold 8 (max 8)
- age   1:     630088 bytes,     630088 total
- age   2:      95864 bytes,     725952 total
- age   3:     589800 bytes,    1315752 total
- age   4:    1673608 bytes,    2989360 total
- age   5:    8057736 bytes,   11047096 total
- age   6:    2300632 bytes,   13347728 total
- age   7:     210360 bytes,   13558088 total
- age   8:     120128 bytes,   13678216 total
: 107182K->17916K(109248K), 0.0077095 secs] 115231K->26094K(502464K), 0.0077951 secs] [Times: user=0.05 sys=0.00, real=0.01 secs] 
Heap after GC invocations=15 (full 1):
 par new generation   total 109248K, used 17916K [0x00000000e0000000, 0x00000000e8000000, 0x00000000e8000000)
  eden space 87424K,   0% used [0x00000000e0000000, 0x00000000e0000000, 0x00000000e5560000)
  from space 21824K,  82% used [0x00000000e6ab0000, 0x00000000e7c2f390, 0x00000000e8000000)
  to   space 21824K,   0% used [0x00000000e5560000, 0x00000000e5560000, 0x00000000e6ab0000)
 concurrent mark-sweep generation total 393216K, used 8177K [0x00000000e8000000, 0x0000000100000000, 0x0000000100000000)
 Metaspace       used 28267K, capacity 28640K, committed 28876K, reserved 1075200K
  class space    used 3300K, capacity 3448K, committed 3532K, reserved 1048576K
}
2023-04-26T12:13:14.596+0530: 2.056: Total time for which application threads were stopped: 0.0079962 seconds, Stopping threads took: 0.0000684 seconds
{Heap before GC invocations=15 (full 1):
 par new generation   total 109248K, used 105340K [0x00000000e0000000, 0x00000000e8000000, 0x00000000e8000000)
  eden space 87424K, 100% used [0x00000000e0000000, 0x00000000e5560000, 0x00000000e5560000)
  from space 21824K,  82% used [0x00000000e6ab0000, 0x00000000e7c2f390, 0x00000000e8000000)
  to   space 21824K,   0% used [0x00000000e5560000, 0x00000000e5560000, 0x00000000e6ab0000)
 concurrent mark-sweep generation total 393216K, used 8177K [0x00000000e8000000, 0x0000000100000000, 0x0000000100000000)
 Metaspace       used 28309K, capacity 28646K, committed 28876K, reserved 1075200K
  class space    used 3300K, capacity 3449K, committed 3532K, reserved 1048576K
2023-04-26T12:13:14.639+0530: 2.099: [GC (Allocation Failure) 2023-04-26T12:13:14.639+0530: 2.099: [ParNew
Desired survivor size 20112992 bytes, new threshold 8 (max 8)
- age   1:     929000 bytes,     929000 total
- age   2:      82128 bytes,    1011128 total
- age   3:      95304 bytes,    1106432 total
- age   4:     588848 bytes,    1695280 total
- age   5:    1672920 bytes,    3368200 total
- age   6:    8057736 bytes,   11425936 total
- age   7:    2300512 bytes,   13726448 total
- age   8:     210360 bytes,   13936808 total
: 105340K->19249K(109248K), 0.0092023 secs] 113518K->27547K(502464K), 0.0092814 secs] [Times: user=0.05 sys=0.00, real=0.01 secs] 
Heap after GC invocations=16 (full 1):
 par new generation   total 109248K, used 19249K [0x00000000e0000000, 0x00000000e8000000, 0x00000000e8000000)
  eden space 87424K,   0% used [0x00000000e0000000, 0x00000000e0000000, 0x00000000e5560000)
  from space 21824K,  88% used [0x00000000e5560000, 0x00000000e682c648, 0x00000000e6ab0000)
  to   space 21824K,   0% used [0x00000000e6ab0000, 0x00000000e6ab0000, 0x00000000e8000000)
 concurrent mark-sweep generation total 393216K, used 8297K [0x00000000e8000000, 0x0000000100000000, 0x0000000100000000)
 Metaspace       used 28309K, capacity 28646K, committed 28876K, reserved 1075200K
  class space    used 3300K, capacity 3449K, committed 3532K, reserved 1048576K
}
2023-04-26T12:13:14.648+0530: 2.108: Total time for which application threads were stopped: 0.0095228 seconds, Stopping threads took: 0.0000720 seconds
{Heap before GC invocations=16 (full 1):
 par new generation   total 109248K, used 106673K [0x00000000e0000000, 0x00000000e8000000, 0x00000000e8000000)
  eden space 87424K, 100% used [0x00000000e0000000, 0x00000000e5560000, 0x00000000e5560000)
  from space 21824K,  88% used [0x00000000e5560000, 0x00000000e682c648, 0x00000000e6ab0000)
  to   space 21824K,   0% used [0x00000000e6ab0000, 0x00000000e6ab0000, 0x00000000e8000000)
 concurrent mark-sweep generation total 393216K, used 8297K [0x00000000e8000000, 0x0000000100000000, 0x0000000100000000)
 Metaspace       used 28476K, capacity 28876K, committed 29132K, reserved 1075200K
  class space    used 3306K, capacity 3458K, committed 3532K, reserved 1048576K
2023-04-26T12:13:14.725+0530: 2.186: [GC (Allocation Failure) 2023-04-26T12:13:14.725+0530: 2.186: [ParNew
Desired survivor size 20112992 bytes, new threshold 8 (max 8)
- age   1:    6584240 bytes,    6584240 total
- age   2:     118048 bytes,    6702288 total
- age   3:      81216 bytes,    6783504 total
- age   4:      94512 bytes,    6878016 total
- age   5:      70536 bytes,    6948552 total
- age   6:     263920 bytes,    7212472 total
- age   7:    8042928 bytes,   15255400 total
- age   8:    2300384 bytes,   17555784 total
: 106673K->20561K(109248K), 0.0112176 secs] 114971K->29068K(502464K), 0.0112871 secs] [Times: user=0.06 sys=0.00, real=0.02 secs] 
Heap after GC invocations=17 (full 1):
 par new generation   total 109248K, used 20561K [0x00000000e0000000, 0x00000000e8000000, 0x00000000e8000000)
  eden space 87424K,   0% used [0x00000000e0000000, 0x00000000e0000000, 0x00000000e5560000)
  from space 21824K,  94% used [0x00000000e6ab0000, 0x00000000e7ec4560, 0x00000000e8000000)
  to   space 21824K,   0% used [0x00000000e5560000, 0x00000000e5560000, 0x00000000e6ab0000)
 concurrent mark-sweep generation total 393216K, used 8507K [0x00000000e8000000, 0x0000000100000000, 0x0000000100000000)
 Metaspace       used 28476K, capacity 28876K, committed 29132K, reserved 1075200K
  class space    used 3306K, capacity 3458K, committed 3532K, reserved 1048576K
}
2023-04-26T12:13:14.737+0530: 2.197: Total time for which application threads were stopped: 0.0114634 seconds, Stopping threads took: 0.0000216 seconds
{Heap before GC invocations=17 (full 1):
 par new generation   total 109248K, used 107966K [0x00000000e0000000, 0x00000000e8000000, 0x00000000e8000000)
  eden space 87424K,  99% used [0x00000000e0000000, 0x00000000e555b2d0, 0x00000000e5560000)
  from space 21824K,  94% used [0x00000000e6ab0000, 0x00000000e7ec4560, 0x00000000e8000000)
  to   space 21824K,   0% used [0x00000000e5560000, 0x00000000e5560000, 0x00000000e6ab0000)
 concurrent mark-sweep generation total 393216K, used 8507K [0x00000000e8000000, 0x0000000100000000, 0x0000000100000000)
 Metaspace       used 28878K, capacity 29334K, committed 29644K, reserved 1075200K
  class space    used 3359K, capacity 3527K, committed 3532K, reserved 1048576K
2023-04-26T12:13:14.776+0530: 2.236: [GC (Allocation Failure) 2023-04-26T12:13:14.776+0530: 2.236: [ParNew
Desired survivor size 20112992 bytes, new threshold 8 (max 8)
- age   1:    3879608 bytes,    3879608 total
- age   2:    5949824 bytes,    9829432 total
- age   3:     115632 bytes,    9945064 total
- age   4:      75936 bytes,   10021000 total
- age   5:      91328 bytes,   10112328 total
- age   6:      59184 bytes,   10171512 total
- age   7:     253784 bytes,   10425296 total
- age   8:    7894296 bytes,   18319592 total
: 107966K->21824K(109248K), 0.0117235 secs] 116473K->33089K(502464K), 0.0117882 secs] [Times: user=0.07 sys=0.00, real=0.01 secs] 
Heap after GC invocations=18 (full 1):
 par new generation   total 109248K, used 21824K [0x00000000e0000000, 0x00000000e8000000, 0x00000000e8000000)
  eden space 87424K,   0% used [0x00000000e0000000, 0x00000000e0000000, 0x00000000e5560000)
  from space 21824K, 100% used [0x00000000e5560000, 0x00000000e6ab0000, 0x00000000e6ab0000)
  to   space 21824K,   0% used [0x00000000e6ab0000, 0x00000000e6ab0000, 0x00000000e8000000)
 concurrent mark-sweep generation total 393216K, used 11265K [0x00000000e8000000, 0x0000000100000000, 0x0000000100000000)
 Metaspace       used 28878K, capacity 29334K, committed 29644K, reserved 1075200K
  class space    used 3359K, capacity 3527K, committed 3532K, reserved 1048576K
}
2023-04-26T12:13:14.787+0530: 2.248: Total time for which application threads were stopped: 0.0119583 seconds, Stopping threads took: 0.0000346 seconds
{Heap before GC invocations=18 (full 1):
 par new generation   total 109248K, used 109248K [0x00000000e0000000, 0x00000000e8000000, 0x00000000e8000000)
  eden space 87424K, 100% used [0x00000000e0000000, 0x00000000e5560000, 0x00000000e5560000)
  from space 21824K, 100% used [0x00000000e5560000, 0x00000000e6ab0000, 0x00000000e6ab0000)
  to   space 21824K,   0% used [0x00000000e6ab0000, 0x00000000e6ab0000, 0x00000000e8000000)
 concurrent mark-sweep generation total 393216K, used 11265K [0x00000000e8000000, 0x0000000100000000, 0x0000000100000000)
 Metaspace       used 29756K, capacity 30166K, committed 30284K, reserved 1075200K
  class space    used 3494K, capacity 3655K, committed 3660K, reserved 1048576K
2023-04-26T12:13:14.842+0530: 2.302: [GC (Allocation Failure) 2023-04-26T12:13:14.842+0530: 2.302: [ParNew
Desired survivor size 20112992 bytes, new threshold 8 (max 8)
- age   1:     927640 bytes,     927640 total
- age   2:    3437928 bytes,    4365568 total
- age   3:    5938736 bytes,   10304304 total
- age   4:     115632 bytes,   10419936 total
- age   5:      75936 bytes,   10495872 total
- age   6:      91328 bytes,   10587200 total
- age   7:      59184 bytes,   10646384 total
- age   8:     253784 bytes,   10900168 total
: 109248K->17060K(109248K), 0.0151496 secs] 120513K->36050K(502464K), 0.0152121 secs] [Times: user=0.06 sys=0.00, real=0.02 secs] 
Heap after GC invocations=19 (full 1):
 par new generation   total 109248K, used 17060K [0x00000000e0000000, 0x00000000e8000000, 0x00000000e8000000)
  eden space 87424K,   0% used [0x00000000e0000000, 0x00000000e0000000, 0x00000000e5560000)
  from space 21824K,  78% used [0x00000000e6ab0000, 0x00000000e7b59260, 0x00000000e8000000)
  to   space 21824K,   0% used [0x00000000e5560000, 0x00000000e5560000, 0x00000000e6ab0000)
 concurrent mark-sweep generation total 393216K, used 18989K [0x00000000e8000000, 0x0000000100000000, 0x0000000100000000)
 Metaspace       used 29756K, capacity 30166K, committed 30284K, reserved 1075200K
  class space    used 3494K, capacity 3655K, committed 3660K, reserved 1048576K
}
2023-04-26T12:13:14.857+0530: 2.318: Total time for which application threads were stopped: 0.0154157 seconds, Stopping threads took: 0.0000838 seconds
2023-04-26T12:13:14.867+0530: 2.327: Total time for which application threads were stopped: 0.0003937 seconds, Stopping threads took: 0.0000213 seconds
2023-04-26T12:13:15.867+0530: 3.327: Total time for which application threads were stopped: 0.0002699 seconds, Stopping threads took: 0.0000439 seconds
2023-04-26T12:13:16.576+0530: 4.037: Total time for which application threads were stopped: 0.0004222 seconds, Stopping threads took: 0.0000231 seconds
2023-04-26T12:13:18.802+0530: 6.263: Total time for which application threads were stopped: 0.0000866 seconds, Stopping threads took: 0.0000166 seconds
2023-04-26T12:13:18.805+0530: 6.265: Total time for which application threads were stopped: 0.0000530 seconds, Stopping threads took: 0.0000139 seconds
2023-04-26T12:13:18.805+0530: 6.265: Total time for which application threads were stopped: 0.0000419 seconds, Stopping threads took: 0.0000197 seconds
2023-04-26T12:13:18.819+0530: 6.279: Total time for which application threads were stopped: 0.0004315 seconds, Stopping threads took: 0.0000144 seconds
2023-04-26T12:13:18.826+0530: 6.286: Total time for which application threads were stopped: 0.0000536 seconds, Stopping threads took: 0.0000109 seconds
2023-04-26T12:13:18.899+0530: 6.359: Total time for which application threads were stopped: 0.0000814 seconds, Stopping threads took: 0.0000157 seconds
2023-04-26T12:13:18.917+0530: 6.377: Total time for which application threads were stopped: 0.0004705 seconds, Stopping threads took: 0.0000161 seconds
2023-04-26T12:13:18.987+0530: 6.447: Total time for which application threads were stopped: 0.0004771 seconds, Stopping threads took: 0.0000193 seconds
2023-04-26T12:13:18.987+0530: 6.448: Total time for which application threads were stopped: 0.0003445 seconds, Stopping threads took: 0.0000115 seconds
2023-04-26T12:13:18.997+0530: 6.457: Total time for which application threads were stopped: 0.0004309 seconds, Stopping threads took: 0.0000209 seconds
2023-04-26T12:13:19.071+0530: 6.531: Total time for which application threads were stopped: 0.0001217 seconds, Stopping threads took: 0.0000172 seconds
2023-04-26T12:13:19.101+0530: 6.561: Total time for which application threads were stopped: 0.0001130 seconds, Stopping threads took: 0.0000213 seconds
2023-04-26T12:13:19.122+0530: 6.583: Total time for which application threads were stopped: 0.0000789 seconds, Stopping threads took: 0.0000142 seconds
2023-04-26T12:13:19.125+0530: 6.585: Total time for which application threads were stopped: 0.0000492 seconds, Stopping threads took: 0.0000091 seconds
2023-04-26T12:13:19.125+0530: 6.585: Total time for which application threads were stopped: 0.0000243 seconds, Stopping threads took: 0.0000051 seconds
2023-04-26T12:13:19.143+0530: 6.604: Total time for which application threads were stopped: 0.0001156 seconds, Stopping threads took: 0.0000227 seconds
2023-04-26T12:13:19.161+0530: 6.621: Total time for which application threads were stopped: 0.0000789 seconds, Stopping threads took: 0.0000138 seconds
2023-04-26T12:13:19.166+0530: 6.626: Total time for which application threads were stopped: 0.0003807 seconds, Stopping threads took: 0.0000163 seconds
2023-04-26T12:13:19.168+0530: 6.628: Total time for which application threads were stopped: 0.0003245 seconds, Stopping threads took: 0.0000082 seconds
2023-04-26T12:13:19.218+0530: 6.678: Total time for which application threads were stopped: 0.0001506 seconds, Stopping threads took: 0.0000345 seconds
2023-04-26T12:13:19.243+0530: 6.704: Total time for which application threads were stopped: 0.0001507 seconds, Stopping threads took: 0.0000963 seconds
2023-04-26T12:13:19.243+0530: 6.704: Total time for which application threads were stopped: 0.0000328 seconds, Stopping threads took: 0.0000093 seconds
2023-04-26T12:13:19.244+0530: 6.704: Total time for which application threads were stopped: 0.0000292 seconds, Stopping threads took: 0.0000080 seconds
2023-04-26T12:13:20.038+0530: 7.499: Total time for which application threads were stopped: 0.0000829 seconds, Stopping threads took: 0.0000224 seconds
2023-04-26T12:13:20.039+0530: 7.499: Total time for which application threads were stopped: 0.0000645 seconds, Stopping threads took: 0.0000176 seconds
2023-04-26T12:13:20.042+0530: 7.502: Total time for which application threads were stopped: 0.0001020 seconds, Stopping threads took: 0.0000234 seconds
2023-04-26T12:13:20.043+0530: 7.503: Total time for which application threads were stopped: 0.0001187 seconds, Stopping threads took: 0.0000711 seconds
2023-04-26T12:13:20.043+0530: 7.503: Total time for which application threads were stopped: 0.0000857 seconds, Stopping threads took: 0.0000450 seconds
2023-04-26T12:13:20.043+0530: 7.503: Total time for which application threads were stopped: 0.0000833 seconds, Stopping threads took: 0.0000419 seconds
2023-04-26T12:13:20.043+0530: 7.504: Total time for which application threads were stopped: 0.0001123 seconds, Stopping threads took: 0.0000464 seconds
2023-04-26T12:13:20.044+0530: 7.504: Total time for which application threads were stopped: 0.0000916 seconds, Stopping threads took: 0.0000384 seconds
2023-04-26T12:13:20.044+0530: 7.504: Total time for which application threads were stopped: 0.0001043 seconds, Stopping threads took: 0.0000506 seconds
2023-04-26T12:13:20.044+0530: 7.504: Total time for which application threads were stopped: 0.0001013 seconds, Stopping threads took: 0.0000537 seconds
2023-04-26T12:13:20.044+0530: 7.505: Total time for which application threads were stopped: 0.0000923 seconds, Stopping threads took: 0.0000438 seconds
2023-04-26T12:13:20.044+0530: 7.505: Total time for which application threads were stopped: 0.0000799 seconds, Stopping threads took: 0.0000327 seconds
2023-04-26T12:13:20.045+0530: 7.505: Total time for which application threads were stopped: 0.0000805 seconds, Stopping threads took: 0.0000315 seconds
2023-04-26T12:13:20.045+0530: 7.505: Total time for which application threads were stopped: 0.0000935 seconds, Stopping threads took: 0.0000443 seconds
2023-04-26T12:13:20.045+0530: 7.505: Total time for which application threads were stopped: 0.0000827 seconds, Stopping threads took: 0.0000337 seconds
2023-04-26T12:13:20.045+0530: 7.506: Total time for which application threads were stopped: 0.0002191 seconds, Stopping threads took: 0.0000293 seconds
2023-04-26T12:13:20.046+0530: 7.506: Total time for which application threads were stopped: 0.0000970 seconds, Stopping threads took: 0.0000465 seconds
2023-04-26T12:13:20.046+0530: 7.506: Total time for which application threads were stopped: 0.0000814 seconds, Stopping threads took: 0.0000409 seconds
2023-04-26T12:13:20.047+0530: 7.507: Total time for which application threads were stopped: 0.0001712 seconds, Stopping threads took: 0.0001011 seconds
2023-04-26T12:13:20.047+0530: 7.507: Total time for which application threads were stopped: 0.0000742 seconds, Stopping threads took: 0.0000361 seconds
2023-04-26T12:13:20.047+0530: 7.508: Total time for which application threads were stopped: 0.0000665 seconds, Stopping threads took: 0.0000305 seconds
2023-04-26T12:13:20.047+0530: 7.508: Total time for which application threads were stopped: 0.0000805 seconds, Stopping threads took: 0.0000494 seconds
2023-04-26T12:13:20.049+0530: 7.509: Total time for which application threads were stopped: 0.0001436 seconds, Stopping threads took: 0.0000237 seconds
2023-04-26T12:13:20.050+0530: 7.510: Total time for which application threads were stopped: 0.0000804 seconds, Stopping threads took: 0.0000209 seconds
2023-04-26T12:13:20.051+0530: 7.512: Total time for which application threads were stopped: 0.0001107 seconds, Stopping threads took: 0.0000408 seconds
2023-04-26T12:13:20.052+0530: 7.512: Total time for which application threads were stopped: 0.0000723 seconds, Stopping threads took: 0.0000277 seconds
2023-04-26T12:13:20.052+0530: 7.512: Total time for which application threads were stopped: 0.0000518 seconds, Stopping threads took: 0.0000128 seconds
2023-04-26T12:13:20.056+0530: 7.516: Total time for which application threads were stopped: 0.0000956 seconds, Stopping threads took: 0.0000274 seconds
2023-04-26T12:13:20.056+0530: 7.517: Total time for which application threads were stopped: 0.0000761 seconds, Stopping threads took: 0.0000167 seconds
2023-04-26T12:13:20.057+0530: 7.517: Total time for which application threads were stopped: 0.0000569 seconds, Stopping threads took: 0.0000159 seconds
2023-04-26T12:13:20.057+0530: 7.517: Total time for which application threads were stopped: 0.0000441 seconds, Stopping threads took: 0.0000119 seconds
2023-04-26T12:13:20.057+0530: 7.518: Total time for which application threads were stopped: 0.0000572 seconds, Stopping threads took: 0.0000153 seconds
2023-04-26T12:13:20.058+0530: 7.518: Total time for which application threads were stopped: 0.0000763 seconds, Stopping threads took: 0.0000217 seconds
2023-04-26T12:13:20.059+0530: 7.519: Total time for which application threads were stopped: 0.0000956 seconds, Stopping threads took: 0.0000411 seconds
2023-04-26T12:13:20.078+0530: 7.539: Total time for which application threads were stopped: 0.0001545 seconds, Stopping threads took: 0.0000283 seconds
2023-04-26T12:13:20.079+0530: 7.539: Total time for which application threads were stopped: 0.0001325 seconds, Stopping threads took: 0.0000811 seconds
2023-04-26T12:13:20.080+0530: 7.540: Total time for which application threads were stopped: 0.0000683 seconds, Stopping threads took: 0.0000180 seconds
2023-04-26T12:13:20.123+0530: 7.583: Total time for which application threads were stopped: 0.0000914 seconds, Stopping threads took: 0.0000227 seconds
2023-04-26T12:13:20.164+0530: 7.624: Total time for which application threads were stopped: 0.0001395 seconds, Stopping threads took: 0.0000841 seconds
2023-04-26T12:13:20.164+0530: 7.624: Total time for which application threads were stopped: 0.0000558 seconds, Stopping threads took: 0.0000301 seconds
2023-04-26T12:13:20.164+0530: 7.624: Total time for which application threads were stopped: 0.0000375 seconds, Stopping threads took: 0.0000124 seconds
2023-04-26T12:13:20.164+0530: 7.624: Total time for which application threads were stopped: 0.0000303 seconds, Stopping threads took: 0.0000100 seconds
2023-04-26T12:13:20.779+0530: 8.239: Total time for which application threads were stopped: 0.0000788 seconds, Stopping threads took: 0.0000221 seconds
2023-04-26T12:13:20.779+0530: 8.239: Total time for which application threads were stopped: 0.0001543 seconds, Stopping threads took: 0.0001040 seconds
2023-04-26T12:13:20.779+0530: 8.240: Total time for which application threads were stopped: 0.0000388 seconds, Stopping threads took: 0.0000104 seconds
2023-04-26T12:13:20.780+0530: 8.240: Total time for which application threads were stopped: 0.0000766 seconds, Stopping threads took: 0.0000342 seconds
2023-04-26T12:13:20.780+0530: 8.240: Total time for which application threads were stopped: 0.0000581 seconds, Stopping threads took: 0.0000177 seconds
2023-04-26T12:13:20.780+0530: 8.240: Total time for which application threads were stopped: 0.0000650 seconds, Stopping threads took: 0.0000176 seconds
2023-04-26T12:13:20.780+0530: 8.240: Total time for which application threads were stopped: 0.0000550 seconds, Stopping threads took: 0.0000245 seconds
2023-04-26T12:13:20.780+0530: 8.241: Total time for which application threads were stopped: 0.0000645 seconds, Stopping threads took: 0.0000064 seconds
2023-04-26T12:13:20.781+0530: 8.241: Total time for which application threads were stopped: 0.0000804 seconds, Stopping threads took: 0.0000397 seconds
2023-04-26T12:13:20.781+0530: 8.241: Total time for which application threads were stopped: 0.0000387 seconds, Stopping threads took: 0.0000112 seconds
2023-04-26T12:13:20.781+0530: 8.241: Total time for which application threads were stopped: 0.0001726 seconds, Stopping threads took: 0.0000104 seconds
2023-04-26T12:13:20.781+0530: 8.242: Total time for which application threads were stopped: 0.0000735 seconds, Stopping threads took: 0.0000346 seconds
2023-04-26T12:13:20.781+0530: 8.242: Total time for which application threads were stopped: 0.0000911 seconds, Stopping threads took: 0.0000549 seconds
2023-04-26T12:13:20.782+0530: 8.242: Total time for which application threads were stopped: 0.0000531 seconds, Stopping threads took: 0.0000237 seconds
2023-04-26T12:13:20.782+0530: 8.242: Total time for which application threads were stopped: 0.0000467 seconds, Stopping threads took: 0.0000202 seconds
2023-04-26T12:13:20.782+0530: 8.242: Total time for which application threads were stopped: 0.0000331 seconds, Stopping threads took: 0.0000068 seconds
2023-04-26T12:13:20.782+0530: 8.242: Total time for which application threads were stopped: 0.0000310 seconds, Stopping threads took: 0.0000061 seconds
{Heap before GC invocations=19 (full 1):
 par new generation   total 109248K, used 104484K [0x00000000e0000000, 0x00000000e8000000, 0x00000000e8000000)
  eden space 87424K, 100% used [0x00000000e0000000, 0x00000000e5560000, 0x00000000e5560000)
  from space 21824K,  78% used [0x00000000e6ab0000, 0x00000000e7b59260, 0x00000000e8000000)
  to   space 21824K,   0% used [0x00000000e5560000, 0x00000000e5560000, 0x00000000e6ab0000)
 concurrent mark-sweep generation total 393216K, used 18989K [0x00000000e8000000, 0x0000000100000000, 0x0000000100000000)
 Metaspace       used 38915K, capacity 39486K, committed 39624K, reserved 1083392K
  class space    used 4613K, capacity 4799K, committed 4812K, reserved 1048576K
2023-04-26T12:13:20.782+0530: 8.242: [GC (Allocation Failure) 2023-04-26T12:13:20.782+0530: 8.242: [ParNew
Desired survivor size 20112992 bytes, new threshold 4 (max 8)
- age   1:   12609560 bytes,   12609560 total
- age   2:     197264 bytes,   12806824 total
- age   3:    2724440 bytes,   15531264 total
- age   4:    5935160 bytes,   21466424 total
- age   5:     115632 bytes,   21582056 total
- age   6:      75936 bytes,   21657992 total
- age   7:      91248 bytes,   21749240 total
- age   8:      59184 bytes,   21808424 total
: 104484K->21824K(109248K), 0.0120682 secs] 123474K->41326K(502464K), 0.0121616 secs] [Times: user=0.05 sys=0.01, real=0.02 secs] 
Heap after GC invocations=20 (full 1):
 par new generation   total 109248K, used 21824K [0x00000000e0000000, 0x00000000e8000000, 0x00000000e8000000)
  eden space 87424K,   0% used [0x00000000e0000000, 0x00000000e0000000, 0x00000000e5560000)
  from space 21824K, 100% used [0x00000000e5560000, 0x00000000e6ab0000, 0x00000000e6ab0000)
  to   space 21824K,   0% used [0x00000000e6ab0000, 0x00000000e6ab0000, 0x00000000e8000000)
 concurrent mark-sweep generation total 393216K, used 19502K [0x00000000e8000000, 0x0000000100000000, 0x0000000100000000)
 Metaspace       used 38915K, capacity 39486K, committed 39624K, reserved 1083392K
  class space    used 4613K, capacity 4799K, committed 4812K, reserved 1048576K
}
2023-04-26T12:13:20.794+0530: 8.255: Total time for which application threads were stopped: 0.0123003 seconds, Stopping threads took: 0.0000143 seconds
2023-04-26T12:13:20.794+0530: 8.255: [GC (CMS Initial Mark) [1 CMS-initial-mark: 19502K(393216K)] 41547K(502464K), 0.0032102 secs] [Times: user=0.01 sys=0.00, real=0.00 secs] 
2023-04-26T12:13:20.798+0530: 8.258: Total time for which application threads were stopped: 0.0033215 seconds, Stopping threads took: 0.0000244 seconds
2023-04-26T12:13:20.798+0530: 8.258: [CMS-concurrent-mark-start]
2023-04-26T12:13:20.798+0530: 8.258: Total time for which application threads were stopped: 0.0001324 seconds, Stopping threads took: 0.0000832 seconds
2023-04-26T12:13:20.798+0530: 8.258: Total time for which application threads were stopped: 0.0000626 seconds, Stopping threads took: 0.0000308 seconds
2023-04-26T12:13:20.798+0530: 8.259: Total time for which application threads were stopped: 0.0000584 seconds, Stopping threads took: 0.0000266 seconds
2023-04-26T12:13:20.798+0530: 8.259: Total time for which application threads were stopped: 0.0000545 seconds, Stopping threads took: 0.0000247 seconds
2023-04-26T12:13:20.799+0530: 8.259: Total time for which application threads were stopped: 0.0001258 seconds, Stopping threads took: 0.0000856 seconds
2023-04-26T12:13:20.799+0530: 8.259: Total time for which application threads were stopped: 0.0000628 seconds, Stopping threads took: 0.0000345 seconds
2023-04-26T12:13:20.799+0530: 8.259: Total time for which application threads were stopped: 0.0000598 seconds, Stopping threads took: 0.0000338 seconds
2023-04-26T12:13:20.808+0530: 8.268: Total time for which application threads were stopped: 0.0000755 seconds, Stopping threads took: 0.0000236 seconds
2023-04-26T12:13:20.808+0530: 8.269: Total time for which application threads were stopped: 0.0000604 seconds, Stopping threads took: 0.0000263 seconds
2023-04-26T12:13:20.808+0530: 8.269: Total time for which application threads were stopped: 0.0000466 seconds, Stopping threads took: 0.0000205 seconds
2023-04-26T12:13:20.808+0530: 8.269: Total time for which application threads were stopped: 0.0000360 seconds, Stopping threads took: 0.0000093 seconds
2023-04-26T12:13:20.809+0530: 8.269: Total time for which application threads were stopped: 0.0000925 seconds, Stopping threads took: 0.0000086 seconds
2023-04-26T12:13:20.811+0530: 8.271: Total time for which application threads were stopped: 0.0000711 seconds, Stopping threads took: 0.0000249 seconds
2023-04-26T12:13:20.811+0530: 8.272: Total time for which application threads were stopped: 0.0000388 seconds, Stopping threads took: 0.0000116 seconds
2023-04-26T12:13:20.812+0530: 8.272: Total time for which application threads were stopped: 0.0000557 seconds, Stopping threads took: 0.0000288 seconds
2023-04-26T12:13:20.815+0530: 8.276: [CMS-concurrent-mark: 0.015/0.018 secs] [Times: user=0.08 sys=0.00, real=0.02 secs] 
2023-04-26T12:13:20.815+0530: 8.276: [CMS-concurrent-preclean-start]
2023-04-26T12:13:20.816+0530: 8.277: [CMS-concurrent-preclean: 0.001/0.001 secs] [Times: user=0.01 sys=0.00, real=0.00 secs] 
2023-04-26T12:13:20.817+0530: 8.277: [GC (CMS Final Remark) [YG occupancy: 23813 K (109248 K)]{Heap before GC invocations=20 (full 2):
 par new generation   total 109248K, used 23813K [0x00000000e0000000, 0x00000000e8000000, 0x00000000e8000000)
  eden space 87424K,   2% used [0x00000000e0000000, 0x00000000e01f1600, 0x00000000e5560000)
  from space 21824K, 100% used [0x00000000e5560000, 0x00000000e6ab0000, 0x00000000e6ab0000)
  to   space 21824K,   0% used [0x00000000e6ab0000, 0x00000000e6ab0000, 0x00000000e8000000)
 concurrent mark-sweep generation total 393216K, used 19502K [0x00000000e8000000, 0x0000000100000000, 0x0000000100000000)
 Metaspace       used 38918K, capacity 39490K, committed 39624K, reserved 1083392K
  class space    used 4613K, capacity 4799K, committed 4812K, reserved 1048576K
2023-04-26T12:13:20.817+0530: 8.277: [GC (CMS Final Remark) 2023-04-26T12:13:20.817+0530: 8.277: [ParNew
Desired survivor size 20112992 bytes, new threshold 8 (max 8)
- age   1:     194248 bytes,     194248 total
- age   2:    8457360 bytes,    8651608 total
- age   3:     197072 bytes,    8848680 total
- age   4:    2723552 bytes,   11572232 total
: 23813K->20089K(109248K), 0.0127265 secs] 43316K->46968K(502464K), 0.0127768 secs] [Times: user=0.05 sys=0.00, real=0.01 secs] 
Heap after GC invocations=21 (full 2):
 par new generation   total 109248K, used 20089K [0x00000000e0000000, 0x00000000e8000000, 0x00000000e8000000)
  eden space 87424K,   0% used [0x00000000e0000000, 0x00000000e0000000, 0x00000000e5560000)
  from space 21824K,  92% used [0x00000000e6ab0000, 0x00000000e7e4e4e0, 0x00000000e8000000)
  to   space 21824K,   0% used [0x00000000e5560000, 0x00000000e5560000, 0x00000000e6ab0000)
 concurrent mark-sweep generation total 393216K, used 26879K [0x00000000e8000000, 0x0000000100000000, 0x0000000100000000)
 Metaspace       used 38918K, capacity 39490K, committed 39624K, reserved 1083392K
  class space    used 4613K, capacity 4799K, committed 4812K, reserved 1048576K
}
2023-04-26T12:13:20.829+0530: 8.290: [Rescan (parallel) , 0.0038483 secs]2023-04-26T12:13:20.833+0530: 8.294: [weak refs processing, 0.0003059 secs]2023-04-26T12:13:20.834+0530: 8.294: [class unloading, 0.0053992 secs]2023-04-26T12:13:20.839+0530: 8.299: [scrub symbol table, 0.0036308 secs]2023-04-26T12:13:20.843+0530: 8.303: [scrub string table, 0.0006143 secs][1 CMS-remark: 26879K(393216K)] 46968K(502464K), 0.0269764 secs] [Times: user=0.07 sys=0.01, real=0.02 secs] 
2023-04-26T12:13:20.844+0530: 8.304: Total time for which application threads were stopped: 0.0271077 seconds, Stopping threads took: 0.0000486 seconds
2023-04-26T12:13:20.844+0530: 8.304: [CMS-concurrent-sweep-start]
2023-04-26T12:13:20.852+0530: 8.312: [CMS-concurrent-sweep: 0.008/0.008 secs] [Times: user=0.04 sys=0.00, real=0.01 secs] 
2023-04-26T12:13:20.852+0530: 8.313: [CMS-concurrent-reset-start]
2023-04-26T12:13:20.852+0530: 8.313: [CMS-concurrent-reset: 0.000/0.000 secs] [Times: user=0.00 sys=0.00, real=0.00 secs] 
2023-04-26T12:13:20.911+0530: 8.371: Total time for which application threads were stopped: 0.0002420 seconds, Stopping threads took: 0.0000657 seconds
2023-04-26T12:13:20.911+0530: 8.372: Total time for which application threads were stopped: 0.0000488 seconds, Stopping threads took: 0.0000127 seconds
2023-04-26T12:13:20.911+0530: 8.372: Total time for which application threads were stopped: 0.0000370 seconds, Stopping threads took: 0.0000105 seconds
2023-04-26T12:13:20.912+0530: 8.372: Total time for which application threads were stopped: 0.0000930 seconds, Stopping threads took: 0.0000650 seconds
2023-04-26T12:13:21.503+0530: 8.964: Total time for which application threads were stopped: 0.0004828 seconds, Stopping threads took: 0.0001204 seconds
2023-04-26T12:13:21.505+0530: 8.965: Total time for which application threads were stopped: 0.0001471 seconds, Stopping threads took: 0.0000824 seconds
2023-04-26T12:13:21.505+0530: 8.965: Total time for which application threads were stopped: 0.0000542 seconds, Stopping threads took: 0.0000162 seconds
2023-04-26T12:13:21.505+0530: 8.966: Total time for which application threads were stopped: 0.0000425 seconds, Stopping threads took: 0.0000105 seconds
2023-04-26T12:13:21.506+0530: 8.966: Total time for which application threads were stopped: 0.0000558 seconds, Stopping threads took: 0.0000152 seconds
2023-04-26T12:13:21.506+0530: 8.966: Total time for which application threads were stopped: 0.0000448 seconds, Stopping threads took: 0.0000123 seconds
2023-04-26T12:13:21.506+0530: 8.966: Total time for which application threads were stopped: 0.0000568 seconds, Stopping threads took: 0.0000138 seconds
2023-04-26T12:13:21.507+0530: 8.967: Total time for which application threads were stopped: 0.0000427 seconds, Stopping threads took: 0.0000096 seconds
2023-04-26T12:13:21.507+0530: 8.967: Total time for which application threads were stopped: 0.0000355 seconds, Stopping threads took: 0.0000080 seconds
2023-04-26T12:13:21.507+0530: 8.967: Total time for which application threads were stopped: 0.0000428 seconds, Stopping threads took: 0.0000085 seconds
2023-04-26T12:13:21.507+0530: 8.967: Total time for which application threads were stopped: 0.0000443 seconds, Stopping threads took: 0.0000075 seconds
2023-04-26T12:13:21.507+0530: 8.967: Total time for which application threads were stopped: 0.0000307 seconds, Stopping threads took: 0.0000066 seconds
2023-04-26T12:13:21.507+0530: 8.968: Total time for which application threads were stopped: 0.0000484 seconds, Stopping threads took: 0.0000101 seconds
2023-04-26T12:13:21.508+0530: 8.968: Total time for which application threads were stopped: 0.0000344 seconds, Stopping threads took: 0.0000078 seconds
2023-04-26T12:13:21.508+0530: 8.968: Total time for which application threads were stopped: 0.0000334 seconds, Stopping threads took: 0.0000079 seconds
2023-04-26T12:13:21.508+0530: 8.968: Total time for which application threads were stopped: 0.0000385 seconds, Stopping threads took: 0.0000067 seconds
2023-04-26T12:13:21.508+0530: 8.968: Total time for which application threads were stopped: 0.0000445 seconds, Stopping threads took: 0.0000090 seconds
2023-04-26T12:13:21.508+0530: 8.968: Total time for which application threads were stopped: 0.0000493 seconds, Stopping threads took: 0.0000100 seconds
2023-04-26T12:13:21.508+0530: 8.969: Total time for which application threads were stopped: 0.0000477 seconds, Stopping threads took: 0.0000113 seconds
2023-04-26T12:13:21.508+0530: 8.969: Total time for which application threads were stopped: 0.0000337 seconds, Stopping threads took: 0.0000074 seconds
2023-04-26T12:13:21.510+0530: 8.970: Total time for which application threads were stopped: 0.0000763 seconds, Stopping threads took: 0.0000231 seconds
2023-04-26T12:13:21.510+0530: 8.971: Total time for which application threads were stopped: 0.0000795 seconds, Stopping threads took: 0.0000386 seconds
2023-04-26T12:13:21.511+0530: 8.971: Total time for which application threads were stopped: 0.0000619 seconds, Stopping threads took: 0.0000239 seconds
2023-04-26T12:13:21.512+0530: 8.972: Total time for which application threads were stopped: 0.0001595 seconds, Stopping threads took: 0.0000383 seconds
2023-04-26T12:13:21.578+0530: 9.038: Total time for which application threads were stopped: 0.0001081 seconds, Stopping threads took: 0.0000203 seconds
2023-04-26T12:13:21.578+0530: 9.038: Total time for which application threads were stopped: 0.0000398 seconds, Stopping threads took: 0.0000136 seconds
2023-04-26T12:13:21.578+0530: 9.038: Total time for which application threads were stopped: 0.0000464 seconds, Stopping threads took: 0.0000243 seconds
2023-04-26T12:13:21.578+0530: 9.039: Total time for which application threads were stopped: 0.0000257 seconds, Stopping threads took: 0.0000079 seconds
2023-04-26T12:13:21.578+0530: 9.039: Total time for which application threads were stopped: 0.0000439 seconds, Stopping threads took: 0.0000242 seconds
2023-04-26T12:13:21.663+0530: 9.123: Total time for which application threads were stopped: 0.0000840 seconds, Stopping threads took: 0.0000363 seconds
2023-04-26T12:13:21.666+0530: 9.127: Total time for which application threads were stopped: 0.0000966 seconds, Stopping threads took: 0.0000277 seconds
2023-04-26T12:13:21.667+0530: 9.127: Total time for which application threads were stopped: 0.0000688 seconds, Stopping threads took: 0.0000237 seconds
2023-04-26T12:13:21.667+0530: 9.127: Total time for which application threads were stopped: 0.0000836 seconds, Stopping threads took: 0.0000188 seconds
2023-04-26T12:13:21.742+0530: 9.202: Total time for which application threads were stopped: 0.0001664 seconds, Stopping threads took: 0.0001025 seconds
2023-04-26T12:13:21.742+0530: 9.202: Total time for which application threads were stopped: 0.0000392 seconds, Stopping threads took: 0.0000115 seconds
2023-04-26T12:13:21.742+0530: 9.202: Total time for which application threads were stopped: 0.0000556 seconds, Stopping threads took: 0.0000257 seconds
2023-04-26T12:13:21.742+0530: 9.203: Total time for which application threads were stopped: 0.0000370 seconds, Stopping threads took: 0.0000108 seconds
2023-04-26T12:13:21.742+0530: 9.203: Total time for which application threads were stopped: 0.0000275 seconds, Stopping threads took: 0.0000064 seconds
2023-04-26T12:13:21.743+0530: 9.203: Total time for which application threads were stopped: 0.0000283 seconds, Stopping threads took: 0.0000073 seconds
2023-04-26T12:13:21.743+0530: 9.203: Total time for which application threads were stopped: 0.0000762 seconds, Stopping threads took: 0.0000056 seconds
2023-04-26T12:13:21.839+0530: 9.299: Total time for which application threads were stopped: 0.0004277 seconds, Stopping threads took: 0.0002537 seconds
2023-04-26T12:13:21.851+0530: 9.312: Total time for which application threads were stopped: 0.0004427 seconds, Stopping threads took: 0.0002583 seconds
2023-04-26T12:13:21.853+0530: 9.313: Total time for which application threads were stopped: 0.0002669 seconds, Stopping threads took: 0.0001103 seconds
2023-04-26T12:13:21.979+0530: 9.440: Total time for which application threads were stopped: 0.0001678 seconds, Stopping threads took: 0.0000518 seconds
2023-04-26T12:13:21.980+0530: 9.440: Total time for which application threads were stopped: 0.0002073 seconds, Stopping threads took: 0.0001516 seconds
2023-04-26T12:13:21.980+0530: 9.440: Total time for which application threads were stopped: 0.0000918 seconds, Stopping threads took: 0.0000439 seconds
2023-04-26T12:13:21.980+0530: 9.441: Total time for which application threads were stopped: 0.0000640 seconds, Stopping threads took: 0.0000127 seconds
2023-04-26T12:13:21.981+0530: 9.441: Total time for which application threads were stopped: 0.0000683 seconds, Stopping threads took: 0.0000201 seconds
2023-04-26T12:13:22.009+0530: 9.469: Total time for which application threads were stopped: 0.0001373 seconds, Stopping threads took: 0.0000684 seconds
2023-04-26T12:13:22.014+0530: 9.475: Total time for which application threads were stopped: 0.0001415 seconds, Stopping threads took: 0.0000615 seconds
2023-04-26T12:13:22.015+0530: 9.475: Total time for which application threads were stopped: 0.0000938 seconds, Stopping threads took: 0.0000223 seconds
2023-04-26T12:13:22.015+0530: 9.475: Total time for which application threads were stopped: 0.0001027 seconds, Stopping threads took: 0.0000276 seconds
2023-04-26T12:13:22.093+0530: 9.554: Total time for which application threads were stopped: 0.0001460 seconds, Stopping threads took: 0.0000385 seconds
2023-04-26T12:13:22.094+0530: 9.554: Total time for which application threads were stopped: 0.0001089 seconds, Stopping threads took: 0.0000596 seconds
2023-04-26T12:13:22.094+0530: 9.554: Total time for which application threads were stopped: 0.0000676 seconds, Stopping threads took: 0.0000238 seconds
2023-04-26T12:13:22.094+0530: 9.555: Total time for which application threads were stopped: 0.0000626 seconds, Stopping threads took: 0.0000143 seconds
2023-04-26T12:13:22.094+0530: 9.555: Total time for which application threads were stopped: 0.0000527 seconds, Stopping threads took: 0.0000164 seconds
2023-04-26T12:13:22.094+0530: 9.555: Total time for which application threads were stopped: 0.0000628 seconds, Stopping threads took: 0.0000270 seconds
2023-04-26T12:13:22.095+0530: 9.555: Total time for which application threads were stopped: 0.0000567 seconds, Stopping threads took: 0.0000235 seconds
2023-04-26T12:13:22.675+0530: 10.135: Total time for which application threads were stopped: 0.0004825 seconds, Stopping threads took: 0.0003323 seconds
2023-04-26T12:13:22.688+0530: 10.148: Total time for which application threads were stopped: 0.0003112 seconds, Stopping threads took: 0.0001493 seconds
2023-04-26T12:13:22.688+0530: 10.149: Total time for which application threads were stopped: 0.0002423 seconds, Stopping threads took: 0.0000678 seconds
2023-04-26T12:13:22.689+0530: 10.149: Total time for which application threads were stopped: 0.0002601 seconds, Stopping threads took: 0.0000966 seconds
2023-04-26T12:13:22.760+0530: 10.220: Total time for which application threads were stopped: 0.0000908 seconds, Stopping threads took: 0.0000175 seconds
2023-04-26T12:13:22.760+0530: 10.220: Total time for which application threads were stopped: 0.0000271 seconds, Stopping threads took: 0.0000054 seconds
2023-04-26T12:13:22.760+0530: 10.220: Total time for which application threads were stopped: 0.0000360 seconds, Stopping threads took: 0.0000098 seconds
2023-04-26T12:13:22.760+0530: 10.221: Total time for which application threads were stopped: 0.0000413 seconds, Stopping threads took: 0.0000064 seconds
2023-04-26T12:13:22.760+0530: 10.221: Total time for which application threads were stopped: 0.0000208 seconds, Stopping threads took: 0.0000042 seconds
2023-04-26T12:13:22.760+0530: 10.221: Total time for which application threads were stopped: 0.0000192 seconds, Stopping threads took: 0.0000041 seconds
2023-04-26T12:13:22.761+0530: 10.221: Total time for which application threads were stopped: 0.0000187 seconds, Stopping threads took: 0.0000037 seconds
2023-04-26T12:13:22.872+0530: 10.332: Total time for which application threads were stopped: 0.0003093 seconds, Stopping threads took: 0.0001293 seconds
2023-04-26T12:13:22.881+0530: 10.341: Total time for which application threads were stopped: 0.0001815 seconds, Stopping threads took: 0.0000576 seconds
2023-04-26T12:13:22.882+0530: 10.342: Total time for which application threads were stopped: 0.0002060 seconds, Stopping threads took: 0.0000765 seconds
2023-04-26T12:13:22.882+0530: 10.343: Total time for which application threads were stopped: 0.0002205 seconds, Stopping threads took: 0.0000985 seconds
2023-04-26T12:13:22.950+0530: 10.411: Total time for which application threads were stopped: 0.0000674 seconds, Stopping threads took: 0.0000159 seconds
2023-04-26T12:13:22.950+0530: 10.411: Total time for which application threads were stopped: 0.0000280 seconds, Stopping threads took: 0.0000079 seconds
2023-04-26T12:13:22.951+0530: 10.411: Total time for which application threads were stopped: 0.0000344 seconds, Stopping threads took: 0.0000173 seconds
2023-04-26T12:13:22.951+0530: 10.411: Total time for which application threads were stopped: 0.0000454 seconds, Stopping threads took: 0.0000189 seconds
2023-04-26T12:13:22.951+0530: 10.411: Total time for which application threads were stopped: 0.0000327 seconds, Stopping threads took: 0.0000148 seconds
2023-04-26T12:13:22.951+0530: 10.411: Total time for which application threads were stopped: 0.0000312 seconds, Stopping threads took: 0.0000142 seconds
2023-04-26T12:13:22.951+0530: 10.411: Total time for which application threads were stopped: 0.0000299 seconds, Stopping threads took: 0.0000130 seconds
2023-04-26T12:13:23.516+0530: 10.976: Total time for which application threads were stopped: 0.0005089 seconds, Stopping threads took: 0.0003313 seconds
2023-04-26T12:13:23.527+0530: 10.987: Total time for which application threads were stopped: 0.0003496 seconds, Stopping threads took: 0.0001771 seconds
2023-04-26T12:13:23.528+0530: 10.988: Total time for which application threads were stopped: 0.0001657 seconds, Stopping threads took: 0.0000360 seconds
2023-04-26T12:13:23.529+0530: 10.989: Total time for which application threads were stopped: 0.0001740 seconds, Stopping threads took: 0.0000478 seconds
2023-04-26T12:13:23.590+0530: 11.050: Total time for which application threads were stopped: 0.0000790 seconds, Stopping threads took: 0.0000163 seconds
2023-04-26T12:13:23.590+0530: 11.050: Total time for which application threads were stopped: 0.0000296 seconds, Stopping threads took: 0.0000065 seconds
2023-04-26T12:13:23.590+0530: 11.050: Total time for which application threads were stopped: 0.0000425 seconds, Stopping threads took: 0.0000207 seconds
2023-04-26T12:13:23.590+0530: 11.050: Total time for which application threads were stopped: 0.0000340 seconds, Stopping threads took: 0.0000070 seconds
2023-04-26T12:13:23.590+0530: 11.050: Total time for which application threads were stopped: 0.0000789 seconds, Stopping threads took: 0.0000067 seconds
2023-04-26T12:13:24.110+0530: 11.570: Total time for which application threads were stopped: 0.0003255 seconds, Stopping threads took: 0.0001471 seconds
2023-04-26T12:13:24.123+0530: 11.583: Total time for which application threads were stopped: 0.0005212 seconds, Stopping threads took: 0.0003864 seconds
2023-04-26T12:13:24.124+0530: 11.584: Total time for which application threads were stopped: 0.0001381 seconds, Stopping threads took: 0.0000311 seconds
2023-04-26T12:13:24.174+0530: 11.635: Total time for which application threads were stopped: 0.0000893 seconds, Stopping threads took: 0.0000211 seconds
2023-04-26T12:13:24.174+0530: 11.635: Total time for which application threads were stopped: 0.0000620 seconds, Stopping threads took: 0.0000205 seconds
2023-04-26T12:13:24.175+0530: 11.635: Total time for which application threads were stopped: 0.0000541 seconds, Stopping threads took: 0.0000230 seconds
2023-04-26T12:13:24.402+0530: 11.863: Total time for which application threads were stopped: 0.0002360 seconds, Stopping threads took: 0.0000938 seconds
2023-04-26T12:13:24.414+0530: 11.875: Total time for which application threads were stopped: 0.0002884 seconds, Stopping threads took: 0.0000914 seconds
2023-04-26T12:13:24.416+0530: 11.876: Total time for which application threads were stopped: 0.0002200 seconds, Stopping threads took: 0.0000648 seconds
2023-04-26T12:13:24.475+0530: 11.935: Total time for which application threads were stopped: 0.0001159 seconds, Stopping threads took: 0.0000336 seconds
2023-04-26T12:13:24.475+0530: 11.935: Total time for which application threads were stopped: 0.0000398 seconds, Stopping threads took: 0.0000092 seconds
2023-04-26T12:13:24.475+0530: 11.935: Total time for which application threads were stopped: 0.0000482 seconds, Stopping threads took: 0.0000147 seconds
2023-04-26T12:13:24.647+0530: 12.107: Total time for which application threads were stopped: 0.0005257 seconds, Stopping threads took: 0.0002995 seconds
2023-04-26T12:13:24.659+0530: 12.119: Total time for which application threads were stopped: 0.0002623 seconds, Stopping threads took: 0.0001132 seconds
2023-04-26T12:13:24.661+0530: 12.121: Total time for which application threads were stopped: 0.0002536 seconds, Stopping threads took: 0.0000665 seconds
2023-04-26T12:13:24.717+0530: 12.178: Total time for which application threads were stopped: 0.0000928 seconds, Stopping threads took: 0.0000382 seconds
2023-04-26T12:13:24.717+0530: 12.178: Total time for which application threads were stopped: 0.0000658 seconds, Stopping threads took: 0.0000272 seconds
2023-04-26T12:13:24.718+0530: 12.178: Total time for which application threads were stopped: 0.0000664 seconds, Stopping threads took: 0.0000330 seconds
2023-04-26T12:13:24.885+0530: 12.345: Total time for which application threads were stopped: 0.0002649 seconds, Stopping threads took: 0.0001028 seconds
2023-04-26T12:13:24.897+0530: 12.358: Total time for which application threads were stopped: 0.0001860 seconds, Stopping threads took: 0.0000556 seconds
2023-04-26T12:13:24.899+0530: 12.359: Total time for which application threads were stopped: 0.0002415 seconds, Stopping threads took: 0.0000594 seconds
2023-04-26T12:13:24.967+0530: 12.427: Total time for which application threads were stopped: 0.0001581 seconds, Stopping threads took: 0.0001071 seconds
2023-04-26T12:13:24.967+0530: 12.427: Total time for which application threads were stopped: 0.0000262 seconds, Stopping threads took: 0.0000047 seconds
{Heap before GC invocations=21 (full 2):
 par new generation   total 109248K, used 107513K [0x00000000e0000000, 0x00000000e8000000, 0x00000000e8000000)
  eden space 87424K, 100% used [0x00000000e0000000, 0x00000000e5560000, 0x00000000e5560000)
  from space 21824K,  92% used [0x00000000e6ab0000, 0x00000000e7e4e4e0, 0x00000000e8000000)
  to   space 21824K,   0% used [0x00000000e5560000, 0x00000000e5560000, 0x00000000e6ab0000)
 concurrent mark-sweep generation total 393216K, used 26692K [0x00000000e8000000, 0x0000000100000000, 0x0000000100000000)
 Metaspace       used 39513K, capacity 40092K, committed 40392K, reserved 1085440K
  class space    used 4614K, capacity 4800K, committed 4812K, reserved 1048576K
2023-04-26T12:13:24.967+0530: 12.428: [GC (Allocation Failure) 2023-04-26T12:13:24.967+0530: 12.428: [ParNew
Desired survivor size 20112992 bytes, new threshold 8 (max 8)
- age   1:    2038448 bytes,    2038448 total
- age   2:      75264 bytes,    2113712 total
- age   3:    8172280 bytes,   10285992 total
- age   4:     196688 bytes,   10482680 total
- age   5:    2218912 bytes,   12701592 total
: 107513K->15862K(109248K), 0.0059714 secs] 134205K->42554K(502464K), 0.0060306 secs] [Times: user=0.03 sys=0.00, real=0.00 secs] 
Heap after GC invocations=22 (full 2):
 par new generation   total 109248K, used 15862K [0x00000000e0000000, 0x00000000e8000000, 0x00000000e8000000)
  eden space 87424K,   0% used [0x00000000e0000000, 0x00000000e0000000, 0x00000000e5560000)
  from space 21824K,  72% used [0x00000000e5560000, 0x00000000e64dd8d0, 0x00000000e6ab0000)
  to   space 21824K,   0% used [0x00000000e6ab0000, 0x00000000e6ab0000, 0x00000000e8000000)
 concurrent mark-sweep generation total 393216K, used 26692K [0x00000000e8000000, 0x0000000100000000, 0x0000000100000000)
 Metaspace       used 39513K, capacity 40092K, committed 40392K, reserved 1085440K
  class space    used 4614K, capacity 4800K, committed 4812K, reserved 1048576K
}
2023-04-26T12:13:24.973+0530: 12.434: Total time for which application threads were stopped: 0.0061327 seconds, Stopping threads took: 0.0000160 seconds
2023-04-26T12:13:25.100+0530: 12.560: Total time for which application threads were stopped: 0.0002820 seconds, Stopping threads took: 0.0001127 seconds
2023-04-26T12:13:25.113+0530: 12.574: Total time for which application threads were stopped: 0.0003062 seconds, Stopping threads took: 0.0000865 seconds
2023-04-26T12:13:25.116+0530: 12.576: Total time for which application threads were stopped: 0.0009018 seconds, Stopping threads took: 0.0005658 seconds
2023-04-26T12:13:25.230+0530: 12.690: Total time for which application threads were stopped: 0.0001092 seconds, Stopping threads took: 0.0000262 seconds
2023-04-26T12:13:25.230+0530: 12.690: Total time for which application threads were stopped: 0.0000610 seconds, Stopping threads took: 0.0000229 seconds
2023-04-26T12:13:25.230+0530: 12.690: Total time for which application threads were stopped: 0.0000580 seconds, Stopping threads took: 0.0000264 seconds
2023-04-26T12:13:25.321+0530: 12.782: Total time for which application threads were stopped: 0.0002370 seconds, Stopping threads took: 0.0001456 seconds
2023-04-26T12:13:25.330+0530: 12.790: Total time for which application threads were stopped: 0.0002250 seconds, Stopping threads took: 0.0000623 seconds
2023-04-26T12:13:25.331+0530: 12.791: Total time for which application threads were stopped: 0.0002541 seconds, Stopping threads took: 0.0000996 seconds
2023-04-26T12:13:25.467+0530: 12.927: Total time for which application threads were stopped: 0.0001334 seconds, Stopping threads took: 0.0000650 seconds
2023-04-26T12:13:25.467+0530: 12.927: Total time for which application threads were stopped: 0.0000438 seconds, Stopping threads took: 0.0000225 seconds
2023-04-26T12:13:25.467+0530: 12.928: Total time for which application threads were stopped: 0.0000345 seconds, Stopping threads took: 0.0000169 seconds
2023-04-26T12:13:25.662+0530: 13.123: Total time for which application threads were stopped: 0.0003822 seconds, Stopping threads took: 0.0002028 seconds
2023-04-26T12:13:25.677+0530: 13.138: Total time for which application threads were stopped: 0.0002829 seconds, Stopping threads took: 0.0000846 seconds
2023-04-26T12:13:25.679+0530: 13.139: Total time for which application threads were stopped: 0.0002597 seconds, Stopping threads took: 0.0000666 seconds
2023-04-26T12:13:25.801+0530: 13.261: Total time for which application threads were stopped: 0.0002013 seconds, Stopping threads took: 0.0001308 seconds
2023-04-26T12:13:25.801+0530: 13.261: Total time for which application threads were stopped: 0.0001150 seconds, Stopping threads took: 0.0000666 seconds
2023-04-26T12:13:25.801+0530: 13.261: Total time for which application threads were stopped: 0.0000537 seconds, Stopping threads took: 0.0000190 seconds
2023-04-26T12:13:26.802+0530: 14.262: Total time for which application threads were stopped: 0.0002549 seconds, Stopping threads took: 0.0000561 seconds
2023-04-26T12:13:27.281+0530: 14.741: Total time for which application threads were stopped: 0.0005326 seconds, Stopping threads took: 0.0003424 seconds
2023-04-26T12:13:27.295+0530: 14.756: Total time for which application threads were stopped: 0.0002681 seconds, Stopping threads took: 0.0000769 seconds
2023-04-26T12:13:27.296+0530: 14.757: Total time for which application threads were stopped: 0.0003552 seconds, Stopping threads took: 0.0000516 seconds
2023-04-26T12:13:27.353+0530: 14.813: Total time for which application threads were stopped: 0.0000874 seconds, Stopping threads took: 0.0000253 seconds
2023-04-26T12:13:27.353+0530: 14.813: Total time for which application threads were stopped: 0.0000640 seconds, Stopping threads took: 0.0000349 seconds
2023-04-26T12:13:27.353+0530: 14.813: Total time for which application threads were stopped: 0.0000608 seconds, Stopping threads took: 0.0000254 seconds
2023-04-26T12:13:27.507+0530: 14.968: Total time for which application threads were stopped: 0.0004491 seconds, Stopping threads took: 0.0000986 seconds
2023-04-26T12:13:27.516+0530: 14.976: Total time for which application threads were stopped: 0.0001317 seconds, Stopping threads took: 0.0000305 seconds
2023-04-26T12:13:27.517+0530: 14.977: Total time for which application threads were stopped: 0.0001234 seconds, Stopping threads took: 0.0000247 seconds
2023-04-26T12:13:27.568+0530: 15.028: Total time for which application threads were stopped: 0.0000975 seconds, Stopping threads took: 0.0000282 seconds
2023-04-26T12:13:27.568+0530: 15.028: Total time for which application threads were stopped: 0.0000308 seconds, Stopping threads took: 0.0000065 seconds
2023-04-26T12:13:27.568+0530: 15.028: Total time for which application threads were stopped: 0.0000389 seconds, Stopping threads took: 0.0000133 seconds
2023-04-26T12:13:27.785+0530: 15.245: Total time for which application threads were stopped: 0.0005554 seconds, Stopping threads took: 0.0003346 seconds
2023-04-26T12:13:27.799+0530: 15.259: Total time for which application threads were stopped: 0.0004019 seconds, Stopping threads took: 0.0002150 seconds
2023-04-26T12:13:27.801+0530: 15.261: Total time for which application threads were stopped: 0.0008639 seconds, Stopping threads took: 0.0000617 seconds
2023-04-26T12:13:27.837+0530: 15.297: Total time for which application threads were stopped: 0.0001483 seconds, Stopping threads took: 0.0000331 seconds
2023-04-26T12:13:27.856+0530: 15.316: Total time for which application threads were stopped: 0.0000915 seconds, Stopping threads took: 0.0000383 seconds
2023-04-26T12:13:27.856+0530: 15.316: Total time for which application threads were stopped: 0.0000666 seconds, Stopping threads took: 0.0000243 seconds
2023-04-26T12:13:27.856+0530: 15.317: Total time for which application threads were stopped: 0.0000485 seconds, Stopping threads took: 0.0000204 seconds
2023-04-26T12:13:28.432+0530: 15.893: Total time for which application threads were stopped: 0.0004282 seconds, Stopping threads took: 0.0002320 seconds
2023-04-26T12:13:28.444+0530: 15.904: Total time for which application threads were stopped: 0.0006485 seconds, Stopping threads took: 0.0001595 seconds
2023-04-26T12:13:28.445+0530: 15.905: Total time for which application threads were stopped: 0.0001902 seconds, Stopping threads took: 0.0000422 seconds
2023-04-26T12:13:28.564+0530: 16.024: Total time for which application threads were stopped: 0.0001690 seconds, Stopping threads took: 0.0000543 seconds
2023-04-26T12:13:28.564+0530: 16.025: Total time for which application threads were stopped: 0.0001838 seconds, Stopping threads took: 0.0000982 seconds
2023-04-26T12:13:28.565+0530: 16.025: Total time for which application threads were stopped: 0.0001810 seconds, Stopping threads took: 0.0001183 seconds
2023-04-26T12:13:30.565+0530: 18.026: Total time for which application threads were stopped: 0.0002265 seconds, Stopping threads took: 0.0000578 seconds
2023-04-26T12:13:34.566+0530: 22.027: Total time for which application threads were stopped: 0.0002207 seconds, Stopping threads took: 0.0000829 seconds
2023-04-26T12:13:44.501+0530: 31.961: Total time for which application threads were stopped: 0.0004908 seconds, Stopping threads took: 0.0002900 seconds
2023-04-26T12:13:45.501+0530: 32.961: Total time for which application threads were stopped: 0.0002309 seconds, Stopping threads took: 0.0000508 seconds
2023-04-26T12:13:50.459+0530: 37.919: Total time for which application threads were stopped: 0.0002347 seconds, Stopping threads took: 0.0001032 seconds
2023-04-26T12:13:50.562+0530: 38.023: Total time for which application threads were stopped: 0.0005364 seconds, Stopping threads took: 0.0000140 seconds
2023-04-26T12:13:50.563+0530: 38.023: Total time for which application threads were stopped: 0.0004969 seconds, Stopping threads took: 0.0000094 seconds
2023-04-26T12:13:50.564+0530: 38.024: Total time for which application threads were stopped: 0.0000647 seconds, Stopping threads took: 0.0000139 seconds
2023-04-26T12:13:50.564+0530: 38.024: Total time for which application threads were stopped: 0.0000463 seconds, Stopping threads took: 0.0000084 seconds
2023-04-26T12:13:50.565+0530: 38.025: Total time for which application threads were stopped: 0.0000485 seconds, Stopping threads took: 0.0000118 seconds
2023-04-26T12:13:50.565+0530: 38.026: Total time for which application threads were stopped: 0.0000628 seconds, Stopping threads took: 0.0000180 seconds
2023-04-26T12:13:50.565+0530: 38.026: Total time for which application threads were stopped: 0.0000473 seconds, Stopping threads took: 0.0000079 seconds
2023-04-26T12:13:51.566+0530: 39.026: Total time for which application threads were stopped: 0.0002289 seconds, Stopping threads took: 0.0000557 seconds
2023-04-26T12:13:55.143+0530: 42.603: Total time for which application threads were stopped: 0.0002533 seconds, Stopping threads took: 0.0000965 seconds
2023-04-26T12:13:55.144+0530: 42.605: Total time for which application threads were stopped: 0.0002451 seconds, Stopping threads took: 0.0000538 seconds
2023-04-26T12:14:10.147+0530: 57.607: Total time for which application threads were stopped: 0.0002555 seconds, Stopping threads took: 0.0001005 seconds
2023-04-26T12:14:16.039+0530: 63.499: Total time for which application threads were stopped: 0.0000818 seconds, Stopping threads took: 0.0000156 seconds
2023-04-26T12:14:16.041+0530: 63.501: Total time for which application threads were stopped: 0.0000907 seconds, Stopping threads took: 0.0000436 seconds
2023-04-26T12:14:16.046+0530: 63.506: Total time for which application threads were stopped: 0.0001049 seconds, Stopping threads took: 0.0000311 seconds
2023-04-26T12:14:16.049+0530: 63.510: Total time for which application threads were stopped: 0.0000832 seconds, Stopping threads took: 0.0000178 seconds
2023-04-26T12:14:16.053+0530: 63.513: Total time for which application threads were stopped: 0.0000680 seconds, Stopping threads took: 0.0000151 seconds
2023-04-26T12:14:16.055+0530: 63.515: Total time for which application threads were stopped: 0.0000783 seconds, Stopping threads took: 0.0000319 seconds
2023-04-26T12:14:16.057+0530: 63.518: Total time for which application threads were stopped: 0.0000773 seconds, Stopping threads took: 0.0000132 seconds
2023-04-26T12:14:16.060+0530: 63.520: Total time for which application threads were stopped: 0.0000778 seconds, Stopping threads took: 0.0000300 seconds
2023-04-26T12:14:16.061+0530: 63.521: Total time for which application threads were stopped: 0.0000617 seconds, Stopping threads took: 0.0000261 seconds
2023-04-26T12:14:16.062+0530: 63.522: Total time for which application threads were stopped: 0.0000407 seconds, Stopping threads took: 0.0000109 seconds
2023-04-26T12:14:16.062+0530: 63.522: Total time for which application threads were stopped: 0.0000242 seconds, Stopping threads took: 0.0000066 seconds
2023-04-26T12:14:16.062+0530: 63.522: Total time for which application threads were stopped: 0.0000805 seconds, Stopping threads took: 0.0000200 seconds
2023-04-26T12:14:16.062+0530: 63.522: Total time for which application threads were stopped: 0.0000318 seconds, Stopping threads took: 0.0000149 seconds
2023-04-26T12:14:16.062+0530: 63.522: Total time for which application threads were stopped: 0.0000258 seconds, Stopping threads took: 0.0000057 seconds
2023-04-26T12:14:16.062+0530: 63.522: Total time for which application threads were stopped: 0.0000580 seconds, Stopping threads took: 0.0000057 seconds
2023-04-26T12:14:16.062+0530: 63.522: Total time for which application threads were stopped: 0.0000537 seconds, Stopping threads took: 0.0000063 seconds
2023-04-26T12:14:16.062+0530: 63.522: Total time for which application threads were stopped: 0.0000212 seconds, Stopping threads took: 0.0000059 seconds
2023-04-26T12:14:16.063+0530: 63.523: Total time for which application threads were stopped: 0.0000341 seconds, Stopping threads took: 0.0000077 seconds
2023-04-26T12:14:16.063+0530: 63.523: Total time for which application threads were stopped: 0.0000336 seconds, Stopping threads took: 0.0000071 seconds
Heap
 par new generation   total 109248K, used 81479K [0x00000000e0000000, 0x00000000e8000000, 0x00000000e8000000)
  eden space 87424K,  75% used [0x00000000e0000000, 0x00000000e4014390, 0x00000000e5560000)
  from space 21824K,  72% used [0x00000000e5560000, 0x00000000e64dd8d0, 0x00000000e6ab0000)
  to   space 21824K,   0% used [0x00000000e6ab0000, 0x00000000e6ab0000, 0x00000000e8000000)
 concurrent mark-sweep generation total 393216K, used 26692K [0x00000000e8000000, 0x0000000100000000, 0x0000000100000000)
 Metaspace       used 40475K, capacity 41204K, committed 41288K, reserved 1085440K
  class space    used 4698K, capacity 4894K, committed 4940K, reserved 1048576K
