OpenJDK 64-Bit Server VM (25.362-b09) for linux-amd64 JRE (1.8.0_362-8u362-ga-0ubuntu1~22.04-b09), built on Jan 24 2023 19:02:58 by "buildd" with gcc 11.3.0
Memory: 4k page, physical 32636936k(22532808k free), swap 2097148k(2097148k free)
CommandLine flags: -XX:CMSInitiatingOccupancyFraction=50 -XX:CMSMaxAbortablePrecleanTime=6000 -XX:+CMSParallelRemarkEnabled -XX:+CMSScavengeBeforeRemark -XX:ConcGCThreads=4 -XX:InitialHeapSize=536870912 -XX:MaxHeapSize=536870912 -XX:MaxTenuringThreshold=8 -XX:NewRatio=3 -XX:OldPLABSize=16 -XX:ParallelGCThreads=4 -XX:+ParallelRefProcEnabled -XX:PretenureSizeThreshold=67108864 -XX:+PrintGC -XX:+PrintGCApplicationStoppedTime -XX:+PrintGCDateStamps -XX:+PrintGCDetails -XX:+PrintGCTimeStamps -XX:+PrintHeapAtGC -XX:+PrintTenuringDistribution -XX:SurvivorRatio=4 -XX:TargetSurvivorRatio=90 -XX:ThreadStackSize=256 -XX:+UseCMSInitiatingOccupancyOnly -XX:+UseCompressedClassPointers -XX:+UseCompressedOops -XX:+UseConcMarkSweepGC -XX:+UseParNewGC 
2023-04-25T18:53:24.064+0530: 0.074: Total time for which application threads were stopped: 0.0000729 seconds, Stopping threads took: 0.0000109 seconds
2023-04-25T18:53:24.175+0530: 0.186: Total time for which application threads were stopped: 0.0001527 seconds, Stopping threads took: 0.0000225 seconds
2023-04-25T18:53:24.234+0530: 0.244: Total time for which application threads were stopped: 0.0001427 seconds, Stopping threads took: 0.0000143 seconds
2023-04-25T18:53:24.296+0530: 0.306: Total time for which application threads were stopped: 0.0001148 seconds, Stopping threads took: 0.0000107 seconds
2023-04-25T18:53:24.324+0530: 0.334: Total time for which application threads were stopped: 0.0001710 seconds, Stopping threads took: 0.0000139 seconds
2023-04-25T18:53:24.334+0530: 0.344: Total time for which application threads were stopped: 0.0001807 seconds, Stopping threads took: 0.0000180 seconds
2023-04-25T18:53:24.340+0530: 0.350: Total time for which application threads were stopped: 0.0001609 seconds, Stopping threads took: 0.0000303 seconds
{Heap before GC invocations=0 (full 0):
 par new generation   total 109248K, used 87424K [0x00000000e0000000, 0x00000000e8000000, 0x00000000e8000000)
  eden space 87424K, 100% used [0x00000000e0000000, 0x00000000e5560000, 0x00000000e5560000)
  from space 21824K,   0% used [0x00000000e5560000, 0x00000000e5560000, 0x00000000e6ab0000)
  to   space 21824K,   0% used [0x00000000e6ab0000, 0x00000000e6ab0000, 0x00000000e8000000)
 concurrent mark-sweep generation total 393216K, used 0K [0x00000000e8000000, 0x0000000100000000, 0x0000000100000000)
 Metaspace       used 10234K, capacity 10392K, committed 10496K, reserved 1058816K
  class space    used 1165K, capacity 1208K, committed 1280K, reserved 1048576K
2023-04-25T18:53:24.477+0530: 0.488: [GC (Allocation Failure) 2023-04-25T18:53:24.477+0530: 0.488: [ParNew
Desired survivor size 20112992 bytes, new threshold 8 (max 8)
- age   1:    5972544 bytes,    5972544 total
: 87424K->5901K(109248K), 0.0048794 secs] 87424K->5901K(502464K), 0.0050113 secs] [Times: user=0.02 sys=0.00, real=0.01 secs] 
Heap after GC invocations=1 (full 0):
 par new generation   total 109248K, used 5901K [0x00000000e0000000, 0x00000000e8000000, 0x00000000e8000000)
  eden space 87424K,   0% used [0x00000000e0000000, 0x00000000e0000000, 0x00000000e5560000)
  from space 21824K,  27% used [0x00000000e6ab0000, 0x00000000e7073758, 0x00000000e8000000)
  to   space 21824K,   0% used [0x00000000e5560000, 0x00000000e5560000, 0x00000000e6ab0000)
 concurrent mark-sweep generation total 393216K, used 0K [0x00000000e8000000, 0x0000000100000000, 0x0000000100000000)
 Metaspace       used 10234K, capacity 10392K, committed 10496K, reserved 1058816K
  class space    used 1165K, capacity 1208K, committed 1280K, reserved 1048576K
}
2023-04-25T18:53:24.482+0530: 0.493: Total time for which application threads were stopped: 0.0051608 seconds, Stopping threads took: 0.0000162 seconds
2023-04-25T18:53:24.530+0530: 0.540: Total time for which application threads were stopped: 0.0002594 seconds, Stopping threads took: 0.0000159 seconds
2023-04-25T18:53:24.561+0530: 0.571: Total time for which application threads were stopped: 0.0001524 seconds, Stopping threads took: 0.0000111 seconds
2023-04-25T18:53:24.649+0530: 0.659: Total time for which application threads were stopped: 0.0002529 seconds, Stopping threads took: 0.0000193 seconds
2023-04-25T18:53:24.674+0530: 0.684: Total time for which application threads were stopped: 0.0002331 seconds, Stopping threads took: 0.0000192 seconds
2023-04-25T18:53:24.710+0530: 0.720: Total time for which application threads were stopped: 0.0002160 seconds, Stopping threads took: 0.0000179 seconds
2023-04-25T18:53:24.711+0530: 0.721: Total time for which application threads were stopped: 0.0001705 seconds, Stopping threads took: 0.0000142 seconds
2023-04-25T18:53:24.765+0530: 0.775: Total time for which application threads were stopped: 0.0002011 seconds, Stopping threads took: 0.0000168 seconds
2023-04-25T18:53:24.825+0530: 0.835: Total time for which application threads were stopped: 0.0002774 seconds, Stopping threads took: 0.0000514 seconds
{Heap before GC invocations=1 (full 0):
 par new generation   total 109248K, used 93325K [0x00000000e0000000, 0x00000000e8000000, 0x00000000e8000000)
  eden space 87424K, 100% used [0x00000000e0000000, 0x00000000e5560000, 0x00000000e5560000)
  from space 21824K,  27% used [0x00000000e6ab0000, 0x00000000e7073758, 0x00000000e8000000)
  to   space 21824K,   0% used [0x00000000e5560000, 0x00000000e5560000, 0x00000000e6ab0000)
 concurrent mark-sweep generation total 393216K, used 0K [0x00000000e8000000, 0x0000000100000000, 0x0000000100000000)
 Metaspace       used 19627K, capacity 20020K, committed 20352K, reserved 1067008K
  class space    used 2243K, capacity 2392K, committed 2432K, reserved 1048576K
2023-04-25T18:53:24.967+0530: 0.977: [GC (Allocation Failure) 2023-04-25T18:53:24.967+0530: 0.977: [ParNew
Desired survivor size 20112992 bytes, new threshold 8 (max 8)
- age   1:   10128968 bytes,   10128968 total
- age   2:    2583192 bytes,   12712160 total
: 93325K->13869K(109248K), 0.0075460 secs] 93325K->13869K(502464K), 0.0076189 secs] [Times: user=0.02 sys=0.00, real=0.01 secs] 
Heap after GC invocations=2 (full 0):
 par new generation   total 109248K, used 13869K [0x00000000e0000000, 0x00000000e8000000, 0x00000000e8000000)
  eden space 87424K,   0% used [0x00000000e0000000, 0x00000000e0000000, 0x00000000e5560000)
  from space 21824K,  63% used [0x00000000e5560000, 0x00000000e62eb5a0, 0x00000000e6ab0000)
  to   space 21824K,   0% used [0x00000000e6ab0000, 0x00000000e6ab0000, 0x00000000e8000000)
 concurrent mark-sweep generation total 393216K, used 0K [0x00000000e8000000, 0x0000000100000000, 0x0000000100000000)
 Metaspace       used 19627K, capacity 20020K, committed 20352K, reserved 1067008K
  class space    used 2243K, capacity 2392K, committed 2432K, reserved 1048576K
}
2023-04-25T18:53:24.974+0530: 0.985: Total time for which application threads were stopped: 0.0077879 seconds, Stopping threads took: 0.0000114 seconds
2023-04-25T18:53:25.087+0530: 1.097: Total time for which application threads were stopped: 0.0003046 seconds, Stopping threads took: 0.0000150 seconds
2023-04-25T18:53:25.121+0530: 1.131: Total time for which application threads were stopped: 0.0021748 seconds, Stopping threads took: 0.0018296 seconds
{Heap before GC invocations=2 (full 0):
 par new generation   total 109248K, used 101293K [0x00000000e0000000, 0x00000000e8000000, 0x00000000e8000000)
  eden space 87424K, 100% used [0x00000000e0000000, 0x00000000e5560000, 0x00000000e5560000)
  from space 21824K,  63% used [0x00000000e5560000, 0x00000000e62eb5a0, 0x00000000e6ab0000)
  to   space 21824K,   0% used [0x00000000e6ab0000, 0x00000000e6ab0000, 0x00000000e8000000)
 concurrent mark-sweep generation total 393216K, used 0K [0x00000000e8000000, 0x0000000100000000, 0x0000000100000000)
 Metaspace       used 20688K, capacity 21044K, committed 21248K, reserved 1069056K
  class space    used 2395K, capacity 2520K, committed 2560K, reserved 1048576K
2023-04-25T18:53:25.134+0530: 1.144: [GC (Allocation Failure) 2023-04-25T18:53:25.134+0530: 1.144: [ParNew
Desired survivor size 20112992 bytes, new threshold 8 (max 8)
- age   1:    1718128 bytes,    1718128 total
- age   2:    4911024 bytes,    6629152 total
- age   3:    2552800 bytes,    9181952 total
: 101293K->15451K(109248K), 0.0110535 secs] 101293K->15451K(502464K), 0.0111502 secs] [Times: user=0.05 sys=0.00, real=0.01 secs] 
Heap after GC invocations=3 (full 0):
 par new generation   total 109248K, used 15451K [0x00000000e0000000, 0x00000000e8000000, 0x00000000e8000000)
  eden space 87424K,   0% used [0x00000000e0000000, 0x00000000e0000000, 0x00000000e5560000)
  from space 21824K,  70% used [0x00000000e6ab0000, 0x00000000e79c6fe0, 0x00000000e8000000)
  to   space 21824K,   0% used [0x00000000e5560000, 0x00000000e5560000, 0x00000000e6ab0000)
 concurrent mark-sweep generation total 393216K, used 0K [0x00000000e8000000, 0x0000000100000000, 0x0000000100000000)
 Metaspace       used 20688K, capacity 21044K, committed 21248K, reserved 1069056K
  class space    used 2395K, capacity 2520K, committed 2560K, reserved 1048576K
}
2023-04-25T18:53:25.145+0530: 1.155: Total time for which application threads were stopped: 0.0113404 seconds, Stopping threads took: 0.0000497 seconds
2023-04-25T18:53:25.160+0530: 1.171: Total time for which application threads were stopped: 0.0004756 seconds, Stopping threads took: 0.0001214 seconds
2023-04-25T18:53:25.164+0530: 1.174: Total time for which application threads were stopped: 0.0000950 seconds, Stopping threads took: 0.0000186 seconds
2023-04-25T18:53:25.245+0530: 1.255: Total time for which application threads were stopped: 0.0001775 seconds, Stopping threads took: 0.0000410 seconds
{Heap before GC invocations=3 (full 0):
 par new generation   total 109248K, used 102875K [0x00000000e0000000, 0x00000000e8000000, 0x00000000e8000000)
  eden space 87424K, 100% used [0x00000000e0000000, 0x00000000e5560000, 0x00000000e5560000)
  from space 21824K,  70% used [0x00000000e6ab0000, 0x00000000e79c6fe0, 0x00000000e8000000)
  to   space 21824K,   0% used [0x00000000e5560000, 0x00000000e5560000, 0x00000000e6ab0000)
 concurrent mark-sweep generation total 393216K, used 0K [0x00000000e8000000, 0x0000000100000000, 0x0000000100000000)
 Metaspace       used 21377K, capacity 21722K, committed 21960K, reserved 1069056K
  class space    used 2482K, capacity 2617K, committed 2684K, reserved 1048576K
2023-04-25T18:53:25.277+0530: 1.287: [GC (Allocation Failure) 2023-04-25T18:53:25.277+0530: 1.287: [ParNew
Desired survivor size 20112992 bytes, new threshold 8 (max 8)
- age   1:    2484120 bytes,    2484120 total
- age   2:     321480 bytes,    2805600 total
- age   3:    4903672 bytes,    7709272 total
- age   4:    2552464 bytes,   10261736 total
: 102875K->12042K(109248K), 0.0073641 secs] 102875K->12042K(502464K), 0.0074577 secs] [Times: user=0.04 sys=0.00, real=0.01 secs] 
Heap after GC invocations=4 (full 0):
 par new generation   total 109248K, used 12042K [0x00000000e0000000, 0x00000000e8000000, 0x00000000e8000000)
  eden space 87424K,   0% used [0x00000000e0000000, 0x00000000e0000000, 0x00000000e5560000)
  from space 21824K,  55% used [0x00000000e5560000, 0x00000000e6122a50, 0x00000000e6ab0000)
  to   space 21824K,   0% used [0x00000000e6ab0000, 0x00000000e6ab0000, 0x00000000e8000000)
 concurrent mark-sweep generation total 393216K, used 0K [0x00000000e8000000, 0x0000000100000000, 0x0000000100000000)
 Metaspace       used 21377K, capacity 21722K, committed 21960K, reserved 1069056K
  class space    used 2482K, capacity 2617K, committed 2684K, reserved 1048576K
}
2023-04-25T18:53:25.285+0530: 1.295: Total time for which application threads were stopped: 0.0077270 seconds, Stopping threads took: 0.0001258 seconds
2023-04-25T18:53:25.285+0530: 1.295: [GC (CMS Initial Mark) [1 CMS-initial-mark: 0K(393216K)] 12499K(502464K), 0.0031357 secs] [Times: user=0.02 sys=0.00, real=0.00 secs] 
2023-04-25T18:53:25.288+0530: 1.298: Total time for which application threads were stopped: 0.0033423 seconds, Stopping threads took: 0.0000926 seconds
2023-04-25T18:53:25.288+0530: 1.298: [CMS-concurrent-mark-start]
2023-04-25T18:53:25.289+0530: 1.299: [CMS-concurrent-mark: 0.001/0.001 secs] [Times: user=0.01 sys=0.00, real=0.00 secs] 
2023-04-25T18:53:25.289+0530: 1.299: [CMS-concurrent-preclean-start]
2023-04-25T18:53:25.290+0530: 1.301: [CMS-concurrent-preclean: 0.002/0.002 secs] [Times: user=0.01 sys=0.00, real=0.00 secs] 
2023-04-25T18:53:25.291+0530: 1.301: [CMS-concurrent-abortable-preclean-start]
2023-04-25T18:53:25.299+0530: 1.309: Total time for which application threads were stopped: 0.0001046 seconds, Stopping threads took: 0.0000390 seconds
2023-04-25T18:53:25.315+0530: 1.326: Total time for which application threads were stopped: 0.0001171 seconds, Stopping threads took: 0.0000221 seconds
{Heap before GC invocations=4 (full 1):
 par new generation   total 109248K, used 99466K [0x00000000e0000000, 0x00000000e8000000, 0x00000000e8000000)
  eden space 87424K, 100% used [0x00000000e0000000, 0x00000000e5560000, 0x00000000e5560000)
  from space 21824K,  55% used [0x00000000e5560000, 0x00000000e6122a50, 0x00000000e6ab0000)
  to   space 21824K,   0% used [0x00000000e6ab0000, 0x00000000e6ab0000, 0x00000000e8000000)
 concurrent mark-sweep generation total 393216K, used 0K [0x00000000e8000000, 0x0000000100000000, 0x0000000100000000)
 Metaspace       used 22065K, capacity 22476K, committed 22624K, reserved 1069056K
  class space    used 2575K, capacity 2716K, committed 2760K, reserved 1048576K
2023-04-25T18:53:25.360+0530: 1.371: [GC (Allocation Failure) 2023-04-25T18:53:25.360+0530: 1.371: [ParNew
Desired survivor size 20112992 bytes, new threshold 8 (max 8)
- age   1:    1602776 bytes,    1602776 total
- age   2:    1928488 bytes,    3531264 total
- age   3:     320184 bytes,    3851448 total
- age   4:    4902096 bytes,    8753544 total
- age   5:    2553256 bytes,   11306800 total
: 99466K->15260K(109248K), 0.0076266 secs] 99466K->15260K(502464K), 0.0077478 secs] [Times: user=0.03 sys=0.00, real=0.00 secs] 
Heap after GC invocations=5 (full 1):
 par new generation   total 109248K, used 15260K [0x00000000e0000000, 0x00000000e8000000, 0x00000000e8000000)
  eden space 87424K,   0% used [0x00000000e0000000, 0x00000000e0000000, 0x00000000e5560000)
  from space 21824K,  69% used [0x00000000e6ab0000, 0x00000000e7997188, 0x00000000e8000000)
  to   space 21824K,   0% used [0x00000000e5560000, 0x00000000e5560000, 0x00000000e6ab0000)
 concurrent mark-sweep generation total 393216K, used 0K [0x00000000e8000000, 0x0000000100000000, 0x0000000100000000)
 Metaspace       used 22065K, capacity 22476K, committed 22624K, reserved 1069056K
  class space    used 2575K, capacity 2716K, committed 2760K, reserved 1048576K
}
2023-04-25T18:53:25.368+0530: 1.378: Total time for which application threads were stopped: 0.0079646 seconds, Stopping threads took: 0.0000302 seconds
2023-04-25T18:53:25.368+0530: 1.378: [CMS-concurrent-abortable-preclean: 0.057/0.078 secs] [Times: user=0.46 sys=0.02, real=0.08 secs] 
2023-04-25T18:53:25.368+0530: 1.379: [GC (CMS Final Remark) [YG occupancy: 15818 K (109248 K)]{Heap before GC invocations=5 (full 1):
 par new generation   total 109248K, used 15818K [0x00000000e0000000, 0x00000000e8000000, 0x00000000e8000000)
  eden space 87424K,   0% used [0x00000000e0000000, 0x00000000e008b9b0, 0x00000000e5560000)
  from space 21824K,  69% used [0x00000000e6ab0000, 0x00000000e7997188, 0x00000000e8000000)
  to   space 21824K,   0% used [0x00000000e5560000, 0x00000000e5560000, 0x00000000e6ab0000)
 concurrent mark-sweep generation total 393216K, used 0K [0x00000000e8000000, 0x0000000100000000, 0x0000000100000000)
 Metaspace       used 22065K, capacity 22476K, committed 22624K, reserved 1069056K
  class space    used 2575K, capacity 2716K, committed 2760K, reserved 1048576K
2023-04-25T18:53:25.369+0530: 1.379: [GC (CMS Final Remark) 2023-04-25T18:53:25.369+0530: 1.379: [ParNew
Desired survivor size 20112992 bytes, new threshold 8 (max 8)
- age   1:      52464 bytes,      52464 total
- age   2:    1465056 bytes,    1517520 total
- age   3:    1928440 bytes,    3445960 total
- age   4:     320184 bytes,    3766144 total
- age   5:    4903368 bytes,    8669512 total
- age   6:    2552480 bytes,   11221992 total
: 15818K->14220K(109248K), 0.0070018 secs] 15818K->14220K(502464K), 0.0070608 secs] [Times: user=0.03 sys=0.00, real=0.01 secs] 
Heap after GC invocations=6 (full 1):
 par new generation   total 109248K, used 14220K [0x00000000e0000000, 0x00000000e8000000, 0x00000000e8000000)
  eden space 87424K,   0% used [0x00000000e0000000, 0x00000000e0000000, 0x00000000e5560000)
  from space 21824K,  65% used [0x00000000e5560000, 0x00000000e6343318, 0x00000000e6ab0000)
  to   space 21824K,   0% used [0x00000000e6ab0000, 0x00000000e6ab0000, 0x00000000e8000000)
 concurrent mark-sweep generation total 393216K, used 0K [0x00000000e8000000, 0x0000000100000000, 0x0000000100000000)
 Metaspace       used 22065K, capacity 22476K, committed 22624K, reserved 1069056K
  class space    used 2575K, capacity 2716K, committed 2760K, reserved 1048576K
}
2023-04-25T18:53:25.376+0530: 1.386: [Rescan (parallel) , 0.0024045 secs]2023-04-25T18:53:25.378+0530: 1.388: [weak refs processing, 0.0004213 secs]2023-04-25T18:53:25.378+0530: 1.389: [class unloading, 0.0036247 secs]2023-04-25T18:53:25.382+0530: 1.392: [scrub symbol table, 0.0022808 secs]2023-04-25T18:53:25.384+0530: 1.395: [scrub string table, 0.0004954 secs][1 CMS-remark: 0K(393216K)] 14220K(502464K), 0.0173674 secs] [Times: user=0.06 sys=0.00, real=0.02 secs] 
2023-04-25T18:53:25.386+0530: 1.396: Total time for which application threads were stopped: 0.0176368 seconds, Stopping threads took: 0.0001877 seconds
2023-04-25T18:53:25.386+0530: 1.396: [CMS-concurrent-sweep-start]
2023-04-25T18:53:25.386+0530: 1.396: [CMS-concurrent-sweep: 0.000/0.000 secs] [Times: user=0.00 sys=0.00, real=0.00 secs] 
2023-04-25T18:53:25.386+0530: 1.396: [CMS-concurrent-reset-start]
2023-04-25T18:53:25.389+0530: 1.400: [CMS-concurrent-reset: 0.003/0.003 secs] [Times: user=0.02 sys=0.00, real=0.00 secs] 
{Heap before GC invocations=6 (full 1):
 par new generation   total 109248K, used 101644K [0x00000000e0000000, 0x00000000e8000000, 0x00000000e8000000)
  eden space 87424K, 100% used [0x00000000e0000000, 0x00000000e5560000, 0x00000000e5560000)
  from space 21824K,  65% used [0x00000000e5560000, 0x00000000e6343318, 0x00000000e6ab0000)
  to   space 21824K,   0% used [0x00000000e6ab0000, 0x00000000e6ab0000, 0x00000000e8000000)
 concurrent mark-sweep generation total 393216K, used 0K [0x00000000e8000000, 0x0000000100000000, 0x0000000100000000)
 Metaspace       used 22181K, capacity 22564K, committed 22880K, reserved 1069056K
  class space    used 2592K, capacity 2720K, committed 2760K, reserved 1048576K
2023-04-25T18:53:25.425+0530: 1.435: [GC (Allocation Failure) 2023-04-25T18:53:25.425+0530: 1.435: [ParNew
Desired survivor size 20112992 bytes, new threshold 8 (max 8)
- age   1:     693864 bytes,     693864 total
- age   3:     121096 bytes,     814960 total
- age   4:    1926224 bytes,    2741184 total
- age   5:     319880 bytes,    3061064 total
- age   6:    4899032 bytes,    7960096 total
- age   7:    2552464 bytes,   10512560 total
: 101644K->14222K(109248K), 0.0070619 secs] 101644K->14222K(502464K), 0.0071342 secs] [Times: user=0.03 sys=0.00, real=0.00 secs] 
Heap after GC invocations=7 (full 1):
 par new generation   total 109248K, used 14222K [0x00000000e0000000, 0x00000000e8000000, 0x00000000e8000000)
  eden space 87424K,   0% used [0x00000000e0000000, 0x00000000e0000000, 0x00000000e5560000)
  from space 21824K,  65% used [0x00000000e6ab0000, 0x00000000e7893b90, 0x00000000e8000000)
  to   space 21824K,   0% used [0x00000000e5560000, 0x00000000e5560000, 0x00000000e6ab0000)
 concurrent mark-sweep generation total 393216K, used 0K [0x00000000e8000000, 0x0000000100000000, 0x0000000100000000)
 Metaspace       used 22181K, capacity 22564K, committed 22880K, reserved 1069056K
  class space    used 2592K, capacity 2720K, committed 2760K, reserved 1048576K
}
2023-04-25T18:53:25.432+0530: 1.442: Total time for which application threads were stopped: 0.0073474 seconds, Stopping threads took: 0.0000626 seconds
{Heap before GC invocations=7 (full 1):
 par new generation   total 109248K, used 101646K [0x00000000e0000000, 0x00000000e8000000, 0x00000000e8000000)
  eden space 87424K, 100% used [0x00000000e0000000, 0x00000000e5560000, 0x00000000e5560000)
  from space 21824K,  65% used [0x00000000e6ab0000, 0x00000000e7893b90, 0x00000000e8000000)
  to   space 21824K,   0% used [0x00000000e5560000, 0x00000000e5560000, 0x00000000e6ab0000)
 concurrent mark-sweep generation total 393216K, used 0K [0x00000000e8000000, 0x0000000100000000, 0x0000000100000000)
 Metaspace       used 22355K, capacity 22732K, committed 22880K, reserved 1069056K
  class space    used 2616K, capacity 2754K, committed 2760K, reserved 1048576K
2023-04-25T18:53:25.473+0530: 1.483: [GC (Allocation Failure) 2023-04-25T18:53:25.473+0530: 1.483: [ParNew
Desired survivor size 20112992 bytes, new threshold 8 (max 8)
- age   1:     639808 bytes,     639808 total
- age   2:     135344 bytes,     775152 total
- age   4:     119472 bytes,     894624 total
- age   5:    1926176 bytes,    2820800 total
- age   6:     319672 bytes,    3140472 total
- age   7:    4895928 bytes,    8036400 total
- age   8:    2552464 bytes,   10588864 total
: 101646K->13180K(109248K), 0.0081378 secs] 101646K->13180K(502464K), 0.0082566 secs] [Times: user=0.03 sys=0.00, real=0.01 secs] 
Heap after GC invocations=8 (full 1):
 par new generation   total 109248K, used 13180K [0x00000000e0000000, 0x00000000e8000000, 0x00000000e8000000)
  eden space 87424K,   0% used [0x00000000e0000000, 0x00000000e0000000, 0x00000000e5560000)
  from space 21824K,  60% used [0x00000000e5560000, 0x00000000e623f0f0, 0x00000000e6ab0000)
  to   space 21824K,   0% used [0x00000000e6ab0000, 0x00000000e6ab0000, 0x00000000e8000000)
 concurrent mark-sweep generation total 393216K, used 0K [0x00000000e8000000, 0x0000000100000000, 0x0000000100000000)
 Metaspace       used 22355K, capacity 22732K, committed 22880K, reserved 1069056K
  class space    used 2616K, capacity 2754K, committed 2760K, reserved 1048576K
}
2023-04-25T18:53:25.481+0530: 1.491: Total time for which application threads were stopped: 0.0084263 seconds, Stopping threads took: 0.0000363 seconds
{Heap before GC invocations=8 (full 1):
 par new generation   total 109248K, used 100604K [0x00000000e0000000, 0x00000000e8000000, 0x00000000e8000000)
  eden space 87424K, 100% used [0x00000000e0000000, 0x00000000e5560000, 0x00000000e5560000)
  from space 21824K,  60% used [0x00000000e5560000, 0x00000000e623f0f0, 0x00000000e6ab0000)
  to   space 21824K,   0% used [0x00000000e6ab0000, 0x00000000e6ab0000, 0x00000000e8000000)
 concurrent mark-sweep generation total 393216K, used 0K [0x00000000e8000000, 0x0000000100000000, 0x0000000100000000)
 Metaspace       used 22653K, capacity 23020K, committed 23264K, reserved 1069056K
  class space    used 2650K, capacity 2786K, committed 2888K, reserved 1048576K
2023-04-25T18:53:25.536+0530: 1.546: [GC (Allocation Failure) 2023-04-25T18:53:25.536+0530: 1.546: [ParNew
Desired survivor size 20112992 bytes, new threshold 8 (max 8)
- age   1:     758960 bytes,     758960 total
- age   2:     120008 bytes,     878968 total
- age   3:     134408 bytes,    1013376 total
- age   5:     118144 bytes,    1131520 total
- age   6:    1924352 bytes,    3055872 total
- age   7:     319624 bytes,    3375496 total
- age   8:    4895896 bytes,    8271392 total
: 100604K->13610K(109248K), 0.0111470 secs] 100604K->16141K(502464K), 0.0112319 secs] [Times: user=0.05 sys=0.00, real=0.01 secs] 
Heap after GC invocations=9 (full 1):
 par new generation   total 109248K, used 13610K [0x00000000e0000000, 0x00000000e8000000, 0x00000000e8000000)
  eden space 87424K,   0% used [0x00000000e0000000, 0x00000000e0000000, 0x00000000e5560000)
  from space 21824K,  62% used [0x00000000e6ab0000, 0x00000000e77fa960, 0x00000000e8000000)
  to   space 21824K,   0% used [0x00000000e5560000, 0x00000000e5560000, 0x00000000e6ab0000)
 concurrent mark-sweep generation total 393216K, used 2530K [0x00000000e8000000, 0x0000000100000000, 0x0000000100000000)
 Metaspace       used 22653K, capacity 23020K, committed 23264K, reserved 1069056K
  class space    used 2650K, capacity 2786K, committed 2888K, reserved 1048576K
}
2023-04-25T18:53:25.547+0530: 1.557: Total time for which application threads were stopped: 0.0114486 seconds, Stopping threads took: 0.0000519 seconds
2023-04-25T18:53:25.588+0530: 1.598: Total time for which application threads were stopped: 0.0005477 seconds, Stopping threads took: 0.0000432 seconds
2023-04-25T18:53:25.699+0530: 1.709: Total time for which application threads were stopped: 0.0003510 seconds, Stopping threads took: 0.0000131 seconds
2023-04-25T18:53:25.710+0530: 1.720: Total time for which application threads were stopped: 0.0002989 seconds, Stopping threads took: 0.0000150 seconds
{Heap before GC invocations=9 (full 1):
 par new generation   total 109248K, used 101034K [0x00000000e0000000, 0x00000000e8000000, 0x00000000e8000000)
  eden space 87424K, 100% used [0x00000000e0000000, 0x00000000e5560000, 0x00000000e5560000)
  from space 21824K,  62% used [0x00000000e6ab0000, 0x00000000e77fa960, 0x00000000e8000000)
  to   space 21824K,   0% used [0x00000000e5560000, 0x00000000e5560000, 0x00000000e6ab0000)
 concurrent mark-sweep generation total 393216K, used 2530K [0x00000000e8000000, 0x0000000100000000, 0x0000000100000000)
 Metaspace       used 26377K, capacity 26746K, committed 27080K, reserved 1073152K
  class space    used 3095K, capacity 3241K, committed 3272K, reserved 1048576K
2023-04-25T18:53:25.919+0530: 1.929: [GC (Allocation Failure) 2023-04-25T18:53:25.919+0530: 1.929: [ParNew
Desired survivor size 20112992 bytes, new threshold 8 (max 8)
- age   1:    5370576 bytes,    5370576 total
- age   2:     207504 bytes,    5578080 total
- age   3:     119960 bytes,    5698040 total
- age   4:     134360 bytes,    5832400 total
- age   6:     118048 bytes,    5950448 total
- age   7:     293376 bytes,    6243824 total
- age   8:     309896 bytes,    6553720 total
: 101034K->8575K(109248K), 0.0095760 secs] 103565K->15915K(502464K), 0.0096484 secs] [Times: user=0.05 sys=0.00, real=0.01 secs] 
Heap after GC invocations=10 (full 1):
 par new generation   total 109248K, used 8575K [0x00000000e0000000, 0x00000000e8000000, 0x00000000e8000000)
  eden space 87424K,   0% used [0x00000000e0000000, 0x00000000e0000000, 0x00000000e5560000)
  from space 21824K,  39% used [0x00000000e5560000, 0x00000000e5dbfe40, 0x00000000e6ab0000)
  to   space 21824K,   0% used [0x00000000e6ab0000, 0x00000000e6ab0000, 0x00000000e8000000)
 concurrent mark-sweep generation total 393216K, used 7339K [0x00000000e8000000, 0x0000000100000000, 0x0000000100000000)
 Metaspace       used 26377K, capacity 26746K, committed 27080K, reserved 1073152K
  class space    used 3095K, capacity 3241K, committed 3272K, reserved 1048576K
}
2023-04-25T18:53:25.929+0530: 1.939: Total time for which application threads were stopped: 0.0098273 seconds, Stopping threads took: 0.0000194 seconds
2023-04-25T18:53:26.011+0530: 2.021: Total time for which application threads were stopped: 0.0004270 seconds, Stopping threads took: 0.0000195 seconds
2023-04-25T18:53:26.013+0530: 2.023: Total time for which application threads were stopped: 0.0004266 seconds, Stopping threads took: 0.0000380 seconds
{Heap before GC invocations=10 (full 1):
 par new generation   total 109248K, used 95999K [0x00000000e0000000, 0x00000000e8000000, 0x00000000e8000000)
  eden space 87424K, 100% used [0x00000000e0000000, 0x00000000e5560000, 0x00000000e5560000)
  from space 21824K,  39% used [0x00000000e5560000, 0x00000000e5dbfe40, 0x00000000e6ab0000)
  to   space 21824K,   0% used [0x00000000e6ab0000, 0x00000000e6ab0000, 0x00000000e8000000)
 concurrent mark-sweep generation total 393216K, used 7339K [0x00000000e8000000, 0x0000000100000000, 0x0000000100000000)
 Metaspace       used 28142K, capacity 28504K, committed 28872K, reserved 1075200K
  class space    used 3288K, capacity 3438K, committed 3528K, reserved 1048576K
2023-04-25T18:53:26.158+0530: 2.169: [GC (Allocation Failure) 2023-04-25T18:53:26.158+0530: 2.169: [ParNew
Desired survivor size 20112992 bytes, new threshold 8 (max 8)
- age   1:   10499928 bytes,   10499928 total
- age   2:    2310328 bytes,   12810256 total
- age   3:     207504 bytes,   13017760 total
- age   4:     119864 bytes,   13137624 total
- age   5:     133672 bytes,   13271296 total
- age   7:     117920 bytes,   13389216 total
- age   8:     293048 bytes,   13682264 total
: 95999K->15011K(109248K), 0.0118060 secs] 103339K->22654K(502464K), 0.0119124 secs] [Times: user=0.07 sys=0.01, real=0.01 secs] 
Heap after GC invocations=11 (full 1):
 par new generation   total 109248K, used 15011K [0x00000000e0000000, 0x00000000e8000000, 0x00000000e8000000)
  eden space 87424K,   0% used [0x00000000e0000000, 0x00000000e0000000, 0x00000000e5560000)
  from space 21824K,  68% used [0x00000000e6ab0000, 0x00000000e7958f88, 0x00000000e8000000)
  to   space 21824K,   0% used [0x00000000e5560000, 0x00000000e5560000, 0x00000000e6ab0000)
 concurrent mark-sweep generation total 393216K, used 7642K [0x00000000e8000000, 0x0000000100000000, 0x0000000100000000)
 Metaspace       used 28142K, capacity 28504K, committed 28872K, reserved 1075200K
  class space    used 3288K, capacity 3438K, committed 3528K, reserved 1048576K
}
2023-04-25T18:53:26.170+0530: 2.181: Total time for which application threads were stopped: 0.0122419 seconds, Stopping threads took: 0.0000670 seconds
2023-04-25T18:53:26.207+0530: 2.218: Total time for which application threads were stopped: 0.0004333 seconds, Stopping threads took: 0.0000351 seconds
{Heap before GC invocations=11 (full 1):
 par new generation   total 109248K, used 102435K [0x00000000e0000000, 0x00000000e8000000, 0x00000000e8000000)
  eden space 87424K, 100% used [0x00000000e0000000, 0x00000000e5560000, 0x00000000e5560000)
  from space 21824K,  68% used [0x00000000e6ab0000, 0x00000000e7958f88, 0x00000000e8000000)
  to   space 21824K,   0% used [0x00000000e5560000, 0x00000000e5560000, 0x00000000e6ab0000)
 concurrent mark-sweep generation total 393216K, used 7642K [0x00000000e8000000, 0x0000000100000000, 0x0000000100000000)
 Metaspace       used 28225K, capacity 28580K, committed 28872K, reserved 1075200K
  class space    used 3294K, capacity 3440K, committed 3528K, reserved 1048576K
2023-04-25T18:53:26.236+0530: 2.246: [GC (Allocation Failure) 2023-04-25T18:53:26.236+0530: 2.246: [ParNew
Desired survivor size 20112992 bytes, new threshold 8 (max 8)
- age   1:    2577696 bytes,    2577696 total
- age   2:    8056312 bytes,   10634008 total
- age   3:    2310352 bytes,   12944360 total
- age   4:     207504 bytes,   13151864 total
- age   5:     119864 bytes,   13271728 total
- age   6:     133672 bytes,   13405400 total
- age   8:     117920 bytes,   13523320 total
: 102435K->21394K(109248K), 0.0098361 secs] 110078K->29327K(502464K), 0.0099251 secs] [Times: user=0.07 sys=0.00, real=0.01 secs] 
Heap after GC invocations=12 (full 1):
 par new generation   total 109248K, used 21394K [0x00000000e0000000, 0x00000000e8000000, 0x00000000e8000000)
  eden space 87424K,   0% used [0x00000000e0000000, 0x00000000e0000000, 0x00000000e5560000)
  from space 21824K,  98% used [0x00000000e5560000, 0x00000000e6a44980, 0x00000000e6ab0000)
  to   space 21824K,   0% used [0x00000000e6ab0000, 0x00000000e6ab0000, 0x00000000e8000000)
 concurrent mark-sweep generation total 393216K, used 7933K [0x00000000e8000000, 0x0000000100000000, 0x0000000100000000)
 Metaspace       used 28225K, capacity 28580K, committed 28872K, reserved 1075200K
  class space    used 3294K, capacity 3440K, committed 3528K, reserved 1048576K
}
2023-04-25T18:53:26.246+0530: 2.256: Total time for which application threads were stopped: 0.0101456 seconds, Stopping threads took: 0.0000514 seconds
{Heap before GC invocations=12 (full 1):
 par new generation   total 109248K, used 108818K [0x00000000e0000000, 0x00000000e8000000, 0x00000000e8000000)
  eden space 87424K, 100% used [0x00000000e0000000, 0x00000000e5560000, 0x00000000e5560000)
  from space 21824K,  98% used [0x00000000e5560000, 0x00000000e6a44980, 0x00000000e6ab0000)
  to   space 21824K,   0% used [0x00000000e6ab0000, 0x00000000e6ab0000, 0x00000000e8000000)
 concurrent mark-sweep generation total 393216K, used 7933K [0x00000000e8000000, 0x0000000100000000, 0x0000000100000000)
 Metaspace       used 28252K, capacity 28616K, committed 28872K, reserved 1075200K
  class space    used 3297K, capacity 3446K, committed 3528K, reserved 1048576K
2023-04-25T18:53:26.265+0530: 2.275: [GC (Allocation Failure) 2023-04-25T18:53:26.265+0530: 2.275: [ParNew
Desired survivor size 20112992 bytes, new threshold 8 (max 8)
- age   1:     918224 bytes,     918224 total
- age   2:    2213560 bytes,    3131784 total
- age   3:    8026096 bytes,   11157880 total
- age   4:    2310328 bytes,   13468208 total
- age   5:     207504 bytes,   13675712 total
- age   6:     119864 bytes,   13795576 total
- age   7:     133568 bytes,   13929144 total
: 108818K->16689K(109248K), 0.0092037 secs] 116751K->24742K(502464K), 0.0093132 secs] [Times: user=0.04 sys=0.00, real=0.01 secs] 
Heap after GC invocations=13 (full 1):
 par new generation   total 109248K, used 16689K [0x00000000e0000000, 0x00000000e8000000, 0x00000000e8000000)
  eden space 87424K,   0% used [0x00000000e0000000, 0x00000000e0000000, 0x00000000e5560000)
  from space 21824K,  76% used [0x00000000e6ab0000, 0x00000000e7afc6b0, 0x00000000e8000000)
  to   space 21824K,   0% used [0x00000000e5560000, 0x00000000e5560000, 0x00000000e6ab0000)
 concurrent mark-sweep generation total 393216K, used 8052K [0x00000000e8000000, 0x0000000100000000, 0x0000000100000000)
 Metaspace       used 28252K, capacity 28616K, committed 28872K, reserved 1075200K
  class space    used 3297K, capacity 3446K, committed 3528K, reserved 1048576K
}
2023-04-25T18:53:26.274+0530: 2.284: Total time for which application threads were stopped: 0.0095560 seconds, Stopping threads took: 0.0000783 seconds
{Heap before GC invocations=13 (full 1):
 par new generation   total 109248K, used 104113K [0x00000000e0000000, 0x00000000e8000000, 0x00000000e8000000)
  eden space 87424K, 100% used [0x00000000e0000000, 0x00000000e5560000, 0x00000000e5560000)
  from space 21824K,  76% used [0x00000000e6ab0000, 0x00000000e7afc6b0, 0x00000000e8000000)
  to   space 21824K,   0% used [0x00000000e5560000, 0x00000000e5560000, 0x00000000e6ab0000)
 concurrent mark-sweep generation total 393216K, used 8052K [0x00000000e8000000, 0x0000000100000000, 0x0000000100000000)
 Metaspace       used 28277K, capacity 28640K, committed 28872K, reserved 1075200K
  class space    used 3300K, capacity 3450K, committed 3528K, reserved 1048576K
2023-04-25T18:53:26.302+0530: 2.312: [GC (Allocation Failure) 2023-04-25T18:53:26.302+0530: 2.312: [ParNew
Desired survivor size 20112992 bytes, new threshold 8 (max 8)
- age   1:    1212440 bytes,    1212440 total
- age   2:      52720 bytes,    1265160 total
- age   3:    2213528 bytes,    3478688 total
- age   4:    8026096 bytes,   11504784 total
- age   5:    2310352 bytes,   13815136 total
- age   6:     207504 bytes,   14022640 total
- age   7:     119864 bytes,   14142504 total
- age   8:     133152 bytes,   14275656 total
: 104113K->17256K(109248K), 0.0087954 secs] 112166K->25308K(502464K), 0.0088928 secs] [Times: user=0.05 sys=0.00, real=0.00 secs] 
Heap after GC invocations=14 (full 1):
 par new generation   total 109248K, used 17256K [0x00000000e0000000, 0x00000000e8000000, 0x00000000e8000000)
  eden space 87424K,   0% used [0x00000000e0000000, 0x00000000e0000000, 0x00000000e5560000)
  from space 21824K,  79% used [0x00000000e5560000, 0x00000000e663a000, 0x00000000e6ab0000)
  to   space 21824K,   0% used [0x00000000e6ab0000, 0x00000000e6ab0000, 0x00000000e8000000)
 concurrent mark-sweep generation total 393216K, used 8052K [0x00000000e8000000, 0x0000000100000000, 0x0000000100000000)
 Metaspace       used 28277K, capacity 28640K, committed 28872K, reserved 1075200K
  class space    used 3300K, capacity 3450K, committed 3528K, reserved 1048576K
}
2023-04-25T18:53:26.311+0530: 2.321: Total time for which application threads were stopped: 0.0091195 seconds, Stopping threads took: 0.0000604 seconds
{Heap before GC invocations=14 (full 1):
 par new generation   total 109248K, used 104680K [0x00000000e0000000, 0x00000000e8000000, 0x00000000e8000000)
  eden space 87424K, 100% used [0x00000000e0000000, 0x00000000e5560000, 0x00000000e5560000)
  from space 21824K,  79% used [0x00000000e5560000, 0x00000000e663a000, 0x00000000e6ab0000)
  to   space 21824K,   0% used [0x00000000e6ab0000, 0x00000000e6ab0000, 0x00000000e8000000)
 concurrent mark-sweep generation total 393216K, used 8052K [0x00000000e8000000, 0x0000000100000000, 0x0000000100000000)
 Metaspace       used 28284K, capacity 28652K, committed 28872K, reserved 1075200K
  class space    used 3301K, capacity 3452K, committed 3528K, reserved 1048576K
2023-04-25T18:53:26.344+0530: 2.354: [GC (Allocation Failure) 2023-04-25T18:53:26.344+0530: 2.354: [ParNew
Desired survivor size 20112992 bytes, new threshold 8 (max 8)
- age   1:     440920 bytes,     440920 total
- age   2:     110224 bytes,     551144 total
- age   3:      51688 bytes,     602832 total
- age   4:    2213616 bytes,    2816448 total
- age   5:    8026096 bytes,   10842544 total
- age   6:    2310328 bytes,   13152872 total
- age   7:     207504 bytes,   13360376 total
- age   8:     119864 bytes,   13480240 total
: 104680K->16664K(109248K), 0.0107619 secs] 112732K->24849K(502464K), 0.0108516 secs] [Times: user=0.08 sys=0.00, real=0.01 secs] 
Heap after GC invocations=15 (full 1):
 par new generation   total 109248K, used 16664K [0x00000000e0000000, 0x00000000e8000000, 0x00000000e8000000)
  eden space 87424K,   0% used [0x00000000e0000000, 0x00000000e0000000, 0x00000000e5560000)
  from space 21824K,  76% used [0x00000000e6ab0000, 0x00000000e7af62e8, 0x00000000e8000000)
  to   space 21824K,   0% used [0x00000000e5560000, 0x00000000e5560000, 0x00000000e6ab0000)
 concurrent mark-sweep generation total 393216K, used 8185K [0x00000000e8000000, 0x0000000100000000, 0x0000000100000000)
 Metaspace       used 28284K, capacity 28652K, committed 28872K, reserved 1075200K
  class space    used 3301K, capacity 3452K, committed 3528K, reserved 1048576K
}
2023-04-25T18:53:26.355+0530: 2.365: Total time for which application threads were stopped: 0.0110322 seconds, Stopping threads took: 0.0000435 seconds
{Heap before GC invocations=15 (full 1):
 par new generation   total 109248K, used 104088K [0x00000000e0000000, 0x00000000e8000000, 0x00000000e8000000)
  eden space 87424K, 100% used [0x00000000e0000000, 0x00000000e5560000, 0x00000000e5560000)
  from space 21824K,  76% used [0x00000000e6ab0000, 0x00000000e7af62e8, 0x00000000e8000000)
  to   space 21824K,   0% used [0x00000000e5560000, 0x00000000e5560000, 0x00000000e6ab0000)
 concurrent mark-sweep generation total 393216K, used 8185K [0x00000000e8000000, 0x0000000100000000, 0x0000000100000000)
 Metaspace       used 28349K, capacity 28786K, committed 29128K, reserved 1075200K
  class space    used 3301K, capacity 3453K, committed 3528K, reserved 1048576K
2023-04-25T18:53:26.409+0530: 2.419: [GC (Allocation Failure) 2023-04-25T18:53:26.409+0530: 2.419: [ParNew
Desired survivor size 20112992 bytes, new threshold 8 (max 8)
- age   1:     764384 bytes,     764384 total
- age   2:      86624 bytes,     851008 total
- age   3:     109936 bytes,     960944 total
- age   4:      51136 bytes,    1012080 total
- age   5:    1671848 bytes,    2683928 total
- age   6:    8026096 bytes,   10710024 total
- age   7:    2310224 bytes,   13020248 total
- age   8:     207504 bytes,   13227752 total
: 104088K->16507K(109248K), 0.0085954 secs] 112273K->24812K(502464K), 0.0086802 secs] [Times: user=0.05 sys=0.00, real=0.01 secs] 
Heap after GC invocations=16 (full 1):
 par new generation   total 109248K, used 16507K [0x00000000e0000000, 0x00000000e8000000, 0x00000000e8000000)
  eden space 87424K,   0% used [0x00000000e0000000, 0x00000000e0000000, 0x00000000e5560000)
  from space 21824K,  75% used [0x00000000e5560000, 0x00000000e657eea0, 0x00000000e6ab0000)
  to   space 21824K,   0% used [0x00000000e6ab0000, 0x00000000e6ab0000, 0x00000000e8000000)
 concurrent mark-sweep generation total 393216K, used 8304K [0x00000000e8000000, 0x0000000100000000, 0x0000000100000000)
 Metaspace       used 28349K, capacity 28786K, committed 29128K, reserved 1075200K
  class space    used 3301K, capacity 3453K, committed 3528K, reserved 1048576K
}
2023-04-25T18:53:26.418+0530: 2.428: Total time for which application threads were stopped: 0.0089390 seconds, Stopping threads took: 0.0000692 seconds
{Heap before GC invocations=16 (full 1):
 par new generation   total 109248K, used 103931K [0x00000000e0000000, 0x00000000e8000000, 0x00000000e8000000)
  eden space 87424K, 100% used [0x00000000e0000000, 0x00000000e5560000, 0x00000000e5560000)
  from space 21824K,  75% used [0x00000000e5560000, 0x00000000e657eea0, 0x00000000e6ab0000)
  to   space 21824K,   0% used [0x00000000e6ab0000, 0x00000000e6ab0000, 0x00000000e8000000)
 concurrent mark-sweep generation total 393216K, used 8304K [0x00000000e8000000, 0x0000000100000000, 0x0000000100000000)
 Metaspace       used 28414K, capacity 28804K, committed 29128K, reserved 1075200K
  class space    used 3303K, capacity 3456K, committed 3528K, reserved 1048576K
2023-04-25T18:53:26.490+0530: 2.501: [GC (Allocation Failure) 2023-04-25T18:53:26.490+0530: 2.501: [ParNew
Desired survivor size 20112992 bytes, new threshold 8 (max 8)
- age   1:    4195744 bytes,    4195744 total
- age   2:     278128 bytes,    4473872 total
- age   3:      85400 bytes,    4559272 total
- age   4:     109384 bytes,    4668656 total
- age   5:      50200 bytes,    4718856 total
- age   6:     288504 bytes,    5007360 total
- age   7:    8012008 bytes,   13019368 total
- age   8:    2310144 bytes,   15329512 total
: 103931K->21824K(109248K), 0.0108125 secs] 112236K->30335K(502464K), 0.0108957 secs] [Times: user=0.06 sys=0.00, real=0.02 secs] 
Heap after GC invocations=17 (full 1):
 par new generation   total 109248K, used 21824K [0x00000000e0000000, 0x00000000e8000000, 0x00000000e8000000)
  eden space 87424K,   0% used [0x00000000e0000000, 0x00000000e0000000, 0x00000000e5560000)
  from space 21824K, 100% used [0x00000000e6ab0000, 0x00000000e8000000, 0x00000000e8000000)
  to   space 21824K,   0% used [0x00000000e5560000, 0x00000000e5560000, 0x00000000e6ab0000)
 concurrent mark-sweep generation total 393216K, used 8511K [0x00000000e8000000, 0x0000000100000000, 0x0000000100000000)
 Metaspace       used 28414K, capacity 28804K, committed 29128K, reserved 1075200K
  class space    used 3303K, capacity 3456K, committed 3528K, reserved 1048576K
}
2023-04-25T18:53:26.501+0530: 2.512: Total time for which application threads were stopped: 0.0111296 seconds, Stopping threads took: 0.0000239 seconds
{Heap before GC invocations=17 (full 1):
 par new generation   total 109248K, used 109248K [0x00000000e0000000, 0x00000000e8000000, 0x00000000e8000000)
  eden space 87424K, 100% used [0x00000000e0000000, 0x00000000e5560000, 0x00000000e5560000)
  from space 21824K, 100% used [0x00000000e6ab0000, 0x00000000e8000000, 0x00000000e8000000)
  to   space 21824K,   0% used [0x00000000e5560000, 0x00000000e5560000, 0x00000000e6ab0000)
 concurrent mark-sweep generation total 393216K, used 8511K [0x00000000e8000000, 0x0000000100000000, 0x0000000100000000)
 Metaspace       used 28653K, capacity 29058K, committed 29384K, reserved 1075200K
  class space    used 3327K, capacity 3499K, committed 3528K, reserved 1048576K
2023-04-25T18:53:26.547+0530: 2.557: [GC (Allocation Failure) 2023-04-25T18:53:26.547+0530: 2.557: [ParNew
Desired survivor size 20112992 bytes, new threshold 8 (max 8)
- age   1:    5616136 bytes,    5616136 total
- age   2:    3982968 bytes,    9599104 total
- age   3:     278128 bytes,    9877232 total
- age   4:      85400 bytes,    9962632 total
- age   5:     109384 bytes,   10072016 total
- age   6:      50200 bytes,   10122216 total
- age   7:     287728 bytes,   10409944 total
- age   8:    8011824 bytes,   18421768 total
: 109248K->21824K(109248K), 0.0130288 secs] 117759K->32620K(502464K), 0.0131166 secs] [Times: user=0.06 sys=0.00, real=0.01 secs] 
Heap after GC invocations=18 (full 1):
 par new generation   total 109248K, used 21824K [0x00000000e0000000, 0x00000000e8000000, 0x00000000e8000000)
  eden space 87424K,   0% used [0x00000000e0000000, 0x00000000e0000000, 0x00000000e5560000)
  from space 21824K, 100% used [0x00000000e5560000, 0x00000000e6ab0000, 0x00000000e6ab0000)
  to   space 21824K,   0% used [0x00000000e6ab0000, 0x00000000e6ab0000, 0x00000000e8000000)
 concurrent mark-sweep generation total 393216K, used 10796K [0x00000000e8000000, 0x0000000100000000, 0x0000000100000000)
 Metaspace       used 28653K, capacity 29058K, committed 29384K, reserved 1075200K
  class space    used 3327K, capacity 3499K, committed 3528K, reserved 1048576K
}
2023-04-25T18:53:26.560+0530: 2.570: Total time for which application threads were stopped: 0.0132841 seconds, Stopping threads took: 0.0000276 seconds
{Heap before GC invocations=18 (full 1):
 par new generation   total 109248K, used 109248K [0x00000000e0000000, 0x00000000e8000000, 0x00000000e8000000)
  eden space 87424K, 100% used [0x00000000e0000000, 0x00000000e5560000, 0x00000000e5560000)
  from space 21824K, 100% used [0x00000000e5560000, 0x00000000e6ab0000, 0x00000000e6ab0000)
  to   space 21824K,   0% used [0x00000000e6ab0000, 0x00000000e6ab0000, 0x00000000e8000000)
 concurrent mark-sweep generation total 393216K, used 10796K [0x00000000e8000000, 0x0000000100000000, 0x0000000100000000)
 Metaspace       used 29543K, capacity 30018K, committed 30280K, reserved 1075200K
  class space    used 3458K, capacity 3627K, committed 3656K, reserved 1048576K
2023-04-25T18:53:26.643+0530: 2.653: [GC (Allocation Failure) 2023-04-25T18:53:26.643+0530: 2.653: [ParNew
Desired survivor size 20112992 bytes, new threshold 8 (max 8)
- age   1:    1305216 bytes,    1305216 total
- age   2:    5308984 bytes,    6614200 total
- age   3:    3970936 bytes,   10585136 total
- age   4:     278128 bytes,   10863264 total
- age   5:      85336 bytes,   10948600 total
- age   6:     109384 bytes,   11057984 total
- age   7:      50200 bytes,   11108184 total
- age   8:     287696 bytes,   11395880 total
: 109248K->19394K(109248K), 0.0177064 secs] 120044K->38027K(502464K), 0.0177828 secs] [Times: user=0.08 sys=0.01, real=0.02 secs] 
Heap after GC invocations=19 (full 1):
 par new generation   total 109248K, used 19394K [0x00000000e0000000, 0x00000000e8000000, 0x00000000e8000000)
  eden space 87424K,   0% used [0x00000000e0000000, 0x00000000e0000000, 0x00000000e5560000)
  from space 21824K,  88% used [0x00000000e6ab0000, 0x00000000e7da0b38, 0x00000000e8000000)
  to   space 21824K,   0% used [0x00000000e5560000, 0x00000000e5560000, 0x00000000e6ab0000)
 concurrent mark-sweep generation total 393216K, used 18632K [0x00000000e8000000, 0x0000000100000000, 0x0000000100000000)
 Metaspace       used 29543K, capacity 30018K, committed 30280K, reserved 1075200K
  class space    used 3458K, capacity 3627K, committed 3656K, reserved 1048576K
}
2023-04-25T18:53:26.660+0530: 2.671: Total time for which application threads were stopped: 0.0179558 seconds, Stopping threads took: 0.0000413 seconds
2023-04-25T18:53:26.702+0530: 2.713: Total time for which application threads were stopped: 0.0005139 seconds, Stopping threads took: 0.0000253 seconds
2023-04-25T18:53:27.703+0530: 3.713: Total time for which application threads were stopped: 0.0002661 seconds, Stopping threads took: 0.0000470 seconds
2023-04-25T18:53:28.030+0530: 4.041: Total time for which application threads were stopped: 0.0010232 seconds, Stopping threads took: 0.0000462 seconds
2023-04-25T18:53:41.642+0530: 17.653: Total time for which application threads were stopped: 0.0002073 seconds, Stopping threads took: 0.0000464 seconds
2023-04-25T18:53:41.654+0530: 17.664: Total time for which application threads were stopped: 0.0001472 seconds, Stopping threads took: 0.0000324 seconds
2023-04-25T18:53:41.677+0530: 17.688: Total time for which application threads were stopped: 0.0004191 seconds, Stopping threads took: 0.0000127 seconds
2023-04-25T18:53:41.685+0530: 17.696: Total time for which application threads were stopped: 0.0000757 seconds, Stopping threads took: 0.0000291 seconds
2023-04-25T18:53:41.758+0530: 17.768: Total time for which application threads were stopped: 0.0000885 seconds, Stopping threads took: 0.0000187 seconds
2023-04-25T18:53:41.759+0530: 17.769: Total time for which application threads were stopped: 0.0000879 seconds, Stopping threads took: 0.0000270 seconds
2023-04-25T18:53:41.772+0530: 17.782: Total time for which application threads were stopped: 0.0001590 seconds, Stopping threads took: 0.0000955 seconds
2023-04-25T18:53:41.796+0530: 17.806: Total time for which application threads were stopped: 0.0006124 seconds, Stopping threads took: 0.0000178 seconds
2023-04-25T18:53:41.797+0530: 17.807: Total time for which application threads were stopped: 0.0007967 seconds, Stopping threads took: 0.0000492 seconds
2023-04-25T18:53:41.799+0530: 17.809: Total time for which application threads were stopped: 0.0000861 seconds, Stopping threads took: 0.0000192 seconds
2023-04-25T18:53:41.799+0530: 17.809: Total time for which application threads were stopped: 0.0000813 seconds, Stopping threads took: 0.0000321 seconds
2023-04-25T18:53:41.799+0530: 17.809: Total time for which application threads were stopped: 0.0000586 seconds, Stopping threads took: 0.0000224 seconds
2023-04-25T18:53:41.799+0530: 17.809: Total time for which application threads were stopped: 0.0000536 seconds, Stopping threads took: 0.0000206 seconds
2023-04-25T18:53:41.799+0530: 17.809: Total time for which application threads were stopped: 0.0000768 seconds, Stopping threads took: 0.0000473 seconds
2023-04-25T18:53:41.800+0530: 17.810: Total time for which application threads were stopped: 0.0000812 seconds, Stopping threads took: 0.0000397 seconds
2023-04-25T18:53:41.800+0530: 17.811: Total time for which application threads were stopped: 0.0000675 seconds, Stopping threads took: 0.0000206 seconds
2023-04-25T18:53:41.800+0530: 17.811: Total time for which application threads were stopped: 0.0000669 seconds, Stopping threads took: 0.0000229 seconds
2023-04-25T18:53:41.800+0530: 17.811: Total time for which application threads were stopped: 0.0000488 seconds, Stopping threads took: 0.0000169 seconds
2023-04-25T18:53:41.801+0530: 17.811: Total time for which application threads were stopped: 0.0000863 seconds, Stopping threads took: 0.0000244 seconds
2023-04-25T18:53:41.801+0530: 17.811: Total time for which application threads were stopped: 0.0000629 seconds, Stopping threads took: 0.0000232 seconds
2023-04-25T18:53:42.801+0530: 18.811: Total time for which application threads were stopped: 0.0003736 seconds, Stopping threads took: 0.0000606 seconds
2023-04-25T18:53:52.802+0530: 28.813: Total time for which application threads were stopped: 0.0002558 seconds, Stopping threads took: 0.0000626 seconds
2023-04-25T18:53:55.239+0530: 31.249: Total time for which application threads were stopped: 0.0004245 seconds, Stopping threads took: 0.0000248 seconds
2023-04-25T18:54:21.806+0530: 57.817: Total time for which application threads were stopped: 0.0002517 seconds, Stopping threads took: 0.0000700 seconds
2023-04-25T18:54:21.807+0530: 57.817: Total time for which application threads were stopped: 0.0001583 seconds, Stopping threads took: 0.0000338 seconds
2023-04-25T18:54:21.809+0530: 57.820: Total time for which application threads were stopped: 0.0003280 seconds, Stopping threads took: 0.0001397 seconds
2023-04-25T18:54:21.810+0530: 57.820: Total time for which application threads were stopped: 0.0003237 seconds, Stopping threads took: 0.0001359 seconds
2023-04-25T18:54:21.811+0530: 57.821: Total time for which application threads were stopped: 0.0001726 seconds, Stopping threads took: 0.0000393 seconds
2023-04-25T18:54:21.845+0530: 57.855: Total time for which application threads were stopped: 0.0001059 seconds, Stopping threads took: 0.0000208 seconds
2023-04-25T18:54:21.845+0530: 57.855: Total time for which application threads were stopped: 0.0000550 seconds, Stopping threads took: 0.0000105 seconds
2023-04-25T18:54:21.853+0530: 57.863: Total time for which application threads were stopped: 0.0000903 seconds, Stopping threads took: 0.0000168 seconds
2023-04-25T18:54:21.894+0530: 57.904: Total time for which application threads were stopped: 0.0000760 seconds, Stopping threads took: 0.0000175 seconds
2023-04-25T18:54:21.908+0530: 57.919: Total time for which application threads were stopped: 0.0000675 seconds, Stopping threads took: 0.0000144 seconds
2023-04-25T18:54:21.917+0530: 57.927: Total time for which application threads were stopped: 0.0006399 seconds, Stopping threads took: 0.0000434 seconds
2023-04-25T18:54:21.992+0530: 58.002: Total time for which application threads were stopped: 0.0003898 seconds, Stopping threads took: 0.0000180 seconds
2023-04-25T18:54:21.992+0530: 58.003: Total time for which application threads were stopped: 0.0003655 seconds, Stopping threads took: 0.0000116 seconds
2023-04-25T18:54:22.004+0530: 58.014: Total time for which application threads were stopped: 0.0001540 seconds, Stopping threads took: 0.0001021 seconds
2023-04-25T18:54:22.004+0530: 58.014: Total time for which application threads were stopped: 0.0000852 seconds, Stopping threads took: 0.0000533 seconds
2023-04-25T18:54:22.005+0530: 58.015: Total time for which application threads were stopped: 0.0003743 seconds, Stopping threads took: 0.0000153 seconds
2023-04-25T18:54:22.034+0530: 58.044: Total time for which application threads were stopped: 0.0001174 seconds, Stopping threads took: 0.0000148 seconds
{Heap before GC invocations=19 (full 1):
 par new generation   total 109248K, used 106818K [0x00000000e0000000, 0x00000000e8000000, 0x00000000e8000000)
  eden space 87424K, 100% used [0x00000000e0000000, 0x00000000e5560000, 0x00000000e5560000)
  from space 21824K,  88% used [0x00000000e6ab0000, 0x00000000e7da0b38, 0x00000000e8000000)
  to   space 21824K,   0% used [0x00000000e5560000, 0x00000000e5560000, 0x00000000e6ab0000)
 concurrent mark-sweep generation total 393216K, used 18632K [0x00000000e8000000, 0x0000000100000000, 0x0000000100000000)
 Metaspace       used 37022K, capacity 37680K, committed 37960K, reserved 1083392K
  class space    used 4409K, capacity 4614K, committed 4680K, reserved 1048576K
2023-04-25T18:54:22.046+0530: 58.056: [GC (Allocation Failure) 2023-04-25T18:54:22.046+0530: 58.056: [ParNew
Desired survivor size 20112992 bytes, new threshold 8 (max 8)
- age   1:   10656232 bytes,   10656232 total
- age   2:     242552 bytes,   10898784 total
- age   3:    4762352 bytes,   15661136 total
- age   4:    3966624 bytes,   19627760 total
- age   5:     278128 bytes,   19905888 total
- age   6:      85336 bytes,   19991224 total
- age   7:     109384 bytes,   20100608 total
- age   8:      50136 bytes,   20150744 total
: 106818K->21824K(109248K), 0.0108630 secs] 125451K->40804K(502464K), 0.0109772 secs] [Times: user=0.04 sys=0.01, real=0.01 secs] 
Heap after GC invocations=20 (full 1):
 par new generation   total 109248K, used 21824K [0x00000000e0000000, 0x00000000e8000000, 0x00000000e8000000)
  eden space 87424K,   0% used [0x00000000e0000000, 0x00000000e0000000, 0x00000000e5560000)
  from space 21824K, 100% used [0x00000000e5560000, 0x00000000e6ab0000, 0x00000000e6ab0000)
  to   space 21824K,   0% used [0x00000000e6ab0000, 0x00000000e6ab0000, 0x00000000e8000000)
 concurrent mark-sweep generation total 393216K, used 18980K [0x00000000e8000000, 0x0000000100000000, 0x0000000100000000)
 Metaspace       used 37022K, capacity 37680K, committed 37960K, reserved 1083392K
  class space    used 4409K, capacity 4614K, committed 4680K, reserved 1048576K
}
2023-04-25T18:54:22.057+0530: 58.067: Total time for which application threads were stopped: 0.0111413 seconds, Stopping threads took: 0.0000257 seconds
2023-04-25T18:54:22.057+0530: 58.067: [GC (CMS Initial Mark) [1 CMS-initial-mark: 18980K(393216K)] 41222K(502464K), 0.0030511 secs] [Times: user=0.01 sys=0.00, real=0.01 secs] 
2023-04-25T18:54:22.060+0530: 58.071: Total time for which application threads were stopped: 0.0031690 seconds, Stopping threads took: 0.0000335 seconds
2023-04-25T18:54:22.060+0530: 58.071: [CMS-concurrent-mark-start]
2023-04-25T18:54:22.061+0530: 58.071: Total time for which application threads were stopped: 0.0000744 seconds, Stopping threads took: 0.0000315 seconds
2023-04-25T18:54:22.061+0530: 58.071: Total time for which application threads were stopped: 0.0000521 seconds, Stopping threads took: 0.0000207 seconds
2023-04-25T18:54:22.062+0530: 58.072: Total time for which application threads were stopped: 0.0001329 seconds, Stopping threads took: 0.0000260 seconds
2023-04-25T18:54:22.070+0530: 58.081: Total time for which application threads were stopped: 0.0002037 seconds, Stopping threads took: 0.0001203 seconds
2023-04-25T18:54:22.094+0530: 58.104: Total time for which application threads were stopped: 0.0013287 seconds, Stopping threads took: 0.0012344 seconds
2023-04-25T18:54:22.094+0530: 58.104: [CMS-concurrent-mark: 0.030/0.033 secs] [Times: user=0.12 sys=0.01, real=0.03 secs] 
2023-04-25T18:54:22.094+0530: 58.104: [CMS-concurrent-preclean-start]
2023-04-25T18:54:22.095+0530: 58.105: [CMS-concurrent-preclean: 0.001/0.001 secs] [Times: user=0.01 sys=0.00, real=0.00 secs] 
2023-04-25T18:54:22.095+0530: 58.105: [GC (CMS Final Remark) [YG occupancy: 22241 K (109248 K)]{Heap before GC invocations=20 (full 2):
 par new generation   total 109248K, used 22241K [0x00000000e0000000, 0x00000000e8000000, 0x00000000e8000000)
  eden space 87424K,   0% used [0x00000000e0000000, 0x00000000e0068780, 0x00000000e5560000)
  from space 21824K, 100% used [0x00000000e5560000, 0x00000000e6ab0000, 0x00000000e6ab0000)
  to   space 21824K,   0% used [0x00000000e6ab0000, 0x00000000e6ab0000, 0x00000000e8000000)
 concurrent mark-sweep generation total 393216K, used 18980K [0x00000000e8000000, 0x0000000100000000, 0x0000000100000000)
 Metaspace       used 37640K, capacity 38316K, committed 38628K, reserved 1083392K
  class space    used 4487K, capacity 4720K, committed 4756K, reserved 1048576K
2023-04-25T18:54:22.095+0530: 58.105: [GC (CMS Final Remark) 2023-04-25T18:54:22.095+0530: 58.105: [ParNew
Desired survivor size 20112992 bytes, new threshold 8 (max 8)
- age   1:      65304 bytes,      65304 total
- age   2:    6080864 bytes,    6146168 total
- age   3:     238536 bytes,    6384704 total
- age   4:    4762352 bytes,   11147056 total
- age   5:    3966624 bytes,   15113680 total
- age   6:     278128 bytes,   15391808 total
- age   7:      85336 bytes,   15477144 total
- age   8:     109384 bytes,   15586528 total
: 22241K->21824K(109248K), 0.0119517 secs] 41222K->40855K(502464K), 0.0120100 secs] [Times: user=0.04 sys=0.00, real=0.01 secs] 
Heap after GC invocations=21 (full 2):
 par new generation   total 109248K, used 21824K [0x00000000e0000000, 0x00000000e8000000, 0x00000000e8000000)
  eden space 87424K,   0% used [0x00000000e0000000, 0x00000000e0000000, 0x00000000e5560000)
  from space 21824K, 100% used [0x00000000e6ab0000, 0x00000000e8000000, 0x00000000e8000000)
  to   space 21824K,   0% used [0x00000000e5560000, 0x00000000e5560000, 0x00000000e6ab0000)
 concurrent mark-sweep generation total 393216K, used 19031K [0x00000000e8000000, 0x0000000100000000, 0x0000000100000000)
 Metaspace       used 37640K, capacity 38316K, committed 38628K, reserved 1083392K
  class space    used 4487K, capacity 4720K, committed 4756K, reserved 1048576K
}
2023-04-25T18:54:22.107+0530: 58.117: [Rescan (parallel) , 0.0044748 secs]2023-04-25T18:54:22.112+0530: 58.122: [weak refs processing, 0.0003153 secs]2023-04-25T18:54:22.112+0530: 58.122: [class unloading, 0.0061804 secs]2023-04-25T18:54:22.118+0530: 58.128: [scrub symbol table, 0.0033900 secs]2023-04-25T18:54:22.122+0530: 58.132: [scrub string table, 0.0005670 secs][1 CMS-remark: 19031K(393216K)] 40855K(502464K), 0.0273664 secs] [Times: user=0.07 sys=0.00, real=0.03 secs] 
2023-04-25T18:54:22.123+0530: 58.133: Total time for which application threads were stopped: 0.0274848 seconds, Stopping threads took: 0.0000389 seconds
2023-04-25T18:54:22.123+0530: 58.133: [CMS-concurrent-sweep-start]
2023-04-25T18:54:22.123+0530: 58.133: Total time for which application threads were stopped: 0.0000972 seconds, Stopping threads took: 0.0000458 seconds
2023-04-25T18:54:22.133+0530: 58.143: [CMS-concurrent-sweep: 0.010/0.010 secs] [Times: user=0.05 sys=0.00, real=0.01 secs] 
2023-04-25T18:54:22.133+0530: 58.143: [CMS-concurrent-reset-start]
2023-04-25T18:54:22.134+0530: 58.144: [CMS-concurrent-reset: 0.000/0.000 secs] [Times: user=0.00 sys=0.00, real=0.00 secs] 
2023-04-25T18:54:22.276+0530: 58.286: Total time for which application threads were stopped: 0.0001466 seconds, Stopping threads took: 0.0000179 seconds
2023-04-25T18:54:22.276+0530: 58.286: Total time for which application threads were stopped: 0.0000450 seconds, Stopping threads took: 0.0000097 seconds
2023-04-25T18:54:22.297+0530: 58.307: Total time for which application threads were stopped: 0.0004833 seconds, Stopping threads took: 0.0000185 seconds
2023-04-25T18:54:22.299+0530: 58.309: Total time for which application threads were stopped: 0.0004120 seconds, Stopping threads took: 0.0000106 seconds
2023-04-25T18:54:22.367+0530: 58.377: Total time for which application threads were stopped: 0.0001684 seconds, Stopping threads took: 0.0000233 seconds
2023-04-25T18:54:22.416+0530: 58.427: Total time for which application threads were stopped: 0.0003220 seconds, Stopping threads took: 0.0000539 seconds
2023-04-25T18:54:22.417+0530: 58.427: Total time for which application threads were stopped: 0.0001478 seconds, Stopping threads took: 0.0000352 seconds
2023-04-25T18:54:22.417+0530: 58.427: Total time for which application threads were stopped: 0.0001234 seconds, Stopping threads took: 0.0000324 seconds
2023-04-25T18:54:22.638+0530: 58.649: Total time for which application threads were stopped: 0.0002403 seconds, Stopping threads took: 0.0000595 seconds
2023-04-25T18:54:22.645+0530: 58.656: Total time for which application threads were stopped: 0.0003704 seconds, Stopping threads took: 0.0000903 seconds
2023-04-25T18:54:22.647+0530: 58.658: Total time for which application threads were stopped: 0.0003979 seconds, Stopping threads took: 0.0002433 seconds
2023-04-25T18:54:22.649+0530: 58.659: Total time for which application threads were stopped: 0.0004260 seconds, Stopping threads took: 0.0001820 seconds
2023-04-25T18:54:22.651+0530: 58.661: Total time for which application threads were stopped: 0.0002734 seconds, Stopping threads took: 0.0000681 seconds
2023-04-25T18:54:22.654+0530: 58.664: Total time for which application threads were stopped: 0.0003073 seconds, Stopping threads took: 0.0000784 seconds
2023-04-25T18:54:22.657+0530: 58.667: Total time for which application threads were stopped: 0.0002842 seconds, Stopping threads took: 0.0000981 seconds
2023-04-25T18:54:22.659+0530: 58.669: Total time for which application threads were stopped: 0.0002678 seconds, Stopping threads took: 0.0000682 seconds
2023-04-25T18:54:22.659+0530: 58.669: Total time for which application threads were stopped: 0.0002061 seconds, Stopping threads took: 0.0000495 seconds
2023-04-25T18:54:22.660+0530: 58.670: Total time for which application threads were stopped: 0.0001829 seconds, Stopping threads took: 0.0000408 seconds
2023-04-25T18:54:22.660+0530: 58.670: Total time for which application threads were stopped: 0.0001901 seconds, Stopping threads took: 0.0000433 seconds
2023-04-25T18:54:22.661+0530: 58.672: Total time for which application threads were stopped: 0.0002069 seconds, Stopping threads took: 0.0000530 seconds
2023-04-25T18:54:22.662+0530: 58.672: Total time for which application threads were stopped: 0.0002158 seconds, Stopping threads took: 0.0000489 seconds
2023-04-25T18:54:22.663+0530: 58.673: Total time for which application threads were stopped: 0.0002167 seconds, Stopping threads took: 0.0000535 seconds
2023-04-25T18:54:22.663+0530: 58.673: Total time for which application threads were stopped: 0.0001964 seconds, Stopping threads took: 0.0000459 seconds
2023-04-25T18:54:22.667+0530: 58.678: Total time for which application threads were stopped: 0.0002995 seconds, Stopping threads took: 0.0001280 seconds
2023-04-25T18:54:22.669+0530: 58.680: Total time for which application threads were stopped: 0.0003056 seconds, Stopping threads took: 0.0001445 seconds
2023-04-25T18:54:22.674+0530: 58.684: Total time for which application threads were stopped: 0.0003067 seconds, Stopping threads took: 0.0000967 seconds
2023-04-25T18:54:22.675+0530: 58.685: Total time for which application threads were stopped: 0.0001906 seconds, Stopping threads took: 0.0000587 seconds
2023-04-25T18:54:22.676+0530: 58.686: Total time for which application threads were stopped: 0.0002599 seconds, Stopping threads took: 0.0000574 seconds
2023-04-25T18:54:22.682+0530: 58.692: Total time for which application threads were stopped: 0.0008165 seconds, Stopping threads took: 0.0001916 seconds
2023-04-25T18:54:22.690+0530: 58.701: Total time for which application threads were stopped: 0.0002272 seconds, Stopping threads took: 0.0000704 seconds
2023-04-25T18:54:22.691+0530: 58.701: Total time for which application threads were stopped: 0.0002201 seconds, Stopping threads took: 0.0000600 seconds
2023-04-25T18:54:22.691+0530: 58.702: Total time for which application threads were stopped: 0.0002510 seconds, Stopping threads took: 0.0000927 seconds
2023-04-25T18:54:22.695+0530: 58.705: Total time for which application threads were stopped: 0.0002643 seconds, Stopping threads took: 0.0000707 seconds
2023-04-25T18:54:22.744+0530: 58.755: Total time for which application threads were stopped: 0.0002179 seconds, Stopping threads took: 0.0000551 seconds
2023-04-25T18:54:22.745+0530: 58.755: Total time for which application threads were stopped: 0.0001537 seconds, Stopping threads took: 0.0000971 seconds
2023-04-25T18:54:22.746+0530: 58.756: Total time for which application threads were stopped: 0.0000607 seconds, Stopping threads took: 0.0000174 seconds
2023-04-25T18:54:22.785+0530: 58.796: Total time for which application threads were stopped: 0.0001049 seconds, Stopping threads took: 0.0000274 seconds
2023-04-25T18:54:22.819+0530: 58.829: Total time for which application threads were stopped: 0.0002481 seconds, Stopping threads took: 0.0000534 seconds
2023-04-25T18:54:22.819+0530: 58.829: Total time for which application threads were stopped: 0.0002345 seconds, Stopping threads took: 0.0001232 seconds
2023-04-25T18:54:22.819+0530: 58.830: Total time for which application threads were stopped: 0.0001172 seconds, Stopping threads took: 0.0000372 seconds
2023-04-25T18:54:22.820+0530: 58.830: Total time for which application threads were stopped: 0.0001178 seconds, Stopping threads took: 0.0000406 seconds
2023-04-25T18:54:25.820+0530: 61.830: Total time for which application threads were stopped: 0.0002258 seconds, Stopping threads took: 0.0000522 seconds
2023-04-25T18:54:25.860+0530: 61.870: Total time for which application threads were stopped: 0.0002072 seconds, Stopping threads took: 0.0000491 seconds
2023-04-25T18:54:25.878+0530: 61.888: Total time for which application threads were stopped: 0.0002427 seconds, Stopping threads took: 0.0000513 seconds
2023-04-25T18:54:25.879+0530: 61.889: Total time for which application threads were stopped: 0.0002014 seconds, Stopping threads took: 0.0000424 seconds
2023-04-25T18:54:25.926+0530: 61.936: Total time for which application threads were stopped: 0.0004323 seconds, Stopping threads took: 0.0000167 seconds
2023-04-25T18:54:25.930+0530: 61.940: Total time for which application threads were stopped: 0.0001238 seconds, Stopping threads took: 0.0000239 seconds
2023-04-25T18:54:25.930+0530: 61.940: Total time for which application threads were stopped: 0.0001023 seconds, Stopping threads took: 0.0000291 seconds
2023-04-25T18:54:25.930+0530: 61.940: Total time for which application threads were stopped: 0.0000982 seconds, Stopping threads took: 0.0000744 seconds
2023-04-25T18:54:25.955+0530: 61.965: Total time for which application threads were stopped: 0.0001489 seconds, Stopping threads took: 0.0000205 seconds
2023-04-25T18:54:25.956+0530: 61.966: Total time for which application threads were stopped: 0.0000771 seconds, Stopping threads took: 0.0000190 seconds
2023-04-25T18:54:25.976+0530: 61.987: Total time for which application threads were stopped: 0.0005003 seconds, Stopping threads took: 0.0000190 seconds
2023-04-25T18:54:26.043+0530: 62.053: Total time for which application threads were stopped: 0.0000766 seconds, Stopping threads took: 0.0000175 seconds
2023-04-25T18:54:26.062+0530: 62.072: Total time for which application threads were stopped: 0.0001170 seconds, Stopping threads took: 0.0000442 seconds
2023-04-25T18:54:31.654+0530: 67.665: Total time for which application threads were stopped: 0.0002094 seconds, Stopping threads took: 0.0000451 seconds
2023-04-25T18:54:31.655+0530: 67.665: Total time for which application threads were stopped: 0.0001316 seconds, Stopping threads took: 0.0000296 seconds
2023-04-25T18:54:36.656+0530: 72.666: Total time for which application threads were stopped: 0.0001957 seconds, Stopping threads took: 0.0000480 seconds
2023-04-25T18:54:41.800+0530: 77.810: Total time for which application threads were stopped: 0.0001848 seconds, Stopping threads took: 0.0000455 seconds
2023-04-25T18:54:41.801+0530: 77.811: Total time for which application threads were stopped: 0.0001391 seconds, Stopping threads took: 0.0000306 seconds
2023-04-25T18:55:32.813+0530: 128.823: Total time for which application threads were stopped: 0.0002280 seconds, Stopping threads took: 0.0000892 seconds
2023-04-25T18:55:33.211+0530: 129.222: Total time for which application threads were stopped: 0.0000814 seconds, Stopping threads took: 0.0000211 seconds
2023-04-25T18:55:33.212+0530: 129.222: Total time for which application threads were stopped: 0.0000619 seconds, Stopping threads took: 0.0000162 seconds
2023-04-25T18:55:33.212+0530: 129.223: Total time for which application threads were stopped: 0.0000534 seconds, Stopping threads took: 0.0000119 seconds
2023-04-25T18:55:33.213+0530: 129.223: Total time for which application threads were stopped: 0.0000520 seconds, Stopping threads took: 0.0000103 seconds
2023-04-25T18:55:33.214+0530: 129.224: Total time for which application threads were stopped: 0.0001020 seconds, Stopping threads took: 0.0000445 seconds
2023-04-25T18:55:33.214+0530: 129.224: Total time for which application threads were stopped: 0.0001040 seconds, Stopping threads took: 0.0000444 seconds
2023-04-25T18:55:33.214+0530: 129.224: Total time for which application threads were stopped: 0.0000871 seconds, Stopping threads took: 0.0000406 seconds
2023-04-25T18:55:33.214+0530: 129.225: Total time for which application threads were stopped: 0.0000776 seconds, Stopping threads took: 0.0000430 seconds
2023-04-25T18:55:33.215+0530: 129.225: Total time for which application threads were stopped: 0.0000953 seconds, Stopping threads took: 0.0000402 seconds
2023-04-25T18:55:33.230+0530: 129.241: Total time for which application threads were stopped: 0.0001144 seconds, Stopping threads took: 0.0000275 seconds
2023-04-25T18:55:33.268+0530: 129.278: Total time for which application threads were stopped: 0.0001983 seconds, Stopping threads took: 0.0000267 seconds
2023-04-25T18:55:34.268+0530: 130.278: Total time for which application threads were stopped: 0.0002455 seconds, Stopping threads took: 0.0000527 seconds
2023-04-25T18:56:26.001+0530: 182.012: Total time for which application threads were stopped: 0.0002735 seconds, Stopping threads took: 0.0000796 seconds
2023-04-25T18:56:26.002+0530: 182.012: Total time for which application threads were stopped: 0.0002057 seconds, Stopping threads took: 0.0000548 seconds
2023-04-25T18:56:42.533+0530: 198.544: Total time for which application threads were stopped: 0.0001202 seconds, Stopping threads took: 0.0000429 seconds
2023-04-25T18:56:42.533+0530: 198.544: Total time for which application threads were stopped: 0.0000524 seconds, Stopping threads took: 0.0000088 seconds
2023-04-25T18:56:42.534+0530: 198.544: Total time for which application threads were stopped: 0.0000356 seconds, Stopping threads took: 0.0000070 seconds
2023-04-25T18:56:42.534+0530: 198.544: Total time for which application threads were stopped: 0.0000486 seconds, Stopping threads took: 0.0000106 seconds
2023-04-25T18:56:42.552+0530: 198.562: Total time for which application threads were stopped: 0.0000760 seconds, Stopping threads took: 0.0000176 seconds
2023-04-25T18:56:42.559+0530: 198.569: Total time for which application threads were stopped: 0.0001882 seconds, Stopping threads took: 0.0001060 seconds
2023-04-25T18:56:42.559+0530: 198.570: Total time for which application threads were stopped: 0.0001112 seconds, Stopping threads took: 0.0000152 seconds
2023-04-25T18:56:42.560+0530: 198.570: Total time for which application threads were stopped: 0.0000641 seconds, Stopping threads took: 0.0000149 seconds
2023-04-25T18:56:42.560+0530: 198.570: Total time for which application threads were stopped: 0.0000522 seconds, Stopping threads took: 0.0000126 seconds
2023-04-25T18:56:42.560+0530: 198.570: Total time for which application threads were stopped: 0.0000439 seconds, Stopping threads took: 0.0000099 seconds
2023-04-25T18:56:42.561+0530: 198.571: Total time for which application threads were stopped: 0.0000717 seconds, Stopping threads took: 0.0000170 seconds
2023-04-25T18:56:42.562+0530: 198.572: Total time for which application threads were stopped: 0.0001184 seconds, Stopping threads took: 0.0000414 seconds
2023-04-25T18:56:42.562+0530: 198.572: Total time for which application threads were stopped: 0.0001056 seconds, Stopping threads took: 0.0000356 seconds
2023-04-25T18:56:42.580+0530: 198.590: Total time for which application threads were stopped: 0.0001871 seconds, Stopping threads took: 0.0000512 seconds
2023-04-25T18:56:42.580+0530: 198.591: Total time for which application threads were stopped: 0.0000621 seconds, Stopping threads took: 0.0000149 seconds
2023-04-25T18:56:42.581+0530: 198.591: Total time for which application threads were stopped: 0.0000452 seconds, Stopping threads took: 0.0000106 seconds
2023-04-25T18:56:48.581+0530: 204.591: Total time for which application threads were stopped: 0.0001071 seconds, Stopping threads took: 0.0000265 seconds
2023-04-25T18:56:59.583+0530: 215.593: Total time for which application threads were stopped: 0.0002165 seconds, Stopping threads took: 0.0000528 seconds
2023-04-25T18:57:01.571+0530: 217.581: Total time for which application threads were stopped: 0.0001439 seconds, Stopping threads took: 0.0000523 seconds
2023-04-25T18:57:01.572+0530: 217.582: Total time for which application threads were stopped: 0.0002795 seconds, Stopping threads took: 0.0000124 seconds
2023-04-25T18:57:01.572+0530: 217.582: Total time for which application threads were stopped: 0.0000736 seconds, Stopping threads took: 0.0000120 seconds
2023-04-25T18:57:01.572+0530: 217.583: Total time for which application threads were stopped: 0.0000653 seconds, Stopping threads took: 0.0000109 seconds
2023-04-25T18:57:01.574+0530: 217.584: Total time for which application threads were stopped: 0.0001075 seconds, Stopping threads took: 0.0000228 seconds
2023-04-25T18:57:01.577+0530: 217.587: Total time for which application threads were stopped: 0.0000804 seconds, Stopping threads took: 0.0000209 seconds
2023-04-25T18:57:01.578+0530: 217.588: Total time for which application threads were stopped: 0.0001137 seconds, Stopping threads took: 0.0000434 seconds
2023-04-25T18:57:01.578+0530: 217.588: Total time for which application threads were stopped: 0.0000596 seconds, Stopping threads took: 0.0000108 seconds
2023-04-25T18:57:01.578+0530: 217.588: Total time for which application threads were stopped: 0.0000621 seconds, Stopping threads took: 0.0000118 seconds
2023-04-25T18:57:01.580+0530: 217.590: Total time for which application threads were stopped: 0.0000813 seconds, Stopping threads took: 0.0000298 seconds
2023-04-25T18:57:01.580+0530: 217.590: Total time for which application threads were stopped: 0.0000499 seconds, Stopping threads took: 0.0000201 seconds
2023-04-25T18:57:01.587+0530: 217.598: Total time for which application threads were stopped: 0.0000981 seconds, Stopping threads took: 0.0000321 seconds
2023-04-25T18:57:01.588+0530: 217.598: Total time for which application threads were stopped: 0.0000658 seconds, Stopping threads took: 0.0000222 seconds
2023-04-25T18:57:10.004+0530: 226.014: Total time for which application threads were stopped: 0.0002456 seconds, Stopping threads took: 0.0000441 seconds
2023-04-25T18:57:10.408+0530: 226.418: Total time for which application threads were stopped: 0.0001310 seconds, Stopping threads took: 0.0000286 seconds
2023-04-25T18:57:10.408+0530: 226.418: Total time for which application threads were stopped: 0.0000688 seconds, Stopping threads took: 0.0000123 seconds
2023-04-25T18:57:10.408+0530: 226.419: Total time for which application threads were stopped: 0.0000632 seconds, Stopping threads took: 0.0000135 seconds
2023-04-25T18:57:10.412+0530: 226.422: Total time for which application threads were stopped: 0.0001079 seconds, Stopping threads took: 0.0000340 seconds
2023-04-25T18:57:10.412+0530: 226.422: Total time for which application threads were stopped: 0.0001157 seconds, Stopping threads took: 0.0000458 seconds
2023-04-25T18:57:10.413+0530: 226.423: Total time for which application threads were stopped: 0.0000682 seconds, Stopping threads took: 0.0000137 seconds
2023-04-25T18:57:10.413+0530: 226.423: Total time for which application threads were stopped: 0.0000402 seconds, Stopping threads took: 0.0000081 seconds
2023-04-25T18:57:10.413+0530: 226.424: Total time for which application threads were stopped: 0.0000490 seconds, Stopping threads took: 0.0000096 seconds
2023-04-25T18:57:10.415+0530: 226.425: Total time for which application threads were stopped: 0.0000714 seconds, Stopping threads took: 0.0000165 seconds
2023-04-25T18:57:10.421+0530: 226.431: Total time for which application threads were stopped: 0.0000918 seconds, Stopping threads took: 0.0000190 seconds
2023-04-25T18:57:10.421+0530: 226.431: Total time for which application threads were stopped: 0.0000655 seconds, Stopping threads took: 0.0000134 seconds
2023-04-25T18:57:20.423+0530: 236.434: Total time for which application threads were stopped: 0.0001925 seconds, Stopping threads took: 0.0000485 seconds
2023-04-25T18:57:21.424+0530: 237.434: Total time for which application threads were stopped: 0.0001967 seconds, Stopping threads took: 0.0000484 seconds
2023-04-25T18:57:32.425+0530: 248.435: Total time for which application threads were stopped: 0.0002302 seconds, Stopping threads took: 0.0000849 seconds
2023-04-25T18:58:10.586+0530: 286.596: Total time for which application threads were stopped: 0.0001106 seconds, Stopping threads took: 0.0000399 seconds
2023-04-25T18:58:10.586+0530: 286.597: Total time for which application threads were stopped: 0.0000890 seconds, Stopping threads took: 0.0000224 seconds
2023-04-25T18:58:10.587+0530: 286.597: Total time for which application threads were stopped: 0.0000974 seconds, Stopping threads took: 0.0000263 seconds
2023-04-25T18:58:10.589+0530: 286.599: Total time for which application threads were stopped: 0.0001601 seconds, Stopping threads took: 0.0000536 seconds
2023-04-25T18:58:10.591+0530: 286.601: Total time for which application threads were stopped: 0.0001091 seconds, Stopping threads took: 0.0000327 seconds
2023-04-25T18:58:10.591+0530: 286.601: Total time for which application threads were stopped: 0.0001777 seconds, Stopping threads took: 0.0001124 seconds
2023-04-25T18:58:10.592+0530: 286.602: Total time for which application threads were stopped: 0.0000924 seconds, Stopping threads took: 0.0000382 seconds
2023-04-25T18:58:10.592+0530: 286.602: Total time for which application threads were stopped: 0.0000624 seconds, Stopping threads took: 0.0000260 seconds
2023-04-25T18:58:10.592+0530: 286.603: Total time for which application threads were stopped: 0.0000715 seconds, Stopping threads took: 0.0000155 seconds
2023-04-25T18:58:10.594+0530: 286.604: Total time for which application threads were stopped: 0.0000814 seconds, Stopping threads took: 0.0000160 seconds
2023-04-25T18:58:10.594+0530: 286.604: Total time for which application threads were stopped: 0.0000788 seconds, Stopping threads took: 0.0000269 seconds
2023-04-25T18:58:10.600+0530: 286.610: Total time for which application threads were stopped: 0.0001130 seconds, Stopping threads took: 0.0000256 seconds
2023-04-25T18:58:10.600+0530: 286.611: Total time for which application threads were stopped: 0.0000740 seconds, Stopping threads took: 0.0000185 seconds
2023-04-25T18:58:27.602+0530: 303.613: Total time for which application threads were stopped: 0.0001142 seconds, Stopping threads took: 0.0000258 seconds
2023-04-25T18:59:20.614+0530: 356.624: Total time for which application threads were stopped: 0.0002338 seconds, Stopping threads took: 0.0000884 seconds
2023-04-25T19:00:17.624+0530: 413.634: Total time for which application threads were stopped: 0.0002371 seconds, Stopping threads took: 0.0000896 seconds
2023-04-25T19:00:31.155+0530: 427.165: Total time for which application threads were stopped: 0.0000754 seconds, Stopping threads took: 0.0000176 seconds
2023-04-25T19:00:31.155+0530: 427.165: Total time for which application threads were stopped: 0.0000413 seconds, Stopping threads took: 0.0000065 seconds
2023-04-25T19:00:31.155+0530: 427.166: Total time for which application threads were stopped: 0.0000453 seconds, Stopping threads took: 0.0000087 seconds
2023-04-25T19:00:31.156+0530: 427.167: Total time for which application threads were stopped: 0.0000955 seconds, Stopping threads took: 0.0000208 seconds
2023-04-25T19:00:31.159+0530: 427.169: Total time for which application threads were stopped: 0.0000874 seconds, Stopping threads took: 0.0000218 seconds
2023-04-25T19:00:31.159+0530: 427.170: Total time for which application threads were stopped: 0.0000525 seconds, Stopping threads took: 0.0000115 seconds
2023-04-25T19:00:31.160+0530: 427.170: Total time for which application threads were stopped: 0.0001674 seconds, Stopping threads took: 0.0001450 seconds
2023-04-25T19:00:31.160+0530: 427.170: Total time for which application threads were stopped: 0.0000368 seconds, Stopping threads took: 0.0000137 seconds
2023-04-25T19:00:31.160+0530: 427.170: Total time for which application threads were stopped: 0.0000271 seconds, Stopping threads took: 0.0000065 seconds
2023-04-25T19:00:31.161+0530: 427.172: Total time for which application threads were stopped: 0.0000665 seconds, Stopping threads took: 0.0000291 seconds
2023-04-25T19:00:31.161+0530: 427.172: Total time for which application threads were stopped: 0.0000541 seconds, Stopping threads took: 0.0000213 seconds
2023-04-25T19:00:31.162+0530: 427.172: Total time for which application threads were stopped: 0.0000789 seconds, Stopping threads took: 0.0000521 seconds
2023-04-25T19:00:31.162+0530: 427.173: Total time for which application threads were stopped: 0.0000437 seconds, Stopping threads took: 0.0000207 seconds
2023-04-25T19:00:31.163+0530: 427.173: Total time for which application threads were stopped: 0.0000286 seconds, Stopping threads took: 0.0000078 seconds
2023-04-25T19:00:31.164+0530: 427.174: Total time for which application threads were stopped: 0.0000403 seconds, Stopping threads took: 0.0000082 seconds
2023-04-25T19:00:31.182+0530: 427.192: Total time for which application threads were stopped: 0.0000993 seconds, Stopping threads took: 0.0000202 seconds
2023-04-25T19:00:31.182+0530: 427.193: Total time for which application threads were stopped: 0.0000581 seconds, Stopping threads took: 0.0000135 seconds
2023-04-25T19:00:31.183+0530: 427.193: Total time for which application threads were stopped: 0.0000434 seconds, Stopping threads took: 0.0000117 seconds
2023-04-25T19:00:31.183+0530: 427.193: Total time for which application threads were stopped: 0.0000425 seconds, Stopping threads took: 0.0000116 seconds
2023-04-25T19:00:31.183+0530: 427.193: Total time for which application threads were stopped: 0.0000392 seconds, Stopping threads took: 0.0000095 seconds
2023-04-25T19:00:31.189+0530: 427.199: Total time for which application threads were stopped: 0.0001038 seconds, Stopping threads took: 0.0000317 seconds
2023-04-25T19:00:31.189+0530: 427.199: Total time for which application threads were stopped: 0.0001473 seconds, Stopping threads took: 0.0000191 seconds
2023-04-25T19:00:32.189+0530: 428.199: Total time for which application threads were stopped: 0.0000859 seconds, Stopping threads took: 0.0000205 seconds
2023-04-25T19:00:39.003+0530: 435.014: Total time for which application threads were stopped: 0.0002642 seconds, Stopping threads took: 0.0000813 seconds
2023-04-25T19:00:40.004+0530: 436.014: Total time for which application threads were stopped: 0.0002031 seconds, Stopping threads took: 0.0000462 seconds
2023-04-25T19:00:40.407+0530: 436.417: Total time for which application threads were stopped: 0.0001225 seconds, Stopping threads took: 0.0000271 seconds
2023-04-25T19:00:40.407+0530: 436.417: Total time for which application threads were stopped: 0.0000677 seconds, Stopping threads took: 0.0000114 seconds
2023-04-25T19:00:40.407+0530: 436.418: Total time for which application threads were stopped: 0.0001384 seconds, Stopping threads took: 0.0000762 seconds
2023-04-25T19:00:40.410+0530: 436.420: Total time for which application threads were stopped: 0.0001028 seconds, Stopping threads took: 0.0000210 seconds
2023-04-25T19:00:40.410+0530: 436.421: Total time for which application threads were stopped: 0.0000543 seconds, Stopping threads took: 0.0000104 seconds
2023-04-25T19:00:40.411+0530: 436.421: Total time for which application threads were stopped: 0.0000375 seconds, Stopping threads took: 0.0000073 seconds
2023-04-25T19:00:40.411+0530: 436.421: Total time for which application threads were stopped: 0.0000326 seconds, Stopping threads took: 0.0000063 seconds
2023-04-25T19:00:40.411+0530: 436.422: Total time for which application threads were stopped: 0.0000405 seconds, Stopping threads took: 0.0000108 seconds
2023-04-25T19:00:40.424+0530: 436.435: Total time for which application threads were stopped: 0.0001118 seconds, Stopping threads took: 0.0000244 seconds
2023-04-25T19:00:40.425+0530: 436.435: Total time for which application threads were stopped: 0.0000617 seconds, Stopping threads took: 0.0000177 seconds
2023-04-25T19:00:40.425+0530: 436.435: Total time for which application threads were stopped: 0.0000380 seconds, Stopping threads took: 0.0000103 seconds
2023-04-25T19:00:40.425+0530: 436.436: Total time for which application threads were stopped: 0.0000449 seconds, Stopping threads took: 0.0000117 seconds
2023-04-25T19:00:40.427+0530: 436.437: Total time for which application threads were stopped: 0.0001104 seconds, Stopping threads took: 0.0000381 seconds
2023-04-25T19:00:40.427+0530: 436.438: Total time for which application threads were stopped: 0.0000934 seconds, Stopping threads took: 0.0000158 seconds
2023-04-25T19:01:11.409+0530: 467.420: Total time for which application threads were stopped: 0.0001353 seconds, Stopping threads took: 0.0000457 seconds
2023-04-25T19:01:11.410+0530: 467.420: Total time for which application threads were stopped: 0.0000672 seconds, Stopping threads took: 0.0000145 seconds
2023-04-25T19:01:11.410+0530: 467.421: Total time for which application threads were stopped: 0.0000599 seconds, Stopping threads took: 0.0000114 seconds
2023-04-25T19:01:11.411+0530: 467.422: Total time for which application threads were stopped: 0.0000884 seconds, Stopping threads took: 0.0000191 seconds
2023-04-25T19:01:11.413+0530: 467.424: Total time for which application threads were stopped: 0.0001238 seconds, Stopping threads took: 0.0000365 seconds
2023-04-25T19:01:11.414+0530: 467.424: Total time for which application threads were stopped: 0.0000829 seconds, Stopping threads took: 0.0000180 seconds
2023-04-25T19:01:11.414+0530: 467.425: Total time for which application threads were stopped: 0.0000695 seconds, Stopping threads took: 0.0000189 seconds
2023-04-25T19:01:11.415+0530: 467.425: Total time for which application threads were stopped: 0.0000576 seconds, Stopping threads took: 0.0000265 seconds
2023-04-25T19:01:11.415+0530: 467.425: Total time for which application threads were stopped: 0.0000519 seconds, Stopping threads took: 0.0000145 seconds
2023-04-25T19:01:11.424+0530: 467.434: Total time for which application threads were stopped: 0.0001092 seconds, Stopping threads took: 0.0000225 seconds
2023-04-25T19:01:11.424+0530: 467.434: Total time for which application threads were stopped: 0.0000840 seconds, Stopping threads took: 0.0000303 seconds
2023-04-25T19:01:11.424+0530: 467.434: Total time for which application threads were stopped: 0.0000354 seconds, Stopping threads took: 0.0000100 seconds
2023-04-25T19:01:11.424+0530: 467.434: Total time for which application threads were stopped: 0.0000343 seconds, Stopping threads took: 0.0000093 seconds
2023-04-25T19:01:11.424+0530: 467.435: Total time for which application threads were stopped: 0.0001339 seconds, Stopping threads took: 0.0000167 seconds
2023-04-25T19:01:11.426+0530: 467.436: Total time for which application threads were stopped: 0.0000491 seconds, Stopping threads took: 0.0000097 seconds
2023-04-25T19:01:11.426+0530: 467.437: Total time for which application threads were stopped: 0.0000397 seconds, Stopping threads took: 0.0000074 seconds
2023-04-25T19:01:56.568+0530: 512.578: Total time for which application threads were stopped: 0.0001306 seconds, Stopping threads took: 0.0000521 seconds
2023-04-25T19:01:56.568+0530: 512.579: Total time for which application threads were stopped: 0.0000576 seconds, Stopping threads took: 0.0000129 seconds
2023-04-25T19:01:56.569+0530: 512.579: Total time for which application threads were stopped: 0.0000859 seconds, Stopping threads took: 0.0000333 seconds
2023-04-25T19:01:56.572+0530: 512.582: Total time for which application threads were stopped: 0.0001223 seconds, Stopping threads took: 0.0000282 seconds
2023-04-25T19:01:56.572+0530: 512.582: Total time for which application threads were stopped: 0.0001020 seconds, Stopping threads took: 0.0000198 seconds
2023-04-25T19:01:56.573+0530: 512.583: Total time for which application threads were stopped: 0.0000705 seconds, Stopping threads took: 0.0000137 seconds
2023-04-25T19:01:56.573+0530: 512.583: Total time for which application threads were stopped: 0.0000724 seconds, Stopping threads took: 0.0000156 seconds
2023-04-25T19:01:56.574+0530: 512.584: Total time for which application threads were stopped: 0.0001657 seconds, Stopping threads took: 0.0001159 seconds
2023-04-25T19:01:56.575+0530: 512.585: Total time for which application threads were stopped: 0.0000643 seconds, Stopping threads took: 0.0000160 seconds
2023-04-25T19:01:56.583+0530: 512.593: Total time for which application threads were stopped: 0.0001250 seconds, Stopping threads took: 0.0000407 seconds
2023-04-25T19:01:56.583+0530: 512.593: Total time for which application threads were stopped: 0.0002256 seconds, Stopping threads took: 0.0000631 seconds
2023-04-25T19:01:56.583+0530: 512.594: Total time for which application threads were stopped: 0.0000655 seconds, Stopping threads took: 0.0000146 seconds
2023-04-25T19:01:56.584+0530: 512.594: Total time for which application threads were stopped: 0.0000593 seconds, Stopping threads took: 0.0000171 seconds
2023-04-25T19:01:56.584+0530: 512.594: Total time for which application threads were stopped: 0.0000667 seconds, Stopping threads took: 0.0000267 seconds
2023-04-25T19:01:56.587+0530: 512.597: Total time for which application threads were stopped: 0.0001139 seconds, Stopping threads took: 0.0000295 seconds
2023-04-25T19:01:56.587+0530: 512.597: Total time for which application threads were stopped: 0.0000927 seconds, Stopping threads took: 0.0000287 seconds
{Heap before GC invocations=21 (full 2):
 par new generation   total 109248K, used 109248K [0x00000000e0000000, 0x00000000e8000000, 0x00000000e8000000)
  eden space 87424K, 100% used [0x00000000e0000000, 0x00000000e5560000, 0x00000000e5560000)
  from space 21824K, 100% used [0x00000000e6ab0000, 0x00000000e8000000, 0x00000000e8000000)
  to   space 21824K,   0% used [0x00000000e5560000, 0x00000000e5560000, 0x00000000e6ab0000)
 concurrent mark-sweep generation total 393216K, used 18864K [0x00000000e8000000, 0x0000000100000000, 0x0000000100000000)
 Metaspace       used 42494K, capacity 43116K, committed 43412K, reserved 1087488K
  class space    used 5070K, capacity 5244K, committed 5268K, reserved 1048576K
2023-04-25T19:01:56.587+0530: 512.597: [GC (Allocation Failure) 2023-04-25T19:01:56.587+0530: 512.597: [ParNew
Desired survivor size 20112992 bytes, new threshold 6 (max 8)
- age   1:    5884040 bytes,    5884040 total
- age   2:      44064 bytes,    5928104 total
- age   3:    5774440 bytes,   11702544 total
- age   4:     194608 bytes,   11897152 total
- age   5:    4579016 bytes,   16476168 total
- age   6:    3928536 bytes,   20404704 total
- age   7:     278128 bytes,   20682832 total
- age   8:      85336 bytes,   20768168 total
: 109248K->21824K(109248K), 0.0218905 secs] 128112K->41828K(502464K), 0.0220203 secs] [Times: user=0.06 sys=0.01, real=0.02 secs] 
Heap after GC invocations=22 (full 2):
 par new generation   total 109248K, used 21824K [0x00000000e0000000, 0x00000000e8000000, 0x00000000e8000000)
  eden space 87424K,   0% used [0x00000000e0000000, 0x00000000e0000000, 0x00000000e5560000)
  from space 21824K, 100% used [0x00000000e5560000, 0x00000000e6ab0000, 0x00000000e6ab0000)
  to   space 21824K,   0% used [0x00000000e6ab0000, 0x00000000e6ab0000, 0x00000000e8000000)
 concurrent mark-sweep generation total 393216K, used 20004K [0x00000000e8000000, 0x0000000100000000, 0x0000000100000000)
 Metaspace       used 42494K, capacity 43116K, committed 43412K, reserved 1087488K
  class space    used 5070K, capacity 5244K, committed 5268K, reserved 1048576K
}
2023-04-25T19:01:56.609+0530: 512.619: Total time for which application threads were stopped: 0.0221889 seconds, Stopping threads took: 0.0000127 seconds
2023-04-25T19:02:07.002+0530: 523.013: Total time for which application threads were stopped: 0.0001915 seconds, Stopping threads took: 0.0000398 seconds
2023-04-25T19:02:29.005+0530: 545.015: Total time for which application threads were stopped: 0.0001947 seconds, Stopping threads took: 0.0000556 seconds
2023-04-25T19:02:40.007+0530: 556.017: Total time for which application threads were stopped: 0.0003349 seconds, Stopping threads took: 0.0001723 seconds
2023-04-25T19:03:00.245+0530: 576.256: Total time for which application threads were stopped: 0.0000995 seconds, Stopping threads took: 0.0000219 seconds
2023-04-25T19:03:00.246+0530: 576.256: Total time for which application threads were stopped: 0.0000543 seconds, Stopping threads took: 0.0000105 seconds
2023-04-25T19:03:00.246+0530: 576.256: Total time for which application threads were stopped: 0.0000591 seconds, Stopping threads took: 0.0000118 seconds
2023-04-25T19:03:00.247+0530: 576.257: Total time for which application threads were stopped: 0.0000830 seconds, Stopping threads took: 0.0000264 seconds
2023-04-25T19:03:00.247+0530: 576.258: Total time for which application threads were stopped: 0.0001854 seconds, Stopping threads took: 0.0001145 seconds
2023-04-25T19:03:00.248+0530: 576.258: Total time for which application threads were stopped: 0.0001373 seconds, Stopping threads took: 0.0000888 seconds
2023-04-25T19:03:00.248+0530: 576.258: Total time for which application threads were stopped: 0.0000733 seconds, Stopping threads took: 0.0000276 seconds
2023-04-25T19:03:00.248+0530: 576.258: Total time for which application threads were stopped: 0.0000462 seconds, Stopping threads took: 0.0000100 seconds
2023-04-25T19:03:00.248+0530: 576.258: Total time for which application threads were stopped: 0.0001328 seconds, Stopping threads took: 0.0000103 seconds
2023-04-25T19:03:00.250+0530: 576.260: Total time for which application threads were stopped: 0.0000794 seconds, Stopping threads took: 0.0000140 seconds
2023-04-25T19:03:00.250+0530: 576.260: Total time for which application threads were stopped: 0.0000682 seconds, Stopping threads took: 0.0000115 seconds
2023-04-25T19:03:00.251+0530: 576.261: Total time for which application threads were stopped: 0.0000609 seconds, Stopping threads took: 0.0000112 seconds
2023-04-25T19:03:00.251+0530: 576.261: Total time for which application threads were stopped: 0.0000458 seconds, Stopping threads took: 0.0000101 seconds
2023-04-25T19:03:00.251+0530: 576.261: Total time for which application threads were stopped: 0.0000351 seconds, Stopping threads took: 0.0000068 seconds
2023-04-25T19:03:00.258+0530: 576.268: Total time for which application threads were stopped: 0.0001389 seconds, Stopping threads took: 0.0000381 seconds
2023-04-25T19:03:00.258+0530: 576.268: Total time for which application threads were stopped: 0.0001784 seconds, Stopping threads took: 0.0001061 seconds
2023-04-25T19:03:02.259+0530: 578.269: Total time for which application threads were stopped: 0.0002212 seconds, Stopping threads took: 0.0000540 seconds
2023-04-25T19:03:23.262+0530: 599.273: Total time for which application threads were stopped: 0.0003437 seconds, Stopping threads took: 0.0001089 seconds
2023-04-25T19:03:34.265+0530: 610.275: Total time for which application threads were stopped: 0.0002137 seconds, Stopping threads took: 0.0000526 seconds
2023-04-25T19:03:45.267+0530: 621.277: Total time for which application threads were stopped: 0.0003000 seconds, Stopping threads took: 0.0000908 seconds
2023-04-25T19:03:45.302+0530: 621.312: Total time for which application threads were stopped: 0.0001476 seconds, Stopping threads took: 0.0000516 seconds
2023-04-25T19:03:45.302+0530: 621.313: Total time for which application threads were stopped: 0.0001274 seconds, Stopping threads took: 0.0000689 seconds
2023-04-25T19:03:45.303+0530: 621.313: Total time for which application threads were stopped: 0.0000721 seconds, Stopping threads took: 0.0000175 seconds
2023-04-25T19:03:45.305+0530: 621.315: Total time for which application threads were stopped: 0.0001091 seconds, Stopping threads took: 0.0000359 seconds
2023-04-25T19:03:45.305+0530: 621.316: Total time for which application threads were stopped: 0.0000644 seconds, Stopping threads took: 0.0000146 seconds
2023-04-25T19:03:45.306+0530: 621.316: Total time for which application threads were stopped: 0.0000522 seconds, Stopping threads took: 0.0000138 seconds
2023-04-25T19:03:45.306+0530: 621.316: Total time for which application threads were stopped: 0.0000408 seconds, Stopping threads took: 0.0000117 seconds
2023-04-25T19:03:45.306+0530: 621.317: Total time for which application threads were stopped: 0.0000333 seconds, Stopping threads took: 0.0000062 seconds
2023-04-25T19:03:45.311+0530: 621.322: Total time for which application threads were stopped: 0.0000686 seconds, Stopping threads took: 0.0000142 seconds
2023-04-25T19:03:45.311+0530: 621.322: Total time for which application threads were stopped: 0.0000388 seconds, Stopping threads took: 0.0000070 seconds
2023-04-25T19:04:03.053+0530: 639.064: Total time for which application threads were stopped: 0.0000972 seconds, Stopping threads took: 0.0000246 seconds
2023-04-25T19:04:03.053+0530: 639.064: Total time for which application threads were stopped: 0.0000485 seconds, Stopping threads took: 0.0000087 seconds
2023-04-25T19:04:03.054+0530: 639.064: Total time for which application threads were stopped: 0.0000513 seconds, Stopping threads took: 0.0000094 seconds
2023-04-25T19:04:03.056+0530: 639.066: Total time for which application threads were stopped: 0.0001010 seconds, Stopping threads took: 0.0000248 seconds
2023-04-25T19:04:03.056+0530: 639.067: Total time for which application threads were stopped: 0.0002474 seconds, Stopping threads took: 0.0000235 seconds
2023-04-25T19:04:04.057+0530: 640.067: Total time for which application threads were stopped: 0.0003091 seconds, Stopping threads took: 0.0000534 seconds
2023-04-25T19:04:07.057+0530: 643.068: Total time for which application threads were stopped: 0.0002187 seconds, Stopping threads took: 0.0000524 seconds
2023-04-25T19:04:29.061+0530: 665.071: Total time for which application threads were stopped: 0.0001964 seconds, Stopping threads took: 0.0000732 seconds
2023-04-25T19:04:51.065+0530: 687.075: Total time for which application threads were stopped: 0.0003131 seconds, Stopping threads took: 0.0001191 seconds
2023-04-25T19:04:52.065+0530: 688.076: Total time for which application threads were stopped: 0.0002694 seconds, Stopping threads took: 0.0000673 seconds
2023-04-25T19:04:53.057+0530: 689.067: Total time for which application threads were stopped: 0.0002021 seconds, Stopping threads took: 0.0000430 seconds
2023-04-25T19:04:54.057+0530: 690.068: Total time for which application threads were stopped: 0.0002571 seconds, Stopping threads took: 0.0000634 seconds
2023-04-25T19:05:02.059+0530: 698.069: Total time for which application threads were stopped: 0.0002810 seconds, Stopping threads took: 0.0000613 seconds
2023-04-25T19:05:13.061+0530: 709.071: Total time for which application threads were stopped: 0.0002607 seconds, Stopping threads took: 0.0000930 seconds
2023-04-25T19:05:35.065+0530: 731.075: Total time for which application threads were stopped: 0.0002753 seconds, Stopping threads took: 0.0000643 seconds
2023-04-25T19:05:46.068+0530: 742.078: Total time for which application threads were stopped: 0.0001476 seconds, Stopping threads took: 0.0000543 seconds
2023-04-25T19:06:08.071+0530: 764.081: Total time for which application threads were stopped: 0.0002316 seconds, Stopping threads took: 0.0000523 seconds
2023-04-25T19:06:30.074+0530: 786.084: Total time for which application threads were stopped: 0.0002481 seconds, Stopping threads took: 0.0000896 seconds
2023-04-25T19:06:56.686+0530: 812.696: Total time for which application threads were stopped: 0.0001256 seconds, Stopping threads took: 0.0000411 seconds
2023-04-25T19:06:56.686+0530: 812.696: Total time for which application threads were stopped: 0.0000545 seconds, Stopping threads took: 0.0000085 seconds
2023-04-25T19:06:56.687+0530: 812.697: Total time for which application threads were stopped: 0.0000623 seconds, Stopping threads took: 0.0000106 seconds
2023-04-25T19:06:56.690+0530: 812.700: Total time for which application threads were stopped: 0.0001698 seconds, Stopping threads took: 0.0000945 seconds
2023-04-25T19:06:56.690+0530: 812.700: Total time for which application threads were stopped: 0.0000760 seconds, Stopping threads took: 0.0000184 seconds
2023-04-25T19:06:56.691+0530: 812.701: Total time for which application threads were stopped: 0.0001237 seconds, Stopping threads took: 0.0000530 seconds
2023-04-25T19:06:56.691+0530: 812.701: Total time for which application threads were stopped: 0.0000784 seconds, Stopping threads took: 0.0000316 seconds
2023-04-25T19:06:56.691+0530: 812.701: Total time for which application threads were stopped: 0.0000591 seconds, Stopping threads took: 0.0000134 seconds
2023-04-25T19:06:56.700+0530: 812.710: Total time for which application threads were stopped: 0.0001038 seconds, Stopping threads took: 0.0000242 seconds
2023-04-25T19:06:56.700+0530: 812.711: Total time for which application threads were stopped: 0.0001010 seconds, Stopping threads took: 0.0000488 seconds
2023-04-25T19:07:27.814+0530: 843.825: Total time for which application threads were stopped: 0.0001511 seconds, Stopping threads took: 0.0000461 seconds
2023-04-25T19:07:27.814+0530: 843.825: Total time for which application threads were stopped: 0.0000621 seconds, Stopping threads took: 0.0000092 seconds
2023-04-25T19:07:27.815+0530: 843.825: Total time for which application threads were stopped: 0.0000637 seconds, Stopping threads took: 0.0000107 seconds
2023-04-25T19:07:27.815+0530: 843.825: Total time for which application threads were stopped: 0.0001383 seconds, Stopping threads took: 0.0000305 seconds
2023-04-25T19:07:27.818+0530: 843.828: Total time for which application threads were stopped: 0.0001157 seconds, Stopping threads took: 0.0000248 seconds
2023-04-25T19:07:27.818+0530: 843.828: Total time for which application threads were stopped: 0.0000862 seconds, Stopping threads took: 0.0000133 seconds
2023-04-25T19:07:27.819+0530: 843.829: Total time for which application threads were stopped: 0.0000639 seconds, Stopping threads took: 0.0000129 seconds
2023-04-25T19:07:27.819+0530: 843.829: Total time for which application threads were stopped: 0.0000425 seconds, Stopping threads took: 0.0000089 seconds
2023-04-25T19:07:27.819+0530: 843.829: Total time for which application threads were stopped: 0.0000360 seconds, Stopping threads took: 0.0000073 seconds
2023-04-25T19:07:27.819+0530: 843.830: Total time for which application threads were stopped: 0.0000454 seconds, Stopping threads took: 0.0000086 seconds
2023-04-25T19:07:27.826+0530: 843.836: Total time for which application threads were stopped: 0.0000926 seconds, Stopping threads took: 0.0000221 seconds
2023-04-25T19:07:27.826+0530: 843.836: Total time for which application threads were stopped: 0.0000694 seconds, Stopping threads took: 0.0000136 seconds
2023-04-25T19:07:40.577+0530: 856.588: Total time for which application threads were stopped: 0.0001796 seconds, Stopping threads took: 0.0000206 seconds
2023-04-25T19:07:40.578+0530: 856.588: Total time for which application threads were stopped: 0.0001081 seconds, Stopping threads took: 0.0000128 seconds
2023-04-25T19:07:40.578+0530: 856.588: Total time for which application threads were stopped: 0.0000550 seconds, Stopping threads took: 0.0000097 seconds
2023-04-25T19:07:40.580+0530: 856.591: Total time for which application threads were stopped: 0.0001317 seconds, Stopping threads took: 0.0000279 seconds
2023-04-25T19:07:40.581+0530: 856.591: Total time for which application threads were stopped: 0.0001092 seconds, Stopping threads took: 0.0000351 seconds
2023-04-25T19:07:40.581+0530: 856.592: Total time for which application threads were stopped: 0.0000608 seconds, Stopping threads took: 0.0000155 seconds
2023-04-25T19:07:40.582+0530: 856.592: Total time for which application threads were stopped: 0.0000544 seconds, Stopping threads took: 0.0000131 seconds
2023-04-25T19:07:40.582+0530: 856.592: Total time for which application threads were stopped: 0.0000700 seconds, Stopping threads took: 0.0000123 seconds
2023-04-25T19:07:40.591+0530: 856.601: Total time for which application threads were stopped: 0.0000756 seconds, Stopping threads took: 0.0000164 seconds
2023-04-25T19:07:40.591+0530: 856.602: Total time for which application threads were stopped: 0.0000466 seconds, Stopping threads took: 0.0000079 seconds
2023-04-25T19:08:20.597+0530: 896.607: Total time for which application threads were stopped: 0.0002871 seconds, Stopping threads took: 0.0000881 seconds
2023-04-25T19:08:42.601+0530: 918.611: Total time for which application threads were stopped: 0.0002662 seconds, Stopping threads took: 0.0000570 seconds
2023-04-25T19:12:11.634+0530: 1127.644: Total time for which application threads were stopped: 0.0002761 seconds, Stopping threads took: 0.0001014 seconds
2023-04-25T19:13:39.650+0530: 1215.660: Total time for which application threads were stopped: 0.0002463 seconds, Stopping threads took: 0.0000894 seconds
2023-04-25T19:14:12.656+0530: 1248.666: Total time for which application threads were stopped: 0.0002769 seconds, Stopping threads took: 0.0001012 seconds
2023-04-25T19:14:43.663+0530: 1279.673: Total time for which application threads were stopped: 0.0002867 seconds, Stopping threads took: 0.0001036 seconds
2023-04-25T19:14:45.663+0530: 1281.673: Total time for which application threads were stopped: 0.0002119 seconds, Stopping threads took: 0.0000554 seconds
2023-04-25T19:14:56.665+0530: 1292.675: Total time for which application threads were stopped: 0.0003593 seconds, Stopping threads took: 0.0001516 seconds
2023-04-25T19:15:51.000+0530: 1347.010: Total time for which application threads were stopped: 0.0000767 seconds, Stopping threads took: 0.0000226 seconds
2023-04-25T19:15:51.000+0530: 1347.010: Total time for which application threads were stopped: 0.0000397 seconds, Stopping threads took: 0.0000073 seconds
2023-04-25T19:15:51.000+0530: 1347.011: Total time for which application threads were stopped: 0.0001063 seconds, Stopping threads took: 0.0000685 seconds
2023-04-25T19:15:51.039+0530: 1347.049: Total time for which application threads were stopped: 0.0001249 seconds, Stopping threads took: 0.0000254 seconds
2023-04-25T19:15:51.039+0530: 1347.050: Total time for which application threads were stopped: 0.0000916 seconds, Stopping threads took: 0.0000136 seconds
2023-04-25T19:16:05.491+0530: 1358.013: Total time for which application threads were stopped: 0.0002402 seconds, Stopping threads took: 0.0000727 seconds
2023-04-25T19:16:05.491+0530: 1358.014: Total time for which application threads were stopped: 0.0001679 seconds, Stopping threads took: 0.0000330 seconds
2023-04-25T19:16:05.493+0530: 1358.016: Total time for which application threads were stopped: 0.0003392 seconds, Stopping threads took: 0.0001934 seconds
2023-04-25T19:16:16.490+0530: 1369.013: Total time for which application threads were stopped: 0.0002086 seconds, Stopping threads took: 0.0000446 seconds
2023-04-25T19:16:16.491+0530: 1369.013: Total time for which application threads were stopped: 0.0001418 seconds, Stopping threads took: 0.0000271 seconds
2023-04-25T19:16:16.493+0530: 1369.015: Total time for which application threads were stopped: 0.0002424 seconds, Stopping threads took: 0.0000996 seconds
2023-04-25T19:16:25.885+0530: 1378.407: Total time for which application threads were stopped: 0.0002841 seconds, Stopping threads took: 0.0000537 seconds
2023-04-25T19:35:46.927+0530: 1380.253: Total time for which application threads were stopped: 0.0001227 seconds, Stopping threads took: 0.0000307 seconds
2023-04-25T19:35:46.927+0530: 1380.253: Total time for which application threads were stopped: 0.0000642 seconds, Stopping threads took: 0.0000091 seconds
2023-04-25T19:35:46.927+0530: 1380.253: Total time for which application threads were stopped: 0.0000405 seconds, Stopping threads took: 0.0000066 seconds
2023-04-25T19:35:46.930+0530: 1380.255: Total time for which application threads were stopped: 0.0000961 seconds, Stopping threads took: 0.0000179 seconds
2023-04-25T19:35:51.118+0530: 1384.444: Total time for which application threads were stopped: 0.0002728 seconds, Stopping threads took: 0.0000522 seconds
2023-04-25T19:35:57.689+0530: 1391.015: Total time for which application threads were stopped: 0.0002566 seconds, Stopping threads took: 0.0000558 seconds
2023-04-25T19:35:57.690+0530: 1391.016: Total time for which application threads were stopped: 0.0001900 seconds, Stopping threads took: 0.0000377 seconds
2023-04-25T19:35:57.691+0530: 1391.017: Total time for which application threads were stopped: 0.0002486 seconds, Stopping threads took: 0.0000652 seconds
2023-04-25T19:36:08.687+0530: 1402.013: Total time for which application threads were stopped: 0.0002097 seconds, Stopping threads took: 0.0000451 seconds
2023-04-25T19:36:08.688+0530: 1402.013: Total time for which application threads were stopped: 0.0001482 seconds, Stopping threads took: 0.0000285 seconds
2023-04-25T19:36:08.689+0530: 1402.015: Total time for which application threads were stopped: 0.0003712 seconds, Stopping threads took: 0.0002346 seconds
2023-04-25T19:36:20.692+0530: 1414.018: Total time for which application threads were stopped: 0.0002411 seconds, Stopping threads took: 0.0000868 seconds
2023-04-25T19:38:20.710+0530: 1534.036: Total time for which application threads were stopped: 0.0003236 seconds, Stopping threads took: 0.0001005 seconds
2023-04-25T19:38:51.511+0530: 1564.837: Total time for which application threads were stopped: 0.0001280 seconds, Stopping threads took: 0.0000435 seconds
2023-04-25T19:38:51.511+0530: 1564.837: Total time for which application threads were stopped: 0.0001016 seconds, Stopping threads took: 0.0000194 seconds
2023-04-25T19:38:51.512+0530: 1564.837: Total time for which application threads were stopped: 0.0001063 seconds, Stopping threads took: 0.0000226 seconds
2023-04-25T19:38:51.514+0530: 1564.840: Total time for which application threads were stopped: 0.0001829 seconds, Stopping threads took: 0.0000231 seconds
2023-04-25T19:38:51.515+0530: 1564.841: Total time for which application threads were stopped: 0.0000781 seconds, Stopping threads took: 0.0000145 seconds
2023-04-25T19:38:51.515+0530: 1564.841: Total time for which application threads were stopped: 0.0000489 seconds, Stopping threads took: 0.0000094 seconds
2023-04-25T19:38:51.516+0530: 1564.841: Total time for which application threads were stopped: 0.0001159 seconds, Stopping threads took: 0.0000096 seconds
2023-04-25T19:38:51.523+0530: 1564.848: Total time for which application threads were stopped: 0.0001053 seconds, Stopping threads took: 0.0000250 seconds
2023-04-25T19:38:51.523+0530: 1564.849: Total time for which application threads were stopped: 0.0000772 seconds, Stopping threads took: 0.0000162 seconds
2023-04-25T19:39:00.524+0530: 1573.850: Total time for which application threads were stopped: 0.0002272 seconds, Stopping threads took: 0.0000557 seconds
2023-04-25T19:40:22.540+0530: 1655.866: Total time for which application threads were stopped: 0.0003425 seconds, Stopping threads took: 0.0001102 seconds
2023-04-25T19:42:45.568+0530: 1798.893: Total time for which application threads were stopped: 0.0001338 seconds, Stopping threads took: 0.0000378 seconds
2023-04-25T19:42:55.108+0530: 1808.433: Total time for which application threads were stopped: 0.0001025 seconds, Stopping threads took: 0.0000212 seconds
2023-04-25T19:42:55.108+0530: 1808.434: Total time for which application threads were stopped: 0.0000675 seconds, Stopping threads took: 0.0000088 seconds
2023-04-25T19:42:55.110+0530: 1808.436: Total time for which application threads were stopped: 0.0001425 seconds, Stopping threads took: 0.0000284 seconds
2023-04-25T19:42:55.116+0530: 1808.442: Total time for which application threads were stopped: 0.0001058 seconds, Stopping threads took: 0.0000229 seconds
2023-04-25T19:42:55.117+0530: 1808.442: Total time for which application threads were stopped: 0.0000702 seconds, Stopping threads took: 0.0000112 seconds
2023-04-25T19:42:55.117+0530: 1808.443: Total time for which application threads were stopped: 0.0000505 seconds, Stopping threads took: 0.0000104 seconds
2023-04-25T19:42:55.117+0530: 1808.443: Total time for which application threads were stopped: 0.0000364 seconds, Stopping threads took: 0.0000097 seconds
2023-04-25T19:42:55.118+0530: 1808.443: Total time for which application threads were stopped: 0.0000426 seconds, Stopping threads took: 0.0000073 seconds
2023-04-25T19:42:55.124+0530: 1808.449: Total time for which application threads were stopped: 0.0000918 seconds, Stopping threads took: 0.0000184 seconds
2023-04-25T19:42:55.124+0530: 1808.450: Total time for which application threads were stopped: 0.0000499 seconds, Stopping threads took: 0.0000088 seconds
2023-04-25T19:43:18.127+0530: 1831.453: Total time for which application threads were stopped: 0.0002483 seconds, Stopping threads took: 0.0000915 seconds
2023-04-25T19:43:40.131+0530: 1853.457: Total time for which application threads were stopped: 0.0002850 seconds, Stopping threads took: 0.0001063 seconds
2023-04-25T19:43:49.353+0530: 1862.679: Total time for which application threads were stopped: 0.0001342 seconds, Stopping threads took: 0.0000299 seconds
2023-04-25T19:43:49.354+0530: 1862.679: Total time for which application threads were stopped: 0.0000859 seconds, Stopping threads took: 0.0000157 seconds
2023-04-25T19:43:49.354+0530: 1862.679: Total time for which application threads were stopped: 0.0000617 seconds, Stopping threads took: 0.0000115 seconds
2023-04-25T19:43:49.354+0530: 1862.680: Total time for which application threads were stopped: 0.0000971 seconds, Stopping threads took: 0.0000181 seconds
2023-04-25T19:43:49.357+0530: 1862.683: Total time for which application threads were stopped: 0.0001634 seconds, Stopping threads took: 0.0000330 seconds
2023-04-25T19:43:49.358+0530: 1862.683: Total time for which application threads were stopped: 0.0001024 seconds, Stopping threads took: 0.0000182 seconds
2023-04-25T19:43:49.358+0530: 1862.684: Total time for which application threads were stopped: 0.0000871 seconds, Stopping threads took: 0.0000173 seconds
2023-04-25T19:43:49.359+0530: 1862.684: Total time for which application threads were stopped: 0.0000694 seconds, Stopping threads took: 0.0000134 seconds
2023-04-25T19:43:49.359+0530: 1862.685: Total time for which application threads were stopped: 0.0000812 seconds, Stopping threads took: 0.0000126 seconds
2023-04-25T19:43:49.366+0530: 1862.691: Total time for which application threads were stopped: 0.0000795 seconds, Stopping threads took: 0.0000158 seconds
2023-04-25T19:43:49.366+0530: 1862.691: Total time for which application threads were stopped: 0.0000521 seconds, Stopping threads took: 0.0000090 seconds
2023-04-25T19:44:02.368+0530: 1875.694: Total time for which application threads were stopped: 0.0002747 seconds, Stopping threads took: 0.0000995 seconds
2023-04-25T19:44:46.375+0530: 1919.701: Total time for which application threads were stopped: 0.0002722 seconds, Stopping threads took: 0.0000949 seconds
2023-04-25T19:44:50.483+0530: 1923.809: Total time for which application threads were stopped: 0.0000667 seconds, Stopping threads took: 0.0000138 seconds
2023-04-25T19:44:50.484+0530: 1923.809: Total time for which application threads were stopped: 0.0001025 seconds, Stopping threads took: 0.0000621 seconds
2023-04-25T19:44:50.488+0530: 1923.814: Total time for which application threads were stopped: 0.0001016 seconds, Stopping threads took: 0.0000167 seconds
2023-04-25T19:44:50.492+0530: 1923.817: Total time for which application threads were stopped: 0.0000847 seconds, Stopping threads took: 0.0000184 seconds
2023-04-25T19:44:50.494+0530: 1923.820: Total time for which application threads were stopped: 0.0000958 seconds, Stopping threads took: 0.0000184 seconds
2023-04-25T19:44:50.497+0530: 1923.822: Total time for which application threads were stopped: 0.0000854 seconds, Stopping threads took: 0.0000164 seconds
2023-04-25T19:44:50.499+0530: 1923.824: Total time for which application threads were stopped: 0.0001148 seconds, Stopping threads took: 0.0000625 seconds
2023-04-25T19:44:50.501+0530: 1923.827: Total time for which application threads were stopped: 0.0001129 seconds, Stopping threads took: 0.0000422 seconds
2023-04-25T19:44:50.502+0530: 1923.827: Total time for which application threads were stopped: 0.0000622 seconds, Stopping threads took: 0.0000126 seconds
2023-04-25T19:44:50.502+0530: 1923.827: Total time for which application threads were stopped: 0.0000412 seconds, Stopping threads took: 0.0000085 seconds
2023-04-25T19:44:50.502+0530: 1923.828: Total time for which application threads were stopped: 0.0000357 seconds, Stopping threads took: 0.0000070 seconds
2023-04-25T19:44:50.502+0530: 1923.828: Total time for which application threads were stopped: 0.0000322 seconds, Stopping threads took: 0.0000066 seconds
2023-04-25T19:44:50.502+0530: 1923.828: Total time for which application threads were stopped: 0.0000318 seconds, Stopping threads took: 0.0000067 seconds
2023-04-25T19:44:50.502+0530: 1923.828: Total time for which application threads were stopped: 0.0000325 seconds, Stopping threads took: 0.0000065 seconds
2023-04-25T19:44:50.502+0530: 1923.828: Total time for which application threads were stopped: 0.0000305 seconds, Stopping threads took: 0.0000063 seconds
2023-04-25T19:44:50.502+0530: 1923.828: Total time for which application threads were stopped: 0.0000307 seconds, Stopping threads took: 0.0000066 seconds
2023-04-25T19:44:50.503+0530: 1923.828: Total time for which application threads were stopped: 0.0000494 seconds, Stopping threads took: 0.0000103 seconds
2023-04-25T19:44:50.503+0530: 1923.828: Total time for which application threads were stopped: 0.0000430 seconds, Stopping threads took: 0.0000173 seconds
2023-04-25T19:44:50.503+0530: 1923.828: Total time for which application threads were stopped: 0.0000309 seconds, Stopping threads took: 0.0000079 seconds
2023-04-25T19:44:50.503+0530: 1923.829: Total time for which application threads were stopped: 0.0000264 seconds, Stopping threads took: 0.0000064 seconds
2023-04-25T19:44:50.503+0530: 1923.829: Total time for which application threads were stopped: 0.0000460 seconds, Stopping threads took: 0.0000185 seconds
2023-04-25T19:44:50.503+0530: 1923.829: Total time for which application threads were stopped: 0.0000317 seconds, Stopping threads took: 0.0000094 seconds
2023-04-25T19:44:50.503+0530: 1923.829: Total time for which application threads were stopped: 0.0000317 seconds, Stopping threads took: 0.0000078 seconds
2023-04-25T19:44:50.503+0530: 1923.829: Total time for which application threads were stopped: 0.0000412 seconds, Stopping threads took: 0.0000206 seconds
2023-04-25T19:44:50.503+0530: 1923.829: Total time for which application threads were stopped: 0.0000339 seconds, Stopping threads took: 0.0000154 seconds
2023-04-25T19:44:50.503+0530: 1923.829: Total time for which application threads were stopped: 0.0000343 seconds, Stopping threads took: 0.0000161 seconds
2023-04-25T19:44:50.503+0530: 1923.829: Total time for which application threads were stopped: 0.0000517 seconds, Stopping threads took: 0.0000333 seconds
2023-04-25T19:44:50.504+0530: 1923.829: Total time for which application threads were stopped: 0.0000492 seconds, Stopping threads took: 0.0000098 seconds
Heap
 par new generation   total 109248K, used 64303K [0x00000000e0000000, 0x00000000e8000000, 0x00000000e8000000)
  eden space 87424K,  48% used [0x00000000e0000000, 0x00000000e297bc90, 0x00000000e5560000)
  from space 21824K, 100% used [0x00000000e5560000, 0x00000000e6ab0000, 0x00000000e6ab0000)
  to   space 21824K,   0% used [0x00000000e6ab0000, 0x00000000e6ab0000, 0x00000000e8000000)
 concurrent mark-sweep generation total 393216K, used 20004K [0x00000000e8000000, 0x0000000100000000, 0x0000000100000000)
 Metaspace       used 42939K, capacity 43628K, committed 43924K, reserved 1087488K
  class space    used 5077K, capacity 5244K, committed 5268K, reserved 1048576K
