OpenJDK 64-Bit Server VM (25.362-b09) for linux-amd64 JRE (1.8.0_362-8u362-ga-0ubuntu1~22.04-b09), built on Jan 24 2023 19:02:58 by "buildd" with gcc 11.3.0
Memory: 4k page, physical 32636936k(24707116k free), swap 2097148k(2097148k free)
CommandLine flags: -XX:CMSInitiatingOccupancyFraction=50 -XX:CMSMaxAbortablePrecleanTime=6000 -XX:+CMSParallelRemarkEnabled -XX:+CMSScavengeBeforeRemark -XX:ConcGCThreads=4 -XX:InitialHeapSize=536870912 -XX:MaxHeapSize=536870912 -XX:MaxTenuringThreshold=8 -XX:NewRatio=3 -XX:OldPLABSize=16 -XX:ParallelGCThreads=4 -XX:+ParallelRefProcEnabled -XX:PretenureSizeThreshold=67108864 -XX:+PrintGC -XX:+PrintGCApplicationStoppedTime -XX:+PrintGCDateStamps -XX:+PrintGCDetails -XX:+PrintGCTimeStamps -XX:+PrintHeapAtGC -XX:+PrintTenuringDistribution -XX:SurvivorRatio=4 -XX:TargetSurvivorRatio=90 -XX:ThreadStackSize=256 -XX:+UseCMSInitiatingOccupancyOnly -XX:+UseCompressedClassPointers -XX:+UseCompressedOops -XX:+UseConcMarkSweepGC -XX:+UseParNewGC 
2023-04-14T18:40:39.523+0530: 0.068: Total time for which application threads were stopped: 0.0000651 seconds, Stopping threads took: 0.0000176 seconds
2023-04-14T18:40:39.610+0530: 0.155: Total time for which application threads were stopped: 0.0000974 seconds, Stopping threads took: 0.0000079 seconds
2023-04-14T18:40:39.652+0530: 0.197: Total time for which application threads were stopped: 0.0000819 seconds, Stopping threads took: 0.0000084 seconds
2023-04-14T18:40:39.694+0530: 0.239: Total time for which application threads were stopped: 0.0000995 seconds, Stopping threads took: 0.0000086 seconds
2023-04-14T18:40:39.719+0530: 0.264: Total time for which application threads were stopped: 0.0001221 seconds, Stopping threads took: 0.0000140 seconds
2023-04-14T18:40:39.726+0530: 0.271: Total time for which application threads were stopped: 0.0001285 seconds, Stopping threads took: 0.0000150 seconds
2023-04-14T18:40:39.732+0530: 0.277: Total time for which application threads were stopped: 0.0001167 seconds, Stopping threads took: 0.0000137 seconds
{Heap before GC invocations=0 (full 0):
 par new generation   total 109248K, used 87424K [0x00000000e0000000, 0x00000000e8000000, 0x00000000e8000000)
  eden space 87424K, 100% used [0x00000000e0000000, 0x00000000e5560000, 0x00000000e5560000)
  from space 21824K,   0% used [0x00000000e5560000, 0x00000000e5560000, 0x00000000e6ab0000)
  to   space 21824K,   0% used [0x00000000e6ab0000, 0x00000000e6ab0000, 0x00000000e8000000)
 concurrent mark-sweep generation total 393216K, used 0K [0x00000000e8000000, 0x0000000100000000, 0x0000000100000000)
 Metaspace       used 10244K, capacity 10396K, committed 10496K, reserved 1058816K
  class space    used 1165K, capacity 1208K, committed 1280K, reserved 1048576K
2023-04-14T18:40:39.844+0530: 0.389: [GC (Allocation Failure) 2023-04-14T18:40:39.844+0530: 0.389: [ParNew
Desired survivor size 20112992 bytes, new threshold 8 (max 8)
- age   1:    5751208 bytes,    5751208 total
: 87424K->5673K(109248K), 0.0037403 secs] 87424K->5673K(502464K), 0.0038072 secs] [Times: user=0.01 sys=0.01, real=0.00 secs] 
Heap after GC invocations=1 (full 0):
 par new generation   total 109248K, used 5673K [0x00000000e0000000, 0x00000000e8000000, 0x00000000e8000000)
  eden space 87424K,   0% used [0x00000000e0000000, 0x00000000e0000000, 0x00000000e5560000)
  from space 21824K,  25% used [0x00000000e6ab0000, 0x00000000e703a7f8, 0x00000000e8000000)
  to   space 21824K,   0% used [0x00000000e5560000, 0x00000000e5560000, 0x00000000e6ab0000)
 concurrent mark-sweep generation total 393216K, used 0K [0x00000000e8000000, 0x0000000100000000, 0x0000000100000000)
 Metaspace       used 10244K, capacity 10396K, committed 10496K, reserved 1058816K
  class space    used 1165K, capacity 1208K, committed 1280K, reserved 1048576K
}
2023-04-14T18:40:39.848+0530: 0.392: Total time for which application threads were stopped: 0.0039182 seconds, Stopping threads took: 0.0000133 seconds
2023-04-14T18:40:39.878+0530: 0.423: Total time for which application threads were stopped: 0.0001580 seconds, Stopping threads took: 0.0000284 seconds
2023-04-14T18:40:39.900+0530: 0.445: Total time for which application threads were stopped: 0.0001448 seconds, Stopping threads took: 0.0000102 seconds
2023-04-14T18:40:39.964+0530: 0.509: Total time for which application threads were stopped: 0.0001846 seconds, Stopping threads took: 0.0000281 seconds
2023-04-14T18:40:39.986+0530: 0.531: Total time for which application threads were stopped: 0.0001573 seconds, Stopping threads took: 0.0000116 seconds
2023-04-14T18:40:40.017+0530: 0.562: Total time for which application threads were stopped: 0.0002074 seconds, Stopping threads took: 0.0000159 seconds
2023-04-14T18:40:40.017+0530: 0.562: Total time for which application threads were stopped: 0.0001333 seconds, Stopping threads took: 0.0000102 seconds
2023-04-14T18:40:40.052+0530: 0.597: Total time for which application threads were stopped: 0.0002297 seconds, Stopping threads took: 0.0000152 seconds
2023-04-14T18:40:40.094+0530: 0.639: Total time for which application threads were stopped: 0.0003276 seconds, Stopping threads took: 0.0001526 seconds
{Heap before GC invocations=1 (full 0):
 par new generation   total 109248K, used 93097K [0x00000000e0000000, 0x00000000e8000000, 0x00000000e8000000)
  eden space 87424K, 100% used [0x00000000e0000000, 0x00000000e5560000, 0x00000000e5560000)
  from space 21824K,  25% used [0x00000000e6ab0000, 0x00000000e703a7f8, 0x00000000e8000000)
  to   space 21824K,   0% used [0x00000000e5560000, 0x00000000e5560000, 0x00000000e6ab0000)
 concurrent mark-sweep generation total 393216K, used 0K [0x00000000e8000000, 0x0000000100000000, 0x0000000100000000)
 Metaspace       used 19985K, capacity 20312K, committed 20480K, reserved 1067008K
  class space    used 2335K, capacity 2488K, committed 2560K, reserved 1048576K
2023-04-14T18:40:40.222+0530: 0.767: [GC (Allocation Failure) 2023-04-14T18:40:40.222+0530: 0.767: [ParNew
Desired survivor size 20112992 bytes, new threshold 8 (max 8)
- age   1:    9521048 bytes,    9521048 total
- age   2:    2531760 bytes,   12052808 total
: 93097K->13126K(109248K), 0.0065614 secs] 93097K->13126K(502464K), 0.0066336 secs] [Times: user=0.02 sys=0.01, real=0.01 secs] 
Heap after GC invocations=2 (full 0):
 par new generation   total 109248K, used 13126K [0x00000000e0000000, 0x00000000e8000000, 0x00000000e8000000)
  eden space 87424K,   0% used [0x00000000e0000000, 0x00000000e0000000, 0x00000000e5560000)
  from space 21824K,  60% used [0x00000000e5560000, 0x00000000e6231a20, 0x00000000e6ab0000)
  to   space 21824K,   0% used [0x00000000e6ab0000, 0x00000000e6ab0000, 0x00000000e8000000)
 concurrent mark-sweep generation total 393216K, used 0K [0x00000000e8000000, 0x0000000100000000, 0x0000000100000000)
 Metaspace       used 19985K, capacity 20312K, committed 20480K, reserved 1067008K
  class space    used 2335K, capacity 2488K, committed 2560K, reserved 1048576K
}
2023-04-14T18:40:40.229+0530: 0.774: Total time for which application threads were stopped: 0.0068328 seconds, Stopping threads took: 0.0000367 seconds
2023-04-14T18:40:40.289+0530: 0.834: Total time for which application threads were stopped: 0.0002234 seconds, Stopping threads took: 0.0000168 seconds
2023-04-14T18:40:40.313+0530: 0.858: Total time for which application threads were stopped: 0.0002805 seconds, Stopping threads took: 0.0000378 seconds
2023-04-14T18:40:40.326+0530: 0.871: Total time for which application threads were stopped: 0.0002612 seconds, Stopping threads took: 0.0000272 seconds
2023-04-14T18:40:40.347+0530: 0.892: Total time for which application threads were stopped: 0.0001595 seconds, Stopping threads took: 0.0000392 seconds
2023-04-14T18:40:40.389+0530: 0.934: Total time for which application threads were stopped: 0.0001225 seconds, Stopping threads took: 0.0000321 seconds
{Heap before GC invocations=2 (full 0):
 par new generation   total 109248K, used 100537K [0x00000000e0000000, 0x00000000e8000000, 0x00000000e8000000)
  eden space 87424K,  99% used [0x00000000e0000000, 0x00000000e555ca30, 0x00000000e5560000)
  from space 21824K,  60% used [0x00000000e5560000, 0x00000000e6231a20, 0x00000000e6ab0000)
  to   space 21824K,   0% used [0x00000000e6ab0000, 0x00000000e6ab0000, 0x00000000e8000000)
 concurrent mark-sweep generation total 393216K, used 0K [0x00000000e8000000, 0x0000000100000000, 0x0000000100000000)
 Metaspace       used 21334K, capacity 21720K, committed 21884K, reserved 1069056K
  class space    used 2485K, capacity 2616K, committed 2684K, reserved 1048576K
2023-04-14T18:40:40.402+0530: 0.947: [GC (Allocation Failure) 2023-04-14T18:40:40.402+0530: 0.947: [ParNew
Desired survivor size 20112992 bytes, new threshold 8 (max 8)
- age   1:    2570936 bytes,    2570936 total
- age   2:    4365408 bytes,    6936344 total
- age   3:    2500464 bytes,    9436808 total
: 100537K->14648K(109248K), 0.0056916 secs] 100537K->14648K(502464K), 0.0057684 secs] [Times: user=0.04 sys=0.00, real=0.01 secs] 
Heap after GC invocations=3 (full 0):
 par new generation   total 109248K, used 14648K [0x00000000e0000000, 0x00000000e8000000, 0x00000000e8000000)
  eden space 87424K,   0% used [0x00000000e0000000, 0x00000000e0000000, 0x00000000e5560000)
  from space 21824K,  67% used [0x00000000e6ab0000, 0x00000000e78fe010, 0x00000000e8000000)
  to   space 21824K,   0% used [0x00000000e5560000, 0x00000000e5560000, 0x00000000e6ab0000)
 concurrent mark-sweep generation total 393216K, used 0K [0x00000000e8000000, 0x0000000100000000, 0x0000000100000000)
 Metaspace       used 21334K, capacity 21720K, committed 21884K, reserved 1069056K
  class space    used 2485K, capacity 2616K, committed 2684K, reserved 1048576K
}
2023-04-14T18:40:40.408+0530: 0.953: Total time for which application threads were stopped: 0.0059429 seconds, Stopping threads took: 0.0000601 seconds
2023-04-14T18:40:40.408+0530: 0.953: [GC (CMS Initial Mark) [1 CMS-initial-mark: 0K(393216K)] 15242K(502464K), 0.0022729 secs] [Times: user=0.01 sys=0.00, real=0.00 secs] 
2023-04-14T18:40:40.410+0530: 0.955: Total time for which application threads were stopped: 0.0024907 seconds, Stopping threads took: 0.0001472 seconds
2023-04-14T18:40:40.410+0530: 0.955: [CMS-concurrent-mark-start]
2023-04-14T18:40:40.411+0530: 0.956: [CMS-concurrent-mark: 0.001/0.001 secs] [Times: user=0.00 sys=0.00, real=0.00 secs] 
2023-04-14T18:40:40.411+0530: 0.956: [CMS-concurrent-preclean-start]
2023-04-14T18:40:40.412+0530: 0.957: [CMS-concurrent-preclean: 0.001/0.001 secs] [Times: user=0.01 sys=0.00, real=0.00 secs] 
2023-04-14T18:40:40.412+0530: 0.957: [CMS-concurrent-abortable-preclean-start]
2023-04-14T18:40:40.427+0530: 0.972: Total time for which application threads were stopped: 0.0000968 seconds, Stopping threads took: 0.0000188 seconds
2023-04-14T18:40:40.440+0530: 0.985: Total time for which application threads were stopped: 0.0001126 seconds, Stopping threads took: 0.0000341 seconds
2023-04-14T18:40:40.463+0530: 1.008: Total time for which application threads were stopped: 0.0000946 seconds, Stopping threads took: 0.0000361 seconds
2023-04-14T18:40:40.463+0530: 1.008: [CMS-concurrent-abortable-preclean: 0.043/0.051 secs] [Times: user=0.30 sys=0.01, real=0.06 secs] 
2023-04-14T18:40:40.463+0530: 1.008: [GC (CMS Final Remark) [YG occupancy: 99153 K (109248 K)]{Heap before GC invocations=3 (full 1):
 par new generation   total 109248K, used 99153K [0x00000000e0000000, 0x00000000e8000000, 0x00000000e8000000)
  eden space 87424K,  96% used [0x00000000e0000000, 0x00000000e5286668, 0x00000000e5560000)
  from space 21824K,  67% used [0x00000000e6ab0000, 0x00000000e78fe010, 0x00000000e8000000)
  to   space 21824K,   0% used [0x00000000e5560000, 0x00000000e5560000, 0x00000000e6ab0000)
 concurrent mark-sweep generation total 393216K, used 0K [0x00000000e8000000, 0x0000000100000000, 0x0000000100000000)
 Metaspace       used 22118K, capacity 22526K, committed 22880K, reserved 1069056K
  class space    used 2588K, capacity 2713K, committed 2760K, reserved 1048576K
2023-04-14T18:40:40.463+0530: 1.008: [GC (CMS Final Remark) 2023-04-14T18:40:40.463+0530: 1.008: [ParNew
Desired survivor size 20112992 bytes, new threshold 8 (max 8)
- age   1:    1207344 bytes,    1207344 total
- age   2:    1534904 bytes,    2742248 total
- age   3:    4349056 bytes,    7091304 total
- age   4:    2500984 bytes,    9592288 total
: 99153K->11863K(109248K), 0.0053264 secs] 99153K->11863K(502464K), 0.0053642 secs] [Times: user=0.02 sys=0.00, real=0.00 secs] 
Heap after GC invocations=4 (full 1):
 par new generation   total 109248K, used 11863K [0x00000000e0000000, 0x00000000e8000000, 0x00000000e8000000)
  eden space 87424K,   0% used [0x00000000e0000000, 0x00000000e0000000, 0x00000000e5560000)
  from space 21824K,  54% used [0x00000000e5560000, 0x00000000e60f5c30, 0x00000000e6ab0000)
  to   space 21824K,   0% used [0x00000000e6ab0000, 0x00000000e6ab0000, 0x00000000e8000000)
 concurrent mark-sweep generation total 393216K, used 0K [0x00000000e8000000, 0x0000000100000000, 0x0000000100000000)
 Metaspace       used 22118K, capacity 22526K, committed 22880K, reserved 1069056K
  class space    used 2588K, capacity 2713K, committed 2760K, reserved 1048576K
}
2023-04-14T18:40:40.469+0530: 1.014: [Rescan (parallel) , 0.0020113 secs]2023-04-14T18:40:40.471+0530: 1.016: [weak refs processing, 0.0002788 secs]2023-04-14T18:40:40.471+0530: 1.016: [class unloading, 0.0022575 secs]2023-04-14T18:40:40.473+0530: 1.018: [scrub symbol table, 0.0016254 secs]2023-04-14T18:40:40.475+0530: 1.020: [scrub string table, 0.0002951 secs][1 CMS-remark: 0K(393216K)] 11863K(502464K), 0.0124706 secs] [Times: user=0.03 sys=0.00, real=0.01 secs] 
2023-04-14T18:40:40.476+0530: 1.021: Total time for which application threads were stopped: 0.0125518 seconds, Stopping threads took: 0.0000269 seconds
2023-04-14T18:40:40.476+0530: 1.021: [CMS-concurrent-sweep-start]
2023-04-14T18:40:40.476+0530: 1.021: [CMS-concurrent-sweep: 0.000/0.000 secs] [Times: user=0.00 sys=0.00, real=0.00 secs] 
2023-04-14T18:40:40.476+0530: 1.021: [CMS-concurrent-reset-start]
2023-04-14T18:40:40.478+0530: 1.023: [CMS-concurrent-reset: 0.003/0.003 secs] [Times: user=0.01 sys=0.00, real=0.00 secs] 
{Heap before GC invocations=4 (full 1):
 par new generation   total 109248K, used 99287K [0x00000000e0000000, 0x00000000e8000000, 0x00000000e8000000)
  eden space 87424K, 100% used [0x00000000e0000000, 0x00000000e5560000, 0x00000000e5560000)
  from space 21824K,  54% used [0x00000000e5560000, 0x00000000e60f5c30, 0x00000000e6ab0000)
  to   space 21824K,   0% used [0x00000000e6ab0000, 0x00000000e6ab0000, 0x00000000e8000000)
 concurrent mark-sweep generation total 393216K, used 0K [0x00000000e8000000, 0x0000000100000000, 0x0000000100000000)
 Metaspace       used 22210K, capacity 22588K, committed 22880K, reserved 1069056K
  class space    used 2602K, capacity 2750K, committed 2760K, reserved 1048576K
2023-04-14T18:40:40.517+0530: 1.062: [GC (Allocation Failure) 2023-04-14T18:40:40.517+0530: 1.062: [ParNew
Desired survivor size 20112992 bytes, new threshold 8 (max 8)
- age   1:     338824 bytes,     338824 total
- age   2:     125248 bytes,     464072 total
- age   3:    1532560 bytes,    1996632 total
- age   4:    4347600 bytes,    6344232 total
- age   5:    2500408 bytes,    8844640 total
: 99287K->12316K(109248K), 0.0053488 secs] 99287K->12316K(502464K), 0.0054022 secs] [Times: user=0.02 sys=0.00, real=0.00 secs] 
Heap after GC invocations=5 (full 1):
 par new generation   total 109248K, used 12316K [0x00000000e0000000, 0x00000000e8000000, 0x00000000e8000000)
  eden space 87424K,   0% used [0x00000000e0000000, 0x00000000e0000000, 0x00000000e5560000)
  from space 21824K,  56% used [0x00000000e6ab0000, 0x00000000e76b7170, 0x00000000e8000000)
  to   space 21824K,   0% used [0x00000000e5560000, 0x00000000e5560000, 0x00000000e6ab0000)
 concurrent mark-sweep generation total 393216K, used 0K [0x00000000e8000000, 0x0000000100000000, 0x0000000100000000)
 Metaspace       used 22210K, capacity 22588K, committed 22880K, reserved 1069056K
  class space    used 2602K, capacity 2750K, committed 2760K, reserved 1048576K
}
2023-04-14T18:40:40.522+0530: 1.067: Total time for which application threads were stopped: 0.0055268 seconds, Stopping threads took: 0.0000255 seconds
{Heap before GC invocations=5 (full 1):
 par new generation   total 109248K, used 99740K [0x00000000e0000000, 0x00000000e8000000, 0x00000000e8000000)
  eden space 87424K, 100% used [0x00000000e0000000, 0x00000000e5560000, 0x00000000e5560000)
  from space 21824K,  56% used [0x00000000e6ab0000, 0x00000000e76b7170, 0x00000000e8000000)
  to   space 21824K,   0% used [0x00000000e5560000, 0x00000000e5560000, 0x00000000e6ab0000)
 concurrent mark-sweep generation total 393216K, used 0K [0x00000000e8000000, 0x0000000100000000, 0x0000000100000000)
 Metaspace       used 22731K, capacity 23108K, committed 23264K, reserved 1069056K
  class space    used 2670K, capacity 2816K, committed 2888K, reserved 1048576K
2023-04-14T18:40:40.577+0530: 1.122: [GC (Allocation Failure) 2023-04-14T18:40:40.577+0530: 1.122: [ParNew
Desired survivor size 20112992 bytes, new threshold 8 (max 8)
- age   1:     652384 bytes,     652384 total
- age   2:     113688 bytes,     766072 total
- age   3:     124360 bytes,     890432 total
- age   4:    1533712 bytes,    2424144 total
- age   5:    4344504 bytes,    6768648 total
- age   6:    2500240 bytes,    9268888 total
: 99740K->11906K(109248K), 0.0053193 secs] 99740K->11906K(502464K), 0.0053790 secs] [Times: user=0.02 sys=0.00, real=0.00 secs] 
Heap after GC invocations=6 (full 1):
 par new generation   total 109248K, used 11906K [0x00000000e0000000, 0x00000000e8000000, 0x00000000e8000000)
  eden space 87424K,   0% used [0x00000000e0000000, 0x00000000e0000000, 0x00000000e5560000)
  from space 21824K,  54% used [0x00000000e5560000, 0x00000000e61008e8, 0x00000000e6ab0000)
  to   space 21824K,   0% used [0x00000000e6ab0000, 0x00000000e6ab0000, 0x00000000e8000000)
 concurrent mark-sweep generation total 393216K, used 0K [0x00000000e8000000, 0x0000000100000000, 0x0000000100000000)
 Metaspace       used 22731K, capacity 23108K, committed 23264K, reserved 1069056K
  class space    used 2670K, capacity 2816K, committed 2888K, reserved 1048576K
}
2023-04-14T18:40:40.582+0530: 1.127: Total time for which application threads were stopped: 0.0056109 seconds, Stopping threads took: 0.0001086 seconds
2023-04-14T18:40:40.587+0530: 1.132: Total time for which application threads were stopped: 0.0002777 seconds, Stopping threads took: 0.0000247 seconds
2023-04-14T18:40:40.686+0530: 1.231: Total time for which application threads were stopped: 0.0003678 seconds, Stopping threads took: 0.0000200 seconds
2023-04-14T18:40:40.694+0530: 1.239: Total time for which application threads were stopped: 0.0002956 seconds, Stopping threads took: 0.0000186 seconds
{Heap before GC invocations=6 (full 1):
 par new generation   total 109248K, used 99330K [0x00000000e0000000, 0x00000000e8000000, 0x00000000e8000000)
  eden space 87424K, 100% used [0x00000000e0000000, 0x00000000e5560000, 0x00000000e5560000)
  from space 21824K,  54% used [0x00000000e5560000, 0x00000000e61008e8, 0x00000000e6ab0000)
  to   space 21824K,   0% used [0x00000000e6ab0000, 0x00000000e6ab0000, 0x00000000e8000000)
 concurrent mark-sweep generation total 393216K, used 0K [0x00000000e8000000, 0x0000000100000000, 0x0000000100000000)
 Metaspace       used 26976K, capacity 27380K, committed 27720K, reserved 1073152K
  class space    used 3157K, capacity 3302K, committed 3400K, reserved 1048576K
2023-04-14T18:40:40.855+0530: 1.400: [GC (Allocation Failure) 2023-04-14T18:40:40.855+0530: 1.400: [ParNew
Desired survivor size 20112992 bytes, new threshold 8 (max 8)
- age   1:    7597416 bytes,    7597416 total
- age   2:     158128 bytes,    7755544 total
- age   3:     112920 bytes,    7868464 total
- age   4:     122936 bytes,    7991400 total
- age   5:     310568 bytes,    8301968 total
- age   6:    4335168 bytes,   12637136 total
- age   7:    2501904 bytes,   15139040 total
: 99330K->16507K(109248K), 0.0074332 secs] 99330K->16507K(502464K), 0.0074847 secs] [Times: user=0.03 sys=0.00, real=0.00 secs] 
Heap after GC invocations=7 (full 1):
 par new generation   total 109248K, used 16507K [0x00000000e0000000, 0x00000000e8000000, 0x00000000e8000000)
  eden space 87424K,   0% used [0x00000000e0000000, 0x00000000e0000000, 0x00000000e5560000)
  from space 21824K,  75% used [0x00000000e6ab0000, 0x00000000e7acef70, 0x00000000e8000000)
  to   space 21824K,   0% used [0x00000000e5560000, 0x00000000e5560000, 0x00000000e6ab0000)
 concurrent mark-sweep generation total 393216K, used 0K [0x00000000e8000000, 0x0000000100000000, 0x0000000100000000)
 Metaspace       used 26976K, capacity 27380K, committed 27720K, reserved 1073152K
  class space    used 3157K, capacity 3302K, committed 3400K, reserved 1048576K
}
2023-04-14T18:40:40.863+0530: 1.408: Total time for which application threads were stopped: 0.0076418 seconds, Stopping threads took: 0.0000192 seconds
2023-04-14T18:40:40.880+0530: 1.425: Total time for which application threads were stopped: 0.0003156 seconds, Stopping threads took: 0.0000160 seconds
2023-04-14T18:40:41.881+0530: 2.426: Total time for which application threads were stopped: 0.0002153 seconds, Stopping threads took: 0.0000434 seconds
2023-04-14T18:40:43.494+0530: 4.039: Total time for which application threads were stopped: 0.0008372 seconds, Stopping threads took: 0.0000523 seconds
2023-04-14T18:41:21.054+0530: 41.599: Total time for which application threads were stopped: 0.0000666 seconds, Stopping threads took: 0.0000152 seconds
2023-04-14T18:41:21.055+0530: 41.600: Total time for which application threads were stopped: 0.0003543 seconds, Stopping threads took: 0.0000085 seconds
2023-04-14T18:41:21.061+0530: 41.606: Total time for which application threads were stopped: 0.0000838 seconds, Stopping threads took: 0.0000152 seconds
2023-04-14T18:41:21.065+0530: 41.610: Total time for which application threads were stopped: 0.0000663 seconds, Stopping threads took: 0.0000128 seconds
Heap
 par new generation   total 109248K, used 35777K [0x00000000e0000000, 0x00000000e8000000, 0x00000000e8000000)
  eden space 87424K,  22% used [0x00000000e0000000, 0x00000000e12d1788, 0x00000000e5560000)
  from space 21824K,  75% used [0x00000000e6ab0000, 0x00000000e7acef70, 0x00000000e8000000)
  to   space 21824K,   0% used [0x00000000e5560000, 0x00000000e5560000, 0x00000000e6ab0000)
 concurrent mark-sweep generation total 393216K, used 0K [0x00000000e8000000, 0x0000000100000000, 0x0000000100000000)
 Metaspace       used 27738K, capacity 28148K, committed 28616K, reserved 1075200K
  class space    used 3263K, capacity 3430K, committed 3528K, reserved 1048576K
