OpenJDK 64-Bit Server VM (25.362-b09) for linux-amd64 JRE (1.8.0_362-8u362-ga-0ubuntu1~22.04-b09), built on Jan 24 2023 19:02:58 by "buildd" with gcc 11.3.0
Memory: 4k page, physical 32636936k(27384028k free), swap 2097148k(2097148k free)
CommandLine flags: -XX:CMSInitiatingOccupancyFraction=50 -XX:CMSMaxAbortablePrecleanTime=6000 -XX:+CMSParallelRemarkEnabled -XX:+CMSScavengeBeforeRemark -XX:ConcGCThreads=4 -XX:InitialHeapSize=536870912 -XX:MaxHeapSize=536870912 -XX:MaxTenuringThreshold=8 -XX:NewRatio=3 -XX:OldPLABSize=16 -XX:ParallelGCThreads=4 -XX:+ParallelRefProcEnabled -XX:PretenureSizeThreshold=67108864 -XX:+PrintGC -XX:+PrintGCApplicationStoppedTime -XX:+PrintGCDateStamps -XX:+PrintGCDetails -XX:+PrintGCTimeStamps -XX:+PrintHeapAtGC -XX:+PrintTenuringDistribution -XX:SurvivorRatio=4 -XX:TargetSurvivorRatio=90 -XX:ThreadStackSize=256 -XX:+UseCMSInitiatingOccupancyOnly -XX:+UseCompressedClassPointers -XX:+UseCompressedOops -XX:+UseConcMarkSweepGC -XX:+UseParNewGC 
2023-04-26T09:38:05.903+0530: 0.128: Total time for which application threads were stopped: 0.0001036 seconds, Stopping threads took: 0.0000131 seconds
2023-04-26T09:38:06.057+0530: 0.281: Total time for which application threads were stopped: 0.0001154 seconds, Stopping threads took: 0.0000123 seconds
2023-04-26T09:38:06.128+0530: 0.353: Total time for which application threads were stopped: 0.0001376 seconds, Stopping threads took: 0.0000384 seconds
2023-04-26T09:38:06.186+0530: 0.411: Total time for which application threads were stopped: 0.0001029 seconds, Stopping threads took: 0.0000084 seconds
2023-04-26T09:38:06.216+0530: 0.441: Total time for which application threads were stopped: 0.0001342 seconds, Stopping threads took: 0.0000129 seconds
2023-04-26T09:38:06.224+0530: 0.449: Total time for which application threads were stopped: 0.0001430 seconds, Stopping threads took: 0.0000150 seconds
2023-04-26T09:38:06.232+0530: 0.457: Total time for which application threads were stopped: 0.0001347 seconds, Stopping threads took: 0.0000175 seconds
{Heap before GC invocations=0 (full 0):
 par new generation   total 109248K, used 87424K [0x00000000e0000000, 0x00000000e8000000, 0x00000000e8000000)
  eden space 87424K, 100% used [0x00000000e0000000, 0x00000000e5560000, 0x00000000e5560000)
  from space 21824K,   0% used [0x00000000e5560000, 0x00000000e5560000, 0x00000000e6ab0000)
  to   space 21824K,   0% used [0x00000000e6ab0000, 0x00000000e6ab0000, 0x00000000e8000000)
 concurrent mark-sweep generation total 393216K, used 0K [0x00000000e8000000, 0x0000000100000000, 0x0000000100000000)
 Metaspace       used 10244K, capacity 10396K, committed 10496K, reserved 1058816K
  class space    used 1165K, capacity 1208K, committed 1280K, reserved 1048576K
2023-04-26T09:38:06.427+0530: 0.652: [GC (Allocation Failure) 2023-04-26T09:38:06.427+0530: 0.652: [ParNew
Desired survivor size 20112992 bytes, new threshold 8 (max 8)
- age   1:    5972072 bytes,    5972072 total
: 87424K->5906K(109248K), 0.0048506 secs] 87424K->5906K(502464K), 0.0049298 secs] [Times: user=0.01 sys=0.01, real=0.01 secs] 
Heap after GC invocations=1 (full 0):
 par new generation   total 109248K, used 5906K [0x00000000e0000000, 0x00000000e8000000, 0x00000000e8000000)
  eden space 87424K,   0% used [0x00000000e0000000, 0x00000000e0000000, 0x00000000e5560000)
  from space 21824K,  27% used [0x00000000e6ab0000, 0x00000000e7074b48, 0x00000000e8000000)
  to   space 21824K,   0% used [0x00000000e5560000, 0x00000000e5560000, 0x00000000e6ab0000)
 concurrent mark-sweep generation total 393216K, used 0K [0x00000000e8000000, 0x0000000100000000, 0x0000000100000000)
 Metaspace       used 10244K, capacity 10396K, committed 10496K, reserved 1058816K
  class space    used 1165K, capacity 1208K, committed 1280K, reserved 1048576K
}
2023-04-26T09:38:06.432+0530: 0.657: Total time for which application threads were stopped: 0.0050482 seconds, Stopping threads took: 0.0000132 seconds
2023-04-26T09:38:06.481+0530: 0.706: Total time for which application threads were stopped: 0.0001567 seconds, Stopping threads took: 0.0000148 seconds
2023-04-26T09:38:06.517+0530: 0.742: Total time for which application threads were stopped: 0.0001478 seconds, Stopping threads took: 0.0000101 seconds
2023-04-26T09:38:06.624+0530: 0.849: Total time for which application threads were stopped: 0.0001947 seconds, Stopping threads took: 0.0000133 seconds
2023-04-26T09:38:06.653+0530: 0.878: Total time for which application threads were stopped: 0.0002039 seconds, Stopping threads took: 0.0000150 seconds
2023-04-26T09:38:06.686+0530: 0.911: Total time for which application threads were stopped: 0.0002333 seconds, Stopping threads took: 0.0000175 seconds
2023-04-26T09:38:06.687+0530: 0.912: Total time for which application threads were stopped: 0.0001400 seconds, Stopping threads took: 0.0000099 seconds
2023-04-26T09:38:06.732+0530: 0.957: Total time for which application threads were stopped: 0.0002250 seconds, Stopping threads took: 0.0000189 seconds
2023-04-26T09:38:06.793+0530: 1.018: Total time for which application threads were stopped: 0.0003915 seconds, Stopping threads took: 0.0001522 seconds
{Heap before GC invocations=1 (full 0):
 par new generation   total 109248K, used 93325K [0x00000000e0000000, 0x00000000e8000000, 0x00000000e8000000)
  eden space 87424K,  99% used [0x00000000e0000000, 0x00000000e555ea18, 0x00000000e5560000)
  from space 21824K,  27% used [0x00000000e6ab0000, 0x00000000e7074b48, 0x00000000e8000000)
  to   space 21824K,   0% used [0x00000000e5560000, 0x00000000e5560000, 0x00000000e6ab0000)
 concurrent mark-sweep generation total 393216K, used 0K [0x00000000e8000000, 0x0000000100000000, 0x0000000100000000)
 Metaspace       used 19301K, capacity 19672K, committed 19840K, reserved 1067008K
  class space    used 2205K, capacity 2360K, committed 2432K, reserved 1048576K
2023-04-26T09:38:07.013+0530: 1.238: [GC (Allocation Failure) 2023-04-26T09:38:07.013+0530: 1.238: [ParNew
Desired survivor size 20112992 bytes, new threshold 8 (max 8)
- age   1:    9791800 bytes,    9791800 total
- age   2:    2582576 bytes,   12374376 total
: 93325K->14959K(109248K), 0.0113341 secs] 93325K->14959K(502464K), 0.0114420 secs] [Times: user=0.03 sys=0.01, real=0.01 secs] 
Heap after GC invocations=2 (full 0):
 par new generation   total 109248K, used 14959K [0x00000000e0000000, 0x00000000e8000000, 0x00000000e8000000)
  eden space 87424K,   0% used [0x00000000e0000000, 0x00000000e0000000, 0x00000000e5560000)
  from space 21824K,  68% used [0x00000000e5560000, 0x00000000e63fbfb0, 0x00000000e6ab0000)
  to   space 21824K,   0% used [0x00000000e6ab0000, 0x00000000e6ab0000, 0x00000000e8000000)
 concurrent mark-sweep generation total 393216K, used 0K [0x00000000e8000000, 0x0000000100000000, 0x0000000100000000)
 Metaspace       used 19301K, capacity 19672K, committed 19840K, reserved 1067008K
  class space    used 2205K, capacity 2360K, committed 2432K, reserved 1048576K
}
2023-04-26T09:38:07.025+0530: 1.250: Total time for which application threads were stopped: 0.0116707 seconds, Stopping threads took: 0.0000184 seconds
2023-04-26T09:38:07.211+0530: 1.436: Total time for which application threads were stopped: 0.0002470 seconds, Stopping threads took: 0.0000151 seconds
2023-04-26T09:38:07.241+0530: 1.466: Total time for which application threads were stopped: 0.0003096 seconds, Stopping threads took: 0.0000522 seconds
{Heap before GC invocations=2 (full 0):
 par new generation   total 109248K, used 102383K [0x00000000e0000000, 0x00000000e8000000, 0x00000000e8000000)
  eden space 87424K, 100% used [0x00000000e0000000, 0x00000000e5560000, 0x00000000e5560000)
  from space 21824K,  68% used [0x00000000e5560000, 0x00000000e63fbfb0, 0x00000000e6ab0000)
  to   space 21824K,   0% used [0x00000000e6ab0000, 0x00000000e6ab0000, 0x00000000e8000000)
 concurrent mark-sweep generation total 393216K, used 0K [0x00000000e8000000, 0x0000000100000000, 0x0000000100000000)
 Metaspace       used 20678K, capacity 20984K, committed 21248K, reserved 1069056K
  class space    used 2395K, capacity 2520K, committed 2560K, reserved 1048576K
2023-04-26T09:38:07.246+0530: 1.471: [GC (Allocation Failure) 2023-04-26T09:38:07.246+0530: 1.471: [ParNew
Desired survivor size 20112992 bytes, new threshold 8 (max 8)
- age   1:    2127392 bytes,    2127392 total
- age   2:    4914928 bytes,    7042320 total
- age   3:    2555144 bytes,    9597464 total
: 102383K->15090K(109248K), 0.0051725 secs] 102383K->15090K(502464K), 0.0052538 secs] [Times: user=0.03 sys=0.00, real=0.01 secs] 
Heap after GC invocations=3 (full 0):
 par new generation   total 109248K, used 15090K [0x00000000e0000000, 0x00000000e8000000, 0x00000000e8000000)
  eden space 87424K,   0% used [0x00000000e0000000, 0x00000000e0000000, 0x00000000e5560000)
  from space 21824K,  69% used [0x00000000e6ab0000, 0x00000000e796cb00, 0x00000000e8000000)
  to   space 21824K,   0% used [0x00000000e5560000, 0x00000000e5560000, 0x00000000e6ab0000)
 concurrent mark-sweep generation total 393216K, used 0K [0x00000000e8000000, 0x0000000100000000, 0x0000000100000000)
 Metaspace       used 20678K, capacity 20984K, committed 21248K, reserved 1069056K
  class space    used 2395K, capacity 2520K, committed 2560K, reserved 1048576K
}
2023-04-26T09:38:07.251+0530: 1.476: Total time for which application threads were stopped: 0.0054080 seconds, Stopping threads took: 0.0000383 seconds
2023-04-26T09:38:07.272+0530: 1.497: Total time for which application threads were stopped: 0.0002565 seconds, Stopping threads took: 0.0000138 seconds
2023-04-26T09:38:07.279+0530: 1.504: Total time for which application threads were stopped: 0.0000960 seconds, Stopping threads took: 0.0000399 seconds
2023-04-26T09:38:07.331+0530: 1.556: Total time for which application threads were stopped: 0.0001792 seconds, Stopping threads took: 0.0000406 seconds
{Heap before GC invocations=3 (full 0):
 par new generation   total 109248K, used 102514K [0x00000000e0000000, 0x00000000e8000000, 0x00000000e8000000)
  eden space 87424K, 100% used [0x00000000e0000000, 0x00000000e5560000, 0x00000000e5560000)
  from space 21824K,  69% used [0x00000000e6ab0000, 0x00000000e796cb00, 0x00000000e8000000)
  to   space 21824K,   0% used [0x00000000e5560000, 0x00000000e5560000, 0x00000000e6ab0000)
 concurrent mark-sweep generation total 393216K, used 0K [0x00000000e8000000, 0x0000000100000000, 0x0000000100000000)
 Metaspace       used 21379K, capacity 21726K, committed 21960K, reserved 1069056K
  class space    used 2480K, capacity 2617K, committed 2684K, reserved 1048576K
2023-04-26T09:38:07.374+0530: 1.599: [GC (Allocation Failure) 2023-04-26T09:38:07.375+0530: 1.599: [ParNew
Desired survivor size 20112992 bytes, new threshold 8 (max 8)
- age   1:    2476872 bytes,    2476872 total
- age   2:     326576 bytes,    2803448 total
- age   3:    4877032 bytes,    7680480 total
- age   4:    2555288 bytes,   10235768 total
: 102514K->13360K(109248K), 0.0068527 secs] 102514K->13360K(502464K), 0.0069586 secs] [Times: user=0.04 sys=0.01, real=0.00 secs] 
Heap after GC invocations=4 (full 0):
 par new generation   total 109248K, used 13360K [0x00000000e0000000, 0x00000000e8000000, 0x00000000e8000000)
  eden space 87424K,   0% used [0x00000000e0000000, 0x00000000e0000000, 0x00000000e5560000)
  from space 21824K,  61% used [0x00000000e5560000, 0x00000000e626c068, 0x00000000e6ab0000)
  to   space 21824K,   0% used [0x00000000e6ab0000, 0x00000000e6ab0000, 0x00000000e8000000)
 concurrent mark-sweep generation total 393216K, used 0K [0x00000000e8000000, 0x0000000100000000, 0x0000000100000000)
 Metaspace       used 21379K, capacity 21726K, committed 21960K, reserved 1069056K
  class space    used 2480K, capacity 2617K, committed 2684K, reserved 1048576K
}
2023-04-26T09:38:07.381+0530: 1.606: Total time for which application threads were stopped: 0.0071486 seconds, Stopping threads took: 0.0000460 seconds
2023-04-26T09:38:07.382+0530: 1.607: [GC (CMS Initial Mark) [1 CMS-initial-mark: 0K(393216K)] 14288K(502464K), 0.0023446 secs] [Times: user=0.02 sys=0.00, real=0.01 secs] 
2023-04-26T09:38:07.384+0530: 1.609: Total time for which application threads were stopped: 0.0024751 seconds, Stopping threads took: 0.0000512 seconds
2023-04-26T09:38:07.384+0530: 1.609: [CMS-concurrent-mark-start]
2023-04-26T09:38:07.385+0530: 1.610: [CMS-concurrent-mark: 0.001/0.001 secs] [Times: user=0.00 sys=0.00, real=0.00 secs] 
2023-04-26T09:38:07.385+0530: 1.610: [CMS-concurrent-preclean-start]
2023-04-26T09:38:07.386+0530: 1.611: [CMS-concurrent-preclean: 0.001/0.001 secs] [Times: user=0.00 sys=0.00, real=0.00 secs] 
2023-04-26T09:38:07.386+0530: 1.611: [CMS-concurrent-abortable-preclean-start]
2023-04-26T09:38:07.398+0530: 1.623: Total time for which application threads were stopped: 0.0000804 seconds, Stopping threads took: 0.0000178 seconds
2023-04-26T09:38:07.414+0530: 1.639: Total time for which application threads were stopped: 0.0000963 seconds, Stopping threads took: 0.0000176 seconds
{Heap before GC invocations=4 (full 1):
 par new generation   total 109248K, used 100784K [0x00000000e0000000, 0x00000000e8000000, 0x00000000e8000000)
  eden space 87424K, 100% used [0x00000000e0000000, 0x00000000e5560000, 0x00000000e5560000)
  from space 21824K,  61% used [0x00000000e5560000, 0x00000000e626c068, 0x00000000e6ab0000)
  to   space 21824K,   0% used [0x00000000e6ab0000, 0x00000000e6ab0000, 0x00000000e8000000)
 concurrent mark-sweep generation total 393216K, used 0K [0x00000000e8000000, 0x0000000100000000, 0x0000000100000000)
 Metaspace       used 22057K, capacity 22404K, committed 22624K, reserved 1069056K
  class space    used 2575K, capacity 2714K, committed 2760K, reserved 1048576K
2023-04-26T09:38:07.454+0530: 1.679: [GC (Allocation Failure) 2023-04-26T09:38:07.454+0530: 1.679: [ParNew
Desired survivor size 20112992 bytes, new threshold 8 (max 8)
- age   1:     820408 bytes,     820408 total
- age   2:    1938288 bytes,    2758696 total
- age   3:     326336 bytes,    3085032 total
- age   4:    4876240 bytes,    7961272 total
- age   5:    2554984 bytes,   10516256 total
: 100784K->13647K(109248K), 0.0063234 secs] 100784K->13647K(502464K), 0.0064363 secs] [Times: user=0.03 sys=0.00, real=0.00 secs] 
Heap after GC invocations=5 (full 1):
 par new generation   total 109248K, used 13647K [0x00000000e0000000, 0x00000000e8000000, 0x00000000e8000000)
  eden space 87424K,   0% used [0x00000000e0000000, 0x00000000e0000000, 0x00000000e5560000)
  from space 21824K,  62% used [0x00000000e6ab0000, 0x00000000e7803fa0, 0x00000000e8000000)
  to   space 21824K,   0% used [0x00000000e5560000, 0x00000000e5560000, 0x00000000e6ab0000)
 concurrent mark-sweep generation total 393216K, used 0K [0x00000000e8000000, 0x0000000100000000, 0x0000000100000000)
 Metaspace       used 22057K, capacity 22404K, committed 22624K, reserved 1069056K
  class space    used 2575K, capacity 2714K, committed 2760K, reserved 1048576K
}
2023-04-26T09:38:07.460+0530: 1.685: Total time for which application threads were stopped: 0.0066237 seconds, Stopping threads took: 0.0000408 seconds
2023-04-26T09:38:07.460+0530: 1.685: [CMS-concurrent-abortable-preclean: 0.061/0.074 secs] [Times: user=0.42 sys=0.00, real=0.07 secs] 
2023-04-26T09:38:07.460+0530: 1.685: [GC (CMS Final Remark) [YG occupancy: 14712 K (109248 K)]{Heap before GC invocations=5 (full 1):
 par new generation   total 109248K, used 14712K [0x00000000e0000000, 0x00000000e8000000, 0x00000000e8000000)
  eden space 87424K,   1% used [0x00000000e0000000, 0x00000000e010a2a8, 0x00000000e5560000)
  from space 21824K,  62% used [0x00000000e6ab0000, 0x00000000e7803fa0, 0x00000000e8000000)
  to   space 21824K,   0% used [0x00000000e5560000, 0x00000000e5560000, 0x00000000e6ab0000)
 concurrent mark-sweep generation total 393216K, used 0K [0x00000000e8000000, 0x0000000100000000, 0x0000000100000000)
 Metaspace       used 22057K, capacity 22404K, committed 22624K, reserved 1069056K
  class space    used 2575K, capacity 2714K, committed 2760K, reserved 1048576K
2023-04-26T09:38:07.460+0530: 1.685: [GC (CMS Final Remark) 2023-04-26T09:38:07.460+0530: 1.685: [ParNew
Desired survivor size 20112992 bytes, new threshold 8 (max 8)
- age   1:     152264 bytes,     152264 total
- age   2:     721976 bytes,     874240 total
- age   3:    1938320 bytes,    2812560 total
- age   4:     326336 bytes,    3138896 total
- age   5:    4876240 bytes,    8015136 total
- age   6:    2554984 bytes,   10570120 total
: 14712K->12729K(109248K), 0.0052545 secs] 14712K->12729K(502464K), 0.0053016 secs] [Times: user=0.03 sys=0.00, real=0.01 secs] 
Heap after GC invocations=6 (full 1):
 par new generation   total 109248K, used 12729K [0x00000000e0000000, 0x00000000e8000000, 0x00000000e8000000)
  eden space 87424K,   0% used [0x00000000e0000000, 0x00000000e0000000, 0x00000000e5560000)
  from space 21824K,  58% used [0x00000000e5560000, 0x00000000e61ce6c0, 0x00000000e6ab0000)
  to   space 21824K,   0% used [0x00000000e6ab0000, 0x00000000e6ab0000, 0x00000000e8000000)
 concurrent mark-sweep generation total 393216K, used 0K [0x00000000e8000000, 0x0000000100000000, 0x0000000100000000)
 Metaspace       used 22057K, capacity 22404K, committed 22624K, reserved 1069056K
  class space    used 2575K, capacity 2714K, committed 2760K, reserved 1048576K
}
2023-04-26T09:38:07.466+0530: 1.691: [Rescan (parallel) , 0.0021965 secs]2023-04-26T09:38:07.468+0530: 1.693: [weak refs processing, 0.0003503 secs]2023-04-26T09:38:07.468+0530: 1.693: [class unloading, 0.0028490 secs]2023-04-26T09:38:07.471+0530: 1.696: [scrub symbol table, 0.0017414 secs]2023-04-26T09:38:07.473+0530: 1.698: [scrub string table, 0.0002848 secs][1 CMS-remark: 0K(393216K)] 12729K(502464K), 0.0134521 secs] [Times: user=0.05 sys=0.00, real=0.02 secs] 
2023-04-26T09:38:07.474+0530: 1.699: Total time for which application threads were stopped: 0.0136608 seconds, Stopping threads took: 0.0001510 seconds
2023-04-26T09:38:07.474+0530: 1.699: [CMS-concurrent-sweep-start]
2023-04-26T09:38:07.474+0530: 1.699: [CMS-concurrent-sweep: 0.000/0.000 secs] [Times: user=0.00 sys=0.00, real=0.00 secs] 
2023-04-26T09:38:07.474+0530: 1.699: [CMS-concurrent-reset-start]
2023-04-26T09:38:07.477+0530: 1.702: [CMS-concurrent-reset: 0.003/0.003 secs] [Times: user=0.01 sys=0.00, real=0.00 secs] 
{Heap before GC invocations=6 (full 1):
 par new generation   total 109248K, used 100139K [0x00000000e0000000, 0x00000000e8000000, 0x00000000e8000000)
  eden space 87424K,  99% used [0x00000000e0000000, 0x00000000e555c7e0, 0x00000000e5560000)
  from space 21824K,  58% used [0x00000000e5560000, 0x00000000e61ce6c0, 0x00000000e6ab0000)
  to   space 21824K,   0% used [0x00000000e6ab0000, 0x00000000e6ab0000, 0x00000000e8000000)
 concurrent mark-sweep generation total 393216K, used 0K [0x00000000e8000000, 0x0000000100000000, 0x0000000100000000)
 Metaspace       used 22158K, capacity 22556K, committed 22880K, reserved 1069056K
  class space    used 2591K, capacity 2718K, committed 2760K, reserved 1048576K
2023-04-26T09:38:07.508+0530: 1.733: [GC (Allocation Failure) 2023-04-26T09:38:07.508+0530: 1.733: [ParNew
Desired survivor size 20112992 bytes, new threshold 8 (max 8)
- age   1:    1122104 bytes,    1122104 total
- age   3:     123896 bytes,    1246000 total
- age   4:    1936072 bytes,    3182072 total
- age   5:     325488 bytes,    3507560 total
- age   6:    4875880 bytes,    8383440 total
- age   7:    2555008 bytes,   10938448 total
: 100139K->15775K(109248K), 0.0062655 secs] 100139K->15775K(502464K), 0.0063511 secs] [Times: user=0.03 sys=0.00, real=0.01 secs] 
Heap after GC invocations=7 (full 1):
 par new generation   total 109248K, used 15775K [0x00000000e0000000, 0x00000000e8000000, 0x00000000e8000000)
  eden space 87424K,   0% used [0x00000000e0000000, 0x00000000e0000000, 0x00000000e5560000)
  from space 21824K,  72% used [0x00000000e6ab0000, 0x00000000e7a17f40, 0x00000000e8000000)
  to   space 21824K,   0% used [0x00000000e5560000, 0x00000000e5560000, 0x00000000e6ab0000)
 concurrent mark-sweep generation total 393216K, used 0K [0x00000000e8000000, 0x0000000100000000, 0x0000000100000000)
 Metaspace       used 22158K, capacity 22556K, committed 22880K, reserved 1069056K
  class space    used 2591K, capacity 2718K, committed 2760K, reserved 1048576K
}
2023-04-26T09:38:07.514+0530: 1.739: Total time for which application threads were stopped: 0.0065345 seconds, Stopping threads took: 0.0000421 seconds
{Heap before GC invocations=7 (full 1):
 par new generation   total 109248K, used 103199K [0x00000000e0000000, 0x00000000e8000000, 0x00000000e8000000)
  eden space 87424K, 100% used [0x00000000e0000000, 0x00000000e5560000, 0x00000000e5560000)
  from space 21824K,  72% used [0x00000000e6ab0000, 0x00000000e7a17f40, 0x00000000e8000000)
  to   space 21824K,   0% used [0x00000000e5560000, 0x00000000e5560000, 0x00000000e6ab0000)
 concurrent mark-sweep generation total 393216K, used 0K [0x00000000e8000000, 0x0000000100000000, 0x0000000100000000)
 Metaspace       used 22352K, capacity 22724K, committed 22880K, reserved 1069056K
  class space    used 2615K, capacity 2752K, committed 2760K, reserved 1048576K
2023-04-26T09:38:07.559+0530: 1.784: [GC (Allocation Failure) 2023-04-26T09:38:07.559+0530: 1.784: [ParNew
Desired survivor size 20112992 bytes, new threshold 8 (max 8)
- age   1:     914192 bytes,     914192 total
- age   2:     128504 bytes,    1042696 total
- age   4:     122824 bytes,    1165520 total
- age   5:    1936072 bytes,    3101592 total
- age   6:     325240 bytes,    3426832 total
- age   7:    4872912 bytes,    8299744 total
- age   8:    2554984 bytes,   10854728 total
: 103199K->12518K(109248K), 0.0065509 secs] 103199K->12518K(502464K), 0.0066295 secs] [Times: user=0.02 sys=0.00, real=0.01 secs] 
Heap after GC invocations=8 (full 1):
 par new generation   total 109248K, used 12518K [0x00000000e0000000, 0x00000000e8000000, 0x00000000e8000000)
  eden space 87424K,   0% used [0x00000000e0000000, 0x00000000e0000000, 0x00000000e5560000)
  from space 21824K,  57% used [0x00000000e5560000, 0x00000000e6199b80, 0x00000000e6ab0000)
  to   space 21824K,   0% used [0x00000000e6ab0000, 0x00000000e6ab0000, 0x00000000e8000000)
 concurrent mark-sweep generation total 393216K, used 0K [0x00000000e8000000, 0x0000000100000000, 0x0000000100000000)
 Metaspace       used 22352K, capacity 22724K, committed 22880K, reserved 1069056K
  class space    used 2615K, capacity 2752K, committed 2760K, reserved 1048576K
}
2023-04-26T09:38:07.566+0530: 1.791: Total time for which application threads were stopped: 0.0068661 seconds, Stopping threads took: 0.0001243 seconds
{Heap before GC invocations=8 (full 1):
 par new generation   total 109248K, used 99942K [0x00000000e0000000, 0x00000000e8000000, 0x00000000e8000000)
  eden space 87424K, 100% used [0x00000000e0000000, 0x00000000e5560000, 0x00000000e5560000)
  from space 21824K,  57% used [0x00000000e5560000, 0x00000000e6199b80, 0x00000000e6ab0000)
  to   space 21824K,   0% used [0x00000000e6ab0000, 0x00000000e6ab0000, 0x00000000e8000000)
 concurrent mark-sweep generation total 393216K, used 0K [0x00000000e8000000, 0x0000000100000000, 0x0000000100000000)
 Metaspace       used 22654K, capacity 23012K, committed 23264K, reserved 1069056K
  class space    used 2649K, capacity 2784K, committed 2888K, reserved 1048576K
2023-04-26T09:38:07.619+0530: 1.844: [GC (Allocation Failure) 2023-04-26T09:38:07.619+0530: 1.844: [ParNew
Desired survivor size 20112992 bytes, new threshold 8 (max 8)
- age   1:     986664 bytes,     986664 total
- age   2:     117288 bytes,    1103952 total
- age   3:     127640 bytes,    1231592 total
- age   5:     121360 bytes,    1352952 total
- age   6:    1934984 bytes,    3287936 total
- age   7:     324616 bytes,    3612552 total
- age   8:    4872776 bytes,    8485328 total
: 99942K->11893K(109248K), 0.0120538 secs] 99942K->14427K(502464K), 0.0121253 secs] [Times: user=0.05 sys=0.01, real=0.02 secs] 
Heap after GC invocations=9 (full 1):
 par new generation   total 109248K, used 11893K [0x00000000e0000000, 0x00000000e8000000, 0x00000000e8000000)
  eden space 87424K,   0% used [0x00000000e0000000, 0x00000000e0000000, 0x00000000e5560000)
  from space 21824K,  54% used [0x00000000e6ab0000, 0x00000000e764d778, 0x00000000e8000000)
  to   space 21824K,   0% used [0x00000000e5560000, 0x00000000e5560000, 0x00000000e6ab0000)
 concurrent mark-sweep generation total 393216K, used 2533K [0x00000000e8000000, 0x0000000100000000, 0x0000000100000000)
 Metaspace       used 22654K, capacity 23012K, committed 23264K, reserved 1069056K
  class space    used 2649K, capacity 2784K, committed 2888K, reserved 1048576K
}
2023-04-26T09:38:07.631+0530: 1.856: Total time for which application threads were stopped: 0.0123532 seconds, Stopping threads took: 0.0001191 seconds
2023-04-26T09:38:07.671+0530: 1.896: Total time for which application threads were stopped: 0.0004012 seconds, Stopping threads took: 0.0000222 seconds
2023-04-26T09:38:07.802+0530: 2.026: Total time for which application threads were stopped: 0.0004326 seconds, Stopping threads took: 0.0000227 seconds
2023-04-26T09:38:07.815+0530: 2.040: Total time for which application threads were stopped: 0.0003224 seconds, Stopping threads took: 0.0000193 seconds
2023-04-26T09:38:07.825+0530: 2.050: Total time for which application threads were stopped: 0.0003186 seconds, Stopping threads took: 0.0000159 seconds
{Heap before GC invocations=9 (full 1):
 par new generation   total 109248K, used 99317K [0x00000000e0000000, 0x00000000e8000000, 0x00000000e8000000)
  eden space 87424K, 100% used [0x00000000e0000000, 0x00000000e5560000, 0x00000000e5560000)
  from space 21824K,  54% used [0x00000000e6ab0000, 0x00000000e764d778, 0x00000000e8000000)
  to   space 21824K,   0% used [0x00000000e5560000, 0x00000000e5560000, 0x00000000e6ab0000)
 concurrent mark-sweep generation total 393216K, used 2533K [0x00000000e8000000, 0x0000000100000000, 0x0000000100000000)
 Metaspace       used 25940K, capacity 26322K, committed 26568K, reserved 1073152K
  class space    used 3058K, capacity 3207K, committed 3272K, reserved 1048576K
2023-04-26T09:38:07.967+0530: 2.192: [GC (Allocation Failure) 2023-04-26T09:38:07.967+0530: 2.192: [ParNew
Desired survivor size 20112992 bytes, new threshold 8 (max 8)
- age   1:    4938816 bytes,    4938816 total
- age   2:     169528 bytes,    5108344 total
- age   3:     117240 bytes,    5225584 total
- age   4:     127592 bytes,    5353176 total
- age   6:     120744 bytes,    5473920 total
- age   7:     302656 bytes,    5776576 total
- age   8:     315432 bytes,    6092008 total
: 99317K->10972K(109248K), 0.0106071 secs] 101851K->18291K(502464K), 0.0106831 secs] [Times: user=0.05 sys=0.00, real=0.01 secs] 
Heap after GC invocations=10 (full 1):
 par new generation   total 109248K, used 10972K [0x00000000e0000000, 0x00000000e8000000, 0x00000000e8000000)
  eden space 87424K,   0% used [0x00000000e0000000, 0x00000000e0000000, 0x00000000e5560000)
  from space 21824K,  50% used [0x00000000e5560000, 0x00000000e6017180, 0x00000000e6ab0000)
  to   space 21824K,   0% used [0x00000000e6ab0000, 0x00000000e6ab0000, 0x00000000e8000000)
 concurrent mark-sweep generation total 393216K, used 7319K [0x00000000e8000000, 0x0000000100000000, 0x0000000100000000)
 Metaspace       used 25940K, capacity 26322K, committed 26568K, reserved 1073152K
  class space    used 3058K, capacity 3207K, committed 3272K, reserved 1048576K
}
2023-04-26T09:38:07.978+0530: 2.203: Total time for which application threads were stopped: 0.0109025 seconds, Stopping threads took: 0.0000817 seconds
2023-04-26T09:38:08.078+0530: 2.303: Total time for which application threads were stopped: 0.0004057 seconds, Stopping threads took: 0.0000191 seconds
2023-04-26T09:38:08.090+0530: 2.315: Total time for which application threads were stopped: 0.0003229 seconds, Stopping threads took: 0.0000181 seconds
2023-04-26T09:38:08.090+0530: 2.315: Total time for which application threads were stopped: 0.0003486 seconds, Stopping threads took: 0.0000695 seconds
{Heap before GC invocations=10 (full 1):
 par new generation   total 109248K, used 98396K [0x00000000e0000000, 0x00000000e8000000, 0x00000000e8000000)
  eden space 87424K, 100% used [0x00000000e0000000, 0x00000000e5560000, 0x00000000e5560000)
  from space 21824K,  50% used [0x00000000e5560000, 0x00000000e6017180, 0x00000000e6ab0000)
  to   space 21824K,   0% used [0x00000000e6ab0000, 0x00000000e6ab0000, 0x00000000e8000000)
 concurrent mark-sweep generation total 393216K, used 7319K [0x00000000e8000000, 0x0000000100000000, 0x0000000100000000)
 Metaspace       used 28102K, capacity 28496K, committed 28872K, reserved 1075200K
  class space    used 3287K, capacity 3436K, committed 3528K, reserved 1048576K
2023-04-26T09:38:08.214+0530: 2.439: [GC (Allocation Failure) 2023-04-26T09:38:08.214+0530: 2.439: [ParNew
Desired survivor size 20112992 bytes, new threshold 8 (max 8)
- age   1:   10915168 bytes,   10915168 total
- age   2:    2197904 bytes,   13113072 total
- age   3:     169528 bytes,   13282600 total
- age   4:     117144 bytes,   13399744 total
- age   5:     126904 bytes,   13526648 total
- age   7:     120616 bytes,   13647264 total
- age   8:     302280 bytes,   13949544 total
: 98396K->15178K(109248K), 0.0088024 secs] 105715K->22805K(502464K), 0.0088871 secs] [Times: user=0.06 sys=0.01, real=0.01 secs] 
Heap after GC invocations=11 (full 1):
 par new generation   total 109248K, used 15178K [0x00000000e0000000, 0x00000000e8000000, 0x00000000e8000000)
  eden space 87424K,   0% used [0x00000000e0000000, 0x00000000e0000000, 0x00000000e5560000)
  from space 21824K,  69% used [0x00000000e6ab0000, 0x00000000e79828d0, 0x00000000e8000000)
  to   space 21824K,   0% used [0x00000000e5560000, 0x00000000e5560000, 0x00000000e6ab0000)
 concurrent mark-sweep generation total 393216K, used 7627K [0x00000000e8000000, 0x0000000100000000, 0x0000000100000000)
 Metaspace       used 28102K, capacity 28496K, committed 28872K, reserved 1075200K
  class space    used 3287K, capacity 3436K, committed 3528K, reserved 1048576K
}
2023-04-26T09:38:08.223+0530: 2.448: Total time for which application threads were stopped: 0.0091191 seconds, Stopping threads took: 0.0000562 seconds
2023-04-26T09:38:08.263+0530: 2.488: Total time for which application threads were stopped: 0.0004160 seconds, Stopping threads took: 0.0000403 seconds
{Heap before GC invocations=11 (full 1):
 par new generation   total 109248K, used 102602K [0x00000000e0000000, 0x00000000e8000000, 0x00000000e8000000)
  eden space 87424K, 100% used [0x00000000e0000000, 0x00000000e5560000, 0x00000000e5560000)
  from space 21824K,  69% used [0x00000000e6ab0000, 0x00000000e79828d0, 0x00000000e8000000)
  to   space 21824K,   0% used [0x00000000e5560000, 0x00000000e5560000, 0x00000000e6ab0000)
 concurrent mark-sweep generation total 393216K, used 7627K [0x00000000e8000000, 0x0000000100000000, 0x0000000100000000)
 Metaspace       used 28183K, capacity 28560K, committed 28872K, reserved 1075200K
  class space    used 3292K, capacity 3436K, committed 3528K, reserved 1048576K
2023-04-26T09:38:08.290+0530: 2.515: [GC (Allocation Failure) 2023-04-26T09:38:08.290+0530: 2.515: [ParNew
Desired survivor size 20112992 bytes, new threshold 8 (max 8)
- age   1:    2500432 bytes,    2500432 total
- age   2:    8258184 bytes,   10758616 total
- age   3:    2151704 bytes,   12910320 total
- age   4:     169528 bytes,   13079848 total
- age   5:     117144 bytes,   13196992 total
- age   6:     126904 bytes,   13323896 total
- age   8:     120720 bytes,   13444616 total
: 102602K->18631K(109248K), 0.0100274 secs] 110229K->26559K(502464K), 0.0101117 secs] [Times: user=0.06 sys=0.00, real=0.01 secs] 
Heap after GC invocations=12 (full 1):
 par new generation   total 109248K, used 18631K [0x00000000e0000000, 0x00000000e8000000, 0x00000000e8000000)
  eden space 87424K,   0% used [0x00000000e0000000, 0x00000000e0000000, 0x00000000e5560000)
  from space 21824K,  85% used [0x00000000e5560000, 0x00000000e6791f08, 0x00000000e6ab0000)
  to   space 21824K,   0% used [0x00000000e6ab0000, 0x00000000e6ab0000, 0x00000000e8000000)
 concurrent mark-sweep generation total 393216K, used 7927K [0x00000000e8000000, 0x0000000100000000, 0x0000000100000000)
 Metaspace       used 28183K, capacity 28560K, committed 28872K, reserved 1075200K
  class space    used 3292K, capacity 3436K, committed 3528K, reserved 1048576K
}
2023-04-26T09:38:08.300+0530: 2.525: Total time for which application threads were stopped: 0.0103295 seconds, Stopping threads took: 0.0000660 seconds
{Heap before GC invocations=12 (full 1):
 par new generation   total 109248K, used 106047K [0x00000000e0000000, 0x00000000e8000000, 0x00000000e8000000)
  eden space 87424K,  99% used [0x00000000e0000000, 0x00000000e555dfe0, 0x00000000e5560000)
  from space 21824K,  85% used [0x00000000e5560000, 0x00000000e6791f08, 0x00000000e6ab0000)
  to   space 21824K,   0% used [0x00000000e6ab0000, 0x00000000e6ab0000, 0x00000000e8000000)
 concurrent mark-sweep generation total 393216K, used 7927K [0x00000000e8000000, 0x0000000100000000, 0x0000000100000000)
 Metaspace       used 28212K, capacity 28596K, committed 28872K, reserved 1075200K
  class space    used 3296K, capacity 3442K, committed 3528K, reserved 1048576K
2023-04-26T09:38:08.317+0530: 2.541: [GC (Allocation Failure) 2023-04-26T09:38:08.317+0530: 2.542: [ParNew
Desired survivor size 20112992 bytes, new threshold 8 (max 8)
- age   1:     993928 bytes,     993928 total
- age   2:    2211344 bytes,    3205272 total
- age   3:    8227968 bytes,   11433240 total
- age   4:    2151592 bytes,   13584832 total
- age   5:     169528 bytes,   13754360 total
- age   6:     117144 bytes,   13871504 total
- age   7:     126904 bytes,   13998408 total
: 106047K->17066K(109248K), 0.0090213 secs] 113975K->25116K(502464K), 0.0091109 secs] [Times: user=0.05 sys=0.00, real=0.01 secs] 
Heap after GC invocations=13 (full 1):
 par new generation   total 109248K, used 17066K [0x00000000e0000000, 0x00000000e8000000, 0x00000000e8000000)
  eden space 87424K,   0% used [0x00000000e0000000, 0x00000000e0000000, 0x00000000e5560000)
  from space 21824K,  78% used [0x00000000e6ab0000, 0x00000000e7b5aa68, 0x00000000e8000000)
  to   space 21824K,   0% used [0x00000000e5560000, 0x00000000e5560000, 0x00000000e6ab0000)
 concurrent mark-sweep generation total 393216K, used 8049K [0x00000000e8000000, 0x0000000100000000, 0x0000000100000000)
 Metaspace       used 28212K, capacity 28596K, committed 28872K, reserved 1075200K
  class space    used 3296K, capacity 3442K, committed 3528K, reserved 1048576K
}
2023-04-26T09:38:08.326+0530: 2.551: Total time for which application threads were stopped: 0.0092827 seconds, Stopping threads took: 0.0000421 seconds
{Heap before GC invocations=13 (full 1):
 par new generation   total 109248K, used 104490K [0x00000000e0000000, 0x00000000e8000000, 0x00000000e8000000)
  eden space 87424K, 100% used [0x00000000e0000000, 0x00000000e5560000, 0x00000000e5560000)
  from space 21824K,  78% used [0x00000000e6ab0000, 0x00000000e7b5aa68, 0x00000000e8000000)
  to   space 21824K,   0% used [0x00000000e5560000, 0x00000000e5560000, 0x00000000e6ab0000)
 concurrent mark-sweep generation total 393216K, used 8049K [0x00000000e8000000, 0x0000000100000000, 0x0000000100000000)
 Metaspace       used 28251K, capacity 28656K, committed 28872K, reserved 1075200K
  class space    used 3301K, capacity 3452K, committed 3528K, reserved 1048576K
2023-04-26T09:38:08.349+0530: 2.574: [GC (Allocation Failure) 2023-04-26T09:38:08.349+0530: 2.574: [ParNew
Desired survivor size 20112992 bytes, new threshold 8 (max 8)
- age   1:     735000 bytes,     735000 total
- age   2:      49568 bytes,     784568 total
- age   3:    2211288 bytes,    2995856 total
- age   4:    8227968 bytes,   11223824 total
- age   5:    2151592 bytes,   13375416 total
- age   6:     169528 bytes,   13544944 total
- age   7:     117144 bytes,   13662088 total
- age   8:     126384 bytes,   13788472 total
: 104490K->18223K(109248K), 0.0089059 secs] 112540K->26273K(502464K), 0.0089806 secs] [Times: user=0.05 sys=0.00, real=0.01 secs] 
Heap after GC invocations=14 (full 1):
 par new generation   total 109248K, used 18223K [0x00000000e0000000, 0x00000000e8000000, 0x00000000e8000000)
  eden space 87424K,   0% used [0x00000000e0000000, 0x00000000e0000000, 0x00000000e5560000)
  from space 21824K,  83% used [0x00000000e5560000, 0x00000000e672be60, 0x00000000e6ab0000)
  to   space 21824K,   0% used [0x00000000e6ab0000, 0x00000000e6ab0000, 0x00000000e8000000)
 concurrent mark-sweep generation total 393216K, used 8049K [0x00000000e8000000, 0x0000000100000000, 0x0000000100000000)
 Metaspace       used 28251K, capacity 28656K, committed 28872K, reserved 1075200K
  class space    used 3301K, capacity 3452K, committed 3528K, reserved 1048576K
}
2023-04-26T09:38:08.358+0530: 2.583: Total time for which application threads were stopped: 0.0091510 seconds, Stopping threads took: 0.0000411 seconds
{Heap before GC invocations=14 (full 1):
 par new generation   total 109248K, used 105647K [0x00000000e0000000, 0x00000000e8000000, 0x00000000e8000000)
  eden space 87424K, 100% used [0x00000000e0000000, 0x00000000e5560000, 0x00000000e5560000)
  from space 21824K,  83% used [0x00000000e5560000, 0x00000000e672be60, 0x00000000e6ab0000)
  to   space 21824K,   0% used [0x00000000e6ab0000, 0x00000000e6ab0000, 0x00000000e8000000)
 concurrent mark-sweep generation total 393216K, used 8049K [0x00000000e8000000, 0x0000000100000000, 0x0000000100000000)
 Metaspace       used 28255K, capacity 28662K, committed 28872K, reserved 1075200K
  class space    used 3302K, capacity 3453K, committed 3528K, reserved 1048576K
2023-04-26T09:38:08.389+0530: 2.614: [GC (Allocation Failure) 2023-04-26T09:38:08.389+0530: 2.614: [ParNew
Desired survivor size 20112992 bytes, new threshold 8 (max 8)
- age   1:     502960 bytes,     502960 total
- age   2:     117584 bytes,     620544 total
- age   3:      48536 bytes,     669080 total
- age   4:    2211288 bytes,    2880368 total
- age   5:    8228048 bytes,   11108416 total
- age   6:    2151592 bytes,   13260008 total
- age   7:     169528 bytes,   13429536 total
- age   8:     117144 bytes,   13546680 total
: 105647K->16173K(109248K), 0.0113538 secs] 113697K->24348K(502464K), 0.0114368 secs] [Times: user=0.07 sys=0.00, real=0.01 secs] 
Heap after GC invocations=15 (full 1):
 par new generation   total 109248K, used 16173K [0x00000000e0000000, 0x00000000e8000000, 0x00000000e8000000)
  eden space 87424K,   0% used [0x00000000e0000000, 0x00000000e0000000, 0x00000000e5560000)
  from space 21824K,  74% used [0x00000000e6ab0000, 0x00000000e7a7b600, 0x00000000e8000000)
  to   space 21824K,   0% used [0x00000000e5560000, 0x00000000e5560000, 0x00000000e6ab0000)
 concurrent mark-sweep generation total 393216K, used 8175K [0x00000000e8000000, 0x0000000100000000, 0x0000000100000000)
 Metaspace       used 28255K, capacity 28662K, committed 28872K, reserved 1075200K
  class space    used 3302K, capacity 3453K, committed 3528K, reserved 1048576K
}
2023-04-26T09:38:08.400+0530: 2.625: Total time for which application threads were stopped: 0.0116184 seconds, Stopping threads took: 0.0000437 seconds
{Heap before GC invocations=15 (full 1):
 par new generation   total 109248K, used 103597K [0x00000000e0000000, 0x00000000e8000000, 0x00000000e8000000)
  eden space 87424K,  99% used [0x00000000e0000000, 0x00000000e555ff50, 0x00000000e5560000)
  from space 21824K,  74% used [0x00000000e6ab0000, 0x00000000e7a7b600, 0x00000000e8000000)
  to   space 21824K,   0% used [0x00000000e5560000, 0x00000000e5560000, 0x00000000e6ab0000)
 concurrent mark-sweep generation total 393216K, used 8175K [0x00000000e8000000, 0x0000000100000000, 0x0000000100000000)
 Metaspace       used 28278K, capacity 28662K, committed 28872K, reserved 1075200K
  class space    used 3302K, capacity 3453K, committed 3528K, reserved 1048576K
2023-04-26T09:38:08.440+0530: 2.664: [GC (Allocation Failure) 2023-04-26T09:38:08.440+0530: 2.664: [ParNew
Desired survivor size 20112992 bytes, new threshold 8 (max 8)
- age   1:     433048 bytes,     433048 total
- age   2:      85264 bytes,     518312 total
- age   3:     117296 bytes,     635608 total
- age   4:      47984 bytes,     683592 total
- age   5:    2211000 bytes,    2894592 total
- age   6:    8227968 bytes,   11122560 total
- age   7:    2151592 bytes,   13274152 total
- age   8:     169528 bytes,   13443680 total
: 103597K->14929K(109248K), 0.0092169 secs] 111772K->23221K(502464K), 0.0092920 secs] [Times: user=0.05 sys=0.00, real=0.01 secs] 
Heap after GC invocations=16 (full 1):
 par new generation   total 109248K, used 14929K [0x00000000e0000000, 0x00000000e8000000, 0x00000000e8000000)
  eden space 87424K,   0% used [0x00000000e0000000, 0x00000000e0000000, 0x00000000e5560000)
  from space 21824K,  68% used [0x00000000e5560000, 0x00000000e63f45a8, 0x00000000e6ab0000)
  to   space 21824K,   0% used [0x00000000e6ab0000, 0x00000000e6ab0000, 0x00000000e8000000)
 concurrent mark-sweep generation total 393216K, used 8292K [0x00000000e8000000, 0x0000000100000000, 0x0000000100000000)
 Metaspace       used 28278K, capacity 28662K, committed 28872K, reserved 1075200K
  class space    used 3302K, capacity 3453K, committed 3528K, reserved 1048576K
}
2023-04-26T09:38:08.449+0530: 2.674: Total time for which application threads were stopped: 0.0095461 seconds, Stopping threads took: 0.0001228 seconds
{Heap before GC invocations=16 (full 1):
 par new generation   total 109248K, used 102353K [0x00000000e0000000, 0x00000000e8000000, 0x00000000e8000000)
  eden space 87424K, 100% used [0x00000000e0000000, 0x00000000e5560000, 0x00000000e5560000)
  from space 21824K,  68% used [0x00000000e5560000, 0x00000000e63f45a8, 0x00000000e6ab0000)
  to   space 21824K,   0% used [0x00000000e6ab0000, 0x00000000e6ab0000, 0x00000000e8000000)
 concurrent mark-sweep generation total 393216K, used 8292K [0x00000000e8000000, 0x0000000100000000, 0x0000000100000000)
 Metaspace       used 28629K, capacity 29132K, committed 29384K, reserved 1075200K
  class space    used 3326K, capacity 3500K, committed 3528K, reserved 1048576K
2023-04-26T09:38:08.558+0530: 2.783: [GC (Allocation Failure) 2023-04-26T09:38:08.558+0530: 2.783: [ParNew
Desired survivor size 20112992 bytes, new threshold 8 (max 8)
- age   1:    8858072 bytes,    8858072 total
- age   2:     118176 bytes,    8976248 total
- age   3:      83120 bytes,    9059368 total
- age   4:     109072 bytes,    9168440 total
- age   5:      44328 bytes,    9212768 total
- age   6:     283064 bytes,    9495832 total
- age   7:    8119920 bytes,   17615752 total
- age   8:    2147112 bytes,   19762864 total
: 102353K->21824K(109248K), 0.0124148 secs] 110645K->30799K(502464K), 0.0124884 secs] [Times: user=0.06 sys=0.00, real=0.02 secs] 
Heap after GC invocations=17 (full 1):
 par new generation   total 109248K, used 21824K [0x00000000e0000000, 0x00000000e8000000, 0x00000000e8000000)
  eden space 87424K,   0% used [0x00000000e0000000, 0x00000000e0000000, 0x00000000e5560000)
  from space 21824K, 100% used [0x00000000e6ab0000, 0x00000000e8000000, 0x00000000e8000000)
  to   space 21824K,   0% used [0x00000000e5560000, 0x00000000e5560000, 0x00000000e6ab0000)
 concurrent mark-sweep generation total 393216K, used 8975K [0x00000000e8000000, 0x0000000100000000, 0x0000000100000000)
 Metaspace       used 28629K, capacity 29132K, committed 29384K, reserved 1075200K
  class space    used 3326K, capacity 3500K, committed 3528K, reserved 1048576K
}
2023-04-26T09:38:08.571+0530: 2.796: Total time for which application threads were stopped: 0.0127842 seconds, Stopping threads took: 0.0001028 seconds
{Heap before GC invocations=17 (full 1):
 par new generation   total 109248K, used 109245K [0x00000000e0000000, 0x00000000e8000000, 0x00000000e8000000)
  eden space 87424K,  99% used [0x00000000e0000000, 0x00000000e555f6b8, 0x00000000e5560000)
  from space 21824K, 100% used [0x00000000e6ab0000, 0x00000000e8000000, 0x00000000e8000000)
  to   space 21824K,   0% used [0x00000000e5560000, 0x00000000e5560000, 0x00000000e6ab0000)
 concurrent mark-sweep generation total 393216K, used 8975K [0x00000000e8000000, 0x0000000100000000, 0x0000000100000000)
 Metaspace       used 28977K, capacity 29452K, committed 29768K, reserved 1075200K
  class space    used 3382K, capacity 3564K, committed 3656K, reserved 1048576K
2023-04-26T09:38:08.618+0530: 2.843: [GC (Allocation Failure) 2023-04-26T09:38:08.618+0530: 2.843: [ParNew
Desired survivor size 20112992 bytes, new threshold 8 (max 8)
- age   1:    1146120 bytes,    1146120 total
- age   2:    8423928 bytes,    9570048 total
- age   3:     118176 bytes,    9688224 total
- age   4:      83056 bytes,    9771280 total
- age   5:     109072 bytes,    9880352 total
- age   6:      44296 bytes,    9924648 total
- age   7:     283064 bytes,   10207712 total
- age   8:    8110560 bytes,   18318272 total
: 109245K->21824K(109248K), 0.0152948 secs] 118220K->33111K(502464K), 0.0153935 secs] [Times: user=0.10 sys=0.00, real=0.02 secs] 
Heap after GC invocations=18 (full 1):
 par new generation   total 109248K, used 21824K [0x00000000e0000000, 0x00000000e8000000, 0x00000000e8000000)
  eden space 87424K,   0% used [0x00000000e0000000, 0x00000000e0000000, 0x00000000e5560000)
  from space 21824K, 100% used [0x00000000e5560000, 0x00000000e6ab0000, 0x00000000e6ab0000)
  to   space 21824K,   0% used [0x00000000e6ab0000, 0x00000000e6ab0000, 0x00000000e8000000)
 concurrent mark-sweep generation total 393216K, used 11287K [0x00000000e8000000, 0x0000000100000000, 0x0000000100000000)
 Metaspace       used 28977K, capacity 29452K, committed 29768K, reserved 1075200K
  class space    used 3382K, capacity 3564K, committed 3656K, reserved 1048576K
}
2023-04-26T09:38:08.634+0530: 2.858: Total time for which application threads were stopped: 0.0155840 seconds, Stopping threads took: 0.0000446 seconds
{Heap before GC invocations=18 (full 1):
 par new generation   total 109248K, used 109248K [0x00000000e0000000, 0x00000000e8000000, 0x00000000e8000000)
  eden space 87424K, 100% used [0x00000000e0000000, 0x00000000e5560000, 0x00000000e5560000)
  from space 21824K, 100% used [0x00000000e5560000, 0x00000000e6ab0000, 0x00000000e6ab0000)
  to   space 21824K,   0% used [0x00000000e6ab0000, 0x00000000e6ab0000, 0x00000000e8000000)
 concurrent mark-sweep generation total 393216K, used 11287K [0x00000000e8000000, 0x0000000100000000, 0x0000000100000000)
 Metaspace       used 29670K, capacity 30060K, committed 30408K, reserved 1075200K
  class space    used 3484K, capacity 3660K, committed 3784K, reserved 1048576K
2023-04-26T09:38:08.693+0530: 2.918: [GC (Allocation Failure) 2023-04-26T09:38:08.693+0530: 2.918: [ParNew
Desired survivor size 20112992 bytes, new threshold 8 (max 8)
- age   1:     786768 bytes,     786768 total
- age   2:     958328 bytes,    1745096 total
- age   3:    8422360 bytes,   10167456 total
- age   4:     118176 bytes,   10285632 total
- age   5:      83056 bytes,   10368688 total
- age   6:     109072 bytes,   10477760 total
- age   7:      44296 bytes,   10522056 total
- age   8:     283064 bytes,   10805120 total
: 109248K->17837K(109248K), 0.0183130 secs] 120535K->37064K(502464K), 0.0184184 secs] [Times: user=0.10 sys=0.00, real=0.02 secs] 
Heap after GC invocations=19 (full 1):
 par new generation   total 109248K, used 17837K [0x00000000e0000000, 0x00000000e8000000, 0x00000000e8000000)
  eden space 87424K,   0% used [0x00000000e0000000, 0x00000000e0000000, 0x00000000e5560000)
  from space 21824K,  81% used [0x00000000e6ab0000, 0x00000000e7c1b5c0, 0x00000000e8000000)
  to   space 21824K,   0% used [0x00000000e5560000, 0x00000000e5560000, 0x00000000e6ab0000)
 concurrent mark-sweep generation total 393216K, used 19227K [0x00000000e8000000, 0x0000000100000000, 0x0000000100000000)
 Metaspace       used 29670K, capacity 30060K, committed 30408K, reserved 1075200K
  class space    used 3484K, capacity 3660K, committed 3784K, reserved 1048576K
}
2023-04-26T09:38:08.711+0530: 2.936: Total time for which application threads were stopped: 0.0186054 seconds, Stopping threads took: 0.0000534 seconds
2023-04-26T09:38:08.738+0530: 2.963: Total time for which application threads were stopped: 0.0005083 seconds, Stopping threads took: 0.0000445 seconds
2023-04-26T09:38:09.738+0530: 3.963: Total time for which application threads were stopped: 0.0002793 seconds, Stopping threads took: 0.0000435 seconds
2023-04-26T09:38:09.817+0530: 4.042: Total time for which application threads were stopped: 0.0004179 seconds, Stopping threads took: 0.0000215 seconds
2023-04-26T09:39:39.640+0530: 93.865: Total time for which application threads were stopped: 0.0000577 seconds, Stopping threads took: 0.0000138 seconds
2023-04-26T09:39:39.643+0530: 93.868: Total time for which application threads were stopped: 0.0000610 seconds, Stopping threads took: 0.0000144 seconds
2023-04-26T09:39:39.657+0530: 93.882: Total time for which application threads were stopped: 0.0004447 seconds, Stopping threads took: 0.0000138 seconds
2023-04-26T09:39:39.665+0530: 93.890: Total time for which application threads were stopped: 0.0001458 seconds, Stopping threads took: 0.0001025 seconds
2023-04-26T09:39:39.868+0530: 94.093: Total time for which application threads were stopped: 0.0003887 seconds, Stopping threads took: 0.0002504 seconds
2023-04-26T09:39:39.870+0530: 94.095: Total time for which application threads were stopped: 0.0001672 seconds, Stopping threads took: 0.0000606 seconds
2023-04-26T09:39:39.889+0530: 94.114: Total time for which application threads were stopped: 0.0001256 seconds, Stopping threads took: 0.0000304 seconds
2023-04-26T09:39:39.943+0530: 94.168: Total time for which application threads were stopped: 0.0004801 seconds, Stopping threads took: 0.0000229 seconds
2023-04-26T09:39:39.943+0530: 94.168: Total time for which application threads were stopped: 0.0003752 seconds, Stopping threads took: 0.0000136 seconds
2023-04-26T09:39:39.945+0530: 94.170: Total time for which application threads were stopped: 0.0001875 seconds, Stopping threads took: 0.0001363 seconds
2023-04-26T09:39:39.945+0530: 94.170: Total time for which application threads were stopped: 0.0001586 seconds, Stopping threads took: 0.0001205 seconds
2023-04-26T09:39:39.945+0530: 94.170: Total time for which application threads were stopped: 0.0000532 seconds, Stopping threads took: 0.0000143 seconds
2023-04-26T09:39:39.945+0530: 94.170: Total time for which application threads were stopped: 0.0001420 seconds, Stopping threads took: 0.0001068 seconds
2023-04-26T09:39:39.945+0530: 94.170: Total time for which application threads were stopped: 0.0000512 seconds, Stopping threads took: 0.0000205 seconds
2023-04-26T09:39:39.947+0530: 94.172: Total time for which application threads were stopped: 0.0000688 seconds, Stopping threads took: 0.0000247 seconds
2023-04-26T09:39:39.947+0530: 94.172: Total time for which application threads were stopped: 0.0000548 seconds, Stopping threads took: 0.0000263 seconds
2023-04-26T09:39:39.947+0530: 94.172: Total time for which application threads were stopped: 0.0001076 seconds, Stopping threads took: 0.0000755 seconds
2023-04-26T09:39:39.947+0530: 94.172: Total time for which application threads were stopped: 0.0001091 seconds, Stopping threads took: 0.0000753 seconds
2023-04-26T09:39:39.947+0530: 94.172: Total time for which application threads were stopped: 0.0000690 seconds, Stopping threads took: 0.0000175 seconds
2023-04-26T09:39:39.947+0530: 94.172: Total time for which application threads were stopped: 0.0000527 seconds, Stopping threads took: 0.0000250 seconds
2023-04-26T09:39:40.901+0530: 95.126: Total time for which application threads were stopped: 0.0001087 seconds, Stopping threads took: 0.0000213 seconds
2023-04-26T09:39:40.902+0530: 95.126: Total time for which application threads were stopped: 0.0000469 seconds, Stopping threads took: 0.0000086 seconds
2023-04-26T09:39:44.722+0530: 98.947: Total time for which application threads were stopped: 0.0001090 seconds, Stopping threads took: 0.0000312 seconds
2023-04-26T09:39:44.722+0530: 98.947: Total time for which application threads were stopped: 0.0000704 seconds, Stopping threads took: 0.0000131 seconds
2023-04-26T09:39:44.723+0530: 98.948: Total time for which application threads were stopped: 0.0000453 seconds, Stopping threads took: 0.0000227 seconds
2023-04-26T09:39:44.723+0530: 98.948: Total time for which application threads were stopped: 0.0000667 seconds, Stopping threads took: 0.0000038 seconds
2023-04-26T09:39:44.723+0530: 98.948: Total time for which application threads were stopped: 0.0000425 seconds, Stopping threads took: 0.0000169 seconds
2023-04-26T09:39:44.723+0530: 98.948: Total time for which application threads were stopped: 0.0000271 seconds, Stopping threads took: 0.0000055 seconds
2023-04-26T09:39:44.724+0530: 98.949: Total time for which application threads were stopped: 0.0000507 seconds, Stopping threads took: 0.0000129 seconds
2023-04-26T09:39:44.724+0530: 98.949: Total time for which application threads were stopped: 0.0000435 seconds, Stopping threads took: 0.0000169 seconds
2023-04-26T09:39:44.724+0530: 98.949: Total time for which application threads were stopped: 0.0000453 seconds, Stopping threads took: 0.0000191 seconds
2023-04-26T09:39:44.724+0530: 98.949: Total time for which application threads were stopped: 0.0001616 seconds, Stopping threads took: 0.0000301 seconds
2023-04-26T09:39:44.726+0530: 98.950: Total time for which application threads were stopped: 0.0000732 seconds, Stopping threads took: 0.0000146 seconds
2023-04-26T09:39:44.726+0530: 98.951: Total time for which application threads were stopped: 0.0000558 seconds, Stopping threads took: 0.0000076 seconds
2023-04-26T09:39:44.726+0530: 98.951: Total time for which application threads were stopped: 0.0000310 seconds, Stopping threads took: 0.0000066 seconds
2023-04-26T09:39:44.726+0530: 98.951: Total time for which application threads were stopped: 0.0000307 seconds, Stopping threads took: 0.0000063 seconds
2023-04-26T09:39:44.726+0530: 98.951: Total time for which application threads were stopped: 0.0000701 seconds, Stopping threads took: 0.0000206 seconds
2023-04-26T09:39:44.727+0530: 98.952: Total time for which application threads were stopped: 0.0000707 seconds, Stopping threads took: 0.0000183 seconds
2023-04-26T09:39:44.727+0530: 98.952: Total time for which application threads were stopped: 0.0000592 seconds, Stopping threads took: 0.0000090 seconds
2023-04-26T09:39:44.727+0530: 98.952: Total time for which application threads were stopped: 0.0000728 seconds, Stopping threads took: 0.0000215 seconds
2023-04-26T09:39:44.727+0530: 98.952: Total time for which application threads were stopped: 0.0000646 seconds, Stopping threads took: 0.0000146 seconds
2023-04-26T09:39:44.728+0530: 98.952: Total time for which application threads were stopped: 0.0000643 seconds, Stopping threads took: 0.0000194 seconds
2023-04-26T09:39:45.728+0530: 99.953: Total time for which application threads were stopped: 0.0002289 seconds, Stopping threads took: 0.0000592 seconds
2023-04-26T09:40:10.914+0530: 125.139: Total time for which application threads were stopped: 0.0000534 seconds, Stopping threads took: 0.0000122 seconds
2023-04-26T09:40:10.914+0530: 125.139: Total time for which application threads were stopped: 0.0000299 seconds, Stopping threads took: 0.0000072 seconds
2023-04-26T09:40:10.915+0530: 125.140: Total time for which application threads were stopped: 0.0001157 seconds, Stopping threads took: 0.0000861 seconds
2023-04-26T09:40:10.967+0530: 125.192: Total time for which application threads were stopped: 0.0001009 seconds, Stopping threads took: 0.0000225 seconds
2023-04-26T09:40:10.967+0530: 125.192: Total time for which application threads were stopped: 0.0000720 seconds, Stopping threads took: 0.0000136 seconds
2023-04-26T09:40:10.976+0530: 125.200: Total time for which application threads were stopped: 0.0000617 seconds, Stopping threads took: 0.0000148 seconds
2023-04-26T09:40:10.976+0530: 125.201: Total time for which application threads were stopped: 0.0000392 seconds, Stopping threads took: 0.0000082 seconds
2023-04-26T09:40:10.976+0530: 125.201: Total time for which application threads were stopped: 0.0000563 seconds, Stopping threads took: 0.0000120 seconds
2023-04-26T09:40:10.978+0530: 125.203: Total time for which application threads were stopped: 0.0000654 seconds, Stopping threads took: 0.0000382 seconds
2023-04-26T09:40:10.993+0530: 125.217: Total time for which application threads were stopped: 0.0003671 seconds, Stopping threads took: 0.0000131 seconds
2023-04-26T09:40:11.020+0530: 125.244: Total time for which application threads were stopped: 0.0001074 seconds, Stopping threads took: 0.0000254 seconds
2023-04-26T09:40:11.020+0530: 125.245: Total time for which application threads were stopped: 0.0001326 seconds, Stopping threads took: 0.0000788 seconds
2023-04-26T09:40:44.727+0530: 158.952: Total time for which application threads were stopped: 0.0002201 seconds, Stopping threads took: 0.0000814 seconds
2023-04-26T09:40:44.728+0530: 158.953: Total time for which application threads were stopped: 0.0001749 seconds, Stopping threads took: 0.0000466 seconds
2023-04-26T09:42:11.745+0530: 245.970: Total time for which application threads were stopped: 0.0002141 seconds, Stopping threads took: 0.0000895 seconds
2023-04-26T09:44:19.771+0530: 373.996: Total time for which application threads were stopped: 0.0002147 seconds, Stopping threads took: 0.0000843 seconds
2023-04-26T09:47:24.174+0530: 558.399: Total time for which application threads were stopped: 0.0001480 seconds, Stopping threads took: 0.0000621 seconds
2023-04-26T09:47:24.175+0530: 558.400: Total time for which application threads were stopped: 0.0001575 seconds, Stopping threads took: 0.0000576 seconds
2023-04-26T09:47:24.175+0530: 558.400: Total time for which application threads were stopped: 0.0001006 seconds, Stopping threads took: 0.0000275 seconds
2023-04-26T09:47:24.175+0530: 558.400: Total time for which application threads were stopped: 0.0000871 seconds, Stopping threads took: 0.0000182 seconds
2023-04-26T09:47:24.175+0530: 558.400: Total time for which application threads were stopped: 0.0000912 seconds, Stopping threads took: 0.0000217 seconds
2023-04-26T09:47:24.178+0530: 558.403: Total time for which application threads were stopped: 0.0001901 seconds, Stopping threads took: 0.0000865 seconds
2023-04-26T09:47:24.178+0530: 558.403: Total time for which application threads were stopped: 0.0001042 seconds, Stopping threads took: 0.0000460 seconds
2023-04-26T09:47:24.179+0530: 558.404: Total time for which application threads were stopped: 0.0009523 seconds, Stopping threads took: 0.0008468 seconds
2023-04-26T09:47:24.184+0530: 558.409: Total time for which application threads were stopped: 0.0005029 seconds, Stopping threads took: 0.0000367 seconds
2023-04-26T09:47:24.190+0530: 558.415: Total time for which application threads were stopped: 0.0001297 seconds, Stopping threads took: 0.0000267 seconds
2023-04-26T09:47:24.191+0530: 558.416: Total time for which application threads were stopped: 0.0000786 seconds, Stopping threads took: 0.0000242 seconds
2023-04-26T09:47:24.191+0530: 558.416: Total time for which application threads were stopped: 0.0000761 seconds, Stopping threads took: 0.0000152 seconds
2023-04-26T09:47:24.192+0530: 558.417: Total time for which application threads were stopped: 0.0000989 seconds, Stopping threads took: 0.0000419 seconds
2023-04-26T09:47:24.194+0530: 558.419: Total time for which application threads were stopped: 0.0001709 seconds, Stopping threads took: 0.0000482 seconds
2023-04-26T09:47:24.196+0530: 558.421: Total time for which application threads were stopped: 0.0003913 seconds, Stopping threads took: 0.0000238 seconds
2023-04-26T09:47:24.196+0530: 558.421: Total time for which application threads were stopped: 0.0001107 seconds, Stopping threads took: 0.0000410 seconds
2023-04-26T09:47:24.197+0530: 558.422: Total time for which application threads were stopped: 0.0002495 seconds, Stopping threads took: 0.0001716 seconds
2023-04-26T09:47:24.197+0530: 558.422: Total time for which application threads were stopped: 0.0000951 seconds, Stopping threads took: 0.0000337 seconds
2023-04-26T09:47:24.198+0530: 558.422: Total time for which application threads were stopped: 0.0000869 seconds, Stopping threads took: 0.0000297 seconds
2023-04-26T09:47:24.198+0530: 558.423: Total time for which application threads were stopped: 0.0000894 seconds, Stopping threads took: 0.0000351 seconds
2023-04-26T09:47:24.198+0530: 558.423: Total time for which application threads were stopped: 0.0001001 seconds, Stopping threads took: 0.0000422 seconds
2023-04-26T09:47:24.201+0530: 558.426: Total time for which application threads were stopped: 0.0001389 seconds, Stopping threads took: 0.0000406 seconds
2023-04-26T09:47:24.201+0530: 558.426: Total time for which application threads were stopped: 0.0001021 seconds, Stopping threads took: 0.0000358 seconds
2023-04-26T09:47:24.204+0530: 558.429: Total time for which application threads were stopped: 0.0001267 seconds, Stopping threads took: 0.0000526 seconds
2023-04-26T09:47:24.204+0530: 558.429: Total time for which application threads were stopped: 0.0000577 seconds, Stopping threads took: 0.0000194 seconds
2023-04-26T09:47:24.204+0530: 558.429: Total time for which application threads were stopped: 0.0000480 seconds, Stopping threads took: 0.0000180 seconds
2023-04-26T09:47:24.204+0530: 558.429: Total time for which application threads were stopped: 0.0000566 seconds, Stopping threads took: 0.0000292 seconds
2023-04-26T09:47:24.204+0530: 558.429: Total time for which application threads were stopped: 0.0000510 seconds, Stopping threads took: 0.0000206 seconds
2023-04-26T09:47:24.206+0530: 558.431: Total time for which application threads were stopped: 0.0001427 seconds, Stopping threads took: 0.0000550 seconds
2023-04-26T09:47:24.206+0530: 558.431: Total time for which application threads were stopped: 0.0000983 seconds, Stopping threads took: 0.0000265 seconds
2023-04-26T09:47:24.206+0530: 558.431: Total time for which application threads were stopped: 0.0000746 seconds, Stopping threads took: 0.0000278 seconds
2023-04-26T09:47:24.207+0530: 558.431: Total time for which application threads were stopped: 0.0001175 seconds, Stopping threads took: 0.0000246 seconds
2023-04-26T09:47:24.207+0530: 558.432: Total time for which application threads were stopped: 0.0000865 seconds, Stopping threads took: 0.0000281 seconds
2023-04-26T09:47:32.706+0530: 566.931: Total time for which application threads were stopped: 0.0000861 seconds, Stopping threads took: 0.0000187 seconds
2023-04-26T09:47:32.707+0530: 566.932: Total time for which application threads were stopped: 0.0000518 seconds, Stopping threads took: 0.0000101 seconds
2023-04-26T09:47:32.707+0530: 566.932: Total time for which application threads were stopped: 0.0000577 seconds, Stopping threads took: 0.0000095 seconds
2023-04-26T09:47:32.707+0530: 566.932: Total time for which application threads were stopped: 0.0000494 seconds, Stopping threads took: 0.0000103 seconds
2023-04-26T09:47:32.708+0530: 566.933: Total time for which application threads were stopped: 0.0000908 seconds, Stopping threads took: 0.0000318 seconds
2023-04-26T09:47:35.709+0530: 569.933: Total time for which application threads were stopped: 0.0002926 seconds, Stopping threads took: 0.0000580 seconds
2023-04-26T09:47:45.492+0530: 579.717: Total time for which application threads were stopped: 0.0003119 seconds, Stopping threads took: 0.0000423 seconds
{Heap before GC invocations=19 (full 1):
 par new generation   total 109248K, used 105261K [0x00000000e0000000, 0x00000000e8000000, 0x00000000e8000000)
  eden space 87424K, 100% used [0x00000000e0000000, 0x00000000e5560000, 0x00000000e5560000)
  from space 21824K,  81% used [0x00000000e6ab0000, 0x00000000e7c1b5c0, 0x00000000e8000000)
  to   space 21824K,   0% used [0x00000000e5560000, 0x00000000e5560000, 0x00000000e6ab0000)
 concurrent mark-sweep generation total 393216K, used 19227K [0x00000000e8000000, 0x0000000100000000, 0x0000000100000000)
 Metaspace       used 34922K, capacity 35438K, committed 35656K, reserved 1081344K
  class space    used 4175K, capacity 4331K, committed 4424K, reserved 1048576K
2023-04-26T09:47:45.666+0530: 579.891: [GC (Allocation Failure) 2023-04-26T09:47:45.666+0530: 579.891: [ParNew
Desired survivor size 20112992 bytes, new threshold 8 (max 8)
- age   1:   10474256 bytes,   10474256 total
- age   2:     199560 bytes,   10673816 total
- age   3:     406984 bytes,   11080800 total
- age   4:    8417792 bytes,   19498592 total
- age   5:     118176 bytes,   19616768 total
- age   6:      83056 bytes,   19699824 total
- age   7:     109072 bytes,   19808896 total
- age   8:      44232 bytes,   19853128 total
: 105261K->21824K(109248K), 0.0106148 secs] 124488K->41403K(502464K), 0.0106979 secs] [Times: user=0.05 sys=0.00, real=0.01 secs] 
Heap after GC invocations=20 (full 1):
 par new generation   total 109248K, used 21824K [0x00000000e0000000, 0x00000000e8000000, 0x00000000e8000000)
  eden space 87424K,   0% used [0x00000000e0000000, 0x00000000e0000000, 0x00000000e5560000)
  from space 21824K, 100% used [0x00000000e5560000, 0x00000000e6ab0000, 0x00000000e6ab0000)
  to   space 21824K,   0% used [0x00000000e6ab0000, 0x00000000e6ab0000, 0x00000000e8000000)
 concurrent mark-sweep generation total 393216K, used 19579K [0x00000000e8000000, 0x0000000100000000, 0x0000000100000000)
 Metaspace       used 34922K, capacity 35438K, committed 35656K, reserved 1081344K
  class space    used 4175K, capacity 4331K, committed 4424K, reserved 1048576K
}
2023-04-26T09:47:45.676+0530: 579.901: Total time for which application threads were stopped: 0.0108819 seconds, Stopping threads took: 0.0000231 seconds
2023-04-26T09:47:45.677+0530: 579.902: Total time for which application threads were stopped: 0.0001132 seconds, Stopping threads took: 0.0000371 seconds
2023-04-26T09:47:45.679+0530: 579.904: Total time for which application threads were stopped: 0.0001023 seconds, Stopping threads took: 0.0000431 seconds
2023-04-26T09:47:45.679+0530: 579.904: Total time for which application threads were stopped: 0.0000778 seconds, Stopping threads took: 0.0000376 seconds
2023-04-26T09:47:45.679+0530: 579.904: Total time for which application threads were stopped: 0.0000507 seconds, Stopping threads took: 0.0000129 seconds
2023-04-26T09:47:45.686+0530: 579.911: Total time for which application threads were stopped: 0.0004794 seconds, Stopping threads took: 0.0000428 seconds
2023-04-26T09:47:45.716+0530: 579.941: Total time for which application threads were stopped: 0.0000990 seconds, Stopping threads took: 0.0000212 seconds
2023-04-26T09:47:45.718+0530: 579.943: Total time for which application threads were stopped: 0.0000879 seconds, Stopping threads took: 0.0000230 seconds
2023-04-26T09:47:45.741+0530: 579.966: Total time for which application threads were stopped: 0.0005898 seconds, Stopping threads took: 0.0000266 seconds
2023-04-26T09:47:45.856+0530: 580.081: Total time for which application threads were stopped: 0.0001714 seconds, Stopping threads took: 0.0000202 seconds
2023-04-26T09:47:46.856+0530: 581.081: Total time for which application threads were stopped: 0.0002136 seconds, Stopping threads took: 0.0000474 seconds
2023-04-26T09:48:24.205+0530: 618.430: Total time for which application threads were stopped: 0.0001665 seconds, Stopping threads took: 0.0000594 seconds
2023-04-26T09:48:24.207+0530: 618.432: Total time for which application threads were stopped: 0.0000732 seconds, Stopping threads took: 0.0000153 seconds
2023-04-26T09:48:43.424+0530: 637.649: Total time for which application threads were stopped: 0.0001300 seconds, Stopping threads took: 0.0000367 seconds
2023-04-26T09:48:43.425+0530: 637.650: Total time for which application threads were stopped: 0.0000685 seconds, Stopping threads took: 0.0000165 seconds
2023-04-26T09:49:59.956+0530: 703.396: Total time for which application threads were stopped: 0.0001422 seconds, Stopping threads took: 0.0000584 seconds
2023-04-26T09:53:40.167+0530: 923.608: Total time for which application threads were stopped: 0.0001287 seconds, Stopping threads took: 0.0000452 seconds
2023-04-26T09:53:40.167+0530: 923.608: Total time for which application threads were stopped: 0.0001732 seconds, Stopping threads took: 0.0000112 seconds
2023-04-26T09:53:40.168+0530: 923.609: Total time for which application threads were stopped: 0.0000822 seconds, Stopping threads took: 0.0000158 seconds
2023-04-26T09:53:40.168+0530: 923.609: Total time for which application threads were stopped: 0.0000703 seconds, Stopping threads took: 0.0000127 seconds
2023-04-26T09:53:40.378+0530: 923.819: Total time for which application threads were stopped: 0.0000998 seconds, Stopping threads took: 0.0000423 seconds
2023-04-26T09:53:40.379+0530: 923.819: Total time for which application threads were stopped: 0.0000913 seconds, Stopping threads took: 0.0000228 seconds
2023-04-26T09:53:40.381+0530: 923.821: Total time for which application threads were stopped: 0.0001154 seconds, Stopping threads took: 0.0000270 seconds
2023-04-26T09:53:40.399+0530: 923.840: Total time for which application threads were stopped: 0.0000984 seconds, Stopping threads took: 0.0000201 seconds
2023-04-26T09:53:40.399+0530: 923.840: Total time for which application threads were stopped: 0.0000659 seconds, Stopping threads took: 0.0000138 seconds
2023-04-26T09:53:40.401+0530: 923.841: Total time for which application threads were stopped: 0.0000865 seconds, Stopping threads took: 0.0000222 seconds
2023-04-26T09:53:40.401+0530: 923.842: Total time for which application threads were stopped: 0.0000952 seconds, Stopping threads took: 0.0000562 seconds
2023-04-26T09:53:40.403+0530: 923.844: Total time for which application threads were stopped: 0.0001004 seconds, Stopping threads took: 0.0000239 seconds
2023-04-26T09:53:40.405+0530: 923.845: Total time for which application threads were stopped: 0.0001019 seconds, Stopping threads took: 0.0000417 seconds
2023-04-26T09:53:40.405+0530: 923.845: Total time for which application threads were stopped: 0.0000489 seconds, Stopping threads took: 0.0000118 seconds
2023-04-26T09:53:40.405+0530: 923.846: Total time for which application threads were stopped: 0.0000503 seconds, Stopping threads took: 0.0000087 seconds
2023-04-26T09:53:40.405+0530: 923.846: Total time for which application threads were stopped: 0.0000443 seconds, Stopping threads took: 0.0000080 seconds
2023-04-26T09:53:40.405+0530: 923.846: Total time for which application threads were stopped: 0.0000560 seconds, Stopping threads took: 0.0000111 seconds
2023-04-26T09:53:40.405+0530: 923.846: Total time for which application threads were stopped: 0.0000412 seconds, Stopping threads took: 0.0000092 seconds
2023-04-26T09:53:40.405+0530: 923.846: Total time for which application threads were stopped: 0.0000909 seconds, Stopping threads took: 0.0000276 seconds
2023-04-26T09:53:40.406+0530: 923.847: Total time for which application threads were stopped: 0.0001353 seconds, Stopping threads took: 0.0000439 seconds
2023-04-26T09:53:40.407+0530: 923.848: Total time for which application threads were stopped: 0.0001072 seconds, Stopping threads took: 0.0000225 seconds
2023-04-26T09:53:40.407+0530: 923.848: Total time for which application threads were stopped: 0.0001484 seconds, Stopping threads took: 0.0000729 seconds
2023-04-26T09:53:40.408+0530: 923.848: Total time for which application threads were stopped: 0.0001163 seconds, Stopping threads took: 0.0000230 seconds
2023-04-26T09:53:40.409+0530: 923.849: Total time for which application threads were stopped: 0.0001812 seconds, Stopping threads took: 0.0000600 seconds
2023-04-26T09:53:40.409+0530: 923.849: Total time for which application threads were stopped: 0.0000987 seconds, Stopping threads took: 0.0000342 seconds
2023-04-26T09:53:40.409+0530: 923.850: Total time for which application threads were stopped: 0.0001499 seconds, Stopping threads took: 0.0000305 seconds
2023-04-26T09:53:41.409+0530: 924.850: Total time for which application threads were stopped: 0.0001037 seconds, Stopping threads took: 0.0000243 seconds
2023-04-26T09:53:50.852+0530: 934.292: Total time for which application threads were stopped: 0.0000904 seconds, Stopping threads took: 0.0000184 seconds
2023-04-26T09:53:50.868+0530: 934.309: Total time for which application threads were stopped: 0.0001082 seconds, Stopping threads took: 0.0000203 seconds
2023-04-26T09:53:50.872+0530: 934.313: Total time for which application threads were stopped: 0.0000957 seconds, Stopping threads took: 0.0000239 seconds
2023-04-26T09:53:50.872+0530: 934.313: Total time for which application threads were stopped: 0.0000577 seconds, Stopping threads took: 0.0000110 seconds
2023-04-26T09:53:50.874+0530: 934.315: Total time for which application threads were stopped: 0.0001340 seconds, Stopping threads took: 0.0000377 seconds
2023-04-26T09:53:50.874+0530: 934.315: Total time for which application threads were stopped: 0.0000750 seconds, Stopping threads took: 0.0000198 seconds
2023-04-26T09:53:51.875+0530: 935.315: Total time for which application threads were stopped: 0.0002156 seconds, Stopping threads took: 0.0000499 seconds
2023-04-26T09:53:53.887+0530: 937.327: Total time for which application threads were stopped: 0.0003002 seconds, Stopping threads took: 0.0001336 seconds
2023-04-26T09:53:53.889+0530: 937.329: Total time for which application threads were stopped: 0.0003496 seconds, Stopping threads took: 0.0000897 seconds
2023-04-26T09:53:53.918+0530: 937.359: Total time for which application threads were stopped: 0.0002004 seconds, Stopping threads took: 0.0001115 seconds
2023-04-26T09:53:54.918+0530: 938.359: Total time for which application threads were stopped: 0.0001292 seconds, Stopping threads took: 0.0000351 seconds
2023-04-26T09:54:12.920+0530: 956.361: Total time for which application threads were stopped: 0.0002324 seconds, Stopping threads took: 0.0000848 seconds
2023-04-26T09:54:40.410+0530: 983.850: Total time for which application threads were stopped: 0.0002596 seconds, Stopping threads took: 0.0001004 seconds
2023-04-26T09:54:50.875+0530: 994.316: Total time for which application threads were stopped: 0.0002096 seconds, Stopping threads took: 0.0000538 seconds
2023-04-26T09:57:42.529+0530: 1165.969: Total time for which application threads were stopped: 0.0002015 seconds, Stopping threads took: 0.0001308 seconds
2023-04-26T09:57:42.530+0530: 1165.971: Total time for which application threads were stopped: 0.0000676 seconds, Stopping threads took: 0.0000109 seconds
2023-04-26T09:57:42.534+0530: 1165.974: Total time for which application threads were stopped: 0.0003999 seconds, Stopping threads took: 0.0003440 seconds
2023-04-26T09:57:43.534+0530: 1166.975: Total time for which application threads were stopped: 0.0003130 seconds, Stopping threads took: 0.0000725 seconds
2023-04-26T09:57:46.443+0530: 1169.883: Total time for which application threads were stopped: 0.0001700 seconds, Stopping threads took: 0.0000654 seconds
2023-04-26T09:57:46.445+0530: 1169.886: Total time for which application threads were stopped: 0.0000805 seconds, Stopping threads took: 0.0000158 seconds
2023-04-26T09:57:46.450+0530: 1169.891: Total time for which application threads were stopped: 0.0001254 seconds, Stopping threads took: 0.0000356 seconds
2023-04-26T09:57:46.451+0530: 1169.892: Total time for which application threads were stopped: 0.0000637 seconds, Stopping threads took: 0.0000128 seconds
2023-04-26T09:57:47.452+0530: 1170.892: Total time for which application threads were stopped: 0.0002541 seconds, Stopping threads took: 0.0000578 seconds
2023-04-26T09:57:53.453+0530: 1176.894: Total time for which application threads were stopped: 0.0002059 seconds, Stopping threads took: 0.0000487 seconds
2023-04-26T09:58:04.455+0530: 1187.896: Total time for which application threads were stopped: 0.0002025 seconds, Stopping threads took: 0.0000520 seconds
2023-04-26T09:58:29.207+0530: 1212.648: Total time for which application threads were stopped: 0.0001054 seconds, Stopping threads took: 0.0000241 seconds
2023-04-26T09:58:29.211+0530: 1212.651: Total time for which application threads were stopped: 0.0001209 seconds, Stopping threads took: 0.0000321 seconds
2023-04-26T09:58:29.212+0530: 1212.653: Total time for which application threads were stopped: 0.0001036 seconds, Stopping threads took: 0.0000427 seconds
2023-04-26T09:58:29.213+0530: 1212.654: Total time for which application threads were stopped: 0.0001293 seconds, Stopping threads took: 0.0000693 seconds
2023-04-26T09:58:29.214+0530: 1212.654: Total time for which application threads were stopped: 0.0000506 seconds, Stopping threads took: 0.0000185 seconds
2023-04-26T09:58:29.214+0530: 1212.654: Total time for which application threads were stopped: 0.0001128 seconds, Stopping threads took: 0.0000132 seconds
2023-04-26T09:58:29.226+0530: 1212.667: Total time for which application threads were stopped: 0.0001771 seconds, Stopping threads took: 0.0001038 seconds
2023-04-26T09:58:30.226+0530: 1213.667: Total time for which application threads were stopped: 0.0003883 seconds, Stopping threads took: 0.0000589 seconds
2023-04-26T09:58:37.228+0530: 1220.669: Total time for which application threads were stopped: 0.0001765 seconds, Stopping threads took: 0.0000450 seconds
2023-04-26T09:58:54.278+0530: 1237.719: Total time for which application threads were stopped: 0.0001244 seconds, Stopping threads took: 0.0000449 seconds
2023-04-26T09:58:54.284+0530: 1237.724: Total time for which application threads were stopped: 0.0001706 seconds, Stopping threads took: 0.0000182 seconds
2023-04-26T09:58:54.310+0530: 1237.751: Total time for which application threads were stopped: 0.0001195 seconds, Stopping threads took: 0.0000306 seconds
2023-04-26T09:58:55.311+0530: 1238.751: Total time for which application threads were stopped: 0.0001529 seconds, Stopping threads took: 0.0000307 seconds
2023-04-26T09:59:29.958+0530: 1273.399: Total time for which application threads were stopped: 0.0001674 seconds, Stopping threads took: 0.0000704 seconds
2023-04-26T09:59:29.966+0530: 1273.406: Total time for which application threads were stopped: 0.0001205 seconds, Stopping threads took: 0.0000301 seconds
2023-04-26T09:59:29.981+0530: 1273.421: Total time for which application threads were stopped: 0.0020115 seconds, Stopping threads took: 0.0018966 seconds
2023-04-26T09:59:39.124+0530: 1282.564: Total time for which application threads were stopped: 0.0001452 seconds, Stopping threads took: 0.0000287 seconds
2023-04-26T09:59:39.129+0530: 1282.570: Total time for which application threads were stopped: 0.0000862 seconds, Stopping threads took: 0.0000229 seconds
2023-04-26T09:59:39.131+0530: 1282.571: Total time for which application threads were stopped: 0.0001370 seconds, Stopping threads took: 0.0000475 seconds
2023-04-26T09:59:39.131+0530: 1282.571: Total time for which application threads were stopped: 0.0000983 seconds, Stopping threads took: 0.0000288 seconds
2023-04-26T09:59:39.131+0530: 1282.572: Total time for which application threads were stopped: 0.0000682 seconds, Stopping threads took: 0.0000139 seconds
2023-04-26T09:59:39.144+0530: 1282.585: Total time for which application threads were stopped: 0.0035174 seconds, Stopping threads took: 0.0034324 seconds
2023-04-26T09:59:40.144+0530: 1283.585: Total time for which application threads were stopped: 0.0002565 seconds, Stopping threads took: 0.0000635 seconds
2023-04-26T09:59:54.147+0530: 1297.587: Total time for which application threads were stopped: 0.0002615 seconds, Stopping threads took: 0.0000822 seconds
2023-04-26T10:00:38.087+0530: 1341.528: Total time for which application threads were stopped: 0.0001225 seconds, Stopping threads took: 0.0000404 seconds
2023-04-26T10:00:38.092+0530: 1341.533: Total time for which application threads were stopped: 0.0001069 seconds, Stopping threads took: 0.0000273 seconds
2023-04-26T10:00:38.102+0530: 1341.542: Total time for which application threads were stopped: 0.0000771 seconds, Stopping threads took: 0.0000166 seconds
2023-04-26T10:00:49.104+0530: 1352.545: Total time for which application threads were stopped: 0.0003108 seconds, Stopping threads took: 0.0001674 seconds
2023-04-26T10:01:33.111+0530: 1396.552: Total time for which application threads were stopped: 0.0002169 seconds, Stopping threads took: 0.0000843 seconds
2023-04-26T10:02:28.119+0530: 1451.560: Total time for which application threads were stopped: 0.0002494 seconds, Stopping threads took: 0.0001063 seconds
2023-04-26T10:02:35.387+0530: 1458.828: Total time for which application threads were stopped: 0.0001278 seconds, Stopping threads took: 0.0000426 seconds
2023-04-26T10:02:35.393+0530: 1458.834: Total time for which application threads were stopped: 0.0001331 seconds, Stopping threads took: 0.0000298 seconds
2023-04-26T10:02:35.404+0530: 1458.845: Total time for which application threads were stopped: 0.0001156 seconds, Stopping threads took: 0.0000501 seconds
2023-04-26T10:03:12.411+0530: 1495.852: Total time for which application threads were stopped: 0.0003565 seconds, Stopping threads took: 0.0001037 seconds
2023-04-26T10:03:13.550+0530: 1496.990: Total time for which application threads were stopped: 0.0001477 seconds, Stopping threads took: 0.0000711 seconds
2023-04-26T10:03:13.554+0530: 1496.994: Total time for which application threads were stopped: 0.0000946 seconds, Stopping threads took: 0.0000184 seconds
2023-04-26T10:03:13.555+0530: 1496.995: Total time for which application threads were stopped: 0.0001002 seconds, Stopping threads took: 0.0000157 seconds
2023-04-26T10:03:13.563+0530: 1497.004: Total time for which application threads were stopped: 0.0001022 seconds, Stopping threads took: 0.0000241 seconds
2023-04-26T10:03:34.567+0530: 1518.008: Total time for which application threads were stopped: 0.0002208 seconds, Stopping threads took: 0.0000861 seconds
2023-04-26T10:03:45.570+0530: 1529.010: Total time for which application threads were stopped: 0.0000929 seconds, Stopping threads took: 0.0000367 seconds
2023-04-26T10:04:00.895+0530: 1544.336: Total time for which application threads were stopped: 0.0001780 seconds, Stopping threads took: 0.0000494 seconds
2023-04-26T10:04:00.902+0530: 1544.342: Total time for which application threads were stopped: 0.0001218 seconds, Stopping threads took: 0.0000245 seconds
2023-04-26T10:04:00.912+0530: 1544.353: Total time for which application threads were stopped: 0.0001043 seconds, Stopping threads took: 0.0000238 seconds
2023-04-26T10:04:01.913+0530: 1545.353: Total time for which application threads were stopped: 0.0000779 seconds, Stopping threads took: 0.0000222 seconds
2023-04-26T10:04:25.583+0530: 1569.023: Total time for which application threads were stopped: 0.0001325 seconds, Stopping threads took: 0.0000434 seconds
2023-04-26T10:04:25.588+0530: 1569.028: Total time for which application threads were stopped: 0.0001871 seconds, Stopping threads took: 0.0000228 seconds
2023-04-26T10:04:25.597+0530: 1569.037: Total time for which application threads were stopped: 0.0000970 seconds, Stopping threads took: 0.0000207 seconds
2023-04-26T10:04:29.598+0530: 1573.038: Total time for which application threads were stopped: 0.0002470 seconds, Stopping threads took: 0.0000952 seconds
2023-04-26T10:04:40.599+0530: 1584.040: Total time for which application threads were stopped: 0.0001723 seconds, Stopping threads took: 0.0000404 seconds
2023-04-26T10:04:47.473+0530: 1590.914: Total time for which application threads were stopped: 0.0001441 seconds, Stopping threads took: 0.0000369 seconds
2023-04-26T10:04:47.475+0530: 1590.916: Total time for which application threads were stopped: 0.0001338 seconds, Stopping threads took: 0.0000253 seconds
2023-04-26T10:04:47.479+0530: 1590.919: Total time for which application threads were stopped: 0.0001363 seconds, Stopping threads took: 0.0000255 seconds
2023-04-26T10:04:47.481+0530: 1590.921: Total time for which application threads were stopped: 0.0002156 seconds, Stopping threads took: 0.0001214 seconds
2023-04-26T10:04:47.481+0530: 1590.922: Total time for which application threads were stopped: 0.0000734 seconds, Stopping threads took: 0.0000150 seconds
2023-04-26T10:04:47.481+0530: 1590.922: Total time for which application threads were stopped: 0.0000410 seconds, Stopping threads took: 0.0000071 seconds
2023-04-26T10:04:47.481+0530: 1590.922: Total time for which application threads were stopped: 0.0000504 seconds, Stopping threads took: 0.0000089 seconds
2023-04-26T10:04:47.481+0530: 1590.922: Total time for which application threads were stopped: 0.0000497 seconds, Stopping threads took: 0.0000094 seconds
2023-04-26T10:04:47.481+0530: 1590.922: Total time for which application threads were stopped: 0.0000340 seconds, Stopping threads took: 0.0000056 seconds
2023-04-26T10:04:47.481+0530: 1590.922: Total time for which application threads were stopped: 0.0000332 seconds, Stopping threads took: 0.0000054 seconds
2023-04-26T10:04:47.482+0530: 1590.922: Total time for which application threads were stopped: 0.0000318 seconds, Stopping threads took: 0.0000053 seconds
2023-04-26T10:04:47.482+0530: 1590.922: Total time for which application threads were stopped: 0.0000358 seconds, Stopping threads took: 0.0000062 seconds
2023-04-26T10:04:47.482+0530: 1590.922: Total time for which application threads were stopped: 0.0000332 seconds, Stopping threads took: 0.0000059 seconds
2023-04-26T10:04:47.482+0530: 1590.922: Total time for which application threads were stopped: 0.0000322 seconds, Stopping threads took: 0.0000057 seconds
2023-04-26T10:04:47.482+0530: 1590.922: Total time for which application threads were stopped: 0.0000325 seconds, Stopping threads took: 0.0000057 seconds
2023-04-26T10:04:47.482+0530: 1590.922: Total time for which application threads were stopped: 0.0000320 seconds, Stopping threads took: 0.0000055 seconds
2023-04-26T10:04:47.491+0530: 1590.931: Total time for which application threads were stopped: 0.0001435 seconds, Stopping threads took: 0.0000620 seconds
2023-04-26T10:04:48.491+0530: 1591.931: Total time for which application threads were stopped: 0.0001185 seconds, Stopping threads took: 0.0000219 seconds
2023-04-26T10:04:51.491+0530: 1594.932: Total time for which application threads were stopped: 0.0002580 seconds, Stopping threads took: 0.0000622 seconds
2023-04-26T10:05:46.502+0530: 1649.943: Total time for which application threads were stopped: 0.0000937 seconds, Stopping threads took: 0.0000372 seconds
2023-04-26T10:05:57.504+0530: 1660.945: Total time for which application threads were stopped: 0.0002145 seconds, Stopping threads took: 0.0000511 seconds
2023-04-26T10:06:08.507+0530: 1671.948: Total time for which application threads were stopped: 0.0002717 seconds, Stopping threads took: 0.0001168 seconds
2023-04-26T10:07:03.517+0530: 1726.958: Total time for which application threads were stopped: 0.0002627 seconds, Stopping threads took: 0.0001104 seconds
2023-04-26T10:07:12.782+0530: 1736.223: Total time for which application threads were stopped: 0.0001303 seconds, Stopping threads took: 0.0000254 seconds
2023-04-26T10:07:12.789+0530: 1736.230: Total time for which application threads were stopped: 0.0007989 seconds, Stopping threads took: 0.0005996 seconds
2023-04-26T10:07:12.800+0530: 1736.240: Total time for which application threads were stopped: 0.0001045 seconds, Stopping threads took: 0.0000233 seconds
2023-04-26T10:07:46.807+0530: 1770.247: Total time for which application threads were stopped: 0.0002678 seconds, Stopping threads took: 0.0001024 seconds
2023-04-26T10:07:57.808+0530: 1781.249: Total time for which application threads were stopped: 0.0001739 seconds, Stopping threads took: 0.0000423 seconds
2023-04-26T10:08:41.816+0530: 1825.257: Total time for which application threads were stopped: 0.0003100 seconds, Stopping threads took: 0.0001178 seconds
2023-04-26T10:10:35.666+0530: 1939.107: Total time for which application threads were stopped: 0.0002079 seconds, Stopping threads took: 0.0000547 seconds
2023-04-26T10:10:35.668+0530: 1939.108: Total time for which application threads were stopped: 0.0001730 seconds, Stopping threads took: 0.0000531 seconds
2023-04-26T10:10:35.673+0530: 1939.114: Total time for which application threads were stopped: 0.0000847 seconds, Stopping threads took: 0.0000180 seconds
2023-04-26T10:10:36.673+0530: 1940.114: Total time for which application threads were stopped: 0.0000961 seconds, Stopping threads took: 0.0000355 seconds
2023-04-26T10:11:04.677+0530: 1968.118: Total time for which application threads were stopped: 0.0001186 seconds, Stopping threads took: 0.0000306 seconds
2023-04-26T10:11:28.905+0530: 1992.346: Total time for which application threads were stopped: 0.0001445 seconds, Stopping threads took: 0.0000491 seconds
2023-04-26T10:11:28.911+0530: 1992.351: Total time for which application threads were stopped: 0.0001448 seconds, Stopping threads took: 0.0000242 seconds
2023-04-26T10:11:28.920+0530: 1992.361: Total time for which application threads were stopped: 0.0001132 seconds, Stopping threads took: 0.0000243 seconds
2023-04-26T10:11:28.958+0530: 1992.398: Total time for which application threads were stopped: 0.0001594 seconds, Stopping threads took: 0.0000241 seconds
2023-04-26T10:11:29.958+0530: 1993.399: Total time for which application threads were stopped: 0.0000966 seconds, Stopping threads took: 0.0000261 seconds
2023-04-26T10:11:37.959+0530: 2001.400: Total time for which application threads were stopped: 0.0003034 seconds, Stopping threads took: 0.0000994 seconds
2023-04-26T10:11:38.344+0530: 2001.784: Total time for which application threads were stopped: 0.0001166 seconds, Stopping threads took: 0.0000184 seconds
2023-04-26T10:11:38.348+0530: 2001.788: Total time for which application threads were stopped: 0.0001037 seconds, Stopping threads took: 0.0000200 seconds
{Heap before GC invocations=20 (full 1):
 par new generation   total 109248K, used 109248K [0x00000000e0000000, 0x00000000e8000000, 0x00000000e8000000)
  eden space 87424K, 100% used [0x00000000e0000000, 0x00000000e5560000, 0x00000000e5560000)
  from space 21824K, 100% used [0x00000000e5560000, 0x00000000e6ab0000, 0x00000000e6ab0000)
  to   space 21824K,   0% used [0x00000000e6ab0000, 0x00000000e6ab0000, 0x00000000e8000000)
 concurrent mark-sweep generation total 393216K, used 19579K [0x00000000e8000000, 0x0000000100000000, 0x0000000100000000)
 Metaspace       used 36189K, capacity 36742K, committed 37064K, reserved 1081344K
  class space    used 4275K, capacity 4463K, committed 4552K, reserved 1048576K
2023-04-26T10:11:38.351+0530: 2001.792: [GC (Allocation Failure) 2023-04-26T10:11:38.351+0530: 2001.792: [ParNew
Desired survivor size 20112992 bytes, new threshold 8 (max 8)
- age   1:    1430832 bytes,    1430832 total
- age   2:    6302448 bytes,    7733280 total
- age   3:     173856 bytes,    7907136 total
- age   4:     395472 bytes,    8302608 total
- age   5:    8414792 bytes,   16717400 total
- age   6:     118176 bytes,   16835576 total
- age   7:      83056 bytes,   16918632 total
- age   8:     108592 bytes,   17027224 total
: 109248K->21824K(109248K), 0.0195987 secs] 128827K->41536K(502464K), 0.0197061 secs] [Times: user=0.05 sys=0.01, real=0.02 secs] 
Heap after GC invocations=21 (full 1):
 par new generation   total 109248K, used 21824K [0x00000000e0000000, 0x00000000e8000000, 0x00000000e8000000)
  eden space 87424K,   0% used [0x00000000e0000000, 0x00000000e0000000, 0x00000000e5560000)
  from space 21824K, 100% used [0x00000000e6ab0000, 0x00000000e8000000, 0x00000000e8000000)
  to   space 21824K,   0% used [0x00000000e5560000, 0x00000000e5560000, 0x00000000e6ab0000)
 concurrent mark-sweep generation total 393216K, used 19712K [0x00000000e8000000, 0x0000000100000000, 0x0000000100000000)
 Metaspace       used 36189K, capacity 36742K, committed 37064K, reserved 1081344K
  class space    used 4275K, capacity 4463K, committed 4552K, reserved 1048576K
}
2023-04-26T10:11:38.371+0530: 2001.811: Total time for which application threads were stopped: 0.0199398 seconds, Stopping threads took: 0.0000846 seconds
2023-04-26T10:11:38.378+0530: 2001.818: Total time for which application threads were stopped: 0.0000956 seconds, Stopping threads took: 0.0000171 seconds
2023-04-26T10:11:39.378+0530: 2002.819: Total time for which application threads were stopped: 0.0000951 seconds, Stopping threads took: 0.0000238 seconds
2023-04-26T10:11:48.768+0530: 2012.209: Total time for which application threads were stopped: 0.0001221 seconds, Stopping threads took: 0.0000226 seconds
2023-04-26T10:11:48.770+0530: 2012.210: Total time for which application threads were stopped: 0.0002144 seconds, Stopping threads took: 0.0000142 seconds
2023-04-26T10:11:48.773+0530: 2012.214: Total time for which application threads were stopped: 0.0001082 seconds, Stopping threads took: 0.0000262 seconds
2023-04-26T10:11:48.782+0530: 2012.223: Total time for which application threads were stopped: 0.0000935 seconds, Stopping threads took: 0.0000183 seconds
2023-04-26T10:11:48.813+0530: 2012.254: Total time for which application threads were stopped: 0.0003376 seconds, Stopping threads took: 0.0001205 seconds
2023-04-26T10:11:49.813+0530: 2013.254: Total time for which application threads were stopped: 0.0001291 seconds, Stopping threads took: 0.0000305 seconds
2023-04-26T10:12:09.146+0530: 2032.586: Total time for which application threads were stopped: 0.0002143 seconds, Stopping threads took: 0.0000579 seconds
2023-04-26T10:12:09.151+0530: 2032.591: Total time for which application threads were stopped: 0.0001858 seconds, Stopping threads took: 0.0000241 seconds
2023-04-26T10:12:09.160+0530: 2032.600: Total time for which application threads were stopped: 0.0001023 seconds, Stopping threads took: 0.0000215 seconds
2023-04-26T10:12:10.160+0530: 2033.600: Total time for which application threads were stopped: 0.0001260 seconds, Stopping threads took: 0.0000316 seconds
2023-04-26T10:13:19.173+0530: 2102.614: Total time for which application threads were stopped: 0.0002635 seconds, Stopping threads took: 0.0001070 seconds
2023-04-26T10:13:39.177+0530: 2122.617: Total time for which application threads were stopped: 0.0002170 seconds, Stopping threads took: 0.0000541 seconds
2023-04-26T10:14:34.187+0530: 2177.628: Total time for which application threads were stopped: 0.0002266 seconds, Stopping threads took: 0.0000893 seconds
2023-04-26T10:14:56.192+0530: 2199.633: Total time for which application threads were stopped: 0.0002576 seconds, Stopping threads took: 0.0000946 seconds
2023-04-26T10:15:07.194+0530: 2210.635: Total time for which application threads were stopped: 0.0002055 seconds, Stopping threads took: 0.0000528 seconds
2023-04-26T10:15:18.197+0530: 2221.638: Total time for which application threads were stopped: 0.0002523 seconds, Stopping threads took: 0.0000989 seconds
2023-04-26T10:15:48.202+0530: 2251.642: Total time for which application threads were stopped: 0.0002904 seconds, Stopping threads took: 0.0001102 seconds
2023-04-26T10:17:04.213+0530: 2327.654: Total time for which application threads were stopped: 0.0002462 seconds, Stopping threads took: 0.0000989 seconds
2023-04-26T10:17:30.281+0530: 2353.722: Total time for which application threads were stopped: 0.0001131 seconds, Stopping threads took: 0.0000324 seconds
2023-04-26T10:17:30.286+0530: 2353.727: Total time for which application threads were stopped: 0.0001184 seconds, Stopping threads took: 0.0000265 seconds
2023-04-26T10:17:30.296+0530: 2353.737: Total time for which application threads were stopped: 0.0002987 seconds, Stopping threads took: 0.0001117 seconds
2023-04-26T10:17:31.297+0530: 2354.737: Total time for which application threads were stopped: 0.0001052 seconds, Stopping threads took: 0.0000206 seconds
2023-04-26T10:18:54.228+0530: 2437.669: Total time for which application threads were stopped: 0.0001867 seconds, Stopping threads took: 0.0000548 seconds
2023-04-26T10:18:54.234+0530: 2437.675: Total time for which application threads were stopped: 0.0001534 seconds, Stopping threads took: 0.0000276 seconds
2023-04-26T10:18:54.243+0530: 2437.684: Total time for which application threads were stopped: 0.0000916 seconds, Stopping threads took: 0.0000182 seconds
2023-04-26T10:18:55.243+0530: 2438.684: Total time for which application threads were stopped: 0.0001443 seconds, Stopping threads took: 0.0000310 seconds
2023-04-26T10:19:09.245+0530: 2452.686: Total time for which application threads were stopped: 0.0000613 seconds, Stopping threads took: 0.0000157 seconds
2023-04-26T10:19:20.247+0530: 2463.688: Total time for which application threads were stopped: 0.0002410 seconds, Stopping threads took: 0.0000921 seconds
2023-04-26T10:19:48.072+0530: 2491.513: Total time for which application threads were stopped: 0.0001169 seconds, Stopping threads took: 0.0000230 seconds
2023-04-26T10:19:48.076+0530: 2491.516: Total time for which application threads were stopped: 0.0001071 seconds, Stopping threads took: 0.0000208 seconds
2023-04-26T10:19:48.084+0530: 2491.525: Total time for which application threads were stopped: 0.0000897 seconds, Stopping threads took: 0.0000232 seconds
2023-04-26T10:19:49.085+0530: 2492.525: Total time for which application threads were stopped: 0.0002180 seconds, Stopping threads took: 0.0000517 seconds
2023-04-26T10:20:39.355+0530: 2542.795: Total time for which application threads were stopped: 0.0001998 seconds, Stopping threads took: 0.0000505 seconds
2023-04-26T10:20:39.360+0530: 2542.801: Total time for which application threads were stopped: 0.0001781 seconds, Stopping threads took: 0.0000917 seconds
2023-04-26T10:20:39.368+0530: 2542.809: Total time for which application threads were stopped: 0.0001361 seconds, Stopping threads took: 0.0000526 seconds
2023-04-26T10:20:40.369+0530: 2543.809: Total time for which application threads were stopped: 0.0001760 seconds, Stopping threads took: 0.0000402 seconds
2023-04-26T10:20:47.370+0530: 2550.811: Total time for which application threads were stopped: 0.0002104 seconds, Stopping threads took: 0.0000530 seconds
2023-04-26T10:21:09.589+0530: 2573.029: Total time for which application threads were stopped: 0.0001395 seconds, Stopping threads took: 0.0000430 seconds
2023-04-26T10:21:09.594+0530: 2573.034: Total time for which application threads were stopped: 0.0001936 seconds, Stopping threads took: 0.0001152 seconds
2023-04-26T10:21:09.602+0530: 2573.042: Total time for which application threads were stopped: 0.0001114 seconds, Stopping threads took: 0.0000225 seconds
2023-04-26T10:21:10.602+0530: 2574.043: Total time for which application threads were stopped: 0.0001501 seconds, Stopping threads took: 0.0000410 seconds
2023-04-26T10:21:32.605+0530: 2596.046: Total time for which application threads were stopped: 0.0002593 seconds, Stopping threads took: 0.0000988 seconds
2023-04-26T10:21:43.607+0530: 2607.047: Total time for which application threads were stopped: 0.0000799 seconds, Stopping threads took: 0.0000204 seconds
2023-04-26T10:46:21.335+0530: 2639.102: Total time for which application threads were stopped: 0.0001281 seconds, Stopping threads took: 0.0000388 seconds
2023-04-26T10:46:32.348+0530: 2650.115: Total time for which application threads were stopped: 0.0002537 seconds, Stopping threads took: 0.0000638 seconds
2023-04-26T10:46:43.338+0530: 2661.105: Total time for which application threads were stopped: 0.0004029 seconds, Stopping threads took: 0.0002108 seconds
2023-04-26T10:46:44.338+0530: 2662.105: Total time for which application threads were stopped: 0.0000762 seconds, Stopping threads took: 0.0000214 seconds
2023-04-26T10:46:54.340+0530: 2672.107: Total time for which application threads were stopped: 0.0002925 seconds, Stopping threads took: 0.0001183 seconds
2023-04-26T10:47:16.343+0530: 2694.110: Total time for which application threads were stopped: 0.0002601 seconds, Stopping threads took: 0.0000995 seconds
2023-04-26T10:47:38.346+0530: 2716.113: Total time for which application threads were stopped: 0.0002213 seconds, Stopping threads took: 0.0000555 seconds
2023-04-26T10:47:49.348+0530: 2727.115: Total time for which application threads were stopped: 0.0002352 seconds, Stopping threads took: 0.0000844 seconds
2023-04-26T10:48:33.354+0530: 2771.121: Total time for which application threads were stopped: 0.0002549 seconds, Stopping threads took: 0.0001014 seconds
2023-04-26T10:50:52.605+0530: 2910.372: Total time for which application threads were stopped: 0.0001771 seconds, Stopping threads took: 0.0000541 seconds
2023-04-26T10:50:52.610+0530: 2910.377: Total time for which application threads were stopped: 0.0001317 seconds, Stopping threads took: 0.0000229 seconds
2023-04-26T10:50:52.619+0530: 2910.386: Total time for which application threads were stopped: 0.0001008 seconds, Stopping threads took: 0.0000391 seconds
2023-04-26T10:50:53.619+0530: 2911.386: Total time for which application threads were stopped: 0.0003558 seconds, Stopping threads took: 0.0000708 seconds
2023-04-26T10:52:48.636+0530: 3026.404: Total time for which application threads were stopped: 0.0002005 seconds, Stopping threads took: 0.0000892 seconds
2023-04-26T10:52:48.641+0530: 3026.408: Total time for which application threads were stopped: 0.0001328 seconds, Stopping threads took: 0.0000466 seconds
2023-04-26T10:52:48.649+0530: 3026.416: Total time for which application threads were stopped: 0.0001768 seconds, Stopping threads took: 0.0000166 seconds
2023-04-26T10:52:49.649+0530: 3027.416: Total time for which application threads were stopped: 0.0000810 seconds, Stopping threads took: 0.0000221 seconds
2023-04-26T10:53:04.540+0530: 3042.307: Total time for which application threads were stopped: 0.0011631 seconds, Stopping threads took: 0.0010233 seconds
2023-04-26T10:53:04.545+0530: 3042.312: Total time for which application threads were stopped: 0.0001330 seconds, Stopping threads took: 0.0000328 seconds
2023-04-26T10:53:04.556+0530: 3042.323: Total time for which application threads were stopped: 0.0001838 seconds, Stopping threads took: 0.0001033 seconds
2023-04-26T10:53:05.556+0530: 3043.323: Total time for which application threads were stopped: 0.0000898 seconds, Stopping threads took: 0.0000228 seconds
2023-04-26T10:53:08.557+0530: 3046.324: Total time for which application threads were stopped: 0.0002438 seconds, Stopping threads took: 0.0000582 seconds
2023-04-26T10:53:18.223+0530: 3055.990: Total time for which application threads were stopped: 0.0001426 seconds, Stopping threads took: 0.0000258 seconds
2023-04-26T10:53:18.228+0530: 3055.995: Total time for which application threads were stopped: 0.0001241 seconds, Stopping threads took: 0.0000243 seconds
2023-04-26T10:53:18.236+0530: 3056.003: Total time for which application threads were stopped: 0.0000996 seconds, Stopping threads took: 0.0000187 seconds
2023-04-26T10:54:12.820+0530: 3110.587: Total time for which application threads were stopped: 0.0002493 seconds, Stopping threads took: 0.0000693 seconds
2023-04-26T10:54:12.829+0530: 3110.596: Total time for which application threads were stopped: 0.0001259 seconds, Stopping threads took: 0.0000284 seconds
2023-04-26T10:54:12.836+0530: 3110.603: Total time for which application threads were stopped: 0.0001310 seconds, Stopping threads took: 0.0000471 seconds
2023-04-26T10:54:12.837+0530: 3110.604: Total time for which application threads were stopped: 0.0000919 seconds, Stopping threads took: 0.0000234 seconds
2023-04-26T10:54:14.837+0530: 3112.604: Total time for which application threads were stopped: 0.0002041 seconds, Stopping threads took: 0.0000507 seconds
2023-04-26T10:54:52.844+0530: 3150.611: Total time for which application threads were stopped: 0.0002547 seconds, Stopping threads took: 0.0001012 seconds
2023-04-26T10:54:58.845+0530: 3156.612: Total time for which application threads were stopped: 0.0001066 seconds, Stopping threads took: 0.0000396 seconds
2023-04-26T10:55:16.728+0530: 3174.495: Total time for which application threads were stopped: 0.0001864 seconds, Stopping threads took: 0.0000311 seconds
2023-04-26T10:55:16.732+0530: 3174.499: Total time for which application threads were stopped: 0.0001407 seconds, Stopping threads took: 0.0000342 seconds
2023-04-26T10:55:16.739+0530: 3174.506: Total time for which application threads were stopped: 0.0001066 seconds, Stopping threads took: 0.0000269 seconds
2023-04-26T10:55:17.740+0530: 3175.507: Total time for which application threads were stopped: 0.0002212 seconds, Stopping threads took: 0.0000560 seconds
2023-04-26T10:55:20.740+0530: 3178.507: Total time for which application threads were stopped: 0.0001271 seconds, Stopping threads took: 0.0000264 seconds
2023-04-26T10:55:31.742+0530: 3189.509: Total time for which application threads were stopped: 0.0002390 seconds, Stopping threads took: 0.0000886 seconds
2023-04-26T10:55:35.410+0530: 3193.177: Total time for which application threads were stopped: 0.0001852 seconds, Stopping threads took: 0.0000304 seconds
2023-04-26T10:55:35.414+0530: 3193.181: Total time for which application threads were stopped: 0.0001617 seconds, Stopping threads took: 0.0000641 seconds
2023-04-26T10:55:35.422+0530: 3193.189: Total time for which application threads were stopped: 0.0001430 seconds, Stopping threads took: 0.0000484 seconds
{Heap before GC invocations=21 (full 1):
 par new generation   total 109248K, used 109248K [0x00000000e0000000, 0x00000000e8000000, 0x00000000e8000000)
  eden space 87424K, 100% used [0x00000000e0000000, 0x00000000e5560000, 0x00000000e5560000)
  from space 21824K, 100% used [0x00000000e6ab0000, 0x00000000e8000000, 0x00000000e8000000)
  to   space 21824K,   0% used [0x00000000e5560000, 0x00000000e5560000, 0x00000000e6ab0000)
 concurrent mark-sweep generation total 393216K, used 19712K [0x00000000e8000000, 0x0000000100000000, 0x0000000100000000)
 Metaspace       used 36603K, capacity 37132K, committed 37576K, reserved 1083392K
  class space    used 4277K, capacity 4464K, committed 4552K, reserved 1048576K
2023-04-26T10:55:35.425+0530: 3193.192: [GC (Allocation Failure) 2023-04-26T10:55:35.425+0530: 3193.192: [ParNew
Desired survivor size 20112992 bytes, new threshold 8 (max 8)
- age   1:     326272 bytes,     326272 total
- age   2:     863536 bytes,    1189808 total
- age   3:    6294952 bytes,    7484760 total
- age   4:     173856 bytes,    7658616 total
- age   5:     394664 bytes,    8053280 total
- age   6:    8411568 bytes,   16464848 total
- age   7:     118176 bytes,   16583024 total
- age   8:      83056 bytes,   16666080 total
: 109248K->19668K(109248K), 0.0146900 secs] 128960K->39490K(502464K), 0.0148063 secs] [Times: user=0.06 sys=0.00, real=0.01 secs] 
Heap after GC invocations=22 (full 1):
 par new generation   total 109248K, used 19668K [0x00000000e0000000, 0x00000000e8000000, 0x00000000e8000000)
  eden space 87424K,   0% used [0x00000000e0000000, 0x00000000e0000000, 0x00000000e5560000)
  from space 21824K,  90% used [0x00000000e5560000, 0x00000000e68952c0, 0x00000000e6ab0000)
  to   space 21824K,   0% used [0x00000000e6ab0000, 0x00000000e6ab0000, 0x00000000e8000000)
 concurrent mark-sweep generation total 393216K, used 19821K [0x00000000e8000000, 0x0000000100000000, 0x0000000100000000)
 Metaspace       used 36603K, capacity 37132K, committed 37576K, reserved 1083392K
  class space    used 4277K, capacity 4464K, committed 4552K, reserved 1048576K
}
2023-04-26T10:55:35.440+0530: 3193.207: Total time for which application threads were stopped: 0.0150402 seconds, Stopping threads took: 0.0000640 seconds
2023-04-26T10:56:33.910+0530: 3251.677: Total time for which application threads were stopped: 0.0001605 seconds, Stopping threads took: 0.0000501 seconds
2023-04-26T10:56:33.912+0530: 3251.679: Total time for which application threads were stopped: 0.0001114 seconds, Stopping threads took: 0.0000176 seconds
2023-04-26T10:56:33.912+0530: 3251.679: Total time for which application threads were stopped: 0.0000835 seconds, Stopping threads took: 0.0000110 seconds
2023-04-26T10:56:33.912+0530: 3251.679: Total time for which application threads were stopped: 0.0000630 seconds, Stopping threads took: 0.0000077 seconds
2023-04-26T10:56:33.912+0530: 3251.679: Total time for which application threads were stopped: 0.0000580 seconds, Stopping threads took: 0.0000078 seconds
2023-04-26T10:56:33.912+0530: 3251.679: Total time for which application threads were stopped: 0.0000525 seconds, Stopping threads took: 0.0000093 seconds
2023-04-26T10:56:33.912+0530: 3251.679: Total time for which application threads were stopped: 0.0000499 seconds, Stopping threads took: 0.0000094 seconds
2023-04-26T10:56:33.912+0530: 3251.679: Total time for which application threads were stopped: 0.0000990 seconds, Stopping threads took: 0.0000167 seconds
2023-04-26T10:56:33.912+0530: 3251.680: Total time for which application threads were stopped: 0.0000699 seconds, Stopping threads took: 0.0000104 seconds
2023-04-26T10:56:33.913+0530: 3251.680: Total time for which application threads were stopped: 0.0000795 seconds, Stopping threads took: 0.0000195 seconds
2023-04-26T10:56:33.913+0530: 3251.680: Total time for which application threads were stopped: 0.0000640 seconds, Stopping threads took: 0.0000116 seconds
2023-04-26T10:56:33.916+0530: 3251.683: Total time for which application threads were stopped: 0.0001086 seconds, Stopping threads took: 0.0000243 seconds
2023-04-26T10:56:33.923+0530: 3251.691: Total time for which application threads were stopped: 0.0001074 seconds, Stopping threads took: 0.0000245 seconds
2023-04-26T10:56:34.924+0530: 3252.691: Total time for which application threads were stopped: 0.0002564 seconds, Stopping threads took: 0.0000492 seconds
2023-04-26T10:56:52.647+0530: 3270.415: Total time for which application threads were stopped: 0.0001440 seconds, Stopping threads took: 0.0000266 seconds
2023-04-26T10:56:52.654+0530: 3270.421: Total time for which application threads were stopped: 0.0001323 seconds, Stopping threads took: 0.0000247 seconds
2023-04-26T10:56:52.663+0530: 3270.430: Total time for which application threads were stopped: 0.0001349 seconds, Stopping threads took: 0.0000497 seconds
2023-04-26T10:56:53.663+0530: 3271.430: Total time for which application threads were stopped: 0.0000892 seconds, Stopping threads took: 0.0000240 seconds
2023-04-26T10:59:20.343+0530: 3418.110: Total time for which application threads were stopped: 0.0001385 seconds, Stopping threads took: 0.0000508 seconds
2023-04-26T10:59:20.347+0530: 3418.114: Total time for which application threads were stopped: 0.0001823 seconds, Stopping threads took: 0.0000185 seconds
2023-04-26T10:59:20.355+0530: 3418.122: Total time for which application threads were stopped: 0.0000938 seconds, Stopping threads took: 0.0000198 seconds
2023-04-26T10:59:21.355+0530: 3419.122: Total time for which application threads were stopped: 0.0001125 seconds, Stopping threads took: 0.0000278 seconds
2023-04-26T10:59:33.357+0530: 3431.124: Total time for which application threads were stopped: 0.0002055 seconds, Stopping threads took: 0.0000500 seconds
2023-04-26T11:00:21.507+0530: 3479.274: Total time for which application threads were stopped: 0.0001771 seconds, Stopping threads took: 0.0000531 seconds
2023-04-26T11:00:21.512+0530: 3479.279: Total time for which application threads were stopped: 0.0001323 seconds, Stopping threads took: 0.0000316 seconds
2023-04-26T11:00:21.521+0530: 3479.288: Total time for which application threads were stopped: 0.0001083 seconds, Stopping threads took: 0.0000253 seconds
2023-04-26T11:01:18.908+0530: 3536.675: Total time for which application threads were stopped: 0.0001983 seconds, Stopping threads took: 0.0000587 seconds
2023-04-26T11:01:18.913+0530: 3536.680: Total time for which application threads were stopped: 0.0001639 seconds, Stopping threads took: 0.0000320 seconds
2023-04-26T11:01:18.924+0530: 3536.691: Total time for which application threads were stopped: 0.0001166 seconds, Stopping threads took: 0.0000285 seconds
2023-04-26T11:01:19.924+0530: 3537.691: Total time for which application threads were stopped: 0.0002304 seconds, Stopping threads took: 0.0000496 seconds
2023-04-26T11:01:25.577+0530: 3543.344: Total time for which application threads were stopped: 0.0001509 seconds, Stopping threads took: 0.0000330 seconds
2023-04-26T11:01:25.582+0530: 3543.349: Total time for which application threads were stopped: 0.0001311 seconds, Stopping threads took: 0.0000318 seconds
2023-04-26T11:01:25.590+0530: 3543.357: Total time for which application threads were stopped: 0.0001173 seconds, Stopping threads took: 0.0000255 seconds
2023-04-26T11:01:35.664+0530: 3553.431: Total time for which application threads were stopped: 0.0001180 seconds, Stopping threads took: 0.0000270 seconds
2023-04-26T11:01:35.668+0530: 3553.435: Total time for which application threads were stopped: 0.0001226 seconds, Stopping threads took: 0.0000264 seconds
2023-04-26T11:01:35.674+0530: 3553.441: Total time for which application threads were stopped: 0.0000842 seconds, Stopping threads took: 0.0000169 seconds
2023-04-26T11:01:36.674+0530: 3554.441: Total time for which application threads were stopped: 0.0002497 seconds, Stopping threads took: 0.0000950 seconds
2023-04-26T11:01:42.815+0530: 3560.582: Total time for which application threads were stopped: 0.0001356 seconds, Stopping threads took: 0.0000236 seconds
2023-04-26T11:01:42.818+0530: 3560.585: Total time for which application threads were stopped: 0.0001023 seconds, Stopping threads took: 0.0000215 seconds
2023-04-26T11:01:42.825+0530: 3560.592: Total time for which application threads were stopped: 0.0001029 seconds, Stopping threads took: 0.0000272 seconds
2023-04-26T11:01:49.787+0530: 3567.554: Total time for which application threads were stopped: 0.0003617 seconds, Stopping threads took: 0.0001775 seconds
2023-04-26T11:01:49.797+0530: 3567.564: Total time for which application threads were stopped: 0.0004129 seconds, Stopping threads took: 0.0002117 seconds
2023-04-26T11:01:49.806+0530: 3567.573: Total time for which application threads were stopped: 0.0001412 seconds, Stopping threads took: 0.0000340 seconds
2023-04-26T11:01:50.807+0530: 3568.574: Total time for which application threads were stopped: 0.0002573 seconds, Stopping threads took: 0.0000655 seconds
2023-04-26T11:01:56.808+0530: 3574.575: Total time for which application threads were stopped: 0.0002610 seconds, Stopping threads took: 0.0000596 seconds
2023-04-26T11:01:58.022+0530: 3575.789: Total time for which application threads were stopped: 0.0001475 seconds, Stopping threads took: 0.0000277 seconds
2023-04-26T11:01:58.029+0530: 3575.796: Total time for which application threads were stopped: 0.0002371 seconds, Stopping threads took: 0.0000709 seconds
2023-04-26T11:01:58.033+0530: 3575.800: Total time for which application threads were stopped: 0.0001153 seconds, Stopping threads took: 0.0000376 seconds
2023-04-26T11:01:59.033+0530: 3576.800: Total time for which application threads were stopped: 0.0003065 seconds, Stopping threads took: 0.0000617 seconds
2023-04-26T11:02:05.938+0530: 3583.705: Total time for which application threads were stopped: 0.0001531 seconds, Stopping threads took: 0.0000289 seconds
2023-04-26T11:02:05.943+0530: 3583.710: Total time for which application threads were stopped: 0.0001587 seconds, Stopping threads took: 0.0000322 seconds
2023-04-26T11:02:05.947+0530: 3583.714: Total time for which application threads were stopped: 0.0001385 seconds, Stopping threads took: 0.0000268 seconds
2023-04-26T11:02:06.948+0530: 3584.715: Total time for which application threads were stopped: 0.0002532 seconds, Stopping threads took: 0.0000563 seconds
2023-04-26T11:02:07.948+0530: 3585.715: Total time for which application threads were stopped: 0.0001561 seconds, Stopping threads took: 0.0000596 seconds
2023-04-26T11:02:29.952+0530: 3607.719: Total time for which application threads were stopped: 0.0002195 seconds, Stopping threads took: 0.0000583 seconds
2023-04-26T11:02:37.902+0530: 3615.669: Total time for which application threads were stopped: 0.0001783 seconds, Stopping threads took: 0.0000519 seconds
2023-04-26T11:02:37.907+0530: 3615.674: Total time for which application threads were stopped: 0.0001594 seconds, Stopping threads took: 0.0000600 seconds
2023-04-26T11:02:37.915+0530: 3615.683: Total time for which application threads were stopped: 0.0014813 seconds, Stopping threads took: 0.0013678 seconds
2023-04-26T11:03:13.782+0530: 3651.549: Total time for which application threads were stopped: 0.0001131 seconds, Stopping threads took: 0.0000297 seconds
2023-04-26T11:03:13.788+0530: 3651.555: Total time for which application threads were stopped: 0.0001204 seconds, Stopping threads took: 0.0000278 seconds
2023-04-26T11:03:13.794+0530: 3651.561: Total time for which application threads were stopped: 0.0001704 seconds, Stopping threads took: 0.0000740 seconds
2023-04-26T11:03:23.652+0530: 3660.574: Total time for which application threads were stopped: 0.0001841 seconds, Stopping threads took: 0.0000386 seconds
2023-04-26T11:03:23.655+0530: 3660.577: Total time for which application threads were stopped: 0.0001200 seconds, Stopping threads took: 0.0000238 seconds
2023-04-26T11:03:23.661+0530: 3660.583: Total time for which application threads were stopped: 0.0001256 seconds, Stopping threads took: 0.0000305 seconds
2023-04-26T11:03:24.661+0530: 3661.583: Total time for which application threads were stopped: 0.0002134 seconds, Stopping threads took: 0.0000577 seconds
2023-04-26T11:03:47.665+0530: 3684.587: Total time for which application threads were stopped: 0.0002368 seconds, Stopping threads took: 0.0000949 seconds
2023-04-26T11:04:12.623+0530: 3709.545: Total time for which application threads were stopped: 0.0001518 seconds, Stopping threads took: 0.0000465 seconds
2023-04-26T11:04:12.627+0530: 3709.549: Total time for which application threads were stopped: 0.0001575 seconds, Stopping threads took: 0.0000273 seconds
2023-04-26T11:04:12.631+0530: 3709.553: Total time for which application threads were stopped: 0.0000967 seconds, Stopping threads took: 0.0000250 seconds
2023-04-26T11:04:13.632+0530: 3710.554: Total time for which application threads were stopped: 0.0002504 seconds, Stopping threads took: 0.0000485 seconds
2023-04-26T11:04:30.297+0530: 3727.219: Total time for which application threads were stopped: 0.0001255 seconds, Stopping threads took: 0.0000238 seconds
2023-04-26T11:04:30.301+0530: 3727.223: Total time for which application threads were stopped: 0.0000835 seconds, Stopping threads took: 0.0000165 seconds
2023-04-26T11:04:30.305+0530: 3727.227: Total time for which application threads were stopped: 0.0001012 seconds, Stopping threads took: 0.0000207 seconds
2023-04-26T11:04:42.307+0530: 3739.229: Total time for which application threads were stopped: 0.0001197 seconds, Stopping threads took: 0.0000454 seconds
2023-04-26T11:04:54.085+0530: 3751.006: Total time for which application threads were stopped: 0.0000663 seconds, Stopping threads took: 0.0000135 seconds
2023-04-26T11:04:54.087+0530: 3751.009: Total time for which application threads were stopped: 0.0000729 seconds, Stopping threads took: 0.0000197 seconds
2023-04-26T11:04:54.090+0530: 3751.012: Total time for which application threads were stopped: 0.0001033 seconds, Stopping threads took: 0.0000192 seconds
2023-04-26T11:04:55.090+0530: 3752.012: Total time for which application threads were stopped: 0.0002100 seconds, Stopping threads took: 0.0000516 seconds
2023-04-26T11:05:03.775+0530: 3760.697: Total time for which application threads were stopped: 0.0001882 seconds, Stopping threads took: 0.0000337 seconds
2023-04-26T11:05:03.781+0530: 3760.703: Total time for which application threads were stopped: 0.0003607 seconds, Stopping threads took: 0.0000657 seconds
2023-04-26T11:05:03.787+0530: 3760.709: Total time for which application threads were stopped: 0.0001284 seconds, Stopping threads took: 0.0000297 seconds
2023-04-26T11:05:15.961+0530: 3772.883: Total time for which application threads were stopped: 0.0001551 seconds, Stopping threads took: 0.0000507 seconds
2023-04-26T11:05:15.964+0530: 3772.886: Total time for which application threads were stopped: 0.0000954 seconds, Stopping threads took: 0.0000209 seconds
{Heap before GC invocations=22 (full 1):
 par new generation   total 109248K, used 107076K [0x00000000e0000000, 0x00000000e8000000, 0x00000000e8000000)
  eden space 87424K,  99% used [0x00000000e0000000, 0x00000000e555bf38, 0x00000000e5560000)
  from space 21824K,  90% used [0x00000000e5560000, 0x00000000e68952c0, 0x00000000e6ab0000)
  to   space 21824K,   0% used [0x00000000e6ab0000, 0x00000000e6ab0000, 0x00000000e8000000)
 concurrent mark-sweep generation total 393216K, used 19821K [0x00000000e8000000, 0x0000000100000000, 0x0000000100000000)
 Metaspace       used 36823K, capacity 37324K, committed 37576K, reserved 1083392K
  class space    used 4279K, capacity 4464K, committed 4552K, reserved 1048576K
2023-04-26T11:05:15.965+0530: 3772.887: [GC (Allocation Failure) 2023-04-26T11:05:15.965+0530: 3772.887: [ParNew
Desired survivor size 20112992 bytes, new threshold 8 (max 8)
- age   1:     218584 bytes,     218584 total
- age   2:      37984 bytes,     256568 total
- age   3:     848632 bytes,    1105200 total
- age   4:    8324216 bytes,    9429416 total
- age   5:     173856 bytes,    9603272 total
- age   6:     394664 bytes,    9997936 total
- age   7:    8411568 bytes,   18409504 total
- age   8:     118176 bytes,   18527680 total
: 107076K->21824K(109248K), 0.0115837 secs] 126897K->41969K(502464K), 0.0116635 secs] [Times: user=0.04 sys=0.00, real=0.02 secs] 
Heap after GC invocations=23 (full 1):
 par new generation   total 109248K, used 21824K [0x00000000e0000000, 0x00000000e8000000, 0x00000000e8000000)
  eden space 87424K,   0% used [0x00000000e0000000, 0x00000000e0000000, 0x00000000e5560000)
  from space 21824K, 100% used [0x00000000e6ab0000, 0x00000000e8000000, 0x00000000e8000000)
  to   space 21824K,   0% used [0x00000000e5560000, 0x00000000e5560000, 0x00000000e6ab0000)
 concurrent mark-sweep generation total 393216K, used 20145K [0x00000000e8000000, 0x0000000100000000, 0x0000000100000000)
 Metaspace       used 36823K, capacity 37324K, committed 37576K, reserved 1083392K
  class space    used 4279K, capacity 4464K, committed 4552K, reserved 1048576K
}
2023-04-26T11:05:15.977+0530: 3772.899: Total time for which application threads were stopped: 0.0118350 seconds, Stopping threads took: 0.0000382 seconds
2023-04-26T11:05:15.979+0530: 3772.901: Total time for which application threads were stopped: 0.0002730 seconds, Stopping threads took: 0.0001975 seconds
2023-04-26T11:05:16.980+0530: 3773.902: Total time for which application threads were stopped: 0.0003029 seconds, Stopping threads took: 0.0000603 seconds
2023-04-26T11:05:37.693+0530: 3794.615: Total time for which application threads were stopped: 0.0001215 seconds, Stopping threads took: 0.0000219 seconds
2023-04-26T11:05:37.693+0530: 3794.615: Total time for which application threads were stopped: 0.0000975 seconds, Stopping threads took: 0.0000176 seconds
2023-04-26T11:05:37.694+0530: 3794.616: Total time for which application threads were stopped: 0.0001411 seconds, Stopping threads took: 0.0000493 seconds
2023-04-26T11:05:37.695+0530: 3794.617: Total time for which application threads were stopped: 0.0001667 seconds, Stopping threads took: 0.0000552 seconds
2023-04-26T11:05:38.695+0530: 3795.617: Total time for which application threads were stopped: 0.0002178 seconds, Stopping threads took: 0.0000453 seconds
2023-04-26T11:05:43.891+0530: 3800.813: Total time for which application threads were stopped: 0.0001630 seconds, Stopping threads took: 0.0000627 seconds
2023-04-26T11:05:43.891+0530: 3800.813: Total time for which application threads were stopped: 0.0000700 seconds, Stopping threads took: 0.0000108 seconds
2023-04-26T11:05:43.892+0530: 3800.814: Total time for which application threads were stopped: 0.0001168 seconds, Stopping threads took: 0.0000256 seconds
2023-04-26T11:05:43.892+0530: 3800.814: Total time for which application threads were stopped: 0.0000931 seconds, Stopping threads took: 0.0000356 seconds
2023-04-26T11:05:44.893+0530: 3801.815: Total time for which application threads were stopped: 0.0002290 seconds, Stopping threads took: 0.0000525 seconds
2023-04-26T11:05:47.030+0530: 3803.952: Total time for which application threads were stopped: 0.0001670 seconds, Stopping threads took: 0.0000299 seconds
2023-04-26T11:05:47.031+0530: 3803.953: Total time for which application threads were stopped: 0.0001455 seconds, Stopping threads took: 0.0000382 seconds
2023-04-26T11:05:47.041+0530: 3803.963: Total time for which application threads were stopped: 0.0001201 seconds, Stopping threads took: 0.0000206 seconds
2023-04-26T11:05:47.042+0530: 3803.964: Total time for which application threads were stopped: 0.0000963 seconds, Stopping threads took: 0.0000267 seconds
2023-04-26T11:05:47.048+0530: 3803.970: Total time for which application threads were stopped: 0.0001594 seconds, Stopping threads took: 0.0000413 seconds
2023-04-26T11:05:47.048+0530: 3803.970: Total time for which application threads were stopped: 0.0000911 seconds, Stopping threads took: 0.0000143 seconds
2023-04-26T11:05:47.050+0530: 3803.972: Total time for which application threads were stopped: 0.0001882 seconds, Stopping threads took: 0.0000910 seconds
2023-04-26T11:05:47.050+0530: 3803.972: Total time for which application threads were stopped: 0.0001514 seconds, Stopping threads took: 0.0000428 seconds
2023-04-26T11:05:49.051+0530: 3805.973: Total time for which application threads were stopped: 0.0002129 seconds, Stopping threads took: 0.0000549 seconds
2023-04-26T11:05:54.052+0530: 3810.974: Total time for which application threads were stopped: 0.0002133 seconds, Stopping threads took: 0.0000536 seconds
2023-04-26T11:05:58.053+0530: 3814.975: Total time for which application threads were stopped: 0.0002562 seconds, Stopping threads took: 0.0000495 seconds
2023-04-26T11:06:35.059+0530: 3851.981: Total time for which application threads were stopped: 0.0002372 seconds, Stopping threads took: 0.0000533 seconds
2023-04-26T11:06:37.060+0530: 3853.982: Total time for which application threads were stopped: 0.0002141 seconds, Stopping threads took: 0.0000537 seconds
2023-04-26T11:06:44.062+0530: 3860.984: Total time for which application threads were stopped: 0.0001980 seconds, Stopping threads took: 0.0000475 seconds
2023-04-26T11:06:47.051+0530: 3863.973: Total time for which application threads were stopped: 0.0002528 seconds, Stopping threads took: 0.0000895 seconds
2023-04-26T11:07:01.055+0530: 3877.977: Total time for which application threads were stopped: 0.0002183 seconds, Stopping threads took: 0.0000568 seconds
2023-04-26T11:07:17.059+0530: 3893.981: Total time for which application threads were stopped: 0.0002654 seconds, Stopping threads took: 0.0001004 seconds
2023-04-26T11:07:57.066+0530: 3933.988: Total time for which application threads were stopped: 0.0002738 seconds, Stopping threads took: 0.0000901 seconds
2023-04-26T11:12:47.132+0530: 4224.054: Total time for which application threads were stopped: 0.0002762 seconds, Stopping threads took: 0.0001073 seconds
2023-04-26T11:15:10.155+0530: 4367.077: Total time for which application threads were stopped: 0.0002516 seconds, Stopping threads took: 0.0000995 seconds
2023-04-26T11:15:21.157+0530: 4378.079: Total time for which application threads were stopped: 0.0002208 seconds, Stopping threads took: 0.0000537 seconds
2023-04-26T11:15:40.260+0530: 4397.182: Total time for which application threads were stopped: 0.0003699 seconds, Stopping threads took: 0.0001038 seconds
2023-04-26T11:15:40.264+0530: 4397.186: Total time for which application threads were stopped: 0.0004593 seconds, Stopping threads took: 0.0001794 seconds
2023-04-26T11:15:40.265+0530: 4397.187: Total time for which application threads were stopped: 0.0004073 seconds, Stopping threads took: 0.0000715 seconds
2023-04-26T11:15:40.266+0530: 4397.188: Total time for which application threads were stopped: 0.0003000 seconds, Stopping threads took: 0.0000464 seconds
2023-04-26T11:15:40.266+0530: 4397.188: Total time for which application threads were stopped: 0.0001907 seconds, Stopping threads took: 0.0000296 seconds
2023-04-26T11:15:40.266+0530: 4397.188: Total time for which application threads were stopped: 0.0001915 seconds, Stopping threads took: 0.0000216 seconds
2023-04-26T11:15:40.267+0530: 4397.188: Total time for which application threads were stopped: 0.0001804 seconds, Stopping threads took: 0.0000249 seconds
2023-04-26T11:15:40.267+0530: 4397.189: Total time for which application threads were stopped: 0.0001764 seconds, Stopping threads took: 0.0000239 seconds
2023-04-26T11:15:40.267+0530: 4397.189: Total time for which application threads were stopped: 0.0002358 seconds, Stopping threads took: 0.0000808 seconds
2023-04-26T11:15:40.268+0530: 4397.190: Total time for which application threads were stopped: 0.0007304 seconds, Stopping threads took: 0.0001024 seconds
2023-04-26T11:15:40.277+0530: 4397.199: Total time for which application threads were stopped: 0.0004043 seconds, Stopping threads took: 0.0001517 seconds
2023-04-26T11:15:40.293+0530: 4397.215: Total time for which application threads were stopped: 0.0004757 seconds, Stopping threads took: 0.0002081 seconds
2023-04-26T11:15:41.306+0530: 4398.228: Total time for which application threads were stopped: 0.0000752 seconds, Stopping threads took: 0.0000187 seconds
2023-04-26T11:15:42.306+0530: 4399.228: Total time for which application threads were stopped: 0.0002046 seconds, Stopping threads took: 0.0000461 seconds
2023-04-26T11:15:58.492+0530: 4415.414: Total time for which application threads were stopped: 0.0001904 seconds, Stopping threads took: 0.0000561 seconds
2023-04-26T11:15:58.495+0530: 4415.417: Total time for which application threads were stopped: 0.0001566 seconds, Stopping threads took: 0.0000289 seconds
2023-04-26T11:15:58.497+0530: 4415.419: Total time for which application threads were stopped: 0.0001244 seconds, Stopping threads took: 0.0000286 seconds
2023-04-26T11:15:58.502+0530: 4415.424: Total time for which application threads were stopped: 0.0001026 seconds, Stopping threads took: 0.0000256 seconds
2023-04-26T11:15:59.503+0530: 4416.425: Total time for which application threads were stopped: 0.0003019 seconds, Stopping threads took: 0.0000622 seconds
2023-04-26T11:15:59.732+0530: 4416.654: [GC (CMS Initial Mark) [1 CMS-initial-mark: 20145K(393216K)] 68512K(502464K), 0.0173794 secs] [Times: user=0.07 sys=0.00, real=0.02 secs] 
2023-04-26T11:15:59.750+0530: 4416.672: Total time for which application threads were stopped: 0.0177117 seconds, Stopping threads took: 0.0000515 seconds
2023-04-26T11:15:59.750+0530: 4416.672: [CMS-concurrent-mark-start]
2023-04-26T11:15:59.782+0530: 4416.704: [CMS-concurrent-mark: 0.032/0.032 secs] [Times: user=0.13 sys=0.00, real=0.03 secs] 
2023-04-26T11:15:59.782+0530: 4416.704: [CMS-concurrent-preclean-start]
2023-04-26T11:15:59.783+0530: 4416.705: [CMS-concurrent-preclean: 0.001/0.001 secs] [Times: user=0.00 sys=0.00, real=0.00 secs] 
2023-04-26T11:15:59.783+0530: 4416.705: [CMS-concurrent-abortable-preclean-start]
 CMS: abort preclean due to time 2023-04-26T11:16:05.928+0530: 4422.850: [CMS-concurrent-abortable-preclean: 3.041/6.145 secs] [Times: user=3.05 sys=0.00, real=6.15 secs] 
2023-04-26T11:16:05.928+0530: 4422.850: [GC (CMS Final Remark) [YG occupancy: 48366 K (109248 K)]{Heap before GC invocations=23 (full 2):
 par new generation   total 109248K, used 48366K [0x00000000e0000000, 0x00000000e8000000, 0x00000000e8000000)
  eden space 87424K,  30% used [0x00000000e0000000, 0x00000000e19ebb98, 0x00000000e5560000)
  from space 21824K, 100% used [0x00000000e6ab0000, 0x00000000e8000000, 0x00000000e8000000)
  to   space 21824K,   0% used [0x00000000e5560000, 0x00000000e5560000, 0x00000000e6ab0000)
 concurrent mark-sweep generation total 393216K, used 20145K [0x00000000e8000000, 0x0000000100000000, 0x0000000100000000)
 Metaspace       used 36976K, capacity 37516K, committed 37964K, reserved 1083392K
  class space    used 4281K, capacity 4464K, committed 4552K, reserved 1048576K
2023-04-26T11:16:05.928+0530: 4422.850: [GC (CMS Final Remark) 2023-04-26T11:16:05.928+0530: 4422.850: [ParNew
Desired survivor size 20112992 bytes, new threshold 8 (max 8)
- age   1:     160944 bytes,     160944 total
- age   2:      62712 bytes,     223656 total
- age   3:      37984 bytes,     261640 total
- age   4:     846792 bytes,    1108432 total
- age   5:    6091448 bytes,    7199880 total
- age   6:     173856 bytes,    7373736 total
- age   7:     394664 bytes,    7768400 total
- age   8:    8411568 bytes,   16179968 total
: 48366K->21446K(109248K), 0.0081707 secs] 68512K->41722K(502464K), 0.0082137 secs] [Times: user=0.03 sys=0.00, real=0.01 secs] 
Heap after GC invocations=24 (full 2):
 par new generation   total 109248K, used 21446K [0x00000000e0000000, 0x00000000e8000000, 0x00000000e8000000)
  eden space 87424K,   0% used [0x00000000e0000000, 0x00000000e0000000, 0x00000000e5560000)
  from space 21824K,  98% used [0x00000000e5560000, 0x00000000e6a51ad0, 0x00000000e6ab0000)
  to   space 21824K,   0% used [0x00000000e6ab0000, 0x00000000e6ab0000, 0x00000000e8000000)
 concurrent mark-sweep generation total 393216K, used 20275K [0x00000000e8000000, 0x0000000100000000, 0x0000000100000000)
 Metaspace       used 36976K, capacity 37516K, committed 37964K, reserved 1083392K
  class space    used 4281K, capacity 4464K, committed 4552K, reserved 1048576K
}
2023-04-26T11:16:05.937+0530: 4422.859: [Rescan (parallel) , 0.0027272 secs]2023-04-26T11:16:05.939+0530: 4422.861: [weak refs processing, 0.0004655 secs]2023-04-26T11:16:05.940+0530: 4422.862: [class unloading, 0.0073624 secs]2023-04-26T11:16:05.947+0530: 4422.869: [scrub symbol table, 0.0031360 secs]2023-04-26T11:16:05.950+0530: 4422.872: [scrub string table, 0.0005270 secs][1 CMS-remark: 20275K(393216K)] 41722K(502464K), 0.0232469 secs] [Times: user=0.05 sys=0.00, real=0.02 secs] 
2023-04-26T11:16:05.952+0530: 4422.874: Total time for which application threads were stopped: 0.0233428 seconds, Stopping threads took: 0.0000176 seconds
2023-04-26T11:16:05.952+0530: 4422.874: [CMS-concurrent-sweep-start]
2023-04-26T11:16:05.959+0530: 4422.881: [CMS-concurrent-sweep: 0.007/0.007 secs] [Times: user=0.01 sys=0.00, real=0.01 secs] 
2023-04-26T11:16:05.959+0530: 4422.881: [CMS-concurrent-reset-start]
2023-04-26T11:16:05.959+0530: 4422.881: [CMS-concurrent-reset: 0.000/0.000 secs] [Times: user=0.00 sys=0.00, real=0.00 secs] 
2023-04-26T11:16:06.952+0530: 4423.874: Total time for which application threads were stopped: 0.0003716 seconds, Stopping threads took: 0.0000546 seconds
2023-04-26T11:16:08.953+0530: 4425.875: Total time for which application threads were stopped: 0.0002130 seconds, Stopping threads took: 0.0000528 seconds
2023-04-26T11:16:12.727+0530: 4429.649: Total time for which application threads were stopped: 0.0003175 seconds, Stopping threads took: 0.0000470 seconds
2023-04-26T11:16:12.731+0530: 4429.653: Total time for which application threads were stopped: 0.0003630 seconds, Stopping threads took: 0.0000466 seconds
2023-04-26T11:16:12.737+0530: 4429.659: Total time for which application threads were stopped: 0.0003978 seconds, Stopping threads took: 0.0001611 seconds
2023-04-26T11:16:12.748+0530: 4429.670: Total time for which application threads were stopped: 0.0003042 seconds, Stopping threads took: 0.0000618 seconds
2023-04-26T11:16:13.749+0530: 4430.671: Total time for which application threads were stopped: 0.0003528 seconds, Stopping threads took: 0.0000579 seconds
2023-04-26T11:16:15.749+0530: 4432.671: Total time for which application threads were stopped: 0.0002466 seconds, Stopping threads took: 0.0000508 seconds
2023-04-26T11:16:17.750+0530: 4434.672: Total time for which application threads were stopped: 0.0001906 seconds, Stopping threads took: 0.0000467 seconds
2023-04-26T11:16:19.808+0530: 4436.729: Total time for which application threads were stopped: 0.0001629 seconds, Stopping threads took: 0.0000359 seconds
2023-04-26T11:16:19.812+0530: 4436.734: Total time for which application threads were stopped: 0.0001772 seconds, Stopping threads took: 0.0000593 seconds
2023-04-26T11:16:19.819+0530: 4436.741: Total time for which application threads were stopped: 0.0002182 seconds, Stopping threads took: 0.0000662 seconds
2023-04-26T11:16:20.819+0530: 4437.741: Total time for which application threads were stopped: 0.0003538 seconds, Stopping threads took: 0.0000640 seconds
2023-04-26T11:16:33.765+0530: 4450.687: Total time for which application threads were stopped: 0.0001870 seconds, Stopping threads took: 0.0000595 seconds
2023-04-26T11:16:33.769+0530: 4450.691: Total time for which application threads were stopped: 0.0001166 seconds, Stopping threads took: 0.0000214 seconds
2023-04-26T11:16:33.773+0530: 4450.695: Total time for which application threads were stopped: 0.0001027 seconds, Stopping threads took: 0.0000196 seconds
2023-04-26T11:16:34.773+0530: 4451.695: Total time for which application threads were stopped: 0.0002597 seconds, Stopping threads took: 0.0000624 seconds
2023-04-26T11:16:48.776+0530: 4465.698: Total time for which application threads were stopped: 0.0002341 seconds, Stopping threads took: 0.0000511 seconds
2023-04-26T11:16:50.330+0530: 4467.252: Total time for which application threads were stopped: 0.0001147 seconds, Stopping threads took: 0.0000239 seconds
2023-04-26T11:16:50.334+0530: 4467.255: Total time for which application threads were stopped: 0.0001363 seconds, Stopping threads took: 0.0000496 seconds
2023-04-26T11:16:50.338+0530: 4467.260: Total time for which application threads were stopped: 0.0001782 seconds, Stopping threads took: 0.0000218 seconds
2023-04-26T11:16:57.400+0530: 4474.322: Total time for which application threads were stopped: 0.0001862 seconds, Stopping threads took: 0.0000340 seconds
2023-04-26T11:16:57.405+0530: 4474.327: Total time for which application threads were stopped: 0.0001243 seconds, Stopping threads took: 0.0000237 seconds
2023-04-26T11:16:57.409+0530: 4474.331: Total time for which application threads were stopped: 0.0001252 seconds, Stopping threads took: 0.0000296 seconds
2023-04-26T11:17:08.003+0530: 4484.925: Total time for which application threads were stopped: 0.0002097 seconds, Stopping threads took: 0.0000823 seconds
2023-04-26T11:17:08.007+0530: 4484.928: Total time for which application threads were stopped: 0.0002068 seconds, Stopping threads took: 0.0001122 seconds
2023-04-26T11:17:08.011+0530: 4484.933: Total time for which application threads were stopped: 0.0001170 seconds, Stopping threads took: 0.0000273 seconds
2023-04-26T11:17:19.232+0530: 4496.154: Total time for which application threads were stopped: 0.0001688 seconds, Stopping threads took: 0.0000309 seconds
2023-04-26T11:17:19.236+0530: 4496.158: Total time for which application threads were stopped: 0.0001249 seconds, Stopping threads took: 0.0000242 seconds
2023-04-26T11:17:19.241+0530: 4496.162: Total time for which application threads were stopped: 0.0001134 seconds, Stopping threads took: 0.0000225 seconds
2023-04-26T11:17:20.241+0530: 4497.163: Total time for which application threads were stopped: 0.0002477 seconds, Stopping threads took: 0.0000519 seconds
2023-04-26T11:17:26.156+0530: 4503.078: Total time for which application threads were stopped: 0.0001522 seconds, Stopping threads took: 0.0000309 seconds
2023-04-26T11:17:26.160+0530: 4503.082: Total time for which application threads were stopped: 0.0002372 seconds, Stopping threads took: 0.0001451 seconds
2023-04-26T11:17:26.164+0530: 4503.086: Total time for which application threads were stopped: 0.0000953 seconds, Stopping threads took: 0.0000191 seconds
2023-04-26T11:17:28.165+0530: 4505.087: Total time for which application threads were stopped: 0.0002416 seconds, Stopping threads took: 0.0000602 seconds
2023-04-26T11:17:33.166+0530: 4510.088: Total time for which application threads were stopped: 0.0002250 seconds, Stopping threads took: 0.0000868 seconds
2023-04-26T11:17:43.138+0530: 4520.060: Total time for which application threads were stopped: 0.0001213 seconds, Stopping threads took: 0.0000281 seconds
2023-04-26T11:17:43.141+0530: 4520.063: Total time for which application threads were stopped: 0.0001846 seconds, Stopping threads took: 0.0001079 seconds
2023-04-26T11:17:43.145+0530: 4520.067: Total time for which application threads were stopped: 0.0001039 seconds, Stopping threads took: 0.0000215 seconds
2023-04-26T11:17:44.146+0530: 4521.068: Total time for which application threads were stopped: 0.0001453 seconds, Stopping threads took: 0.0000352 seconds
2023-04-26T11:17:54.147+0530: 4531.069: Total time for which application threads were stopped: 0.0000857 seconds, Stopping threads took: 0.0000226 seconds
2023-04-26T11:18:24.154+0530: 4561.076: Total time for which application threads were stopped: 0.0002641 seconds, Stopping threads took: 0.0001022 seconds
2023-04-26T11:18:28.155+0530: 4565.077: Total time for which application threads were stopped: 0.0002221 seconds, Stopping threads took: 0.0000507 seconds
2023-04-26T11:18:49.159+0530: 4586.081: Total time for which application threads were stopped: 0.0002623 seconds, Stopping threads took: 0.0000974 seconds
2023-04-26T11:18:54.160+0530: 4591.082: Total time for which application threads were stopped: 0.0002126 seconds, Stopping threads took: 0.0000512 seconds
2023-04-26T11:19:03.161+0530: 4600.083: Total time for which application threads were stopped: 0.0001345 seconds, Stopping threads took: 0.0000492 seconds
2023-04-26T11:19:46.169+0530: 4643.091: Total time for which application threads were stopped: 0.0002658 seconds, Stopping threads took: 0.0001054 seconds
2023-04-26T11:20:10.173+0530: 4667.095: Total time for which application threads were stopped: 0.0003189 seconds, Stopping threads took: 0.0000989 seconds
2023-04-26T11:20:37.179+0530: 4694.101: Total time for which application threads were stopped: 0.0002731 seconds, Stopping threads took: 0.0001024 seconds
2023-04-26T11:21:53.189+0530: 4770.111: Total time for which application threads were stopped: 0.0001309 seconds, Stopping threads took: 0.0000484 seconds
2023-04-26T11:22:10.192+0530: 4787.114: Total time for which application threads were stopped: 0.0002898 seconds, Stopping threads took: 0.0000897 seconds
2023-04-26T11:23:17.045+0530: 4853.967: Total time for which application threads were stopped: 0.0001984 seconds, Stopping threads took: 0.0000784 seconds
2023-04-26T11:23:17.045+0530: 4853.967: Total time for which application threads were stopped: 0.0001303 seconds, Stopping threads took: 0.0000367 seconds
2023-04-26T11:23:17.058+0530: 4853.980: Total time for which application threads were stopped: 0.0001304 seconds, Stopping threads took: 0.0000419 seconds
2023-04-26T11:23:17.058+0530: 4853.980: Total time for which application threads were stopped: 0.0001356 seconds, Stopping threads took: 0.0000722 seconds
2023-04-26T11:23:17.062+0530: 4853.984: Total time for which application threads were stopped: 0.0001125 seconds, Stopping threads took: 0.0000210 seconds
2023-04-26T11:23:17.063+0530: 4853.984: Total time for which application threads were stopped: 0.0000563 seconds, Stopping threads took: 0.0000110 seconds
2023-04-26T11:23:17.064+0530: 4853.986: Total time for which application threads were stopped: 0.0002512 seconds, Stopping threads took: 0.0000444 seconds
2023-04-26T11:23:17.064+0530: 4853.986: Total time for which application threads were stopped: 0.0001765 seconds, Stopping threads took: 0.0000241 seconds
2023-04-26T11:23:17.065+0530: 4853.987: Total time for which application threads were stopped: 0.0001406 seconds, Stopping threads took: 0.0000221 seconds
2023-04-26T11:23:39.069+0530: 4875.990: Total time for which application threads were stopped: 0.0002622 seconds, Stopping threads took: 0.0000996 seconds
2023-04-26T11:23:55.072+0530: 4891.994: Total time for which application threads were stopped: 0.0002552 seconds, Stopping threads took: 0.0000625 seconds
2023-04-26T11:23:59.073+0530: 4895.995: Total time for which application threads were stopped: 0.0002687 seconds, Stopping threads took: 0.0000641 seconds
2023-04-26T11:24:07.075+0530: 4903.997: Total time for which application threads were stopped: 0.0002259 seconds, Stopping threads took: 0.0000516 seconds
2023-04-26T11:24:14.006+0530: 4910.928: Total time for which application threads were stopped: 0.0005016 seconds, Stopping threads took: 0.0002775 seconds
2023-04-26T11:24:15.007+0530: 4911.929: Total time for which application threads were stopped: 0.0002273 seconds, Stopping threads took: 0.0000545 seconds
2023-04-26T11:24:17.065+0530: 4913.987: Total time for which application threads were stopped: 0.0002241 seconds, Stopping threads took: 0.0000512 seconds
2023-04-26T11:24:34.068+0530: 4930.990: Total time for which application threads were stopped: 0.0001246 seconds, Stopping threads took: 0.0000278 seconds
2023-04-26T11:24:49.071+0530: 4945.993: Total time for which application threads were stopped: 0.0002980 seconds, Stopping threads took: 0.0001132 seconds
2023-04-26T11:26:50.839+0530: 5067.761: Total time for which application threads were stopped: 0.0003386 seconds, Stopping threads took: 0.0000961 seconds
2023-04-26T11:26:59.521+0530: 5076.443: Total time for which application threads were stopped: 0.0002334 seconds, Stopping threads took: 0.0000496 seconds
2023-04-26T11:28:36.165+0530: 5173.087: Total time for which application threads were stopped: 0.0001902 seconds, Stopping threads took: 0.0000620 seconds
2023-04-26T11:28:36.168+0530: 5173.090: Total time for which application threads were stopped: 0.0001217 seconds, Stopping threads took: 0.0000414 seconds
2023-04-26T11:28:36.172+0530: 5173.094: Total time for which application threads were stopped: 0.0000941 seconds, Stopping threads took: 0.0000188 seconds
2023-04-26T11:29:59.483+0530: 5256.405: Total time for which application threads were stopped: 0.0001357 seconds, Stopping threads took: 0.0000417 seconds
2023-04-26T11:29:59.486+0530: 5256.408: Total time for which application threads were stopped: 0.0001827 seconds, Stopping threads took: 0.0000361 seconds
2023-04-26T11:29:59.491+0530: 5256.413: Total time for which application threads were stopped: 0.0001357 seconds, Stopping threads took: 0.0000404 seconds
2023-04-26T11:30:14.906+0530: 5271.828: Total time for which application threads were stopped: 0.0001184 seconds, Stopping threads took: 0.0000249 seconds
2023-04-26T11:30:14.910+0530: 5271.832: Total time for which application threads were stopped: 0.0002770 seconds, Stopping threads took: 0.0000549 seconds
2023-04-26T11:30:14.914+0530: 5271.836: Total time for which application threads were stopped: 0.0001036 seconds, Stopping threads took: 0.0000287 seconds
2023-04-26T11:30:15.915+0530: 5272.837: Total time for which application threads were stopped: 0.0002348 seconds, Stopping threads took: 0.0000511 seconds
2023-04-26T11:30:36.175+0530: 5293.097: Total time for which application threads were stopped: 0.0001967 seconds, Stopping threads took: 0.0000459 seconds
2023-04-26T11:30:36.179+0530: 5293.101: Total time for which application threads were stopped: 0.0000997 seconds, Stopping threads took: 0.0000241 seconds
2023-04-26T11:30:36.182+0530: 5293.104: Total time for which application threads were stopped: 0.0001388 seconds, Stopping threads took: 0.0000714 seconds
2023-04-26T11:30:56.709+0530: 5313.631: Total time for which application threads were stopped: 0.0001641 seconds, Stopping threads took: 0.0000515 seconds
2023-04-26T11:30:56.711+0530: 5313.633: Total time for which application threads were stopped: 0.0000963 seconds, Stopping threads took: 0.0000229 seconds
2023-04-26T11:30:56.716+0530: 5313.637: Total time for which application threads were stopped: 0.0001232 seconds, Stopping threads took: 0.0000472 seconds
2023-04-26T11:30:57.716+0530: 5314.638: Total time for which application threads were stopped: 0.0001476 seconds, Stopping threads took: 0.0000313 seconds
2023-04-26T11:31:05.995+0530: 5322.917: Total time for which application threads were stopped: 0.0001007 seconds, Stopping threads took: 0.0000209 seconds
2023-04-26T11:31:05.998+0530: 5322.920: Total time for which application threads were stopped: 0.0000972 seconds, Stopping threads took: 0.0000232 seconds
2023-04-26T11:31:06.001+0530: 5322.923: Total time for which application threads were stopped: 0.0000861 seconds, Stopping threads took: 0.0000222 seconds
2023-04-26T11:31:07.002+0530: 5323.924: Total time for which application threads were stopped: 0.0002509 seconds, Stopping threads took: 0.0000509 seconds
2023-04-26T11:31:12.158+0530: 5329.080: Total time for which application threads were stopped: 0.0001179 seconds, Stopping threads took: 0.0000240 seconds
2023-04-26T11:31:12.161+0530: 5329.083: Total time for which application threads were stopped: 0.0001243 seconds, Stopping threads took: 0.0000268 seconds
2023-04-26T11:31:12.165+0530: 5329.087: Total time for which application threads were stopped: 0.0001141 seconds, Stopping threads took: 0.0000231 seconds
2023-04-26T11:31:13.166+0530: 5330.088: Total time for which application threads were stopped: 0.0002258 seconds, Stopping threads took: 0.0000598 seconds
2023-04-26T11:31:18.430+0530: 5335.351: Total time for which application threads were stopped: 0.0001858 seconds, Stopping threads took: 0.0000303 seconds
2023-04-26T11:31:18.433+0530: 5335.355: Total time for which application threads were stopped: 0.0001154 seconds, Stopping threads took: 0.0000234 seconds
2023-04-26T11:31:18.438+0530: 5335.359: Total time for which application threads were stopped: 0.0001096 seconds, Stopping threads took: 0.0000289 seconds
2023-04-26T11:31:37.135+0530: 5354.057: Total time for which application threads were stopped: 0.0002772 seconds, Stopping threads took: 0.0000821 seconds
2023-04-26T11:32:07.649+0530: 5384.571: Total time for which application threads were stopped: 0.0001063 seconds, Stopping threads took: 0.0000335 seconds
2023-04-26T11:32:08.649+0530: 5385.571: Total time for which application threads were stopped: 0.0002110 seconds, Stopping threads took: 0.0000523 seconds
2023-04-26T11:33:21.628+0530: 5458.550: Total time for which application threads were stopped: 0.0002801 seconds, Stopping threads took: 0.0000837 seconds
2023-04-26T11:33:22.629+0530: 5459.551: Total time for which application threads were stopped: 0.0003058 seconds, Stopping threads took: 0.0001015 seconds
2023-04-26T11:34:18.562+0530: 5515.484: Total time for which application threads were stopped: 0.0001188 seconds, Stopping threads took: 0.0000394 seconds
2023-04-26T11:34:18.564+0530: 5515.486: Total time for which application threads were stopped: 0.0000856 seconds, Stopping threads took: 0.0000170 seconds
2023-04-26T11:34:18.567+0530: 5515.489: Total time for which application threads were stopped: 0.0001040 seconds, Stopping threads took: 0.0000387 seconds
2023-04-26T11:34:19.568+0530: 5516.490: Total time for which application threads were stopped: 0.0001849 seconds, Stopping threads took: 0.0000428 seconds
2023-04-26T11:34:32.154+0530: 5529.076: Total time for which application threads were stopped: 0.0001539 seconds, Stopping threads took: 0.0000517 seconds
2023-04-26T11:34:32.157+0530: 5529.079: Total time for which application threads were stopped: 0.0000961 seconds, Stopping threads took: 0.0000214 seconds
2023-04-26T11:34:32.160+0530: 5529.082: Total time for which application threads were stopped: 0.0001467 seconds, Stopping threads took: 0.0000156 seconds
{Heap before GC invocations=24 (full 2):
 par new generation   total 109248K, used 108870K [0x00000000e0000000, 0x00000000e8000000, 0x00000000e8000000)
  eden space 87424K, 100% used [0x00000000e0000000, 0x00000000e5560000, 0x00000000e5560000)
  from space 21824K,  98% used [0x00000000e5560000, 0x00000000e6a51ad0, 0x00000000e6ab0000)
  to   space 21824K,   0% used [0x00000000e6ab0000, 0x00000000e6ab0000, 0x00000000e8000000)
 concurrent mark-sweep generation total 393216K, used 19300K [0x00000000e8000000, 0x0000000100000000, 0x0000000100000000)
 Metaspace       used 37072K, capacity 37500K, committed 37964K, reserved 1083392K
  class space    used 4269K, capacity 4424K, committed 4552K, reserved 1048576K
2023-04-26T11:34:32.167+0530: 5529.089: [GC (Allocation Failure) 2023-04-26T11:34:32.167+0530: 5529.089: [ParNew
Desired survivor size 20112992 bytes, new threshold 8 (max 8)
- age   1:     673144 bytes,     673144 total
- age   2:      58288 bytes,     731432 total
- age   3:      62112 bytes,     793544 total
- age   4:      22896 bytes,     816440 total
- age   5:     730376 bytes,    1546816 total
- age   6:    6087744 bytes,    7634560 total
- age   7:     173664 bytes,    7808224 total
- age   8:     259784 bytes,    8068008 total
: 108870K->11573K(109248K), 0.0163465 secs] 128171K->40660K(502464K), 0.0164222 secs] [Times: user=0.05 sys=0.00, real=0.01 secs] 
Heap after GC invocations=25 (full 2):
 par new generation   total 109248K, used 11573K [0x00000000e0000000, 0x00000000e8000000, 0x00000000e8000000)
  eden space 87424K,   0% used [0x00000000e0000000, 0x00000000e0000000, 0x00000000e5560000)
  from space 21824K,  53% used [0x00000000e6ab0000, 0x00000000e75fd688, 0x00000000e8000000)
  to   space 21824K,   0% used [0x00000000e5560000, 0x00000000e5560000, 0x00000000e6ab0000)
 concurrent mark-sweep generation total 393216K, used 29087K [0x00000000e8000000, 0x0000000100000000, 0x0000000100000000)
 Metaspace       used 37072K, capacity 37500K, committed 37964K, reserved 1083392K
  class space    used 4269K, capacity 4424K, committed 4552K, reserved 1048576K
}
2023-04-26T11:34:32.183+0530: 5529.105: Total time for which application threads were stopped: 0.0165708 seconds, Stopping threads took: 0.0000182 seconds
2023-04-26T11:34:39.005+0530: 5535.927: Total time for which application threads were stopped: 0.0001635 seconds, Stopping threads took: 0.0000251 seconds
2023-04-26T11:34:39.006+0530: 5535.928: Total time for which application threads were stopped: 0.0001537 seconds, Stopping threads took: 0.0000279 seconds
2023-04-26T11:34:39.007+0530: 5535.928: Total time for which application threads were stopped: 0.0000963 seconds, Stopping threads took: 0.0000196 seconds
2023-04-26T11:34:39.007+0530: 5535.929: Total time for which application threads were stopped: 0.0000772 seconds, Stopping threads took: 0.0000165 seconds
2023-04-26T11:34:39.007+0530: 5535.929: Total time for which application threads were stopped: 0.0001865 seconds, Stopping threads took: 0.0001011 seconds
2023-04-26T11:34:39.007+0530: 5535.929: Total time for which application threads were stopped: 0.0001147 seconds, Stopping threads took: 0.0000538 seconds
2023-04-26T11:34:39.007+0530: 5535.929: Total time for which application threads were stopped: 0.0000821 seconds, Stopping threads took: 0.0000309 seconds
2023-04-26T11:34:39.007+0530: 5535.929: Total time for which application threads were stopped: 0.0001517 seconds, Stopping threads took: 0.0000921 seconds
2023-04-26T11:34:39.008+0530: 5535.929: Total time for which application threads were stopped: 0.0000840 seconds, Stopping threads took: 0.0000333 seconds
2023-04-26T11:34:39.008+0530: 5535.930: Total time for which application threads were stopped: 0.0000785 seconds, Stopping threads took: 0.0000279 seconds
2023-04-26T11:34:39.008+0530: 5535.930: Total time for which application threads were stopped: 0.0000772 seconds, Stopping threads took: 0.0000276 seconds
2023-04-26T11:34:39.008+0530: 5535.930: Total time for which application threads were stopped: 0.0000774 seconds, Stopping threads took: 0.0000278 seconds
2023-04-26T11:34:39.008+0530: 5535.930: Total time for which application threads were stopped: 0.0000797 seconds, Stopping threads took: 0.0000304 seconds
2023-04-26T11:34:39.008+0530: 5535.930: Total time for which application threads were stopped: 0.0000790 seconds, Stopping threads took: 0.0000295 seconds
2023-04-26T11:34:39.008+0530: 5535.930: Total time for which application threads were stopped: 0.0000760 seconds, Stopping threads took: 0.0000270 seconds
2023-04-26T11:34:39.008+0530: 5535.930: Total time for which application threads were stopped: 0.0000950 seconds, Stopping threads took: 0.0000276 seconds
2023-04-26T11:34:39.009+0530: 5535.930: Total time for which application threads were stopped: 0.0000765 seconds, Stopping threads took: 0.0000268 seconds
2023-04-26T11:34:39.009+0530: 5535.931: Total time for which application threads were stopped: 0.0000747 seconds, Stopping threads took: 0.0000264 seconds
2023-04-26T11:34:39.010+0530: 5535.932: Total time for which application threads were stopped: 0.0000526 seconds, Stopping threads took: 0.0000107 seconds
2023-04-26T11:34:39.012+0530: 5535.934: Total time for which application threads were stopped: 0.0000598 seconds, Stopping threads took: 0.0000115 seconds
2023-04-26T11:34:45.557+0530: 5542.479: Total time for which application threads were stopped: 0.0000830 seconds, Stopping threads took: 0.0000160 seconds
2023-04-26T11:34:45.559+0530: 5542.481: Total time for which application threads were stopped: 0.0000921 seconds, Stopping threads took: 0.0000309 seconds
2023-04-26T11:34:45.561+0530: 5542.483: Total time for which application threads were stopped: 0.0000812 seconds, Stopping threads took: 0.0000195 seconds
2023-04-26T11:34:46.562+0530: 5543.484: Total time for which application threads were stopped: 0.0002659 seconds, Stopping threads took: 0.0000711 seconds
2023-04-26T11:34:52.512+0530: 5549.434: Total time for which application threads were stopped: 0.0001473 seconds, Stopping threads took: 0.0000297 seconds
2023-04-26T11:34:52.516+0530: 5549.438: Total time for which application threads were stopped: 0.0001674 seconds, Stopping threads took: 0.0000276 seconds
2023-04-26T11:34:52.522+0530: 5549.444: Total time for which application threads were stopped: 0.0001677 seconds, Stopping threads took: 0.0000473 seconds
2023-04-26T11:35:09.383+0530: 5566.305: Total time for which application threads were stopped: 0.0002358 seconds, Stopping threads took: 0.0000644 seconds
2023-04-26T11:35:09.388+0530: 5566.310: Total time for which application threads were stopped: 0.0001459 seconds, Stopping threads took: 0.0000361 seconds
2023-04-26T11:35:09.392+0530: 5566.314: Total time for which application threads were stopped: 0.0001193 seconds, Stopping threads took: 0.0000373 seconds
2023-04-26T11:35:10.392+0530: 5567.314: Total time for which application threads were stopped: 0.0002475 seconds, Stopping threads took: 0.0000635 seconds
2023-04-26T11:35:28.575+0530: 5585.497: Total time for which application threads were stopped: 0.0001749 seconds, Stopping threads took: 0.0000512 seconds
2023-04-26T11:35:28.579+0530: 5585.501: Total time for which application threads were stopped: 0.0001215 seconds, Stopping threads took: 0.0000243 seconds
2023-04-26T11:35:28.583+0530: 5585.504: Total time for which application threads were stopped: 0.0000953 seconds, Stopping threads took: 0.0000193 seconds
2023-04-26T11:35:29.583+0530: 5586.505: Total time for which application threads were stopped: 0.0001777 seconds, Stopping threads took: 0.0000429 seconds
2023-04-26T11:35:38.060+0530: 5594.982: Total time for which application threads were stopped: 0.0001957 seconds, Stopping threads took: 0.0000361 seconds
2023-04-26T11:35:38.064+0530: 5594.986: Total time for which application threads were stopped: 0.0001573 seconds, Stopping threads took: 0.0000330 seconds
2023-04-26T11:35:38.068+0530: 5594.990: Total time for which application threads were stopped: 0.0001132 seconds, Stopping threads took: 0.0000226 seconds
2023-04-26T11:35:52.742+0530: 5609.664: Total time for which application threads were stopped: 0.0001525 seconds, Stopping threads took: 0.0000297 seconds
2023-04-26T11:35:52.745+0530: 5609.667: Total time for which application threads were stopped: 0.0001169 seconds, Stopping threads took: 0.0000234 seconds
2023-04-26T11:35:52.749+0530: 5609.671: Total time for which application threads were stopped: 0.0001186 seconds, Stopping threads took: 0.0000228 seconds
2023-04-26T11:35:57.090+0530: 5614.012: Total time for which application threads were stopped: 0.0001884 seconds, Stopping threads took: 0.0000712 seconds
2023-04-26T11:35:57.091+0530: 5614.013: Total time for which application threads were stopped: 0.0003883 seconds, Stopping threads took: 0.0000534 seconds
2023-04-26T11:35:57.094+0530: 5614.016: Total time for which application threads were stopped: 0.0001169 seconds, Stopping threads took: 0.0000212 seconds
2023-04-26T11:35:57.098+0530: 5614.019: Total time for which application threads were stopped: 0.0001167 seconds, Stopping threads took: 0.0000364 seconds
2023-04-26T11:35:58.098+0530: 5615.020: Total time for which application threads were stopped: 0.0002153 seconds, Stopping threads took: 0.0000524 seconds
2023-04-26T11:36:41.300+0530: 5658.222: Total time for which application threads were stopped: 0.0001492 seconds, Stopping threads took: 0.0000449 seconds
2023-04-26T11:36:41.303+0530: 5658.225: Total time for which application threads were stopped: 0.0000915 seconds, Stopping threads took: 0.0000220 seconds
2023-04-26T11:36:41.306+0530: 5658.228: Total time for which application threads were stopped: 0.0000902 seconds, Stopping threads took: 0.0000207 seconds
2023-04-26T11:36:55.223+0530: 5672.145: Total time for which application threads were stopped: 0.0002395 seconds, Stopping threads took: 0.0001035 seconds
2023-04-26T11:36:55.227+0530: 5672.149: Total time for which application threads were stopped: 0.0001965 seconds, Stopping threads took: 0.0000259 seconds
2023-04-26T11:36:55.231+0530: 5672.153: Total time for which application threads were stopped: 0.0001285 seconds, Stopping threads took: 0.0000448 seconds
2023-04-26T11:36:56.231+0530: 5673.153: Total time for which application threads were stopped: 0.0001261 seconds, Stopping threads took: 0.0000257 seconds
2023-04-26T11:37:12.022+0530: 5688.944: Total time for which application threads were stopped: 0.0001029 seconds, Stopping threads took: 0.0000297 seconds
2023-04-26T11:37:12.025+0530: 5688.947: Total time for which application threads were stopped: 0.0000901 seconds, Stopping threads took: 0.0000190 seconds
2023-04-26T11:37:12.028+0530: 5688.950: Total time for which application threads were stopped: 0.0001089 seconds, Stopping threads took: 0.0000228 seconds
2023-04-26T11:37:23.331+0530: 5700.253: Total time for which application threads were stopped: 0.0001060 seconds, Stopping threads took: 0.0000316 seconds
2023-04-26T11:37:23.334+0530: 5700.255: Total time for which application threads were stopped: 0.0001119 seconds, Stopping threads took: 0.0000368 seconds
2023-04-26T11:37:23.338+0530: 5700.260: Total time for which application threads were stopped: 0.0000904 seconds, Stopping threads took: 0.0000203 seconds
2023-04-26T11:37:24.339+0530: 5701.260: Total time for which application threads were stopped: 0.0002106 seconds, Stopping threads took: 0.0000476 seconds
2023-04-26T11:37:27.356+0530: 5704.278: Total time for which application threads were stopped: 0.0001088 seconds, Stopping threads took: 0.0000220 seconds
2023-04-26T11:37:27.360+0530: 5704.282: Total time for which application threads were stopped: 0.0001084 seconds, Stopping threads took: 0.0000348 seconds
2023-04-26T11:37:27.362+0530: 5704.284: Total time for which application threads were stopped: 0.0000959 seconds, Stopping threads took: 0.0000195 seconds
2023-04-26T11:37:36.536+0530: 5713.458: Total time for which application threads were stopped: 0.0001881 seconds, Stopping threads took: 0.0000568 seconds
2023-04-26T11:37:36.540+0530: 5713.462: Total time for which application threads were stopped: 0.0001873 seconds, Stopping threads took: 0.0000354 seconds
2023-04-26T11:37:36.544+0530: 5713.466: Total time for which application threads were stopped: 0.0001978 seconds, Stopping threads took: 0.0000729 seconds
2023-04-26T11:37:37.545+0530: 5714.467: Total time for which application threads were stopped: 0.0002417 seconds, Stopping threads took: 0.0000586 seconds
2023-04-26T11:37:42.684+0530: 5719.606: Total time for which application threads were stopped: 0.0001851 seconds, Stopping threads took: 0.0000589 seconds
2023-04-26T11:37:42.688+0530: 5719.610: Total time for which application threads were stopped: 0.0001081 seconds, Stopping threads took: 0.0000205 seconds
2023-04-26T11:37:42.691+0530: 5719.613: Total time for which application threads were stopped: 0.0001114 seconds, Stopping threads took: 0.0000209 seconds
2023-04-26T11:37:48.253+0530: 5725.175: Total time for which application threads were stopped: 0.0001168 seconds, Stopping threads took: 0.0000343 seconds
2023-04-26T11:37:48.256+0530: 5725.178: Total time for which application threads were stopped: 0.0001176 seconds, Stopping threads took: 0.0000266 seconds
2023-04-26T11:37:48.259+0530: 5725.181: Total time for which application threads were stopped: 0.0001567 seconds, Stopping threads took: 0.0000571 seconds
2023-04-26T11:37:49.260+0530: 5726.182: Total time for which application threads were stopped: 0.0002289 seconds, Stopping threads took: 0.0000532 seconds
2023-04-26T11:38:03.567+0530: 5740.489: Total time for which application threads were stopped: 0.0001872 seconds, Stopping threads took: 0.0000581 seconds
2023-04-26T11:38:03.571+0530: 5740.493: Total time for which application threads were stopped: 0.0001160 seconds, Stopping threads took: 0.0000225 seconds
2023-04-26T11:38:03.574+0530: 5740.496: Total time for which application threads were stopped: 0.0001170 seconds, Stopping threads took: 0.0000214 seconds
2023-04-26T11:38:40.824+0530: 5777.746: Total time for which application threads were stopped: 0.0002073 seconds, Stopping threads took: 0.0000542 seconds
2023-04-26T11:38:40.828+0530: 5777.750: Total time for which application threads were stopped: 0.0002111 seconds, Stopping threads took: 0.0000238 seconds
2023-04-26T11:38:40.831+0530: 5777.753: Total time for which application threads were stopped: 0.0001929 seconds, Stopping threads took: 0.0001157 seconds
2023-04-26T11:41:26.189+0530: 5943.111: Total time for which application threads were stopped: 0.0002473 seconds, Stopping threads took: 0.0000694 seconds
2023-04-26T11:53:54.452+0530: 6691.374: Total time for which application threads were stopped: 0.0006491 seconds, Stopping threads took: 0.0000133 seconds
2023-04-26T11:53:54.453+0530: 6691.375: Total time for which application threads were stopped: 0.0006033 seconds, Stopping threads took: 0.0000089 seconds
2023-04-26T11:53:54.454+0530: 6691.376: Total time for which application threads were stopped: 0.0000725 seconds, Stopping threads took: 0.0000242 seconds
2023-04-26T11:53:54.456+0530: 6691.378: Total time for which application threads were stopped: 0.0000813 seconds, Stopping threads took: 0.0000138 seconds
2023-04-26T11:53:54.456+0530: 6691.378: Total time for which application threads were stopped: 0.0000474 seconds, Stopping threads took: 0.0000083 seconds
2023-04-26T11:53:54.460+0530: 6691.382: Total time for which application threads were stopped: 0.0000671 seconds, Stopping threads took: 0.0000105 seconds
2023-04-26T11:53:54.463+0530: 6691.385: Total time for which application threads were stopped: 0.0000548 seconds, Stopping threads took: 0.0000124 seconds
2023-04-26T11:53:54.465+0530: 6691.387: Total time for which application threads were stopped: 0.0000718 seconds, Stopping threads took: 0.0000144 seconds
2023-04-26T11:53:54.467+0530: 6691.389: Total time for which application threads were stopped: 0.0000433 seconds, Stopping threads took: 0.0000074 seconds
2023-04-26T11:53:54.468+0530: 6691.390: Total time for which application threads were stopped: 0.0000443 seconds, Stopping threads took: 0.0000122 seconds
2023-04-26T11:53:54.473+0530: 6691.395: Total time for which application threads were stopped: 0.0000550 seconds, Stopping threads took: 0.0000110 seconds
2023-04-26T11:53:54.475+0530: 6691.397: Total time for which application threads were stopped: 0.0000523 seconds, Stopping threads took: 0.0000130 seconds
2023-04-26T11:53:54.475+0530: 6691.397: Total time for which application threads were stopped: 0.0000496 seconds, Stopping threads took: 0.0000161 seconds
2023-04-26T11:53:54.475+0530: 6691.397: Total time for which application threads were stopped: 0.0000848 seconds, Stopping threads took: 0.0000616 seconds
2023-04-26T11:53:54.475+0530: 6691.397: Total time for which application threads were stopped: 0.0000366 seconds, Stopping threads took: 0.0000077 seconds
2023-04-26T11:53:54.475+0530: 6691.397: Total time for which application threads were stopped: 0.0000269 seconds, Stopping threads took: 0.0000057 seconds
2023-04-26T11:53:54.476+0530: 6691.397: Total time for which application threads were stopped: 0.0000305 seconds, Stopping threads took: 0.0000064 seconds
2023-04-26T11:53:54.476+0530: 6691.398: Total time for which application threads were stopped: 0.0000358 seconds, Stopping threads took: 0.0000184 seconds
2023-04-26T11:53:54.476+0530: 6691.398: Total time for which application threads were stopped: 0.0000193 seconds, Stopping threads took: 0.0000045 seconds
2023-04-26T11:53:54.476+0530: 6691.398: Total time for which application threads were stopped: 0.0000352 seconds, Stopping threads took: 0.0000042 seconds
2023-04-26T11:53:54.476+0530: 6691.398: Total time for which application threads were stopped: 0.0000196 seconds, Stopping threads took: 0.0000046 seconds
2023-04-26T11:53:54.476+0530: 6691.398: Total time for which application threads were stopped: 0.0000526 seconds, Stopping threads took: 0.0000378 seconds
2023-04-26T11:53:54.476+0530: 6691.398: Total time for which application threads were stopped: 0.0000283 seconds, Stopping threads took: 0.0000141 seconds
2023-04-26T11:53:54.476+0530: 6691.398: Total time for which application threads were stopped: 0.0000213 seconds, Stopping threads took: 0.0000075 seconds
2023-04-26T11:53:54.476+0530: 6691.398: Total time for which application threads were stopped: 0.0000291 seconds, Stopping threads took: 0.0000152 seconds
2023-04-26T11:53:54.476+0530: 6691.398: Total time for which application threads were stopped: 0.0000244 seconds, Stopping threads took: 0.0000103 seconds
2023-04-26T11:53:54.476+0530: 6691.398: Total time for which application threads were stopped: 0.0000260 seconds, Stopping threads took: 0.0000101 seconds
2023-04-26T11:53:54.476+0530: 6691.398: Total time for which application threads were stopped: 0.0000259 seconds, Stopping threads took: 0.0000105 seconds
2023-04-26T11:53:54.476+0530: 6691.398: Total time for which application threads were stopped: 0.0000240 seconds, Stopping threads took: 0.0000103 seconds
2023-04-26T11:53:54.476+0530: 6691.398: Total time for which application threads were stopped: 0.0000237 seconds, Stopping threads took: 0.0000100 seconds
2023-04-26T11:53:54.476+0530: 6691.398: Total time for which application threads were stopped: 0.0000549 seconds, Stopping threads took: 0.0000100 seconds
2023-04-26T11:53:54.476+0530: 6691.398: Total time for which application threads were stopped: 0.0000199 seconds, Stopping threads took: 0.0000051 seconds
2023-04-26T11:53:54.477+0530: 6691.399: Total time for which application threads were stopped: 0.0000260 seconds, Stopping threads took: 0.0000049 seconds
Heap
 par new generation   total 109248K, used 76927K [0x00000000e0000000, 0x00000000e8000000, 0x00000000e8000000)
  eden space 87424K,  74% used [0x00000000e0000000, 0x00000000e3fd2780, 0x00000000e5560000)
  from space 21824K,  53% used [0x00000000e6ab0000, 0x00000000e75fd688, 0x00000000e8000000)
  to   space 21824K,   0% used [0x00000000e5560000, 0x00000000e5560000, 0x00000000e6ab0000)
 concurrent mark-sweep generation total 393216K, used 29087K [0x00000000e8000000, 0x0000000100000000, 0x0000000100000000)
 Metaspace       used 37286K, capacity 37832K, committed 38220K, reserved 1083392K
  class space    used 4285K, capacity 4490K, committed 4552K, reserved 1048576K
