OpenJDK 64-Bit Server VM (25.362-b09) for linux-amd64 JRE (1.8.0_362-8u362-ga-0ubuntu1~22.04-b09), built on Jan 24 2023 19:02:58 by "buildd" with gcc 11.3.0
Memory: 4k page, physical 32636936k(25565132k free), swap 2097148k(2097148k free)
CommandLine flags: -XX:CMSInitiatingOccupancyFraction=50 -XX:CMSMaxAbortablePrecleanTime=6000 -XX:+CMSParallelRemarkEnabled -XX:+CMSScavengeBeforeRemark -XX:ConcGCThreads=4 -XX:InitialHeapSize=536870912 -XX:MaxHeapSize=536870912 -XX:MaxTenuringThreshold=8 -XX:NewRatio=3 -XX:OldPLABSize=16 -XX:ParallelGCThreads=4 -XX:+ParallelRefProcEnabled -XX:PretenureSizeThreshold=67108864 -XX:+PrintGC -XX:+PrintGCApplicationStoppedTime -XX:+PrintGCDateStamps -XX:+PrintGCDetails -XX:+PrintGCTimeStamps -XX:+PrintHeapAtGC -XX:+PrintTenuringDistribution -XX:SurvivorRatio=4 -XX:TargetSurvivorRatio=90 -XX:ThreadStackSize=256 -XX:+UseCMSInitiatingOccupancyOnly -XX:+UseCompressedClassPointers -XX:+UseCompressedOops -XX:+UseConcMarkSweepGC -XX:+UseParNewGC 
2023-04-26T12:40:14.669+0530: 0.077: Total time for which application threads were stopped: 0.0000699 seconds, Stopping threads took: 0.0000095 seconds
2023-04-26T12:40:14.776+0530: 0.184: Total time for which application threads were stopped: 0.0001337 seconds, Stopping threads took: 0.0000129 seconds
2023-04-26T12:40:14.830+0530: 0.238: Total time for which application threads were stopped: 0.0001239 seconds, Stopping threads took: 0.0000141 seconds
2023-04-26T12:40:14.888+0530: 0.297: Total time for which application threads were stopped: 0.0000995 seconds, Stopping threads took: 0.0000083 seconds
2023-04-26T12:40:14.915+0530: 0.324: Total time for which application threads were stopped: 0.0001381 seconds, Stopping threads took: 0.0000177 seconds
2023-04-26T12:40:14.923+0530: 0.332: Total time for which application threads were stopped: 0.0001333 seconds, Stopping threads took: 0.0000154 seconds
2023-04-26T12:40:14.929+0530: 0.337: Total time for which application threads were stopped: 0.0001102 seconds, Stopping threads took: 0.0000134 seconds
{Heap before GC invocations=0 (full 0):
 par new generation   total 109248K, used 87424K [0x00000000e0000000, 0x00000000e8000000, 0x00000000e8000000)
  eden space 87424K, 100% used [0x00000000e0000000, 0x00000000e5560000, 0x00000000e5560000)
  from space 21824K,   0% used [0x00000000e5560000, 0x00000000e5560000, 0x00000000e6ab0000)
  to   space 21824K,   0% used [0x00000000e6ab0000, 0x00000000e6ab0000, 0x00000000e8000000)
 concurrent mark-sweep generation total 393216K, used 0K [0x00000000e8000000, 0x0000000100000000, 0x0000000100000000)
 Metaspace       used 10248K, capacity 10396K, committed 10496K, reserved 1058816K
  class space    used 1164K, capacity 1208K, committed 1280K, reserved 1048576K
2023-04-26T12:40:15.056+0530: 0.464: [GC (Allocation Failure) 2023-04-26T12:40:15.056+0530: 0.464: [ParNew
Desired survivor size 20112992 bytes, new threshold 8 (max 8)
- age   1:    5975616 bytes,    5975616 total
: 87424K->5911K(109248K), 0.0041231 secs] 87424K->5911K(502464K), 0.0042137 secs] [Times: user=0.02 sys=0.00, real=0.00 secs] 
Heap after GC invocations=1 (full 0):
 par new generation   total 109248K, used 5911K [0x00000000e0000000, 0x00000000e8000000, 0x00000000e8000000)
  eden space 87424K,   0% used [0x00000000e0000000, 0x00000000e0000000, 0x00000000e5560000)
  from space 21824K,  27% used [0x00000000e6ab0000, 0x00000000e7075db0, 0x00000000e8000000)
  to   space 21824K,   0% used [0x00000000e5560000, 0x00000000e5560000, 0x00000000e6ab0000)
 concurrent mark-sweep generation total 393216K, used 0K [0x00000000e8000000, 0x0000000100000000, 0x0000000100000000)
 Metaspace       used 10248K, capacity 10396K, committed 10496K, reserved 1058816K
  class space    used 1164K, capacity 1208K, committed 1280K, reserved 1048576K
}
2023-04-26T12:40:15.060+0530: 0.468: Total time for which application threads were stopped: 0.0043497 seconds, Stopping threads took: 0.0000158 seconds
2023-04-26T12:40:15.104+0530: 0.512: Total time for which application threads were stopped: 0.0001580 seconds, Stopping threads took: 0.0000156 seconds
2023-04-26T12:40:15.139+0530: 0.547: Total time for which application threads were stopped: 0.0001636 seconds, Stopping threads took: 0.0000108 seconds
2023-04-26T12:40:15.224+0530: 0.632: Total time for which application threads were stopped: 0.0002130 seconds, Stopping threads took: 0.0000189 seconds
2023-04-26T12:40:15.246+0530: 0.655: Total time for which application threads were stopped: 0.0001820 seconds, Stopping threads took: 0.0000139 seconds
2023-04-26T12:40:15.278+0530: 0.686: Total time for which application threads were stopped: 0.0002338 seconds, Stopping threads took: 0.0000192 seconds
2023-04-26T12:40:15.279+0530: 0.687: Total time for which application threads were stopped: 0.0001589 seconds, Stopping threads took: 0.0000111 seconds
2023-04-26T12:40:15.317+0530: 0.725: Total time for which application threads were stopped: 0.0002044 seconds, Stopping threads took: 0.0000164 seconds
2023-04-26T12:40:15.378+0530: 0.786: Total time for which application threads were stopped: 0.0003331 seconds, Stopping threads took: 0.0001060 seconds
{Heap before GC invocations=1 (full 0):
 par new generation   total 109248K, used 93335K [0x00000000e0000000, 0x00000000e8000000, 0x00000000e8000000)
  eden space 87424K, 100% used [0x00000000e0000000, 0x00000000e5560000, 0x00000000e5560000)
  from space 21824K,  27% used [0x00000000e6ab0000, 0x00000000e7075db0, 0x00000000e8000000)
  to   space 21824K,   0% used [0x00000000e5560000, 0x00000000e5560000, 0x00000000e6ab0000)
 concurrent mark-sweep generation total 393216K, used 0K [0x00000000e8000000, 0x0000000100000000, 0x0000000100000000)
 Metaspace       used 19758K, capacity 20088K, committed 20352K, reserved 1067008K
  class space    used 2257K, capacity 2392K, committed 2432K, reserved 1048576K
2023-04-26T12:40:15.491+0530: 0.900: [GC (Allocation Failure) 2023-04-26T12:40:15.491+0530: 0.900: [ParNew
Desired survivor size 20112992 bytes, new threshold 8 (max 8)
- age   1:   10282848 bytes,   10282848 total
- age   2:    2584168 bytes,   12867016 total
: 93335K->14775K(109248K), 0.0064526 secs] 93335K->14775K(502464K), 0.0065252 secs] [Times: user=0.02 sys=0.00, real=0.01 secs] 
Heap after GC invocations=2 (full 0):
 par new generation   total 109248K, used 14775K [0x00000000e0000000, 0x00000000e8000000, 0x00000000e8000000)
  eden space 87424K,   0% used [0x00000000e0000000, 0x00000000e0000000, 0x00000000e5560000)
  from space 21824K,  67% used [0x00000000e5560000, 0x00000000e63cdcf0, 0x00000000e6ab0000)
  to   space 21824K,   0% used [0x00000000e6ab0000, 0x00000000e6ab0000, 0x00000000e8000000)
 concurrent mark-sweep generation total 393216K, used 0K [0x00000000e8000000, 0x0000000100000000, 0x0000000100000000)
 Metaspace       used 19758K, capacity 20088K, committed 20352K, reserved 1067008K
  class space    used 2257K, capacity 2392K, committed 2432K, reserved 1048576K
}
2023-04-26T12:40:15.498+0530: 0.906: Total time for which application threads were stopped: 0.0066728 seconds, Stopping threads took: 0.0000175 seconds
2023-04-26T12:40:15.582+0530: 0.990: Total time for which application threads were stopped: 0.0002161 seconds, Stopping threads took: 0.0000119 seconds
2023-04-26T12:40:15.603+0530: 1.011: Total time for which application threads were stopped: 0.0002870 seconds, Stopping threads took: 0.0000478 seconds
{Heap before GC invocations=2 (full 0):
 par new generation   total 109248K, used 102199K [0x00000000e0000000, 0x00000000e8000000, 0x00000000e8000000)
  eden space 87424K, 100% used [0x00000000e0000000, 0x00000000e5560000, 0x00000000e5560000)
  from space 21824K,  67% used [0x00000000e5560000, 0x00000000e63cdcf0, 0x00000000e6ab0000)
  to   space 21824K,   0% used [0x00000000e6ab0000, 0x00000000e6ab0000, 0x00000000e8000000)
 concurrent mark-sweep generation total 393216K, used 0K [0x00000000e8000000, 0x0000000100000000, 0x0000000100000000)
 Metaspace       used 20663K, capacity 21048K, committed 21248K, reserved 1069056K
  class space    used 2394K, capacity 2520K, committed 2560K, reserved 1048576K
2023-04-26T12:40:15.611+0530: 1.019: [GC (Allocation Failure) 2023-04-26T12:40:15.611+0530: 1.019: [ParNew
Desired survivor size 20112992 bytes, new threshold 8 (max 8)
- age   1:    1635104 bytes,    1635104 total
- age   2:    4922864 bytes,    6557968 total
- age   3:    2555224 bytes,    9113192 total
: 102199K->15613K(109248K), 0.0043239 secs] 102199K->15613K(502464K), 0.0043960 secs] [Times: user=0.02 sys=0.00, real=0.01 secs] 
Heap after GC invocations=3 (full 0):
 par new generation   total 109248K, used 15613K [0x00000000e0000000, 0x00000000e8000000, 0x00000000e8000000)
  eden space 87424K,   0% used [0x00000000e0000000, 0x00000000e0000000, 0x00000000e5560000)
  from space 21824K,  71% used [0x00000000e6ab0000, 0x00000000e79ef660, 0x00000000e8000000)
  to   space 21824K,   0% used [0x00000000e5560000, 0x00000000e5560000, 0x00000000e6ab0000)
 concurrent mark-sweep generation total 393216K, used 0K [0x00000000e8000000, 0x0000000100000000, 0x0000000100000000)
 Metaspace       used 20663K, capacity 21048K, committed 21248K, reserved 1069056K
  class space    used 2394K, capacity 2520K, committed 2560K, reserved 1048576K
}
2023-04-26T12:40:15.615+0530: 1.023: Total time for which application threads were stopped: 0.0045197 seconds, Stopping threads took: 0.0000343 seconds
2023-04-26T12:40:15.626+0530: 1.035: Total time for which application threads were stopped: 0.0003235 seconds, Stopping threads took: 0.0000403 seconds
2023-04-26T12:40:15.644+0530: 1.053: Total time for which application threads were stopped: 0.0001350 seconds, Stopping threads took: 0.0000511 seconds
2023-04-26T12:40:15.686+0530: 1.094: Total time for which application threads were stopped: 0.0001396 seconds, Stopping threads took: 0.0000308 seconds
{Heap before GC invocations=3 (full 0):
 par new generation   total 109248K, used 103037K [0x00000000e0000000, 0x00000000e8000000, 0x00000000e8000000)
  eden space 87424K, 100% used [0x00000000e0000000, 0x00000000e5560000, 0x00000000e5560000)
  from space 21824K,  71% used [0x00000000e6ab0000, 0x00000000e79ef660, 0x00000000e8000000)
  to   space 21824K,   0% used [0x00000000e5560000, 0x00000000e5560000, 0x00000000e6ab0000)
 concurrent mark-sweep generation total 393216K, used 0K [0x00000000e8000000, 0x0000000100000000, 0x0000000100000000)
 Metaspace       used 21381K, capacity 21726K, committed 21960K, reserved 1069056K
  class space    used 2482K, capacity 2617K, committed 2684K, reserved 1048576K
2023-04-26T12:40:15.716+0530: 1.125: [GC (Allocation Failure) 2023-04-26T12:40:15.716+0530: 1.125: [ParNew
Desired survivor size 20112992 bytes, new threshold 8 (max 8)
- age   1:    2566072 bytes,    2566072 total
- age   2:     307952 bytes,    2874024 total
- age   3:    4907328 bytes,    7781352 total
- age   4:    2555000 bytes,   10336352 total
: 103037K->12067K(109248K), 0.0052473 secs] 103037K->12067K(502464K), 0.0053206 secs] [Times: user=0.03 sys=0.00, real=0.00 secs] 
Heap after GC invocations=4 (full 0):
 par new generation   total 109248K, used 12067K [0x00000000e0000000, 0x00000000e8000000, 0x00000000e8000000)
  eden space 87424K,   0% used [0x00000000e0000000, 0x00000000e0000000, 0x00000000e5560000)
  from space 21824K,  55% used [0x00000000e5560000, 0x00000000e6128f90, 0x00000000e6ab0000)
  to   space 21824K,   0% used [0x00000000e6ab0000, 0x00000000e6ab0000, 0x00000000e8000000)
 concurrent mark-sweep generation total 393216K, used 0K [0x00000000e8000000, 0x0000000100000000, 0x0000000100000000)
 Metaspace       used 21381K, capacity 21726K, committed 21960K, reserved 1069056K
  class space    used 2482K, capacity 2617K, committed 2684K, reserved 1048576K
}
2023-04-26T12:40:15.721+0530: 1.130: Total time for which application threads were stopped: 0.0054810 seconds, Stopping threads took: 0.0000416 seconds
2023-04-26T12:40:15.722+0530: 1.130: [GC (CMS Initial Mark) [1 CMS-initial-mark: 0K(393216K)] 13042K(502464K), 0.0019400 secs] [Times: user=0.00 sys=0.00, real=0.00 secs] 
2023-04-26T12:40:15.724+0530: 1.132: Total time for which application threads were stopped: 0.0020679 seconds, Stopping threads took: 0.0000516 seconds
2023-04-26T12:40:15.724+0530: 1.132: [CMS-concurrent-mark-start]
2023-04-26T12:40:15.725+0530: 1.133: [CMS-concurrent-mark: 0.001/0.001 secs] [Times: user=0.01 sys=0.00, real=0.00 secs] 
2023-04-26T12:40:15.725+0530: 1.133: [CMS-concurrent-preclean-start]
2023-04-26T12:40:15.726+0530: 1.135: [CMS-concurrent-preclean: 0.001/0.001 secs] [Times: user=0.01 sys=0.00, real=0.01 secs] 
2023-04-26T12:40:15.727+0530: 1.135: [CMS-concurrent-abortable-preclean-start]
2023-04-26T12:40:15.734+0530: 1.143: Total time for which application threads were stopped: 0.0000710 seconds, Stopping threads took: 0.0000157 seconds
2023-04-26T12:40:15.747+0530: 1.155: Total time for which application threads were stopped: 0.0000785 seconds, Stopping threads took: 0.0000170 seconds
{Heap before GC invocations=4 (full 1):
 par new generation   total 109248K, used 99491K [0x00000000e0000000, 0x00000000e8000000, 0x00000000e8000000)
  eden space 87424K, 100% used [0x00000000e0000000, 0x00000000e5560000, 0x00000000e5560000)
  from space 21824K,  55% used [0x00000000e5560000, 0x00000000e6128f90, 0x00000000e6ab0000)
  to   space 21824K,   0% used [0x00000000e6ab0000, 0x00000000e6ab0000, 0x00000000e8000000)
 concurrent mark-sweep generation total 393216K, used 0K [0x00000000e8000000, 0x0000000100000000, 0x0000000100000000)
 Metaspace       used 22065K, capacity 22416K, committed 22624K, reserved 1069056K
  class space    used 2575K, capacity 2716K, committed 2760K, reserved 1048576K
2023-04-26T12:40:15.775+0530: 1.183: [GC (Allocation Failure) 2023-04-26T12:40:15.775+0530: 1.183: [ParNew
Desired survivor size 20112992 bytes, new threshold 8 (max 8)
- age   1:     898872 bytes,     898872 total
- age   2:    1929544 bytes,    2828416 total
- age   3:     307760 bytes,    3136176 total
- age   4:    4906512 bytes,    8042688 total
- age   5:    2555000 bytes,   10597688 total
: 99491K->15360K(109248K), 0.0049241 secs] 99491K->15360K(502464K), 0.0049921 secs] [Times: user=0.03 sys=0.00, real=0.00 secs] 
Heap after GC invocations=5 (full 1):
 par new generation   total 109248K, used 15360K [0x00000000e0000000, 0x00000000e8000000, 0x00000000e8000000)
  eden space 87424K,   0% used [0x00000000e0000000, 0x00000000e0000000, 0x00000000e5560000)
  from space 21824K,  70% used [0x00000000e6ab0000, 0x00000000e79b01d8, 0x00000000e8000000)
  to   space 21824K,   0% used [0x00000000e5560000, 0x00000000e5560000, 0x00000000e6ab0000)
 concurrent mark-sweep generation total 393216K, used 0K [0x00000000e8000000, 0x0000000100000000, 0x0000000100000000)
 Metaspace       used 22065K, capacity 22416K, committed 22624K, reserved 1069056K
  class space    used 2575K, capacity 2716K, committed 2760K, reserved 1048576K
}
2023-04-26T12:40:15.780+0530: 1.188: Total time for which application threads were stopped: 0.0051098 seconds, Stopping threads took: 0.0000202 seconds
2023-04-26T12:40:15.797+0530: 1.205: Total time for which application threads were stopped: 0.0001492 seconds, Stopping threads took: 0.0000761 seconds
2023-04-26T12:40:15.797+0530: 1.205: [CMS-concurrent-abortable-preclean: 0.049/0.071 secs] [Times: user=0.41 sys=0.00, real=0.07 secs] 
2023-04-26T12:40:15.799+0530: 1.207: [GC (CMS Final Remark) [YG occupancy: 59719 K (109248 K)]{Heap before GC invocations=5 (full 1):
 par new generation   total 109248K, used 59719K [0x00000000e0000000, 0x00000000e8000000, 0x00000000e8000000)
  eden space 87424K,  50% used [0x00000000e0000000, 0x00000000e2b51b48, 0x00000000e5560000)
  from space 21824K,  70% used [0x00000000e6ab0000, 0x00000000e79b01d8, 0x00000000e8000000)
  to   space 21824K,   0% used [0x00000000e5560000, 0x00000000e5560000, 0x00000000e6ab0000)
 concurrent mark-sweep generation total 393216K, used 0K [0x00000000e8000000, 0x0000000100000000, 0x0000000100000000)
 Metaspace       used 22156K, capacity 22580K, committed 22880K, reserved 1069056K
  class space    used 2588K, capacity 2722K, committed 2760K, reserved 1048576K
2023-04-26T12:40:15.799+0530: 1.207: [GC (CMS Final Remark) 2023-04-26T12:40:15.799+0530: 1.207: [ParNew
Desired survivor size 20112992 bytes, new threshold 8 (max 8)
- age   1:    1516032 bytes,    1516032 total
- age   2:     122520 bytes,    1638552 total
- age   3:    1927392 bytes,    3565944 total
- age   4:     306984 bytes,    3872928 total
- age   5:    4906176 bytes,    8779104 total
- age   6:    2555000 bytes,   11334104 total
: 59719K->13669K(109248K), 0.0055363 secs] 59719K->13669K(502464K), 0.0055847 secs] [Times: user=0.03 sys=0.00, real=0.00 secs] 
Heap after GC invocations=6 (full 1):
 par new generation   total 109248K, used 13669K [0x00000000e0000000, 0x00000000e8000000, 0x00000000e8000000)
  eden space 87424K,   0% used [0x00000000e0000000, 0x00000000e0000000, 0x00000000e5560000)
  from space 21824K,  62% used [0x00000000e5560000, 0x00000000e62b9618, 0x00000000e6ab0000)
  to   space 21824K,   0% used [0x00000000e6ab0000, 0x00000000e6ab0000, 0x00000000e8000000)
 concurrent mark-sweep generation total 393216K, used 0K [0x00000000e8000000, 0x0000000100000000, 0x0000000100000000)
 Metaspace       used 22156K, capacity 22580K, committed 22880K, reserved 1069056K
  class space    used 2588K, capacity 2722K, committed 2760K, reserved 1048576K
}
2023-04-26T12:40:15.804+0530: 1.213: [Rescan (parallel) , 0.0025804 secs]2023-04-26T12:40:15.807+0530: 1.215: [weak refs processing, 0.0003213 secs]2023-04-26T12:40:15.807+0530: 1.216: [class unloading, 0.0024162 secs]2023-04-26T12:40:15.810+0530: 1.218: [scrub symbol table, 0.0016873 secs]2023-04-26T12:40:15.812+0530: 1.220: [scrub string table, 0.0002888 secs][1 CMS-remark: 0K(393216K)] 13669K(502464K), 0.0135347 secs] [Times: user=0.05 sys=0.00, real=0.01 secs] 
2023-04-26T12:40:15.812+0530: 1.221: Total time for which application threads were stopped: 0.0151661 seconds, Stopping threads took: 0.0015613 seconds
2023-04-26T12:40:15.812+0530: 1.221: [CMS-concurrent-sweep-start]
2023-04-26T12:40:15.812+0530: 1.221: [CMS-concurrent-sweep: 0.000/0.000 secs] [Times: user=0.00 sys=0.00, real=0.00 secs] 
2023-04-26T12:40:15.812+0530: 1.221: [CMS-concurrent-reset-start]
2023-04-26T12:40:15.815+0530: 1.224: [CMS-concurrent-reset: 0.003/0.003 secs] [Times: user=0.01 sys=0.01, real=0.01 secs] 
{Heap before GC invocations=6 (full 1):
 par new generation   total 109248K, used 101093K [0x00000000e0000000, 0x00000000e8000000, 0x00000000e8000000)
  eden space 87424K, 100% used [0x00000000e0000000, 0x00000000e5560000, 0x00000000e5560000)
  from space 21824K,  62% used [0x00000000e5560000, 0x00000000e62b9618, 0x00000000e6ab0000)
  to   space 21824K,   0% used [0x00000000e6ab0000, 0x00000000e6ab0000, 0x00000000e8000000)
 concurrent mark-sweep generation total 393216K, used 0K [0x00000000e8000000, 0x0000000100000000, 0x0000000100000000)
 Metaspace       used 22231K, capacity 22612K, committed 22880K, reserved 1069056K
  class space    used 2598K, capacity 2754K, committed 2760K, reserved 1048576K
2023-04-26T12:40:15.846+0530: 1.255: [GC (Allocation Failure) 2023-04-26T12:40:15.846+0530: 1.255: [ParNew
Desired survivor size 20112992 bytes, new threshold 8 (max 8)
- age   1:     524632 bytes,     524632 total
- age   2:      67032 bytes,     591664 total
- age   3:     120632 bytes,     712296 total
- age   4:    1927328 bytes,    2639624 total
- age   5:     306792 bytes,    2946416 total
- age   6:    4905952 bytes,    7852368 total
- age   7:    2555000 bytes,   10407368 total
: 101093K->14730K(109248K), 0.0052857 secs] 101093K->14730K(502464K), 0.0053480 secs] [Times: user=0.01 sys=0.00, real=0.00 secs] 
Heap after GC invocations=7 (full 1):
 par new generation   total 109248K, used 14730K [0x00000000e0000000, 0x00000000e8000000, 0x00000000e8000000)
  eden space 87424K,   0% used [0x00000000e0000000, 0x00000000e0000000, 0x00000000e5560000)
  from space 21824K,  67% used [0x00000000e6ab0000, 0x00000000e7912920, 0x00000000e8000000)
  to   space 21824K,   0% used [0x00000000e5560000, 0x00000000e5560000, 0x00000000e6ab0000)
 concurrent mark-sweep generation total 393216K, used 0K [0x00000000e8000000, 0x0000000100000000, 0x0000000100000000)
 Metaspace       used 22231K, capacity 22612K, committed 22880K, reserved 1069056K
  class space    used 2598K, capacity 2754K, committed 2760K, reserved 1048576K
}
2023-04-26T12:40:15.852+0530: 1.260: Total time for which application threads were stopped: 0.0055135 seconds, Stopping threads took: 0.0000418 seconds
{Heap before GC invocations=7 (full 1):
 par new generation   total 109248K, used 102154K [0x00000000e0000000, 0x00000000e8000000, 0x00000000e8000000)
  eden space 87424K, 100% used [0x00000000e0000000, 0x00000000e5560000, 0x00000000e5560000)
  from space 21824K,  67% used [0x00000000e6ab0000, 0x00000000e7912920, 0x00000000e8000000)
  to   space 21824K,   0% used [0x00000000e5560000, 0x00000000e5560000, 0x00000000e6ab0000)
 concurrent mark-sweep generation total 393216K, used 0K [0x00000000e8000000, 0x0000000100000000, 0x0000000100000000)
 Metaspace       used 22392K, capacity 22754K, committed 22880K, reserved 1069056K
  class space    used 2619K, capacity 2757K, committed 2760K, reserved 1048576K
2023-04-26T12:40:15.882+0530: 1.290: [GC (Allocation Failure) 2023-04-26T12:40:15.882+0530: 1.290: [ParNew
Desired survivor size 20112992 bytes, new threshold 8 (max 8)
- age   1:    1167464 bytes,    1167464 total
- age   2:     126456 bytes,    1293920 total
- age   3:      67032 bytes,    1360952 total
- age   4:     120528 bytes,    1481480 total
- age   5:    1927344 bytes,    3408824 total
- age   6:     306592 bytes,    3715416 total
- age   7:    4903072 bytes,    8618488 total
- age   8:    2555360 bytes,   11173848 total
: 102154K->14099K(109248K), 0.0066294 secs] 102154K->14099K(502464K), 0.0067041 secs] [Times: user=0.04 sys=0.00, real=0.01 secs] 
Heap after GC invocations=8 (full 1):
 par new generation   total 109248K, used 14099K [0x00000000e0000000, 0x00000000e8000000, 0x00000000e8000000)
  eden space 87424K,   0% used [0x00000000e0000000, 0x00000000e0000000, 0x00000000e5560000)
  from space 21824K,  64% used [0x00000000e5560000, 0x00000000e6324d18, 0x00000000e6ab0000)
  to   space 21824K,   0% used [0x00000000e6ab0000, 0x00000000e6ab0000, 0x00000000e8000000)
 concurrent mark-sweep generation total 393216K, used 0K [0x00000000e8000000, 0x0000000100000000, 0x0000000100000000)
 Metaspace       used 22392K, capacity 22754K, committed 22880K, reserved 1069056K
  class space    used 2619K, capacity 2757K, committed 2760K, reserved 1048576K
}
2023-04-26T12:40:15.888+0530: 1.297: Total time for which application threads were stopped: 0.0068900 seconds, Stopping threads took: 0.0000783 seconds
2023-04-26T12:40:15.948+0530: 1.356: Total time for which application threads were stopped: 0.0003000 seconds, Stopping threads took: 0.0000203 seconds
2023-04-26T12:40:16.042+0530: 1.450: Total time for which application threads were stopped: 0.0003149 seconds, Stopping threads took: 0.0000160 seconds
2023-04-26T12:40:16.051+0530: 1.460: Total time for which application threads were stopped: 0.0004073 seconds, Stopping threads took: 0.0000169 seconds
2023-04-26T12:40:16.059+0530: 1.467: Total time for which application threads were stopped: 0.0002833 seconds, Stopping threads took: 0.0000125 seconds
{Heap before GC invocations=8 (full 1):
 par new generation   total 109248K, used 101523K [0x00000000e0000000, 0x00000000e8000000, 0x00000000e8000000)
  eden space 87424K, 100% used [0x00000000e0000000, 0x00000000e5560000, 0x00000000e5560000)
  from space 21824K,  64% used [0x00000000e5560000, 0x00000000e6324d18, 0x00000000e6ab0000)
  to   space 21824K,   0% used [0x00000000e6ab0000, 0x00000000e6ab0000, 0x00000000e8000000)
 concurrent mark-sweep generation total 393216K, used 0K [0x00000000e8000000, 0x0000000100000000, 0x0000000100000000)
 Metaspace       used 24735K, capacity 25104K, committed 25416K, reserved 1071104K
  class space    used 2896K, capacity 3052K, committed 3144K, reserved 1048576K
2023-04-26T12:40:16.076+0530: 1.484: [GC (Allocation Failure) 2023-04-26T12:40:16.076+0530: 1.484: [ParNew
Desired survivor size 20112992 bytes, new threshold 8 (max 8)
- age   1:    3570456 bytes,    3570456 total
- age   2:      99440 bytes,    3669896 total
- age   3:     124656 bytes,    3794552 total
- age   4:      66552 bytes,    3861104 total
- age   5:     119064 bytes,    3980168 total
- age   6:     305568 bytes,    4285736 total
- age   7:     300736 bytes,    4586472 total
- age   8:    4902152 bytes,    9488624 total
: 101523K->12731K(109248K), 0.0117111 secs] 101523K->15264K(502464K), 0.0118101 secs] [Times: user=0.05 sys=0.00, real=0.01 secs] 
Heap after GC invocations=9 (full 1):
 par new generation   total 109248K, used 12731K [0x00000000e0000000, 0x00000000e8000000, 0x00000000e8000000)
  eden space 87424K,   0% used [0x00000000e0000000, 0x00000000e0000000, 0x00000000e5560000)
  from space 21824K,  58% used [0x00000000e6ab0000, 0x00000000e771eda8, 0x00000000e8000000)
  to   space 21824K,   0% used [0x00000000e5560000, 0x00000000e5560000, 0x00000000e6ab0000)
 concurrent mark-sweep generation total 393216K, used 2533K [0x00000000e8000000, 0x0000000100000000, 0x0000000100000000)
 Metaspace       used 24735K, capacity 25104K, committed 25416K, reserved 1071104K
  class space    used 2896K, capacity 3052K, committed 3144K, reserved 1048576K
}
2023-04-26T12:40:16.088+0530: 1.496: Total time for which application threads were stopped: 0.0119543 seconds, Stopping threads took: 0.0000219 seconds
2023-04-26T12:40:16.300+0530: 1.708: Total time for which application threads were stopped: 0.0004536 seconds, Stopping threads took: 0.0000216 seconds
2023-04-26T12:40:16.302+0530: 1.711: Total time for which application threads were stopped: 0.0004305 seconds, Stopping threads took: 0.0000225 seconds
{Heap before GC invocations=9 (full 1):
 par new generation   total 109248K, used 100155K [0x00000000e0000000, 0x00000000e8000000, 0x00000000e8000000)
  eden space 87424K, 100% used [0x00000000e0000000, 0x00000000e5560000, 0x00000000e5560000)
  from space 21824K,  58% used [0x00000000e6ab0000, 0x00000000e771eda8, 0x00000000e8000000)
  to   space 21824K,   0% used [0x00000000e5560000, 0x00000000e5560000, 0x00000000e6ab0000)
 concurrent mark-sweep generation total 393216K, used 2533K [0x00000000e8000000, 0x0000000100000000, 0x0000000100000000)
 Metaspace       used 28112K, capacity 28456K, committed 28872K, reserved 1075200K
  class space    used 3290K, capacity 3440K, committed 3528K, reserved 1048576K
2023-04-26T12:40:16.373+0530: 1.781: [GC (Allocation Failure) 2023-04-26T12:40:16.373+0530: 1.781: [ParNew
Desired survivor size 20112992 bytes, new threshold 8 (max 8)
- age   1:   12248136 bytes,   12248136 total
- age   2:    1886552 bytes,   14134688 total
- age   3:      99440 bytes,   14234128 total
- age   4:     123936 bytes,   14358064 total
- age   5:      66488 bytes,   14424552 total
- age   6:     118936 bytes,   14543488 total
- age   7:     294224 bytes,   14837712 total
- age   8:     288752 bytes,   15126464 total
: 100155K->17369K(109248K), 0.0144517 secs] 102688K->24709K(502464K), 0.0145210 secs] [Times: user=0.08 sys=0.00, real=0.02 secs] 
Heap after GC invocations=10 (full 1):
 par new generation   total 109248K, used 17369K [0x00000000e0000000, 0x00000000e8000000, 0x00000000e8000000)
  eden space 87424K,   0% used [0x00000000e0000000, 0x00000000e0000000, 0x00000000e5560000)
  from space 21824K,  79% used [0x00000000e5560000, 0x00000000e6656430, 0x00000000e6ab0000)
  to   space 21824K,   0% used [0x00000000e6ab0000, 0x00000000e6ab0000, 0x00000000e8000000)
 concurrent mark-sweep generation total 393216K, used 7340K [0x00000000e8000000, 0x0000000100000000, 0x0000000100000000)
 Metaspace       used 28112K, capacity 28456K, committed 28872K, reserved 1075200K
  class space    used 3290K, capacity 3440K, committed 3528K, reserved 1048576K
}
2023-04-26T12:40:16.387+0530: 1.796: Total time for which application threads were stopped: 0.0147663 seconds, Stopping threads took: 0.0000506 seconds
2023-04-26T12:40:16.453+0530: 1.862: Total time for which application threads were stopped: 0.0004308 seconds, Stopping threads took: 0.0000358 seconds
{Heap before GC invocations=10 (full 1):
 par new generation   total 109248K, used 104793K [0x00000000e0000000, 0x00000000e8000000, 0x00000000e8000000)
  eden space 87424K, 100% used [0x00000000e0000000, 0x00000000e5560000, 0x00000000e5560000)
  from space 21824K,  79% used [0x00000000e5560000, 0x00000000e6656430, 0x00000000e6ab0000)
  to   space 21824K,   0% used [0x00000000e6ab0000, 0x00000000e6ab0000, 0x00000000e8000000)
 concurrent mark-sweep generation total 393216K, used 7340K [0x00000000e8000000, 0x0000000100000000, 0x0000000100000000)
 Metaspace       used 28196K, capacity 28584K, committed 28872K, reserved 1075200K
  class space    used 3295K, capacity 3440K, committed 3528K, reserved 1048576K
2023-04-26T12:40:16.468+0530: 1.876: [GC (Allocation Failure) 2023-04-26T12:40:16.468+0530: 1.876: [ParNew
Desired survivor size 20112992 bytes, new threshold 8 (max 8)
- age   1:    1631472 bytes,    1631472 total
- age   2:    8414952 bytes,   10046424 total
- age   3:    1886552 bytes,   11932976 total
- age   4:      99440 bytes,   12032416 total
- age   5:     123936 bytes,   12156352 total
- age   6:      66512 bytes,   12222864 total
- age   7:     118936 bytes,   12341800 total
- age   8:     294224 bytes,   12636024 total
: 104793K->21191K(109248K), 0.0093633 secs] 112133K->28821K(502464K), 0.0094283 secs] [Times: user=0.06 sys=0.00, real=0.01 secs] 
Heap after GC invocations=11 (full 1):
 par new generation   total 109248K, used 21191K [0x00000000e0000000, 0x00000000e8000000, 0x00000000e8000000)
  eden space 87424K,   0% used [0x00000000e0000000, 0x00000000e0000000, 0x00000000e5560000)
  from space 21824K,  97% used [0x00000000e6ab0000, 0x00000000e7f61d30, 0x00000000e8000000)
  to   space 21824K,   0% used [0x00000000e5560000, 0x00000000e5560000, 0x00000000e6ab0000)
 concurrent mark-sweep generation total 393216K, used 7630K [0x00000000e8000000, 0x0000000100000000, 0x0000000100000000)
 Metaspace       used 28196K, capacity 28584K, committed 28872K, reserved 1075200K
  class space    used 3295K, capacity 3440K, committed 3528K, reserved 1048576K
}
2023-04-26T12:40:16.477+0530: 1.885: Total time for which application threads were stopped: 0.0096142 seconds, Stopping threads took: 0.0000535 seconds
{Heap before GC invocations=11 (full 1):
 par new generation   total 109248K, used 108615K [0x00000000e0000000, 0x00000000e8000000, 0x00000000e8000000)
  eden space 87424K, 100% used [0x00000000e0000000, 0x00000000e5560000, 0x00000000e5560000)
  from space 21824K,  97% used [0x00000000e6ab0000, 0x00000000e7f61d30, 0x00000000e8000000)
  to   space 21824K,   0% used [0x00000000e5560000, 0x00000000e5560000, 0x00000000e6ab0000)
 concurrent mark-sweep generation total 393216K, used 7630K [0x00000000e8000000, 0x0000000100000000, 0x0000000100000000)
 Metaspace       used 28236K, capacity 28614K, committed 29128K, reserved 1075200K
  class space    used 3297K, capacity 3445K, committed 3528K, reserved 1048576K
2023-04-26T12:40:16.502+0530: 1.910: [GC (Allocation Failure) 2023-04-26T12:40:16.502+0530: 1.910: [ParNew
Desired survivor size 20112992 bytes, new threshold 8 (max 8)
- age   1:    1755992 bytes,    1755992 total
- age   2:     868224 bytes,    2624216 total
- age   3:    8393096 bytes,   11017312 total
- age   4:    1886552 bytes,   12903864 total
- age   5:      99440 bytes,   13003304 total
- age   6:     123936 bytes,   13127240 total
- age   7:      66488 bytes,   13193728 total
- age   8:     118832 bytes,   13312560 total
: 108615K->16808K(109248K), 0.0075994 secs] 116245K->24730K(502464K), 0.0076733 secs] [Times: user=0.04 sys=0.00, real=0.01 secs] 
Heap after GC invocations=12 (full 1):
 par new generation   total 109248K, used 16808K [0x00000000e0000000, 0x00000000e8000000, 0x00000000e8000000)
  eden space 87424K,   0% used [0x00000000e0000000, 0x00000000e0000000, 0x00000000e5560000)
  from space 21824K,  77% used [0x00000000e5560000, 0x00000000e65ca318, 0x00000000e6ab0000)
  to   space 21824K,   0% used [0x00000000e6ab0000, 0x00000000e6ab0000, 0x00000000e8000000)
 concurrent mark-sweep generation total 393216K, used 7921K [0x00000000e8000000, 0x0000000100000000, 0x0000000100000000)
 Metaspace       used 28236K, capacity 28614K, committed 29128K, reserved 1075200K
  class space    used 3297K, capacity 3445K, committed 3528K, reserved 1048576K
}
2023-04-26T12:40:16.510+0530: 1.918: Total time for which application threads were stopped: 0.0078440 seconds, Stopping threads took: 0.0000496 seconds
{Heap before GC invocations=12 (full 1):
 par new generation   total 109248K, used 104228K [0x00000000e0000000, 0x00000000e8000000, 0x00000000e8000000)
  eden space 87424K,  99% used [0x00000000e0000000, 0x00000000e555edd8, 0x00000000e5560000)
  from space 21824K,  77% used [0x00000000e5560000, 0x00000000e65ca318, 0x00000000e6ab0000)
  to   space 21824K,   0% used [0x00000000e6ab0000, 0x00000000e6ab0000, 0x00000000e8000000)
 concurrent mark-sweep generation total 393216K, used 7921K [0x00000000e8000000, 0x0000000100000000, 0x0000000100000000)
 Metaspace       used 28265K, capacity 28644K, committed 29128K, reserved 1075200K
  class space    used 3301K, capacity 3450K, committed 3528K, reserved 1048576K
2023-04-26T12:40:16.527+0530: 1.935: [GC (Allocation Failure) 2023-04-26T12:40:16.527+0530: 1.935: [ParNew
Desired survivor size 20112992 bytes, new threshold 8 (max 8)
- age   1:     979280 bytes,     979280 total
- age   2:    1613488 bytes,    2592768 total
- age   3:     857608 bytes,    3450376 total
- age   4:    8392952 bytes,   11843328 total
- age   5:    1886552 bytes,   13729880 total
- age   6:      99440 bytes,   13829320 total
- age   7:     123832 bytes,   13953152 total
- age   8:      66072 bytes,   14019224 total
: 104228K->16264K(109248K), 0.0076045 secs] 112150K->24306K(502464K), 0.0076884 secs] [Times: user=0.05 sys=0.00, real=0.01 secs] 
Heap after GC invocations=13 (full 1):
 par new generation   total 109248K, used 16264K [0x00000000e0000000, 0x00000000e8000000, 0x00000000e8000000)
  eden space 87424K,   0% used [0x00000000e0000000, 0x00000000e0000000, 0x00000000e5560000)
  from space 21824K,  74% used [0x00000000e6ab0000, 0x00000000e7a920e0, 0x00000000e8000000)
  to   space 21824K,   0% used [0x00000000e5560000, 0x00000000e5560000, 0x00000000e6ab0000)
 concurrent mark-sweep generation total 393216K, used 8041K [0x00000000e8000000, 0x0000000100000000, 0x0000000100000000)
 Metaspace       used 28265K, capacity 28644K, committed 29128K, reserved 1075200K
  class space    used 3301K, capacity 3450K, committed 3528K, reserved 1048576K
}
2023-04-26T12:40:16.534+0530: 1.943: Total time for which application threads were stopped: 0.0078380 seconds, Stopping threads took: 0.0000389 seconds
{Heap before GC invocations=13 (full 1):
 par new generation   total 109248K, used 103688K [0x00000000e0000000, 0x00000000e8000000, 0x00000000e8000000)
  eden space 87424K, 100% used [0x00000000e0000000, 0x00000000e5560000, 0x00000000e5560000)
  from space 21824K,  74% used [0x00000000e6ab0000, 0x00000000e7a920e0, 0x00000000e8000000)
  to   space 21824K,   0% used [0x00000000e5560000, 0x00000000e5560000, 0x00000000e6ab0000)
 concurrent mark-sweep generation total 393216K, used 8041K [0x00000000e8000000, 0x0000000100000000, 0x0000000100000000)
 Metaspace       used 28272K, capacity 28656K, committed 29128K, reserved 1075200K
  class space    used 3302K, capacity 3452K, committed 3528K, reserved 1048576K
2023-04-26T12:40:16.557+0530: 1.965: [GC (Allocation Failure) 2023-04-26T12:40:16.557+0530: 1.965: [ParNew
Desired survivor size 20112992 bytes, new threshold 8 (max 8)
- age   1:    1100248 bytes,    1100248 total
- age   2:      93216 bytes,    1193464 total
- age   3:    1613216 bytes,    2806680 total
- age   4:     857608 bytes,    3664288 total
- age   5:    8392952 bytes,   12057240 total
- age   6:    1886552 bytes,   13943792 total
- age   7:      99440 bytes,   14043232 total
- age   8:     123832 bytes,   14167064 total
: 103688K->21824K(109248K), 0.0080669 secs] 111730K->29931K(502464K), 0.0081392 secs] [Times: user=0.06 sys=0.00, real=0.00 secs] 
Heap after GC invocations=14 (full 1):
 par new generation   total 109248K, used 21824K [0x00000000e0000000, 0x00000000e8000000, 0x00000000e8000000)
  eden space 87424K,   0% used [0x00000000e0000000, 0x00000000e0000000, 0x00000000e5560000)
  from space 21824K, 100% used [0x00000000e5560000, 0x00000000e6ab0000, 0x00000000e6ab0000)
  to   space 21824K,   0% used [0x00000000e6ab0000, 0x00000000e6ab0000, 0x00000000e8000000)
 concurrent mark-sweep generation total 393216K, used 8107K [0x00000000e8000000, 0x0000000100000000, 0x0000000100000000)
 Metaspace       used 28272K, capacity 28656K, committed 29128K, reserved 1075200K
  class space    used 3302K, capacity 3452K, committed 3528K, reserved 1048576K
}
2023-04-26T12:40:16.565+0530: 1.973: Total time for which application threads were stopped: 0.0082979 seconds, Stopping threads took: 0.0000429 seconds
{Heap before GC invocations=14 (full 1):
 par new generation   total 109248K, used 109248K [0x00000000e0000000, 0x00000000e8000000, 0x00000000e8000000)
  eden space 87424K, 100% used [0x00000000e0000000, 0x00000000e5560000, 0x00000000e5560000)
  from space 21824K, 100% used [0x00000000e5560000, 0x00000000e6ab0000, 0x00000000e6ab0000)
  to   space 21824K,   0% used [0x00000000e6ab0000, 0x00000000e6ab0000, 0x00000000e8000000)
 concurrent mark-sweep generation total 393216K, used 8107K [0x00000000e8000000, 0x0000000100000000, 0x0000000100000000)
 Metaspace       used 28287K, capacity 28662K, committed 29128K, reserved 1075200K
  class space    used 3302K, capacity 3453K, committed 3528K, reserved 1048576K
2023-04-26T12:40:16.595+0530: 2.004: [GC (Allocation Failure) 2023-04-26T12:40:16.596+0530: 2.004: [ParNew
Desired survivor size 20112992 bytes, new threshold 8 (max 8)
- age   1:     451312 bytes,     451312 total
- age   2:      86968 bytes,     538280 total
- age   3:      92000 bytes,     630280 total
- age   4:    1612656 bytes,    2242936 total
- age   5:     857608 bytes,    3100544 total
- age   6:    8392952 bytes,   11493496 total
- age   7:    1886552 bytes,   13380048 total
- age   8:      99440 bytes,   13479488 total
: 109248K->14606K(109248K), 0.0094711 secs] 117355K->22837K(502464K), 0.0095618 secs] [Times: user=0.06 sys=0.00, real=0.00 secs] 
Heap after GC invocations=15 (full 1):
 par new generation   total 109248K, used 14606K [0x00000000e0000000, 0x00000000e8000000, 0x00000000e8000000)
  eden space 87424K,   0% used [0x00000000e0000000, 0x00000000e0000000, 0x00000000e5560000)
  from space 21824K,  66% used [0x00000000e6ab0000, 0x00000000e78f39c8, 0x00000000e8000000)
  to   space 21824K,   0% used [0x00000000e5560000, 0x00000000e5560000, 0x00000000e6ab0000)
 concurrent mark-sweep generation total 393216K, used 8231K [0x00000000e8000000, 0x0000000100000000, 0x0000000100000000)
 Metaspace       used 28287K, capacity 28662K, committed 29128K, reserved 1075200K
  class space    used 3302K, capacity 3453K, committed 3528K, reserved 1048576K
}
2023-04-26T12:40:16.605+0530: 2.013: Total time for which application threads were stopped: 0.0097295 seconds, Stopping threads took: 0.0000387 seconds
{Heap before GC invocations=15 (full 1):
 par new generation   total 109248K, used 102030K [0x00000000e0000000, 0x00000000e8000000, 0x00000000e8000000)
  eden space 87424K, 100% used [0x00000000e0000000, 0x00000000e5560000, 0x00000000e5560000)
  from space 21824K,  66% used [0x00000000e6ab0000, 0x00000000e78f39c8, 0x00000000e8000000)
  to   space 21824K,   0% used [0x00000000e5560000, 0x00000000e5560000, 0x00000000e6ab0000)
 concurrent mark-sweep generation total 393216K, used 8231K [0x00000000e8000000, 0x0000000100000000, 0x0000000100000000)
 Metaspace       used 28386K, capacity 28802K, committed 29128K, reserved 1075200K
  class space    used 3304K, capacity 3455K, committed 3528K, reserved 1048576K
2023-04-26T12:40:16.664+0530: 2.073: [GC (Allocation Failure) 2023-04-26T12:40:16.664+0530: 2.073: [ParNew
Desired survivor size 20112992 bytes, new threshold 8 (max 8)
- age   1:    1281376 bytes,    1281376 total
- age   2:     122240 bytes,    1403616 total
- age   3:      86632 bytes,    1490248 total
- age   4:      91832 bytes,    1582080 total
- age   5:     874080 bytes,    2456160 total
- age   6:     379928 bytes,    2836088 total
- age   7:    8392896 bytes,   11228984 total
- age   8:    1886448 bytes,   13115432 total
: 102030K->21824K(109248K), 0.0078927 secs] 110261K->30154K(502464K), 0.0079738 secs] [Times: user=0.04 sys=0.00, real=0.01 secs] 
Heap after GC invocations=16 (full 1):
 par new generation   total 109248K, used 21824K [0x00000000e0000000, 0x00000000e8000000, 0x00000000e8000000)
  eden space 87424K,   0% used [0x00000000e0000000, 0x00000000e0000000, 0x00000000e5560000)
  from space 21824K, 100% used [0x00000000e5560000, 0x00000000e6ab0000, 0x00000000e6ab0000)
  to   space 21824K,   0% used [0x00000000e6ab0000, 0x00000000e6ab0000, 0x00000000e8000000)
 concurrent mark-sweep generation total 393216K, used 8330K [0x00000000e8000000, 0x0000000100000000, 0x0000000100000000)
 Metaspace       used 28386K, capacity 28802K, committed 29128K, reserved 1075200K
  class space    used 3304K, capacity 3455K, committed 3528K, reserved 1048576K
}
2023-04-26T12:40:16.672+0530: 2.081: Total time for which application threads were stopped: 0.0108916 seconds, Stopping threads took: 0.0027436 seconds
{Heap before GC invocations=16 (full 1):
 par new generation   total 109248K, used 109248K [0x00000000e0000000, 0x00000000e8000000, 0x00000000e8000000)
  eden space 87424K, 100% used [0x00000000e0000000, 0x00000000e5560000, 0x00000000e5560000)
  from space 21824K, 100% used [0x00000000e5560000, 0x00000000e6ab0000, 0x00000000e6ab0000)
  to   space 21824K,   0% used [0x00000000e6ab0000, 0x00000000e6ab0000, 0x00000000e8000000)
 concurrent mark-sweep generation total 393216K, used 8330K [0x00000000e8000000, 0x0000000100000000, 0x0000000100000000)
 Metaspace       used 28690K, capacity 29132K, committed 29384K, reserved 1075200K
  class space    used 3332K, capacity 3500K, committed 3528K, reserved 1048576K
2023-04-26T12:40:16.748+0530: 2.157: [GC (Allocation Failure) 2023-04-26T12:40:16.748+0530: 2.157: [ParNew
Desired survivor size 20112992 bytes, new threshold 8 (max 8)
- age   1:    9343752 bytes,    9343752 total
- age   2:     625536 bytes,    9969288 total
- age   3:     121664 bytes,   10090952 total
- age   4:      86368 bytes,   10177320 total
- age   5:      91472 bytes,   10268792 total
- age   6:     161616 bytes,   10430408 total
- age   7:     369128 bytes,   10799536 total
- age   8:    8389680 bytes,   19189216 total
: 109248K->21072K(109248K), 0.0146604 secs] 117578K->31258K(502464K), 0.0147332 secs] [Times: user=0.07 sys=0.01, real=0.01 secs] 
Heap after GC invocations=17 (full 1):
 par new generation   total 109248K, used 21072K [0x00000000e0000000, 0x00000000e8000000, 0x00000000e8000000)
  eden space 87424K,   0% used [0x00000000e0000000, 0x00000000e0000000, 0x00000000e5560000)
  from space 21824K,  96% used [0x00000000e6ab0000, 0x00000000e7f442f0, 0x00000000e8000000)
  to   space 21824K,   0% used [0x00000000e5560000, 0x00000000e5560000, 0x00000000e6ab0000)
 concurrent mark-sweep generation total 393216K, used 10185K [0x00000000e8000000, 0x0000000100000000, 0x0000000100000000)
 Metaspace       used 28690K, capacity 29132K, committed 29384K, reserved 1075200K
  class space    used 3332K, capacity 3500K, committed 3528K, reserved 1048576K
}
2023-04-26T12:40:16.763+0530: 2.171: Total time for which application threads were stopped: 0.0149069 seconds, Stopping threads took: 0.0000243 seconds
{Heap before GC invocations=17 (full 1):
 par new generation   total 109248K, used 108496K [0x00000000e0000000, 0x00000000e8000000, 0x00000000e8000000)
  eden space 87424K, 100% used [0x00000000e0000000, 0x00000000e5560000, 0x00000000e5560000)
  from space 21824K,  96% used [0x00000000e6ab0000, 0x00000000e7f442f0, 0x00000000e8000000)
  to   space 21824K,   0% used [0x00000000e5560000, 0x00000000e5560000, 0x00000000e6ab0000)
 concurrent mark-sweep generation total 393216K, used 10185K [0x00000000e8000000, 0x0000000100000000, 0x0000000100000000)
 Metaspace       used 29359K, capacity 29804K, committed 30024K, reserved 1075200K
  class space    used 3435K, capacity 3596K, committed 3656K, reserved 1048576K
2023-04-26T12:40:16.814+0530: 2.222: [GC (Allocation Failure) 2023-04-26T12:40:16.814+0530: 2.223: [ParNew
Desired survivor size 20112992 bytes, new threshold 8 (max 8)
- age   1:    1233416 bytes,    1233416 total
- age   2:    8743120 bytes,    9976536 total
- age   3:     625536 bytes,   10602072 total
- age   4:     121664 bytes,   10723736 total
- age   5:      86304 bytes,   10810040 total
- age   6:      91472 bytes,   10901512 total
- age   7:     161584 bytes,   11063096 total
- age   8:     368104 bytes,   11431200 total
: 108496K->19449K(109248K), 0.0140748 secs] 118682K->37853K(502464K), 0.0141644 secs] [Times: user=0.05 sys=0.00, real=0.01 secs] 
Heap after GC invocations=18 (full 1):
 par new generation   total 109248K, used 19449K [0x00000000e0000000, 0x00000000e8000000, 0x00000000e8000000)
  eden space 87424K,   0% used [0x00000000e0000000, 0x00000000e0000000, 0x00000000e5560000)
  from space 21824K,  89% used [0x00000000e5560000, 0x00000000e685e738, 0x00000000e6ab0000)
  to   space 21824K,   0% used [0x00000000e6ab0000, 0x00000000e6ab0000, 0x00000000e8000000)
 concurrent mark-sweep generation total 393216K, used 18404K [0x00000000e8000000, 0x0000000100000000, 0x0000000100000000)
 Metaspace       used 29359K, capacity 29804K, committed 30024K, reserved 1075200K
  class space    used 3435K, capacity 3596K, committed 3656K, reserved 1048576K
}
2023-04-26T12:40:16.828+0530: 2.237: Total time for which application threads were stopped: 0.0143764 seconds, Stopping threads took: 0.0000519 seconds
2023-04-26T12:40:16.862+0530: 2.270: Total time for which application threads were stopped: 0.0004292 seconds, Stopping threads took: 0.0000403 seconds
2023-04-26T12:40:17.862+0530: 3.271: Total time for which application threads were stopped: 0.0002858 seconds, Stopping threads took: 0.0000467 seconds
2023-04-26T12:40:18.631+0530: 4.040: Total time for which application threads were stopped: 0.0010735 seconds, Stopping threads took: 0.0000501 seconds
2023-04-26T12:40:21.721+0530: 7.130: Total time for which application threads were stopped: 0.0002696 seconds, Stopping threads took: 0.0000429 seconds
2023-04-26T12:40:21.731+0530: 7.140: Total time for which application threads were stopped: 0.0001866 seconds, Stopping threads took: 0.0000452 seconds
2023-04-26T12:40:21.758+0530: 7.166: Total time for which application threads were stopped: 0.0004052 seconds, Stopping threads took: 0.0000138 seconds
2023-04-26T12:40:21.766+0530: 7.174: Total time for which application threads were stopped: 0.0000682 seconds, Stopping threads took: 0.0000174 seconds
2023-04-26T12:40:21.792+0530: 7.200: Total time for which application threads were stopped: 0.0000704 seconds, Stopping threads took: 0.0000158 seconds
{Heap before GC invocations=18 (full 1):
 par new generation   total 109248K, used 106873K [0x00000000e0000000, 0x00000000e8000000, 0x00000000e8000000)
  eden space 87424K, 100% used [0x00000000e0000000, 0x00000000e5560000, 0x00000000e5560000)
  from space 21824K,  89% used [0x00000000e5560000, 0x00000000e685e760, 0x00000000e6ab0000)
  to   space 21824K,   0% used [0x00000000e6ab0000, 0x00000000e6ab0000, 0x00000000e8000000)
 concurrent mark-sweep generation total 393216K, used 18404K [0x00000000e8000000, 0x0000000100000000, 0x0000000100000000)
 Metaspace       used 31560K, capacity 32012K, committed 32328K, reserved 1077248K
  class space    used 3723K, capacity 3884K, committed 3912K, reserved 1048576K
2023-04-26T12:40:21.792+0530: 7.200: [GC (GCLocker Initiated GC) 2023-04-26T12:40:21.792+0530: 7.200: [ParNew
Desired survivor size 20112992 bytes, new threshold 8 (max 8)
- age   1:    4914504 bytes,    4914504 total
- age   2:     177832 bytes,    5092336 total
- age   3:    8178744 bytes,   13271080 total
- age   4:     625536 bytes,   13896616 total
- age   5:     121664 bytes,   14018280 total
- age   6:      86304 bytes,   14104584 total
- age   7:      91408 bytes,   14195992 total
- age   8:     161552 bytes,   14357544 total
: 106873K->16699K(109248K), 0.0077032 secs] 125277K->35507K(502464K), 0.0077683 secs] [Times: user=0.02 sys=0.00, real=0.01 secs] 
Heap after GC invocations=19 (full 1):
 par new generation   total 109248K, used 16699K [0x00000000e0000000, 0x00000000e8000000, 0x00000000e8000000)
  eden space 87424K,   0% used [0x00000000e0000000, 0x00000000e0000000, 0x00000000e5560000)
  from space 21824K,  76% used [0x00000000e6ab0000, 0x00000000e7afedd0, 0x00000000e8000000)
  to   space 21824K,   0% used [0x00000000e5560000, 0x00000000e5560000, 0x00000000e6ab0000)
 concurrent mark-sweep generation total 393216K, used 18807K [0x00000000e8000000, 0x0000000100000000, 0x0000000100000000)
 Metaspace       used 31560K, capacity 32012K, committed 32328K, reserved 1077248K
  class space    used 3723K, capacity 3884K, committed 3912K, reserved 1048576K
}
2023-04-26T12:40:21.800+0530: 7.208: Total time for which application threads were stopped: 0.0078762 seconds, Stopping threads took: 0.0000075 seconds
2023-04-26T12:40:21.847+0530: 7.255: Total time for which application threads were stopped: 0.0000836 seconds, Stopping threads took: 0.0000174 seconds
2023-04-26T12:40:21.866+0530: 7.274: Total time for which application threads were stopped: 0.0004760 seconds, Stopping threads took: 0.0000163 seconds
2023-04-26T12:40:21.941+0530: 7.350: Total time for which application threads were stopped: 0.0003688 seconds, Stopping threads took: 0.0000135 seconds
2023-04-26T12:40:21.942+0530: 7.351: Total time for which application threads were stopped: 0.0003197 seconds, Stopping threads took: 0.0000071 seconds
2023-04-26T12:40:21.952+0530: 7.361: Total time for which application threads were stopped: 0.0004413 seconds, Stopping threads took: 0.0000238 seconds
2023-04-26T12:40:22.077+0530: 7.485: Total time for which application threads were stopped: 0.0001520 seconds, Stopping threads took: 0.0000303 seconds
2023-04-26T12:40:22.101+0530: 7.510: Total time for which application threads were stopped: 0.0001359 seconds, Stopping threads took: 0.0000177 seconds
2023-04-26T12:40:22.104+0530: 7.513: Total time for which application threads were stopped: 0.0000497 seconds, Stopping threads took: 0.0000127 seconds
2023-04-26T12:40:22.104+0530: 7.513: Total time for which application threads were stopped: 0.0000324 seconds, Stopping threads took: 0.0000070 seconds
2023-04-26T12:40:22.124+0530: 7.532: Total time for which application threads were stopped: 0.0000736 seconds, Stopping threads took: 0.0000177 seconds
2023-04-26T12:40:22.149+0530: 7.557: Total time for which application threads were stopped: 0.0007097 seconds, Stopping threads took: 0.0000285 seconds
2023-04-26T12:40:22.151+0530: 7.559: Total time for which application threads were stopped: 0.0003535 seconds, Stopping threads took: 0.0000094 seconds
2023-04-26T12:40:22.152+0530: 7.561: Total time for which application threads were stopped: 0.0000522 seconds, Stopping threads took: 0.0000067 seconds
2023-04-26T12:40:22.242+0530: 7.650: Total time for which application threads were stopped: 0.0001656 seconds, Stopping threads took: 0.0000201 seconds
2023-04-26T12:40:22.249+0530: 7.657: Total time for which application threads were stopped: 0.0001023 seconds, Stopping threads took: 0.0000264 seconds
2023-04-26T12:40:22.249+0530: 7.658: Total time for which application threads were stopped: 0.0000758 seconds, Stopping threads took: 0.0000295 seconds
2023-04-26T12:40:22.249+0530: 7.658: Total time for which application threads were stopped: 0.0000460 seconds, Stopping threads took: 0.0000123 seconds
2023-04-26T12:40:22.581+0530: 7.989: Total time for which application threads were stopped: 0.0001823 seconds, Stopping threads took: 0.0000431 seconds
2023-04-26T12:40:22.582+0530: 7.991: Total time for which application threads were stopped: 0.0001709 seconds, Stopping threads took: 0.0000349 seconds
2023-04-26T12:40:22.589+0530: 7.997: Total time for which application threads were stopped: 0.0002712 seconds, Stopping threads took: 0.0000718 seconds
2023-04-26T12:40:22.591+0530: 7.999: Total time for which application threads were stopped: 0.0002763 seconds, Stopping threads took: 0.0001507 seconds
2023-04-26T12:40:22.592+0530: 8.000: Total time for which application threads were stopped: 0.0002876 seconds, Stopping threads took: 0.0001244 seconds
2023-04-26T12:40:22.592+0530: 8.001: Total time for which application threads were stopped: 0.0002861 seconds, Stopping threads took: 0.0001313 seconds
2023-04-26T12:40:22.593+0530: 8.001: Total time for which application threads were stopped: 0.0002106 seconds, Stopping threads took: 0.0000641 seconds
2023-04-26T12:40:22.593+0530: 8.001: Total time for which application threads were stopped: 0.0002069 seconds, Stopping threads took: 0.0000814 seconds
2023-04-26T12:40:22.594+0530: 8.003: Total time for which application threads were stopped: 0.0003477 seconds, Stopping threads took: 0.0002010 seconds
2023-04-26T12:40:22.595+0530: 8.003: Total time for which application threads were stopped: 0.0003467 seconds, Stopping threads took: 0.0002056 seconds
2023-04-26T12:40:22.595+0530: 8.004: Total time for which application threads were stopped: 0.0002543 seconds, Stopping threads took: 0.0001428 seconds
2023-04-26T12:40:22.596+0530: 8.004: Total time for which application threads were stopped: 0.0001801 seconds, Stopping threads took: 0.0000748 seconds
2023-04-26T12:40:22.596+0530: 8.005: Total time for which application threads were stopped: 0.0002313 seconds, Stopping threads took: 0.0000610 seconds
2023-04-26T12:40:22.597+0530: 8.005: Total time for which application threads were stopped: 0.0003291 seconds, Stopping threads took: 0.0001683 seconds
2023-04-26T12:40:22.598+0530: 8.006: Total time for which application threads were stopped: 0.0003739 seconds, Stopping threads took: 0.0001609 seconds
2023-04-26T12:40:22.602+0530: 8.010: Total time for which application threads were stopped: 0.0002528 seconds, Stopping threads took: 0.0000662 seconds
2023-04-26T12:40:22.603+0530: 8.011: Total time for which application threads were stopped: 0.0005663 seconds, Stopping threads took: 0.0001318 seconds
2023-04-26T12:40:22.604+0530: 8.013: Total time for which application threads were stopped: 0.0002367 seconds, Stopping threads took: 0.0001155 seconds
2023-04-26T12:40:22.604+0530: 8.013: Total time for which application threads were stopped: 0.0001749 seconds, Stopping threads took: 0.0000731 seconds
2023-04-26T12:40:22.606+0530: 8.014: Total time for which application threads were stopped: 0.0002216 seconds, Stopping threads took: 0.0000920 seconds
2023-04-26T12:40:22.606+0530: 8.014: Total time for which application threads were stopped: 0.0001761 seconds, Stopping threads took: 0.0000711 seconds
2023-04-26T12:40:22.606+0530: 8.015: Total time for which application threads were stopped: 0.0001257 seconds, Stopping threads took: 0.0000325 seconds
2023-04-26T12:40:22.607+0530: 8.015: Total time for which application threads were stopped: 0.0001042 seconds, Stopping threads took: 0.0000265 seconds
2023-04-26T12:40:22.609+0530: 8.018: Total time for which application threads were stopped: 0.0001311 seconds, Stopping threads took: 0.0000560 seconds
2023-04-26T12:40:22.610+0530: 8.018: Total time for which application threads were stopped: 0.0000888 seconds, Stopping threads took: 0.0000200 seconds
2023-04-26T12:40:22.612+0530: 8.020: Total time for which application threads were stopped: 0.0001179 seconds, Stopping threads took: 0.0000251 seconds
2023-04-26T12:40:22.612+0530: 8.021: Total time for which application threads were stopped: 0.0000859 seconds, Stopping threads took: 0.0000165 seconds
2023-04-26T12:40:22.613+0530: 8.021: Total time for which application threads were stopped: 0.0000868 seconds, Stopping threads took: 0.0000156 seconds
2023-04-26T12:40:22.616+0530: 8.024: Total time for which application threads were stopped: 0.0000925 seconds, Stopping threads took: 0.0000264 seconds
2023-04-26T12:40:22.616+0530: 8.025: Total time for which application threads were stopped: 0.0000787 seconds, Stopping threads took: 0.0000216 seconds
2023-04-26T12:40:22.617+0530: 8.025: Total time for which application threads were stopped: 0.0001005 seconds, Stopping threads took: 0.0000571 seconds
2023-04-26T12:40:22.617+0530: 8.025: Total time for which application threads were stopped: 0.0000922 seconds, Stopping threads took: 0.0000230 seconds
2023-04-26T12:40:22.617+0530: 8.026: Total time for which application threads were stopped: 0.0000754 seconds, Stopping threads took: 0.0000212 seconds
2023-04-26T12:40:22.617+0530: 8.026: Total time for which application threads were stopped: 0.0000764 seconds, Stopping threads took: 0.0000286 seconds
2023-04-26T12:40:22.619+0530: 8.027: Total time for which application threads were stopped: 0.0001063 seconds, Stopping threads took: 0.0000493 seconds
2023-04-26T12:40:22.637+0530: 8.045: Total time for which application threads were stopped: 0.0001500 seconds, Stopping threads took: 0.0000358 seconds
2023-04-26T12:40:22.637+0530: 8.045: Total time for which application threads were stopped: 0.0000545 seconds, Stopping threads took: 0.0000156 seconds
2023-04-26T12:40:22.638+0530: 8.046: Total time for which application threads were stopped: 0.0000612 seconds, Stopping threads took: 0.0000167 seconds
2023-04-26T12:40:22.675+0530: 8.083: Total time for which application threads were stopped: 0.0001747 seconds, Stopping threads took: 0.0001027 seconds
2023-04-26T12:40:22.710+0530: 8.119: Total time for which application threads were stopped: 0.0000675 seconds, Stopping threads took: 0.0000177 seconds
2023-04-26T12:40:22.711+0530: 8.119: Total time for which application threads were stopped: 0.0000385 seconds, Stopping threads took: 0.0000128 seconds
2023-04-26T12:40:22.711+0530: 8.119: Total time for which application threads were stopped: 0.0000432 seconds, Stopping threads took: 0.0000213 seconds
2023-04-26T12:40:22.711+0530: 8.119: Total time for which application threads were stopped: 0.0000311 seconds, Stopping threads took: 0.0000120 seconds
2023-04-26T12:40:23.711+0530: 9.119: Total time for which application threads were stopped: 0.0001943 seconds, Stopping threads took: 0.0000496 seconds
2023-04-26T12:40:23.800+0530: 9.208: [GC (CMS Initial Mark) [1 CMS-initial-mark: 18807K(393216K)] 80544K(502464K), 0.0233809 secs] [Times: user=0.09 sys=0.00, real=0.02 secs] 
2023-04-26T12:40:23.823+0530: 9.231: Total time for which application threads were stopped: 0.0236657 seconds, Stopping threads took: 0.0000513 seconds
2023-04-26T12:40:23.823+0530: 9.232: [CMS-concurrent-mark-start]
2023-04-26T12:40:23.836+0530: 9.244: [CMS-concurrent-mark: 0.013/0.013 secs] [Times: user=0.05 sys=0.00, real=0.02 secs] 
2023-04-26T12:40:23.836+0530: 9.244: [CMS-concurrent-preclean-start]
2023-04-26T12:40:23.838+0530: 9.246: [CMS-concurrent-preclean: 0.002/0.002 secs] [Times: user=0.00 sys=0.00, real=0.00 secs] 
2023-04-26T12:40:23.838+0530: 9.246: [CMS-concurrent-abortable-preclean-start]
 CMS: abort preclean due to time 2023-04-26T12:40:29.958+0530: 15.367: [CMS-concurrent-abortable-preclean: 3.016/6.121 secs] [Times: user=3.02 sys=0.00, real=6.12 secs] 
2023-04-26T12:40:29.958+0530: 15.367: [GC (CMS Final Remark) [YG occupancy: 61737 K (109248 K)]{Heap before GC invocations=19 (full 2):
 par new generation   total 109248K, used 61737K [0x00000000e0000000, 0x00000000e8000000, 0x00000000e8000000)
  eden space 87424K,  51% used [0x00000000e0000000, 0x00000000e2bfb670, 0x00000000e5560000)
  from space 21824K,  76% used [0x00000000e6ab0000, 0x00000000e7afedd0, 0x00000000e8000000)
  to   space 21824K,   0% used [0x00000000e5560000, 0x00000000e5560000, 0x00000000e6ab0000)
 concurrent mark-sweep generation total 393216K, used 18807K [0x00000000e8000000, 0x0000000100000000, 0x0000000100000000)
 Metaspace       used 38950K, capacity 39508K, committed 39796K, reserved 1085440K
  class space    used 4614K, capacity 4804K, committed 4808K, reserved 1048576K
2023-04-26T12:40:29.958+0530: 15.367: [GC (CMS Final Remark) 2023-04-26T12:40:29.959+0530: 15.367: [ParNew
Desired survivor size 20112992 bytes, new threshold 4 (max 8)
- age   1:   10262832 bytes,   10262832 total
- age   2:    3259312 bytes,   13522144 total
- age   3:     177832 bytes,   13699976 total
- age   4:    8148448 bytes,   21848424 total
- age   5:     625536 bytes,   22473960 total
- age   6:     121664 bytes,   22595624 total
- age   7:      86304 bytes,   22681928 total
- age   8:      91392 bytes,   22773320 total
: 61737K->21824K(109248K), 0.0077374 secs] 80544K->41094K(502464K), 0.0077850 secs] [Times: user=0.03 sys=0.00, real=0.01 secs] 
Heap after GC invocations=20 (full 2):
 par new generation   total 109248K, used 21824K [0x00000000e0000000, 0x00000000e8000000, 0x00000000e8000000)
  eden space 87424K,   0% used [0x00000000e0000000, 0x00000000e0000000, 0x00000000e5560000)
  from space 21824K, 100% used [0x00000000e5560000, 0x00000000e6ab0000, 0x00000000e6ab0000)
  to   space 21824K,   0% used [0x00000000e6ab0000, 0x00000000e6ab0000, 0x00000000e8000000)
 concurrent mark-sweep generation total 393216K, used 19270K [0x00000000e8000000, 0x0000000100000000, 0x0000000100000000)
 Metaspace       used 38950K, capacity 39508K, committed 39796K, reserved 1085440K
  class space    used 4614K, capacity 4804K, committed 4808K, reserved 1048576K
}
2023-04-26T12:40:29.966+0530: 15.375: [Rescan (parallel) , 0.0023270 secs]2023-04-26T12:40:29.969+0530: 15.377: [weak refs processing, 0.0006322 secs]2023-04-26T12:40:29.969+0530: 15.378: [class unloading, 0.0046455 secs]2023-04-26T12:40:29.974+0530: 15.382: [scrub symbol table, 0.0030896 secs]2023-04-26T12:40:29.977+0530: 15.385: [scrub string table, 0.0004964 secs][1 CMS-remark: 19270K(393216K)] 41094K(502464K), 0.0194094 secs] [Times: user=0.05 sys=0.00, real=0.02 secs] 
2023-04-26T12:40:29.978+0530: 15.386: Total time for which application threads were stopped: 0.0194931 seconds, Stopping threads took: 0.0000165 seconds
2023-04-26T12:40:29.978+0530: 15.386: [CMS-concurrent-sweep-start]
2023-04-26T12:40:29.978+0530: 15.387: Total time for which application threads were stopped: 0.0000374 seconds, Stopping threads took: 0.0000099 seconds
2023-04-26T12:40:29.978+0530: 15.387: Total time for which application threads were stopped: 0.0000265 seconds, Stopping threads took: 0.0000061 seconds
2023-04-26T12:40:29.978+0530: 15.387: Total time for which application threads were stopped: 0.0000242 seconds, Stopping threads took: 0.0000060 seconds
2023-04-26T12:40:29.979+0530: 15.387: Total time for which application threads were stopped: 0.0000259 seconds, Stopping threads took: 0.0000059 seconds
2023-04-26T12:40:29.984+0530: 15.393: [CMS-concurrent-sweep: 0.006/0.006 secs] [Times: user=0.01 sys=0.00, real=0.00 secs] 
2023-04-26T12:40:29.984+0530: 15.393: [CMS-concurrent-reset-start]
2023-04-26T12:40:29.984+0530: 15.393: [CMS-concurrent-reset: 0.000/0.000 secs] [Times: user=0.00 sys=0.00, real=0.00 secs] 
2023-04-26T12:40:31.308+0530: 16.717: Total time for which application threads were stopped: 0.0006250 seconds, Stopping threads took: 0.0003792 seconds
2023-04-26T12:40:31.309+0530: 16.717: Total time for which application threads were stopped: 0.0002010 seconds, Stopping threads took: 0.0000522 seconds
2023-04-26T12:40:31.309+0530: 16.718: Total time for which application threads were stopped: 0.0001531 seconds, Stopping threads took: 0.0000396 seconds
2023-04-26T12:40:31.310+0530: 16.718: Total time for which application threads were stopped: 0.0001839 seconds, Stopping threads took: 0.0000857 seconds
2023-04-26T12:40:31.312+0530: 16.721: Total time for which application threads were stopped: 0.0001645 seconds, Stopping threads took: 0.0000328 seconds
2023-04-26T12:40:31.401+0530: 16.810: Total time for which application threads were stopped: 0.0000856 seconds, Stopping threads took: 0.0000202 seconds
2023-04-26T12:40:31.401+0530: 16.810: Total time for which application threads were stopped: 0.0000437 seconds, Stopping threads took: 0.0000157 seconds
2023-04-26T12:40:31.404+0530: 16.813: Total time for which application threads were stopped: 0.0000706 seconds, Stopping threads took: 0.0000154 seconds
2023-04-26T12:40:31.404+0530: 16.813: Total time for which application threads were stopped: 0.0000267 seconds, Stopping threads took: 0.0000050 seconds
2023-04-26T12:40:31.405+0530: 16.814: Total time for which application threads were stopped: 0.0000493 seconds, Stopping threads took: 0.0000203 seconds
2023-04-26T12:40:31.413+0530: 16.822: Total time for which application threads were stopped: 0.0000885 seconds, Stopping threads took: 0.0000153 seconds
2023-04-26T12:40:31.414+0530: 16.822: Total time for which application threads were stopped: 0.0000301 seconds, Stopping threads took: 0.0000058 seconds
2023-04-26T12:40:31.414+0530: 16.822: Total time for which application threads were stopped: 0.0000214 seconds, Stopping threads took: 0.0000041 seconds
2023-04-26T12:40:31.414+0530: 16.822: Total time for which application threads were stopped: 0.0000215 seconds, Stopping threads took: 0.0000045 seconds
2023-04-26T12:40:31.414+0530: 16.822: Total time for which application threads were stopped: 0.0000207 seconds, Stopping threads took: 0.0000041 seconds
2023-04-26T12:40:31.414+0530: 16.822: Total time for which application threads were stopped: 0.0000206 seconds, Stopping threads took: 0.0000040 seconds
2023-04-26T12:40:31.414+0530: 16.822: Total time for which application threads were stopped: 0.0000869 seconds, Stopping threads took: 0.0000041 seconds
2023-04-26T12:40:31.423+0530: 16.832: Total time for which application threads were stopped: 0.0003885 seconds, Stopping threads took: 0.0000133 seconds
2023-04-26T12:40:31.424+0530: 16.832: Total time for which application threads were stopped: 0.0002757 seconds, Stopping threads took: 0.0000057 seconds
2023-04-26T12:40:31.424+0530: 16.833: Total time for which application threads were stopped: 0.0000531 seconds, Stopping threads took: 0.0000102 seconds
2023-04-26T12:40:31.424+0530: 16.833: Total time for which application threads were stopped: 0.0000314 seconds, Stopping threads took: 0.0000063 seconds
2023-04-26T12:40:31.424+0530: 16.833: Total time for which application threads were stopped: 0.0000273 seconds, Stopping threads took: 0.0000055 seconds
2023-04-26T12:40:31.424+0530: 16.833: Total time for which application threads were stopped: 0.0000273 seconds, Stopping threads took: 0.0000055 seconds
2023-04-26T12:40:31.425+0530: 16.833: Total time for which application threads were stopped: 0.0000380 seconds, Stopping threads took: 0.0000088 seconds
2023-04-26T12:40:31.425+0530: 16.834: Total time for which application threads were stopped: 0.0000585 seconds, Stopping threads took: 0.0000266 seconds
2023-04-26T12:40:31.426+0530: 16.834: Total time for which application threads were stopped: 0.0000492 seconds, Stopping threads took: 0.0000174 seconds
2023-04-26T12:40:31.426+0530: 16.834: Total time for which application threads were stopped: 0.0000530 seconds, Stopping threads took: 0.0000227 seconds
2023-04-26T12:40:31.426+0530: 16.834: Total time for which application threads were stopped: 0.0000556 seconds, Stopping threads took: 0.0000254 seconds
2023-04-26T12:40:31.426+0530: 16.834: Total time for which application threads were stopped: 0.0000462 seconds, Stopping threads took: 0.0000198 seconds
2023-04-26T12:40:31.426+0530: 16.834: Total time for which application threads were stopped: 0.0000398 seconds, Stopping threads took: 0.0000166 seconds
2023-04-26T12:40:31.443+0530: 16.852: Total time for which application threads were stopped: 0.0003857 seconds, Stopping threads took: 0.0000203 seconds
2023-04-26T12:40:32.444+0530: 17.852: Total time for which application threads were stopped: 0.0003174 seconds, Stopping threads took: 0.0000538 seconds
2023-04-26T12:41:15.453+0530: 60.861: Total time for which application threads were stopped: 0.0001869 seconds, Stopping threads took: 0.0000480 seconds
2023-04-26T12:41:31.425+0530: 76.834: Total time for which application threads were stopped: 0.0002421 seconds, Stopping threads took: 0.0000956 seconds
2023-04-26T12:41:31.426+0530: 76.835: Total time for which application threads were stopped: 0.0001441 seconds, Stopping threads took: 0.0000328 seconds
2023-04-26T12:41:57.432+0530: 102.841: Total time for which application threads were stopped: 0.0002217 seconds, Stopping threads took: 0.0000869 seconds
2023-04-26T12:42:11.311+0530: 116.719: Total time for which application threads were stopped: 0.0002289 seconds, Stopping threads took: 0.0000806 seconds
2023-04-26T12:42:11.471+0530: 116.879: Total time for which application threads were stopped: 0.0001842 seconds, Stopping threads took: 0.0000442 seconds
2023-04-26T12:42:22.411+0530: 127.820: Total time for which application threads were stopped: 0.0003225 seconds, Stopping threads took: 0.0000961 seconds
2023-04-26T12:42:22.412+0530: 127.820: Total time for which application threads were stopped: 0.0001977 seconds, Stopping threads took: 0.0000408 seconds
2023-04-26T12:42:22.412+0530: 127.821: Total time for which application threads were stopped: 0.0001805 seconds, Stopping threads took: 0.0000348 seconds
2023-04-26T12:42:22.415+0530: 127.823: Total time for which application threads were stopped: 0.0001987 seconds, Stopping threads took: 0.0000373 seconds
2023-04-26T12:42:23.415+0530: 128.824: Total time for which application threads were stopped: 0.0002394 seconds, Stopping threads took: 0.0000517 seconds
2023-04-26T12:42:35.587+0530: 140.996: Total time for which application threads were stopped: 0.0001720 seconds, Stopping threads took: 0.0000603 seconds
2023-04-26T12:42:35.588+0530: 140.996: Total time for which application threads were stopped: 0.0001225 seconds, Stopping threads took: 0.0000281 seconds
2023-04-26T12:42:35.588+0530: 140.996: Total time for which application threads were stopped: 0.0000827 seconds, Stopping threads took: 0.0000186 seconds
2023-04-26T12:42:35.671+0530: 141.079: Total time for which application threads were stopped: 0.0000628 seconds, Stopping threads took: 0.0000162 seconds
2023-04-26T12:42:35.671+0530: 141.079: Total time for which application threads were stopped: 0.0000474 seconds, Stopping threads took: 0.0000125 seconds
2023-04-26T12:42:35.672+0530: 141.080: Total time for which application threads were stopped: 0.0000531 seconds, Stopping threads took: 0.0000137 seconds
2023-04-26T12:42:35.681+0530: 141.089: Total time for which application threads were stopped: 0.0001136 seconds, Stopping threads took: 0.0000194 seconds
2023-04-26T12:42:35.681+0530: 141.089: Total time for which application threads were stopped: 0.0000551 seconds, Stopping threads took: 0.0000108 seconds
2023-04-26T12:42:35.682+0530: 141.090: Total time for which application threads were stopped: 0.0000707 seconds, Stopping threads took: 0.0000270 seconds
2023-04-26T12:42:35.682+0530: 141.090: Total time for which application threads were stopped: 0.0000528 seconds, Stopping threads took: 0.0000174 seconds
2023-04-26T12:42:35.682+0530: 141.091: Total time for which application threads were stopped: 0.0000727 seconds, Stopping threads took: 0.0000226 seconds
2023-04-26T12:42:35.683+0530: 141.091: Total time for which application threads were stopped: 0.0000333 seconds, Stopping threads took: 0.0000093 seconds
2023-04-26T12:42:35.683+0530: 141.091: Total time for which application threads were stopped: 0.0000283 seconds, Stopping threads took: 0.0000070 seconds
2023-04-26T12:42:35.683+0530: 141.091: Total time for which application threads were stopped: 0.0000236 seconds, Stopping threads took: 0.0000056 seconds
2023-04-26T12:42:35.683+0530: 141.091: Total time for which application threads were stopped: 0.0000247 seconds, Stopping threads took: 0.0000056 seconds
2023-04-26T12:42:35.683+0530: 141.091: Total time for which application threads were stopped: 0.0000226 seconds, Stopping threads took: 0.0000053 seconds
2023-04-26T12:42:35.684+0530: 141.092: Total time for which application threads were stopped: 0.0000480 seconds, Stopping threads took: 0.0000112 seconds
2023-04-26T12:42:35.684+0530: 141.092: Total time for which application threads were stopped: 0.0000311 seconds, Stopping threads took: 0.0000059 seconds
2023-04-26T12:42:35.684+0530: 141.093: Total time for which application threads were stopped: 0.0000724 seconds, Stopping threads took: 0.0000057 seconds
2023-04-26T12:42:35.684+0530: 141.093: Total time for which application threads were stopped: 0.0000298 seconds, Stopping threads took: 0.0000056 seconds
2023-04-26T12:42:35.685+0530: 141.094: Total time for which application threads were stopped: 0.0000607 seconds, Stopping threads took: 0.0000223 seconds
2023-04-26T12:42:35.685+0530: 141.094: Total time for which application threads were stopped: 0.0000473 seconds, Stopping threads took: 0.0000179 seconds
2023-04-26T12:42:35.685+0530: 141.094: Total time for which application threads were stopped: 0.0000459 seconds, Stopping threads took: 0.0000191 seconds
2023-04-26T12:42:35.685+0530: 141.094: Total time for which application threads were stopped: 0.0000395 seconds, Stopping threads took: 0.0000120 seconds
2023-04-26T12:42:35.685+0530: 141.094: Total time for which application threads were stopped: 0.0000375 seconds, Stopping threads took: 0.0000111 seconds
2023-04-26T12:42:36.686+0530: 142.094: Total time for which application threads were stopped: 0.0003139 seconds, Stopping threads took: 0.0001162 seconds
2023-04-26T12:42:38.571+0530: 143.980: Total time for which application threads were stopped: 0.0004090 seconds, Stopping threads took: 0.0002384 seconds
2023-04-26T12:42:38.574+0530: 143.983: Total time for which application threads were stopped: 0.0005066 seconds, Stopping threads took: 0.0002800 seconds
2023-04-26T12:42:38.575+0530: 143.984: Total time for which application threads were stopped: 0.0003105 seconds, Stopping threads took: 0.0001164 seconds
2023-04-26T12:43:35.686+0530: 201.094: Total time for which application threads were stopped: 0.0002661 seconds, Stopping threads took: 0.0000814 seconds
2023-04-26T12:44:15.696+0530: 241.105: Total time for which application threads were stopped: 0.0002331 seconds, Stopping threads took: 0.0000905 seconds
2023-04-26T12:45:51.261+0530: 336.670: Total time for which application threads were stopped: 0.0002251 seconds, Stopping threads took: 0.0000733 seconds
2023-04-26T12:45:51.262+0530: 336.670: Total time for which application threads were stopped: 0.0001214 seconds, Stopping threads took: 0.0000247 seconds
2023-04-26T12:45:51.264+0530: 336.673: Total time for which application threads were stopped: 0.0002916 seconds, Stopping threads took: 0.0000895 seconds
2023-04-26T12:45:51.286+0530: 336.694: Total time for which application threads were stopped: 0.0003530 seconds, Stopping threads took: 0.0001650 seconds
2023-04-26T12:45:51.287+0530: 336.696: Total time for which application threads were stopped: 0.0001987 seconds, Stopping threads took: 0.0000445 seconds
2023-04-26T12:45:51.295+0530: 336.703: Total time for which application threads were stopped: 0.0001691 seconds, Stopping threads took: 0.0000470 seconds
2023-04-26T12:45:52.295+0530: 337.704: Total time for which application threads were stopped: 0.0003299 seconds, Stopping threads took: 0.0000520 seconds
2023-04-26T12:46:21.302+0530: 366.710: Total time for which application threads were stopped: 0.0002610 seconds, Stopping threads took: 0.0001014 seconds
2023-04-26T12:46:34.305+0530: 379.713: Total time for which application threads were stopped: 0.0002676 seconds, Stopping threads took: 0.0000934 seconds
2023-04-26T12:46:46.794+0530: 392.203: Total time for which application threads were stopped: 0.0001105 seconds, Stopping threads took: 0.0000365 seconds
2023-04-26T12:46:46.795+0530: 392.203: Total time for which application threads were stopped: 0.0000685 seconds, Stopping threads took: 0.0000135 seconds
2023-04-26T12:46:46.870+0530: 392.278: Total time for which application threads were stopped: 0.0000680 seconds, Stopping threads took: 0.0000179 seconds
2023-04-26T12:46:46.870+0530: 392.279: Total time for which application threads were stopped: 0.0001036 seconds, Stopping threads took: 0.0000673 seconds
2023-04-26T12:46:46.871+0530: 392.279: Total time for which application threads were stopped: 0.0000341 seconds, Stopping threads took: 0.0000064 seconds
2023-04-26T12:46:46.871+0530: 392.279: Total time for which application threads were stopped: 0.0000277 seconds, Stopping threads took: 0.0000048 seconds
2023-04-26T12:46:46.871+0530: 392.280: Total time for which application threads were stopped: 0.0000368 seconds, Stopping threads took: 0.0000093 seconds
2023-04-26T12:46:46.871+0530: 392.280: Total time for which application threads were stopped: 0.0000920 seconds, Stopping threads took: 0.0000601 seconds
2023-04-26T12:46:46.873+0530: 392.281: Total time for which application threads were stopped: 0.0000907 seconds, Stopping threads took: 0.0000395 seconds
2023-04-26T12:46:46.873+0530: 392.281: Total time for which application threads were stopped: 0.0000541 seconds, Stopping threads took: 0.0000216 seconds
2023-04-26T12:46:46.873+0530: 392.281: Total time for which application threads were stopped: 0.0000501 seconds, Stopping threads took: 0.0000249 seconds
2023-04-26T12:46:46.873+0530: 392.281: Total time for which application threads were stopped: 0.0000583 seconds, Stopping threads took: 0.0000263 seconds
2023-04-26T12:46:46.874+0530: 392.283: Total time for which application threads were stopped: 0.0001254 seconds, Stopping threads took: 0.0000379 seconds
2023-04-26T12:46:46.875+0530: 392.283: Total time for which application threads were stopped: 0.0001561 seconds, Stopping threads took: 0.0000836 seconds
2023-04-26T12:46:46.875+0530: 392.283: Total time for which application threads were stopped: 0.0000718 seconds, Stopping threads took: 0.0000213 seconds
2023-04-26T12:46:46.875+0530: 392.283: Total time for which application threads were stopped: 0.0000690 seconds, Stopping threads took: 0.0000227 seconds
2023-04-26T12:46:46.875+0530: 392.283: Total time for which application threads were stopped: 0.0000755 seconds, Stopping threads took: 0.0000214 seconds
2023-04-26T12:46:46.876+0530: 392.284: Total time for which application threads were stopped: 0.0000911 seconds, Stopping threads took: 0.0000323 seconds
2023-04-26T12:46:47.876+0530: 393.285: Total time for which application threads were stopped: 0.0003345 seconds, Stopping threads took: 0.0000995 seconds
2023-04-26T12:46:48.182+0530: 393.590: Total time for which application threads were stopped: 0.0003196 seconds, Stopping threads took: 0.0000749 seconds
2023-04-26T12:47:12.185+0530: 417.594: Total time for which application threads were stopped: 0.0002977 seconds, Stopping threads took: 0.0000992 seconds
2023-04-26T12:47:46.875+0530: 452.283: Total time for which application threads were stopped: 0.0002658 seconds, Stopping threads took: 0.0000845 seconds
2023-04-26T12:47:46.876+0530: 452.285: Total time for which application threads were stopped: 0.0001612 seconds, Stopping threads took: 0.0000322 seconds
2023-04-26T12:48:26.796+0530: 492.204: Total time for which application threads were stopped: 0.0002347 seconds, Stopping threads took: 0.0000796 seconds
2023-04-26T12:48:52.051+0530: 517.459: Total time for which application threads were stopped: 0.0002637 seconds, Stopping threads took: 0.0000894 seconds
2023-04-26T12:50:52.076+0530: 637.484: Total time for which application threads were stopped: 0.0003094 seconds, Stopping threads took: 0.0001183 seconds
2023-04-26T12:54:13.125+0530: 838.534: Total time for which application threads were stopped: 0.0002691 seconds, Stopping threads took: 0.0000839 seconds
2023-04-26T12:54:13.126+0530: 838.534: Total time for which application threads were stopped: 0.0001724 seconds, Stopping threads took: 0.0000366 seconds
2023-04-26T12:54:13.126+0530: 838.535: Total time for which application threads were stopped: 0.0001469 seconds, Stopping threads took: 0.0000307 seconds
2023-04-26T12:54:13.129+0530: 838.537: Total time for which application threads were stopped: 0.0002056 seconds, Stopping threads took: 0.0000543 seconds
2023-04-26T12:54:13.146+0530: 838.555: Total time for which application threads were stopped: 0.0001657 seconds, Stopping threads took: 0.0000525 seconds
2023-04-26T12:54:13.147+0530: 838.556: Total time for which application threads were stopped: 0.0002472 seconds, Stopping threads took: 0.0001331 seconds
2023-04-26T12:54:13.151+0530: 838.560: Total time for which application threads were stopped: 0.0002057 seconds, Stopping threads took: 0.0000981 seconds
2023-04-26T12:54:21.153+0530: 846.562: Total time for which application threads were stopped: 0.0003076 seconds, Stopping threads took: 0.0000962 seconds
2023-04-26T12:54:28.155+0530: 853.563: Total time for which application threads were stopped: 0.0002560 seconds, Stopping threads took: 0.0000888 seconds
2023-04-26T12:54:30.155+0530: 855.564: Total time for which application threads were stopped: 0.0002219 seconds, Stopping threads took: 0.0000516 seconds
2023-04-26T12:54:35.156+0530: 860.565: Total time for which application threads were stopped: 0.0002302 seconds, Stopping threads took: 0.0000865 seconds
2023-04-26T12:54:39.158+0530: 864.566: Total time for which application threads were stopped: 0.0003089 seconds, Stopping threads took: 0.0000930 seconds
2023-04-26T12:56:18.186+0530: 963.594: Total time for which application threads were stopped: 0.0004778 seconds, Stopping threads took: 0.0001003 seconds
2023-04-26T12:58:26.026+0530: 1091.434: Total time for which application threads were stopped: 0.0002619 seconds, Stopping threads took: 0.0000893 seconds
2023-04-26T12:58:26.026+0530: 1091.435: Total time for which application threads were stopped: 0.0001617 seconds, Stopping threads took: 0.0000327 seconds
2023-04-26T12:58:26.029+0530: 1091.437: Total time for which application threads were stopped: 0.0002734 seconds, Stopping threads took: 0.0000643 seconds
2023-04-26T12:58:27.029+0530: 1092.437: Total time for which application threads were stopped: 0.0002496 seconds, Stopping threads took: 0.0000594 seconds
2023-04-26T12:58:33.461+0530: 1098.870: Total time for which application threads were stopped: 0.0002989 seconds, Stopping threads took: 0.0000818 seconds
2023-04-26T12:58:33.462+0530: 1098.871: Total time for which application threads were stopped: 0.0001765 seconds, Stopping threads took: 0.0000346 seconds
2023-04-26T12:58:33.472+0530: 1098.880: Total time for which application threads were stopped: 0.0001857 seconds, Stopping threads took: 0.0000381 seconds
2023-04-26T12:58:37.473+0530: 1102.881: Total time for which application threads were stopped: 0.0002580 seconds, Stopping threads took: 0.0000957 seconds
2023-04-26T12:58:43.474+0530: 1108.883: Total time for which application threads were stopped: 0.0002558 seconds, Stopping threads took: 0.0000941 seconds
2023-04-26T12:58:54.477+0530: 1119.885: Total time for which application threads were stopped: 0.0002604 seconds, Stopping threads took: 0.0000969 seconds
2023-04-26T12:58:56.477+0530: 1121.886: Total time for which application threads were stopped: 0.0000867 seconds, Stopping threads took: 0.0000216 seconds
2023-04-26T12:59:07.479+0530: 1132.887: Total time for which application threads were stopped: 0.0001845 seconds, Stopping threads took: 0.0000463 seconds
2023-04-26T12:59:20.481+0530: 1145.890: Total time for which application threads were stopped: 0.0002238 seconds, Stopping threads took: 0.0000534 seconds
2023-04-26T12:59:34.484+0530: 1159.893: Total time for which application threads were stopped: 0.0002571 seconds, Stopping threads took: 0.0000955 seconds
2023-04-26T12:59:39.485+0530: 1164.894: Total time for which application threads were stopped: 0.0002606 seconds, Stopping threads took: 0.0000982 seconds
2023-04-26T12:59:56.488+0530: 1181.896: Total time for which application threads were stopped: 0.0002308 seconds, Stopping threads took: 0.0000867 seconds
2023-04-26T13:00:15.492+0530: 1200.901: Total time for which application threads were stopped: 0.0002439 seconds, Stopping threads took: 0.0000910 seconds
2023-04-26T13:02:09.836+0530: 1315.245: Total time for which application threads were stopped: 0.0003346 seconds, Stopping threads took: 0.0001073 seconds
2023-04-26T13:02:09.837+0530: 1315.245: Total time for which application threads were stopped: 0.0001482 seconds, Stopping threads took: 0.0000297 seconds
2023-04-26T13:02:09.837+0530: 1315.246: Total time for which application threads were stopped: 0.0001449 seconds, Stopping threads took: 0.0000294 seconds
2023-04-26T13:02:09.839+0530: 1315.248: Total time for which application threads were stopped: 0.0001576 seconds, Stopping threads took: 0.0000319 seconds
2023-04-26T13:02:10.840+0530: 1316.248: Total time for which application threads were stopped: 0.0002185 seconds, Stopping threads took: 0.0000548 seconds
2023-04-26T13:02:24.057+0530: 1329.465: Total time for which application threads were stopped: 0.0001187 seconds, Stopping threads took: 0.0000356 seconds
2023-04-26T13:02:24.057+0530: 1329.466: Total time for which application threads were stopped: 0.0000567 seconds, Stopping threads took: 0.0000115 seconds
2023-04-26T13:02:24.071+0530: 1329.480: Total time for which application threads were stopped: 0.0000886 seconds, Stopping threads took: 0.0000201 seconds
2023-04-26T13:02:25.072+0530: 1330.480: Total time for which application threads were stopped: 0.0001953 seconds, Stopping threads took: 0.0000416 seconds
2023-04-26T13:02:30.893+0530: 1336.302: Total time for which application threads were stopped: 0.0004902 seconds, Stopping threads took: 0.0002649 seconds
2023-04-26T13:02:30.894+0530: 1336.302: Total time for which application threads were stopped: 0.0001902 seconds, Stopping threads took: 0.0000487 seconds
2023-04-26T13:02:30.894+0530: 1336.303: Total time for which application threads were stopped: 0.0001673 seconds, Stopping threads took: 0.0000465 seconds
2023-04-26T13:02:31.895+0530: 1337.303: Total time for which application threads were stopped: 0.0002190 seconds, Stopping threads took: 0.0000532 seconds
2023-04-26T13:03:20.908+0530: 1386.316: Total time for which application threads were stopped: 0.0002610 seconds, Stopping threads took: 0.0000940 seconds
2023-04-26T13:03:52.501+0530: 1417.910: Total time for which application threads were stopped: 0.0004161 seconds, Stopping threads took: 0.0002158 seconds
2023-04-26T13:03:52.502+0530: 1417.910: Total time for which application threads were stopped: 0.0002519 seconds, Stopping threads took: 0.0001372 seconds
2023-04-26T13:03:52.502+0530: 1417.910: Total time for which application threads were stopped: 0.0001830 seconds, Stopping threads took: 0.0000926 seconds
2023-04-26T13:03:52.504+0530: 1417.912: Total time for which application threads were stopped: 0.0002911 seconds, Stopping threads took: 0.0001203 seconds
2023-04-26T13:03:53.504+0530: 1418.913: Total time for which application threads were stopped: 0.0002720 seconds, Stopping threads took: 0.0000530 seconds
2023-04-26T13:04:07.899+0530: 1433.308: Total time for which application threads were stopped: 0.0002544 seconds, Stopping threads took: 0.0000780 seconds
2023-04-26T13:04:07.900+0530: 1433.309: Total time for which application threads were stopped: 0.0002199 seconds, Stopping threads took: 0.0000390 seconds
2023-04-26T13:04:07.904+0530: 1433.313: Total time for which application threads were stopped: 0.0004179 seconds, Stopping threads took: 0.0002305 seconds
2023-04-26T13:04:45.911+0530: 1471.319: Total time for which application threads were stopped: 0.0002710 seconds, Stopping threads took: 0.0001042 seconds
2023-04-26T13:05:22.918+0530: 1508.326: Total time for which application threads were stopped: 0.0000975 seconds, Stopping threads took: 0.0000248 seconds
2023-04-26T13:07:01.976+0530: 1607.384: Total time for which application threads were stopped: 0.0002646 seconds, Stopping threads took: 0.0000904 seconds
2023-04-26T13:07:55.987+0530: 1661.396: Total time for which application threads were stopped: 0.0002279 seconds, Stopping threads took: 0.0000858 seconds
2023-04-26T13:09:05.607+0530: 1731.015: Total time for which application threads were stopped: 0.0001358 seconds, Stopping threads took: 0.0000428 seconds
2023-04-26T13:09:05.607+0530: 1731.015: Total time for which application threads were stopped: 0.0000732 seconds, Stopping threads took: 0.0000143 seconds
2023-04-26T13:09:05.607+0530: 1731.016: Total time for which application threads were stopped: 0.0002018 seconds, Stopping threads took: 0.0001424 seconds
2023-04-26T13:09:05.608+0530: 1731.016: Total time for which application threads were stopped: 0.0000680 seconds, Stopping threads took: 0.0000135 seconds
2023-04-26T13:09:05.612+0530: 1731.021: Total time for which application threads were stopped: 0.0001016 seconds, Stopping threads took: 0.0000205 seconds
2023-04-26T13:09:05.620+0530: 1731.028: Total time for which application threads were stopped: 0.0000766 seconds, Stopping threads took: 0.0000165 seconds
2023-04-26T13:09:05.623+0530: 1731.031: Total time for which application threads were stopped: 0.0000752 seconds, Stopping threads took: 0.0000175 seconds
2023-04-26T13:09:05.624+0530: 1731.032: Total time for which application threads were stopped: 0.0001675 seconds, Stopping threads took: 0.0001124 seconds
2023-04-26T13:09:05.625+0530: 1731.033: Total time for which application threads were stopped: 0.0000708 seconds, Stopping threads took: 0.0000171 seconds
2023-04-26T13:09:05.625+0530: 1731.034: Total time for which application threads were stopped: 0.0001369 seconds, Stopping threads took: 0.0000305 seconds
2023-04-26T13:09:05.626+0530: 1731.034: Total time for which application threads were stopped: 0.0000610 seconds, Stopping threads took: 0.0000275 seconds
2023-04-26T13:09:05.626+0530: 1731.034: Total time for which application threads were stopped: 0.0000508 seconds, Stopping threads took: 0.0000222 seconds
2023-04-26T13:09:05.626+0530: 1731.035: Total time for which application threads were stopped: 0.0000520 seconds, Stopping threads took: 0.0000134 seconds
2023-04-26T13:09:05.628+0530: 1731.036: Total time for which application threads were stopped: 0.0001082 seconds, Stopping threads took: 0.0000403 seconds
2023-04-26T13:09:05.628+0530: 1731.036: Total time for which application threads were stopped: 0.0000709 seconds, Stopping threads took: 0.0000161 seconds
2023-04-26T13:09:05.628+0530: 1731.037: Total time for which application threads were stopped: 0.0000653 seconds, Stopping threads took: 0.0000141 seconds
2023-04-26T13:09:05.628+0530: 1731.037: Total time for which application threads were stopped: 0.0000645 seconds, Stopping threads took: 0.0000171 seconds
2023-04-26T13:09:05.628+0530: 1731.037: Total time for which application threads were stopped: 0.0000690 seconds, Stopping threads took: 0.0000196 seconds
2023-04-26T13:09:05.628+0530: 1731.037: Total time for which application threads were stopped: 0.0000606 seconds, Stopping threads took: 0.0000123 seconds
2023-04-26T13:09:05.629+0530: 1731.037: Total time for which application threads were stopped: 0.0001631 seconds, Stopping threads took: 0.0000105 seconds
2023-04-26T13:09:05.629+0530: 1731.037: Total time for which application threads were stopped: 0.0001205 seconds, Stopping threads took: 0.0000692 seconds
2023-04-26T13:09:05.629+0530: 1731.038: Total time for which application threads were stopped: 0.0000681 seconds, Stopping threads took: 0.0000194 seconds
2023-04-26T13:09:05.642+0530: 1731.050: Total time for which application threads were stopped: 0.0004428 seconds, Stopping threads took: 0.0000176 seconds
2023-04-26T13:09:05.650+0530: 1731.058: Total time for which application threads were stopped: 0.0001148 seconds, Stopping threads took: 0.0000361 seconds
2023-04-26T13:09:05.650+0530: 1731.058: Total time for which application threads were stopped: 0.0000844 seconds, Stopping threads took: 0.0000363 seconds
2023-04-26T13:09:05.650+0530: 1731.059: Total time for which application threads were stopped: 0.0000365 seconds, Stopping threads took: 0.0000098 seconds
2023-04-26T13:09:05.650+0530: 1731.059: Total time for which application threads were stopped: 0.0000406 seconds, Stopping threads took: 0.0000101 seconds
2023-04-26T13:09:05.651+0530: 1731.059: Total time for which application threads were stopped: 0.0000408 seconds, Stopping threads took: 0.0000103 seconds
2023-04-26T13:09:05.752+0530: 1731.160: Total time for which application threads were stopped: 0.0001150 seconds, Stopping threads took: 0.0000359 seconds
2023-04-26T13:09:05.752+0530: 1731.160: Total time for which application threads were stopped: 0.0000504 seconds, Stopping threads took: 0.0000214 seconds
2023-04-26T13:09:06.753+0530: 1732.161: Total time for which application threads were stopped: 0.0002774 seconds, Stopping threads took: 0.0000622 seconds
2023-04-26T13:09:07.408+0530: 1732.816: Total time for which application threads were stopped: 0.0001312 seconds, Stopping threads took: 0.0000279 seconds
2023-04-26T13:09:07.408+0530: 1732.816: Total time for which application threads were stopped: 0.0000872 seconds, Stopping threads took: 0.0000144 seconds
2023-04-26T13:09:07.409+0530: 1732.817: Total time for which application threads were stopped: 0.0001013 seconds, Stopping threads took: 0.0000184 seconds
2023-04-26T13:09:07.412+0530: 1732.820: Total time for which application threads were stopped: 0.0001401 seconds, Stopping threads took: 0.0000456 seconds
2023-04-26T13:09:07.413+0530: 1732.821: Total time for which application threads were stopped: 0.0001688 seconds, Stopping threads took: 0.0000781 seconds
2023-04-26T13:09:07.413+0530: 1732.822: Total time for which application threads were stopped: 0.0000917 seconds, Stopping threads took: 0.0000278 seconds
2023-04-26T13:09:07.414+0530: 1732.823: Total time for which application threads were stopped: 0.0000852 seconds, Stopping threads took: 0.0000207 seconds
2023-04-26T13:09:07.414+0530: 1732.823: Total time for which application threads were stopped: 0.0000650 seconds, Stopping threads took: 0.0000158 seconds
2023-04-26T13:09:07.415+0530: 1732.823: Total time for which application threads were stopped: 0.0000593 seconds, Stopping threads took: 0.0000148 seconds
2023-04-26T13:09:07.415+0530: 1732.823: Total time for which application threads were stopped: 0.0000788 seconds, Stopping threads took: 0.0000399 seconds
2023-04-26T13:09:07.417+0530: 1732.825: Total time for which application threads were stopped: 0.0001069 seconds, Stopping threads took: 0.0000253 seconds
2023-04-26T13:09:07.422+0530: 1732.831: Total time for which application threads were stopped: 0.0001132 seconds, Stopping threads took: 0.0000381 seconds
2023-04-26T13:09:07.423+0530: 1732.831: Total time for which application threads were stopped: 0.0000682 seconds, Stopping threads took: 0.0000288 seconds
2023-04-26T13:09:07.423+0530: 1732.831: Total time for which application threads were stopped: 0.0000537 seconds, Stopping threads took: 0.0000207 seconds
2023-04-26T13:09:07.423+0530: 1732.831: Total time for which application threads were stopped: 0.0000509 seconds, Stopping threads took: 0.0000246 seconds
2023-04-26T13:09:07.423+0530: 1732.832: Total time for which application threads were stopped: 0.0000635 seconds, Stopping threads took: 0.0000288 seconds
2023-04-26T13:09:07.424+0530: 1732.833: Total time for which application threads were stopped: 0.0000667 seconds, Stopping threads took: 0.0000169 seconds
2023-04-26T13:09:07.425+0530: 1732.834: Total time for which application threads were stopped: 0.0000996 seconds, Stopping threads took: 0.0000334 seconds
2023-04-26T13:09:07.428+0530: 1732.837: Total time for which application threads were stopped: 0.0001570 seconds, Stopping threads took: 0.0000249 seconds
2023-04-26T13:09:15.864+0530: 1741.273: Total time for which application threads were stopped: 0.0001874 seconds, Stopping threads took: 0.0000637 seconds
2023-04-26T13:09:15.871+0530: 1741.280: Total time for which application threads were stopped: 0.0003077 seconds, Stopping threads took: 0.0001808 seconds
2023-04-26T13:09:15.884+0530: 1741.293: Total time for which application threads were stopped: 0.0001420 seconds, Stopping threads took: 0.0000329 seconds
2023-04-26T13:09:16.885+0530: 1742.293: Total time for which application threads were stopped: 0.0002659 seconds, Stopping threads took: 0.0000646 seconds
2023-04-26T13:09:23.308+0530: 1748.716: Total time for which application threads were stopped: 0.0001990 seconds, Stopping threads took: 0.0000907 seconds
2023-04-26T13:09:23.313+0530: 1748.721: Total time for which application threads were stopped: 0.0001100 seconds, Stopping threads took: 0.0000229 seconds
2023-04-26T13:09:23.320+0530: 1748.728: Total time for which application threads were stopped: 0.0001675 seconds, Stopping threads took: 0.0000428 seconds
2023-04-26T13:09:24.320+0530: 1749.729: Total time for which application threads were stopped: 0.0004142 seconds, Stopping threads took: 0.0001143 seconds
2023-04-26T13:10:17.758+0530: 1803.167: Total time for which application threads were stopped: 0.0001431 seconds, Stopping threads took: 0.0000469 seconds
2023-04-26T13:10:17.763+0530: 1803.171: Total time for which application threads were stopped: 0.0000850 seconds, Stopping threads took: 0.0000252 seconds
2023-04-26T13:10:17.769+0530: 1803.177: Total time for which application threads were stopped: 0.0001828 seconds, Stopping threads took: 0.0001215 seconds
2023-04-26T13:10:18.769+0530: 1804.177: Total time for which application threads were stopped: 0.0002431 seconds, Stopping threads took: 0.0000557 seconds
2023-04-26T13:10:20.509+0530: 1805.918: Total time for which application threads were stopped: 0.0001327 seconds, Stopping threads took: 0.0000401 seconds
2023-04-26T13:10:20.514+0530: 1805.922: Total time for which application threads were stopped: 0.0002067 seconds, Stopping threads took: 0.0001225 seconds
2023-04-26T13:10:20.520+0530: 1805.929: Total time for which application threads were stopped: 0.0001215 seconds, Stopping threads took: 0.0000690 seconds
2023-04-26T13:10:21.520+0530: 1806.929: Total time for which application threads were stopped: 0.0002520 seconds, Stopping threads took: 0.0000476 seconds
2023-04-26T13:11:22.575+0530: 1867.983: Total time for which application threads were stopped: 0.0000991 seconds, Stopping threads took: 0.0000267 seconds
2023-04-26T13:11:22.576+0530: 1867.984: Total time for which application threads were stopped: 0.0000818 seconds, Stopping threads took: 0.0000162 seconds
2023-04-26T13:11:22.576+0530: 1867.984: Total time for which application threads were stopped: 0.0000582 seconds, Stopping threads took: 0.0000169 seconds
2023-04-26T13:11:22.576+0530: 1867.984: Total time for which application threads were stopped: 0.0000458 seconds, Stopping threads took: 0.0000084 seconds
2023-04-26T13:11:22.577+0530: 1867.985: Total time for which application threads were stopped: 0.0000594 seconds, Stopping threads took: 0.0000148 seconds
2023-04-26T13:11:22.580+0530: 1867.989: Total time for which application threads were stopped: 0.0001118 seconds, Stopping threads took: 0.0000233 seconds
2023-04-26T13:11:22.589+0530: 1867.997: Total time for which application threads were stopped: 0.0000732 seconds, Stopping threads took: 0.0000208 seconds
2023-04-26T13:11:22.589+0530: 1867.998: Total time for which application threads were stopped: 0.0000520 seconds, Stopping threads took: 0.0000117 seconds
2023-04-26T13:11:22.590+0530: 1867.998: Total time for which application threads were stopped: 0.0000410 seconds, Stopping threads took: 0.0000109 seconds
2023-04-26T13:11:22.606+0530: 1868.014: Total time for which application threads were stopped: 0.0000682 seconds, Stopping threads took: 0.0000168 seconds
2023-04-26T13:11:22.619+0530: 1868.027: Total time for which application threads were stopped: 0.0000821 seconds, Stopping threads took: 0.0000152 seconds
2023-04-26T13:11:22.625+0530: 1868.033: Total time for which application threads were stopped: 0.0000601 seconds, Stopping threads took: 0.0000125 seconds
2023-04-26T13:11:22.625+0530: 1868.034: Total time for which application threads were stopped: 0.0000354 seconds, Stopping threads took: 0.0000061 seconds
2023-04-26T13:11:22.625+0530: 1868.034: Total time for which application threads were stopped: 0.0000343 seconds, Stopping threads took: 0.0000068 seconds
2023-04-26T13:11:22.625+0530: 1868.034: Total time for which application threads were stopped: 0.0000269 seconds, Stopping threads took: 0.0000051 seconds
2023-04-26T13:11:22.625+0530: 1868.034: Total time for which application threads were stopped: 0.0000254 seconds, Stopping threads took: 0.0000050 seconds
2023-04-26T13:11:22.625+0530: 1868.034: Total time for which application threads were stopped: 0.0000248 seconds, Stopping threads took: 0.0000046 seconds
2023-04-26T13:11:22.625+0530: 1868.034: Total time for which application threads were stopped: 0.0000314 seconds, Stopping threads took: 0.0000047 seconds
2023-04-26T13:11:22.626+0530: 1868.034: Total time for which application threads were stopped: 0.0000219 seconds, Stopping threads took: 0.0000037 seconds
2023-04-26T13:11:22.626+0530: 1868.034: Total time for which application threads were stopped: 0.0000219 seconds, Stopping threads took: 0.0000036 seconds
2023-04-26T13:11:22.626+0530: 1868.034: Total time for which application threads were stopped: 0.0000215 seconds, Stopping threads took: 0.0000035 seconds
2023-04-26T13:11:22.626+0530: 1868.034: Total time for which application threads were stopped: 0.0000216 seconds, Stopping threads took: 0.0000036 seconds
2023-04-26T13:11:22.626+0530: 1868.034: Total time for which application threads were stopped: 0.0000683 seconds, Stopping threads took: 0.0000035 seconds
2023-04-26T13:11:22.651+0530: 1868.059: Total time for which application threads were stopped: 0.0001047 seconds, Stopping threads took: 0.0000187 seconds
2023-04-26T13:11:22.653+0530: 1868.061: Total time for which application threads were stopped: 0.0001727 seconds, Stopping threads took: 0.0001101 seconds
2023-04-26T13:11:23.653+0530: 1869.061: Total time for which application threads were stopped: 0.0002664 seconds, Stopping threads took: 0.0000519 seconds
2023-04-26T13:11:48.729+0530: 1894.137: Total time for which application threads were stopped: 0.0001064 seconds, Stopping threads took: 0.0000347 seconds
2023-04-26T13:11:48.733+0530: 1894.141: Total time for which application threads were stopped: 0.0000866 seconds, Stopping threads took: 0.0000221 seconds
2023-04-26T13:11:48.739+0530: 1894.147: Total time for which application threads were stopped: 0.0001176 seconds, Stopping threads took: 0.0000489 seconds
2023-04-26T13:11:48.744+0530: 1894.153: Total time for which application threads were stopped: 0.0000839 seconds, Stopping threads took: 0.0000270 seconds
2023-04-26T13:11:49.745+0530: 1895.153: Total time for which application threads were stopped: 0.0002147 seconds, Stopping threads took: 0.0000525 seconds
2023-04-26T13:12:42.021+0530: 1947.430: Total time for which application threads were stopped: 0.0001041 seconds, Stopping threads took: 0.0000351 seconds
2023-04-26T13:12:42.026+0530: 1947.435: Total time for which application threads were stopped: 0.0000744 seconds, Stopping threads took: 0.0000179 seconds
2023-04-26T13:12:42.036+0530: 1947.445: Total time for which application threads were stopped: 0.0000842 seconds, Stopping threads took: 0.0000226 seconds
{Heap before GC invocations=20 (full 2):
 par new generation   total 109248K, used 109248K [0x00000000e0000000, 0x00000000e8000000, 0x00000000e8000000)
  eden space 87424K, 100% used [0x00000000e0000000, 0x00000000e5560000, 0x00000000e5560000)
  from space 21824K, 100% used [0x00000000e5560000, 0x00000000e6ab0000, 0x00000000e6ab0000)
  to   space 21824K,   0% used [0x00000000e6ab0000, 0x00000000e6ab0000, 0x00000000e8000000)
 concurrent mark-sweep generation total 393216K, used 19116K [0x00000000e8000000, 0x0000000100000000, 0x0000000100000000)
 Metaspace       used 43022K, capacity 43626K, committed 43976K, reserved 1087488K
  class space    used 5114K, capacity 5307K, committed 5320K, reserved 1048576K
2023-04-26T13:12:42.061+0530: 1947.470: [GC (Allocation Failure) 2023-04-26T13:12:42.061+0530: 1947.470: [ParNew
Desired survivor size 20112992 bytes, new threshold 8 (max 8)
- age   1:    4991640 bytes,    4991640 total
- age   2:    5295448 bytes,   10287088 total
- age   3:    3240016 bytes,   13527104 total
- age   4:     167224 bytes,   13694328 total
: 109248K->18094K(109248K), 0.0141666 secs] 128364K->47869K(502464K), 0.0142202 secs] [Times: user=0.05 sys=0.01, real=0.02 secs] 
Heap after GC invocations=21 (full 2):
 par new generation   total 109248K, used 18094K [0x00000000e0000000, 0x00000000e8000000, 0x00000000e8000000)
  eden space 87424K,   0% used [0x00000000e0000000, 0x00000000e0000000, 0x00000000e5560000)
  from space 21824K,  82% used [0x00000000e6ab0000, 0x00000000e7c5b860, 0x00000000e8000000)
  to   space 21824K,   0% used [0x00000000e5560000, 0x00000000e5560000, 0x00000000e6ab0000)
 concurrent mark-sweep generation total 393216K, used 29775K [0x00000000e8000000, 0x0000000100000000, 0x0000000100000000)
 Metaspace       used 43022K, capacity 43626K, committed 43976K, reserved 1087488K
  class space    used 5114K, capacity 5307K, committed 5320K, reserved 1048576K
}
2023-04-26T13:12:42.075+0530: 1947.484: Total time for which application threads were stopped: 0.0143694 seconds, Stopping threads took: 0.0000164 seconds
2023-04-26T13:12:42.076+0530: 1947.484: Total time for which application threads were stopped: 0.0000644 seconds, Stopping threads took: 0.0000233 seconds
2023-04-26T13:12:42.076+0530: 1947.484: Total time for which application threads were stopped: 0.0000415 seconds, Stopping threads took: 0.0000095 seconds
2023-04-26T13:12:42.084+0530: 1947.493: Total time for which application threads were stopped: 0.0001282 seconds, Stopping threads took: 0.0000537 seconds
2023-04-26T13:12:43.085+0530: 1948.493: Total time for which application threads were stopped: 0.0003062 seconds, Stopping threads took: 0.0000519 seconds
2023-04-26T13:13:35.353+0530: 2000.762: Total time for which application threads were stopped: 0.0001075 seconds, Stopping threads took: 0.0000346 seconds
2023-04-26T13:13:35.354+0530: 2000.763: Total time for which application threads were stopped: 0.0001026 seconds, Stopping threads took: 0.0000367 seconds
2023-04-26T13:13:35.355+0530: 2000.763: Total time for which application threads were stopped: 0.0000737 seconds, Stopping threads took: 0.0000280 seconds
2023-04-26T13:13:35.355+0530: 2000.763: Total time for which application threads were stopped: 0.0000661 seconds, Stopping threads took: 0.0000312 seconds
2023-04-26T13:13:35.355+0530: 2000.763: Total time for which application threads were stopped: 0.0000415 seconds, Stopping threads took: 0.0000104 seconds
2023-04-26T13:13:35.357+0530: 2000.766: Total time for which application threads were stopped: 0.0000949 seconds, Stopping threads took: 0.0000232 seconds
2023-04-26T13:13:35.364+0530: 2000.772: Total time for which application threads were stopped: 0.0001119 seconds, Stopping threads took: 0.0000261 seconds
2023-04-26T13:13:36.364+0530: 2001.772: Total time for which application threads were stopped: 0.0001518 seconds, Stopping threads took: 0.0000343 seconds
2023-04-26T13:17:47.754+0530: 2253.162: Total time for which application threads were stopped: 0.0002403 seconds, Stopping threads took: 0.0001764 seconds
2023-04-26T13:17:47.888+0530: 2253.297: Total time for which application threads were stopped: 0.0001699 seconds, Stopping threads took: 0.0000811 seconds
2023-04-26T13:17:47.907+0530: 2253.316: Total time for which application threads were stopped: 0.0001157 seconds, Stopping threads took: 0.0000452 seconds
2023-04-26T13:17:47.907+0530: 2253.316: Total time for which application threads were stopped: 0.0000641 seconds, Stopping threads took: 0.0000221 seconds
2023-04-26T13:17:47.909+0530: 2253.317: Total time for which application threads were stopped: 0.0000893 seconds, Stopping threads took: 0.0000227 seconds
2023-04-26T13:17:47.909+0530: 2253.317: Total time for which application threads were stopped: 0.0000738 seconds, Stopping threads took: 0.0000198 seconds
2023-04-26T13:17:51.423+0530: 2256.831: Total time for which application threads were stopped: 0.0002813 seconds, Stopping threads took: 0.0000790 seconds
2023-04-26T13:17:51.438+0530: 2256.846: Total time for which application threads were stopped: 0.0000991 seconds, Stopping threads took: 0.0000190 seconds
2023-04-26T13:17:51.438+0530: 2256.846: Total time for which application threads were stopped: 0.0000472 seconds, Stopping threads took: 0.0000089 seconds
2023-04-26T13:17:51.438+0530: 2256.847: Total time for which application threads were stopped: 0.0000651 seconds, Stopping threads took: 0.0000244 seconds
2023-04-26T13:17:51.438+0530: 2256.847: Total time for which application threads were stopped: 0.0000481 seconds, Stopping threads took: 0.0000147 seconds
2023-04-26T13:17:51.444+0530: 2256.852: Total time for which application threads were stopped: 0.0001107 seconds, Stopping threads took: 0.0000424 seconds
2023-04-26T13:17:51.444+0530: 2256.852: Total time for which application threads were stopped: 0.0000700 seconds, Stopping threads took: 0.0000280 seconds
2023-04-26T13:17:51.444+0530: 2256.852: Total time for which application threads were stopped: 0.0000509 seconds, Stopping threads took: 0.0000174 seconds
2023-04-26T13:17:51.446+0530: 2256.854: Total time for which application threads were stopped: 0.0004126 seconds, Stopping threads took: 0.0003215 seconds
2023-04-26T13:17:51.446+0530: 2256.855: Total time for which application threads were stopped: 0.0000961 seconds, Stopping threads took: 0.0000410 seconds
2023-04-26T13:17:52.447+0530: 2257.855: Total time for which application threads were stopped: 0.0002248 seconds, Stopping threads took: 0.0000614 seconds
2023-04-26T13:17:53.447+0530: 2258.856: Total time for which application threads were stopped: 0.0002230 seconds, Stopping threads took: 0.0000522 seconds
2023-04-26T13:17:54.448+0530: 2259.856: Total time for which application threads were stopped: 0.0002642 seconds, Stopping threads took: 0.0000613 seconds
2023-04-26T13:18:11.450+0530: 2276.859: Total time for which application threads were stopped: 0.0002262 seconds, Stopping threads took: 0.0000747 seconds
2023-04-26T13:18:41.455+0530: 2306.864: Total time for which application threads were stopped: 0.0001287 seconds, Stopping threads took: 0.0000477 seconds
2023-04-26T13:18:51.447+0530: 2316.856: Total time for which application threads were stopped: 0.0003207 seconds, Stopping threads took: 0.0000947 seconds
2023-04-26T13:20:47.468+0530: 2432.877: Total time for which application threads were stopped: 0.0002301 seconds, Stopping threads took: 0.0000856 seconds
2023-04-26T13:25:50.523+0530: 2735.931: Total time for which application threads were stopped: 0.0002247 seconds, Stopping threads took: 0.0000816 seconds
2023-04-26T13:32:22.695+0530: 3128.104: Total time for which application threads were stopped: 0.0001449 seconds, Stopping threads took: 0.0000440 seconds
2023-04-26T13:32:22.699+0530: 3128.108: Total time for which application threads were stopped: 0.0000946 seconds, Stopping threads took: 0.0000272 seconds
2023-04-26T13:32:22.705+0530: 3128.113: Total time for which application threads were stopped: 0.0000663 seconds, Stopping threads took: 0.0000145 seconds
2023-04-26T13:32:23.705+0530: 3129.113: Total time for which application threads were stopped: 0.0001533 seconds, Stopping threads took: 0.0000385 seconds
2023-04-26T13:32:31.720+0530: 3137.129: Total time for which application threads were stopped: 0.0001264 seconds, Stopping threads took: 0.0000474 seconds
2023-04-26T13:32:31.724+0530: 3137.132: Total time for which application threads were stopped: 0.0000888 seconds, Stopping threads took: 0.0000243 seconds
2023-04-26T13:32:31.731+0530: 3137.139: Total time for which application threads were stopped: 0.0000979 seconds, Stopping threads took: 0.0000260 seconds
2023-04-26T13:32:31.740+0530: 3137.149: Total time for which application threads were stopped: 0.0001390 seconds, Stopping threads took: 0.0000216 seconds
2023-04-26T13:32:32.741+0530: 3138.149: Total time for which application threads were stopped: 0.0002809 seconds, Stopping threads took: 0.0000618 seconds
2023-04-26T13:39:30.937+0530: 3556.346: Total time for which application threads were stopped: 0.0001075 seconds, Stopping threads took: 0.0000310 seconds
2023-04-26T13:39:30.941+0530: 3556.349: Total time for which application threads were stopped: 0.0001078 seconds, Stopping threads took: 0.0000286 seconds
2023-04-26T13:39:30.946+0530: 3556.355: Total time for which application threads were stopped: 0.0000857 seconds, Stopping threads took: 0.0000199 seconds
2023-04-26T13:39:31.947+0530: 3557.355: Total time for which application threads were stopped: 0.0001695 seconds, Stopping threads took: 0.0000620 seconds
2023-04-26T13:39:36.606+0530: 3562.014: Total time for which application threads were stopped: 0.0001159 seconds, Stopping threads took: 0.0000378 seconds
2023-04-26T13:39:36.610+0530: 3562.019: Total time for which application threads were stopped: 0.0001112 seconds, Stopping threads took: 0.0000236 seconds
2023-04-26T13:39:36.619+0530: 3562.028: Total time for which application threads were stopped: 0.0000718 seconds, Stopping threads took: 0.0000167 seconds
2023-04-26T13:39:36.620+0530: 3562.028: Total time for which application threads were stopped: 0.0000448 seconds, Stopping threads took: 0.0000070 seconds
2023-04-26T13:39:37.620+0530: 3563.029: Total time for which application threads were stopped: 0.0002977 seconds, Stopping threads took: 0.0000604 seconds
2023-04-26T13:40:45.630+0530: 3631.038: Total time for which application threads were stopped: 0.0002817 seconds, Stopping threads took: 0.0001178 seconds
2023-04-26T13:43:20.000+0530: 3785.408: Total time for which application threads were stopped: 0.0001137 seconds, Stopping threads took: 0.0000359 seconds
2023-04-26T13:43:20.004+0530: 3785.412: Total time for which application threads were stopped: 0.0000805 seconds, Stopping threads took: 0.0000181 seconds
2023-04-26T13:43:20.015+0530: 3785.423: Total time for which application threads were stopped: 0.0001165 seconds, Stopping threads took: 0.0000245 seconds
2023-04-26T13:43:21.015+0530: 3786.424: Total time for which application threads were stopped: 0.0002423 seconds, Stopping threads took: 0.0000535 seconds
2023-04-26T13:43:25.078+0530: 3790.486: Total time for which application threads were stopped: 0.0001108 seconds, Stopping threads took: 0.0000306 seconds
2023-04-26T13:43:25.082+0530: 3790.490: Total time for which application threads were stopped: 0.0000911 seconds, Stopping threads took: 0.0000197 seconds
2023-04-26T13:43:25.091+0530: 3790.499: Total time for which application threads were stopped: 0.0001061 seconds, Stopping threads took: 0.0000300 seconds
2023-04-26T13:43:26.091+0530: 3791.499: Total time for which application threads were stopped: 0.0002661 seconds, Stopping threads took: 0.0000614 seconds
2023-04-26T13:45:04.227+0530: 3889.636: Total time for which application threads were stopped: 0.0001399 seconds, Stopping threads took: 0.0000439 seconds
2023-04-26T13:45:04.232+0530: 3889.640: Total time for which application threads were stopped: 0.0001665 seconds, Stopping threads took: 0.0000172 seconds
2023-04-26T13:45:04.240+0530: 3889.649: Total time for which application threads were stopped: 0.0000894 seconds, Stopping threads took: 0.0000185 seconds
2023-04-26T13:45:04.258+0530: 3889.666: Total time for which application threads were stopped: 0.0001540 seconds, Stopping threads took: 0.0000192 seconds
2023-04-26T13:49:20.378+0530: 4145.787: Total time for which application threads were stopped: 0.0001884 seconds, Stopping threads took: 0.0001106 seconds
2023-04-26T13:49:20.383+0530: 4145.791: Total time for which application threads were stopped: 0.0001011 seconds, Stopping threads took: 0.0000354 seconds
2023-04-26T13:49:20.391+0530: 4145.799: Total time for which application threads were stopped: 0.0000962 seconds, Stopping threads took: 0.0000196 seconds
2023-04-26T13:49:21.391+0530: 4146.800: Total time for which application threads were stopped: 0.0001153 seconds, Stopping threads took: 0.0000274 seconds
2023-04-26T13:49:30.379+0530: 4155.788: Total time for which application threads were stopped: 0.0001429 seconds, Stopping threads took: 0.0000539 seconds
2023-04-26T13:49:30.383+0530: 4155.791: Total time for which application threads were stopped: 0.0001083 seconds, Stopping threads took: 0.0000232 seconds
2023-04-26T13:49:30.391+0530: 4155.799: Total time for which application threads were stopped: 0.0001492 seconds, Stopping threads took: 0.0000302 seconds
2023-04-26T13:49:31.391+0530: 4156.800: Total time for which application threads were stopped: 0.0002247 seconds, Stopping threads took: 0.0000474 seconds
2023-04-26T13:49:41.101+0530: 4166.509: Total time for which application threads were stopped: 0.0001745 seconds, Stopping threads took: 0.0000546 seconds
2023-04-26T13:49:41.106+0530: 4166.514: Total time for which application threads were stopped: 0.0001994 seconds, Stopping threads took: 0.0000545 seconds
2023-04-26T13:49:41.114+0530: 4166.522: Total time for which application threads were stopped: 0.0000796 seconds, Stopping threads took: 0.0000190 seconds
2023-04-26T13:49:42.114+0530: 4167.522: Total time for which application threads were stopped: 0.0002105 seconds, Stopping threads took: 0.0000489 seconds
2023-04-26T13:49:45.986+0530: 4171.395: Total time for which application threads were stopped: 0.0001216 seconds, Stopping threads took: 0.0000392 seconds
2023-04-26T13:49:45.990+0530: 4171.399: Total time for which application threads were stopped: 0.0001180 seconds, Stopping threads took: 0.0000459 seconds
2023-04-26T13:49:45.996+0530: 4171.405: Total time for which application threads were stopped: 0.0000795 seconds, Stopping threads took: 0.0000203 seconds
2023-04-26T13:49:46.001+0530: 4171.409: Total time for which application threads were stopped: 0.0001399 seconds, Stopping threads took: 0.0000206 seconds
2023-04-26T13:49:47.001+0530: 4172.409: Total time for which application threads were stopped: 0.0003222 seconds, Stopping threads took: 0.0000629 seconds
2023-04-26T13:51:25.383+0530: 4270.791: Total time for which application threads were stopped: 0.0000821 seconds, Stopping threads took: 0.0000286 seconds
2023-04-26T13:51:25.387+0530: 4270.795: Total time for which application threads were stopped: 0.0000616 seconds, Stopping threads took: 0.0000092 seconds
2023-04-26T13:51:25.390+0530: 4270.799: Total time for which application threads were stopped: 0.0000777 seconds, Stopping threads took: 0.0000235 seconds
2023-04-26T13:51:25.393+0530: 4270.801: Total time for which application threads were stopped: 0.0000686 seconds, Stopping threads took: 0.0000165 seconds
2023-04-26T13:51:25.395+0530: 4270.804: Total time for which application threads were stopped: 0.0000836 seconds, Stopping threads took: 0.0000309 seconds
2023-04-26T13:51:25.398+0530: 4270.806: Total time for which application threads were stopped: 0.0000926 seconds, Stopping threads took: 0.0000165 seconds
2023-04-26T13:51:25.398+0530: 4270.807: Total time for which application threads were stopped: 0.0000648 seconds, Stopping threads took: 0.0000153 seconds
2023-04-26T13:51:25.398+0530: 4270.807: Total time for which application threads were stopped: 0.0000519 seconds, Stopping threads took: 0.0000118 seconds
2023-04-26T13:51:25.398+0530: 4270.807: Total time for which application threads were stopped: 0.0000390 seconds, Stopping threads took: 0.0000080 seconds
2023-04-26T13:51:25.399+0530: 4270.807: Total time for which application threads were stopped: 0.0000328 seconds, Stopping threads took: 0.0000075 seconds
2023-04-26T13:51:25.399+0530: 4270.807: Total time for which application threads were stopped: 0.0000308 seconds, Stopping threads took: 0.0000073 seconds
2023-04-26T13:51:25.399+0530: 4270.807: Total time for which application threads were stopped: 0.0000281 seconds, Stopping threads took: 0.0000071 seconds
2023-04-26T13:51:25.399+0530: 4270.807: Total time for which application threads were stopped: 0.0000207 seconds, Stopping threads took: 0.0000058 seconds
2023-04-26T13:51:25.399+0530: 4270.807: Total time for which application threads were stopped: 0.0000207 seconds, Stopping threads took: 0.0000058 seconds
2023-04-26T13:51:25.399+0530: 4270.808: Total time for which application threads were stopped: 0.0000373 seconds, Stopping threads took: 0.0000086 seconds
2023-04-26T13:51:25.399+0530: 4270.808: Total time for which application threads were stopped: 0.0000261 seconds, Stopping threads took: 0.0000066 seconds
2023-04-26T13:51:25.399+0530: 4270.808: Total time for which application threads were stopped: 0.0000410 seconds, Stopping threads took: 0.0000057 seconds
2023-04-26T13:51:25.400+0530: 4270.808: Total time for which application threads were stopped: 0.0000368 seconds, Stopping threads took: 0.0000083 seconds
2023-04-26T13:51:25.400+0530: 4270.808: Total time for which application threads were stopped: 0.0000292 seconds, Stopping threads took: 0.0000083 seconds
2023-04-26T13:51:25.400+0530: 4270.808: Total time for which application threads were stopped: 0.0000402 seconds, Stopping threads took: 0.0000222 seconds
2023-04-26T13:51:25.400+0530: 4270.808: Total time for which application threads were stopped: 0.0000233 seconds, Stopping threads took: 0.0000057 seconds
2023-04-26T13:51:25.400+0530: 4270.808: Total time for which application threads were stopped: 0.0000231 seconds, Stopping threads took: 0.0000056 seconds
2023-04-26T13:51:25.400+0530: 4270.808: Total time for which application threads were stopped: 0.0000267 seconds, Stopping threads took: 0.0000090 seconds
2023-04-26T13:51:25.400+0530: 4270.808: Total time for which application threads were stopped: 0.0000298 seconds, Stopping threads took: 0.0000111 seconds
2023-04-26T13:51:25.400+0530: 4270.808: Total time for which application threads were stopped: 0.0000368 seconds, Stopping threads took: 0.0000070 seconds
2023-04-26T13:51:25.400+0530: 4270.808: Total time for which application threads were stopped: 0.0000625 seconds, Stopping threads took: 0.0000485 seconds
2023-04-26T13:51:25.400+0530: 4270.808: Total time for which application threads were stopped: 0.0000192 seconds, Stopping threads took: 0.0000054 seconds
2023-04-26T13:51:25.400+0530: 4270.809: Total time for which application threads were stopped: 0.0000294 seconds, Stopping threads took: 0.0000151 seconds
2023-04-26T13:51:25.400+0530: 4270.809: Total time for which application threads were stopped: 0.0000261 seconds, Stopping threads took: 0.0000122 seconds
2023-04-26T13:51:25.400+0530: 4270.809: Total time for which application threads were stopped: 0.0000327 seconds, Stopping threads took: 0.0000130 seconds
2023-04-26T13:51:25.400+0530: 4270.809: Total time for which application threads were stopped: 0.0000244 seconds, Stopping threads took: 0.0000097 seconds
2023-04-26T13:51:25.401+0530: 4270.809: Total time for which application threads were stopped: 0.0000454 seconds, Stopping threads took: 0.0000072 seconds
2023-04-26T13:51:25.404+0530: 4270.812: Total time for which application threads were stopped: 0.0000768 seconds, Stopping threads took: 0.0000150 seconds
Heap
 par new generation   total 109248K, used 79286K [0x00000000e0000000, 0x00000000e8000000, 0x00000000e8000000)
  eden space 87424K,  69% used [0x00000000e0000000, 0x00000000e3bc20d8, 0x00000000e5560000)
  from space 21824K,  82% used [0x00000000e6ab0000, 0x00000000e7c5b860, 0x00000000e8000000)
  to   space 21824K,   0% used [0x00000000e5560000, 0x00000000e5560000, 0x00000000e6ab0000)
 concurrent mark-sweep generation total 393216K, used 29775K [0x00000000e8000000, 0x0000000100000000, 0x0000000100000000)
 Metaspace       used 43452K, capacity 44024K, committed 44232K, reserved 1087488K
  class space    used 5124K, capacity 5308K, committed 5320K, reserved 1048576K
