OpenJDK 64-Bit Server VM (25.362-b09) for linux-amd64 JRE (1.8.0_362-8u362-ga-0ubuntu1~22.04-b09), built on Jan 24 2023 19:02:58 by "buildd" with gcc 11.3.0
Memory: 4k page, physical 32636936k(24986844k free), swap 2097148k(2097148k free)
CommandLine flags: -XX:CMSInitiatingOccupancyFraction=50 -XX:CMSMaxAbortablePrecleanTime=6000 -XX:+CMSParallelRemarkEnabled -XX:+CMSScavengeBeforeRemark -XX:ConcGCThreads=4 -XX:InitialHeapSize=536870912 -XX:MaxHeapSize=536870912 -XX:MaxTenuringThreshold=8 -XX:NewRatio=3 -XX:OldPLABSize=16 -XX:ParallelGCThreads=4 -XX:+ParallelRefProcEnabled -XX:PretenureSizeThreshold=67108864 -XX:+PrintGC -XX:+PrintGCApplicationStoppedTime -XX:+PrintGCDateStamps -XX:+PrintGCDetails -XX:+PrintGCTimeStamps -XX:+PrintHeapAtGC -XX:+PrintTenuringDistribution -XX:SurvivorRatio=4 -XX:TargetSurvivorRatio=90 -XX:ThreadStackSize=256 -XX:+UseCMSInitiatingOccupancyOnly -XX:+UseCompressedClassPointers -XX:+UseCompressedOops -XX:+UseConcMarkSweepGC -XX:+UseParNewGC 
2023-04-24T12:01:30.630+0530: 0.070: Total time for which application threads were stopped: 0.0000561 seconds, Stopping threads took: 0.0000106 seconds
2023-04-24T12:01:30.724+0530: 0.164: Total time for which application threads were stopped: 0.0001142 seconds, Stopping threads took: 0.0000120 seconds
2023-04-24T12:01:30.769+0530: 0.209: Total time for which application threads were stopped: 0.0001089 seconds, Stopping threads took: 0.0000137 seconds
2023-04-24T12:01:30.840+0530: 0.280: Total time for which application threads were stopped: 0.0001523 seconds, Stopping threads took: 0.0000140 seconds
2023-04-24T12:01:30.848+0530: 0.288: Total time for which application threads were stopped: 0.0001433 seconds, Stopping threads took: 0.0000157 seconds
2023-04-24T12:01:30.854+0530: 0.294: Total time for which application threads were stopped: 0.0001472 seconds, Stopping threads took: 0.0000163 seconds
{Heap before GC invocations=0 (full 0):
 par new generation   total 109248K, used 87424K [0x00000000e0000000, 0x00000000e8000000, 0x00000000e8000000)
  eden space 87424K, 100% used [0x00000000e0000000, 0x00000000e5560000, 0x00000000e5560000)
  from space 21824K,   0% used [0x00000000e5560000, 0x00000000e5560000, 0x00000000e6ab0000)
  to   space 21824K,   0% used [0x00000000e6ab0000, 0x00000000e6ab0000, 0x00000000e8000000)
 concurrent mark-sweep generation total 393216K, used 0K [0x00000000e8000000, 0x0000000100000000, 0x0000000100000000)
 Metaspace       used 10227K, capacity 10388K, committed 10496K, reserved 1058816K
  class space    used 1165K, capacity 1208K, committed 1280K, reserved 1048576K
2023-04-24T12:01:30.967+0530: 0.407: [GC (Allocation Failure) 2023-04-24T12:01:30.967+0530: 0.407: [ParNew
Desired survivor size 20112992 bytes, new threshold 8 (max 8)
- age   1:    5974184 bytes,    5974184 total
: 87424K->5889K(109248K), 0.0042977 secs] 87424K->5889K(502464K), 0.0043969 secs] [Times: user=0.01 sys=0.01, real=0.01 secs] 
Heap after GC invocations=1 (full 0):
 par new generation   total 109248K, used 5889K [0x00000000e0000000, 0x00000000e8000000, 0x00000000e8000000)
  eden space 87424K,   0% used [0x00000000e0000000, 0x00000000e0000000, 0x00000000e5560000)
  from space 21824K,  26% used [0x00000000e6ab0000, 0x00000000e7070450, 0x00000000e8000000)
  to   space 21824K,   0% used [0x00000000e5560000, 0x00000000e5560000, 0x00000000e6ab0000)
 concurrent mark-sweep generation total 393216K, used 0K [0x00000000e8000000, 0x0000000100000000, 0x0000000100000000)
 Metaspace       used 10227K, capacity 10388K, committed 10496K, reserved 1058816K
  class space    used 1165K, capacity 1208K, committed 1280K, reserved 1048576K
}
2023-04-24T12:01:30.971+0530: 0.412: Total time for which application threads were stopped: 0.0045187 seconds, Stopping threads took: 0.0000148 seconds
2023-04-24T12:01:31.004+0530: 0.445: Total time for which application threads were stopped: 0.0001583 seconds, Stopping threads took: 0.0000132 seconds
2023-04-24T12:01:31.026+0530: 0.466: Total time for which application threads were stopped: 0.0001646 seconds, Stopping threads took: 0.0000117 seconds
2023-04-24T12:01:31.101+0530: 0.542: Total time for which application threads were stopped: 0.0001777 seconds, Stopping threads took: 0.0000123 seconds
2023-04-24T12:01:31.125+0530: 0.565: Total time for which application threads were stopped: 0.0002060 seconds, Stopping threads took: 0.0000135 seconds
2023-04-24T12:01:31.155+0530: 0.596: Total time for which application threads were stopped: 0.0001789 seconds, Stopping threads took: 0.0000136 seconds
2023-04-24T12:01:31.156+0530: 0.596: Total time for which application threads were stopped: 0.0001454 seconds, Stopping threads took: 0.0000101 seconds
2023-04-24T12:01:31.193+0530: 0.633: Total time for which application threads were stopped: 0.0002034 seconds, Stopping threads took: 0.0000141 seconds
2023-04-24T12:01:31.243+0530: 0.683: Total time for which application threads were stopped: 0.0002275 seconds, Stopping threads took: 0.0000252 seconds
{Heap before GC invocations=1 (full 0):
 par new generation   total 109248K, used 93313K [0x00000000e0000000, 0x00000000e8000000, 0x00000000e8000000)
  eden space 87424K, 100% used [0x00000000e0000000, 0x00000000e5560000, 0x00000000e5560000)
  from space 21824K,  26% used [0x00000000e6ab0000, 0x00000000e7070450, 0x00000000e8000000)
  to   space 21824K,   0% used [0x00000000e5560000, 0x00000000e5560000, 0x00000000e6ab0000)
 concurrent mark-sweep generation total 393216K, used 0K [0x00000000e8000000, 0x0000000100000000, 0x0000000100000000)
 Metaspace       used 19553K, capacity 19888K, committed 20096K, reserved 1067008K
  class space    used 2241K, capacity 2392K, committed 2432K, reserved 1048576K
2023-04-24T12:01:31.350+0530: 0.790: [GC (Allocation Failure) 2023-04-24T12:01:31.350+0530: 0.790: [ParNew
Desired survivor size 20112992 bytes, new threshold 8 (max 8)
- age   1:   10059320 bytes,   10059320 total
- age   2:    2582960 bytes,   12642280 total
: 93313K->14974K(109248K), 0.0063166 secs] 93313K->14974K(502464K), 0.0063857 secs] [Times: user=0.01 sys=0.01, real=0.00 secs] 
Heap after GC invocations=2 (full 0):
 par new generation   total 109248K, used 14974K [0x00000000e0000000, 0x00000000e8000000, 0x00000000e8000000)
  eden space 87424K,   0% used [0x00000000e0000000, 0x00000000e0000000, 0x00000000e5560000)
  from space 21824K,  68% used [0x00000000e5560000, 0x00000000e63ff8e0, 0x00000000e6ab0000)
  to   space 21824K,   0% used [0x00000000e6ab0000, 0x00000000e6ab0000, 0x00000000e8000000)
 concurrent mark-sweep generation total 393216K, used 0K [0x00000000e8000000, 0x0000000100000000, 0x0000000100000000)
 Metaspace       used 19553K, capacity 19888K, committed 20096K, reserved 1067008K
  class space    used 2241K, capacity 2392K, committed 2432K, reserved 1048576K
}
2023-04-24T12:01:31.357+0530: 0.797: Total time for which application threads were stopped: 0.0065619 seconds, Stopping threads took: 0.0000128 seconds
2023-04-24T12:01:31.452+0530: 0.892: Total time for which application threads were stopped: 0.0002343 seconds, Stopping threads took: 0.0000206 seconds
2023-04-24T12:01:31.476+0530: 0.916: Total time for which application threads were stopped: 0.0003382 seconds, Stopping threads took: 0.0000831 seconds
{Heap before GC invocations=2 (full 0):
 par new generation   total 109248K, used 102398K [0x00000000e0000000, 0x00000000e8000000, 0x00000000e8000000)
  eden space 87424K, 100% used [0x00000000e0000000, 0x00000000e5560000, 0x00000000e5560000)
  from space 21824K,  68% used [0x00000000e5560000, 0x00000000e63ff8e0, 0x00000000e6ab0000)
  to   space 21824K,   0% used [0x00000000e6ab0000, 0x00000000e6ab0000, 0x00000000e8000000)
 concurrent mark-sweep generation total 393216K, used 0K [0x00000000e8000000, 0x0000000100000000, 0x0000000100000000)
 Metaspace       used 20672K, capacity 20976K, committed 21248K, reserved 1069056K
  class space    used 2395K, capacity 2520K, committed 2560K, reserved 1048576K
2023-04-24T12:01:31.484+0530: 0.924: [GC (Allocation Failure) 2023-04-24T12:01:31.484+0530: 0.924: [ParNew
Desired survivor size 20112992 bytes, new threshold 8 (max 8)
- age   1:    1588136 bytes,    1588136 total
- age   2:    4909536 bytes,    6497672 total
- age   3:    2552192 bytes,    9049864 total
: 102398K->15386K(109248K), 0.0043148 secs] 102398K->15386K(502464K), 0.0043855 secs] [Times: user=0.02 sys=0.01, real=0.01 secs] 
Heap after GC invocations=3 (full 0):
 par new generation   total 109248K, used 15386K [0x00000000e0000000, 0x00000000e8000000, 0x00000000e8000000)
  eden space 87424K,   0% used [0x00000000e0000000, 0x00000000e0000000, 0x00000000e5560000)
  from space 21824K,  70% used [0x00000000e6ab0000, 0x00000000e79b6ab0, 0x00000000e8000000)
  to   space 21824K,   0% used [0x00000000e5560000, 0x00000000e5560000, 0x00000000e6ab0000)
 concurrent mark-sweep generation total 393216K, used 0K [0x00000000e8000000, 0x0000000100000000, 0x0000000100000000)
 Metaspace       used 20672K, capacity 20976K, committed 21248K, reserved 1069056K
  class space    used 2395K, capacity 2520K, committed 2560K, reserved 1048576K
}
2023-04-24T12:01:31.488+0530: 0.928: Total time for which application threads were stopped: 0.0045059 seconds, Stopping threads took: 0.0000308 seconds
2023-04-24T12:01:31.502+0530: 0.943: Total time for which application threads were stopped: 0.0002292 seconds, Stopping threads took: 0.0000146 seconds
2023-04-24T12:01:31.504+0530: 0.945: Total time for which application threads were stopped: 0.0001010 seconds, Stopping threads took: 0.0000412 seconds
2023-04-24T12:01:31.560+0530: 1.001: Total time for which application threads were stopped: 0.0001423 seconds, Stopping threads took: 0.0000536 seconds
{Heap before GC invocations=3 (full 0):
 par new generation   total 109248K, used 102810K [0x00000000e0000000, 0x00000000e8000000, 0x00000000e8000000)
  eden space 87424K, 100% used [0x00000000e0000000, 0x00000000e5560000, 0x00000000e5560000)
  from space 21824K,  70% used [0x00000000e6ab0000, 0x00000000e79b6ab0, 0x00000000e8000000)
  to   space 21824K,   0% used [0x00000000e5560000, 0x00000000e5560000, 0x00000000e6ab0000)
 concurrent mark-sweep generation total 393216K, used 0K [0x00000000e8000000, 0x0000000100000000, 0x0000000100000000)
 Metaspace       used 21400K, capacity 21718K, committed 21960K, reserved 1069056K
  class space    used 2483K, capacity 2617K, committed 2684K, reserved 1048576K
2023-04-24T12:01:31.590+0530: 1.030: [GC (Allocation Failure) 2023-04-24T12:01:31.590+0530: 1.030: [ParNew
Desired survivor size 20112992 bytes, new threshold 8 (max 8)
- age   1:    2458176 bytes,    2458176 total
- age   2:     326400 bytes,    2784576 total
- age   3:    4898192 bytes,    7682768 total
- age   4:    2551856 bytes,   10234624 total
: 102810K->13126K(109248K), 0.0062450 secs] 102810K->13126K(502464K), 0.0063196 secs] [Times: user=0.04 sys=0.01, real=0.00 secs] 
Heap after GC invocations=4 (full 0):
 par new generation   total 109248K, used 13126K [0x00000000e0000000, 0x00000000e8000000, 0x00000000e8000000)
  eden space 87424K,   0% used [0x00000000e0000000, 0x00000000e0000000, 0x00000000e5560000)
  from space 21824K,  60% used [0x00000000e5560000, 0x00000000e6231b20, 0x00000000e6ab0000)
  to   space 21824K,   0% used [0x00000000e6ab0000, 0x00000000e6ab0000, 0x00000000e8000000)
 concurrent mark-sweep generation total 393216K, used 0K [0x00000000e8000000, 0x0000000100000000, 0x0000000100000000)
 Metaspace       used 21400K, capacity 21718K, committed 21960K, reserved 1069056K
  class space    used 2483K, capacity 2617K, committed 2684K, reserved 1048576K
}
2023-04-24T12:01:31.596+0530: 1.037: Total time for which application threads were stopped: 0.0064855 seconds, Stopping threads took: 0.0000364 seconds
2023-04-24T12:01:31.599+0530: 1.039: [GC (CMS Initial Mark) [1 CMS-initial-mark: 0K(393216K)] 18583K(502464K), 0.0028837 secs] [Times: user=0.01 sys=0.00, real=0.01 secs] 
2023-04-24T12:01:31.602+0530: 1.042: Total time for which application threads were stopped: 0.0030339 seconds, Stopping threads took: 0.0000518 seconds
2023-04-24T12:01:31.602+0530: 1.042: [CMS-concurrent-mark-start]
2023-04-24T12:01:31.603+0530: 1.043: [CMS-concurrent-mark: 0.001/0.001 secs] [Times: user=0.01 sys=0.00, real=0.00 secs] 
2023-04-24T12:01:31.603+0530: 1.043: [CMS-concurrent-preclean-start]
2023-04-24T12:01:31.604+0530: 1.044: [CMS-concurrent-preclean: 0.001/0.001 secs] [Times: user=0.01 sys=0.00, real=0.00 secs] 
2023-04-24T12:01:31.604+0530: 1.044: [CMS-concurrent-abortable-preclean-start]
2023-04-24T12:01:31.605+0530: 1.046: Total time for which application threads were stopped: 0.0000704 seconds, Stopping threads took: 0.0000158 seconds
2023-04-24T12:01:31.621+0530: 1.062: Total time for which application threads were stopped: 0.0000822 seconds, Stopping threads took: 0.0000182 seconds
{Heap before GC invocations=4 (full 1):
 par new generation   total 109248K, used 100524K [0x00000000e0000000, 0x00000000e8000000, 0x00000000e8000000)
  eden space 87424K,  99% used [0x00000000e0000000, 0x00000000e55594f8, 0x00000000e5560000)
  from space 21824K,  60% used [0x00000000e5560000, 0x00000000e6231b20, 0x00000000e6ab0000)
  to   space 21824K,   0% used [0x00000000e6ab0000, 0x00000000e6ab0000, 0x00000000e8000000)
 concurrent mark-sweep generation total 393216K, used 0K [0x00000000e8000000, 0x0000000100000000, 0x0000000100000000)
 Metaspace       used 22082K, capacity 22472K, committed 22624K, reserved 1069056K
  class space    used 2577K, capacity 2716K, committed 2760K, reserved 1048576K
2023-04-24T12:01:31.661+0530: 1.101: [GC (Allocation Failure) 2023-04-24T12:01:31.661+0530: 1.101: [ParNew
Desired survivor size 20112992 bytes, new threshold 8 (max 8)
- age   1:     868560 bytes,     868560 total
- age   2:    1922736 bytes,    2791296 total
- age   3:     326184 bytes,    3117480 total
- age   4:    4896672 bytes,    8014152 total
- age   5:    2551856 bytes,   10566008 total
: 100524K->12353K(109248K), 0.0050461 secs] 100524K->12353K(502464K), 0.0051093 secs] [Times: user=0.02 sys=0.00, real=0.00 secs] 
Heap after GC invocations=5 (full 1):
 par new generation   total 109248K, used 12353K [0x00000000e0000000, 0x00000000e8000000, 0x00000000e8000000)
  eden space 87424K,   0% used [0x00000000e0000000, 0x00000000e0000000, 0x00000000e5560000)
  from space 21824K,  56% used [0x00000000e6ab0000, 0x00000000e76c05c0, 0x00000000e8000000)
  to   space 21824K,   0% used [0x00000000e5560000, 0x00000000e5560000, 0x00000000e6ab0000)
 concurrent mark-sweep generation total 393216K, used 0K [0x00000000e8000000, 0x0000000100000000, 0x0000000100000000)
 Metaspace       used 22082K, capacity 22472K, committed 22624K, reserved 1069056K
  class space    used 2577K, capacity 2716K, committed 2760K, reserved 1048576K
}
2023-04-24T12:01:31.666+0530: 1.106: Total time for which application threads were stopped: 0.0053056 seconds, Stopping threads took: 0.0000890 seconds
2023-04-24T12:01:31.666+0530: 1.106: [CMS-concurrent-abortable-preclean: 0.055/0.062 secs] [Times: user=0.39 sys=0.00, real=0.06 secs] 
2023-04-24T12:01:31.666+0530: 1.106: [GC (CMS Final Remark) [YG occupancy: 13410 K (109248 K)]{Heap before GC invocations=5 (full 1):
 par new generation   total 109248K, used 13410K [0x00000000e0000000, 0x00000000e8000000, 0x00000000e8000000)
  eden space 87424K,   1% used [0x00000000e0000000, 0x00000000e01083b8, 0x00000000e5560000)
  from space 21824K,  56% used [0x00000000e6ab0000, 0x00000000e76c05c0, 0x00000000e8000000)
  to   space 21824K,   0% used [0x00000000e5560000, 0x00000000e5560000, 0x00000000e6ab0000)
 concurrent mark-sweep generation total 393216K, used 0K [0x00000000e8000000, 0x0000000100000000, 0x0000000100000000)
 Metaspace       used 22082K, capacity 22472K, committed 22624K, reserved 1069056K
  class space    used 2577K, capacity 2716K, committed 2760K, reserved 1048576K
2023-04-24T12:01:31.666+0530: 1.106: [GC (CMS Final Remark) 2023-04-24T12:01:31.666+0530: 1.106: [ParNew
Desired survivor size 20112992 bytes, new threshold 8 (max 8)
- age   1:     127280 bytes,     127280 total
- age   2:     418408 bytes,     545688 total
- age   3:    1920752 bytes,    2466440 total
- age   4:     325624 bytes,    2792064 total
- age   5:    4893712 bytes,    7685776 total
- age   6:    2551856 bytes,   10237632 total
: 13410K->17948K(109248K), 0.0039499 secs] 13410K->17948K(502464K), 0.0039928 secs] [Times: user=0.02 sys=0.00, real=0.01 secs] 
Heap after GC invocations=6 (full 1):
 par new generation   total 109248K, used 17948K [0x00000000e0000000, 0x00000000e8000000, 0x00000000e8000000)
  eden space 87424K,   0% used [0x00000000e0000000, 0x00000000e0000000, 0x00000000e5560000)
  from space 21824K,  82% used [0x00000000e5560000, 0x00000000e66e7100, 0x00000000e6ab0000)
  to   space 21824K,   0% used [0x00000000e6ab0000, 0x00000000e6ab0000, 0x00000000e8000000)
 concurrent mark-sweep generation total 393216K, used 0K [0x00000000e8000000, 0x0000000100000000, 0x0000000100000000)
 Metaspace       used 22082K, capacity 22472K, committed 22624K, reserved 1069056K
  class space    used 2577K, capacity 2716K, committed 2760K, reserved 1048576K
}
2023-04-24T12:01:31.670+0530: 1.110: [Rescan (parallel) , 0.0018331 secs]2023-04-24T12:01:31.672+0530: 1.112: [weak refs processing, 0.0003044 secs]2023-04-24T12:01:31.672+0530: 1.112: [class unloading, 0.0023474 secs]2023-04-24T12:01:31.675+0530: 1.115: [scrub symbol table, 0.0016114 secs]2023-04-24T12:01:31.676+0530: 1.116: [scrub string table, 0.0003039 secs][1 CMS-remark: 0K(393216K)] 17948K(502464K), 0.0110437 secs] [Times: user=0.03 sys=0.00, real=0.01 secs] 
2023-04-24T12:01:31.677+0530: 1.117: Total time for which application threads were stopped: 0.0111604 seconds, Stopping threads took: 0.0000544 seconds
2023-04-24T12:01:31.677+0530: 1.117: [CMS-concurrent-sweep-start]
2023-04-24T12:01:31.677+0530: 1.117: [CMS-concurrent-sweep: 0.000/0.000 secs] [Times: user=0.00 sys=0.00, real=0.00 secs] 
2023-04-24T12:01:31.677+0530: 1.117: [CMS-concurrent-reset-start]
2023-04-24T12:01:31.680+0530: 1.120: [CMS-concurrent-reset: 0.002/0.002 secs] [Times: user=0.01 sys=0.00, real=0.00 secs] 
{Heap before GC invocations=6 (full 1):
 par new generation   total 109248K, used 105372K [0x00000000e0000000, 0x00000000e8000000, 0x00000000e8000000)
  eden space 87424K, 100% used [0x00000000e0000000, 0x00000000e5560000, 0x00000000e5560000)
  from space 21824K,  82% used [0x00000000e5560000, 0x00000000e66e7100, 0x00000000e6ab0000)
  to   space 21824K,   0% used [0x00000000e6ab0000, 0x00000000e6ab0000, 0x00000000e8000000)
 concurrent mark-sweep generation total 393216K, used 0K [0x00000000e8000000, 0x0000000100000000, 0x0000000100000000)
 Metaspace       used 22194K, capacity 22554K, committed 22880K, reserved 1069056K
  class space    used 2593K, capacity 2719K, committed 2760K, reserved 1048576K
2023-04-24T12:01:31.704+0530: 1.145: [GC (Allocation Failure) 2023-04-24T12:01:31.704+0530: 1.145: [ParNew
Desired survivor size 20112992 bytes, new threshold 8 (max 8)
- age   1:     579016 bytes,     579016 total
- age   3:     118096 bytes,     697112 total
- age   4:    1920624 bytes,    2617736 total
- age   5:     325320 bytes,    2943056 total
- age   6:    4893440 bytes,    7836496 total
- age   7:    2551904 bytes,   10388400 total
: 105372K->11857K(109248K), 0.0061356 secs] 105372K->11857K(502464K), 0.0062126 secs] [Times: user=0.03 sys=0.00, real=0.01 secs] 
Heap after GC invocations=7 (full 1):
 par new generation   total 109248K, used 11857K [0x00000000e0000000, 0x00000000e8000000, 0x00000000e8000000)
  eden space 87424K,   0% used [0x00000000e0000000, 0x00000000e0000000, 0x00000000e5560000)
  from space 21824K,  54% used [0x00000000e6ab0000, 0x00000000e7644560, 0x00000000e8000000)
  to   space 21824K,   0% used [0x00000000e5560000, 0x00000000e5560000, 0x00000000e6ab0000)
 concurrent mark-sweep generation total 393216K, used 0K [0x00000000e8000000, 0x0000000100000000, 0x0000000100000000)
 Metaspace       used 22194K, capacity 22554K, committed 22880K, reserved 1069056K
  class space    used 2593K, capacity 2719K, committed 2760K, reserved 1048576K
}
2023-04-24T12:01:31.711+0530: 1.151: Total time for which application threads were stopped: 0.0064027 seconds, Stopping threads took: 0.0000423 seconds
{Heap before GC invocations=7 (full 1):
 par new generation   total 109248K, used 99281K [0x00000000e0000000, 0x00000000e8000000, 0x00000000e8000000)
  eden space 87424K, 100% used [0x00000000e0000000, 0x00000000e5560000, 0x00000000e5560000)
  from space 21824K,  54% used [0x00000000e6ab0000, 0x00000000e7644560, 0x00000000e8000000)
  to   space 21824K,   0% used [0x00000000e5560000, 0x00000000e5560000, 0x00000000e6ab0000)
 concurrent mark-sweep generation total 393216K, used 0K [0x00000000e8000000, 0x0000000100000000, 0x0000000100000000)
 Metaspace       used 22353K, capacity 22722K, committed 22880K, reserved 1069056K
  class space    used 2617K, capacity 2753K, committed 2760K, reserved 1048576K
2023-04-24T12:01:31.743+0530: 1.183: [GC (Allocation Failure) 2023-04-24T12:01:31.743+0530: 1.183: [ParNew
Desired survivor size 20112992 bytes, new threshold 8 (max 8)
- age   1:     594136 bytes,     594136 total
- age   2:     133624 bytes,     727760 total
- age   4:     117176 bytes,     844936 total
- age   5:    1920472 bytes,    2765408 total
- age   6:     325072 bytes,    3090480 total
- age   7:    4890712 bytes,    7981192 total
- age   8:    2552192 bytes,   10533384 total
: 99281K->13191K(109248K), 0.0049189 secs] 99281K->13191K(502464K), 0.0049998 secs] [Times: user=0.02 sys=0.00, real=0.01 secs] 
Heap after GC invocations=8 (full 1):
 par new generation   total 109248K, used 13191K [0x00000000e0000000, 0x00000000e8000000, 0x00000000e8000000)
  eden space 87424K,   0% used [0x00000000e0000000, 0x00000000e0000000, 0x00000000e5560000)
  from space 21824K,  60% used [0x00000000e5560000, 0x00000000e6241e10, 0x00000000e6ab0000)
  to   space 21824K,   0% used [0x00000000e6ab0000, 0x00000000e6ab0000, 0x00000000e8000000)
 concurrent mark-sweep generation total 393216K, used 0K [0x00000000e8000000, 0x0000000100000000, 0x0000000100000000)
 Metaspace       used 22353K, capacity 22722K, committed 22880K, reserved 1069056K
  class space    used 2617K, capacity 2753K, committed 2760K, reserved 1048576K
}
2023-04-24T12:01:31.748+0530: 1.188: Total time for which application threads were stopped: 0.0051568 seconds, Stopping threads took: 0.0000265 seconds
{Heap before GC invocations=8 (full 1):
 par new generation   total 109248K, used 100615K [0x00000000e0000000, 0x00000000e8000000, 0x00000000e8000000)
  eden space 87424K, 100% used [0x00000000e0000000, 0x00000000e5560000, 0x00000000e5560000)
  from space 21824K,  60% used [0x00000000e5560000, 0x00000000e6241e10, 0x00000000e6ab0000)
  to   space 21824K,   0% used [0x00000000e6ab0000, 0x00000000e6ab0000, 0x00000000e8000000)
 concurrent mark-sweep generation total 393216K, used 0K [0x00000000e8000000, 0x0000000100000000, 0x0000000100000000)
 Metaspace       used 22664K, capacity 23074K, committed 23264K, reserved 1069056K
  class space    used 2651K, capacity 2785K, committed 2888K, reserved 1048576K
2023-04-24T12:01:31.787+0530: 1.228: [GC (Allocation Failure) 2023-04-24T12:01:31.787+0530: 1.228: [ParNew
Desired survivor size 20112992 bytes, new threshold 8 (max 8)
- age   1:     964800 bytes,     964800 total
- age   2:     117424 bytes,    1082224 total
- age   3:     132736 bytes,    1214960 total
- age   5:     115800 bytes,    1330760 total
- age   6:    1920976 bytes,    3251736 total
- age   7:     324464 bytes,    3576200 total
- age   8:    4890664 bytes,    8466864 total
: 100615K->12391K(109248K), 0.0097987 secs] 100615K->14921K(502464K), 0.0098633 secs] [Times: user=0.04 sys=0.00, real=0.01 secs] 
Heap after GC invocations=9 (full 1):
 par new generation   total 109248K, used 12391K [0x00000000e0000000, 0x00000000e8000000, 0x00000000e8000000)
  eden space 87424K,   0% used [0x00000000e0000000, 0x00000000e0000000, 0x00000000e5560000)
  from space 21824K,  56% used [0x00000000e6ab0000, 0x00000000e76c9dc8, 0x00000000e8000000)
  to   space 21824K,   0% used [0x00000000e5560000, 0x00000000e5560000, 0x00000000e6ab0000)
 concurrent mark-sweep generation total 393216K, used 2530K [0x00000000e8000000, 0x0000000100000000, 0x0000000100000000)
 Metaspace       used 22664K, capacity 23074K, committed 23264K, reserved 1069056K
  class space    used 2651K, capacity 2785K, committed 2888K, reserved 1048576K
}
2023-04-24T12:01:31.797+0530: 1.238: Total time for which application threads were stopped: 0.0099960 seconds, Stopping threads took: 0.0000347 seconds
2023-04-24T12:01:31.825+0530: 1.265: Total time for which application threads were stopped: 0.0002980 seconds, Stopping threads took: 0.0000173 seconds
2023-04-24T12:01:31.914+0530: 1.354: Total time for which application threads were stopped: 0.0003434 seconds, Stopping threads took: 0.0000157 seconds
2023-04-24T12:01:31.924+0530: 1.364: Total time for which application threads were stopped: 0.0003311 seconds, Stopping threads took: 0.0000199 seconds
2023-04-24T12:01:31.932+0530: 1.373: Total time for which application threads were stopped: 0.0003021 seconds, Stopping threads took: 0.0000137 seconds
{Heap before GC invocations=9 (full 1):
 par new generation   total 109248K, used 99815K [0x00000000e0000000, 0x00000000e8000000, 0x00000000e8000000)
  eden space 87424K, 100% used [0x00000000e0000000, 0x00000000e5560000, 0x00000000e5560000)
  from space 21824K,  56% used [0x00000000e6ab0000, 0x00000000e76c9dc8, 0x00000000e8000000)
  to   space 21824K,   0% used [0x00000000e5560000, 0x00000000e5560000, 0x00000000e6ab0000)
 concurrent mark-sweep generation total 393216K, used 2530K [0x00000000e8000000, 0x0000000100000000, 0x0000000100000000)
 Metaspace       used 26371K, capacity 26736K, committed 27080K, reserved 1073152K
  class space    used 3096K, capacity 3240K, committed 3272K, reserved 1048576K
2023-04-24T12:01:32.088+0530: 1.529: [GC (Allocation Failure) 2023-04-24T12:01:32.088+0530: 1.529: [ParNew
Desired survivor size 20112992 bytes, new threshold 8 (max 8)
- age   1:    5356400 bytes,    5356400 total
- age   2:     210832 bytes,    5567232 total
- age   3:     117376 bytes,    5684608 total
- age   4:     132688 bytes,    5817296 total
- age   6:     115648 bytes,    5932944 total
- age   7:     288208 bytes,    6221152 total
- age   8:     314368 bytes,    6535520 total
: 99815K->8367K(109248K), 0.0082606 secs] 102345K->15701K(502464K), 0.0083485 secs] [Times: user=0.03 sys=0.01, real=0.00 secs] 
Heap after GC invocations=10 (full 1):
 par new generation   total 109248K, used 8367K [0x00000000e0000000, 0x00000000e8000000, 0x00000000e8000000)
  eden space 87424K,   0% used [0x00000000e0000000, 0x00000000e0000000, 0x00000000e5560000)
  from space 21824K,  38% used [0x00000000e5560000, 0x00000000e5d8bd20, 0x00000000e6ab0000)
  to   space 21824K,   0% used [0x00000000e6ab0000, 0x00000000e6ab0000, 0x00000000e8000000)
 concurrent mark-sweep generation total 393216K, used 7333K [0x00000000e8000000, 0x0000000100000000, 0x0000000100000000)
 Metaspace       used 26371K, capacity 26736K, committed 27080K, reserved 1073152K
  class space    used 3096K, capacity 3240K, committed 3272K, reserved 1048576K
}
2023-04-24T12:01:32.097+0530: 1.537: Total time for which application threads were stopped: 0.0085384 seconds, Stopping threads took: 0.0000320 seconds
2023-04-24T12:01:32.201+0530: 1.642: Total time for which application threads were stopped: 0.0004395 seconds, Stopping threads took: 0.0000319 seconds
2023-04-24T12:01:32.202+0530: 1.643: Total time for which application threads were stopped: 0.0004476 seconds, Stopping threads took: 0.0000832 seconds
{Heap before GC invocations=10 (full 1):
 par new generation   total 109248K, used 95791K [0x00000000e0000000, 0x00000000e8000000, 0x00000000e8000000)
  eden space 87424K, 100% used [0x00000000e0000000, 0x00000000e5560000, 0x00000000e5560000)
  from space 21824K,  38% used [0x00000000e5560000, 0x00000000e5d8bd20, 0x00000000e6ab0000)
  to   space 21824K,   0% used [0x00000000e6ab0000, 0x00000000e6ab0000, 0x00000000e8000000)
 concurrent mark-sweep generation total 393216K, used 7333K [0x00000000e8000000, 0x0000000100000000, 0x0000000100000000)
 Metaspace       used 28120K, capacity 28494K, committed 28872K, reserved 1075200K
  class space    used 3288K, capacity 3437K, committed 3528K, reserved 1048576K
2023-04-24T12:01:32.343+0530: 1.783: [GC (Allocation Failure) 2023-04-24T12:01:32.343+0530: 1.783: [ParNew
Desired survivor size 20112992 bytes, new threshold 8 (max 8)
- age   1:   10236328 bytes,   10236328 total
- age   2:    2295080 bytes,   12531408 total
- age   3:     210832 bytes,   12742240 total
- age   4:     117280 bytes,   12859520 total
- age   5:     132000 bytes,   12991520 total
- age   7:     115520 bytes,   13107040 total
- age   8:     287880 bytes,   13394920 total
: 95791K->15151K(109248K), 0.0142864 secs] 103125K->22792K(502464K), 0.0143858 secs] [Times: user=0.07 sys=0.00, real=0.01 secs] 
Heap after GC invocations=11 (full 1):
 par new generation   total 109248K, used 15151K [0x00000000e0000000, 0x00000000e8000000, 0x00000000e8000000)
  eden space 87424K,   0% used [0x00000000e0000000, 0x00000000e0000000, 0x00000000e5560000)
  from space 21824K,  69% used [0x00000000e6ab0000, 0x00000000e797bf00, 0x00000000e8000000)
  to   space 21824K,   0% used [0x00000000e5560000, 0x00000000e5560000, 0x00000000e6ab0000)
 concurrent mark-sweep generation total 393216K, used 7640K [0x00000000e8000000, 0x0000000100000000, 0x0000000100000000)
 Metaspace       used 28120K, capacity 28494K, committed 28872K, reserved 1075200K
  class space    used 3288K, capacity 3437K, committed 3528K, reserved 1048576K
}
2023-04-24T12:01:32.358+0530: 1.798: Total time for which application threads were stopped: 0.0146560 seconds, Stopping threads took: 0.0000455 seconds
2023-04-24T12:01:32.374+0530: 1.815: Total time for which application threads were stopped: 0.0004702 seconds, Stopping threads took: 0.0000558 seconds
{Heap before GC invocations=11 (full 1):
 par new generation   total 109248K, used 102575K [0x00000000e0000000, 0x00000000e8000000, 0x00000000e8000000)
  eden space 87424K, 100% used [0x00000000e0000000, 0x00000000e5560000, 0x00000000e5560000)
  from space 21824K,  69% used [0x00000000e6ab0000, 0x00000000e797bf00, 0x00000000e8000000)
  to   space 21824K,   0% used [0x00000000e5560000, 0x00000000e5560000, 0x00000000e6ab0000)
 concurrent mark-sweep generation total 393216K, used 7640K [0x00000000e8000000, 0x0000000100000000, 0x0000000100000000)
 Metaspace       used 28198K, capacity 28564K, committed 28872K, reserved 1075200K
  class space    used 3293K, capacity 3438K, committed 3528K, reserved 1048576K
2023-04-24T12:01:32.400+0530: 1.840: [GC (Allocation Failure) 2023-04-24T12:01:32.400+0530: 1.840: [ParNew
Desired survivor size 20112992 bytes, new threshold 8 (max 8)
- age   1:    2440968 bytes,    2440968 total
- age   2:    8029352 bytes,   10470320 total
- age   3:    2295184 bytes,   12765504 total
- age   4:     210832 bytes,   12976336 total
- age   5:     117280 bytes,   13093616 total
- age   6:     132000 bytes,   13225616 total
- age   8:     115520 bytes,   13341136 total
: 102575K->21515K(109248K), 0.0086337 secs] 110216K->29442K(502464K), 0.0087065 secs] [Times: user=0.05 sys=0.00, real=0.01 secs] 
Heap after GC invocations=12 (full 1):
 par new generation   total 109248K, used 21515K [0x00000000e0000000, 0x00000000e8000000, 0x00000000e8000000)
  eden space 87424K,   0% used [0x00000000e0000000, 0x00000000e0000000, 0x00000000e5560000)
  from space 21824K,  98% used [0x00000000e5560000, 0x00000000e6a62e00, 0x00000000e6ab0000)
  to   space 21824K,   0% used [0x00000000e6ab0000, 0x00000000e6ab0000, 0x00000000e8000000)
 concurrent mark-sweep generation total 393216K, used 7926K [0x00000000e8000000, 0x0000000100000000, 0x0000000100000000)
 Metaspace       used 28198K, capacity 28564K, committed 28872K, reserved 1075200K
  class space    used 3293K, capacity 3438K, committed 3528K, reserved 1048576K
}
2023-04-24T12:01:32.409+0530: 1.849: Total time for which application threads were stopped: 0.0089508 seconds, Stopping threads took: 0.0001141 seconds
{Heap before GC invocations=12 (full 1):
 par new generation   total 109248K, used 108939K [0x00000000e0000000, 0x00000000e8000000, 0x00000000e8000000)
  eden space 87424K, 100% used [0x00000000e0000000, 0x00000000e5560000, 0x00000000e5560000)
  from space 21824K,  98% used [0x00000000e5560000, 0x00000000e6a62e00, 0x00000000e6ab0000)
  to   space 21824K,   0% used [0x00000000e6ab0000, 0x00000000e6ab0000, 0x00000000e8000000)
 concurrent mark-sweep generation total 393216K, used 7926K [0x00000000e8000000, 0x0000000100000000, 0x0000000100000000)
 Metaspace       used 28231K, capacity 28606K, committed 28872K, reserved 1075200K
  class space    used 3297K, capacity 3445K, committed 3528K, reserved 1048576K
2023-04-24T12:01:32.433+0530: 1.873: [GC (Allocation Failure) 2023-04-24T12:01:32.433+0530: 1.873: [ParNew
Desired survivor size 20112992 bytes, new threshold 8 (max 8)
- age   1:     696920 bytes,     696920 total
- age   2:    2203472 bytes,    2900392 total
- age   3:    7999136 bytes,   10899528 total
- age   4:    2295104 bytes,   13194632 total
- age   5:     210832 bytes,   13405464 total
- age   6:     117280 bytes,   13522744 total
- age   7:     131792 bytes,   13654536 total
: 108939K->16352K(109248K), 0.0089394 secs] 116866K->24396K(502464K), 0.0090253 secs] [Times: user=0.05 sys=0.00, real=0.01 secs] 
Heap after GC invocations=13 (full 1):
 par new generation   total 109248K, used 16352K [0x00000000e0000000, 0x00000000e8000000, 0x00000000e8000000)
  eden space 87424K,   0% used [0x00000000e0000000, 0x00000000e0000000, 0x00000000e5560000)
  from space 21824K,  74% used [0x00000000e6ab0000, 0x00000000e7aa8380, 0x00000000e8000000)
  to   space 21824K,   0% used [0x00000000e5560000, 0x00000000e5560000, 0x00000000e6ab0000)
 concurrent mark-sweep generation total 393216K, used 8043K [0x00000000e8000000, 0x0000000100000000, 0x0000000100000000)
 Metaspace       used 28231K, capacity 28606K, committed 28872K, reserved 1075200K
  class space    used 3297K, capacity 3445K, committed 3528K, reserved 1048576K
}
2023-04-24T12:01:32.442+0530: 1.882: Total time for which application threads were stopped: 0.0091877 seconds, Stopping threads took: 0.0000404 seconds
{Heap before GC invocations=13 (full 1):
 par new generation   total 109248K, used 103776K [0x00000000e0000000, 0x00000000e8000000, 0x00000000e8000000)
  eden space 87424K, 100% used [0x00000000e0000000, 0x00000000e5560000, 0x00000000e5560000)
  from space 21824K,  74% used [0x00000000e6ab0000, 0x00000000e7aa8380, 0x00000000e8000000)
  to   space 21824K,   0% used [0x00000000e5560000, 0x00000000e5560000, 0x00000000e6ab0000)
 concurrent mark-sweep generation total 393216K, used 8043K [0x00000000e8000000, 0x0000000100000000, 0x0000000100000000)
 Metaspace       used 28256K, capacity 28630K, committed 28872K, reserved 1075200K
  class space    used 3299K, capacity 3449K, committed 3528K, reserved 1048576K
2023-04-24T12:01:32.486+0530: 1.926: [GC (Allocation Failure) 2023-04-24T12:01:32.486+0530: 1.926: [ParNew
Desired survivor size 20112992 bytes, new threshold 8 (max 8)
- age   1:     486896 bytes,     486896 total
- age   2:      58632 bytes,     545528 total
- age   3:    2203472 bytes,    2749000 total
- age   4:    7999136 bytes,   10748136 total
- age   5:    2295104 bytes,   13043240 total
- age   6:     210832 bytes,   13254072 total
- age   7:     117280 bytes,   13371352 total
- age   8:     131480 bytes,   13502832 total
: 103776K->20103K(109248K), 0.0078666 secs] 111820K->28146K(502464K), 0.0079784 secs] [Times: user=0.06 sys=0.00, real=0.01 secs] 
Heap after GC invocations=14 (full 1):
 par new generation   total 109248K, used 20103K [0x00000000e0000000, 0x00000000e8000000, 0x00000000e8000000)
  eden space 87424K,   0% used [0x00000000e0000000, 0x00000000e0000000, 0x00000000e5560000)
  from space 21824K,  92% used [0x00000000e5560000, 0x00000000e6901c80, 0x00000000e6ab0000)
  to   space 21824K,   0% used [0x00000000e6ab0000, 0x00000000e6ab0000, 0x00000000e8000000)
 concurrent mark-sweep generation total 393216K, used 8043K [0x00000000e8000000, 0x0000000100000000, 0x0000000100000000)
 Metaspace       used 28256K, capacity 28630K, committed 28872K, reserved 1075200K
  class space    used 3299K, capacity 3449K, committed 3528K, reserved 1048576K
}
2023-04-24T12:01:32.494+0530: 1.934: Total time for which application threads were stopped: 0.0082095 seconds, Stopping threads took: 0.0000544 seconds
{Heap before GC invocations=14 (full 1):
 par new generation   total 109248K, used 107527K [0x00000000e0000000, 0x00000000e8000000, 0x00000000e8000000)
  eden space 87424K, 100% used [0x00000000e0000000, 0x00000000e5560000, 0x00000000e5560000)
  from space 21824K,  92% used [0x00000000e5560000, 0x00000000e6901c80, 0x00000000e6ab0000)
  to   space 21824K,   0% used [0x00000000e6ab0000, 0x00000000e6ab0000, 0x00000000e8000000)
 concurrent mark-sweep generation total 393216K, used 8043K [0x00000000e8000000, 0x0000000100000000, 0x0000000100000000)
 Metaspace       used 28262K, capacity 28636K, committed 28872K, reserved 1075200K
  class space    used 3300K, capacity 3450K, committed 3528K, reserved 1048576K
2023-04-24T12:01:32.556+0530: 1.997: [GC (Allocation Failure) 2023-04-24T12:01:32.556+0530: 1.997: [ParNew
Desired survivor size 20112992 bytes, new threshold 8 (max 8)
- age   1:     552880 bytes,     552880 total
- age   2:     105840 bytes,     658720 total
- age   3:      58088 bytes,     716808 total
- age   4:    2203472 bytes,    2920280 total
- age   5:    7999136 bytes,   10919416 total
- age   6:    2295208 bytes,   13214624 total
- age   7:     210832 bytes,   13425456 total
- age   8:     117280 bytes,   13542736 total
: 107527K->15421K(109248K), 0.0077936 secs] 115570K->23595K(502464K), 0.0078840 secs] [Times: user=0.05 sys=0.00, real=0.01 secs] 
Heap after GC invocations=15 (full 1):
 par new generation   total 109248K, used 15421K [0x00000000e0000000, 0x00000000e8000000, 0x00000000e8000000)
  eden space 87424K,   0% used [0x00000000e0000000, 0x00000000e0000000, 0x00000000e5560000)
  from space 21824K,  70% used [0x00000000e6ab0000, 0x00000000e79bf460, 0x00000000e8000000)
  to   space 21824K,   0% used [0x00000000e5560000, 0x00000000e5560000, 0x00000000e6ab0000)
 concurrent mark-sweep generation total 393216K, used 8174K [0x00000000e8000000, 0x0000000100000000, 0x0000000100000000)
 Metaspace       used 28262K, capacity 28636K, committed 28872K, reserved 1075200K
  class space    used 3300K, capacity 3450K, committed 3528K, reserved 1048576K
}
2023-04-24T12:01:32.564+0530: 2.005: Total time for which application threads were stopped: 0.0080459 seconds, Stopping threads took: 0.0000367 seconds
{Heap before GC invocations=15 (full 1):
 par new generation   total 109248K, used 102837K [0x00000000e0000000, 0x00000000e8000000, 0x00000000e8000000)
  eden space 87424K,  99% used [0x00000000e0000000, 0x00000000e555e060, 0x00000000e5560000)
  from space 21824K,  70% used [0x00000000e6ab0000, 0x00000000e79bf460, 0x00000000e8000000)
  to   space 21824K,   0% used [0x00000000e5560000, 0x00000000e5560000, 0x00000000e6ab0000)
 concurrent mark-sweep generation total 393216K, used 8174K [0x00000000e8000000, 0x0000000100000000, 0x0000000100000000)
 Metaspace       used 28340K, capacity 28770K, committed 29128K, reserved 1075200K
  class space    used 3301K, capacity 3451K, committed 3528K, reserved 1048576K
2023-04-24T12:01:32.609+0530: 2.050: [GC (Allocation Failure) 2023-04-24T12:01:32.609+0530: 2.050: [ParNew
Desired survivor size 20112992 bytes, new threshold 8 (max 8)
- age   1:    1411792 bytes,    1411792 total
- age   2:      82768 bytes,    1494560 total
- age   3:     105216 bytes,    1599776 total
- age   4:      57632 bytes,    1657408 total
- age   5:    1661648 bytes,    3319056 total
- age   6:    7999136 bytes,   11318192 total
- age   7:    2294976 bytes,   13613168 total
- age   8:     210832 bytes,   13824000 total
: 102837K->20056K(109248K), 0.0059970 secs] 111011K->28348K(502464K), 0.0060748 secs] [Times: user=0.03 sys=0.01, real=0.00 secs] 
Heap after GC invocations=16 (full 1):
 par new generation   total 109248K, used 20056K [0x00000000e0000000, 0x00000000e8000000, 0x00000000e8000000)
  eden space 87424K,   0% used [0x00000000e0000000, 0x00000000e0000000, 0x00000000e5560000)
  from space 21824K,  91% used [0x00000000e5560000, 0x00000000e68f6338, 0x00000000e6ab0000)
  to   space 21824K,   0% used [0x00000000e6ab0000, 0x00000000e6ab0000, 0x00000000e8000000)
 concurrent mark-sweep generation total 393216K, used 8291K [0x00000000e8000000, 0x0000000100000000, 0x0000000100000000)
 Metaspace       used 28340K, capacity 28770K, committed 29128K, reserved 1075200K
  class space    used 3301K, capacity 3451K, committed 3528K, reserved 1048576K
}
2023-04-24T12:01:32.616+0530: 2.056: Total time for which application threads were stopped: 0.0063160 seconds, Stopping threads took: 0.0000495 seconds
{Heap before GC invocations=16 (full 1):
 par new generation   total 109248K, used 107480K [0x00000000e0000000, 0x00000000e8000000, 0x00000000e8000000)
  eden space 87424K, 100% used [0x00000000e0000000, 0x00000000e5560000, 0x00000000e5560000)
  from space 21824K,  91% used [0x00000000e5560000, 0x00000000e68f6338, 0x00000000e6ab0000)
  to   space 21824K,   0% used [0x00000000e6ab0000, 0x00000000e6ab0000, 0x00000000e8000000)
 concurrent mark-sweep generation total 393216K, used 8291K [0x00000000e8000000, 0x0000000100000000, 0x0000000100000000)
 Metaspace       used 28460K, capacity 28870K, committed 29128K, reserved 1075200K
  class space    used 3306K, capacity 3458K, committed 3528K, reserved 1048576K
2023-04-24T12:01:32.684+0530: 2.124: [GC (Allocation Failure) 2023-04-24T12:01:32.684+0530: 2.124: [ParNew
Desired survivor size 20112992 bytes, new threshold 8 (max 8)
- age   1:    6228040 bytes,    6228040 total
- age   2:     471456 bytes,    6699496 total
- age   3:      81496 bytes,    6780992 total
- age   4:     104688 bytes,    6885680 total
- age   5:      56600 bytes,    6942280 total
- age   6:     285312 bytes,    7227592 total
- age   7:    7984912 bytes,   15212504 total
- age   8:    2294848 bytes,   17507352 total
: 107480K->19819K(109248K), 0.0098224 secs] 115772K->28321K(502464K), 0.0098916 secs] [Times: user=0.04 sys=0.00, real=0.01 secs] 
Heap after GC invocations=17 (full 1):
 par new generation   total 109248K, used 19819K [0x00000000e0000000, 0x00000000e8000000, 0x00000000e8000000)
  eden space 87424K,   0% used [0x00000000e0000000, 0x00000000e0000000, 0x00000000e5560000)
  from space 21824K,  90% used [0x00000000e6ab0000, 0x00000000e7e0add0, 0x00000000e8000000)
  to   space 21824K,   0% used [0x00000000e5560000, 0x00000000e5560000, 0x00000000e6ab0000)
 concurrent mark-sweep generation total 393216K, used 8501K [0x00000000e8000000, 0x0000000100000000, 0x0000000100000000)
 Metaspace       used 28460K, capacity 28870K, committed 29128K, reserved 1075200K
  class space    used 3306K, capacity 3458K, committed 3528K, reserved 1048576K
}
2023-04-24T12:01:32.694+0530: 2.134: Total time for which application threads were stopped: 0.0101154 seconds, Stopping threads took: 0.0000552 seconds
{Heap before GC invocations=17 (full 1):
 par new generation   total 109248K, used 107243K [0x00000000e0000000, 0x00000000e8000000, 0x00000000e8000000)
  eden space 87424K, 100% used [0x00000000e0000000, 0x00000000e5560000, 0x00000000e5560000)
  from space 21824K,  90% used [0x00000000e6ab0000, 0x00000000e7e0add0, 0x00000000e8000000)
  to   space 21824K,   0% used [0x00000000e5560000, 0x00000000e5560000, 0x00000000e6ab0000)
 concurrent mark-sweep generation total 393216K, used 8501K [0x00000000e8000000, 0x0000000100000000, 0x0000000100000000)
 Metaspace       used 28544K, capacity 28946K, committed 29128K, reserved 1075200K
  class space    used 3311K, capacity 3465K, committed 3528K, reserved 1048576K
2023-04-24T12:01:32.743+0530: 2.183: [GC (Allocation Failure) 2023-04-24T12:01:32.743+0530: 2.183: [ParNew
Desired survivor size 20112992 bytes, new threshold 8 (max 8)
- age   1:    3102672 bytes,    3102672 total
- age   2:    5833864 bytes,    8936536 total
- age   3:     471456 bytes,    9407992 total
- age   4:      81496 bytes,    9489488 total
- age   5:     104688 bytes,    9594176 total
- age   6:      56600 bytes,    9650776 total
- age   7:     285256 bytes,    9936032 total
- age   8:    7984704 bytes,   17920736 total
: 107243K->21824K(109248K), 0.0121010 secs] 115745K->32594K(502464K), 0.0121766 secs] [Times: user=0.06 sys=0.01, real=0.01 secs] 
Heap after GC invocations=18 (full 1):
 par new generation   total 109248K, used 21824K [0x00000000e0000000, 0x00000000e8000000, 0x00000000e8000000)
  eden space 87424K,   0% used [0x00000000e0000000, 0x00000000e0000000, 0x00000000e5560000)
  from space 21824K, 100% used [0x00000000e5560000, 0x00000000e6ab0000, 0x00000000e6ab0000)
  to   space 21824K,   0% used [0x00000000e6ab0000, 0x00000000e6ab0000, 0x00000000e8000000)
 concurrent mark-sweep generation total 393216K, used 10770K [0x00000000e8000000, 0x0000000100000000, 0x0000000100000000)
 Metaspace       used 28544K, capacity 28946K, committed 29128K, reserved 1075200K
  class space    used 3311K, capacity 3465K, committed 3528K, reserved 1048576K
}
2023-04-24T12:01:32.755+0530: 2.195: Total time for which application threads were stopped: 0.0123204 seconds, Stopping threads took: 0.0000201 seconds
2023-04-24T12:01:33.755+0530: 3.195: Total time for which application threads were stopped: 0.0001541 seconds, Stopping threads took: 0.0000250 seconds
2023-04-24T12:01:34.599+0530: 4.039: Total time for which application threads were stopped: 0.0002854 seconds, Stopping threads took: 0.0000184 seconds
{Heap before GC invocations=18 (full 1):
 par new generation   total 109248K, used 109248K [0x00000000e0000000, 0x00000000e8000000, 0x00000000e8000000)
  eden space 87424K, 100% used [0x00000000e0000000, 0x00000000e5560000, 0x00000000e5560000)
  from space 21824K, 100% used [0x00000000e5560000, 0x00000000e6ab0000, 0x00000000e6ab0000)
  to   space 21824K,   0% used [0x00000000e6ab0000, 0x00000000e6ab0000, 0x00000000e8000000)
 concurrent mark-sweep generation total 393216K, used 10770K [0x00000000e8000000, 0x0000000100000000, 0x0000000100000000)
 Metaspace       used 28668K, capacity 29074K, committed 29384K, reserved 1075200K
  class space    used 3315K, capacity 3465K, committed 3528K, reserved 1048576K
2023-04-24T12:01:36.089+0530: 5.530: [GC (Allocation Failure) 2023-04-24T12:01:36.090+0530: 5.530: [ParNew
Desired survivor size 20112992 bytes, new threshold 8 (max 8)
- age   1:    2601096 bytes,    2601096 total
- age   2:    2080336 bytes,    4681432 total
- age   3:    5821536 bytes,   10502968 total
- age   4:     471456 bytes,   10974424 total
- age   5:      81496 bytes,   11055920 total
- age   6:     104688 bytes,   11160608 total
- age   7:      56600 bytes,   11217208 total
- age   8:     285256 bytes,   11502464 total
: 109248K->21824K(109248K), 0.0266095 secs] 120018K->42213K(502464K), 0.0268285 secs] [Times: user=0.10 sys=0.00, real=0.02 secs] 
Heap after GC invocations=19 (full 1):
 par new generation   total 109248K, used 21824K [0x00000000e0000000, 0x00000000e8000000, 0x00000000e8000000)
  eden space 87424K,   0% used [0x00000000e0000000, 0x00000000e0000000, 0x00000000e5560000)
  from space 21824K, 100% used [0x00000000e6ab0000, 0x00000000e8000000, 0x00000000e8000000)
  to   space 21824K,   0% used [0x00000000e5560000, 0x00000000e5560000, 0x00000000e6ab0000)
 concurrent mark-sweep generation total 393216K, used 20389K [0x00000000e8000000, 0x0000000100000000, 0x0000000100000000)
 Metaspace       used 28668K, capacity 29074K, committed 29384K, reserved 1075200K
  class space    used 3315K, capacity 3465K, committed 3528K, reserved 1048576K
}
2023-04-24T12:01:36.116+0530: 5.557: Total time for which application threads were stopped: 0.0276050 seconds, Stopping threads took: 0.0005321 seconds
2023-04-24T12:01:36.116+0530: 5.557: Total time for which application threads were stopped: 0.0000534 seconds, Stopping threads took: 0.0000077 seconds
2023-04-24T12:01:36.119+0530: 5.559: Total time for which application threads were stopped: 0.0000294 seconds, Stopping threads took: 0.0000046 seconds
2023-04-24T12:01:36.134+0530: 5.574: Total time for which application threads were stopped: 0.0003478 seconds, Stopping threads took: 0.0000125 seconds
2023-04-24T12:01:36.142+0530: 5.582: Total time for which application threads were stopped: 0.0000748 seconds, Stopping threads took: 0.0000184 seconds
2023-04-24T12:01:36.294+0530: 5.734: Total time for which application threads were stopped: 0.0001256 seconds, Stopping threads took: 0.0000268 seconds
2023-04-24T12:01:36.294+0530: 5.735: Total time for which application threads were stopped: 0.0001333 seconds, Stopping threads took: 0.0000492 seconds
2023-04-24T12:01:36.298+0530: 5.739: Total time for which application threads were stopped: 0.0000661 seconds, Stopping threads took: 0.0000140 seconds
2023-04-24T12:01:36.308+0530: 5.748: Total time for which application threads were stopped: 0.0000861 seconds, Stopping threads took: 0.0000378 seconds
2023-04-24T12:01:36.333+0530: 5.773: Total time for which application threads were stopped: 0.0003931 seconds, Stopping threads took: 0.0000244 seconds
2023-04-24T12:01:36.334+0530: 5.774: Total time for which application threads were stopped: 0.0003892 seconds, Stopping threads took: 0.0000976 seconds
2023-04-24T12:01:36.335+0530: 5.775: Total time for which application threads were stopped: 0.0001475 seconds, Stopping threads took: 0.0001041 seconds
2023-04-24T12:01:36.335+0530: 5.775: Total time for which application threads were stopped: 0.0001078 seconds, Stopping threads took: 0.0000776 seconds
2023-04-24T12:01:36.335+0530: 5.775: Total time for which application threads were stopped: 0.0000429 seconds, Stopping threads took: 0.0000169 seconds
2023-04-24T12:01:36.335+0530: 5.776: Total time for which application threads were stopped: 0.0000703 seconds, Stopping threads took: 0.0000433 seconds
2023-04-24T12:01:36.335+0530: 5.776: Total time for which application threads were stopped: 0.0000715 seconds, Stopping threads took: 0.0000327 seconds
2023-04-24T12:01:36.336+0530: 5.776: Total time for which application threads were stopped: 0.0000550 seconds, Stopping threads took: 0.0000243 seconds
2023-04-24T12:01:36.336+0530: 5.776: Total time for which application threads were stopped: 0.0000676 seconds, Stopping threads took: 0.0000249 seconds
2023-04-24T12:01:36.336+0530: 5.776: Total time for which application threads were stopped: 0.0000535 seconds, Stopping threads took: 0.0000169 seconds
2023-04-24T12:01:36.336+0530: 5.776: Total time for which application threads were stopped: 0.0000405 seconds, Stopping threads took: 0.0000120 seconds
2023-04-24T12:01:36.336+0530: 5.777: Total time for which application threads were stopped: 0.0000485 seconds, Stopping threads took: 0.0000239 seconds
2023-04-24T12:01:36.336+0530: 5.777: Total time for which application threads were stopped: 0.0000721 seconds, Stopping threads took: 0.0000505 seconds
2023-04-24T12:01:37.337+0530: 6.777: Total time for which application threads were stopped: 0.0002894 seconds, Stopping threads took: 0.0000584 seconds
2023-04-24T12:01:39.532+0530: 8.972: Total time for which application threads were stopped: 0.0000938 seconds, Stopping threads took: 0.0000428 seconds
2023-04-24T12:01:39.532+0530: 8.972: Total time for which application threads were stopped: 0.0000718 seconds, Stopping threads took: 0.0000313 seconds
2023-04-24T12:01:39.533+0530: 8.973: Total time for which application threads were stopped: 0.0001138 seconds, Stopping threads took: 0.0000592 seconds
2023-04-24T12:01:39.547+0530: 8.988: Total time for which application threads were stopped: 0.0001390 seconds, Stopping threads took: 0.0000236 seconds
2023-04-24T12:01:39.548+0530: 8.988: Total time for which application threads were stopped: 0.0001147 seconds, Stopping threads took: 0.0000535 seconds
2023-04-24T12:01:39.550+0530: 8.990: Total time for which application threads were stopped: 0.0001038 seconds, Stopping threads took: 0.0000503 seconds
2023-04-24T12:01:39.550+0530: 8.990: Total time for which application threads were stopped: 0.0000915 seconds, Stopping threads took: 0.0000457 seconds
2023-04-24T12:01:39.550+0530: 8.990: Total time for which application threads were stopped: 0.0000514 seconds, Stopping threads took: 0.0000244 seconds
2023-04-24T12:01:39.550+0530: 8.990: Total time for which application threads were stopped: 0.0000601 seconds, Stopping threads took: 0.0000276 seconds
2023-04-24T12:01:39.550+0530: 8.991: Total time for which application threads were stopped: 0.0000741 seconds, Stopping threads took: 0.0000374 seconds
2023-04-24T12:01:39.551+0530: 8.992: Total time for which application threads were stopped: 0.0001615 seconds, Stopping threads took: 0.0000365 seconds
2023-04-24T12:01:39.553+0530: 8.993: Total time for which application threads were stopped: 0.0000835 seconds, Stopping threads took: 0.0000309 seconds
2023-04-24T12:01:39.553+0530: 8.993: Total time for which application threads were stopped: 0.0000526 seconds, Stopping threads took: 0.0000190 seconds
2023-04-24T12:01:39.554+0530: 8.994: Total time for which application threads were stopped: 0.0000618 seconds, Stopping threads took: 0.0000184 seconds
2023-04-24T12:01:39.555+0530: 8.995: Total time for which application threads were stopped: 0.0000805 seconds, Stopping threads took: 0.0000324 seconds
2023-04-24T12:01:39.555+0530: 8.995: Total time for which application threads were stopped: 0.0000579 seconds, Stopping threads took: 0.0000231 seconds
2023-04-24T12:01:39.555+0530: 8.995: Total time for which application threads were stopped: 0.0000864 seconds, Stopping threads took: 0.0000585 seconds
2023-04-24T12:01:39.555+0530: 8.995: Total time for which application threads were stopped: 0.0000867 seconds, Stopping threads took: 0.0000577 seconds
2023-04-24T12:01:39.555+0530: 8.995: Total time for which application threads were stopped: 0.0000524 seconds, Stopping threads took: 0.0000256 seconds
2023-04-24T12:01:39.556+0530: 8.996: Total time for which application threads were stopped: 0.0000961 seconds, Stopping threads took: 0.0000480 seconds
2023-04-24T12:01:39.556+0530: 8.996: Total time for which application threads were stopped: 0.0000827 seconds, Stopping threads took: 0.0000533 seconds
2023-04-24T12:01:39.556+0530: 8.997: Total time for which application threads were stopped: 0.0000840 seconds, Stopping threads took: 0.0000523 seconds
2023-04-24T12:01:39.556+0530: 8.997: Total time for which application threads were stopped: 0.0000507 seconds, Stopping threads took: 0.0000240 seconds
2023-04-24T12:01:39.556+0530: 8.997: Total time for which application threads were stopped: 0.0000582 seconds, Stopping threads took: 0.0000227 seconds
2023-04-24T12:01:40.557+0530: 9.997: Total time for which application threads were stopped: 0.0002025 seconds, Stopping threads took: 0.0000489 seconds
2023-04-24T12:01:43.580+0530: 13.020: Total time for which application threads were stopped: 0.0001259 seconds, Stopping threads took: 0.0000442 seconds
2023-04-24T12:01:43.580+0530: 13.020: Total time for which application threads were stopped: 0.0000969 seconds, Stopping threads took: 0.0000103 seconds
2023-04-24T12:01:43.581+0530: 13.021: Total time for which application threads were stopped: 0.0001422 seconds, Stopping threads took: 0.0000515 seconds
2023-04-24T12:01:43.634+0530: 13.074: Total time for which application threads were stopped: 0.0000836 seconds, Stopping threads took: 0.0000160 seconds
2023-04-24T12:01:43.634+0530: 13.075: Total time for which application threads were stopped: 0.0000464 seconds, Stopping threads took: 0.0000112 seconds
2023-04-24T12:01:43.637+0530: 13.077: Total time for which application threads were stopped: 0.0000385 seconds, Stopping threads took: 0.0000075 seconds
2023-04-24T12:01:43.637+0530: 13.078: Total time for which application threads were stopped: 0.0000301 seconds, Stopping threads took: 0.0000062 seconds
2023-04-24T12:01:43.638+0530: 13.078: Total time for which application threads were stopped: 0.0000363 seconds, Stopping threads took: 0.0000074 seconds
2023-04-24T12:01:43.639+0530: 13.079: Total time for which application threads were stopped: 0.0000467 seconds, Stopping threads took: 0.0000094 seconds
2023-04-24T12:01:43.641+0530: 13.081: Total time for which application threads were stopped: 0.0000724 seconds, Stopping threads took: 0.0000246 seconds
2023-04-24T12:01:43.641+0530: 13.082: Total time for which application threads were stopped: 0.0000338 seconds, Stopping threads took: 0.0000082 seconds
2023-04-24T12:01:43.641+0530: 13.082: Total time for which application threads were stopped: 0.0000344 seconds, Stopping threads took: 0.0000157 seconds
2023-04-24T12:02:25.208+0530: 54.648: Total time for which application threads were stopped: 0.0004552 seconds, Stopping threads took: 0.0000915 seconds
2023-04-24T12:02:25.208+0530: 54.649: Total time for which application threads were stopped: 0.0001728 seconds, Stopping threads took: 0.0000361 seconds
2023-04-24T12:02:25.211+0530: 54.652: Total time for which application threads were stopped: 0.0001827 seconds, Stopping threads took: 0.0000363 seconds
2023-04-24T12:02:26.212+0530: 55.652: Total time for which application threads were stopped: 0.0000837 seconds, Stopping threads took: 0.0000210 seconds
2023-04-24T12:02:36.336+0530: 65.776: Total time for which application threads were stopped: 0.0001959 seconds, Stopping threads took: 0.0000306 seconds
2023-04-24T12:02:39.557+0530: 68.997: Total time for which application threads were stopped: 0.0002797 seconds, Stopping threads took: 0.0000987 seconds
2023-04-24T12:02:49.559+0530: 78.999: Total time for which application threads were stopped: 0.0002480 seconds, Stopping threads took: 0.0000950 seconds
2023-04-24T12:03:05.561+0530: 95.001: Total time for which application threads were stopped: 0.0001107 seconds, Stopping threads took: 0.0000419 seconds
2023-04-24T12:03:15.563+0530: 105.003: Total time for which application threads were stopped: 0.0003081 seconds, Stopping threads took: 0.0001197 seconds
2023-04-24T12:03:16.207+0530: 105.648: Total time for which application threads were stopped: 0.0002921 seconds, Stopping threads took: 0.0000666 seconds
2023-04-24T12:03:16.208+0530: 105.648: Total time for which application threads were stopped: 0.0000447 seconds, Stopping threads took: 0.0000077 seconds
2023-04-24T12:04:40.220+0530: 189.660: Total time for which application threads were stopped: 0.0002873 seconds, Stopping threads took: 0.0001079 seconds
2023-04-24T12:04:54.300+0530: 203.741: Total time for which application threads were stopped: 0.0001287 seconds, Stopping threads took: 0.0000416 seconds
2023-04-24T12:04:54.301+0530: 203.741: Total time for which application threads were stopped: 0.0000597 seconds, Stopping threads took: 0.0000118 seconds
2023-04-24T12:04:54.301+0530: 203.741: Total time for which application threads were stopped: 0.0000340 seconds, Stopping threads took: 0.0000068 seconds
2023-04-24T12:04:54.301+0530: 203.742: Total time for which application threads were stopped: 0.0000533 seconds, Stopping threads took: 0.0000114 seconds
2023-04-24T12:04:54.305+0530: 203.746: Total time for which application threads were stopped: 0.0001924 seconds, Stopping threads took: 0.0000499 seconds
2023-04-24T12:04:54.307+0530: 203.747: Total time for which application threads were stopped: 0.0001040 seconds, Stopping threads took: 0.0000275 seconds
2023-04-24T12:04:54.307+0530: 203.747: Total time for which application threads were stopped: 0.0000779 seconds, Stopping threads took: 0.0000205 seconds
2023-04-24T12:04:54.307+0530: 203.747: Total time for which application threads were stopped: 0.0000709 seconds, Stopping threads took: 0.0000170 seconds
2023-04-24T12:04:54.307+0530: 203.747: Total time for which application threads were stopped: 0.0000717 seconds, Stopping threads took: 0.0000167 seconds
2023-04-24T12:04:54.307+0530: 203.748: Total time for which application threads were stopped: 0.0000613 seconds, Stopping threads took: 0.0000137 seconds
2023-04-24T12:04:54.309+0530: 203.750: Total time for which application threads were stopped: 0.0001038 seconds, Stopping threads took: 0.0000226 seconds
2023-04-24T12:04:54.311+0530: 203.751: Total time for which application threads were stopped: 0.0000740 seconds, Stopping threads took: 0.0000191 seconds
2023-04-24T12:05:11.095+0530: 220.535: Total time for which application threads were stopped: 0.0001351 seconds, Stopping threads took: 0.0000521 seconds
2023-04-24T12:05:11.095+0530: 220.536: Total time for which application threads were stopped: 0.0000606 seconds, Stopping threads took: 0.0000122 seconds
2023-04-24T12:05:11.095+0530: 220.536: Total time for which application threads were stopped: 0.0000529 seconds, Stopping threads took: 0.0000103 seconds
2023-04-24T12:05:11.096+0530: 220.536: Total time for which application threads were stopped: 0.0001166 seconds, Stopping threads took: 0.0000669 seconds
2023-04-24T12:05:11.101+0530: 220.541: Total time for which application threads were stopped: 0.0001084 seconds, Stopping threads took: 0.0000229 seconds
2023-04-24T12:05:11.101+0530: 220.542: Total time for which application threads were stopped: 0.0000871 seconds, Stopping threads took: 0.0000158 seconds
2023-04-24T12:05:11.102+0530: 220.542: Total time for which application threads were stopped: 0.0000862 seconds, Stopping threads took: 0.0000155 seconds
2023-04-24T12:05:11.102+0530: 220.542: Total time for which application threads were stopped: 0.0001998 seconds, Stopping threads took: 0.0000152 seconds
2023-04-24T12:05:11.103+0530: 220.543: Total time for which application threads were stopped: 0.0000696 seconds, Stopping threads took: 0.0000124 seconds
2023-04-24T12:05:11.103+0530: 220.543: Total time for which application threads were stopped: 0.0000597 seconds, Stopping threads took: 0.0000100 seconds
2023-04-24T12:05:11.105+0530: 220.545: Total time for which application threads were stopped: 0.0001369 seconds, Stopping threads took: 0.0000442 seconds
2023-04-24T12:05:11.108+0530: 220.548: Total time for which application threads were stopped: 0.0001422 seconds, Stopping threads took: 0.0000783 seconds
2023-04-24T12:05:11.108+0530: 220.548: Total time for which application threads were stopped: 0.0000647 seconds, Stopping threads took: 0.0000282 seconds
2023-04-24T12:05:26.111+0530: 235.552: Total time for which application threads were stopped: 0.0003022 seconds, Stopping threads took: 0.0001114 seconds
2023-04-24T12:05:43.989+0530: 253.429: Total time for which application threads were stopped: 0.0002009 seconds, Stopping threads took: 0.0000660 seconds
2023-04-24T12:05:43.989+0530: 253.429: Total time for which application threads were stopped: 0.0001098 seconds, Stopping threads took: 0.0000198 seconds
2023-04-24T12:05:43.990+0530: 253.430: Total time for which application threads were stopped: 0.0001497 seconds, Stopping threads took: 0.0000421 seconds
2023-04-24T12:05:43.995+0530: 253.435: Total time for which application threads were stopped: 0.0001200 seconds, Stopping threads took: 0.0000285 seconds
2023-04-24T12:05:43.996+0530: 253.436: Total time for which application threads were stopped: 0.0001303 seconds, Stopping threads took: 0.0000468 seconds
2023-04-24T12:05:43.996+0530: 253.437: Total time for which application threads were stopped: 0.0000736 seconds, Stopping threads took: 0.0000193 seconds
2023-04-24T12:05:43.996+0530: 253.437: Total time for which application threads were stopped: 0.0000798 seconds, Stopping threads took: 0.0000189 seconds
2023-04-24T12:05:43.997+0530: 253.437: Total time for which application threads were stopped: 0.0000768 seconds, Stopping threads took: 0.0000156 seconds
2023-04-24T12:05:43.999+0530: 253.439: Total time for which application threads were stopped: 0.0000951 seconds, Stopping threads took: 0.0000191 seconds
2023-04-24T12:05:44.001+0530: 253.441: Total time for which application threads were stopped: 0.0001238 seconds, Stopping threads took: 0.0000366 seconds
2023-04-24T12:05:44.001+0530: 253.441: Total time for which application threads were stopped: 0.0000806 seconds, Stopping threads took: 0.0000174 seconds
2023-04-24T12:06:03.945+0530: 273.385: Total time for which application threads were stopped: 0.0001880 seconds, Stopping threads took: 0.0000932 seconds
2023-04-24T12:06:03.945+0530: 273.385: Total time for which application threads were stopped: 0.0000821 seconds, Stopping threads took: 0.0000201 seconds
2023-04-24T12:06:03.946+0530: 273.386: Total time for which application threads were stopped: 0.0000879 seconds, Stopping threads took: 0.0000205 seconds
2023-04-24T12:06:03.950+0530: 273.390: Total time for which application threads were stopped: 0.0008020 seconds, Stopping threads took: 0.0007212 seconds
2023-04-24T12:06:03.950+0530: 273.390: Total time for which application threads were stopped: 0.0000900 seconds, Stopping threads took: 0.0000195 seconds
2023-04-24T12:06:03.950+0530: 273.391: Total time for which application threads were stopped: 0.0000622 seconds, Stopping threads took: 0.0000150 seconds
2023-04-24T12:06:03.951+0530: 273.391: Total time for which application threads were stopped: 0.0000615 seconds, Stopping threads took: 0.0000157 seconds
2023-04-24T12:06:03.952+0530: 273.393: Total time for which application threads were stopped: 0.0001702 seconds, Stopping threads took: 0.0000940 seconds
2023-04-24T12:06:03.953+0530: 273.393: Total time for which application threads were stopped: 0.0001214 seconds, Stopping threads took: 0.0000342 seconds
2023-04-24T12:06:03.953+0530: 273.393: Total time for which application threads were stopped: 0.0000627 seconds, Stopping threads took: 0.0000127 seconds
2023-04-24T12:06:03.953+0530: 273.393: Total time for which application threads were stopped: 0.0000745 seconds, Stopping threads took: 0.0000275 seconds
2023-04-24T12:06:03.953+0530: 273.393: Total time for which application threads were stopped: 0.0000486 seconds, Stopping threads took: 0.0000070 seconds
2023-04-24T12:06:03.953+0530: 273.393: Total time for which application threads were stopped: 0.0000552 seconds, Stopping threads took: 0.0000118 seconds
2023-04-24T12:06:03.953+0530: 273.393: Total time for which application threads were stopped: 0.0000554 seconds, Stopping threads took: 0.0000116 seconds
2023-04-24T12:06:03.955+0530: 273.395: Total time for which application threads were stopped: 0.0000865 seconds, Stopping threads took: 0.0000215 seconds
2023-04-24T12:11:55.675+0530: 625.115: Total time for which application threads were stopped: 0.0001094 seconds, Stopping threads took: 0.0000378 seconds
2023-04-24T12:11:55.675+0530: 625.115: Total time for which application threads were stopped: 0.0000551 seconds, Stopping threads took: 0.0000108 seconds
2023-04-24T12:11:55.800+0530: 625.241: Total time for which application threads were stopped: 0.0001794 seconds, Stopping threads took: 0.0000528 seconds
2023-04-24T12:11:55.801+0530: 625.241: Total time for which application threads were stopped: 0.0002031 seconds, Stopping threads took: 0.0000521 seconds
2023-04-24T12:11:58.685+0530: 628.125: Total time for which application threads were stopped: 0.0002875 seconds, Stopping threads took: 0.0000684 seconds
2023-04-24T12:11:58.687+0530: 628.127: Total time for which application threads were stopped: 0.0005486 seconds, Stopping threads took: 0.0002468 seconds
2023-04-24T12:11:58.704+0530: 628.145: Total time for which application threads were stopped: 0.0002103 seconds, Stopping threads took: 0.0000496 seconds
2023-04-24T12:12:12.624+0530: 642.064: Total time for which application threads were stopped: 0.0006290 seconds, Stopping threads took: 0.0000271 seconds
2023-04-24T12:12:13.624+0530: 643.064: Total time for which application threads were stopped: 0.0002191 seconds, Stopping threads took: 0.0000461 seconds
2023-04-24T12:13:48.019+0530: 737.459: Total time for which application threads were stopped: 0.0008196 seconds, Stopping threads took: 0.0002453 seconds
2023-04-24T12:13:48.020+0530: 737.460: Total time for which application threads were stopped: 0.0002839 seconds, Stopping threads took: 0.0000386 seconds
2023-04-24T12:13:48.022+0530: 737.462: Total time for which application threads were stopped: 0.0001967 seconds, Stopping threads took: 0.0000383 seconds
2023-04-24T12:13:49.022+0530: 738.463: Total time for which application threads were stopped: 0.0003550 seconds, Stopping threads took: 0.0001202 seconds
2023-04-24T12:15:28.046+0530: 837.486: Total time for which application threads were stopped: 0.0003549 seconds, Stopping threads took: 0.0001309 seconds
2023-04-24T12:18:31.150+0530: 1020.590: Total time for which application threads were stopped: 0.0001470 seconds, Stopping threads took: 0.0000384 seconds
2023-04-24T12:18:31.151+0530: 1020.591: Total time for which application threads were stopped: 0.0000689 seconds, Stopping threads took: 0.0000125 seconds
2023-04-24T12:18:31.151+0530: 1020.592: Total time for which application threads were stopped: 0.0000479 seconds, Stopping threads took: 0.0000099 seconds
2023-04-24T12:18:31.155+0530: 1020.595: Total time for which application threads were stopped: 0.0000893 seconds, Stopping threads took: 0.0000229 seconds
2023-04-24T12:18:31.155+0530: 1020.596: Total time for which application threads were stopped: 0.0000524 seconds, Stopping threads took: 0.0000113 seconds
2023-04-24T12:18:31.159+0530: 1020.599: Total time for which application threads were stopped: 0.0000598 seconds, Stopping threads took: 0.0000128 seconds
2023-04-24T12:18:31.159+0530: 1020.599: Total time for which application threads were stopped: 0.0000375 seconds, Stopping threads took: 0.0000076 seconds
2023-04-24T12:18:31.160+0530: 1020.600: Total time for which application threads were stopped: 0.0000625 seconds, Stopping threads took: 0.0000079 seconds
2023-04-24T12:18:31.168+0530: 1020.608: Total time for which application threads were stopped: 0.0000832 seconds, Stopping threads took: 0.0000187 seconds
2023-04-24T12:18:31.168+0530: 1020.608: Total time for which application threads were stopped: 0.0000364 seconds, Stopping threads took: 0.0000089 seconds
2023-04-24T12:18:32.168+0530: 1021.609: Total time for which application threads were stopped: 0.0000886 seconds, Stopping threads took: 0.0000215 seconds
2023-04-24T12:18:51.569+0530: 1041.009: Total time for which application threads were stopped: 0.0002056 seconds, Stopping threads took: 0.0000672 seconds
2023-04-24T12:18:51.569+0530: 1041.010: Total time for which application threads were stopped: 0.0001408 seconds, Stopping threads took: 0.0000263 seconds
2023-04-24T12:18:51.570+0530: 1041.010: Total time for which application threads were stopped: 0.0001006 seconds, Stopping threads took: 0.0000199 seconds
2023-04-24T12:18:51.572+0530: 1041.012: Total time for which application threads were stopped: 0.0002613 seconds, Stopping threads took: 0.0000267 seconds
2023-04-24T12:18:51.574+0530: 1041.014: Total time for which application threads were stopped: 0.0001704 seconds, Stopping threads took: 0.0000378 seconds
2023-04-24T12:18:51.579+0530: 1041.019: Total time for which application threads were stopped: 0.0001450 seconds, Stopping threads took: 0.0000485 seconds
2023-04-24T12:18:51.580+0530: 1041.020: Total time for which application threads were stopped: 0.0001179 seconds, Stopping threads took: 0.0000371 seconds
2023-04-24T12:18:51.580+0530: 1041.020: Total time for which application threads were stopped: 0.0000785 seconds, Stopping threads took: 0.0000169 seconds
2023-04-24T12:18:51.580+0530: 1041.020: Total time for which application threads were stopped: 0.0000658 seconds, Stopping threads took: 0.0000165 seconds
2023-04-24T12:18:51.581+0530: 1041.021: Total time for which application threads were stopped: 0.0000878 seconds, Stopping threads took: 0.0000248 seconds
2023-04-24T12:18:51.585+0530: 1041.025: Total time for which application threads were stopped: 0.0001763 seconds, Stopping threads took: 0.0000744 seconds
2023-04-24T12:18:51.585+0530: 1041.026: Total time for which application threads were stopped: 0.0000828 seconds, Stopping threads took: 0.0000200 seconds
2023-04-24T12:18:52.586+0530: 1042.026: Total time for which application threads were stopped: 0.0001921 seconds, Stopping threads took: 0.0000356 seconds
2023-04-24T12:19:10.730+0530: 1060.170: Total time for which application threads were stopped: 0.0002228 seconds, Stopping threads took: 0.0000690 seconds
2023-04-24T12:19:10.730+0530: 1060.170: Total time for which application threads were stopped: 0.0001763 seconds, Stopping threads took: 0.0000162 seconds
2023-04-24T12:19:10.731+0530: 1060.171: Total time for which application threads were stopped: 0.0001266 seconds, Stopping threads took: 0.0000499 seconds
2023-04-24T12:19:10.731+0530: 1060.171: Total time for which application threads were stopped: 0.0000831 seconds, Stopping threads took: 0.0000217 seconds
2023-04-24T12:19:10.736+0530: 1060.176: Total time for which application threads were stopped: 0.0001769 seconds, Stopping threads took: 0.0000945 seconds
2023-04-24T12:19:10.737+0530: 1060.177: Total time for which application threads were stopped: 0.0000873 seconds, Stopping threads took: 0.0000172 seconds
2023-04-24T12:19:10.737+0530: 1060.177: Total time for which application threads were stopped: 0.0000785 seconds, Stopping threads took: 0.0000153 seconds
2023-04-24T12:19:10.738+0530: 1060.178: Total time for which application threads were stopped: 0.0000717 seconds, Stopping threads took: 0.0000126 seconds
2023-04-24T12:19:10.742+0530: 1060.182: Total time for which application threads were stopped: 0.0001011 seconds, Stopping threads took: 0.0000260 seconds
2023-04-24T12:19:10.742+0530: 1060.183: Total time for which application threads were stopped: 0.0000747 seconds, Stopping threads took: 0.0000287 seconds
2023-04-24T12:20:01.864+0530: 1111.304: Total time for which application threads were stopped: 0.0001412 seconds, Stopping threads took: 0.0000488 seconds
2023-04-24T12:20:01.864+0530: 1111.304: Total time for which application threads were stopped: 0.0001744 seconds, Stopping threads took: 0.0000227 seconds
2023-04-24T12:20:01.865+0530: 1111.306: Total time for which application threads were stopped: 0.0001092 seconds, Stopping threads took: 0.0000249 seconds
2023-04-24T12:20:01.867+0530: 1111.308: Total time for which application threads were stopped: 0.0001705 seconds, Stopping threads took: 0.0000849 seconds
2023-04-24T12:20:01.869+0530: 1111.310: Total time for which application threads were stopped: 0.0001170 seconds, Stopping threads took: 0.0000292 seconds
2023-04-24T12:20:01.870+0530: 1111.310: Total time for which application threads were stopped: 0.0001313 seconds, Stopping threads took: 0.0000659 seconds
2023-04-24T12:20:01.871+0530: 1111.311: Total time for which application threads were stopped: 0.0001267 seconds, Stopping threads took: 0.0000529 seconds
2023-04-24T12:20:01.871+0530: 1111.311: Total time for which application threads were stopped: 0.0000688 seconds, Stopping threads took: 0.0000150 seconds
2023-04-24T12:20:01.871+0530: 1111.312: Total time for which application threads were stopped: 0.0001277 seconds, Stopping threads took: 0.0000477 seconds
2023-04-24T12:20:01.876+0530: 1111.316: Total time for which application threads were stopped: 0.0001088 seconds, Stopping threads took: 0.0000274 seconds
2023-04-24T12:20:25.091+0530: 1134.531: Total time for which application threads were stopped: 0.0002802 seconds, Stopping threads took: 0.0001262 seconds
2023-04-24T12:20:25.091+0530: 1134.531: Total time for which application threads were stopped: 0.0000838 seconds, Stopping threads took: 0.0000170 seconds
2023-04-24T12:20:25.091+0530: 1134.531: Total time for which application threads were stopped: 0.0000667 seconds, Stopping threads took: 0.0000110 seconds
2023-04-24T12:20:25.092+0530: 1134.532: Total time for which application threads were stopped: 0.0000775 seconds, Stopping threads took: 0.0000165 seconds
2023-04-24T12:20:25.095+0530: 1134.536: Total time for which application threads were stopped: 0.0001355 seconds, Stopping threads took: 0.0000350 seconds
2023-04-24T12:20:25.096+0530: 1134.536: Total time for which application threads were stopped: 0.0000741 seconds, Stopping threads took: 0.0000159 seconds
2023-04-24T12:20:25.100+0530: 1134.540: Total time for which application threads were stopped: 0.0001662 seconds, Stopping threads took: 0.0000678 seconds
2023-04-24T12:20:25.100+0530: 1134.540: Total time for which application threads were stopped: 0.0000713 seconds, Stopping threads took: 0.0000239 seconds
2023-04-24T12:20:25.101+0530: 1134.541: Total time for which application threads were stopped: 0.0000853 seconds, Stopping threads took: 0.0000158 seconds
2023-04-24T12:20:25.104+0530: 1134.545: Total time for which application threads were stopped: 0.0001555 seconds, Stopping threads took: 0.0000848 seconds
2023-04-24T12:20:25.105+0530: 1134.545: Total time for which application threads were stopped: 0.0000537 seconds, Stopping threads took: 0.0000120 seconds
2023-04-24T12:20:49.481+0530: 1158.922: Total time for which application threads were stopped: 0.0001120 seconds, Stopping threads took: 0.0000375 seconds
2023-04-24T12:20:49.482+0530: 1158.922: Total time for which application threads were stopped: 0.0000610 seconds, Stopping threads took: 0.0000121 seconds
2023-04-24T12:20:49.482+0530: 1158.922: Total time for which application threads were stopped: 0.0000693 seconds, Stopping threads took: 0.0000139 seconds
2023-04-24T12:20:49.484+0530: 1158.924: Total time for which application threads were stopped: 0.0001145 seconds, Stopping threads took: 0.0000330 seconds
2023-04-24T12:20:49.484+0530: 1158.925: Total time for which application threads were stopped: 0.0002109 seconds, Stopping threads took: 0.0000095 seconds
2023-04-24T12:20:49.487+0530: 1158.927: Total time for which application threads were stopped: 0.0001080 seconds, Stopping threads took: 0.0000291 seconds
2023-04-24T12:20:49.487+0530: 1158.927: Total time for which application threads were stopped: 0.0001312 seconds, Stopping threads took: 0.0000104 seconds
2023-04-24T12:20:49.487+0530: 1158.928: Total time for which application threads were stopped: 0.0000476 seconds, Stopping threads took: 0.0000088 seconds
2023-04-24T12:20:49.487+0530: 1158.928: Total time for which application threads were stopped: 0.0000402 seconds, Stopping threads took: 0.0000093 seconds
2023-04-24T12:20:49.488+0530: 1158.928: Total time for which application threads were stopped: 0.0001420 seconds, Stopping threads took: 0.0000767 seconds
2023-04-24T12:20:49.493+0530: 1158.933: Total time for which application threads were stopped: 0.0001011 seconds, Stopping threads took: 0.0000407 seconds
2023-04-24T12:20:49.493+0530: 1158.933: Total time for which application threads were stopped: 0.0001129 seconds, Stopping threads took: 0.0000515 seconds
2023-04-24T12:21:49.355+0530: 1217.826: Total time for which application threads were stopped: 0.0002320 seconds, Stopping threads took: 0.0001306 seconds
2023-04-24T12:21:49.356+0530: 1217.826: Total time for which application threads were stopped: 0.0001167 seconds, Stopping threads took: 0.0000287 seconds
2023-04-24T12:21:49.356+0530: 1217.827: Total time for which application threads were stopped: 0.0001613 seconds, Stopping threads took: 0.0000867 seconds
2023-04-24T12:21:49.361+0530: 1217.832: Total time for which application threads were stopped: 0.0001148 seconds, Stopping threads took: 0.0000233 seconds
2023-04-24T12:21:49.362+0530: 1217.832: Total time for which application threads were stopped: 0.0000964 seconds, Stopping threads took: 0.0000212 seconds
2023-04-24T12:21:49.362+0530: 1217.833: Total time for which application threads were stopped: 0.0001049 seconds, Stopping threads took: 0.0000365 seconds
2023-04-24T12:21:49.363+0530: 1217.834: Total time for which application threads were stopped: 0.0000902 seconds, Stopping threads took: 0.0000213 seconds
2023-04-24T12:21:49.365+0530: 1217.835: Total time for which application threads were stopped: 0.0001811 seconds, Stopping threads took: 0.0001000 seconds
2023-04-24T12:21:49.368+0530: 1217.838: Total time for which application threads were stopped: 0.0001226 seconds, Stopping threads took: 0.0000314 seconds
2023-04-24T12:21:49.368+0530: 1217.839: Total time for which application threads were stopped: 0.0000850 seconds, Stopping threads took: 0.0000199 seconds
2023-04-24T12:23:17.311+0530: 1305.782: Total time for which application threads were stopped: 0.0002089 seconds, Stopping threads took: 0.0000710 seconds
2023-04-24T12:23:17.311+0530: 1305.782: Total time for which application threads were stopped: 0.0000844 seconds, Stopping threads took: 0.0000148 seconds
2023-04-24T12:23:17.311+0530: 1305.782: Total time for which application threads were stopped: 0.0000699 seconds, Stopping threads took: 0.0000114 seconds
2023-04-24T12:23:17.313+0530: 1305.783: Total time for which application threads were stopped: 0.0007160 seconds, Stopping threads took: 0.0006041 seconds
2023-04-24T12:23:17.316+0530: 1305.787: Total time for which application threads were stopped: 0.0001176 seconds, Stopping threads took: 0.0000289 seconds
2023-04-24T12:23:17.317+0530: 1305.787: Total time for which application threads were stopped: 0.0000879 seconds, Stopping threads took: 0.0000384 seconds
2023-04-24T12:23:17.318+0530: 1305.788: Total time for which application threads were stopped: 0.0000682 seconds, Stopping threads took: 0.0000158 seconds
2023-04-24T12:23:17.318+0530: 1305.789: Total time for which application threads were stopped: 0.0000474 seconds, Stopping threads took: 0.0000118 seconds
2023-04-24T12:23:17.318+0530: 1305.789: Total time for which application threads were stopped: 0.0000465 seconds, Stopping threads took: 0.0000112 seconds
2023-04-24T12:23:17.322+0530: 1305.793: Total time for which application threads were stopped: 0.0000799 seconds, Stopping threads took: 0.0000217 seconds
2023-04-24T12:23:17.322+0530: 1305.793: Total time for which application threads were stopped: 0.0000582 seconds, Stopping threads took: 0.0000140 seconds
2023-04-24T12:24:22.780+0530: 1371.251: Total time for which application threads were stopped: 0.0001811 seconds, Stopping threads took: 0.0000566 seconds
2023-04-24T12:24:22.780+0530: 1371.251: Total time for which application threads were stopped: 0.0001240 seconds, Stopping threads took: 0.0000215 seconds
2023-04-24T12:24:22.781+0530: 1371.252: Total time for which application threads were stopped: 0.0001142 seconds, Stopping threads took: 0.0000409 seconds
2023-04-24T12:24:22.788+0530: 1371.258: Total time for which application threads were stopped: 0.0002636 seconds, Stopping threads took: 0.0000281 seconds
2023-04-24T12:24:22.788+0530: 1371.259: Total time for which application threads were stopped: 0.0000651 seconds, Stopping threads took: 0.0000173 seconds
2023-04-24T12:24:22.789+0530: 1371.259: Total time for which application threads were stopped: 0.0000399 seconds, Stopping threads took: 0.0000074 seconds
2023-04-24T12:24:22.789+0530: 1371.260: Total time for which application threads were stopped: 0.0000458 seconds, Stopping threads took: 0.0000085 seconds
2023-04-24T12:24:22.792+0530: 1371.263: Total time for which application threads were stopped: 0.0000981 seconds, Stopping threads took: 0.0000245 seconds
2023-04-24T12:24:22.793+0530: 1371.263: Total time for which application threads were stopped: 0.0000661 seconds, Stopping threads took: 0.0000152 seconds
2023-04-24T12:25:32.665+0530: 1441.135: Total time for which application threads were stopped: 0.0001113 seconds, Stopping threads took: 0.0000344 seconds
2023-04-24T12:25:32.665+0530: 1441.136: Total time for which application threads were stopped: 0.0000564 seconds, Stopping threads took: 0.0000092 seconds
2023-04-24T12:25:32.665+0530: 1441.136: Total time for which application threads were stopped: 0.0000600 seconds, Stopping threads took: 0.0000115 seconds
2023-04-24T12:25:32.667+0530: 1441.137: Total time for which application threads were stopped: 0.0001023 seconds, Stopping threads took: 0.0000165 seconds
2023-04-24T12:25:32.668+0530: 1441.139: Total time for which application threads were stopped: 0.0000843 seconds, Stopping threads took: 0.0000223 seconds
2023-04-24T12:25:32.668+0530: 1441.139: Total time for which application threads were stopped: 0.0000534 seconds, Stopping threads took: 0.0000132 seconds
2023-04-24T12:25:32.670+0530: 1441.141: Total time for which application threads were stopped: 0.0001078 seconds, Stopping threads took: 0.0000212 seconds
2023-04-24T12:25:32.670+0530: 1441.141: Total time for which application threads were stopped: 0.0000560 seconds, Stopping threads took: 0.0000101 seconds
2023-04-24T12:25:32.671+0530: 1441.141: Total time for which application threads were stopped: 0.0000626 seconds, Stopping threads took: 0.0000153 seconds
2023-04-24T12:25:32.675+0530: 1441.145: Total time for which application threads were stopped: 0.0001027 seconds, Stopping threads took: 0.0000369 seconds
2023-04-24T12:25:32.675+0530: 1441.145: Total time for which application threads were stopped: 0.0000656 seconds, Stopping threads took: 0.0000259 seconds
2023-04-24T12:25:33.675+0530: 1442.146: Total time for which application threads were stopped: 0.0002031 seconds, Stopping threads took: 0.0000466 seconds
2023-04-24T12:27:25.553+0530: 1554.024: Total time for which application threads were stopped: 0.0001707 seconds, Stopping threads took: 0.0000510 seconds
2023-04-24T12:27:25.553+0530: 1554.024: Total time for which application threads were stopped: 0.0000842 seconds, Stopping threads took: 0.0000126 seconds
2023-04-24T12:27:25.553+0530: 1554.024: Total time for which application threads were stopped: 0.0000846 seconds, Stopping threads took: 0.0000154 seconds
2023-04-24T12:27:25.554+0530: 1554.025: Total time for which application threads were stopped: 0.0000955 seconds, Stopping threads took: 0.0000309 seconds
2023-04-24T12:27:25.557+0530: 1554.028: Total time for which application threads were stopped: 0.0001431 seconds, Stopping threads took: 0.0000507 seconds
2023-04-24T12:27:25.558+0530: 1554.028: Total time for which application threads were stopped: 0.0001249 seconds, Stopping threads took: 0.0000488 seconds
2023-04-24T12:27:25.558+0530: 1554.029: Total time for which application threads were stopped: 0.0000931 seconds, Stopping threads took: 0.0000215 seconds
2023-04-24T12:27:25.558+0530: 1554.029: Total time for which application threads were stopped: 0.0000671 seconds, Stopping threads took: 0.0000131 seconds
2023-04-24T12:27:25.560+0530: 1554.031: Total time for which application threads were stopped: 0.0001144 seconds, Stopping threads took: 0.0000189 seconds
2023-04-24T12:27:25.565+0530: 1554.036: Total time for which application threads were stopped: 0.0000982 seconds, Stopping threads took: 0.0000236 seconds
2023-04-24T12:27:25.565+0530: 1554.036: Total time for which application threads were stopped: 0.0000740 seconds, Stopping threads took: 0.0000124 seconds
2023-04-24T12:35:58.666+0530: 2067.136: Total time for which application threads were stopped: 0.0003493 seconds, Stopping threads took: 0.0001470 seconds
2023-04-24T12:38:56.119+0530: 2244.590: Total time for which application threads were stopped: 0.0001704 seconds, Stopping threads took: 0.0000565 seconds
2023-04-24T12:38:56.119+0530: 2244.590: Total time for which application threads were stopped: 0.0000838 seconds, Stopping threads took: 0.0000164 seconds
2023-04-24T12:38:56.120+0530: 2244.591: Total time for which application threads were stopped: 0.0000807 seconds, Stopping threads took: 0.0000151 seconds
2023-04-24T12:38:56.123+0530: 2244.594: Total time for which application threads were stopped: 0.0002021 seconds, Stopping threads took: 0.0000231 seconds
2023-04-24T12:38:56.124+0530: 2244.595: Total time for which application threads were stopped: 0.0000862 seconds, Stopping threads took: 0.0000193 seconds
2023-04-24T12:38:56.124+0530: 2244.595: Total time for which application threads were stopped: 0.0000749 seconds, Stopping threads took: 0.0000146 seconds
2023-04-24T12:38:56.125+0530: 2244.596: Total time for which application threads were stopped: 0.0000461 seconds, Stopping threads took: 0.0000087 seconds
2023-04-24T12:38:56.128+0530: 2244.599: Total time for which application threads were stopped: 0.0001394 seconds, Stopping threads took: 0.0000698 seconds
2023-04-24T12:38:56.128+0530: 2244.599: Total time for which application threads were stopped: 0.0000596 seconds, Stopping threads took: 0.0000162 seconds
2023-04-24T12:39:11.813+0530: 2260.284: Total time for which application threads were stopped: 0.0001616 seconds, Stopping threads took: 0.0000495 seconds
2023-04-24T12:39:11.814+0530: 2260.285: Total time for which application threads were stopped: 0.0000865 seconds, Stopping threads took: 0.0000166 seconds
2023-04-24T12:39:11.814+0530: 2260.285: Total time for which application threads were stopped: 0.0000778 seconds, Stopping threads took: 0.0000173 seconds
2023-04-24T12:39:11.817+0530: 2260.288: Total time for which application threads were stopped: 0.0001185 seconds, Stopping threads took: 0.0000479 seconds
2023-04-24T12:39:11.818+0530: 2260.288: Total time for which application threads were stopped: 0.0000884 seconds, Stopping threads took: 0.0000365 seconds
2023-04-24T12:39:11.818+0530: 2260.289: Total time for which application threads were stopped: 0.0000840 seconds, Stopping threads took: 0.0000370 seconds
2023-04-24T12:39:11.818+0530: 2260.289: Total time for which application threads were stopped: 0.0000745 seconds, Stopping threads took: 0.0000271 seconds
2023-04-24T12:39:11.819+0530: 2260.290: Total time for which application threads were stopped: 0.0001620 seconds, Stopping threads took: 0.0000637 seconds
2023-04-24T12:39:11.820+0530: 2260.291: Total time for which application threads were stopped: 0.0000678 seconds, Stopping threads took: 0.0000200 seconds
2023-04-24T12:39:11.823+0530: 2260.294: Total time for which application threads were stopped: 0.0001376 seconds, Stopping threads took: 0.0000429 seconds
2023-04-24T12:39:11.823+0530: 2260.294: Total time for which application threads were stopped: 0.0000751 seconds, Stopping threads took: 0.0000260 seconds
2023-04-24T12:42:01.857+0530: 2430.328: Total time for which application threads were stopped: 0.0004059 seconds, Stopping threads took: 0.0001317 seconds
2023-04-24T12:42:58.715+0530: 2487.186: Total time for which application threads were stopped: 0.0001321 seconds, Stopping threads took: 0.0000466 seconds
2023-04-24T12:42:58.715+0530: 2487.186: Total time for which application threads were stopped: 0.0000710 seconds, Stopping threads took: 0.0000146 seconds
2023-04-24T12:42:58.715+0530: 2487.186: Total time for which application threads were stopped: 0.0000468 seconds, Stopping threads took: 0.0000096 seconds
2023-04-24T12:42:58.716+0530: 2487.187: Total time for which application threads were stopped: 0.0000874 seconds, Stopping threads took: 0.0000148 seconds
2023-04-24T12:42:58.720+0530: 2487.191: Total time for which application threads were stopped: 0.0001660 seconds, Stopping threads took: 0.0000557 seconds
2023-04-24T12:42:58.720+0530: 2487.191: Total time for which application threads were stopped: 0.0001174 seconds, Stopping threads took: 0.0000399 seconds
2023-04-24T12:42:58.721+0530: 2487.192: Total time for which application threads were stopped: 0.0000820 seconds, Stopping threads took: 0.0000224 seconds
2023-04-24T12:42:58.721+0530: 2487.192: Total time for which application threads were stopped: 0.0000652 seconds, Stopping threads took: 0.0000146 seconds
2023-04-24T12:42:58.722+0530: 2487.193: Total time for which application threads were stopped: 0.0000648 seconds, Stopping threads took: 0.0000154 seconds
2023-04-24T12:42:58.726+0530: 2487.197: Total time for which application threads were stopped: 0.0001125 seconds, Stopping threads took: 0.0000283 seconds
2023-04-24T12:42:58.726+0530: 2487.197: Total time for which application threads were stopped: 0.0000565 seconds, Stopping threads took: 0.0000130 seconds
2023-04-24T12:43:27.193+0530: 2515.664: Total time for which application threads were stopped: 0.0001781 seconds, Stopping threads took: 0.0000572 seconds
2023-04-24T12:43:27.193+0530: 2515.664: Total time for which application threads were stopped: 0.0000965 seconds, Stopping threads took: 0.0000181 seconds
2023-04-24T12:43:27.194+0530: 2515.665: Total time for which application threads were stopped: 0.0000889 seconds, Stopping threads took: 0.0000188 seconds
2023-04-24T12:43:27.198+0530: 2515.669: Total time for which application threads were stopped: 0.0001251 seconds, Stopping threads took: 0.0000247 seconds
2023-04-24T12:43:27.198+0530: 2515.669: Total time for which application threads were stopped: 0.0000911 seconds, Stopping threads took: 0.0000176 seconds
2023-04-24T12:43:27.199+0530: 2515.670: Total time for which application threads were stopped: 0.0001130 seconds, Stopping threads took: 0.0000205 seconds
2023-04-24T12:43:27.200+0530: 2515.670: Total time for which application threads were stopped: 0.0000770 seconds, Stopping threads took: 0.0000131 seconds
2023-04-24T12:43:27.200+0530: 2515.671: Total time for which application threads were stopped: 0.0000905 seconds, Stopping threads took: 0.0000169 seconds
2023-04-24T12:43:27.202+0530: 2515.672: Total time for which application threads were stopped: 0.0001353 seconds, Stopping threads took: 0.0000646 seconds
2023-04-24T12:43:27.205+0530: 2515.676: Total time for which application threads were stopped: 0.0001433 seconds, Stopping threads took: 0.0000450 seconds
2023-04-24T12:43:27.206+0530: 2515.677: Total time for which application threads were stopped: 0.0000830 seconds, Stopping threads took: 0.0000203 seconds
2023-04-24T12:43:39.859+0530: 2528.330: Total time for which application threads were stopped: 0.0001279 seconds, Stopping threads took: 0.0000272 seconds
2023-04-24T12:43:39.859+0530: 2528.330: Total time for which application threads were stopped: 0.0000832 seconds, Stopping threads took: 0.0000140 seconds
2023-04-24T12:43:39.862+0530: 2528.333: Total time for which application threads were stopped: 0.0003381 seconds, Stopping threads took: 0.0002188 seconds
2023-04-24T12:43:39.866+0530: 2528.337: Total time for which application threads were stopped: 0.0002375 seconds, Stopping threads took: 0.0000344 seconds
2023-04-24T12:43:39.867+0530: 2528.338: Total time for which application threads were stopped: 0.0000926 seconds, Stopping threads took: 0.0000189 seconds
2023-04-24T12:43:39.868+0530: 2528.338: Total time for which application threads were stopped: 0.0000610 seconds, Stopping threads took: 0.0000105 seconds
2023-04-24T12:43:39.868+0530: 2528.339: Total time for which application threads were stopped: 0.0000612 seconds, Stopping threads took: 0.0000101 seconds
2023-04-24T12:43:39.871+0530: 2528.342: Total time for which application threads were stopped: 0.0000927 seconds, Stopping threads took: 0.0000206 seconds
2023-04-24T12:43:39.872+0530: 2528.342: Total time for which application threads were stopped: 0.0000507 seconds, Stopping threads took: 0.0000086 seconds
2023-04-24T12:44:11.614+0530: 2560.085: Total time for which application threads were stopped: 0.0001381 seconds, Stopping threads took: 0.0000484 seconds
2023-04-24T12:44:11.614+0530: 2560.085: Total time for which application threads were stopped: 0.0000646 seconds, Stopping threads took: 0.0000127 seconds
2023-04-24T12:44:11.615+0530: 2560.086: Total time for which application threads were stopped: 0.0001393 seconds, Stopping threads took: 0.0000347 seconds
2023-04-24T12:44:11.617+0530: 2560.088: Total time for which application threads were stopped: 0.0001838 seconds, Stopping threads took: 0.0000425 seconds
2023-04-24T12:44:11.620+0530: 2560.091: Total time for which application threads were stopped: 0.0001138 seconds, Stopping threads took: 0.0000262 seconds
2023-04-24T12:44:11.620+0530: 2560.091: Total time for which application threads were stopped: 0.0001174 seconds, Stopping threads took: 0.0000440 seconds
2023-04-24T12:44:11.621+0530: 2560.092: Total time for which application threads were stopped: 0.0000850 seconds, Stopping threads took: 0.0000179 seconds
2023-04-24T12:44:11.621+0530: 2560.092: Total time for which application threads were stopped: 0.0000669 seconds, Stopping threads took: 0.0000138 seconds
2023-04-24T12:44:11.622+0530: 2560.093: Total time for which application threads were stopped: 0.0000713 seconds, Stopping threads took: 0.0000155 seconds
2023-04-24T12:44:11.623+0530: 2560.094: Total time for which application threads were stopped: 0.0001085 seconds, Stopping threads took: 0.0000398 seconds
2023-04-24T12:44:11.626+0530: 2560.096: Total time for which application threads were stopped: 0.0002101 seconds, Stopping threads took: 0.0000868 seconds
2023-04-24T12:44:11.626+0530: 2560.097: Total time for which application threads were stopped: 0.0001042 seconds, Stopping threads took: 0.0000225 seconds
2023-04-24T12:44:34.096+0530: 2582.566: Total time for which application threads were stopped: 0.0001885 seconds, Stopping threads took: 0.0000705 seconds
2023-04-24T12:44:34.096+0530: 2582.567: Total time for which application threads were stopped: 0.0000949 seconds, Stopping threads took: 0.0000200 seconds
2023-04-24T12:44:34.096+0530: 2582.567: Total time for which application threads were stopped: 0.0001017 seconds, Stopping threads took: 0.0000209 seconds
2023-04-24T12:44:34.097+0530: 2582.568: Total time for which application threads were stopped: 0.0001068 seconds, Stopping threads took: 0.0000285 seconds
2023-04-24T12:44:34.099+0530: 2582.569: Total time for which application threads were stopped: 0.0001810 seconds, Stopping threads took: 0.0000915 seconds
2023-04-24T12:44:34.099+0530: 2582.570: Total time for which application threads were stopped: 0.0001103 seconds, Stopping threads took: 0.0000217 seconds
2023-04-24T12:44:34.099+0530: 2582.570: Total time for which application threads were stopped: 0.0000733 seconds, Stopping threads took: 0.0000174 seconds
2023-04-24T12:44:34.099+0530: 2582.570: Total time for which application threads were stopped: 0.0000578 seconds, Stopping threads took: 0.0000079 seconds
2023-04-24T12:44:34.099+0530: 2582.570: Total time for which application threads were stopped: 0.0000580 seconds, Stopping threads took: 0.0000080 seconds
2023-04-24T12:44:34.099+0530: 2582.570: Total time for which application threads were stopped: 0.0000916 seconds, Stopping threads took: 0.0000270 seconds
2023-04-24T12:44:34.099+0530: 2582.570: Total time for which application threads were stopped: 0.0000761 seconds, Stopping threads took: 0.0000224 seconds
2023-04-24T12:44:34.100+0530: 2582.570: Total time for which application threads were stopped: 0.0000643 seconds, Stopping threads took: 0.0000129 seconds
2023-04-24T12:44:34.100+0530: 2582.570: Total time for which application threads were stopped: 0.0000684 seconds, Stopping threads took: 0.0000137 seconds
2023-04-24T12:44:34.100+0530: 2582.570: Total time for which application threads were stopped: 0.0000873 seconds, Stopping threads took: 0.0000349 seconds
2023-04-24T12:44:34.100+0530: 2582.571: Total time for which application threads were stopped: 0.0000923 seconds, Stopping threads took: 0.0000330 seconds
2023-04-24T12:44:34.100+0530: 2582.571: Total time for which application threads were stopped: 0.0000847 seconds, Stopping threads took: 0.0000296 seconds
2023-04-24T12:44:34.100+0530: 2582.571: Total time for which application threads were stopped: 0.0000824 seconds, Stopping threads took: 0.0000268 seconds
2023-04-24T12:44:34.100+0530: 2582.571: Total time for which application threads were stopped: 0.0001527 seconds, Stopping threads took: 0.0000192 seconds
2023-04-24T12:44:34.106+0530: 2582.577: Total time for which application threads were stopped: 0.0001772 seconds, Stopping threads took: 0.0000780 seconds
2023-04-24T12:44:34.107+0530: 2582.577: Total time for which application threads were stopped: 0.0001215 seconds, Stopping threads took: 0.0000414 seconds
2023-04-24T12:44:34.107+0530: 2582.578: Total time for which application threads were stopped: 0.0001223 seconds, Stopping threads took: 0.0000519 seconds
2023-04-24T12:44:34.108+0530: 2582.578: Total time for which application threads were stopped: 0.0000558 seconds, Stopping threads took: 0.0000222 seconds
2023-04-24T12:44:34.108+0530: 2582.579: Total time for which application threads were stopped: 0.0000629 seconds, Stopping threads took: 0.0000120 seconds
2023-04-24T12:44:34.111+0530: 2582.582: Total time for which application threads were stopped: 0.0001166 seconds, Stopping threads took: 0.0000411 seconds
2023-04-24T12:44:34.112+0530: 2582.582: Total time for which application threads were stopped: 0.0000617 seconds, Stopping threads took: 0.0000147 seconds
2023-04-24T12:44:58.693+0530: 2607.164: Total time for which application threads were stopped: 0.0001932 seconds, Stopping threads took: 0.0000518 seconds
2023-04-24T12:44:58.693+0530: 2607.164: Total time for which application threads were stopped: 0.0000659 seconds, Stopping threads took: 0.0000109 seconds
2023-04-24T12:44:58.695+0530: 2607.165: Total time for which application threads were stopped: 0.0001287 seconds, Stopping threads took: 0.0000545 seconds
2023-04-24T12:44:58.698+0530: 2607.169: Total time for which application threads were stopped: 0.0002179 seconds, Stopping threads took: 0.0000578 seconds
2023-04-24T12:44:58.699+0530: 2607.170: Total time for which application threads were stopped: 0.0000787 seconds, Stopping threads took: 0.0000185 seconds
2023-04-24T12:44:58.699+0530: 2607.170: Total time for which application threads were stopped: 0.0000580 seconds, Stopping threads took: 0.0000188 seconds
2023-04-24T12:44:58.700+0530: 2607.170: Total time for which application threads were stopped: 0.0000774 seconds, Stopping threads took: 0.0000171 seconds
2023-04-24T12:44:58.704+0530: 2607.174: Total time for which application threads were stopped: 0.0001210 seconds, Stopping threads took: 0.0000443 seconds
2023-04-24T12:44:58.704+0530: 2607.175: Total time for which application threads were stopped: 0.0000875 seconds, Stopping threads took: 0.0000286 seconds
2023-04-24T12:50:32.770+0530: 2941.241: Total time for which application threads were stopped: 0.0003226 seconds, Stopping threads took: 0.0001240 seconds
2023-04-24T12:50:53.208+0530: 2961.679: Total time for which application threads were stopped: 0.0001351 seconds, Stopping threads took: 0.0000236 seconds
2023-04-24T12:50:53.208+0530: 2961.679: Total time for which application threads were stopped: 0.0000754 seconds, Stopping threads took: 0.0000133 seconds
2023-04-24T12:50:53.209+0530: 2961.679: Total time for which application threads were stopped: 0.0000619 seconds, Stopping threads took: 0.0000132 seconds
2023-04-24T12:50:53.211+0530: 2961.682: Total time for which application threads were stopped: 0.0000988 seconds, Stopping threads took: 0.0000244 seconds
2023-04-24T12:50:53.212+0530: 2961.682: Total time for which application threads were stopped: 0.0000878 seconds, Stopping threads took: 0.0000321 seconds
2023-04-24T12:51:49.582+0530: 3018.052: Total time for which application threads were stopped: 0.0001800 seconds, Stopping threads took: 0.0000434 seconds
2023-04-24T12:51:49.582+0530: 3018.052: Total time for which application threads were stopped: 0.0000879 seconds, Stopping threads took: 0.0000180 seconds
2023-04-24T12:51:49.582+0530: 3018.053: Total time for which application threads were stopped: 0.0000754 seconds, Stopping threads took: 0.0000137 seconds
2023-04-24T12:51:49.586+0530: 3018.056: Total time for which application threads were stopped: 0.0001230 seconds, Stopping threads took: 0.0000432 seconds
2023-04-24T12:51:49.586+0530: 3018.057: Total time for which application threads were stopped: 0.0001304 seconds, Stopping threads took: 0.0000192 seconds
2023-04-24T12:51:49.587+0530: 3018.058: Total time for which application threads were stopped: 0.0001152 seconds, Stopping threads took: 0.0000308 seconds
2023-04-24T12:51:49.587+0530: 3018.058: Total time for which application threads were stopped: 0.0000707 seconds, Stopping threads took: 0.0000167 seconds
2023-04-24T12:51:49.587+0530: 3018.058: Total time for which application threads were stopped: 0.0000360 seconds, Stopping threads took: 0.0000084 seconds
2023-04-24T12:51:49.588+0530: 3018.058: Total time for which application threads were stopped: 0.0000736 seconds, Stopping threads took: 0.0000260 seconds
2023-04-24T12:51:49.593+0530: 3018.064: Total time for which application threads were stopped: 0.0000799 seconds, Stopping threads took: 0.0000202 seconds
2023-04-24T12:51:49.594+0530: 3018.064: Total time for which application threads were stopped: 0.0000781 seconds, Stopping threads took: 0.0000330 seconds
2023-04-24T12:55:02.636+0530: 3211.107: Total time for which application threads were stopped: 0.0003698 seconds, Stopping threads took: 0.0001245 seconds
2023-04-24T12:58:37.360+0530: 3425.831: Total time for which application threads were stopped: 0.0002499 seconds, Stopping threads took: 0.0000845 seconds
2023-04-24T12:58:37.360+0530: 3425.831: Total time for which application threads were stopped: 0.0001517 seconds, Stopping threads took: 0.0000313 seconds
2023-04-24T12:58:37.363+0530: 3425.833: Total time for which application threads were stopped: 0.0002357 seconds, Stopping threads took: 0.0001031 seconds
2023-04-24T12:58:37.363+0530: 3425.834: Total time for which application threads were stopped: 0.0002613 seconds, Stopping threads took: 0.0001489 seconds
2023-04-24T12:58:37.364+0530: 3425.835: Total time for which application threads were stopped: 0.0001924 seconds, Stopping threads took: 0.0000537 seconds
2023-04-24T12:58:37.461+0530: 3425.931: Total time for which application threads were stopped: 0.0000730 seconds, Stopping threads took: 0.0000180 seconds
2023-04-24T12:58:37.461+0530: 3425.932: Total time for which application threads were stopped: 0.0000403 seconds, Stopping threads took: 0.0000080 seconds
2023-04-24T12:58:37.462+0530: 3425.933: Total time for which application threads were stopped: 0.0000532 seconds, Stopping threads took: 0.0000111 seconds
2023-04-24T12:58:37.474+0530: 3425.945: Total time for which application threads were stopped: 0.0001503 seconds, Stopping threads took: 0.0000692 seconds
2023-04-24T12:58:37.475+0530: 3425.946: Total time for which application threads were stopped: 0.0001650 seconds, Stopping threads took: 0.0000247 seconds
2023-04-24T12:58:37.475+0530: 3425.946: Total time for which application threads were stopped: 0.0000767 seconds, Stopping threads took: 0.0000146 seconds
2023-04-24T12:58:37.476+0530: 3425.947: Total time for which application threads were stopped: 0.0000928 seconds, Stopping threads took: 0.0000330 seconds
2023-04-24T12:58:37.477+0530: 3425.948: Total time for which application threads were stopped: 0.0000995 seconds, Stopping threads took: 0.0000340 seconds
2023-04-24T12:58:37.477+0530: 3425.948: Total time for which application threads were stopped: 0.0000588 seconds, Stopping threads took: 0.0000178 seconds
2023-04-24T12:58:37.477+0530: 3425.948: Total time for which application threads were stopped: 0.0000454 seconds, Stopping threads took: 0.0000121 seconds
2023-04-24T12:58:37.477+0530: 3425.948: Total time for which application threads were stopped: 0.0000392 seconds, Stopping threads took: 0.0000093 seconds
2023-04-24T12:58:38.477+0530: 3426.948: Total time for which application threads were stopped: 0.0002738 seconds, Stopping threads took: 0.0000839 seconds
2023-04-24T12:59:10.651+0530: 3459.121: Total time for which application threads were stopped: 0.0001181 seconds, Stopping threads took: 0.0000404 seconds
2023-04-24T12:59:10.651+0530: 3459.121: Total time for which application threads were stopped: 0.0000823 seconds, Stopping threads took: 0.0000150 seconds
2023-04-24T12:59:10.651+0530: 3459.122: Total time for which application threads were stopped: 0.0001004 seconds, Stopping threads took: 0.0000249 seconds
2023-04-24T12:59:10.655+0530: 3459.126: Total time for which application threads were stopped: 0.0001327 seconds, Stopping threads took: 0.0000513 seconds
2023-04-24T12:59:10.655+0530: 3459.126: Total time for which application threads were stopped: 0.0001123 seconds, Stopping threads took: 0.0000218 seconds
2023-04-24T12:59:10.656+0530: 3459.127: Total time for which application threads were stopped: 0.0000790 seconds, Stopping threads took: 0.0000237 seconds
2023-04-24T12:59:10.656+0530: 3459.127: Total time for which application threads were stopped: 0.0000674 seconds, Stopping threads took: 0.0000268 seconds
2023-04-24T12:59:10.657+0530: 3459.127: Total time for which application threads were stopped: 0.0000694 seconds, Stopping threads took: 0.0000186 seconds
2023-04-24T12:59:10.661+0530: 3459.132: Total time for which application threads were stopped: 0.0001043 seconds, Stopping threads took: 0.0000242 seconds
2023-04-24T12:59:11.661+0530: 3460.132: Total time for which application threads were stopped: 0.0002977 seconds, Stopping threads took: 0.0000589 seconds
2023-04-24T12:59:37.476+0530: 3485.947: Total time for which application threads were stopped: 0.0003469 seconds, Stopping threads took: 0.0001206 seconds
2023-04-24T12:59:37.478+0530: 3485.948: Total time for which application threads were stopped: 0.0002191 seconds, Stopping threads took: 0.0000440 seconds
2023-04-24T13:04:46.531+0530: 3795.002: Total time for which application threads were stopped: 0.0003575 seconds, Stopping threads took: 0.0001218 seconds
2023-04-24T13:04:47.532+0530: 3796.003: Total time for which application threads were stopped: 0.0002601 seconds, Stopping threads took: 0.0000612 seconds
2023-04-24T13:05:28.265+0530: 3836.736: Total time for which application threads were stopped: 0.0001404 seconds, Stopping threads took: 0.0000485 seconds
2023-04-24T13:05:28.265+0530: 3836.736: Total time for which application threads were stopped: 0.0000664 seconds, Stopping threads took: 0.0000091 seconds
2023-04-24T13:05:28.265+0530: 3836.736: Total time for which application threads were stopped: 0.0000657 seconds, Stopping threads took: 0.0000140 seconds
2023-04-24T13:05:28.266+0530: 3836.737: Total time for which application threads were stopped: 0.0000988 seconds, Stopping threads took: 0.0000224 seconds
2023-04-24T13:05:28.270+0530: 3836.741: Total time for which application threads were stopped: 0.0001091 seconds, Stopping threads took: 0.0000190 seconds
2023-04-24T13:05:28.271+0530: 3836.741: Total time for which application threads were stopped: 0.0000816 seconds, Stopping threads took: 0.0000146 seconds
2023-04-24T13:05:28.271+0530: 3836.742: Total time for which application threads were stopped: 0.0000852 seconds, Stopping threads took: 0.0000284 seconds
2023-04-24T13:05:28.271+0530: 3836.742: Total time for which application threads were stopped: 0.0001977 seconds, Stopping threads took: 0.0001566 seconds
2023-04-24T13:05:28.272+0530: 3836.742: Total time for which application threads were stopped: 0.0000649 seconds, Stopping threads took: 0.0000260 seconds
2023-04-24T13:05:28.272+0530: 3836.743: Total time for which application threads were stopped: 0.0001335 seconds, Stopping threads took: 0.0000173 seconds
2023-04-24T13:05:28.276+0530: 3836.747: Total time for which application threads were stopped: 0.0000898 seconds, Stopping threads took: 0.0000239 seconds
2023-04-24T13:05:28.277+0530: 3836.747: Total time for which application threads were stopped: 0.0000901 seconds, Stopping threads took: 0.0000317 seconds
2023-04-24T13:05:38.079+0530: 3846.550: Total time for which application threads were stopped: 0.0001649 seconds, Stopping threads took: 0.0000581 seconds
2023-04-24T13:05:38.080+0530: 3846.551: Total time for which application threads were stopped: 0.0001053 seconds, Stopping threads took: 0.0000237 seconds
2023-04-24T13:05:38.081+0530: 3846.552: Total time for which application threads were stopped: 0.0000825 seconds, Stopping threads took: 0.0000144 seconds
2023-04-24T13:05:38.084+0530: 3846.555: Total time for which application threads were stopped: 0.0002691 seconds, Stopping threads took: 0.0000302 seconds
2023-04-24T13:05:38.086+0530: 3846.557: Total time for which application threads were stopped: 0.0002414 seconds, Stopping threads took: 0.0000229 seconds
2023-04-24T13:05:38.086+0530: 3846.557: Total time for which application threads were stopped: 0.0001129 seconds, Stopping threads took: 0.0000311 seconds
2023-04-24T13:05:38.087+0530: 3846.558: Total time for which application threads were stopped: 0.0001352 seconds, Stopping threads took: 0.0000353 seconds
2023-04-24T13:05:38.091+0530: 3846.562: Total time for which application threads were stopped: 0.0000914 seconds, Stopping threads took: 0.0000316 seconds
2023-04-24T13:05:38.091+0530: 3846.562: Total time for which application threads were stopped: 0.0000484 seconds, Stopping threads took: 0.0000131 seconds
2023-04-24T13:06:59.475+0530: 3927.946: Total time for which application threads were stopped: 0.0001733 seconds, Stopping threads took: 0.0000571 seconds
2023-04-24T13:06:59.476+0530: 3927.946: Total time for which application threads were stopped: 0.0001049 seconds, Stopping threads took: 0.0000264 seconds
2023-04-24T13:06:59.476+0530: 3927.947: Total time for which application threads were stopped: 0.0000979 seconds, Stopping threads took: 0.0000252 seconds
2023-04-24T13:06:59.480+0530: 3927.951: Total time for which application threads were stopped: 0.0001506 seconds, Stopping threads took: 0.0000565 seconds
2023-04-24T13:06:59.480+0530: 3927.951: Total time for which application threads were stopped: 0.0001283 seconds, Stopping threads took: 0.0000412 seconds
2023-04-24T13:06:59.481+0530: 3927.952: Total time for which application threads were stopped: 0.0000833 seconds, Stopping threads took: 0.0000187 seconds
2023-04-24T13:06:59.482+0530: 3927.952: Total time for which application threads were stopped: 0.0004068 seconds, Stopping threads took: 0.0003481 seconds
2023-04-24T13:06:59.482+0530: 3927.953: Total time for which application threads were stopped: 0.0000700 seconds, Stopping threads took: 0.0000111 seconds
2023-04-24T13:06:59.486+0530: 3927.957: Total time for which application threads were stopped: 0.0001215 seconds, Stopping threads took: 0.0000309 seconds
2023-04-24T13:06:59.487+0530: 3927.957: Total time for which application threads were stopped: 0.0000547 seconds, Stopping threads took: 0.0000083 seconds
2023-04-24T13:09:05.655+0530: 4054.126: Total time for which application threads were stopped: 0.0001689 seconds, Stopping threads took: 0.0000546 seconds
2023-04-24T13:09:05.655+0530: 4054.126: Total time for which application threads were stopped: 0.0001052 seconds, Stopping threads took: 0.0000177 seconds
2023-04-24T13:09:05.655+0530: 4054.126: Total time for which application threads were stopped: 0.0000568 seconds, Stopping threads took: 0.0000097 seconds
2023-04-24T13:09:05.656+0530: 4054.127: Total time for which application threads were stopped: 0.0000857 seconds, Stopping threads took: 0.0000159 seconds
2023-04-24T13:09:05.659+0530: 4054.130: Total time for which application threads were stopped: 0.0001226 seconds, Stopping threads took: 0.0000322 seconds
2023-04-24T13:09:05.660+0530: 4054.130: Total time for which application threads were stopped: 0.0000815 seconds, Stopping threads took: 0.0000163 seconds
2023-04-24T13:09:05.661+0530: 4054.132: Total time for which application threads were stopped: 0.0000982 seconds, Stopping threads took: 0.0000299 seconds
2023-04-24T13:09:05.661+0530: 4054.132: Total time for which application threads were stopped: 0.0000719 seconds, Stopping threads took: 0.0000164 seconds
2023-04-24T13:09:05.662+0530: 4054.132: Total time for which application threads were stopped: 0.0001020 seconds, Stopping threads took: 0.0000253 seconds
2023-04-24T13:09:05.667+0530: 4054.138: Total time for which application threads were stopped: 0.0001302 seconds, Stopping threads took: 0.0000700 seconds
2023-04-24T13:09:05.667+0530: 4054.138: Total time for which application threads were stopped: 0.0000689 seconds, Stopping threads took: 0.0000139 seconds
2023-04-24T13:10:49.163+0530: 4157.634: Total time for which application threads were stopped: 0.0001227 seconds, Stopping threads took: 0.0000420 seconds
2023-04-24T13:10:49.164+0530: 4157.634: Total time for which application threads were stopped: 0.0000556 seconds, Stopping threads took: 0.0000107 seconds
2023-04-24T13:10:49.164+0530: 4157.635: Total time for which application threads were stopped: 0.0000863 seconds, Stopping threads took: 0.0000125 seconds
2023-04-24T13:10:49.169+0530: 4157.640: Total time for which application threads were stopped: 0.0002693 seconds, Stopping threads took: 0.0000410 seconds
2023-04-24T13:10:49.171+0530: 4157.641: Total time for which application threads were stopped: 0.0001039 seconds, Stopping threads took: 0.0000215 seconds
2023-04-24T13:10:49.171+0530: 4157.641: Total time for which application threads were stopped: 0.0000637 seconds, Stopping threads took: 0.0000114 seconds
2023-04-24T13:10:49.171+0530: 4157.642: Total time for which application threads were stopped: 0.0000699 seconds, Stopping threads took: 0.0000106 seconds
2023-04-24T13:10:49.177+0530: 4157.648: Total time for which application threads were stopped: 0.0001061 seconds, Stopping threads took: 0.0000263 seconds
2023-04-24T13:10:49.178+0530: 4157.648: Total time for which application threads were stopped: 0.0000821 seconds, Stopping threads took: 0.0000233 seconds
2023-04-24T13:10:58.238+0530: 4166.709: Total time for which application threads were stopped: 0.0001815 seconds, Stopping threads took: 0.0000594 seconds
2023-04-24T13:10:58.238+0530: 4166.709: Total time for which application threads were stopped: 0.0001054 seconds, Stopping threads took: 0.0000191 seconds
2023-04-24T13:10:58.239+0530: 4166.710: Total time for which application threads were stopped: 0.0001418 seconds, Stopping threads took: 0.0000254 seconds
2023-04-24T13:10:58.244+0530: 4166.715: Total time for which application threads were stopped: 0.0001031 seconds, Stopping threads took: 0.0000227 seconds
2023-04-24T13:10:58.244+0530: 4166.715: Total time for which application threads were stopped: 0.0000605 seconds, Stopping threads took: 0.0000136 seconds
2023-04-24T13:10:58.245+0530: 4166.716: Total time for which application threads were stopped: 0.0000791 seconds, Stopping threads took: 0.0000140 seconds
2023-04-24T13:10:58.245+0530: 4166.716: Total time for which application threads were stopped: 0.0000512 seconds, Stopping threads took: 0.0000097 seconds
2023-04-24T13:10:58.246+0530: 4166.717: Total time for which application threads were stopped: 0.0000682 seconds, Stopping threads took: 0.0000149 seconds
2023-04-24T13:10:58.250+0530: 4166.721: Total time for which application threads were stopped: 0.0001494 seconds, Stopping threads took: 0.0000934 seconds
2023-04-24T13:10:58.251+0530: 4166.721: Total time for which application threads were stopped: 0.0000866 seconds, Stopping threads took: 0.0000277 seconds
2023-04-24T13:12:52.776+0530: 4281.247: Total time for which application threads were stopped: 0.0001308 seconds, Stopping threads took: 0.0000401 seconds
2023-04-24T13:12:52.776+0530: 4281.247: Total time for which application threads were stopped: 0.0000585 seconds, Stopping threads took: 0.0000093 seconds
2023-04-24T13:12:52.776+0530: 4281.247: Total time for which application threads were stopped: 0.0000515 seconds, Stopping threads took: 0.0000075 seconds
2023-04-24T13:12:52.777+0530: 4281.248: Total time for which application threads were stopped: 0.0000914 seconds, Stopping threads took: 0.0000345 seconds
2023-04-24T13:12:52.780+0530: 4281.250: Total time for which application threads were stopped: 0.0001156 seconds, Stopping threads took: 0.0000405 seconds
2023-04-24T13:12:52.780+0530: 4281.250: Total time for which application threads were stopped: 0.0000602 seconds, Stopping threads took: 0.0000138 seconds
2023-04-24T13:12:52.780+0530: 4281.251: Total time for which application threads were stopped: 0.0000670 seconds, Stopping threads took: 0.0000143 seconds
2023-04-24T13:12:52.781+0530: 4281.251: Total time for which application threads were stopped: 0.0000547 seconds, Stopping threads took: 0.0000111 seconds
2023-04-24T13:12:52.781+0530: 4281.252: Total time for which application threads were stopped: 0.0000570 seconds, Stopping threads took: 0.0000110 seconds
2023-04-24T13:12:52.784+0530: 4281.255: Total time for which application threads were stopped: 0.0000872 seconds, Stopping threads took: 0.0000196 seconds
2023-04-24T13:12:52.784+0530: 4281.255: Total time for which application threads were stopped: 0.0000476 seconds, Stopping threads took: 0.0000095 seconds
2023-04-24T13:13:35.852+0530: 4324.322: Total time for which application threads were stopped: 0.0001307 seconds, Stopping threads took: 0.0000423 seconds
2023-04-24T13:13:35.852+0530: 4324.323: Total time for which application threads were stopped: 0.0000826 seconds, Stopping threads took: 0.0000145 seconds
2023-04-24T13:13:35.853+0530: 4324.323: Total time for which application threads were stopped: 0.0001250 seconds, Stopping threads took: 0.0000254 seconds
2023-04-24T13:13:35.856+0530: 4324.326: Total time for which application threads were stopped: 0.0001196 seconds, Stopping threads took: 0.0000315 seconds
2023-04-24T13:13:35.856+0530: 4324.327: Total time for which application threads were stopped: 0.0000806 seconds, Stopping threads took: 0.0000191 seconds
2023-04-24T13:14:18.528+0530: 4366.999: Total time for which application threads were stopped: 0.0001918 seconds, Stopping threads took: 0.0000643 seconds
2023-04-24T13:14:18.528+0530: 4366.999: Total time for which application threads were stopped: 0.0001149 seconds, Stopping threads took: 0.0000177 seconds
2023-04-24T13:14:18.529+0530: 4366.999: Total time for which application threads were stopped: 0.0001164 seconds, Stopping threads took: 0.0000196 seconds
2023-04-24T13:14:18.533+0530: 4367.004: Total time for which application threads were stopped: 0.0009292 seconds, Stopping threads took: 0.0008462 seconds
2023-04-24T13:14:18.533+0530: 4367.004: Total time for which application threads were stopped: 0.0000946 seconds, Stopping threads took: 0.0000397 seconds
2023-04-24T13:14:18.533+0530: 4367.004: Total time for which application threads were stopped: 0.0000718 seconds, Stopping threads took: 0.0000193 seconds
2023-04-24T13:14:18.534+0530: 4367.004: Total time for which application threads were stopped: 0.0000636 seconds, Stopping threads took: 0.0000170 seconds
2023-04-24T13:14:18.534+0530: 4367.005: Total time for which application threads were stopped: 0.0000577 seconds, Stopping threads took: 0.0000170 seconds
2023-04-24T13:14:18.538+0530: 4367.009: Total time for which application threads were stopped: 0.0001867 seconds, Stopping threads took: 0.0000417 seconds
2023-04-24T13:17:54.700+0530: 4583.171: Total time for which application threads were stopped: 0.0001566 seconds, Stopping threads took: 0.0000501 seconds
2023-04-24T13:17:54.700+0530: 4583.171: Total time for which application threads were stopped: 0.0000895 seconds, Stopping threads took: 0.0000165 seconds
2023-04-24T13:17:54.701+0530: 4583.171: Total time for which application threads were stopped: 0.0000920 seconds, Stopping threads took: 0.0000158 seconds
2023-04-24T13:17:54.703+0530: 4583.174: Total time for which application threads were stopped: 0.0001053 seconds, Stopping threads took: 0.0000269 seconds
2023-04-24T13:17:54.703+0530: 4583.174: Total time for which application threads were stopped: 0.0000747 seconds, Stopping threads took: 0.0000156 seconds
2023-04-24T13:17:54.705+0530: 4583.175: Total time for which application threads were stopped: 0.0001317 seconds, Stopping threads took: 0.0000593 seconds
2023-04-24T13:17:54.705+0530: 4583.175: Total time for which application threads were stopped: 0.0001082 seconds, Stopping threads took: 0.0000449 seconds
2023-04-24T13:17:54.705+0530: 4583.176: Total time for which application threads were stopped: 0.0001999 seconds, Stopping threads took: 0.0000391 seconds
2023-04-24T13:17:54.709+0530: 4583.180: Total time for which application threads were stopped: 0.0001087 seconds, Stopping threads took: 0.0000222 seconds
2023-04-24T13:17:54.709+0530: 4583.180: Total time for which application threads were stopped: 0.0000743 seconds, Stopping threads took: 0.0000205 seconds
2023-04-24T13:19:22.918+0530: 4671.389: Total time for which application threads were stopped: 0.0001388 seconds, Stopping threads took: 0.0000453 seconds
2023-04-24T13:19:22.918+0530: 4671.389: Total time for which application threads were stopped: 0.0000653 seconds, Stopping threads took: 0.0000127 seconds
2023-04-24T13:19:22.919+0530: 4671.389: Total time for which application threads were stopped: 0.0000501 seconds, Stopping threads took: 0.0000089 seconds
2023-04-24T13:19:22.921+0530: 4671.392: Total time for which application threads were stopped: 0.0000992 seconds, Stopping threads took: 0.0000238 seconds
2023-04-24T13:19:22.921+0530: 4671.392: Total time for which application threads were stopped: 0.0000878 seconds, Stopping threads took: 0.0000142 seconds
2023-04-24T13:19:22.922+0530: 4671.393: Total time for which application threads were stopped: 0.0000729 seconds, Stopping threads took: 0.0000145 seconds
2023-04-24T13:19:22.922+0530: 4671.393: Total time for which application threads were stopped: 0.0000753 seconds, Stopping threads took: 0.0000169 seconds
2023-04-24T13:19:22.923+0530: 4671.393: Total time for which application threads were stopped: 0.0000565 seconds, Stopping threads took: 0.0000106 seconds
2023-04-24T13:19:22.923+0530: 4671.394: Total time for which application threads were stopped: 0.0000557 seconds, Stopping threads took: 0.0000134 seconds
2023-04-24T13:19:22.926+0530: 4671.397: Total time for which application threads were stopped: 0.0001123 seconds, Stopping threads took: 0.0000409 seconds
2023-04-24T13:19:22.927+0530: 4671.397: Total time for which application threads were stopped: 0.0000979 seconds, Stopping threads took: 0.0000321 seconds
2023-04-24T13:20:48.648+0530: 4757.118: Total time for which application threads were stopped: 0.0001659 seconds, Stopping threads took: 0.0000567 seconds
2023-04-24T13:20:48.648+0530: 4757.119: Total time for which application threads were stopped: 0.0000784 seconds, Stopping threads took: 0.0000139 seconds
2023-04-24T13:20:48.649+0530: 4757.119: Total time for which application threads were stopped: 0.0000736 seconds, Stopping threads took: 0.0000130 seconds
2023-04-24T13:20:48.651+0530: 4757.122: Total time for which application threads were stopped: 0.0002649 seconds, Stopping threads took: 0.0000746 seconds
2023-04-24T13:20:48.652+0530: 4757.123: Total time for which application threads were stopped: 0.0000724 seconds, Stopping threads took: 0.0000164 seconds
2023-04-24T13:20:48.652+0530: 4757.123: Total time for which application threads were stopped: 0.0000631 seconds, Stopping threads took: 0.0000164 seconds
2023-04-24T13:20:48.653+0530: 4757.123: Total time for which application threads were stopped: 0.0000628 seconds, Stopping threads took: 0.0000241 seconds
2023-04-24T13:20:48.656+0530: 4757.127: Total time for which application threads were stopped: 0.0001503 seconds, Stopping threads took: 0.0000525 seconds
2023-04-24T13:20:55.905+0530: 4764.376: Total time for which application threads were stopped: 0.0001426 seconds, Stopping threads took: 0.0000285 seconds
2023-04-24T13:20:55.905+0530: 4764.376: Total time for which application threads were stopped: 0.0001312 seconds, Stopping threads took: 0.0000234 seconds
2023-04-24T13:20:55.906+0530: 4764.377: Total time for which application threads were stopped: 0.0002844 seconds, Stopping threads took: 0.0000567 seconds
2023-04-24T13:20:55.908+0530: 4764.378: Total time for which application threads were stopped: 0.0001905 seconds, Stopping threads took: 0.0000897 seconds
2023-04-24T13:20:55.910+0530: 4764.380: Total time for which application threads were stopped: 0.0001444 seconds, Stopping threads took: 0.0000332 seconds
2023-04-24T13:20:55.910+0530: 4764.381: Total time for which application threads were stopped: 0.0001009 seconds, Stopping threads took: 0.0000215 seconds
2023-04-24T13:20:55.911+0530: 4764.382: Total time for which application threads were stopped: 0.0001207 seconds, Stopping threads took: 0.0000279 seconds
2023-04-24T13:20:55.911+0530: 4764.382: Total time for which application threads were stopped: 0.0000961 seconds, Stopping threads took: 0.0000213 seconds
2023-04-24T13:20:55.913+0530: 4764.383: Total time for which application threads were stopped: 0.0000986 seconds, Stopping threads took: 0.0000230 seconds
2023-04-24T13:20:55.916+0530: 4764.387: Total time for which application threads were stopped: 0.0001151 seconds, Stopping threads took: 0.0000243 seconds
2023-04-24T13:20:55.917+0530: 4764.387: Total time for which application threads were stopped: 0.0001533 seconds, Stopping threads took: 0.0000813 seconds
2023-04-24T13:21:16.479+0530: 4784.949: Total time for which application threads were stopped: 0.0001367 seconds, Stopping threads took: 0.0000468 seconds
2023-04-24T13:21:16.479+0530: 4784.950: Total time for which application threads were stopped: 0.0000883 seconds, Stopping threads took: 0.0000195 seconds
2023-04-24T13:21:16.479+0530: 4784.950: Total time for which application threads were stopped: 0.0000524 seconds, Stopping threads took: 0.0000104 seconds
2023-04-24T13:21:16.480+0530: 4784.950: Total time for which application threads were stopped: 0.0000584 seconds, Stopping threads took: 0.0000107 seconds
2023-04-24T13:21:16.483+0530: 4784.953: Total time for which application threads were stopped: 0.0001077 seconds, Stopping threads took: 0.0000208 seconds
2023-04-24T13:21:16.483+0530: 4784.954: Total time for which application threads were stopped: 0.0000686 seconds, Stopping threads took: 0.0000123 seconds
2023-04-24T13:21:16.484+0530: 4784.955: Total time for which application threads were stopped: 0.0000909 seconds, Stopping threads took: 0.0000207 seconds
2023-04-24T13:21:16.484+0530: 4784.955: Total time for which application threads were stopped: 0.0000471 seconds, Stopping threads took: 0.0000083 seconds
2023-04-24T13:21:16.484+0530: 4784.955: Total time for which application threads were stopped: 0.0001570 seconds, Stopping threads took: 0.0001053 seconds
2023-04-24T13:21:16.489+0530: 4784.960: Total time for which application threads were stopped: 0.0001007 seconds, Stopping threads took: 0.0000257 seconds
2023-04-24T13:21:16.489+0530: 4784.960: Total time for which application threads were stopped: 0.0000874 seconds, Stopping threads took: 0.0000319 seconds
2023-04-24T13:21:25.786+0530: 4794.257: Total time for which application threads were stopped: 0.0001860 seconds, Stopping threads took: 0.0000383 seconds
2023-04-24T13:21:25.786+0530: 4794.257: Total time for which application threads were stopped: 0.0001196 seconds, Stopping threads took: 0.0000219 seconds
2023-04-24T13:21:25.787+0530: 4794.258: Total time for which application threads were stopped: 0.0001361 seconds, Stopping threads took: 0.0000246 seconds
2023-04-24T13:21:25.789+0530: 4794.260: Total time for which application threads were stopped: 0.0001789 seconds, Stopping threads took: 0.0000314 seconds
2023-04-24T13:21:25.793+0530: 4794.264: Total time for which application threads were stopped: 0.0001872 seconds, Stopping threads took: 0.0000400 seconds
2023-04-24T13:21:25.793+0530: 4794.264: Total time for which application threads were stopped: 0.0001315 seconds, Stopping threads took: 0.0000360 seconds
2023-04-24T13:21:25.795+0530: 4794.265: Total time for which application threads were stopped: 0.0001477 seconds, Stopping threads took: 0.0000374 seconds
2023-04-24T13:21:25.795+0530: 4794.265: Total time for which application threads were stopped: 0.0000933 seconds, Stopping threads took: 0.0000168 seconds
2023-04-24T13:21:25.795+0530: 4794.266: Total time for which application threads were stopped: 0.0000888 seconds, Stopping threads took: 0.0000214 seconds
2023-04-24T13:21:25.800+0530: 4794.271: Total time for which application threads were stopped: 0.0001846 seconds, Stopping threads took: 0.0001034 seconds
2023-04-24T13:21:51.889+0530: 4820.360: Total time for which application threads were stopped: 0.0002083 seconds, Stopping threads took: 0.0000471 seconds
2023-04-24T13:21:51.890+0530: 4820.360: Total time for which application threads were stopped: 0.0001581 seconds, Stopping threads took: 0.0000174 seconds
2023-04-24T13:21:51.890+0530: 4820.361: Total time for which application threads were stopped: 0.0001102 seconds, Stopping threads took: 0.0000212 seconds
2023-04-24T13:21:51.893+0530: 4820.364: Total time for which application threads were stopped: 0.0001466 seconds, Stopping threads took: 0.0000306 seconds
2023-04-24T13:21:51.894+0530: 4820.365: Total time for which application threads were stopped: 0.0002084 seconds, Stopping threads took: 0.0000154 seconds
2023-04-24T13:21:51.894+0530: 4820.365: Total time for which application threads were stopped: 0.0000969 seconds, Stopping threads took: 0.0000188 seconds
2023-04-24T13:21:51.895+0530: 4820.365: Total time for which application threads were stopped: 0.0000699 seconds, Stopping threads took: 0.0000132 seconds
2023-04-24T13:21:51.895+0530: 4820.366: Total time for which application threads were stopped: 0.0001205 seconds, Stopping threads took: 0.0000420 seconds
2023-04-24T13:21:51.899+0530: 4820.370: Total time for which application threads were stopped: 0.0001284 seconds, Stopping threads took: 0.0000288 seconds
2023-04-24T13:21:51.899+0530: 4820.370: Total time for which application threads were stopped: 0.0001228 seconds, Stopping threads took: 0.0000461 seconds
2023-04-24T13:22:52.289+0530: 4880.760: Total time for which application threads were stopped: 0.0001238 seconds, Stopping threads took: 0.0000418 seconds
2023-04-24T13:22:52.289+0530: 4880.760: Total time for which application threads were stopped: 0.0000848 seconds, Stopping threads took: 0.0000368 seconds
2023-04-24T13:22:52.290+0530: 4880.761: Total time for which application threads were stopped: 0.0000978 seconds, Stopping threads took: 0.0000203 seconds
2023-04-24T13:22:52.293+0530: 4880.764: Total time for which application threads were stopped: 0.0001877 seconds, Stopping threads took: 0.0000561 seconds
2023-04-24T13:22:52.294+0530: 4880.765: Total time for which application threads were stopped: 0.0000889 seconds, Stopping threads took: 0.0000217 seconds
2023-04-24T13:22:52.294+0530: 4880.765: Total time for which application threads were stopped: 0.0000896 seconds, Stopping threads took: 0.0000325 seconds
2023-04-24T13:22:52.294+0530: 4880.765: Total time for which application threads were stopped: 0.0000556 seconds, Stopping threads took: 0.0000133 seconds
2023-04-24T13:22:52.295+0530: 4880.766: Total time for which application threads were stopped: 0.0001313 seconds, Stopping threads took: 0.0000405 seconds
2023-04-24T13:22:52.300+0530: 4880.770: Total time for which application threads were stopped: 0.0000906 seconds, Stopping threads took: 0.0000187 seconds
2023-04-24T13:22:52.300+0530: 4880.771: Total time for which application threads were stopped: 0.0000460 seconds, Stopping threads took: 0.0000078 seconds
2023-04-24T13:23:21.889+0530: 4910.360: Total time for which application threads were stopped: 0.0002022 seconds, Stopping threads took: 0.0000623 seconds
2023-04-24T13:23:21.890+0530: 4910.360: Total time for which application threads were stopped: 0.0000898 seconds, Stopping threads took: 0.0000170 seconds
2023-04-24T13:23:21.890+0530: 4910.361: Total time for which application threads were stopped: 0.0000772 seconds, Stopping threads took: 0.0000145 seconds
2023-04-24T13:23:21.891+0530: 4910.361: Total time for which application threads were stopped: 0.0000668 seconds, Stopping threads took: 0.0000118 seconds
2023-04-24T13:23:21.893+0530: 4910.364: Total time for which application threads were stopped: 0.0000993 seconds, Stopping threads took: 0.0000186 seconds
2023-04-24T13:23:21.893+0530: 4910.364: Total time for which application threads were stopped: 0.0000636 seconds, Stopping threads took: 0.0000109 seconds
2023-04-24T13:23:21.894+0530: 4910.365: Total time for which application threads were stopped: 0.0000942 seconds, Stopping threads took: 0.0000173 seconds
2023-04-24T13:23:21.894+0530: 4910.365: Total time for which application threads were stopped: 0.0000866 seconds, Stopping threads took: 0.0000151 seconds
2023-04-24T13:23:21.895+0530: 4910.366: Total time for which application threads were stopped: 0.0000857 seconds, Stopping threads took: 0.0000138 seconds
2023-04-24T13:23:21.899+0530: 4910.370: Total time for which application threads were stopped: 0.0002134 seconds, Stopping threads took: 0.0001133 seconds
2023-04-24T13:23:21.899+0530: 4910.370: Total time for which application threads were stopped: 0.0000775 seconds, Stopping threads took: 0.0000111 seconds
2023-04-24T13:23:44.128+0530: 4932.598: Total time for which application threads were stopped: 0.0001586 seconds, Stopping threads took: 0.0000481 seconds
2023-04-24T13:23:44.128+0530: 4932.598: Total time for which application threads were stopped: 0.0000674 seconds, Stopping threads took: 0.0000123 seconds
2023-04-24T13:23:44.128+0530: 4932.599: Total time for which application threads were stopped: 0.0001192 seconds, Stopping threads took: 0.0000211 seconds
2023-04-24T13:23:44.132+0530: 4932.603: Total time for which application threads were stopped: 0.0002506 seconds, Stopping threads took: 0.0000597 seconds
2023-04-24T13:23:44.134+0530: 4932.604: Total time for which application threads were stopped: 0.0001300 seconds, Stopping threads took: 0.0000438 seconds
2023-04-24T13:23:44.134+0530: 4932.605: Total time for which application threads were stopped: 0.0000683 seconds, Stopping threads took: 0.0000173 seconds
2023-04-24T13:23:44.134+0530: 4932.605: Total time for which application threads were stopped: 0.0000668 seconds, Stopping threads took: 0.0000151 seconds
2023-04-24T13:23:44.138+0530: 4932.609: Total time for which application threads were stopped: 0.0002021 seconds, Stopping threads took: 0.0001021 seconds
2023-04-24T13:23:44.138+0530: 4932.609: Total time for which application threads were stopped: 0.0001254 seconds, Stopping threads took: 0.0000738 seconds
2023-04-24T13:23:56.225+0530: 4944.695: Total time for which application threads were stopped: 0.0001219 seconds, Stopping threads took: 0.0000246 seconds
2023-04-24T13:23:56.225+0530: 4944.696: Total time for which application threads were stopped: 0.0000862 seconds, Stopping threads took: 0.0000151 seconds
2023-04-24T13:23:56.225+0530: 4944.696: Total time for which application threads were stopped: 0.0001022 seconds, Stopping threads took: 0.0000213 seconds
2023-04-24T13:23:56.231+0530: 4944.702: Total time for which application threads were stopped: 0.0001734 seconds, Stopping threads took: 0.0000362 seconds
2023-04-24T13:23:56.231+0530: 4944.702: Total time for which application threads were stopped: 0.0001359 seconds, Stopping threads took: 0.0000273 seconds
2023-04-24T13:23:56.232+0530: 4944.703: Total time for which application threads were stopped: 0.0001362 seconds, Stopping threads took: 0.0000298 seconds
2023-04-24T13:23:56.232+0530: 4944.703: Total time for which application threads were stopped: 0.0000715 seconds, Stopping threads took: 0.0000092 seconds
2023-04-24T13:23:56.233+0530: 4944.704: Total time for which application threads were stopped: 0.0001166 seconds, Stopping threads took: 0.0000172 seconds
2023-04-24T13:23:56.236+0530: 4944.707: Total time for which application threads were stopped: 0.0001054 seconds, Stopping threads took: 0.0000235 seconds
2023-04-24T13:23:56.236+0530: 4944.707: Total time for which application threads were stopped: 0.0000596 seconds, Stopping threads took: 0.0000163 seconds
2023-04-24T13:23:56.236+0530: 4944.707: Total time for which application threads were stopped: 0.0000437 seconds, Stopping threads took: 0.0000113 seconds
2023-04-24T13:23:56.236+0530: 4944.707: Total time for which application threads were stopped: 0.0000449 seconds, Stopping threads took: 0.0000100 seconds
2023-04-24T13:23:56.237+0530: 4944.707: Total time for which application threads were stopped: 0.0000528 seconds, Stopping threads took: 0.0000141 seconds
2023-04-24T13:23:56.237+0530: 4944.707: Total time for which application threads were stopped: 0.0000519 seconds, Stopping threads took: 0.0000116 seconds
2023-04-24T13:23:56.237+0530: 4944.708: Total time for which application threads were stopped: 0.0000534 seconds, Stopping threads took: 0.0000127 seconds
2023-04-24T13:23:56.237+0530: 4944.708: Total time for which application threads were stopped: 0.0000454 seconds, Stopping threads took: 0.0000109 seconds
2023-04-24T13:23:56.237+0530: 4944.708: Total time for which application threads were stopped: 0.0000412 seconds, Stopping threads took: 0.0000108 seconds
2023-04-24T13:23:56.237+0530: 4944.708: Total time for which application threads were stopped: 0.0000484 seconds, Stopping threads took: 0.0000100 seconds
2023-04-24T13:23:56.237+0530: 4944.708: Total time for which application threads were stopped: 0.0000523 seconds, Stopping threads took: 0.0000101 seconds
2023-04-24T13:23:56.237+0530: 4944.708: Total time for which application threads were stopped: 0.0000444 seconds, Stopping threads took: 0.0000116 seconds
2023-04-24T13:23:56.237+0530: 4944.708: Total time for which application threads were stopped: 0.0000525 seconds, Stopping threads took: 0.0000210 seconds
2023-04-24T13:23:56.237+0530: 4944.708: Total time for which application threads were stopped: 0.0000529 seconds, Stopping threads took: 0.0000213 seconds
2023-04-24T13:23:56.237+0530: 4944.708: Total time for which application threads were stopped: 0.0000619 seconds, Stopping threads took: 0.0000191 seconds
2023-04-24T13:23:56.238+0530: 4944.708: Total time for which application threads were stopped: 0.0000435 seconds, Stopping threads took: 0.0000167 seconds
2023-04-24T13:23:56.238+0530: 4944.708: Total time for which application threads were stopped: 0.0000341 seconds, Stopping threads took: 0.0000086 seconds
2023-04-24T13:23:56.238+0530: 4944.708: Total time for which application threads were stopped: 0.0001046 seconds, Stopping threads took: 0.0000084 seconds
2023-04-24T13:23:56.240+0530: 4944.710: Total time for which application threads were stopped: 0.0001139 seconds, Stopping threads took: 0.0000420 seconds
2023-04-24T13:23:56.240+0530: 4944.711: Total time for which application threads were stopped: 0.0000822 seconds, Stopping threads took: 0.0000286 seconds
2023-04-24T13:23:57.240+0530: 4945.711: Total time for which application threads were stopped: 0.0002589 seconds, Stopping threads took: 0.0000556 seconds
2023-04-24T13:25:19.257+0530: 5027.728: Total time for which application threads were stopped: 0.0004095 seconds, Stopping threads took: 0.0001447 seconds
2023-04-24T13:25:32.261+0530: 5040.732: Total time for which application threads were stopped: 0.0002727 seconds, Stopping threads took: 0.0000597 seconds
2023-04-24T13:26:59.279+0530: 5127.749: Total time for which application threads were stopped: 0.0001075 seconds, Stopping threads took: 0.0000411 seconds
2023-04-24T13:28:15.178+0530: 5203.649: Total time for which application threads were stopped: 0.0001107 seconds, Stopping threads took: 0.0000342 seconds
2023-04-24T13:28:15.179+0530: 5203.649: Total time for which application threads were stopped: 0.0000640 seconds, Stopping threads took: 0.0000133 seconds
2023-04-24T13:28:15.179+0530: 5203.650: Total time for which application threads were stopped: 0.0000662 seconds, Stopping threads took: 0.0000186 seconds
2023-04-24T13:28:15.179+0530: 5203.650: Total time for which application threads were stopped: 0.0000790 seconds, Stopping threads took: 0.0000302 seconds
2023-04-24T13:28:15.181+0530: 5203.652: Total time for which application threads were stopped: 0.0001674 seconds, Stopping threads took: 0.0000650 seconds
2023-04-24T13:28:15.182+0530: 5203.652: Total time for which application threads were stopped: 0.0000687 seconds, Stopping threads took: 0.0000099 seconds
2023-04-24T13:28:15.182+0530: 5203.653: Total time for which application threads were stopped: 0.0000663 seconds, Stopping threads took: 0.0000169 seconds
2023-04-24T13:28:15.183+0530: 5203.653: Total time for which application threads were stopped: 0.0000701 seconds, Stopping threads took: 0.0000108 seconds
2023-04-24T13:28:15.183+0530: 5203.654: Total time for which application threads were stopped: 0.0000644 seconds, Stopping threads took: 0.0000103 seconds
2023-04-24T13:28:15.186+0530: 5203.656: Total time for which application threads were stopped: 0.0000994 seconds, Stopping threads took: 0.0000321 seconds
2023-04-24T13:28:15.186+0530: 5203.657: Total time for which application threads were stopped: 0.0001220 seconds, Stopping threads took: 0.0000655 seconds
2023-04-24T13:30:04.220+0530: 5312.690: Total time for which application threads were stopped: 0.0001299 seconds, Stopping threads took: 0.0000407 seconds
2023-04-24T13:30:04.220+0530: 5312.691: Total time for which application threads were stopped: 0.0000891 seconds, Stopping threads took: 0.0000158 seconds
2023-04-24T13:30:04.220+0530: 5312.691: Total time for which application threads were stopped: 0.0001091 seconds, Stopping threads took: 0.0000352 seconds
2023-04-24T13:30:04.222+0530: 5312.692: Total time for which application threads were stopped: 0.0001123 seconds, Stopping threads took: 0.0000169 seconds
2023-04-24T13:30:04.223+0530: 5312.694: Total time for which application threads were stopped: 0.0000965 seconds, Stopping threads took: 0.0000204 seconds
2023-04-24T13:30:04.224+0530: 5312.694: Total time for which application threads were stopped: 0.0000811 seconds, Stopping threads took: 0.0000115 seconds
2023-04-24T13:30:04.224+0530: 5312.695: Total time for which application threads were stopped: 0.0000730 seconds, Stopping threads took: 0.0000144 seconds
2023-04-24T13:30:04.224+0530: 5312.695: Total time for which application threads were stopped: 0.0000448 seconds, Stopping threads took: 0.0000065 seconds
2023-04-24T13:30:04.225+0530: 5312.696: Total time for which application threads were stopped: 0.0000750 seconds, Stopping threads took: 0.0000099 seconds
2023-04-24T13:30:04.229+0530: 5312.700: Total time for which application threads were stopped: 0.0001227 seconds, Stopping threads took: 0.0000260 seconds
2023-04-24T13:30:04.229+0530: 5312.700: Total time for which application threads were stopped: 0.0000802 seconds, Stopping threads took: 0.0000197 seconds
2023-04-24T13:31:53.747+0530: 5422.217: Total time for which application threads were stopped: 0.0001314 seconds, Stopping threads took: 0.0000344 seconds
2023-04-24T13:31:53.747+0530: 5422.218: Total time for which application threads were stopped: 0.0000707 seconds, Stopping threads took: 0.0000119 seconds
2023-04-24T13:31:53.747+0530: 5422.218: Total time for which application threads were stopped: 0.0000647 seconds, Stopping threads took: 0.0000099 seconds
2023-04-24T13:31:53.748+0530: 5422.219: Total time for which application threads were stopped: 0.0000704 seconds, Stopping threads took: 0.0000173 seconds
2023-04-24T13:31:53.749+0530: 5422.220: Total time for which application threads were stopped: 0.0002527 seconds, Stopping threads took: 0.0001056 seconds
2023-04-24T13:31:53.750+0530: 5422.221: Total time for which application threads were stopped: 0.0000733 seconds, Stopping threads took: 0.0000311 seconds
2023-04-24T13:31:53.750+0530: 5422.221: Total time for which application threads were stopped: 0.0000582 seconds, Stopping threads took: 0.0000093 seconds
2023-04-24T13:31:53.751+0530: 5422.221: Total time for which application threads were stopped: 0.0000625 seconds, Stopping threads took: 0.0000152 seconds
2023-04-24T13:31:53.753+0530: 5422.224: Total time for which application threads were stopped: 0.0000914 seconds, Stopping threads took: 0.0000159 seconds
2023-04-24T13:31:53.753+0530: 5422.224: Total time for which application threads were stopped: 0.0000676 seconds, Stopping threads took: 0.0000210 seconds
2023-04-24T13:32:51.830+0530: 5480.301: Total time for which application threads were stopped: 0.0001295 seconds, Stopping threads took: 0.0000423 seconds
2023-04-24T13:32:51.831+0530: 5480.301: Total time for which application threads were stopped: 0.0000603 seconds, Stopping threads took: 0.0000107 seconds
2023-04-24T13:32:51.831+0530: 5480.302: Total time for which application threads were stopped: 0.0000894 seconds, Stopping threads took: 0.0000154 seconds
2023-04-24T13:32:51.834+0530: 5480.304: Total time for which application threads were stopped: 0.0001141 seconds, Stopping threads took: 0.0000223 seconds
2023-04-24T13:32:51.834+0530: 5480.305: Total time for which application threads were stopped: 0.0000735 seconds, Stopping threads took: 0.0000105 seconds
2023-04-24T13:32:51.835+0530: 5480.305: Total time for which application threads were stopped: 0.0000718 seconds, Stopping threads took: 0.0000149 seconds
2023-04-24T13:32:51.835+0530: 5480.305: Total time for which application threads were stopped: 0.0000561 seconds, Stopping threads took: 0.0000104 seconds
2023-04-24T13:32:51.835+0530: 5480.306: Total time for which application threads were stopped: 0.0001265 seconds, Stopping threads took: 0.0000105 seconds
2023-04-24T13:32:51.836+0530: 5480.307: Total time for which application threads were stopped: 0.0000923 seconds, Stopping threads took: 0.0000207 seconds
2023-04-24T13:32:51.839+0530: 5480.310: Total time for which application threads were stopped: 0.0000951 seconds, Stopping threads took: 0.0000227 seconds
2023-04-24T13:32:51.839+0530: 5480.310: Total time for which application threads were stopped: 0.0001102 seconds, Stopping threads took: 0.0000225 seconds
2023-04-24T13:33:01.862+0530: 5490.333: Total time for which application threads were stopped: 0.0001553 seconds, Stopping threads took: 0.0000309 seconds
2023-04-24T13:33:01.862+0530: 5490.333: Total time for which application threads were stopped: 0.0000919 seconds, Stopping threads took: 0.0000204 seconds
2023-04-24T13:33:01.862+0530: 5490.333: Total time for which application threads were stopped: 0.0000872 seconds, Stopping threads took: 0.0000145 seconds
2023-04-24T13:33:01.863+0530: 5490.334: Total time for which application threads were stopped: 0.0001120 seconds, Stopping threads took: 0.0000189 seconds
2023-04-24T13:33:01.867+0530: 5490.338: Total time for which application threads were stopped: 0.0010001 seconds, Stopping threads took: 0.0008660 seconds
2023-04-24T13:33:01.867+0530: 5490.338: Total time for which application threads were stopped: 0.0000901 seconds, Stopping threads took: 0.0000188 seconds
2023-04-24T13:33:01.867+0530: 5490.338: Total time for which application threads were stopped: 0.0000808 seconds, Stopping threads took: 0.0000208 seconds
2023-04-24T13:33:01.868+0530: 5490.339: Total time for which application threads were stopped: 0.0001348 seconds, Stopping threads took: 0.0000495 seconds
2023-04-24T13:33:01.871+0530: 5490.341: Total time for which application threads were stopped: 0.0001273 seconds, Stopping threads took: 0.0000285 seconds
2023-04-24T13:33:01.871+0530: 5490.342: Total time for which application threads were stopped: 0.0000888 seconds, Stopping threads took: 0.0000173 seconds
2023-04-24T13:33:53.600+0530: 5542.071: Total time for which application threads were stopped: 0.0001155 seconds, Stopping threads took: 0.0000326 seconds
2023-04-24T13:33:53.601+0530: 5542.071: Total time for which application threads were stopped: 0.0000627 seconds, Stopping threads took: 0.0000098 seconds
2023-04-24T13:33:53.601+0530: 5542.072: Total time for which application threads were stopped: 0.0001911 seconds, Stopping threads took: 0.0001242 seconds
2023-04-24T13:33:53.607+0530: 5542.078: Total time for which application threads were stopped: 0.0001907 seconds, Stopping threads took: 0.0000289 seconds
2023-04-24T13:33:53.625+0530: 5542.095: Total time for which application threads were stopped: 0.0001101 seconds, Stopping threads took: 0.0000181 seconds
2023-04-24T13:33:53.631+0530: 5542.101: Total time for which application threads were stopped: 0.0001049 seconds, Stopping threads took: 0.0000291 seconds
2023-04-24T13:33:53.665+0530: 5542.135: Total time for which application threads were stopped: 0.0001121 seconds, Stopping threads took: 0.0000148 seconds
2023-04-24T13:33:53.686+0530: 5542.157: Total time for which application threads were stopped: 0.0003988 seconds, Stopping threads took: 0.0000124 seconds
2023-04-24T13:33:53.768+0530: 5542.239: Total time for which application threads were stopped: 0.0004162 seconds, Stopping threads took: 0.0000162 seconds
2023-04-24T13:33:53.769+0530: 5542.239: Total time for which application threads were stopped: 0.0003351 seconds, Stopping threads took: 0.0000108 seconds
2023-04-24T13:33:53.779+0530: 5542.250: Total time for which application threads were stopped: 0.0005449 seconds, Stopping threads took: 0.0000258 seconds
2023-04-24T13:33:53.899+0530: 5542.370: Total time for which application threads were stopped: 0.0001151 seconds, Stopping threads took: 0.0000134 seconds
2023-04-24T13:33:53.930+0530: 5542.401: Total time for which application threads were stopped: 0.0000939 seconds, Stopping threads took: 0.0000171 seconds
2023-04-24T13:33:53.957+0530: 5542.428: Total time for which application threads were stopped: 0.0001094 seconds, Stopping threads took: 0.0000282 seconds
{Heap before GC invocations=19 (full 1):
 par new generation   total 109248K, used 109248K [0x00000000e0000000, 0x00000000e8000000, 0x00000000e8000000)
  eden space 87424K, 100% used [0x00000000e0000000, 0x00000000e5560000, 0x00000000e5560000)
  from space 21824K, 100% used [0x00000000e6ab0000, 0x00000000e8000000, 0x00000000e8000000)
  to   space 21824K,   0% used [0x00000000e5560000, 0x00000000e5560000, 0x00000000e6ab0000)
 concurrent mark-sweep generation total 393216K, used 20389K [0x00000000e8000000, 0x0000000100000000, 0x0000000100000000)
 Metaspace       used 37775K, capacity 38440K, committed 38628K, reserved 1083392K
  class space    used 4396K, capacity 4594K, committed 4628K, reserved 1048576K
2023-04-24T13:33:53.965+0530: 5542.436: [GC (Allocation Failure) 2023-04-24T13:33:53.965+0530: 5542.436: [ParNew
Desired survivor size 20112992 bytes, new threshold 4 (max 8)
- age   1:   10048800 bytes,   10048800 total
- age   2:    2592800 bytes,   12641600 total
- age   3:    2078648 bytes,   14720248 total
- age   4:    5817312 bytes,   20537560 total
- age   5:     471456 bytes,   21009016 total
- age   6:      81496 bytes,   21090512 total
- age   7:     104688 bytes,   21195200 total
- age   8:      56568 bytes,   21251768 total
: 109248K->21824K(109248K), 0.0101474 secs] 129637K->42538K(502464K), 0.0102397 secs] [Times: user=0.04 sys=0.01, real=0.01 secs] 
Heap after GC invocations=20 (full 1):
 par new generation   total 109248K, used 21824K [0x00000000e0000000, 0x00000000e8000000, 0x00000000e8000000)
  eden space 87424K,   0% used [0x00000000e0000000, 0x00000000e0000000, 0x00000000e5560000)
  from space 21824K, 100% used [0x00000000e5560000, 0x00000000e6ab0000, 0x00000000e6ab0000)
  to   space 21824K,   0% used [0x00000000e6ab0000, 0x00000000e6ab0000, 0x00000000e8000000)
 concurrent mark-sweep generation total 393216K, used 20714K [0x00000000e8000000, 0x0000000100000000, 0x0000000100000000)
 Metaspace       used 37775K, capacity 38440K, committed 38628K, reserved 1083392K
  class space    used 4396K, capacity 4594K, committed 4628K, reserved 1048576K
}
2023-04-24T13:33:53.975+0530: 5542.446: Total time for which application threads were stopped: 0.0103714 seconds, Stopping threads took: 0.0000139 seconds
2023-04-24T13:33:53.975+0530: 5542.446: [GC (CMS Initial Mark) [1 CMS-initial-mark: 20714K(393216K)] 42974K(502464K), 0.0027911 secs] [Times: user=0.01 sys=0.00, real=0.01 secs] 
2023-04-24T13:33:53.978+0530: 5542.449: Total time for which application threads were stopped: 0.0028798 seconds, Stopping threads took: 0.0000254 seconds
2023-04-24T13:33:53.978+0530: 5542.449: [CMS-concurrent-mark-start]
2023-04-24T13:33:53.993+0530: 5542.464: Total time for which application threads were stopped: 0.0004165 seconds, Stopping threads took: 0.0000122 seconds
2023-04-24T13:33:53.993+0530: 5542.464: Total time for which application threads were stopped: 0.0000646 seconds, Stopping threads took: 0.0000248 seconds
2023-04-24T13:33:53.993+0530: 5542.464: Total time for which application threads were stopped: 0.0000323 seconds, Stopping threads took: 0.0000081 seconds
2023-04-24T13:33:53.993+0530: 5542.464: Total time for which application threads were stopped: 0.0000357 seconds, Stopping threads took: 0.0000141 seconds
2023-04-24T13:33:53.994+0530: 5542.464: Total time for which application threads were stopped: 0.0000349 seconds, Stopping threads took: 0.0000155 seconds
2023-04-24T13:33:53.994+0530: 5542.464: Total time for which application threads were stopped: 0.0000520 seconds, Stopping threads took: 0.0000226 seconds
2023-04-24T13:33:53.995+0530: 5542.465: Total time for which application threads were stopped: 0.0003429 seconds, Stopping threads took: 0.0000093 seconds
2023-04-24T13:33:53.995+0530: 5542.466: Total time for which application threads were stopped: 0.0004487 seconds, Stopping threads took: 0.0001088 seconds
2023-04-24T13:33:53.998+0530: 5542.469: Total time for which application threads were stopped: 0.0002787 seconds, Stopping threads took: 0.0000094 seconds
2023-04-24T13:33:54.002+0530: 5542.473: [CMS-concurrent-mark: 0.020/0.024 secs] [Times: user=0.12 sys=0.00, real=0.02 secs] 
2023-04-24T13:33:54.002+0530: 5542.473: [CMS-concurrent-preclean-start]
2023-04-24T13:33:54.004+0530: 5542.474: [CMS-concurrent-preclean: 0.002/0.002 secs] [Times: user=0.00 sys=0.00, real=0.00 secs] 
2023-04-24T13:33:54.004+0530: 5542.475: [GC (CMS Final Remark) [YG occupancy: 23556 K (109248 K)]{Heap before GC invocations=20 (full 2):
 par new generation   total 109248K, used 23556K [0x00000000e0000000, 0x00000000e8000000, 0x00000000e8000000)
  eden space 87424K,   1% used [0x00000000e0000000, 0x00000000e01b1250, 0x00000000e5560000)
  from space 21824K, 100% used [0x00000000e5560000, 0x00000000e6ab0000, 0x00000000e6ab0000)
  to   space 21824K,   0% used [0x00000000e6ab0000, 0x00000000e6ab0000, 0x00000000e8000000)
 concurrent mark-sweep generation total 393216K, used 20714K [0x00000000e8000000, 0x0000000100000000, 0x0000000100000000)
 Metaspace       used 37978K, capacity 38568K, committed 38704K, reserved 1083392K
  class space    used 4422K, capacity 4594K, committed 4628K, reserved 1048576K
2023-04-24T13:33:54.004+0530: 5542.475: [GC (CMS Final Remark) 2023-04-24T13:33:54.004+0530: 5542.475: [ParNew
Desired survivor size 20112992 bytes, new threshold 8 (max 8)
- age   1:     375784 bytes,     375784 total
- age   2:    5870712 bytes,    6246496 total
- age   3:    2592120 bytes,    8838616 total
- age   4:    2078568 bytes,   10917184 total
: 23556K->19389K(109248K), 0.0132066 secs] 44270K->46641K(502464K), 0.0132609 secs] [Times: user=0.03 sys=0.01, real=0.01 secs] 
Heap after GC invocations=21 (full 2):
 par new generation   total 109248K, used 19389K [0x00000000e0000000, 0x00000000e8000000, 0x00000000e8000000)
  eden space 87424K,   0% used [0x00000000e0000000, 0x00000000e0000000, 0x00000000e5560000)
  from space 21824K,  88% used [0x00000000e6ab0000, 0x00000000e7d9f558, 0x00000000e8000000)
  to   space 21824K,   0% used [0x00000000e5560000, 0x00000000e5560000, 0x00000000e6ab0000)
 concurrent mark-sweep generation total 393216K, used 27252K [0x00000000e8000000, 0x0000000100000000, 0x0000000100000000)
 Metaspace       used 37978K, capacity 38568K, committed 38704K, reserved 1083392K
  class space    used 4422K, capacity 4594K, committed 4628K, reserved 1048576K
}
2023-04-24T13:33:54.017+0530: 5542.488: [Rescan (parallel) , 0.0034984 secs]2023-04-24T13:33:54.021+0530: 5542.491: [weak refs processing, 0.0004337 secs]2023-04-24T13:33:54.021+0530: 5542.492: [class unloading, 0.0060268 secs]2023-04-24T13:33:54.027+0530: 5542.498: [scrub symbol table, 0.0033751 secs]2023-04-24T13:33:54.031+0530: 5542.501: [scrub string table, 0.0005825 secs][1 CMS-remark: 27252K(393216K)] 46641K(502464K), 0.0276779 secs] [Times: user=0.06 sys=0.01, real=0.03 secs] 
2023-04-24T13:33:54.031+0530: 5542.502: Total time for which application threads were stopped: 0.0278083 seconds, Stopping threads took: 0.0000311 seconds
2023-04-24T13:33:54.032+0530: 5542.502: [CMS-concurrent-sweep-start]
2023-04-24T13:33:54.032+0530: 5542.503: Total time for which application threads were stopped: 0.0000832 seconds, Stopping threads took: 0.0000329 seconds
2023-04-24T13:33:54.047+0530: 5542.518: [CMS-concurrent-sweep: 0.016/0.016 secs] [Times: user=0.07 sys=0.00, real=0.01 secs] 
2023-04-24T13:33:54.047+0530: 5542.518: [CMS-concurrent-reset-start]
2023-04-24T13:33:54.048+0530: 5542.518: [CMS-concurrent-reset: 0.000/0.000 secs] [Times: user=0.00 sys=0.00, real=0.00 secs] 
2023-04-24T13:33:54.096+0530: 5542.567: Total time for which application threads were stopped: 0.0002581 seconds, Stopping threads took: 0.0000325 seconds
2023-04-24T13:33:54.097+0530: 5542.567: Total time for which application threads were stopped: 0.0001360 seconds, Stopping threads took: 0.0000814 seconds
2023-04-24T13:33:54.097+0530: 5542.568: Total time for which application threads were stopped: 0.0000687 seconds, Stopping threads took: 0.0000258 seconds
2023-04-24T13:33:54.097+0530: 5542.568: Total time for which application threads were stopped: 0.0000522 seconds, Stopping threads took: 0.0000107 seconds
2023-04-24T13:33:54.097+0530: 5542.568: Total time for which application threads were stopped: 0.0000517 seconds, Stopping threads took: 0.0000103 seconds
2023-04-24T13:33:54.097+0530: 5542.568: Total time for which application threads were stopped: 0.0000528 seconds, Stopping threads took: 0.0000124 seconds
2023-04-24T13:33:54.097+0530: 5542.568: Total time for which application threads were stopped: 0.0000486 seconds, Stopping threads took: 0.0000091 seconds
2023-04-24T13:33:54.097+0530: 5542.568: Total time for which application threads were stopped: 0.0000469 seconds, Stopping threads took: 0.0000090 seconds
2023-04-24T13:33:54.097+0530: 5542.568: Total time for which application threads were stopped: 0.0000620 seconds, Stopping threads took: 0.0000231 seconds
2023-04-24T13:33:54.097+0530: 5542.568: Total time for which application threads were stopped: 0.0000527 seconds, Stopping threads took: 0.0000133 seconds
2023-04-24T13:33:54.097+0530: 5542.568: Total time for which application threads were stopped: 0.0000489 seconds, Stopping threads took: 0.0000117 seconds
2023-04-24T13:33:54.097+0530: 5542.568: Total time for which application threads were stopped: 0.0000443 seconds, Stopping threads took: 0.0000089 seconds
2023-04-24T13:33:54.098+0530: 5542.568: Total time for which application threads were stopped: 0.0000522 seconds, Stopping threads took: 0.0000145 seconds
2023-04-24T13:33:54.098+0530: 5542.568: Total time for which application threads were stopped: 0.0000446 seconds, Stopping threads took: 0.0000086 seconds
2023-04-24T13:33:54.098+0530: 5542.569: Total time for which application threads were stopped: 0.0001358 seconds, Stopping threads took: 0.0000086 seconds
2023-04-24T13:33:54.098+0530: 5542.569: Total time for which application threads were stopped: 0.0000528 seconds, Stopping threads took: 0.0000112 seconds
2023-04-24T13:33:54.098+0530: 5542.569: Total time for which application threads were stopped: 0.0000461 seconds, Stopping threads took: 0.0000090 seconds
2023-04-24T13:33:54.098+0530: 5542.569: Total time for which application threads were stopped: 0.0000488 seconds, Stopping threads took: 0.0000099 seconds
2023-04-24T13:33:55.099+0530: 5543.569: Total time for which application threads were stopped: 0.0002489 seconds, Stopping threads took: 0.0000468 seconds
2023-04-24T13:33:58.657+0530: 5547.128: Total time for which application threads were stopped: 0.0001103 seconds, Stopping threads took: 0.0000238 seconds
2023-04-24T13:33:58.657+0530: 5547.128: Total time for which application threads were stopped: 0.0000717 seconds, Stopping threads took: 0.0000118 seconds
2023-04-24T13:33:58.658+0530: 5547.129: Total time for which application threads were stopped: 0.0001549 seconds, Stopping threads took: 0.0000632 seconds
2023-04-24T13:33:58.664+0530: 5547.135: Total time for which application threads were stopped: 0.0001775 seconds, Stopping threads took: 0.0000291 seconds
2023-04-24T13:33:58.664+0530: 5547.135: Total time for which application threads were stopped: 0.0001315 seconds, Stopping threads took: 0.0000477 seconds
2023-04-24T13:33:58.666+0530: 5547.136: Total time for which application threads were stopped: 0.0001433 seconds, Stopping threads took: 0.0000334 seconds
2023-04-24T13:33:58.666+0530: 5547.137: Total time for which application threads were stopped: 0.0001636 seconds, Stopping threads took: 0.0000687 seconds
2023-04-24T13:33:58.666+0530: 5547.137: Total time for which application threads were stopped: 0.0000854 seconds, Stopping threads took: 0.0000137 seconds
2023-04-24T13:33:58.667+0530: 5547.138: Total time for which application threads were stopped: 0.0001308 seconds, Stopping threads took: 0.0000248 seconds
2023-04-24T13:33:58.668+0530: 5547.138: Total time for which application threads were stopped: 0.0000719 seconds, Stopping threads took: 0.0000113 seconds
2023-04-24T13:33:58.668+0530: 5547.139: Total time for which application threads were stopped: 0.0000526 seconds, Stopping threads took: 0.0000068 seconds
2023-04-24T13:33:58.669+0530: 5547.139: Total time for which application threads were stopped: 0.0000559 seconds, Stopping threads took: 0.0000071 seconds
2023-04-24T13:33:58.670+0530: 5547.141: Total time for which application threads were stopped: 0.0001106 seconds, Stopping threads took: 0.0000335 seconds
2023-04-24T13:33:58.671+0530: 5547.141: Total time for which application threads were stopped: 0.0000728 seconds, Stopping threads took: 0.0000239 seconds
2023-04-24T13:33:59.671+0530: 5548.142: Total time for which application threads were stopped: 0.0002180 seconds, Stopping threads took: 0.0000480 seconds
2023-04-24T13:34:02.672+0530: 5551.143: Total time for which application threads were stopped: 0.0002242 seconds, Stopping threads took: 0.0000509 seconds
2023-04-24T13:34:09.674+0530: 5558.144: Total time for which application threads were stopped: 0.0003724 seconds, Stopping threads took: 0.0001579 seconds
2023-04-24T13:34:23.675+0530: 5572.146: Total time for which application threads were stopped: 0.0003099 seconds, Stopping threads took: 0.0001116 seconds
2023-04-24T13:34:27.882+0530: 5576.353: Total time for which application threads were stopped: 0.0001829 seconds, Stopping threads took: 0.0000583 seconds
2023-04-24T13:34:27.883+0530: 5576.353: Total time for which application threads were stopped: 0.0000984 seconds, Stopping threads took: 0.0000173 seconds
2023-04-24T13:34:27.883+0530: 5576.354: Total time for which application threads were stopped: 0.0001338 seconds, Stopping threads took: 0.0000234 seconds
2023-04-24T13:34:27.886+0530: 5576.356: Total time for which application threads were stopped: 0.0003247 seconds, Stopping threads took: 0.0001718 seconds
2023-04-24T13:34:27.888+0530: 5576.359: Total time for which application threads were stopped: 0.0002255 seconds, Stopping threads took: 0.0000973 seconds
2023-04-24T13:34:27.889+0530: 5576.359: Total time for which application threads were stopped: 0.0001292 seconds, Stopping threads took: 0.0000325 seconds
2023-04-24T13:34:27.889+0530: 5576.360: Total time for which application threads were stopped: 0.0001012 seconds, Stopping threads took: 0.0000267 seconds
2023-04-24T13:34:27.890+0530: 5576.361: Total time for which application threads were stopped: 0.0001292 seconds, Stopping threads took: 0.0000283 seconds
2023-04-24T13:34:27.890+0530: 5576.361: Total time for which application threads were stopped: 0.0001216 seconds, Stopping threads took: 0.0000251 seconds
2023-04-24T13:34:27.891+0530: 5576.362: Total time for which application threads were stopped: 0.0001207 seconds, Stopping threads took: 0.0000245 seconds
2023-04-24T13:34:27.894+0530: 5576.365: Total time for which application threads were stopped: 0.0002021 seconds, Stopping threads took: 0.0000661 seconds
2023-04-24T13:34:27.895+0530: 5576.366: Total time for which application threads were stopped: 0.0001306 seconds, Stopping threads took: 0.0000440 seconds
2023-04-24T13:34:27.899+0530: 5576.370: Total time for which application threads were stopped: 0.0002165 seconds, Stopping threads took: 0.0000860 seconds
2023-04-24T13:34:27.900+0530: 5576.370: Total time for which application threads were stopped: 0.0001061 seconds, Stopping threads took: 0.0000206 seconds
2023-04-24T13:34:43.608+0530: 5592.078: Total time for which application threads were stopped: 0.0001800 seconds, Stopping threads took: 0.0000681 seconds
2023-04-24T13:34:48.218+0530: 5596.689: Total time for which application threads were stopped: 0.0002806 seconds, Stopping threads took: 0.0000899 seconds
2023-04-24T13:34:48.246+0530: 5596.717: Total time for which application threads were stopped: 0.0001911 seconds, Stopping threads took: 0.0000377 seconds
2023-04-24T13:34:48.246+0530: 5596.717: Total time for which application threads were stopped: 0.0001634 seconds, Stopping threads took: 0.0000317 seconds
2023-04-24T13:34:48.247+0530: 5596.718: Total time for which application threads were stopped: 0.0001243 seconds, Stopping threads took: 0.0000459 seconds
2023-04-24T13:34:48.250+0530: 5596.721: Total time for which application threads were stopped: 0.0001832 seconds, Stopping threads took: 0.0000358 seconds
2023-04-24T13:34:48.251+0530: 5596.721: Total time for which application threads were stopped: 0.0001177 seconds, Stopping threads took: 0.0000360 seconds
2023-04-24T13:34:48.252+0530: 5596.722: Total time for which application threads were stopped: 0.0001141 seconds, Stopping threads took: 0.0000240 seconds
2023-04-24T13:34:48.253+0530: 5596.723: Total time for which application threads were stopped: 0.0000734 seconds, Stopping threads took: 0.0000129 seconds
2023-04-24T13:34:48.253+0530: 5596.724: Total time for which application threads were stopped: 0.0001784 seconds, Stopping threads took: 0.0000130 seconds
2023-04-24T13:34:48.256+0530: 5596.727: Total time for which application threads were stopped: 0.0001296 seconds, Stopping threads took: 0.0000352 seconds
2023-04-24T13:34:50.890+0530: 5599.361: Total time for which application threads were stopped: 0.0003422 seconds, Stopping threads took: 0.0001289 seconds
2023-04-24T13:34:50.891+0530: 5599.361: Total time for which application threads were stopped: 0.0003010 seconds, Stopping threads took: 0.0001026 seconds
2023-04-24T13:34:50.891+0530: 5599.362: Total time for which application threads were stopped: 0.0005220 seconds, Stopping threads took: 0.0000617 seconds
2023-04-24T13:34:50.892+0530: 5599.363: Total time for which application threads were stopped: 0.0001845 seconds, Stopping threads took: 0.0000664 seconds
2023-04-24T13:34:50.893+0530: 5599.363: Total time for which application threads were stopped: 0.0001259 seconds, Stopping threads took: 0.0000327 seconds
2023-04-24T13:34:50.897+0530: 5599.368: Total time for which application threads were stopped: 0.0001909 seconds, Stopping threads took: 0.0000393 seconds
2023-04-24T13:34:50.898+0530: 5599.369: Total time for which application threads were stopped: 0.0001255 seconds, Stopping threads took: 0.0000294 seconds
2023-04-24T13:34:50.899+0530: 5599.369: Total time for which application threads were stopped: 0.0001642 seconds, Stopping threads took: 0.0000752 seconds
2023-04-24T13:34:50.899+0530: 5599.370: Total time for which application threads were stopped: 0.0001431 seconds, Stopping threads took: 0.0000460 seconds
2023-04-24T13:34:50.901+0530: 5599.372: Total time for which application threads were stopped: 0.0002208 seconds, Stopping threads took: 0.0001135 seconds
2023-04-24T13:34:50.903+0530: 5599.374: Total time for which application threads were stopped: 0.0001669 seconds, Stopping threads took: 0.0000570 seconds
2023-04-24T13:35:53.912+0530: 5662.383: Total time for which application threads were stopped: 0.0003113 seconds, Stopping threads took: 0.0001073 seconds
2023-04-24T13:36:03.913+0530: 5672.384: Total time for which application threads were stopped: 0.0001277 seconds, Stopping threads took: 0.0000405 seconds
2023-04-24T13:36:32.917+0530: 5701.388: Total time for which application threads were stopped: 0.0003295 seconds, Stopping threads took: 0.0001179 seconds
2023-04-24T13:49:59.960+0530: 6172.790: Total time for which application threads were stopped: 0.0003293 seconds, Stopping threads took: 0.0001304 seconds
2023-04-24T13:50:33.201+0530: 6206.031: Total time for which application threads were stopped: 0.0001067 seconds, Stopping threads took: 0.0000328 seconds
2023-04-24T13:50:33.201+0530: 6206.031: Total time for which application threads were stopped: 0.0000592 seconds, Stopping threads took: 0.0000112 seconds
2023-04-24T13:50:33.202+0530: 6206.031: Total time for which application threads were stopped: 0.0001772 seconds, Stopping threads took: 0.0001192 seconds
2023-04-24T13:50:33.204+0530: 6206.033: Total time for which application threads were stopped: 0.0000818 seconds, Stopping threads took: 0.0000205 seconds
2023-04-24T13:50:33.204+0530: 6206.034: Total time for which application threads were stopped: 0.0000531 seconds, Stopping threads took: 0.0000086 seconds
2023-04-24T13:50:33.205+0530: 6206.034: Total time for which application threads were stopped: 0.0000480 seconds, Stopping threads took: 0.0000093 seconds
2023-04-24T13:50:33.205+0530: 6206.035: Total time for which application threads were stopped: 0.0000483 seconds, Stopping threads took: 0.0000090 seconds
2023-04-24T13:50:33.205+0530: 6206.035: Total time for which application threads were stopped: 0.0000585 seconds, Stopping threads took: 0.0000114 seconds
2023-04-24T13:50:33.206+0530: 6206.036: Total time for which application threads were stopped: 0.0000877 seconds, Stopping threads took: 0.0000302 seconds
2023-04-24T13:50:33.206+0530: 6206.036: Total time for which application threads were stopped: 0.0000706 seconds, Stopping threads took: 0.0000155 seconds
2023-04-24T13:50:33.206+0530: 6206.036: Total time for which application threads were stopped: 0.0000656 seconds, Stopping threads took: 0.0000139 seconds
2023-04-24T13:50:33.206+0530: 6206.036: Total time for which application threads were stopped: 0.0000623 seconds, Stopping threads took: 0.0000114 seconds
2023-04-24T13:50:33.207+0530: 6206.036: Total time for which application threads were stopped: 0.0000865 seconds, Stopping threads took: 0.0000331 seconds
2023-04-24T13:50:33.207+0530: 6206.036: Total time for which application threads were stopped: 0.0000652 seconds, Stopping threads took: 0.0000143 seconds
2023-04-24T13:50:33.208+0530: 6206.038: Total time for which application threads were stopped: 0.0001558 seconds, Stopping threads took: 0.0000847 seconds
2023-04-24T13:50:33.208+0530: 6206.038: Total time for which application threads were stopped: 0.0001179 seconds, Stopping threads took: 0.0000673 seconds
2023-04-24T13:51:11.928+0530: 6244.758: Total time for which application threads were stopped: 0.0002716 seconds, Stopping threads took: 0.0000834 seconds
2023-04-24T13:51:11.929+0530: 6244.759: Total time for which application threads were stopped: 0.0001675 seconds, Stopping threads took: 0.0000309 seconds
2023-04-24T13:51:11.929+0530: 6244.759: Total time for which application threads were stopped: 0.0001531 seconds, Stopping threads took: 0.0000286 seconds
2023-04-24T13:51:11.930+0530: 6244.760: Total time for which application threads were stopped: 0.0001090 seconds, Stopping threads took: 0.0000188 seconds
2023-04-24T13:51:11.933+0530: 6244.763: Total time for which application threads were stopped: 0.0001530 seconds, Stopping threads took: 0.0000414 seconds
2023-04-24T13:51:11.934+0530: 6244.764: Total time for which application threads were stopped: 0.0001278 seconds, Stopping threads took: 0.0000287 seconds
2023-04-24T13:51:11.935+0530: 6244.765: Total time for which application threads were stopped: 0.0002085 seconds, Stopping threads took: 0.0001442 seconds
2023-04-24T13:51:11.936+0530: 6244.765: Total time for which application threads were stopped: 0.0001772 seconds, Stopping threads took: 0.0001128 seconds
2023-04-24T13:51:11.936+0530: 6244.766: Total time for which application threads were stopped: 0.0001192 seconds, Stopping threads took: 0.0000514 seconds
2023-04-24T13:51:11.937+0530: 6244.767: Total time for which application threads were stopped: 0.0000987 seconds, Stopping threads took: 0.0000211 seconds
2023-04-24T13:51:11.940+0530: 6244.769: Total time for which application threads were stopped: 0.0001232 seconds, Stopping threads took: 0.0000224 seconds
2023-04-24T13:51:11.940+0530: 6244.770: Total time for which application threads were stopped: 0.0001911 seconds, Stopping threads took: 0.0001258 seconds
2023-04-24T13:57:18.652+0530: 6611.482: Total time for which application threads were stopped: 0.0001309 seconds, Stopping threads took: 0.0000383 seconds
2023-04-24T13:57:18.653+0530: 6611.482: Total time for which application threads were stopped: 0.0000773 seconds, Stopping threads took: 0.0000145 seconds
2023-04-24T13:57:18.653+0530: 6611.483: Total time for which application threads were stopped: 0.0002184 seconds, Stopping threads took: 0.0001456 seconds
2023-04-24T13:57:18.655+0530: 6611.484: Total time for which application threads were stopped: 0.0001234 seconds, Stopping threads took: 0.0000252 seconds
2023-04-24T13:57:18.656+0530: 6611.486: Total time for which application threads were stopped: 0.0001882 seconds, Stopping threads took: 0.0000243 seconds
2023-04-24T13:57:18.658+0530: 6611.488: Total time for which application threads were stopped: 0.0000938 seconds, Stopping threads took: 0.0000193 seconds
2023-04-24T13:57:18.658+0530: 6611.488: Total time for which application threads were stopped: 0.0000690 seconds, Stopping threads took: 0.0000195 seconds
2023-04-24T13:57:18.658+0530: 6611.488: Total time for which application threads were stopped: 0.0000754 seconds, Stopping threads took: 0.0000164 seconds
2023-04-24T13:57:18.661+0530: 6611.491: Total time for which application threads were stopped: 0.0002032 seconds, Stopping threads took: 0.0001392 seconds
2023-04-24T13:57:18.661+0530: 6611.491: Total time for which application threads were stopped: 0.0000698 seconds, Stopping threads took: 0.0000150 seconds
2023-04-24T13:57:57.673+0530: 6650.503: Total time for which application threads were stopped: 0.0002089 seconds, Stopping threads took: 0.0000592 seconds
2023-04-24T13:57:57.673+0530: 6650.503: Total time for which application threads were stopped: 0.0001530 seconds, Stopping threads took: 0.0000341 seconds
2023-04-24T13:57:57.674+0530: 6650.504: Total time for which application threads were stopped: 0.0001523 seconds, Stopping threads took: 0.0000368 seconds
2023-04-24T13:57:57.676+0530: 6650.506: Total time for which application threads were stopped: 0.0001227 seconds, Stopping threads took: 0.0000260 seconds
2023-04-24T13:57:57.677+0530: 6650.507: Total time for which application threads were stopped: 0.0001314 seconds, Stopping threads took: 0.0000285 seconds
2023-04-24T13:57:57.678+0530: 6650.508: Total time for which application threads were stopped: 0.0001021 seconds, Stopping threads took: 0.0000163 seconds
2023-04-24T13:57:57.679+0530: 6650.508: Total time for which application threads were stopped: 0.0000859 seconds, Stopping threads took: 0.0000207 seconds
2023-04-24T13:57:57.679+0530: 6650.509: Total time for which application threads were stopped: 0.0000822 seconds, Stopping threads took: 0.0000202 seconds
2023-04-24T13:57:57.679+0530: 6650.509: Total time for which application threads were stopped: 0.0001027 seconds, Stopping threads took: 0.0000344 seconds
2023-04-24T13:57:57.682+0530: 6650.512: Total time for which application threads were stopped: 0.0001546 seconds, Stopping threads took: 0.0000825 seconds
2023-04-24T13:57:57.682+0530: 6650.512: Total time for which application threads were stopped: 0.0001099 seconds, Stopping threads took: 0.0000569 seconds
2023-04-24T13:59:08.472+0530: 6721.302: Total time for which application threads were stopped: 0.0001895 seconds, Stopping threads took: 0.0000619 seconds
2023-04-24T13:59:08.472+0530: 6721.302: Total time for which application threads were stopped: 0.0000765 seconds, Stopping threads took: 0.0000144 seconds
2023-04-24T13:59:08.473+0530: 6721.302: Total time for which application threads were stopped: 0.0000973 seconds, Stopping threads took: 0.0000186 seconds
2023-04-24T13:59:08.473+0530: 6721.303: Total time for which application threads were stopped: 0.0001079 seconds, Stopping threads took: 0.0000187 seconds
2023-04-24T13:59:08.477+0530: 6721.307: Total time for which application threads were stopped: 0.0002627 seconds, Stopping threads took: 0.0001573 seconds
2023-04-24T13:59:08.477+0530: 6721.307: Total time for which application threads were stopped: 0.0002217 seconds, Stopping threads took: 0.0001180 seconds
2023-04-24T13:59:08.478+0530: 6721.308: Total time for which application threads were stopped: 0.0003124 seconds, Stopping threads took: 0.0001615 seconds
2023-04-24T13:59:08.479+0530: 6721.309: Total time for which application threads were stopped: 0.0001859 seconds, Stopping threads took: 0.0000882 seconds
2023-04-24T13:59:08.480+0530: 6721.309: Total time for which application threads were stopped: 0.0001375 seconds, Stopping threads took: 0.0000217 seconds
2023-04-24T13:59:08.484+0530: 6721.313: Total time for which application threads were stopped: 0.0002006 seconds, Stopping threads took: 0.0000484 seconds
2023-04-24T13:59:08.484+0530: 6721.314: Total time for which application threads were stopped: 0.0001734 seconds, Stopping threads took: 0.0000286 seconds
2023-04-24T13:59:37.646+0530: 6750.476: Total time for which application threads were stopped: 0.0001324 seconds, Stopping threads took: 0.0000401 seconds
2023-04-24T13:59:37.646+0530: 6750.476: Total time for which application threads were stopped: 0.0000728 seconds, Stopping threads took: 0.0000138 seconds
2023-04-24T13:59:37.647+0530: 6750.476: Total time for which application threads were stopped: 0.0001864 seconds, Stopping threads took: 0.0000148 seconds
2023-04-24T13:59:37.649+0530: 6750.479: Total time for which application threads were stopped: 0.0002531 seconds, Stopping threads took: 0.0000554 seconds
2023-04-24T13:59:37.650+0530: 6750.480: Total time for which application threads were stopped: 0.0000917 seconds, Stopping threads took: 0.0000223 seconds
2023-04-24T13:59:37.650+0530: 6750.480: Total time for which application threads were stopped: 0.0000810 seconds, Stopping threads took: 0.0000304 seconds
2023-04-24T13:59:37.651+0530: 6750.481: Total time for which application threads were stopped: 0.0000928 seconds, Stopping threads took: 0.0000184 seconds
2023-04-24T13:59:37.653+0530: 6750.483: Total time for which application threads were stopped: 0.0001231 seconds, Stopping threads took: 0.0000475 seconds
2023-04-24T13:59:37.653+0530: 6750.483: Total time for which application threads were stopped: 0.0000910 seconds, Stopping threads took: 0.0000179 seconds
2023-04-24T13:59:49.732+0530: 6762.562: Total time for which application threads were stopped: 0.0001463 seconds, Stopping threads took: 0.0000484 seconds
2023-04-24T13:59:49.732+0530: 6762.562: Total time for which application threads were stopped: 0.0000889 seconds, Stopping threads took: 0.0000163 seconds
2023-04-24T13:59:49.733+0530: 6762.562: Total time for which application threads were stopped: 0.0000902 seconds, Stopping threads took: 0.0000157 seconds
2023-04-24T13:59:49.735+0530: 6762.565: Total time for which application threads were stopped: 0.0001087 seconds, Stopping threads took: 0.0000214 seconds
2023-04-24T13:59:49.735+0530: 6762.565: Total time for which application threads were stopped: 0.0000948 seconds, Stopping threads took: 0.0000161 seconds
2023-04-24T13:59:49.736+0530: 6762.566: Total time for which application threads were stopped: 0.0000628 seconds, Stopping threads took: 0.0000120 seconds
2023-04-24T13:59:49.736+0530: 6762.566: Total time for which application threads were stopped: 0.0000700 seconds, Stopping threads took: 0.0000108 seconds
2023-04-24T13:59:49.737+0530: 6762.567: Total time for which application threads were stopped: 0.0000615 seconds, Stopping threads took: 0.0000106 seconds
2023-04-24T13:59:49.738+0530: 6762.568: Total time for which application threads were stopped: 0.0001306 seconds, Stopping threads took: 0.0000676 seconds
2023-04-24T13:59:49.738+0530: 6762.568: Total time for which application threads were stopped: 0.0000631 seconds, Stopping threads took: 0.0000238 seconds
2023-04-24T13:59:49.738+0530: 6762.568: Total time for which application threads were stopped: 0.0001689 seconds, Stopping threads took: 0.0001118 seconds
2023-04-24T13:59:49.739+0530: 6762.568: Total time for which application threads were stopped: 0.0001736 seconds, Stopping threads took: 0.0001166 seconds
2023-04-24T13:59:49.739+0530: 6762.569: Total time for which application threads were stopped: 0.0000874 seconds, Stopping threads took: 0.0000341 seconds
2023-04-24T13:59:49.739+0530: 6762.569: Total time for which application threads were stopped: 0.0000522 seconds, Stopping threads took: 0.0000121 seconds
2023-04-24T13:59:49.739+0530: 6762.569: Total time for which application threads were stopped: 0.0001855 seconds, Stopping threads took: 0.0000060 seconds
2023-04-24T13:59:49.740+0530: 6762.570: Total time for which application threads were stopped: 0.0000363 seconds, Stopping threads took: 0.0000061 seconds
2023-04-24T13:59:49.740+0530: 6762.570: Total time for which application threads were stopped: 0.0000332 seconds, Stopping threads took: 0.0000042 seconds
2023-04-24T14:01:07.758+0530: 6840.588: Total time for which application threads were stopped: 0.0003685 seconds, Stopping threads took: 0.0001179 seconds
2023-04-24T14:04:20.777+0530: 7033.607: Total time for which application threads were stopped: 0.0001000 seconds, Stopping threads took: 0.0000288 seconds
2023-04-24T14:04:20.777+0530: 7033.607: Total time for which application threads were stopped: 0.0000468 seconds, Stopping threads took: 0.0000067 seconds
2023-04-24T14:04:20.777+0530: 7033.607: Total time for which application threads were stopped: 0.0000495 seconds, Stopping threads took: 0.0000095 seconds
2023-04-24T14:04:20.778+0530: 7033.607: Total time for which application threads were stopped: 0.0000550 seconds, Stopping threads took: 0.0000092 seconds
2023-04-24T14:04:20.780+0530: 7033.610: Total time for which application threads were stopped: 0.0000932 seconds, Stopping threads took: 0.0000243 seconds
2023-04-24T14:04:20.780+0530: 7033.610: Total time for which application threads were stopped: 0.0000683 seconds, Stopping threads took: 0.0000158 seconds
2023-04-24T14:04:20.781+0530: 7033.610: Total time for which application threads were stopped: 0.0001253 seconds, Stopping threads took: 0.0000903 seconds
2023-04-24T14:04:20.781+0530: 7033.611: Total time for which application threads were stopped: 0.0000448 seconds, Stopping threads took: 0.0000165 seconds
2023-04-24T14:04:20.781+0530: 7033.611: Total time for which application threads were stopped: 0.0000630 seconds, Stopping threads took: 0.0000158 seconds
2023-04-24T14:04:20.783+0530: 7033.613: Total time for which application threads were stopped: 0.0001072 seconds, Stopping threads took: 0.0000283 seconds
2023-04-24T14:04:20.784+0530: 7033.613: Total time for which application threads were stopped: 0.0001016 seconds, Stopping threads took: 0.0000230 seconds
2023-04-24T14:12:02.461+0530: 7495.291: Total time for which application threads were stopped: 0.0001408 seconds, Stopping threads took: 0.0000505 seconds
2023-04-24T14:12:02.461+0530: 7495.291: Total time for which application threads were stopped: 0.0000807 seconds, Stopping threads took: 0.0000232 seconds
2023-04-24T14:12:02.461+0530: 7495.291: Total time for which application threads were stopped: 0.0000702 seconds, Stopping threads took: 0.0000111 seconds
2023-04-24T14:12:02.465+0530: 7495.295: Total time for which application threads were stopped: 0.0001068 seconds, Stopping threads took: 0.0000249 seconds
2023-04-24T14:12:02.465+0530: 7495.295: Total time for which application threads were stopped: 0.0000679 seconds, Stopping threads took: 0.0000148 seconds
2023-04-24T14:12:02.466+0530: 7495.295: Total time for which application threads were stopped: 0.0000462 seconds, Stopping threads took: 0.0000153 seconds
2023-04-24T14:12:02.466+0530: 7495.296: Total time for which application threads were stopped: 0.0000406 seconds, Stopping threads took: 0.0000109 seconds
2023-04-24T14:12:02.466+0530: 7495.296: Total time for which application threads were stopped: 0.0000601 seconds, Stopping threads took: 0.0000252 seconds
2023-04-24T14:12:02.468+0530: 7495.298: Total time for which application threads were stopped: 0.0001069 seconds, Stopping threads took: 0.0000217 seconds
2023-04-24T14:12:02.468+0530: 7495.298: Total time for which application threads were stopped: 0.0000767 seconds, Stopping threads took: 0.0000167 seconds
2023-04-24T14:12:12.152+0530: 7504.982: Total time for which application threads were stopped: 0.0002383 seconds, Stopping threads took: 0.0000737 seconds
2023-04-24T14:12:12.152+0530: 7504.982: Total time for which application threads were stopped: 0.0001880 seconds, Stopping threads took: 0.0000233 seconds
2023-04-24T14:12:12.153+0530: 7504.983: Total time for which application threads were stopped: 0.0001076 seconds, Stopping threads took: 0.0000199 seconds
2023-04-24T14:12:12.154+0530: 7504.984: Total time for which application threads were stopped: 0.0001280 seconds, Stopping threads took: 0.0000210 seconds
2023-04-24T14:12:12.154+0530: 7504.984: Total time for which application threads were stopped: 0.0000777 seconds, Stopping threads took: 0.0000140 seconds
2023-04-24T14:12:12.156+0530: 7504.986: Total time for which application threads were stopped: 0.0001763 seconds, Stopping threads took: 0.0000960 seconds
2023-04-24T14:12:12.158+0530: 7504.988: Total time for which application threads were stopped: 0.0001864 seconds, Stopping threads took: 0.0000371 seconds
2023-04-24T14:12:12.159+0530: 7504.988: Total time for which application threads were stopped: 0.0000699 seconds, Stopping threads took: 0.0000168 seconds
2023-04-24T14:12:12.159+0530: 7504.989: Total time for which application threads were stopped: 0.0000654 seconds, Stopping threads took: 0.0000153 seconds
2023-04-24T14:12:12.159+0530: 7504.989: Total time for which application threads were stopped: 0.0000724 seconds, Stopping threads took: 0.0000160 seconds
2023-04-24T14:12:12.162+0530: 7504.992: Total time for which application threads were stopped: 0.0001245 seconds, Stopping threads took: 0.0000279 seconds
2023-04-24T14:12:12.163+0530: 7504.992: Total time for which application threads were stopped: 0.0000956 seconds, Stopping threads took: 0.0000193 seconds
2023-04-24T14:37:30.775+0530: 8700.904: Total time for which application threads were stopped: 0.0002627 seconds, Stopping threads took: 0.0000520 seconds
2023-04-24T14:37:30.775+0530: 8700.905: Total time for which application threads were stopped: 0.0001052 seconds, Stopping threads took: 0.0000197 seconds
2023-04-24T14:37:30.775+0530: 8700.905: Total time for which application threads were stopped: 0.0001102 seconds, Stopping threads took: 0.0000188 seconds
2023-04-24T14:37:30.779+0530: 8700.909: Total time for which application threads were stopped: 0.0001267 seconds, Stopping threads took: 0.0000320 seconds
2023-04-24T14:37:30.779+0530: 8700.909: Total time for which application threads were stopped: 0.0000936 seconds, Stopping threads took: 0.0000156 seconds
2023-04-24T14:37:30.780+0530: 8700.910: Total time for which application threads were stopped: 0.0002053 seconds, Stopping threads took: 0.0000811 seconds
2023-04-24T14:37:30.781+0530: 8700.910: Total time for which application threads were stopped: 0.0001640 seconds, Stopping threads took: 0.0000876 seconds
2023-04-24T14:37:30.781+0530: 8700.911: Total time for which application threads were stopped: 0.0000934 seconds, Stopping threads took: 0.0000203 seconds
2023-04-24T14:37:30.784+0530: 8700.914: Total time for which application threads were stopped: 0.0001155 seconds, Stopping threads took: 0.0000296 seconds
2023-04-24T14:37:30.785+0530: 8700.914: Total time for which application threads were stopped: 0.0000674 seconds, Stopping threads took: 0.0000152 seconds
2023-04-24T14:38:06.099+0530: 8736.229: Total time for which application threads were stopped: 0.0001548 seconds, Stopping threads took: 0.0000485 seconds
2023-04-24T14:38:06.099+0530: 8736.229: Total time for which application threads were stopped: 0.0000770 seconds, Stopping threads took: 0.0000134 seconds
2023-04-24T14:38:06.099+0530: 8736.229: Total time for which application threads were stopped: 0.0000629 seconds, Stopping threads took: 0.0000108 seconds
2023-04-24T14:38:06.100+0530: 8736.230: Total time for which application threads were stopped: 0.0000720 seconds, Stopping threads took: 0.0000116 seconds
2023-04-24T14:38:06.102+0530: 8736.232: Total time for which application threads were stopped: 0.0001671 seconds, Stopping threads took: 0.0000430 seconds
2023-04-24T14:38:06.103+0530: 8736.232: Total time for which application threads were stopped: 0.0001209 seconds, Stopping threads took: 0.0000290 seconds
2023-04-24T14:38:06.103+0530: 8736.233: Total time for which application threads were stopped: 0.0000704 seconds, Stopping threads took: 0.0000187 seconds
2023-04-24T14:38:06.103+0530: 8736.233: Total time for which application threads were stopped: 0.0000806 seconds, Stopping threads took: 0.0000338 seconds
2023-04-24T14:38:06.104+0530: 8736.234: Total time for which application threads were stopped: 0.0000861 seconds, Stopping threads took: 0.0000351 seconds
2023-04-24T14:38:06.107+0530: 8736.237: Total time for which application threads were stopped: 0.0001357 seconds, Stopping threads took: 0.0000317 seconds
2023-04-24T14:38:06.107+0530: 8736.237: Total time for which application threads were stopped: 0.0000843 seconds, Stopping threads took: 0.0000203 seconds
2023-04-24T14:38:19.107+0530: 8749.237: Total time for which application threads were stopped: 0.0002520 seconds, Stopping threads took: 0.0000819 seconds
2023-04-24T14:38:19.107+0530: 8749.237: Total time for which application threads were stopped: 0.0001566 seconds, Stopping threads took: 0.0000298 seconds
2023-04-24T14:38:19.108+0530: 8749.238: Total time for which application threads were stopped: 0.0001705 seconds, Stopping threads took: 0.0000326 seconds
2023-04-24T14:38:19.113+0530: 8749.243: Total time for which application threads were stopped: 0.0005305 seconds, Stopping threads took: 0.0000591 seconds
2023-04-24T14:38:19.114+0530: 8749.244: Total time for which application threads were stopped: 0.0001207 seconds, Stopping threads took: 0.0000247 seconds
2023-04-24T14:38:19.115+0530: 8749.245: Total time for which application threads were stopped: 0.0001011 seconds, Stopping threads took: 0.0000160 seconds
2023-04-24T14:38:19.115+0530: 8749.245: Total time for which application threads were stopped: 0.0000991 seconds, Stopping threads took: 0.0000167 seconds
2023-04-24T14:38:19.117+0530: 8749.247: Total time for which application threads were stopped: 0.0001164 seconds, Stopping threads took: 0.0000198 seconds
2023-04-24T14:38:19.120+0530: 8749.250: Total time for which application threads were stopped: 0.0001260 seconds, Stopping threads took: 0.0000304 seconds
2023-04-24T14:38:19.120+0530: 8749.250: Total time for which application threads were stopped: 0.0000975 seconds, Stopping threads took: 0.0000219 seconds
2023-04-24T14:38:58.706+0530: 8788.836: Total time for which application threads were stopped: 0.0001477 seconds, Stopping threads took: 0.0000415 seconds
2023-04-24T14:38:58.706+0530: 8788.836: Total time for which application threads were stopped: 0.0000787 seconds, Stopping threads took: 0.0000126 seconds
2023-04-24T14:38:58.706+0530: 8788.836: Total time for which application threads were stopped: 0.0000786 seconds, Stopping threads took: 0.0000125 seconds
2023-04-24T14:38:58.709+0530: 8788.839: Total time for which application threads were stopped: 0.0002506 seconds, Stopping threads took: 0.0001662 seconds
2023-04-24T14:38:58.709+0530: 8788.839: Total time for which application threads were stopped: 0.0001693 seconds, Stopping threads took: 0.0000975 seconds
2023-04-24T14:38:58.710+0530: 8788.840: Total time for which application threads were stopped: 0.0000782 seconds, Stopping threads took: 0.0000252 seconds
2023-04-24T14:38:58.710+0530: 8788.840: Total time for which application threads were stopped: 0.0000864 seconds, Stopping threads took: 0.0000470 seconds
2023-04-24T14:38:58.710+0530: 8788.840: Total time for which application threads were stopped: 0.0001234 seconds, Stopping threads took: 0.0000738 seconds
2023-04-24T14:38:58.713+0530: 8788.843: Total time for which application threads were stopped: 0.0001155 seconds, Stopping threads took: 0.0000473 seconds
2023-04-24T14:38:58.713+0530: 8788.843: Total time for which application threads were stopped: 0.0001057 seconds, Stopping threads took: 0.0000430 seconds
2023-04-24T14:39:18.147+0530: 8808.277: Total time for which application threads were stopped: 0.0002449 seconds, Stopping threads took: 0.0000707 seconds
2023-04-24T14:39:18.147+0530: 8808.277: Total time for which application threads were stopped: 0.0001291 seconds, Stopping threads took: 0.0000217 seconds
2023-04-24T14:39:18.147+0530: 8808.277: Total time for which application threads were stopped: 0.0001146 seconds, Stopping threads took: 0.0000180 seconds
2023-04-24T14:39:18.148+0530: 8808.278: Total time for which application threads were stopped: 0.0000953 seconds, Stopping threads took: 0.0000138 seconds
2023-04-24T14:39:18.150+0530: 8808.280: Total time for which application threads were stopped: 0.0001260 seconds, Stopping threads took: 0.0000188 seconds
2023-04-24T14:39:18.151+0530: 8808.280: Total time for which application threads were stopped: 0.0000985 seconds, Stopping threads took: 0.0000139 seconds
2023-04-24T14:39:18.151+0530: 8808.281: Total time for which application threads were stopped: 0.0000833 seconds, Stopping threads took: 0.0000138 seconds
2023-04-24T14:39:18.152+0530: 8808.281: Total time for which application threads were stopped: 0.0000820 seconds, Stopping threads took: 0.0000125 seconds
2023-04-24T14:39:18.152+0530: 8808.282: Total time for which application threads were stopped: 0.0000929 seconds, Stopping threads took: 0.0000147 seconds
2023-04-24T14:39:18.155+0530: 8808.285: Total time for which application threads were stopped: 0.0001049 seconds, Stopping threads took: 0.0000308 seconds
2023-04-24T14:39:18.156+0530: 8808.285: Total time for which application threads were stopped: 0.0000822 seconds, Stopping threads took: 0.0000212 seconds
2023-04-24T14:39:37.111+0530: 8827.240: Total time for which application threads were stopped: 0.0036171 seconds, Stopping threads took: 0.0034638 seconds
2023-04-24T14:39:37.111+0530: 8827.241: Total time for which application threads were stopped: 0.0001049 seconds, Stopping threads took: 0.0000212 seconds
2023-04-24T14:39:37.112+0530: 8827.241: Total time for which application threads were stopped: 0.0001115 seconds, Stopping threads took: 0.0000191 seconds
2023-04-24T14:39:37.115+0530: 8827.245: Total time for which application threads were stopped: 0.0002998 seconds, Stopping threads took: 0.0000285 seconds
2023-04-24T14:39:37.116+0530: 8827.246: Total time for which application threads were stopped: 0.0001619 seconds, Stopping threads took: 0.0000345 seconds
2023-04-24T14:39:37.117+0530: 8827.247: Total time for which application threads were stopped: 0.0001269 seconds, Stopping threads took: 0.0000200 seconds
2023-04-24T14:39:37.117+0530: 8827.247: Total time for which application threads were stopped: 0.0001457 seconds, Stopping threads took: 0.0000213 seconds
2023-04-24T14:39:37.122+0530: 8827.252: Total time for which application threads were stopped: 0.0001592 seconds, Stopping threads took: 0.0000302 seconds
2023-04-24T14:39:37.123+0530: 8827.252: Total time for which application threads were stopped: 0.0001244 seconds, Stopping threads took: 0.0000215 seconds
2023-04-24T14:40:05.746+0530: 8855.876: Total time for which application threads were stopped: 0.0002079 seconds, Stopping threads took: 0.0000761 seconds
2023-04-24T14:40:05.747+0530: 8855.876: Total time for which application threads were stopped: 0.0001050 seconds, Stopping threads took: 0.0000193 seconds
2023-04-24T14:40:05.747+0530: 8855.877: Total time for which application threads were stopped: 0.0001950 seconds, Stopping threads took: 0.0001017 seconds
2023-04-24T14:40:05.750+0530: 8855.880: Total time for which application threads were stopped: 0.0001825 seconds, Stopping threads took: 0.0000417 seconds
2023-04-24T14:40:05.751+0530: 8855.880: Total time for which application threads were stopped: 0.0000985 seconds, Stopping threads took: 0.0000172 seconds
2023-04-24T14:40:05.751+0530: 8855.881: Total time for which application threads were stopped: 0.0000795 seconds, Stopping threads took: 0.0000146 seconds
2023-04-24T14:40:05.752+0530: 8855.881: Total time for which application threads were stopped: 0.0000865 seconds, Stopping threads took: 0.0000140 seconds
2023-04-24T14:40:05.752+0530: 8855.882: Total time for which application threads were stopped: 0.0001952 seconds, Stopping threads took: 0.0000264 seconds
2023-04-24T14:40:05.756+0530: 8855.886: Total time for which application threads were stopped: 0.0001284 seconds, Stopping threads took: 0.0000344 seconds
2023-04-24T14:40:05.756+0530: 8855.886: Total time for which application threads were stopped: 0.0000950 seconds, Stopping threads took: 0.0000239 seconds
2023-04-24T14:40:24.673+0530: 8874.803: Total time for which application threads were stopped: 0.0001911 seconds, Stopping threads took: 0.0000591 seconds
2023-04-24T14:40:24.674+0530: 8874.803: Total time for which application threads were stopped: 0.0001160 seconds, Stopping threads took: 0.0000222 seconds
2023-04-24T14:40:24.674+0530: 8874.804: Total time for which application threads were stopped: 0.0001330 seconds, Stopping threads took: 0.0000241 seconds
2023-04-24T14:40:24.675+0530: 8874.804: Total time for which application threads were stopped: 0.0001004 seconds, Stopping threads took: 0.0000162 seconds
2023-04-24T14:40:24.678+0530: 8874.808: Total time for which application threads were stopped: 0.0001906 seconds, Stopping threads took: 0.0000440 seconds
2023-04-24T14:40:24.678+0530: 8874.808: Total time for which application threads were stopped: 0.0001152 seconds, Stopping threads took: 0.0000303 seconds
2023-04-24T14:40:24.680+0530: 8874.809: Total time for which application threads were stopped: 0.0001212 seconds, Stopping threads took: 0.0000292 seconds
2023-04-24T14:40:24.680+0530: 8874.810: Total time for which application threads were stopped: 0.0001115 seconds, Stopping threads took: 0.0000349 seconds
2023-04-24T14:40:24.680+0530: 8874.810: Total time for which application threads were stopped: 0.0000983 seconds, Stopping threads took: 0.0000227 seconds
2023-04-24T14:40:24.682+0530: 8874.812: Total time for which application threads were stopped: 0.0001018 seconds, Stopping threads took: 0.0000223 seconds
2023-04-24T14:40:24.685+0530: 8874.815: Total time for which application threads were stopped: 0.0002517 seconds, Stopping threads took: 0.0000912 seconds
2023-04-24T14:40:24.685+0530: 8874.815: Total time for which application threads were stopped: 0.0001302 seconds, Stopping threads took: 0.0000324 seconds
2023-04-24T14:40:32.645+0530: 8882.775: Total time for which application threads were stopped: 0.0002220 seconds, Stopping threads took: 0.0000649 seconds
2023-04-24T14:40:32.646+0530: 8882.776: Total time for which application threads were stopped: 0.0001264 seconds, Stopping threads took: 0.0000216 seconds
2023-04-24T14:40:32.646+0530: 8882.776: Total time for which application threads were stopped: 0.0001206 seconds, Stopping threads took: 0.0000210 seconds
2023-04-24T14:40:32.648+0530: 8882.778: Total time for which application threads were stopped: 0.0001353 seconds, Stopping threads took: 0.0000237 seconds
2023-04-24T14:40:32.648+0530: 8882.778: Total time for which application threads were stopped: 0.0001169 seconds, Stopping threads took: 0.0000192 seconds
2023-04-24T14:40:32.649+0530: 8882.779: Total time for which application threads were stopped: 0.0001458 seconds, Stopping threads took: 0.0000230 seconds
2023-04-24T14:40:32.649+0530: 8882.779: Total time for which application threads were stopped: 0.0001057 seconds, Stopping threads took: 0.0000213 seconds
2023-04-24T14:40:32.649+0530: 8882.779: Total time for which application threads were stopped: 0.0001132 seconds, Stopping threads took: 0.0000196 seconds
2023-04-24T14:40:32.649+0530: 8882.779: Total time for which application threads were stopped: 0.0001140 seconds, Stopping threads took: 0.0000199 seconds
2023-04-24T14:40:32.650+0530: 8882.779: Total time for which application threads were stopped: 0.0001120 seconds, Stopping threads took: 0.0000197 seconds
2023-04-24T14:40:32.650+0530: 8882.780: Total time for which application threads were stopped: 0.0000832 seconds, Stopping threads took: 0.0000147 seconds
2023-04-24T14:40:32.650+0530: 8882.780: Total time for which application threads were stopped: 0.0000840 seconds, Stopping threads took: 0.0000139 seconds
2023-04-24T14:40:32.650+0530: 8882.780: Total time for which application threads were stopped: 0.0001068 seconds, Stopping threads took: 0.0000138 seconds
2023-04-24T14:40:32.650+0530: 8882.780: Total time for which application threads were stopped: 0.0000861 seconds, Stopping threads took: 0.0000169 seconds
2023-04-24T14:40:32.650+0530: 8882.780: Total time for which application threads were stopped: 0.0000795 seconds, Stopping threads took: 0.0000123 seconds
2023-04-24T14:40:32.651+0530: 8882.780: Total time for which application threads were stopped: 0.0000780 seconds, Stopping threads took: 0.0000117 seconds
2023-04-24T14:40:32.651+0530: 8882.781: Total time for which application threads were stopped: 0.0000780 seconds, Stopping threads took: 0.0000119 seconds
2023-04-24T14:40:32.653+0530: 8882.783: Total time for which application threads were stopped: 0.0002867 seconds, Stopping threads took: 0.0000389 seconds
2023-04-24T14:40:32.654+0530: 8882.784: Total time for which application threads were stopped: 0.0000979 seconds, Stopping threads took: 0.0000257 seconds
2023-04-24T14:40:32.654+0530: 8882.784: Total time for which application threads were stopped: 0.0001191 seconds, Stopping threads took: 0.0000639 seconds
2023-04-24T14:40:32.655+0530: 8882.785: Total time for which application threads were stopped: 0.0000920 seconds, Stopping threads took: 0.0000215 seconds
2023-04-24T14:40:32.656+0530: 8882.786: Total time for which application threads were stopped: 0.0000996 seconds, Stopping threads took: 0.0000213 seconds
2023-04-24T14:40:32.656+0530: 8882.786: Total time for which application threads were stopped: 0.0000908 seconds, Stopping threads took: 0.0000201 seconds
2023-04-24T14:40:32.659+0530: 8882.789: Total time for which application threads were stopped: 0.0001695 seconds, Stopping threads took: 0.0000938 seconds
2023-04-24T14:40:32.659+0530: 8882.789: Total time for which application threads were stopped: 0.0001128 seconds, Stopping threads took: 0.0000483 seconds
2023-04-24T14:41:22.914+0530: 8933.044: Total time for which application threads were stopped: 0.0001814 seconds, Stopping threads took: 0.0000574 seconds
2023-04-24T14:41:22.914+0530: 8933.044: Total time for which application threads were stopped: 0.0000975 seconds, Stopping threads took: 0.0000176 seconds
2023-04-24T14:41:22.915+0530: 8933.045: Total time for which application threads were stopped: 0.0001453 seconds, Stopping threads took: 0.0000584 seconds
2023-04-24T14:41:22.918+0530: 8933.048: Total time for which application threads were stopped: 0.0002103 seconds, Stopping threads took: 0.0001249 seconds
2023-04-24T14:41:22.918+0530: 8933.048: Total time for which application threads were stopped: 0.0001249 seconds, Stopping threads took: 0.0000478 seconds
2023-04-24T14:41:22.919+0530: 8933.049: Total time for which application threads were stopped: 0.0000907 seconds, Stopping threads took: 0.0000140 seconds
2023-04-24T14:41:22.919+0530: 8933.049: Total time for which application threads were stopped: 0.0000594 seconds, Stopping threads took: 0.0000104 seconds
2023-04-24T14:41:22.920+0530: 8933.049: Total time for which application threads were stopped: 0.0001020 seconds, Stopping threads took: 0.0000150 seconds
2023-04-24T14:41:22.920+0530: 8933.050: Total time for which application threads were stopped: 0.0000704 seconds, Stopping threads took: 0.0000113 seconds
2023-04-24T14:41:22.923+0530: 8933.053: Total time for which application threads were stopped: 0.0000913 seconds, Stopping threads took: 0.0000166 seconds
2023-04-24T14:41:22.923+0530: 8933.053: Total time for which application threads were stopped: 0.0000688 seconds, Stopping threads took: 0.0000111 seconds
2023-04-24T14:46:02.907+0530: 9213.037: Total time for which application threads were stopped: 0.0001352 seconds, Stopping threads took: 0.0000393 seconds
2023-04-24T14:46:02.908+0530: 9213.037: Total time for which application threads were stopped: 0.0000927 seconds, Stopping threads took: 0.0000118 seconds
2023-04-24T14:46:02.908+0530: 9213.038: Total time for which application threads were stopped: 0.0000513 seconds, Stopping threads took: 0.0000096 seconds
2023-04-24T14:46:02.908+0530: 9213.038: Total time for which application threads were stopped: 0.0000646 seconds, Stopping threads took: 0.0000110 seconds
2023-04-24T14:46:02.910+0530: 9213.040: Total time for which application threads were stopped: 0.0000801 seconds, Stopping threads took: 0.0000187 seconds
2023-04-24T14:46:02.910+0530: 9213.040: Total time for which application threads were stopped: 0.0000751 seconds, Stopping threads took: 0.0000162 seconds
2023-04-24T14:46:02.911+0530: 9213.041: Total time for which application threads were stopped: 0.0000584 seconds, Stopping threads took: 0.0000113 seconds
2023-04-24T14:46:02.912+0530: 9213.041: Total time for which application threads were stopped: 0.0000574 seconds, Stopping threads took: 0.0000108 seconds
2023-04-24T14:46:02.912+0530: 9213.042: Total time for which application threads were stopped: 0.0000748 seconds, Stopping threads took: 0.0000154 seconds
2023-04-24T14:46:02.914+0530: 9213.044: Total time for which application threads were stopped: 0.0001839 seconds, Stopping threads took: 0.0001147 seconds
2023-04-24T14:46:02.915+0530: 9213.045: Total time for which application threads were stopped: 0.0001707 seconds, Stopping threads took: 0.0001123 seconds
2023-04-24T14:47:43.268+0530: 9313.397: Total time for which application threads were stopped: 0.0001378 seconds, Stopping threads took: 0.0000430 seconds
2023-04-24T14:47:43.268+0530: 9313.398: Total time for which application threads were stopped: 0.0001064 seconds, Stopping threads took: 0.0000196 seconds
2023-04-24T14:47:43.268+0530: 9313.398: Total time for which application threads were stopped: 0.0001079 seconds, Stopping threads took: 0.0000154 seconds
2023-04-24T14:47:43.271+0530: 9313.401: Total time for which application threads were stopped: 0.0002005 seconds, Stopping threads took: 0.0000286 seconds
2023-04-24T14:47:43.272+0530: 9313.402: Total time for which application threads were stopped: 0.0000785 seconds, Stopping threads took: 0.0000158 seconds
2023-04-24T14:47:43.272+0530: 9313.402: Total time for which application threads were stopped: 0.0000607 seconds, Stopping threads took: 0.0000111 seconds
2023-04-24T14:47:43.273+0530: 9313.403: Total time for which application threads were stopped: 0.0000638 seconds, Stopping threads took: 0.0000109 seconds
2023-04-24T14:47:43.276+0530: 9313.406: Total time for which application threads were stopped: 0.0002123 seconds, Stopping threads took: 0.0001352 seconds
2023-04-24T14:47:43.276+0530: 9313.406: Total time for which application threads were stopped: 0.0001494 seconds, Stopping threads took: 0.0000903 seconds
2023-04-24T14:48:52.504+0530: 9382.633: Total time for which application threads were stopped: 0.0001301 seconds, Stopping threads took: 0.0000389 seconds
2023-04-24T14:48:52.504+0530: 9382.634: Total time for which application threads were stopped: 0.0000768 seconds, Stopping threads took: 0.0000145 seconds
2023-04-24T14:48:52.504+0530: 9382.634: Total time for which application threads were stopped: 0.0002146 seconds, Stopping threads took: 0.0001342 seconds
2023-04-24T14:48:52.506+0530: 9382.636: Total time for which application threads were stopped: 0.0000891 seconds, Stopping threads took: 0.0000127 seconds
2023-04-24T14:48:52.507+0530: 9382.636: Total time for which application threads were stopped: 0.0000665 seconds, Stopping threads took: 0.0000115 seconds
2023-04-24T14:48:52.507+0530: 9382.637: Total time for which application threads were stopped: 0.0000567 seconds, Stopping threads took: 0.0000107 seconds
2023-04-24T14:48:52.508+0530: 9382.637: Total time for which application threads were stopped: 0.0000569 seconds, Stopping threads took: 0.0000107 seconds
2023-04-24T14:48:52.508+0530: 9382.638: Total time for which application threads were stopped: 0.0000618 seconds, Stopping threads took: 0.0000108 seconds
2023-04-24T14:48:52.511+0530: 9382.640: Total time for which application threads were stopped: 0.0000854 seconds, Stopping threads took: 0.0000202 seconds
2023-04-24T14:48:52.511+0530: 9382.641: Total time for which application threads were stopped: 0.0000649 seconds, Stopping threads took: 0.0000149 seconds
2023-04-24T14:49:38.032+0530: 9428.162: Total time for which application threads were stopped: 0.0001500 seconds, Stopping threads took: 0.0000470 seconds
2023-04-24T14:49:38.032+0530: 9428.162: Total time for which application threads were stopped: 0.0000874 seconds, Stopping threads took: 0.0000153 seconds
2023-04-24T14:49:38.032+0530: 9428.162: Total time for which application threads were stopped: 0.0000733 seconds, Stopping threads took: 0.0000136 seconds
2023-04-24T14:49:38.033+0530: 9428.163: Total time for which application threads were stopped: 0.0000795 seconds, Stopping threads took: 0.0000137 seconds
2023-04-24T14:49:38.034+0530: 9428.164: Total time for which application threads were stopped: 0.0001673 seconds, Stopping threads took: 0.0000114 seconds
2023-04-24T14:49:38.035+0530: 9428.165: Total time for which application threads were stopped: 0.0001023 seconds, Stopping threads took: 0.0000245 seconds
2023-04-24T14:49:38.035+0530: 9428.165: Total time for which application threads were stopped: 0.0000729 seconds, Stopping threads took: 0.0000178 seconds
2023-04-24T14:49:38.036+0530: 9428.166: Total time for which application threads were stopped: 0.0000564 seconds, Stopping threads took: 0.0000144 seconds
2023-04-24T14:49:38.036+0530: 9428.166: Total time for which application threads were stopped: 0.0000660 seconds, Stopping threads took: 0.0000298 seconds
2023-04-24T14:49:38.037+0530: 9428.166: Total time for which application threads were stopped: 0.0001042 seconds, Stopping threads took: 0.0000599 seconds
2023-04-24T14:49:38.039+0530: 9428.169: Total time for which application threads were stopped: 0.0000904 seconds, Stopping threads took: 0.0000186 seconds
2023-04-24T14:49:38.040+0530: 9428.169: Total time for which application threads were stopped: 0.0000685 seconds, Stopping threads took: 0.0000146 seconds
2023-04-24T14:49:55.109+0530: 9445.239: Total time for which application threads were stopped: 0.0001883 seconds, Stopping threads took: 0.0000584 seconds
2023-04-24T14:49:55.110+0530: 9445.239: Total time for which application threads were stopped: 0.0001434 seconds, Stopping threads took: 0.0000258 seconds
2023-04-24T14:49:55.110+0530: 9445.240: Total time for which application threads were stopped: 0.0001143 seconds, Stopping threads took: 0.0000192 seconds
2023-04-24T14:49:55.114+0530: 9445.243: Total time for which application threads were stopped: 0.0002743 seconds, Stopping threads took: 0.0000412 seconds
2023-04-24T14:49:55.115+0530: 9445.245: Total time for which application threads were stopped: 0.0001111 seconds, Stopping threads took: 0.0000271 seconds
2023-04-24T14:49:55.115+0530: 9445.245: Total time for which application threads were stopped: 0.0001266 seconds, Stopping threads took: 0.0000520 seconds
2023-04-24T14:49:55.115+0530: 9445.245: Total time for which application threads were stopped: 0.0000867 seconds, Stopping threads took: 0.0000154 seconds
2023-04-24T14:49:55.119+0530: 9445.249: Total time for which application threads were stopped: 0.0001532 seconds, Stopping threads took: 0.0000763 seconds
2023-04-24T14:49:55.119+0530: 9445.249: Total time for which application threads were stopped: 0.0000716 seconds, Stopping threads took: 0.0000129 seconds
2023-04-24T14:50:14.937+0530: 9465.066: Total time for which application threads were stopped: 0.0001704 seconds, Stopping threads took: 0.0000532 seconds
2023-04-24T14:50:14.937+0530: 9465.067: Total time for which application threads were stopped: 0.0000748 seconds, Stopping threads took: 0.0000136 seconds
2023-04-24T14:50:14.937+0530: 9465.067: Total time for which application threads were stopped: 0.0000826 seconds, Stopping threads took: 0.0000141 seconds
2023-04-24T14:50:14.940+0530: 9465.070: Total time for which application threads were stopped: 0.0001166 seconds, Stopping threads took: 0.0000282 seconds
2023-04-24T14:50:14.940+0530: 9465.070: Total time for which application threads were stopped: 0.0001889 seconds, Stopping threads took: 0.0000990 seconds
2023-04-24T14:50:14.941+0530: 9465.071: Total time for which application threads were stopped: 0.0000887 seconds, Stopping threads took: 0.0000243 seconds
2023-04-24T14:50:14.941+0530: 9465.071: Total time for which application threads were stopped: 0.0000810 seconds, Stopping threads took: 0.0000199 seconds
2023-04-24T14:50:14.942+0530: 9465.071: Total time for which application threads were stopped: 0.0001111 seconds, Stopping threads took: 0.0000420 seconds
2023-04-24T14:50:14.945+0530: 9465.075: Total time for which application threads were stopped: 0.0001268 seconds, Stopping threads took: 0.0000462 seconds
2023-04-24T14:50:14.945+0530: 9465.075: Total time for which application threads were stopped: 0.0000778 seconds, Stopping threads took: 0.0000182 seconds
2023-04-24T14:50:48.534+0530: 9498.663: Total time for which application threads were stopped: 0.0002714 seconds, Stopping threads took: 0.0000859 seconds
2023-04-24T14:50:48.534+0530: 9498.664: Total time for which application threads were stopped: 0.0001296 seconds, Stopping threads took: 0.0000255 seconds
2023-04-24T14:50:48.534+0530: 9498.664: Total time for which application threads were stopped: 0.0001139 seconds, Stopping threads took: 0.0000189 seconds
2023-04-24T14:50:48.535+0530: 9498.665: Total time for which application threads were stopped: 0.0001689 seconds, Stopping threads took: 0.0000303 seconds
2023-04-24T14:50:48.540+0530: 9498.669: Total time for which application threads were stopped: 0.0001816 seconds, Stopping threads took: 0.0000331 seconds
2023-04-24T14:50:48.540+0530: 9498.670: Total time for which application threads were stopped: 0.0001988 seconds, Stopping threads took: 0.0000346 seconds
2023-04-24T14:50:48.542+0530: 9498.672: Total time for which application threads were stopped: 0.0001860 seconds, Stopping threads took: 0.0000303 seconds
2023-04-24T14:50:48.542+0530: 9498.672: Total time for which application threads were stopped: 0.0001324 seconds, Stopping threads took: 0.0000245 seconds
2023-04-24T14:50:48.543+0530: 9498.673: Total time for which application threads were stopped: 0.0002138 seconds, Stopping threads took: 0.0000325 seconds
2023-04-24T14:50:48.550+0530: 9498.680: Total time for which application threads were stopped: 0.0002090 seconds, Stopping threads took: 0.0000523 seconds
2023-04-24T14:50:48.550+0530: 9498.680: Total time for which application threads were stopped: 0.0001742 seconds, Stopping threads took: 0.0000354 seconds
2023-04-24T14:51:50.726+0530: 9560.856: Total time for which application threads were stopped: 0.0001351 seconds, Stopping threads took: 0.0000424 seconds
2023-04-24T14:51:50.726+0530: 9560.856: Total time for which application threads were stopped: 0.0000825 seconds, Stopping threads took: 0.0000113 seconds
2023-04-24T14:51:50.727+0530: 9560.857: Total time for which application threads were stopped: 0.0000871 seconds, Stopping threads took: 0.0000150 seconds
2023-04-24T14:51:50.729+0530: 9560.859: Total time for which application threads were stopped: 0.0001524 seconds, Stopping threads took: 0.0000345 seconds
2023-04-24T14:51:50.729+0530: 9560.859: Total time for which application threads were stopped: 0.0001032 seconds, Stopping threads took: 0.0000218 seconds
2023-04-24T14:51:50.731+0530: 9560.860: Total time for which application threads were stopped: 0.0000890 seconds, Stopping threads took: 0.0000141 seconds
2023-04-24T14:51:50.731+0530: 9560.861: Total time for which application threads were stopped: 0.0000582 seconds, Stopping threads took: 0.0000110 seconds
2023-04-24T14:51:50.731+0530: 9560.861: Total time for which application threads were stopped: 0.0001304 seconds, Stopping threads took: 0.0000109 seconds
2023-04-24T14:51:50.734+0530: 9560.864: Total time for which application threads were stopped: 0.0000950 seconds, Stopping threads took: 0.0000222 seconds
2023-04-24T14:51:50.734+0530: 9560.864: Total time for which application threads were stopped: 0.0000837 seconds, Stopping threads took: 0.0000249 seconds
2023-04-24T14:52:37.760+0530: 9607.890: Total time for which application threads were stopped: 0.0001917 seconds, Stopping threads took: 0.0000631 seconds
2023-04-24T14:52:37.760+0530: 9607.890: Total time for which application threads were stopped: 0.0001023 seconds, Stopping threads took: 0.0000185 seconds
2023-04-24T14:52:37.761+0530: 9607.891: Total time for which application threads were stopped: 0.0001202 seconds, Stopping threads took: 0.0000227 seconds
2023-04-24T14:52:37.764+0530: 9607.894: Total time for which application threads were stopped: 0.0002788 seconds, Stopping threads took: 0.0000334 seconds
2023-04-24T14:52:37.766+0530: 9607.895: Total time for which application threads were stopped: 0.0000801 seconds, Stopping threads took: 0.0000151 seconds
2023-04-24T14:52:37.766+0530: 9607.896: Total time for which application threads were stopped: 0.0000726 seconds, Stopping threads took: 0.0000133 seconds
2023-04-24T14:52:37.766+0530: 9607.896: Total time for which application threads were stopped: 0.0000795 seconds, Stopping threads took: 0.0000137 seconds
2023-04-24T14:52:37.769+0530: 9607.899: Total time for which application threads were stopped: 0.0001263 seconds, Stopping threads took: 0.0000424 seconds
2023-04-24T14:52:37.770+0530: 9607.900: Total time for which application threads were stopped: 0.0001226 seconds, Stopping threads took: 0.0000248 seconds
2023-04-24T14:52:57.648+0530: 9627.778: Total time for which application threads were stopped: 0.0001790 seconds, Stopping threads took: 0.0000592 seconds
2023-04-24T14:52:57.648+0530: 9627.778: Total time for which application threads were stopped: 0.0000887 seconds, Stopping threads took: 0.0000167 seconds
2023-04-24T14:52:57.649+0530: 9627.779: Total time for which application threads were stopped: 0.0001126 seconds, Stopping threads took: 0.0000192 seconds
2023-04-24T14:52:57.652+0530: 9627.781: Total time for which application threads were stopped: 0.0001110 seconds, Stopping threads took: 0.0000277 seconds
2023-04-24T14:52:57.652+0530: 9627.782: Total time for which application threads were stopped: 0.0002061 seconds, Stopping threads took: 0.0001238 seconds
2023-04-24T14:52:57.653+0530: 9627.782: Total time for which application threads were stopped: 0.0000849 seconds, Stopping threads took: 0.0000243 seconds
2023-04-24T14:52:57.653+0530: 9627.783: Total time for which application threads were stopped: 0.0002136 seconds, Stopping threads took: 0.0001479 seconds
2023-04-24T14:52:57.653+0530: 9627.783: Total time for which application threads were stopped: 0.0000907 seconds, Stopping threads took: 0.0000217 seconds
2023-04-24T14:52:57.655+0530: 9627.785: Total time for which application threads were stopped: 0.0002168 seconds, Stopping threads took: 0.0001227 seconds
2023-04-24T14:52:57.657+0530: 9627.787: Total time for which application threads were stopped: 0.0001218 seconds, Stopping threads took: 0.0000295 seconds
2023-04-24T14:52:57.658+0530: 9627.787: Total time for which application threads were stopped: 0.0000810 seconds, Stopping threads took: 0.0000179 seconds
2023-04-24T14:53:18.684+0530: 9648.814: Total time for which application threads were stopped: 0.0002801 seconds, Stopping threads took: 0.0000896 seconds
2023-04-24T14:53:18.685+0530: 9648.814: Total time for which application threads were stopped: 0.0001585 seconds, Stopping threads took: 0.0000313 seconds
2023-04-24T14:53:18.685+0530: 9648.815: Total time for which application threads were stopped: 0.0001599 seconds, Stopping threads took: 0.0000302 seconds
2023-04-24T14:53:18.686+0530: 9648.816: Total time for which application threads were stopped: 0.0001743 seconds, Stopping threads took: 0.0000313 seconds
2023-04-24T14:53:18.691+0530: 9648.821: Total time for which application threads were stopped: 0.0004211 seconds, Stopping threads took: 0.0002070 seconds
2023-04-24T14:53:18.692+0530: 9648.821: Total time for which application threads were stopped: 0.0003721 seconds, Stopping threads took: 0.0001801 seconds
2023-04-24T14:53:18.694+0530: 9648.823: Total time for which application threads were stopped: 0.0002743 seconds, Stopping threads took: 0.0000736 seconds
2023-04-24T14:53:18.694+0530: 9648.824: Total time for which application threads were stopped: 0.0002043 seconds, Stopping threads took: 0.0000402 seconds
2023-04-24T14:53:18.695+0530: 9648.825: Total time for which application threads were stopped: 0.0002504 seconds, Stopping threads took: 0.0000974 seconds
2023-04-24T14:53:18.701+0530: 9648.831: Total time for which application threads were stopped: 0.0002560 seconds, Stopping threads took: 0.0000595 seconds
2023-04-24T14:53:18.702+0530: 9648.832: Total time for which application threads were stopped: 0.0002071 seconds, Stopping threads took: 0.0000419 seconds
2023-04-24T14:53:34.213+0530: 9664.342: Total time for which application threads were stopped: 0.0001846 seconds, Stopping threads took: 0.0000611 seconds
2023-04-24T14:53:34.213+0530: 9664.343: Total time for which application threads were stopped: 0.0000819 seconds, Stopping threads took: 0.0000139 seconds
2023-04-24T14:53:34.214+0530: 9664.343: Total time for which application threads were stopped: 0.0001272 seconds, Stopping threads took: 0.0000214 seconds
2023-04-24T14:53:34.217+0530: 9664.346: Total time for which application threads were stopped: 0.0002034 seconds, Stopping threads took: 0.0001116 seconds
2023-04-24T14:53:34.217+0530: 9664.347: Total time for which application threads were stopped: 0.0000915 seconds, Stopping threads took: 0.0000208 seconds
2023-04-24T14:53:34.218+0530: 9664.347: Total time for which application threads were stopped: 0.0000949 seconds, Stopping threads took: 0.0000236 seconds
2023-04-24T14:53:34.218+0530: 9664.348: Total time for which application threads were stopped: 0.0000684 seconds, Stopping threads took: 0.0000166 seconds
2023-04-24T14:53:34.218+0530: 9664.348: Total time for which application threads were stopped: 0.0001281 seconds, Stopping threads took: 0.0000363 seconds
2023-04-24T14:53:34.221+0530: 9664.351: Total time for which application threads were stopped: 0.0001748 seconds, Stopping threads took: 0.0000681 seconds
2023-04-24T14:53:34.222+0530: 9664.351: Total time for which application threads were stopped: 0.0000900 seconds, Stopping threads took: 0.0000193 seconds
2023-04-24T14:53:35.222+0530: 9665.352: Total time for which application threads were stopped: 0.0000827 seconds, Stopping threads took: 0.0000195 seconds
2023-04-24T14:56:26.669+0530: 9836.799: Total time for which application threads were stopped: 0.0001373 seconds, Stopping threads took: 0.0000459 seconds
2023-04-24T14:56:26.670+0530: 9836.799: Total time for which application threads were stopped: 0.0000617 seconds, Stopping threads took: 0.0000112 seconds
2023-04-24T14:56:26.670+0530: 9836.800: Total time for which application threads were stopped: 0.0001246 seconds, Stopping threads took: 0.0000267 seconds
2023-04-24T14:56:26.673+0530: 9836.802: Total time for which application threads were stopped: 0.0002074 seconds, Stopping threads took: 0.0000504 seconds
2023-04-24T14:56:26.674+0530: 9836.803: Total time for which application threads were stopped: 0.0000750 seconds, Stopping threads took: 0.0000177 seconds
2023-04-24T14:56:26.674+0530: 9836.804: Total time for which application threads were stopped: 0.0000538 seconds, Stopping threads took: 0.0000129 seconds
2023-04-24T14:56:26.674+0530: 9836.804: Total time for which application threads were stopped: 0.0000992 seconds, Stopping threads took: 0.0000307 seconds
2023-04-24T14:56:26.675+0530: 9836.805: Total time for which application threads were stopped: 0.0000975 seconds, Stopping threads took: 0.0000165 seconds
2023-04-24T14:56:26.677+0530: 9836.807: Total time for which application threads were stopped: 0.0000956 seconds, Stopping threads took: 0.0000219 seconds
2023-04-24T14:56:26.677+0530: 9836.807: Total time for which application threads were stopped: 0.0001983 seconds, Stopping threads took: 0.0000997 seconds
2023-04-24T14:57:23.001+0530: 9893.131: Total time for which application threads were stopped: 0.0001381 seconds, Stopping threads took: 0.0000465 seconds
2023-04-24T14:57:23.002+0530: 9893.131: Total time for which application threads were stopped: 0.0000792 seconds, Stopping threads took: 0.0000150 seconds
2023-04-24T14:57:23.002+0530: 9893.132: Total time for which application threads were stopped: 0.0000993 seconds, Stopping threads took: 0.0000158 seconds
2023-04-24T14:57:23.004+0530: 9893.134: Total time for which application threads were stopped: 0.0000927 seconds, Stopping threads took: 0.0000170 seconds
2023-04-24T14:57:23.005+0530: 9893.134: Total time for which application threads were stopped: 0.0000783 seconds, Stopping threads took: 0.0000130 seconds
2023-04-24T14:57:23.005+0530: 9893.135: Total time for which application threads were stopped: 0.0000715 seconds, Stopping threads took: 0.0000138 seconds
2023-04-24T14:57:23.006+0530: 9893.136: Total time for which application threads were stopped: 0.0000792 seconds, Stopping threads took: 0.0000134 seconds
2023-04-24T14:57:23.006+0530: 9893.136: Total time for which application threads were stopped: 0.0000846 seconds, Stopping threads took: 0.0000178 seconds
2023-04-24T14:57:23.009+0530: 9893.138: Total time for which application threads were stopped: 0.0001675 seconds, Stopping threads took: 0.0000822 seconds
2023-04-24T14:57:23.009+0530: 9893.139: Total time for which application threads were stopped: 0.0000982 seconds, Stopping threads took: 0.0000450 seconds
2023-04-24T14:57:46.006+0530: 9916.135: Total time for which application threads were stopped: 0.0001789 seconds, Stopping threads took: 0.0000556 seconds
2023-04-24T14:57:46.006+0530: 9916.136: Total time for which application threads were stopped: 0.0000883 seconds, Stopping threads took: 0.0000164 seconds
2023-04-24T14:57:46.006+0530: 9916.136: Total time for which application threads were stopped: 0.0000829 seconds, Stopping threads took: 0.0000167 seconds
2023-04-24T14:57:46.007+0530: 9916.136: Total time for which application threads were stopped: 0.0000810 seconds, Stopping threads took: 0.0000139 seconds
2023-04-24T14:57:46.009+0530: 9916.138: Total time for which application threads were stopped: 0.0001161 seconds, Stopping threads took: 0.0000257 seconds
2023-04-24T14:57:46.009+0530: 9916.139: Total time for which application threads were stopped: 0.0002176 seconds, Stopping threads took: 0.0001311 seconds
2023-04-24T14:57:46.010+0530: 9916.140: Total time for which application threads were stopped: 0.0001000 seconds, Stopping threads took: 0.0000342 seconds
2023-04-24T14:57:46.010+0530: 9916.140: Total time for which application threads were stopped: 0.0000843 seconds, Stopping threads took: 0.0000146 seconds
2023-04-24T14:57:46.011+0530: 9916.141: Total time for which application threads were stopped: 0.0000860 seconds, Stopping threads took: 0.0000149 seconds
2023-04-24T14:57:46.014+0530: 9916.144: Total time for which application threads were stopped: 0.0001360 seconds, Stopping threads took: 0.0000311 seconds
2023-04-24T14:57:46.015+0530: 9916.144: Total time for which application threads were stopped: 0.0001047 seconds, Stopping threads took: 0.0000214 seconds
2023-04-24T15:00:00.197+0530: 10050.327: Total time for which application threads were stopped: 0.0001228 seconds, Stopping threads took: 0.0000364 seconds
2023-04-24T15:00:00.197+0530: 10050.327: Total time for which application threads were stopped: 0.0001149 seconds, Stopping threads took: 0.0000440 seconds
2023-04-24T15:00:00.198+0530: 10050.328: Total time for which application threads were stopped: 0.0000952 seconds, Stopping threads took: 0.0000231 seconds
2023-04-24T15:00:00.200+0530: 10050.330: Total time for which application threads were stopped: 0.0002097 seconds, Stopping threads took: 0.0000260 seconds
2023-04-24T15:00:00.201+0530: 10050.331: Total time for which application threads were stopped: 0.0000919 seconds, Stopping threads took: 0.0000219 seconds
2023-04-24T15:00:00.201+0530: 10050.331: Total time for which application threads were stopped: 0.0001173 seconds, Stopping threads took: 0.0000526 seconds
2023-04-24T15:00:00.202+0530: 10050.332: Total time for which application threads were stopped: 0.0000879 seconds, Stopping threads took: 0.0000166 seconds
2023-04-24T15:00:00.204+0530: 10050.334: Total time for which application threads were stopped: 0.0001118 seconds, Stopping threads took: 0.0000258 seconds
2023-04-24T15:00:00.205+0530: 10050.335: Total time for which application threads were stopped: 0.0001426 seconds, Stopping threads took: 0.0000408 seconds
2023-04-24T15:00:04.163+0530: 10054.293: Total time for which application threads were stopped: 0.0001759 seconds, Stopping threads took: 0.0000536 seconds
2023-04-24T15:00:04.163+0530: 10054.293: Total time for which application threads were stopped: 0.0001023 seconds, Stopping threads took: 0.0000192 seconds
2023-04-24T15:00:04.164+0530: 10054.294: Total time for which application threads were stopped: 0.0001175 seconds, Stopping threads took: 0.0000193 seconds
2023-04-24T15:00:04.167+0530: 10054.297: Total time for which application threads were stopped: 0.0001072 seconds, Stopping threads took: 0.0000233 seconds
2023-04-24T15:00:04.167+0530: 10054.297: Total time for which application threads were stopped: 0.0000981 seconds, Stopping threads took: 0.0000200 seconds
2023-04-24T15:00:04.168+0530: 10054.298: Total time for which application threads were stopped: 0.0000825 seconds, Stopping threads took: 0.0000198 seconds
2023-04-24T15:00:04.168+0530: 10054.298: Total time for which application threads were stopped: 0.0000714 seconds, Stopping threads took: 0.0000169 seconds
2023-04-24T15:00:04.168+0530: 10054.298: Total time for which application threads were stopped: 0.0000909 seconds, Stopping threads took: 0.0000211 seconds
2023-04-24T15:00:04.172+0530: 10054.302: Total time for which application threads were stopped: 0.0001446 seconds, Stopping threads took: 0.0000333 seconds
2023-04-24T15:00:04.172+0530: 10054.302: Total time for which application threads were stopped: 0.0001346 seconds, Stopping threads took: 0.0000437 seconds
2023-04-24T15:00:39.878+0530: 10090.008: Total time for which application threads were stopped: 0.0001462 seconds, Stopping threads took: 0.0000493 seconds
2023-04-24T15:00:39.878+0530: 10090.008: Total time for which application threads were stopped: 0.0000652 seconds, Stopping threads took: 0.0000127 seconds
2023-04-24T15:00:39.878+0530: 10090.008: Total time for which application threads were stopped: 0.0000536 seconds, Stopping threads took: 0.0000085 seconds
2023-04-24T15:00:39.879+0530: 10090.008: Total time for which application threads were stopped: 0.0000579 seconds, Stopping threads took: 0.0000084 seconds
2023-04-24T15:00:39.880+0530: 10090.010: Total time for which application threads were stopped: 0.0001950 seconds, Stopping threads took: 0.0001243 seconds
2023-04-24T15:00:39.881+0530: 10090.011: Total time for which application threads were stopped: 0.0001896 seconds, Stopping threads took: 0.0001238 seconds
2023-04-24T15:00:39.881+0530: 10090.011: Total time for which application threads were stopped: 0.0000807 seconds, Stopping threads took: 0.0000176 seconds
2023-04-24T15:00:39.881+0530: 10090.011: Total time for which application threads were stopped: 0.0000649 seconds, Stopping threads took: 0.0000176 seconds
2023-04-24T15:00:39.882+0530: 10090.012: Total time for which application threads were stopped: 0.0001511 seconds, Stopping threads took: 0.0000217 seconds
2023-04-24T15:00:39.885+0530: 10090.014: Total time for which application threads were stopped: 0.0001986 seconds, Stopping threads took: 0.0001303 seconds
2023-04-24T15:00:39.885+0530: 10090.015: Total time for which application threads were stopped: 0.0000786 seconds, Stopping threads took: 0.0000152 seconds
2023-04-24T15:09:07.855+0530: 10597.985: Total time for which application threads were stopped: 0.0002173 seconds, Stopping threads took: 0.0000737 seconds
2023-04-24T15:09:07.855+0530: 10597.985: Total time for which application threads were stopped: 0.0001415 seconds, Stopping threads took: 0.0000232 seconds
2023-04-24T15:09:07.856+0530: 10597.986: Total time for which application threads were stopped: 0.0001250 seconds, Stopping threads took: 0.0000227 seconds
2023-04-24T15:09:07.859+0530: 10597.989: Total time for which application threads were stopped: 0.0001114 seconds, Stopping threads took: 0.0000220 seconds
2023-04-24T15:09:07.859+0530: 10597.989: Total time for which application threads were stopped: 0.0000825 seconds, Stopping threads took: 0.0000135 seconds
2023-04-24T15:09:07.860+0530: 10597.990: Total time for which application threads were stopped: 0.0000723 seconds, Stopping threads took: 0.0000141 seconds
2023-04-24T15:09:07.860+0530: 10597.990: Total time for which application threads were stopped: 0.0000857 seconds, Stopping threads took: 0.0000180 seconds
2023-04-24T15:09:07.861+0530: 10597.991: Total time for which application threads were stopped: 0.0000807 seconds, Stopping threads took: 0.0000141 seconds
2023-04-24T15:09:07.864+0530: 10597.994: Total time for which application threads were stopped: 0.0001005 seconds, Stopping threads took: 0.0000176 seconds
2023-04-24T15:09:07.864+0530: 10597.994: Total time for which application threads were stopped: 0.0000906 seconds, Stopping threads took: 0.0000154 seconds
2023-04-24T15:09:48.428+0530: 10638.558: Total time for which application threads were stopped: 0.0001757 seconds, Stopping threads took: 0.0000539 seconds
2023-04-24T15:09:48.428+0530: 10638.558: Total time for which application threads were stopped: 0.0001064 seconds, Stopping threads took: 0.0000196 seconds
2023-04-24T15:09:48.429+0530: 10638.559: Total time for which application threads were stopped: 0.0001324 seconds, Stopping threads took: 0.0000249 seconds
2023-04-24T15:09:48.432+0530: 10638.562: Total time for which application threads were stopped: 0.0003223 seconds, Stopping threads took: 0.0000546 seconds
2023-04-24T15:09:48.434+0530: 10638.564: Total time for which application threads were stopped: 0.0001651 seconds, Stopping threads took: 0.0000696 seconds
2023-04-24T15:09:48.434+0530: 10638.564: Total time for which application threads were stopped: 0.0001663 seconds, Stopping threads took: 0.0000695 seconds
2023-04-24T15:09:48.435+0530: 10638.565: Total time for which application threads were stopped: 0.0001587 seconds, Stopping threads took: 0.0000641 seconds
2023-04-24T15:09:48.439+0530: 10638.569: Total time for which application threads were stopped: 0.0001540 seconds, Stopping threads took: 0.0000328 seconds
2023-04-24T15:09:48.440+0530: 10638.569: Total time for which application threads were stopped: 0.0001017 seconds, Stopping threads took: 0.0000185 seconds
2023-04-24T15:10:21.709+0530: 10671.839: Total time for which application threads were stopped: 0.0001722 seconds, Stopping threads took: 0.0000531 seconds
2023-04-24T15:10:21.709+0530: 10671.839: Total time for which application threads were stopped: 0.0001023 seconds, Stopping threads took: 0.0000191 seconds
2023-04-24T15:10:21.710+0530: 10671.840: Total time for which application threads were stopped: 0.0001404 seconds, Stopping threads took: 0.0000471 seconds
2023-04-24T15:10:21.713+0530: 10671.843: Total time for which application threads were stopped: 0.0001943 seconds, Stopping threads took: 0.0000473 seconds
2023-04-24T15:10:21.714+0530: 10671.843: Total time for which application threads were stopped: 0.0003553 seconds, Stopping threads took: 0.0002601 seconds
2023-04-24T15:10:21.715+0530: 10671.845: Total time for which application threads were stopped: 0.0001987 seconds, Stopping threads took: 0.0001027 seconds
2023-04-24T15:10:21.715+0530: 10671.845: Total time for which application threads were stopped: 0.0002958 seconds, Stopping threads took: 0.0002124 seconds
2023-04-24T15:10:21.716+0530: 10671.846: Total time for which application threads were stopped: 0.0002019 seconds, Stopping threads took: 0.0001103 seconds
2023-04-24T15:10:21.719+0530: 10671.849: Total time for which application threads were stopped: 0.0002736 seconds, Stopping threads took: 0.0001146 seconds
2023-04-24T15:10:21.719+0530: 10671.849: Total time for which application threads were stopped: 0.0000858 seconds, Stopping threads took: 0.0000187 seconds
2023-04-24T15:10:42.404+0530: 10692.534: Total time for which application threads were stopped: 0.0001748 seconds, Stopping threads took: 0.0000305 seconds
2023-04-24T15:10:42.404+0530: 10692.534: Total time for which application threads were stopped: 0.0001052 seconds, Stopping threads took: 0.0000202 seconds
2023-04-24T15:10:42.404+0530: 10692.534: Total time for which application threads were stopped: 0.0001017 seconds, Stopping threads took: 0.0000201 seconds
2023-04-24T15:10:42.405+0530: 10692.535: Total time for which application threads were stopped: 0.0001096 seconds, Stopping threads took: 0.0000185 seconds
2023-04-24T15:10:42.408+0530: 10692.538: Total time for which application threads were stopped: 0.0001604 seconds, Stopping threads took: 0.0000503 seconds
2023-04-24T15:10:42.408+0530: 10692.538: Total time for which application threads were stopped: 0.0001241 seconds, Stopping threads took: 0.0000259 seconds
2023-04-24T15:10:42.409+0530: 10692.539: Total time for which application threads were stopped: 0.0001357 seconds, Stopping threads took: 0.0000594 seconds
2023-04-24T15:10:42.409+0530: 10692.539: Total time for which application threads were stopped: 0.0000795 seconds, Stopping threads took: 0.0000195 seconds
2023-04-24T15:10:42.410+0530: 10692.540: Total time for which application threads were stopped: 0.0001370 seconds, Stopping threads took: 0.0000499 seconds
2023-04-24T15:10:42.413+0530: 10692.543: Total time for which application threads were stopped: 0.0001268 seconds, Stopping threads took: 0.0000235 seconds
2023-04-24T15:10:42.413+0530: 10692.543: Total time for which application threads were stopped: 0.0000997 seconds, Stopping threads took: 0.0000149 seconds
2023-04-24T15:11:12.848+0530: 10722.978: Total time for which application threads were stopped: 0.0001405 seconds, Stopping threads took: 0.0000453 seconds
2023-04-24T15:11:12.848+0530: 10722.978: Total time for which application threads were stopped: 0.0000743 seconds, Stopping threads took: 0.0000127 seconds
2023-04-24T15:11:12.848+0530: 10722.978: Total time for which application threads were stopped: 0.0001060 seconds, Stopping threads took: 0.0000146 seconds
2023-04-24T15:11:12.849+0530: 10722.979: Total time for which application threads were stopped: 0.0001094 seconds, Stopping threads took: 0.0000169 seconds
2023-04-24T15:11:12.850+0530: 10722.980: Total time for which application threads were stopped: 0.0001075 seconds, Stopping threads took: 0.0000258 seconds
2023-04-24T15:11:12.850+0530: 10722.980: Total time for which application threads were stopped: 0.0001042 seconds, Stopping threads took: 0.0000191 seconds
2023-04-24T15:11:12.850+0530: 10722.980: Total time for which application threads were stopped: 0.0001165 seconds, Stopping threads took: 0.0000184 seconds
2023-04-24T15:11:12.850+0530: 10722.980: Total time for which application threads were stopped: 0.0001249 seconds, Stopping threads took: 0.0000516 seconds
2023-04-24T15:11:12.851+0530: 10722.981: Total time for which application threads were stopped: 0.0000932 seconds, Stopping threads took: 0.0000207 seconds
2023-04-24T15:11:12.851+0530: 10722.981: Total time for which application threads were stopped: 0.0001875 seconds, Stopping threads took: 0.0001265 seconds
2023-04-24T15:11:12.851+0530: 10722.981: Total time for which application threads were stopped: 0.0001388 seconds, Stopping threads took: 0.0000827 seconds
2023-04-24T15:11:12.851+0530: 10722.981: Total time for which application threads were stopped: 0.0000758 seconds, Stopping threads took: 0.0000354 seconds
2023-04-24T15:11:12.852+0530: 10722.981: Total time for which application threads were stopped: 0.0000658 seconds, Stopping threads took: 0.0000280 seconds
2023-04-24T15:11:12.852+0530: 10722.982: Total time for which application threads were stopped: 0.0000648 seconds, Stopping threads took: 0.0000271 seconds
2023-04-24T15:11:12.852+0530: 10722.982: Total time for which application threads were stopped: 0.0000652 seconds, Stopping threads took: 0.0000233 seconds
2023-04-24T15:11:12.852+0530: 10722.982: Total time for which application threads were stopped: 0.0000650 seconds, Stopping threads took: 0.0000251 seconds
2023-04-24T15:11:12.852+0530: 10722.982: Total time for which application threads were stopped: 0.0000634 seconds, Stopping threads took: 0.0000215 seconds
2023-04-24T15:11:12.853+0530: 10722.983: Total time for which application threads were stopped: 0.0001175 seconds, Stopping threads took: 0.0000225 seconds
2023-04-24T15:11:12.854+0530: 10722.984: Total time for which application threads were stopped: 0.0000420 seconds, Stopping threads took: 0.0000085 seconds
2023-04-24T15:11:12.854+0530: 10722.984: Total time for which application threads were stopped: 0.0000290 seconds, Stopping threads took: 0.0000050 seconds
2023-04-24T15:11:12.854+0530: 10722.984: Total time for which application threads were stopped: 0.0000379 seconds, Stopping threads took: 0.0000067 seconds
2023-04-24T15:11:12.856+0530: 10722.986: Total time for which application threads were stopped: 0.0000940 seconds, Stopping threads took: 0.0000464 seconds
2023-04-24T15:11:12.856+0530: 10722.986: Total time for which application threads were stopped: 0.0000470 seconds, Stopping threads took: 0.0000095 seconds
2023-04-24T15:15:36.643+0530: 10986.773: Total time for which application threads were stopped: 0.0001516 seconds, Stopping threads took: 0.0000493 seconds
2023-04-24T15:15:36.643+0530: 10986.773: Total time for which application threads were stopped: 0.0000864 seconds, Stopping threads took: 0.0000152 seconds
2023-04-24T15:15:36.644+0530: 10986.773: Total time for which application threads were stopped: 0.0000855 seconds, Stopping threads took: 0.0000142 seconds
2023-04-24T15:15:36.646+0530: 10986.776: Total time for which application threads were stopped: 0.0001615 seconds, Stopping threads took: 0.0000854 seconds
2023-04-24T15:15:36.646+0530: 10986.776: Total time for which application threads were stopped: 0.0000855 seconds, Stopping threads took: 0.0000340 seconds
2023-04-24T15:15:36.647+0530: 10986.777: Total time for which application threads were stopped: 0.0001537 seconds, Stopping threads took: 0.0000949 seconds
2023-04-24T15:15:36.647+0530: 10986.777: Total time for which application threads were stopped: 0.0001232 seconds, Stopping threads took: 0.0000709 seconds
2023-04-24T15:15:36.647+0530: 10986.777: Total time for which application threads were stopped: 0.0000769 seconds, Stopping threads took: 0.0000174 seconds
2023-04-24T15:15:36.650+0530: 10986.780: Total time for which application threads were stopped: 0.0001572 seconds, Stopping threads took: 0.0000917 seconds
2023-04-24T15:15:36.650+0530: 10986.780: Total time for which application threads were stopped: 0.0000741 seconds, Stopping threads took: 0.0000309 seconds
2023-04-24T15:17:31.650+0530: 11101.780: Total time for which application threads were stopped: 0.0002634 seconds, Stopping threads took: 0.0000756 seconds
2023-04-24T15:17:31.651+0530: 11101.780: Total time for which application threads were stopped: 0.0000830 seconds, Stopping threads took: 0.0000133 seconds
2023-04-24T15:17:31.651+0530: 11101.781: Total time for which application threads were stopped: 0.0000808 seconds, Stopping threads took: 0.0000160 seconds
2023-04-24T15:17:31.651+0530: 11101.781: Total time for which application threads were stopped: 0.0001035 seconds, Stopping threads took: 0.0000172 seconds
2023-04-24T15:17:31.655+0530: 11101.785: Total time for which application threads were stopped: 0.0001539 seconds, Stopping threads took: 0.0000370 seconds
2023-04-24T15:17:31.656+0530: 11101.786: Total time for which application threads were stopped: 0.0000992 seconds, Stopping threads took: 0.0000193 seconds
2023-04-24T15:17:31.657+0530: 11101.787: Total time for which application threads were stopped: 0.0001340 seconds, Stopping threads took: 0.0000320 seconds
2023-04-24T15:17:31.657+0530: 11101.787: Total time for which application threads were stopped: 0.0000966 seconds, Stopping threads took: 0.0000255 seconds
2023-04-24T15:17:31.658+0530: 11101.788: Total time for which application threads were stopped: 0.0001556 seconds, Stopping threads took: 0.0000626 seconds
2023-04-24T15:17:31.662+0530: 11101.792: Total time for which application threads were stopped: 0.0001624 seconds, Stopping threads took: 0.0000415 seconds
2023-04-24T15:17:31.662+0530: 11101.792: Total time for which application threads were stopped: 0.0001184 seconds, Stopping threads took: 0.0000278 seconds
2023-04-24T15:18:37.319+0530: 11167.449: Total time for which application threads were stopped: 0.0001726 seconds, Stopping threads took: 0.0000523 seconds
2023-04-24T15:18:37.319+0530: 11167.449: Total time for which application threads were stopped: 0.0001027 seconds, Stopping threads took: 0.0000196 seconds
2023-04-24T15:18:37.320+0530: 11167.450: Total time for which application threads were stopped: 0.0001164 seconds, Stopping threads took: 0.0000201 seconds
2023-04-24T15:18:37.322+0530: 11167.452: Total time for which application threads were stopped: 0.0003257 seconds, Stopping threads took: 0.0000526 seconds
2023-04-24T15:18:37.324+0530: 11167.453: Total time for which application threads were stopped: 0.0001384 seconds, Stopping threads took: 0.0000563 seconds
2023-04-24T15:18:37.324+0530: 11167.454: Total time for which application threads were stopped: 0.0000811 seconds, Stopping threads took: 0.0000152 seconds
2023-04-24T15:18:37.324+0530: 11167.454: Total time for which application threads were stopped: 0.0001008 seconds, Stopping threads took: 0.0000181 seconds
2023-04-24T15:18:37.326+0530: 11167.455: Total time for which application threads were stopped: 0.0000914 seconds, Stopping threads took: 0.0000152 seconds
2023-04-24T15:18:37.328+0530: 11167.457: Total time for which application threads were stopped: 0.0001290 seconds, Stopping threads took: 0.0000278 seconds
2023-04-24T15:18:37.328+0530: 11167.458: Total time for which application threads were stopped: 0.0000865 seconds, Stopping threads took: 0.0000183 seconds
2023-04-24T15:19:18.314+0530: 11208.444: Total time for which application threads were stopped: 0.0001863 seconds, Stopping threads took: 0.0000622 seconds
2023-04-24T15:19:18.314+0530: 11208.444: Total time for which application threads were stopped: 0.0000888 seconds, Stopping threads took: 0.0000173 seconds
2023-04-24T15:19:18.315+0530: 11208.445: Total time for which application threads were stopped: 0.0001131 seconds, Stopping threads took: 0.0000195 seconds
2023-04-24T15:19:18.317+0530: 11208.447: Total time for which application threads were stopped: 0.0002118 seconds, Stopping threads took: 0.0001251 seconds
2023-04-24T15:19:18.318+0530: 11208.447: Total time for which application threads were stopped: 0.0002131 seconds, Stopping threads took: 0.0001311 seconds
2023-04-24T15:19:18.318+0530: 11208.448: Total time for which application threads were stopped: 0.0001812 seconds, Stopping threads took: 0.0001117 seconds
2023-04-24T15:19:18.319+0530: 11208.448: Total time for which application threads were stopped: 0.0000850 seconds, Stopping threads took: 0.0000224 seconds
2023-04-24T15:19:18.319+0530: 11208.449: Total time for which application threads were stopped: 0.0000980 seconds, Stopping threads took: 0.0000222 seconds
2023-04-24T15:19:18.320+0530: 11208.450: Total time for which application threads were stopped: 0.0000973 seconds, Stopping threads took: 0.0000173 seconds
2023-04-24T15:19:18.322+0530: 11208.452: Total time for which application threads were stopped: 0.0001348 seconds, Stopping threads took: 0.0000263 seconds
2023-04-24T15:19:18.323+0530: 11208.452: Total time for which application threads were stopped: 0.0002131 seconds, Stopping threads took: 0.0001210 seconds
2023-04-24T15:20:22.459+0530: 11272.589: Total time for which application threads were stopped: 0.0001837 seconds, Stopping threads took: 0.0000589 seconds
2023-04-24T15:20:22.460+0530: 11272.590: Total time for which application threads were stopped: 0.0001241 seconds, Stopping threads took: 0.0000220 seconds
2023-04-24T15:20:22.460+0530: 11272.590: Total time for which application threads were stopped: 0.0001162 seconds, Stopping threads took: 0.0000223 seconds
2023-04-24T15:20:22.461+0530: 11272.590: Total time for which application threads were stopped: 0.0001099 seconds, Stopping threads took: 0.0000191 seconds
2023-04-24T15:20:22.462+0530: 11272.592: Total time for which application threads were stopped: 0.0000917 seconds, Stopping threads took: 0.0000142 seconds
2023-04-24T15:20:22.463+0530: 11272.593: Total time for which application threads were stopped: 0.0000839 seconds, Stopping threads took: 0.0000164 seconds
2023-04-24T15:20:22.463+0530: 11272.593: Total time for which application threads were stopped: 0.0000821 seconds, Stopping threads took: 0.0000140 seconds
2023-04-24T15:20:22.464+0530: 11272.594: Total time for which application threads were stopped: 0.0000759 seconds, Stopping threads took: 0.0000152 seconds
2023-04-24T15:20:22.464+0530: 11272.594: Total time for which application threads were stopped: 0.0000850 seconds, Stopping threads took: 0.0000141 seconds
2023-04-24T15:20:22.465+0530: 11272.595: Total time for which application threads were stopped: 0.0001845 seconds, Stopping threads took: 0.0000144 seconds
2023-04-24T15:20:22.468+0530: 11272.598: Total time for which application threads were stopped: 0.0001848 seconds, Stopping threads took: 0.0000928 seconds
2023-04-24T15:20:22.468+0530: 11272.598: Total time for which application threads were stopped: 0.0001072 seconds, Stopping threads took: 0.0000444 seconds
2023-04-24T15:20:23.468+0530: 11273.598: Total time for which application threads were stopped: 0.0000854 seconds, Stopping threads took: 0.0000194 seconds
2023-04-24T15:20:56.768+0530: 11306.898: Total time for which application threads were stopped: 0.0001485 seconds, Stopping threads took: 0.0000537 seconds
2023-04-24T15:20:56.768+0530: 11306.898: Total time for which application threads were stopped: 0.0001701 seconds, Stopping threads took: 0.0000913 seconds
2023-04-24T15:20:56.769+0530: 11306.899: Total time for which application threads were stopped: 0.0000896 seconds, Stopping threads took: 0.0000197 seconds
2023-04-24T15:20:56.771+0530: 11306.901: Total time for which application threads were stopped: 0.0002662 seconds, Stopping threads took: 0.0001112 seconds
2023-04-24T15:20:56.772+0530: 11306.902: Total time for which application threads were stopped: 0.0000834 seconds, Stopping threads took: 0.0000162 seconds
2023-04-24T15:20:56.772+0530: 11306.902: Total time for which application threads were stopped: 0.0000612 seconds, Stopping threads took: 0.0000125 seconds
2023-04-24T15:20:56.772+0530: 11306.902: Total time for which application threads were stopped: 0.0000737 seconds, Stopping threads took: 0.0000138 seconds
2023-04-24T15:20:56.773+0530: 11306.903: Total time for which application threads were stopped: 0.0001489 seconds, Stopping threads took: 0.0000097 seconds
2023-04-24T15:20:56.775+0530: 11306.905: Total time for which application threads were stopped: 0.0000605 seconds, Stopping threads took: 0.0000102 seconds
2023-04-24T15:20:56.775+0530: 11306.905: Total time for which application threads were stopped: 0.0000577 seconds, Stopping threads took: 0.0000096 seconds
2023-04-24T15:22:15.971+0530: 11386.101: Total time for which application threads were stopped: 0.0001731 seconds, Stopping threads took: 0.0000546 seconds
2023-04-24T15:22:15.971+0530: 11386.101: Total time for which application threads were stopped: 0.0001265 seconds, Stopping threads took: 0.0000271 seconds
2023-04-24T15:22:15.972+0530: 11386.102: Total time for which application threads were stopped: 0.0001119 seconds, Stopping threads took: 0.0000189 seconds
2023-04-24T15:22:15.974+0530: 11386.104: Total time for which application threads were stopped: 0.0001648 seconds, Stopping threads took: 0.0000304 seconds
2023-04-24T15:22:15.975+0530: 11386.105: Total time for which application threads were stopped: 0.0002129 seconds, Stopping threads took: 0.0000212 seconds
2023-04-24T15:22:15.976+0530: 11386.106: Total time for which application threads were stopped: 0.0001059 seconds, Stopping threads took: 0.0000203 seconds
2023-04-24T15:22:15.976+0530: 11386.106: Total time for which application threads were stopped: 0.0001071 seconds, Stopping threads took: 0.0000213 seconds
2023-04-24T15:22:15.977+0530: 11386.107: Total time for which application threads were stopped: 0.0000979 seconds, Stopping threads took: 0.0000168 seconds
2023-04-24T15:22:15.981+0530: 11386.111: Total time for which application threads were stopped: 0.0001657 seconds, Stopping threads took: 0.0000321 seconds
2023-04-24T15:22:15.981+0530: 11386.111: Total time for which application threads were stopped: 0.0001277 seconds, Stopping threads took: 0.0000219 seconds
2023-04-24T15:24:11.823+0530: 11501.953: Total time for which application threads were stopped: 0.0001466 seconds, Stopping threads took: 0.0000420 seconds
2023-04-24T15:24:11.823+0530: 11501.953: Total time for which application threads were stopped: 0.0000840 seconds, Stopping threads took: 0.0000162 seconds
2023-04-24T15:24:11.824+0530: 11501.953: Total time for which application threads were stopped: 0.0000736 seconds, Stopping threads took: 0.0000136 seconds
2023-04-24T15:24:11.824+0530: 11501.954: Total time for which application threads were stopped: 0.0000985 seconds, Stopping threads took: 0.0000192 seconds
2023-04-24T15:24:11.826+0530: 11501.956: Total time for which application threads were stopped: 0.0001499 seconds, Stopping threads took: 0.0000475 seconds
2023-04-24T15:24:11.827+0530: 11501.956: Total time for which application threads were stopped: 0.0000765 seconds, Stopping threads took: 0.0000140 seconds
2023-04-24T15:24:11.827+0530: 11501.957: Total time for which application threads were stopped: 0.0000616 seconds, Stopping threads took: 0.0000134 seconds
2023-04-24T15:24:11.828+0530: 11501.957: Total time for which application threads were stopped: 0.0000555 seconds, Stopping threads took: 0.0000168 seconds
2023-04-24T15:24:11.828+0530: 11501.958: Total time for which application threads were stopped: 0.0000618 seconds, Stopping threads took: 0.0000101 seconds
2023-04-24T15:24:11.831+0530: 11501.961: Total time for which application threads were stopped: 0.0001954 seconds, Stopping threads took: 0.0001136 seconds
2023-04-24T15:24:11.831+0530: 11501.961: Total time for which application threads were stopped: 0.0001734 seconds, Stopping threads took: 0.0001011 seconds
2023-04-24T15:28:01.258+0530: 11731.388: Total time for which application threads were stopped: 0.0001353 seconds, Stopping threads took: 0.0000413 seconds
2023-04-24T15:28:01.258+0530: 11731.388: Total time for which application threads were stopped: 0.0000665 seconds, Stopping threads took: 0.0000140 seconds
2023-04-24T15:28:01.258+0530: 11731.388: Total time for which application threads were stopped: 0.0000810 seconds, Stopping threads took: 0.0000143 seconds
2023-04-24T15:28:01.261+0530: 11731.391: Total time for which application threads were stopped: 0.0002394 seconds, Stopping threads took: 0.0000178 seconds
2023-04-24T15:28:01.262+0530: 11731.392: Total time for which application threads were stopped: 0.0000704 seconds, Stopping threads took: 0.0000132 seconds
2023-04-24T15:28:01.262+0530: 11731.392: Total time for which application threads were stopped: 0.0000514 seconds, Stopping threads took: 0.0000096 seconds
2023-04-24T15:28:01.262+0530: 11731.392: Total time for which application threads were stopped: 0.0000758 seconds, Stopping threads took: 0.0000103 seconds
2023-04-24T15:28:01.263+0530: 11731.393: Total time for which application threads were stopped: 0.0000876 seconds, Stopping threads took: 0.0000143 seconds
2023-04-24T15:28:01.265+0530: 11731.395: Total time for which application threads were stopped: 0.0001206 seconds, Stopping threads took: 0.0000236 seconds
2023-04-24T15:28:01.265+0530: 11731.395: Total time for which application threads were stopped: 0.0000665 seconds, Stopping threads took: 0.0000097 seconds
2023-04-24T15:30:09.401+0530: 11859.531: Total time for which application threads were stopped: 0.0001384 seconds, Stopping threads took: 0.0000453 seconds
2023-04-24T15:30:09.401+0530: 11859.531: Total time for which application threads were stopped: 0.0000759 seconds, Stopping threads took: 0.0000140 seconds
2023-04-24T15:30:09.402+0530: 11859.532: Total time for which application threads were stopped: 0.0000867 seconds, Stopping threads took: 0.0000156 seconds
2023-04-24T15:30:09.404+0530: 11859.534: Total time for which application threads were stopped: 0.0001073 seconds, Stopping threads took: 0.0000182 seconds
2023-04-24T15:30:09.404+0530: 11859.534: Total time for which application threads were stopped: 0.0001259 seconds, Stopping threads took: 0.0000207 seconds
2023-04-24T15:30:09.405+0530: 11859.535: Total time for which application threads were stopped: 0.0000611 seconds, Stopping threads took: 0.0000116 seconds
2023-04-24T15:30:09.405+0530: 11859.535: Total time for which application threads were stopped: 0.0000602 seconds, Stopping threads took: 0.0000124 seconds
2023-04-24T15:30:09.406+0530: 11859.536: Total time for which application threads were stopped: 0.0000666 seconds, Stopping threads took: 0.0000131 seconds
2023-04-24T15:30:09.408+0530: 11859.538: Total time for which application threads were stopped: 0.0000960 seconds, Stopping threads took: 0.0000183 seconds
2023-04-24T15:30:09.408+0530: 11859.538: Total time for which application threads were stopped: 0.0000998 seconds, Stopping threads took: 0.0000145 seconds
2023-04-24T15:30:29.798+0530: 11879.928: Total time for which application threads were stopped: 0.0002224 seconds, Stopping threads took: 0.0000731 seconds
2023-04-24T15:30:29.798+0530: 11879.928: Total time for which application threads were stopped: 0.0000906 seconds, Stopping threads took: 0.0000189 seconds
2023-04-24T15:30:29.798+0530: 11879.928: Total time for which application threads were stopped: 0.0001083 seconds, Stopping threads took: 0.0000153 seconds
2023-04-24T15:30:29.799+0530: 11879.929: Total time for which application threads were stopped: 0.0001620 seconds, Stopping threads took: 0.0000648 seconds
2023-04-24T15:30:29.801+0530: 11879.931: Total time for which application threads were stopped: 0.0002070 seconds, Stopping threads took: 0.0000974 seconds
2023-04-24T15:30:29.802+0530: 11879.931: Total time for which application threads were stopped: 0.0001071 seconds, Stopping threads took: 0.0000205 seconds
2023-04-24T15:30:29.803+0530: 11879.932: Total time for which application threads were stopped: 0.0000808 seconds, Stopping threads took: 0.0000158 seconds
2023-04-24T15:30:29.803+0530: 11879.933: Total time for which application threads were stopped: 0.0000803 seconds, Stopping threads took: 0.0000149 seconds
2023-04-24T15:30:29.803+0530: 11879.933: Total time for which application threads were stopped: 0.0000770 seconds, Stopping threads took: 0.0000131 seconds
2023-04-24T15:30:29.806+0530: 11879.936: Total time for which application threads were stopped: 0.0001292 seconds, Stopping threads took: 0.0000256 seconds
2023-04-24T15:30:29.806+0530: 11879.936: Total time for which application threads were stopped: 0.0001057 seconds, Stopping threads took: 0.0000192 seconds
2023-04-24T15:30:41.103+0530: 11891.233: Total time for which application threads were stopped: 0.0001623 seconds, Stopping threads took: 0.0000339 seconds
2023-04-24T15:30:41.104+0530: 11891.233: Total time for which application threads were stopped: 0.0001262 seconds, Stopping threads took: 0.0000225 seconds
2023-04-24T15:30:41.104+0530: 11891.234: Total time for which application threads were stopped: 0.0001082 seconds, Stopping threads took: 0.0000180 seconds
2023-04-24T15:30:41.107+0530: 11891.237: Total time for which application threads were stopped: 0.0003099 seconds, Stopping threads took: 0.0000980 seconds
2023-04-24T15:30:41.108+0530: 11891.238: Total time for which application threads were stopped: 0.0002237 seconds, Stopping threads took: 0.0001308 seconds
2023-04-24T15:30:41.109+0530: 11891.238: Total time for which application threads were stopped: 0.0001746 seconds, Stopping threads took: 0.0001025 seconds
2023-04-24T15:30:41.109+0530: 11891.239: Total time for which application threads were stopped: 0.0001482 seconds, Stopping threads took: 0.0000819 seconds
2023-04-24T15:30:41.112+0530: 11891.241: Total time for which application threads were stopped: 0.0001119 seconds, Stopping threads took: 0.0000170 seconds
2023-04-24T15:30:41.112+0530: 11891.242: Total time for which application threads were stopped: 0.0000922 seconds, Stopping threads took: 0.0000272 seconds
2023-04-24T15:30:57.976+0530: 11908.106: Total time for which application threads were stopped: 0.0001396 seconds, Stopping threads took: 0.0000466 seconds
2023-04-24T15:30:57.976+0530: 11908.106: Total time for which application threads were stopped: 0.0000677 seconds, Stopping threads took: 0.0000122 seconds
2023-04-24T15:30:57.977+0530: 11908.107: Total time for which application threads were stopped: 0.0000761 seconds, Stopping threads took: 0.0000129 seconds
2023-04-24T15:30:57.979+0530: 11908.109: Total time for which application threads were stopped: 0.0000905 seconds, Stopping threads took: 0.0000166 seconds
2023-04-24T15:30:57.979+0530: 11908.109: Total time for which application threads were stopped: 0.0000762 seconds, Stopping threads took: 0.0000119 seconds
2023-04-24T15:30:57.980+0530: 11908.110: Total time for which application threads were stopped: 0.0000457 seconds, Stopping threads took: 0.0000091 seconds
2023-04-24T15:30:57.980+0530: 11908.110: Total time for which application threads were stopped: 0.0000392 seconds, Stopping threads took: 0.0000067 seconds
2023-04-24T15:30:57.980+0530: 11908.110: Total time for which application threads were stopped: 0.0000778 seconds, Stopping threads took: 0.0000157 seconds
2023-04-24T15:30:57.982+0530: 11908.112: Total time for which application threads were stopped: 0.0000895 seconds, Stopping threads took: 0.0000204 seconds
2023-04-24T15:30:57.983+0530: 11908.112: Total time for which application threads were stopped: 0.0000915 seconds, Stopping threads took: 0.0000345 seconds
2023-04-24T15:50:28.407+0530: 13078.537: Total time for which application threads were stopped: 0.0001447 seconds, Stopping threads took: 0.0000466 seconds
2023-04-24T15:50:28.407+0530: 13078.537: Total time for which application threads were stopped: 0.0000781 seconds, Stopping threads took: 0.0000158 seconds
2023-04-24T15:50:28.407+0530: 13078.537: Total time for which application threads were stopped: 0.0000775 seconds, Stopping threads took: 0.0000155 seconds
2023-04-24T15:50:28.408+0530: 13078.537: Total time for which application threads were stopped: 0.0000819 seconds, Stopping threads took: 0.0000141 seconds
2023-04-24T15:50:28.410+0530: 13078.539: Total time for which application threads were stopped: 0.0000863 seconds, Stopping threads took: 0.0000154 seconds
2023-04-24T15:50:28.410+0530: 13078.540: Total time for which application threads were stopped: 0.0000689 seconds, Stopping threads took: 0.0000110 seconds
2023-04-24T15:50:28.411+0530: 13078.541: Total time for which application threads were stopped: 0.0000583 seconds, Stopping threads took: 0.0000116 seconds
2023-04-24T15:50:28.411+0530: 13078.541: Total time for which application threads were stopped: 0.0000583 seconds, Stopping threads took: 0.0000109 seconds
2023-04-24T15:50:28.411+0530: 13078.541: Total time for which application threads were stopped: 0.0000840 seconds, Stopping threads took: 0.0000236 seconds
2023-04-24T15:50:28.414+0530: 13078.544: Total time for which application threads were stopped: 0.0001785 seconds, Stopping threads took: 0.0000857 seconds
2023-04-24T15:50:28.414+0530: 13078.544: Total time for which application threads were stopped: 0.0001222 seconds, Stopping threads took: 0.0000345 seconds
2023-04-24T15:50:58.051+0530: 13108.181: Total time for which application threads were stopped: 0.0002535 seconds, Stopping threads took: 0.0000809 seconds
2023-04-24T15:50:58.052+0530: 13108.182: Total time for which application threads were stopped: 0.0001950 seconds, Stopping threads took: 0.0000315 seconds
2023-04-24T15:50:58.053+0530: 13108.183: Total time for which application threads were stopped: 0.0001880 seconds, Stopping threads took: 0.0000320 seconds
2023-04-24T15:50:58.056+0530: 13108.186: Total time for which application threads were stopped: 0.0001494 seconds, Stopping threads took: 0.0000290 seconds
2023-04-24T15:50:58.057+0530: 13108.187: Total time for which application threads were stopped: 0.0001268 seconds, Stopping threads took: 0.0000218 seconds
2023-04-24T15:50:58.058+0530: 13108.188: Total time for which application threads were stopped: 0.0000982 seconds, Stopping threads took: 0.0000192 seconds
2023-04-24T15:50:58.058+0530: 13108.188: Total time for which application threads were stopped: 0.0000982 seconds, Stopping threads took: 0.0000185 seconds
2023-04-24T15:50:58.059+0530: 13108.189: Total time for which application threads were stopped: 0.0002310 seconds, Stopping threads took: 0.0000187 seconds
2023-04-24T15:50:58.063+0530: 13108.192: Total time for which application threads were stopped: 0.0002605 seconds, Stopping threads took: 0.0001286 seconds
2023-04-24T15:50:58.063+0530: 13108.193: Total time for which application threads were stopped: 0.0001866 seconds, Stopping threads took: 0.0000673 seconds
2023-04-24T15:52:04.544+0530: 13174.674: Total time for which application threads were stopped: 0.0001849 seconds, Stopping threads took: 0.0000583 seconds
2023-04-24T15:52:04.544+0530: 13174.674: Total time for which application threads were stopped: 0.0001117 seconds, Stopping threads took: 0.0000202 seconds
2023-04-24T15:52:04.545+0530: 13174.675: Total time for which application threads were stopped: 0.0001212 seconds, Stopping threads took: 0.0000226 seconds
2023-04-24T15:52:04.548+0530: 13174.678: Total time for which application threads were stopped: 0.0003454 seconds, Stopping threads took: 0.0000318 seconds
2023-04-24T15:52:04.549+0530: 13174.679: Total time for which application threads were stopped: 0.0001063 seconds, Stopping threads took: 0.0000274 seconds
2023-04-24T15:52:04.549+0530: 13174.679: Total time for which application threads were stopped: 0.0001332 seconds, Stopping threads took: 0.0000507 seconds
2023-04-24T15:52:04.550+0530: 13174.679: Total time for which application threads were stopped: 0.0001004 seconds, Stopping threads took: 0.0000257 seconds
2023-04-24T15:52:04.553+0530: 13174.683: Total time for which application threads were stopped: 0.0001577 seconds, Stopping threads took: 0.0000295 seconds
2023-04-24T15:52:04.553+0530: 13174.683: Total time for which application threads were stopped: 0.0001148 seconds, Stopping threads took: 0.0000178 seconds
2023-04-24T15:58:59.817+0530: 13347.572: Total time for which application threads were stopped: 0.0001132 seconds, Stopping threads took: 0.0000312 seconds
2023-04-24T15:58:59.817+0530: 13347.572: Total time for which application threads were stopped: 0.0000424 seconds, Stopping threads took: 0.0000077 seconds
2023-04-24T15:58:59.817+0530: 13347.573: Total time for which application threads were stopped: 0.0000617 seconds, Stopping threads took: 0.0000115 seconds
2023-04-24T15:58:59.819+0530: 13347.574: Total time for which application threads were stopped: 0.0000851 seconds, Stopping threads took: 0.0000133 seconds
2023-04-24T15:58:59.819+0530: 13347.575: Total time for which application threads were stopped: 0.0000716 seconds, Stopping threads took: 0.0000097 seconds
2023-04-24T15:58:59.820+0530: 13347.575: Total time for which application threads were stopped: 0.0000514 seconds, Stopping threads took: 0.0000098 seconds
2023-04-24T15:58:59.820+0530: 13347.575: Total time for which application threads were stopped: 0.0000505 seconds, Stopping threads took: 0.0000092 seconds
2023-04-24T15:58:59.820+0530: 13347.576: Total time for which application threads were stopped: 0.0000554 seconds, Stopping threads took: 0.0000096 seconds
2023-04-24T15:58:59.822+0530: 13347.578: Total time for which application threads were stopped: 0.0001153 seconds, Stopping threads took: 0.0000145 seconds
2023-04-24T15:58:59.822+0530: 13347.578: Total time for which application threads were stopped: 0.0000643 seconds, Stopping threads took: 0.0000115 seconds
2023-04-24T15:59:59.017+0530: 13406.772: Total time for which application threads were stopped: 0.0002158 seconds, Stopping threads took: 0.0000640 seconds
2023-04-24T15:59:59.017+0530: 13406.772: Total time for which application threads were stopped: 0.0001016 seconds, Stopping threads took: 0.0000208 seconds
2023-04-24T15:59:59.017+0530: 13406.773: Total time for which application threads were stopped: 0.0000986 seconds, Stopping threads took: 0.0000182 seconds
2023-04-24T15:59:59.018+0530: 13406.773: Total time for which application threads were stopped: 0.0001018 seconds, Stopping threads took: 0.0000141 seconds
2023-04-24T15:59:59.020+0530: 13406.776: Total time for which application threads were stopped: 0.0002372 seconds, Stopping threads took: 0.0000729 seconds
2023-04-24T15:59:59.021+0530: 13406.776: Total time for which application threads were stopped: 0.0001753 seconds, Stopping threads took: 0.0000335 seconds
2023-04-24T15:59:59.022+0530: 13406.778: Total time for which application threads were stopped: 0.0002370 seconds, Stopping threads took: 0.0001582 seconds
2023-04-24T15:59:59.022+0530: 13406.778: Total time for which application threads were stopped: 0.0001210 seconds, Stopping threads took: 0.0000535 seconds
2023-04-24T15:59:59.023+0530: 13406.778: Total time for which application threads were stopped: 0.0001266 seconds, Stopping threads took: 0.0000546 seconds
2023-04-24T15:59:59.026+0530: 13406.781: Total time for which application threads were stopped: 0.0001664 seconds, Stopping threads took: 0.0000353 seconds
2023-04-24T15:59:59.026+0530: 13406.782: Total time for which application threads were stopped: 0.0000932 seconds, Stopping threads took: 0.0000200 seconds
2023-04-24T16:02:01.398+0530: 13529.153: Total time for which application threads were stopped: 0.0001371 seconds, Stopping threads took: 0.0000430 seconds
2023-04-24T16:02:01.398+0530: 13529.154: Total time for which application threads were stopped: 0.0000805 seconds, Stopping threads took: 0.0000154 seconds
2023-04-24T16:02:01.399+0530: 13529.154: Total time for which application threads were stopped: 0.0000841 seconds, Stopping threads took: 0.0000140 seconds
2023-04-24T16:02:01.401+0530: 13529.157: Total time for which application threads were stopped: 0.0002481 seconds, Stopping threads took: 0.0000294 seconds
2023-04-24T16:02:01.402+0530: 13529.158: Total time for which application threads were stopped: 0.0001891 seconds, Stopping threads took: 0.0001214 seconds
2023-04-24T16:02:01.403+0530: 13529.158: Total time for which application threads were stopped: 0.0001742 seconds, Stopping threads took: 0.0001157 seconds
2023-04-24T16:02:01.403+0530: 13529.159: Total time for which application threads were stopped: 0.0001116 seconds, Stopping threads took: 0.0000348 seconds
2023-04-24T16:02:01.406+0530: 13529.162: Total time for which application threads were stopped: 0.0001375 seconds, Stopping threads took: 0.0000299 seconds
2023-04-24T16:02:01.407+0530: 13529.162: Total time for which application threads were stopped: 0.0001829 seconds, Stopping threads took: 0.0001064 seconds
2023-04-24T16:02:09.699+0530: 13537.454: Total time for which application threads were stopped: 0.0002004 seconds, Stopping threads took: 0.0000526 seconds
2023-04-24T16:02:09.699+0530: 13537.455: Total time for which application threads were stopped: 0.0001038 seconds, Stopping threads took: 0.0000201 seconds
2023-04-24T16:02:09.700+0530: 13537.455: Total time for which application threads were stopped: 0.0001167 seconds, Stopping threads took: 0.0000211 seconds
2023-04-24T16:02:09.701+0530: 13537.457: Total time for which application threads were stopped: 0.0001687 seconds, Stopping threads took: 0.0000350 seconds
2023-04-24T16:02:09.703+0530: 13537.459: Total time for which application threads were stopped: 0.0002411 seconds, Stopping threads took: 0.0000853 seconds
2023-04-24T16:02:09.704+0530: 13537.459: Total time for which application threads were stopped: 0.0001944 seconds, Stopping threads took: 0.0000695 seconds
2023-04-24T16:02:09.705+0530: 13537.460: Total time for which application threads were stopped: 0.0001357 seconds, Stopping threads took: 0.0000541 seconds
2023-04-24T16:02:09.705+0530: 13537.460: Total time for which application threads were stopped: 0.0000946 seconds, Stopping threads took: 0.0000212 seconds
2023-04-24T16:02:09.705+0530: 13537.461: Total time for which application threads were stopped: 0.0000852 seconds, Stopping threads took: 0.0000179 seconds
2023-04-24T16:02:09.708+0530: 13537.464: Total time for which application threads were stopped: 0.0001886 seconds, Stopping threads took: 0.0000630 seconds
2023-04-24T16:02:09.709+0530: 13537.464: Total time for which application threads were stopped: 0.0001299 seconds, Stopping threads took: 0.0000225 seconds
2023-04-24T16:03:15.309+0530: 13603.064: Total time for which application threads were stopped: 0.0001910 seconds, Stopping threads took: 0.0000613 seconds
2023-04-24T16:03:15.309+0530: 13603.064: Total time for which application threads were stopped: 0.0000780 seconds, Stopping threads took: 0.0000137 seconds
2023-04-24T16:03:15.309+0530: 13603.065: Total time for which application threads were stopped: 0.0000753 seconds, Stopping threads took: 0.0000124 seconds
2023-04-24T16:03:15.310+0530: 13603.065: Total time for which application threads were stopped: 0.0000797 seconds, Stopping threads took: 0.0000120 seconds
2023-04-24T16:03:15.312+0530: 13603.068: Total time for which application threads were stopped: 0.0001615 seconds, Stopping threads took: 0.0000273 seconds
2023-04-24T16:03:15.313+0530: 13603.068: Total time for which application threads were stopped: 0.0000956 seconds, Stopping threads took: 0.0000142 seconds
2023-04-24T16:03:15.314+0530: 13603.070: Total time for which application threads were stopped: 0.0001230 seconds, Stopping threads took: 0.0000225 seconds
2023-04-24T16:03:15.314+0530: 13603.070: Total time for which application threads were stopped: 0.0000955 seconds, Stopping threads took: 0.0000192 seconds
2023-04-24T16:03:15.315+0530: 13603.071: Total time for which application threads were stopped: 0.0001242 seconds, Stopping threads took: 0.0000245 seconds
2023-04-24T16:03:15.319+0530: 13603.075: Total time for which application threads were stopped: 0.0002202 seconds, Stopping threads took: 0.0000460 seconds
2023-04-24T16:03:15.320+0530: 13603.075: Total time for which application threads were stopped: 0.0002250 seconds, Stopping threads took: 0.0000706 seconds
2023-04-24T16:06:01.656+0530: 13769.411: Total time for which application threads were stopped: 0.0001345 seconds, Stopping threads took: 0.0000418 seconds
2023-04-24T16:06:01.656+0530: 13769.412: Total time for which application threads were stopped: 0.0000679 seconds, Stopping threads took: 0.0000145 seconds
2023-04-24T16:06:01.657+0530: 13769.412: Total time for which application threads were stopped: 0.0001459 seconds, Stopping threads took: 0.0000201 seconds
2023-04-24T16:06:01.659+0530: 13769.415: Total time for which application threads were stopped: 0.0001776 seconds, Stopping threads took: 0.0001050 seconds
2023-04-24T16:06:01.660+0530: 13769.415: Total time for which application threads were stopped: 0.0000915 seconds, Stopping threads took: 0.0000311 seconds
2023-04-24T16:06:01.660+0530: 13769.416: Total time for which application threads were stopped: 0.0001194 seconds, Stopping threads took: 0.0000615 seconds
2023-04-24T16:06:01.660+0530: 13769.416: Total time for which application threads were stopped: 0.0000523 seconds, Stopping threads took: 0.0000116 seconds
2023-04-24T16:06:01.661+0530: 13769.416: Total time for which application threads were stopped: 0.0000795 seconds, Stopping threads took: 0.0000186 seconds
2023-04-24T16:06:01.663+0530: 13769.419: Total time for which application threads were stopped: 0.0001350 seconds, Stopping threads took: 0.0000542 seconds
2023-04-24T16:06:01.663+0530: 13769.419: Total time for which application threads were stopped: 0.0001084 seconds, Stopping threads took: 0.0000348 seconds
2023-04-24T16:10:58.620+0530: 14066.376: Total time for which application threads were stopped: 0.0002012 seconds, Stopping threads took: 0.0000562 seconds
2023-04-24T16:10:58.620+0530: 14066.376: Total time for which application threads were stopped: 0.0000936 seconds, Stopping threads took: 0.0000330 seconds
2023-04-24T16:10:58.621+0530: 14066.376: Total time for which application threads were stopped: 0.0000861 seconds, Stopping threads took: 0.0000149 seconds
2023-04-24T16:10:58.623+0530: 14066.379: Total time for which application threads were stopped: 0.0002281 seconds, Stopping threads took: 0.0000272 seconds
2023-04-24T16:10:58.625+0530: 14066.380: Total time for which application threads were stopped: 0.0001120 seconds, Stopping threads took: 0.0000249 seconds
2023-04-24T16:10:58.625+0530: 14066.380: Total time for which application threads were stopped: 0.0001092 seconds, Stopping threads took: 0.0000457 seconds
2023-04-24T16:10:58.625+0530: 14066.381: Total time for which application threads were stopped: 0.0001120 seconds, Stopping threads took: 0.0000269 seconds
2023-04-24T16:10:58.628+0530: 14066.383: Total time for which application threads were stopped: 0.0001465 seconds, Stopping threads took: 0.0000302 seconds
2023-04-24T16:10:58.628+0530: 14066.384: Total time for which application threads were stopped: 0.0001193 seconds, Stopping threads took: 0.0000340 seconds
2023-04-24T16:12:58.464+0530: 14186.220: Total time for which application threads were stopped: 0.0001916 seconds, Stopping threads took: 0.0000484 seconds
2023-04-24T16:12:58.465+0530: 14186.220: Total time for which application threads were stopped: 0.0000961 seconds, Stopping threads took: 0.0000196 seconds
2023-04-24T16:12:58.465+0530: 14186.221: Total time for which application threads were stopped: 0.0001181 seconds, Stopping threads took: 0.0000183 seconds
2023-04-24T16:12:58.467+0530: 14186.223: Total time for which application threads were stopped: 0.0002024 seconds, Stopping threads took: 0.0001024 seconds
2023-04-24T16:12:58.468+0530: 14186.223: Total time for which application threads were stopped: 0.0000843 seconds, Stopping threads took: 0.0000180 seconds
2023-04-24T16:12:58.468+0530: 14186.224: Total time for which application threads were stopped: 0.0000736 seconds, Stopping threads took: 0.0000296 seconds
2023-04-24T16:12:58.469+0530: 14186.224: Total time for which application threads were stopped: 0.0000752 seconds, Stopping threads took: 0.0000341 seconds
2023-04-24T16:12:58.469+0530: 14186.224: Total time for which application threads were stopped: 0.0000945 seconds, Stopping threads took: 0.0000374 seconds
2023-04-24T16:12:58.471+0530: 14186.226: Total time for which application threads were stopped: 0.0000948 seconds, Stopping threads took: 0.0000194 seconds
2023-04-24T16:12:58.471+0530: 14186.227: Total time for which application threads were stopped: 0.0001096 seconds, Stopping threads took: 0.0000447 seconds
2023-04-24T16:13:20.474+0530: 14208.230: Total time for which application threads were stopped: 0.0000872 seconds, Stopping threads took: 0.0000203 seconds
2023-04-24T16:22:12.150+0530: 14739.905: Total time for which application threads were stopped: 0.0001658 seconds, Stopping threads took: 0.0000718 seconds
2023-04-24T16:22:12.150+0530: 14739.906: Total time for which application threads were stopped: 0.0000816 seconds, Stopping threads took: 0.0000258 seconds
2023-04-24T16:22:12.150+0530: 14739.906: Total time for which application threads were stopped: 0.0000788 seconds, Stopping threads took: 0.0000226 seconds
2023-04-24T16:22:12.151+0530: 14739.906: Total time for which application threads were stopped: 0.0000937 seconds, Stopping threads took: 0.0000227 seconds
2023-04-24T16:22:12.154+0530: 14739.909: Total time for which application threads were stopped: 0.0001333 seconds, Stopping threads took: 0.0000637 seconds
2023-04-24T16:22:12.154+0530: 14739.910: Total time for which application threads were stopped: 0.0001757 seconds, Stopping threads took: 0.0001050 seconds
2023-04-24T16:22:12.155+0530: 14739.911: Total time for which application threads were stopped: 0.0001165 seconds, Stopping threads took: 0.0000490 seconds
2023-04-24T16:22:12.155+0530: 14739.911: Total time for which application threads were stopped: 0.0001272 seconds, Stopping threads took: 0.0000625 seconds
2023-04-24T16:22:12.156+0530: 14739.912: Total time for which application threads were stopped: 0.0001594 seconds, Stopping threads took: 0.0000219 seconds
2023-04-24T16:22:12.158+0530: 14739.914: Total time for which application threads were stopped: 0.0001150 seconds, Stopping threads took: 0.0000397 seconds
2023-04-24T16:22:12.159+0530: 14739.914: Total time for which application threads were stopped: 0.0001039 seconds, Stopping threads took: 0.0000339 seconds
2023-04-24T16:22:32.118+0530: 14759.874: Total time for which application threads were stopped: 0.0002337 seconds, Stopping threads took: 0.0000406 seconds
2023-04-24T16:22:32.119+0530: 14759.874: Total time for which application threads were stopped: 0.0001640 seconds, Stopping threads took: 0.0000310 seconds
2023-04-24T16:22:32.120+0530: 14759.875: Total time for which application threads were stopped: 0.0001847 seconds, Stopping threads took: 0.0000307 seconds
2023-04-24T16:22:32.122+0530: 14759.877: Total time for which application threads were stopped: 0.0001917 seconds, Stopping threads took: 0.0000297 seconds
2023-04-24T16:22:32.125+0530: 14759.880: Total time for which application threads were stopped: 0.0004460 seconds, Stopping threads took: 0.0000347 seconds
2023-04-24T16:22:32.126+0530: 14759.881: Total time for which application threads were stopped: 0.0001139 seconds, Stopping threads took: 0.0000214 seconds
2023-04-24T16:22:32.126+0530: 14759.882: Total time for which application threads were stopped: 0.0001029 seconds, Stopping threads took: 0.0000196 seconds
2023-04-24T16:22:32.127+0530: 14759.883: Total time for which application threads were stopped: 0.0002219 seconds, Stopping threads took: 0.0000749 seconds
2023-04-24T16:22:32.131+0530: 14759.886: Total time for which application threads were stopped: 0.0001652 seconds, Stopping threads took: 0.0000495 seconds
2023-04-24T16:22:32.131+0530: 14759.887: Total time for which application threads were stopped: 0.0001334 seconds, Stopping threads took: 0.0000336 seconds
2023-04-24T16:22:43.666+0530: 14771.422: Total time for which application threads were stopped: 0.0002667 seconds, Stopping threads took: 0.0001273 seconds
2023-04-24T16:22:43.667+0530: 14771.422: Total time for which application threads were stopped: 0.0002752 seconds, Stopping threads took: 0.0001790 seconds
2023-04-24T16:22:43.667+0530: 14771.423: Total time for which application threads were stopped: 0.0001469 seconds, Stopping threads took: 0.0000380 seconds
2023-04-24T16:22:43.670+0530: 14771.426: Total time for which application threads were stopped: 0.0001794 seconds, Stopping threads took: 0.0000300 seconds
2023-04-24T16:22:43.670+0530: 14771.426: Total time for which application threads were stopped: 0.0001074 seconds, Stopping threads took: 0.0000152 seconds
2023-04-24T16:22:43.671+0530: 14771.427: Total time for which application threads were stopped: 0.0000911 seconds, Stopping threads took: 0.0000183 seconds
2023-04-24T16:22:43.672+0530: 14771.427: Total time for which application threads were stopped: 0.0000765 seconds, Stopping threads took: 0.0000153 seconds
2023-04-24T16:22:43.672+0530: 14771.428: Total time for which application threads were stopped: 0.0000834 seconds, Stopping threads took: 0.0000159 seconds
2023-04-24T16:22:43.674+0530: 14771.430: Total time for which application threads were stopped: 0.0001333 seconds, Stopping threads took: 0.0000462 seconds
2023-04-24T16:22:43.675+0530: 14771.430: Total time for which application threads were stopped: 0.0002137 seconds, Stopping threads took: 0.0001340 seconds
2023-04-24T16:22:44.675+0530: 14772.431: Total time for which application threads were stopped: 0.0003835 seconds, Stopping threads took: 0.0000686 seconds
2023-04-24T16:24:10.884+0530: 14858.640: Total time for which application threads were stopped: 0.0001016 seconds, Stopping threads took: 0.0000322 seconds
2023-04-24T16:24:10.884+0530: 14858.640: Total time for which application threads were stopped: 0.0000413 seconds, Stopping threads took: 0.0000074 seconds
2023-04-24T16:24:10.884+0530: 14858.640: Total time for which application threads were stopped: 0.0000351 seconds, Stopping threads took: 0.0000057 seconds
2023-04-24T16:24:10.885+0530: 14858.640: Total time for which application threads were stopped: 0.0000532 seconds, Stopping threads took: 0.0000089 seconds
2023-04-24T16:24:10.886+0530: 14858.642: Total time for which application threads were stopped: 0.0000807 seconds, Stopping threads took: 0.0000146 seconds
2023-04-24T16:24:10.886+0530: 14858.642: Total time for which application threads were stopped: 0.0000660 seconds, Stopping threads took: 0.0000095 seconds
2023-04-24T16:24:10.887+0530: 14858.642: Total time for which application threads were stopped: 0.0000479 seconds, Stopping threads took: 0.0000087 seconds
2023-04-24T16:24:10.887+0530: 14858.642: Total time for which application threads were stopped: 0.0000474 seconds, Stopping threads took: 0.0000096 seconds
2023-04-24T16:24:10.887+0530: 14858.643: Total time for which application threads were stopped: 0.0000613 seconds, Stopping threads took: 0.0000117 seconds
2023-04-24T16:24:10.889+0530: 14858.645: Total time for which application threads were stopped: 0.0000981 seconds, Stopping threads took: 0.0000222 seconds
2023-04-24T16:24:10.890+0530: 14858.645: Total time for which application threads were stopped: 0.0001959 seconds, Stopping threads took: 0.0001316 seconds
2023-04-24T16:24:11.890+0530: 14859.645: Total time for which application threads were stopped: 0.0000906 seconds, Stopping threads took: 0.0000211 seconds
2023-04-24T16:24:23.744+0530: 14871.499: Total time for which application threads were stopped: 0.0001484 seconds, Stopping threads took: 0.0000322 seconds
2023-04-24T16:24:23.744+0530: 14871.499: Total time for which application threads were stopped: 0.0000857 seconds, Stopping threads took: 0.0000138 seconds
2023-04-24T16:24:23.744+0530: 14871.500: Total time for which application threads were stopped: 0.0001383 seconds, Stopping threads took: 0.0000211 seconds
2023-04-24T16:24:23.747+0530: 14871.503: Total time for which application threads were stopped: 0.0002488 seconds, Stopping threads took: 0.0001266 seconds
2023-04-24T16:24:23.748+0530: 14871.503: Total time for which application threads were stopped: 0.0001286 seconds, Stopping threads took: 0.0000508 seconds
2023-04-24T16:24:23.749+0530: 14871.505: Total time for which application threads were stopped: 0.0001921 seconds, Stopping threads took: 0.0001190 seconds
2023-04-24T16:24:23.749+0530: 14871.505: Total time for which application threads were stopped: 0.0001722 seconds, Stopping threads took: 0.0001090 seconds
2023-04-24T16:24:23.750+0530: 14871.505: Total time for which application threads were stopped: 0.0000864 seconds, Stopping threads took: 0.0000223 seconds
2023-04-24T16:24:23.751+0530: 14871.506: Total time for which application threads were stopped: 0.0000978 seconds, Stopping threads took: 0.0000204 seconds
2023-04-24T16:24:23.753+0530: 14871.508: Total time for which application threads were stopped: 0.0000925 seconds, Stopping threads took: 0.0000172 seconds
2023-04-24T16:24:23.753+0530: 14871.508: Total time for which application threads were stopped: 0.0000746 seconds, Stopping threads took: 0.0000164 seconds
2023-04-24T16:30:06.936+0530: 15214.692: Total time for which application threads were stopped: 0.0001510 seconds, Stopping threads took: 0.0000417 seconds
2023-04-24T16:30:06.936+0530: 15214.692: Total time for which application threads were stopped: 0.0000612 seconds, Stopping threads took: 0.0000105 seconds
2023-04-24T16:30:06.937+0530: 15214.692: Total time for which application threads were stopped: 0.0000680 seconds, Stopping threads took: 0.0000116 seconds
2023-04-24T16:30:06.939+0530: 15214.694: Total time for which application threads were stopped: 0.0001833 seconds, Stopping threads took: 0.0000354 seconds
2023-04-24T16:30:06.940+0530: 15214.695: Total time for which application threads were stopped: 0.0000850 seconds, Stopping threads took: 0.0000205 seconds
2023-04-24T16:30:06.940+0530: 15214.695: Total time for which application threads were stopped: 0.0000763 seconds, Stopping threads took: 0.0000165 seconds
2023-04-24T16:30:06.940+0530: 15214.696: Total time for which application threads were stopped: 0.0000698 seconds, Stopping threads took: 0.0000116 seconds
2023-04-24T16:30:06.943+0530: 15214.698: Total time for which application threads were stopped: 0.0000966 seconds, Stopping threads took: 0.0000249 seconds
2023-04-24T16:30:06.943+0530: 15214.698: Total time for which application threads were stopped: 0.0001038 seconds, Stopping threads took: 0.0000352 seconds
2023-04-24T16:31:00.506+0530: 15268.261: Total time for which application threads were stopped: 0.0002734 seconds, Stopping threads took: 0.0000932 seconds
2023-04-24T16:31:00.506+0530: 15268.262: Total time for which application threads were stopped: 0.0001686 seconds, Stopping threads took: 0.0000271 seconds
2023-04-24T16:31:00.507+0530: 15268.262: Total time for which application threads were stopped: 0.0001385 seconds, Stopping threads took: 0.0000427 seconds
2023-04-24T16:31:00.511+0530: 15268.266: Total time for which application threads were stopped: 0.0001986 seconds, Stopping threads took: 0.0000435 seconds
2023-04-24T16:31:00.511+0530: 15268.267: Total time for which application threads were stopped: 0.0001268 seconds, Stopping threads took: 0.0000271 seconds
2023-04-24T16:31:00.512+0530: 15268.268: Total time for which application threads were stopped: 0.0001058 seconds, Stopping threads took: 0.0000269 seconds
2023-04-24T16:31:00.512+0530: 15268.268: Total time for which application threads were stopped: 0.0001328 seconds, Stopping threads took: 0.0000434 seconds
2023-04-24T16:31:00.513+0530: 15268.269: Total time for which application threads were stopped: 0.0001916 seconds, Stopping threads took: 0.0000957 seconds
2023-04-24T16:31:00.516+0530: 15268.272: Total time for which application threads were stopped: 0.0001341 seconds, Stopping threads took: 0.0000358 seconds
2023-04-24T16:31:00.516+0530: 15268.272: Total time for which application threads were stopped: 0.0000889 seconds, Stopping threads took: 0.0000215 seconds
2023-04-24T16:31:19.312+0530: 15287.068: Total time for which application threads were stopped: 0.0002293 seconds, Stopping threads took: 0.0000613 seconds
2023-04-24T16:31:19.312+0530: 15287.068: Total time for which application threads were stopped: 0.0001271 seconds, Stopping threads took: 0.0000197 seconds
2023-04-24T16:31:19.313+0530: 15287.068: Total time for which application threads were stopped: 0.0001325 seconds, Stopping threads took: 0.0000205 seconds
2023-04-24T16:31:19.313+0530: 15287.069: Total time for which application threads were stopped: 0.0001047 seconds, Stopping threads took: 0.0000176 seconds
2023-04-24T16:31:19.316+0530: 15287.071: Total time for which application threads were stopped: 0.0001781 seconds, Stopping threads took: 0.0000433 seconds
2023-04-24T16:31:19.316+0530: 15287.072: Total time for which application threads were stopped: 0.0001322 seconds, Stopping threads took: 0.0000313 seconds
2023-04-24T16:31:19.317+0530: 15287.073: Total time for which application threads were stopped: 0.0000846 seconds, Stopping threads took: 0.0000202 seconds
2023-04-24T16:31:19.317+0530: 15287.073: Total time for which application threads were stopped: 0.0001114 seconds, Stopping threads took: 0.0000479 seconds
2023-04-24T16:31:19.318+0530: 15287.074: Total time for which application threads were stopped: 0.0001200 seconds, Stopping threads took: 0.0000507 seconds
2023-04-24T16:31:19.320+0530: 15287.076: Total time for which application threads were stopped: 0.0001295 seconds, Stopping threads took: 0.0000306 seconds
2023-04-24T16:31:19.321+0530: 15287.076: Total time for which application threads were stopped: 0.0001328 seconds, Stopping threads took: 0.0000261 seconds
2023-04-24T16:48:54.093+0530: 15414.927: Total time for which application threads were stopped: 0.0001186 seconds, Stopping threads took: 0.0000424 seconds
2023-04-24T16:48:54.094+0530: 15414.927: Total time for which application threads were stopped: 0.0000513 seconds, Stopping threads took: 0.0000079 seconds
2023-04-24T16:48:54.094+0530: 15414.927: Total time for which application threads were stopped: 0.0000508 seconds, Stopping threads took: 0.0000072 seconds
2023-04-24T16:48:54.095+0530: 15414.928: Total time for which application threads were stopped: 0.0000727 seconds, Stopping threads took: 0.0000109 seconds
2023-04-24T16:48:54.096+0530: 15414.929: Total time for which application threads were stopped: 0.0001741 seconds, Stopping threads took: 0.0000130 seconds
2023-04-24T16:48:54.096+0530: 15414.930: Total time for which application threads were stopped: 0.0000595 seconds, Stopping threads took: 0.0000095 seconds
2023-04-24T16:48:54.096+0530: 15414.930: Total time for which application threads were stopped: 0.0000517 seconds, Stopping threads took: 0.0000085 seconds
2023-04-24T16:48:54.097+0530: 15414.930: Total time for which application threads were stopped: 0.0000543 seconds, Stopping threads took: 0.0000079 seconds
2023-04-24T16:48:54.099+0530: 15414.932: Total time for which application threads were stopped: 0.0001116 seconds, Stopping threads took: 0.0000380 seconds
2023-04-24T16:48:54.099+0530: 15414.932: Total time for which application threads were stopped: 0.0000984 seconds, Stopping threads took: 0.0000292 seconds
2023-04-24T16:50:12.469+0530: 15493.303: Total time for which application threads were stopped: 0.0001454 seconds, Stopping threads took: 0.0000422 seconds
2023-04-24T16:50:12.470+0530: 15493.303: Total time for which application threads were stopped: 0.0000671 seconds, Stopping threads took: 0.0000131 seconds
2023-04-24T16:50:12.470+0530: 15493.304: Total time for which application threads were stopped: 0.0000705 seconds, Stopping threads took: 0.0000118 seconds
2023-04-24T16:50:12.472+0530: 15493.305: Total time for which application threads were stopped: 0.0000922 seconds, Stopping threads took: 0.0000216 seconds
2023-04-24T16:50:12.472+0530: 15493.306: Total time for which application threads were stopped: 0.0001780 seconds, Stopping threads took: 0.0001027 seconds
2023-04-24T16:50:12.473+0530: 15493.306: Total time for which application threads were stopped: 0.0000586 seconds, Stopping threads took: 0.0000162 seconds
2023-04-24T16:50:12.473+0530: 15493.306: Total time for which application threads were stopped: 0.0000693 seconds, Stopping threads took: 0.0000349 seconds
2023-04-24T16:50:12.473+0530: 15493.307: Total time for which application threads were stopped: 0.0000607 seconds, Stopping threads took: 0.0000140 seconds
2023-04-24T16:50:12.475+0530: 15493.308: Total time for which application threads were stopped: 0.0000733 seconds, Stopping threads took: 0.0000125 seconds
2023-04-24T16:50:12.475+0530: 15493.308: Total time for which application threads were stopped: 0.0000551 seconds, Stopping threads took: 0.0000088 seconds
2023-04-24T16:50:27.358+0530: 15508.191: Total time for which application threads were stopped: 0.0002001 seconds, Stopping threads took: 0.0000349 seconds
2023-04-24T16:50:27.358+0530: 15508.192: Total time for which application threads were stopped: 0.0001102 seconds, Stopping threads took: 0.0000207 seconds
2023-04-24T16:50:27.358+0530: 15508.192: Total time for which application threads were stopped: 0.0000827 seconds, Stopping threads took: 0.0000145 seconds
2023-04-24T16:50:27.359+0530: 15508.192: Total time for which application threads were stopped: 0.0001048 seconds, Stopping threads took: 0.0000164 seconds
2023-04-24T16:50:27.361+0530: 15508.195: Total time for which application threads were stopped: 0.0001428 seconds, Stopping threads took: 0.0000260 seconds
2023-04-24T16:50:27.362+0530: 15508.195: Total time for which application threads were stopped: 0.0001142 seconds, Stopping threads took: 0.0000175 seconds
2023-04-24T16:50:27.362+0530: 15508.196: Total time for which application threads were stopped: 0.0000790 seconds, Stopping threads took: 0.0000158 seconds
2023-04-24T16:50:27.363+0530: 15508.196: Total time for which application threads were stopped: 0.0000605 seconds, Stopping threads took: 0.0000097 seconds
2023-04-24T16:50:27.363+0530: 15508.197: Total time for which application threads were stopped: 0.0000614 seconds, Stopping threads took: 0.0000086 seconds
2023-04-24T16:50:27.366+0530: 15508.199: Total time for which application threads were stopped: 0.0000945 seconds, Stopping threads took: 0.0000178 seconds
2023-04-24T16:50:27.366+0530: 15508.200: Total time for which application threads were stopped: 0.0000589 seconds, Stopping threads took: 0.0000079 seconds
2023-04-24T16:52:55.305+0530: 15656.138: Total time for which application threads were stopped: 0.0001228 seconds, Stopping threads took: 0.0000394 seconds
2023-04-24T16:52:55.305+0530: 15656.139: Total time for which application threads were stopped: 0.0000751 seconds, Stopping threads took: 0.0000140 seconds
2023-04-24T16:52:55.306+0530: 15656.139: Total time for which application threads were stopped: 0.0000917 seconds, Stopping threads took: 0.0000140 seconds
2023-04-24T16:52:55.307+0530: 15656.141: Total time for which application threads were stopped: 0.0001650 seconds, Stopping threads took: 0.0000180 seconds
2023-04-24T16:52:55.308+0530: 15656.142: Total time for which application threads were stopped: 0.0000605 seconds, Stopping threads took: 0.0000120 seconds
2023-04-24T16:52:55.308+0530: 15656.142: Total time for which application threads were stopped: 0.0000489 seconds, Stopping threads took: 0.0000090 seconds
2023-04-24T16:52:55.309+0530: 15656.142: Total time for which application threads were stopped: 0.0001153 seconds, Stopping threads took: 0.0000090 seconds
2023-04-24T16:52:55.310+0530: 15656.144: Total time for which application threads were stopped: 0.0001066 seconds, Stopping threads took: 0.0000277 seconds
2023-04-24T16:52:55.311+0530: 15656.144: Total time for which application threads were stopped: 0.0000789 seconds, Stopping threads took: 0.0000166 seconds
2023-04-24T16:52:56.311+0530: 15657.144: Total time for which application threads were stopped: 0.0002167 seconds, Stopping threads took: 0.0000484 seconds
2023-04-24T16:54:41.378+0530: 15762.211: Total time for which application threads were stopped: 0.0001359 seconds, Stopping threads took: 0.0000424 seconds
2023-04-24T16:54:41.378+0530: 15762.212: Total time for which application threads were stopped: 0.0000768 seconds, Stopping threads took: 0.0000143 seconds
2023-04-24T16:54:41.379+0530: 15762.212: Total time for which application threads were stopped: 0.0000861 seconds, Stopping threads took: 0.0000157 seconds
2023-04-24T16:54:41.381+0530: 15762.214: Total time for which application threads were stopped: 0.0001382 seconds, Stopping threads took: 0.0000420 seconds
2023-04-24T16:54:41.381+0530: 15762.215: Total time for which application threads were stopped: 0.0001270 seconds, Stopping threads took: 0.0000529 seconds
2023-04-24T16:54:41.382+0530: 15762.216: Total time for which application threads were stopped: 0.0001002 seconds, Stopping threads took: 0.0000291 seconds
2023-04-24T16:54:41.382+0530: 15762.216: Total time for which application threads were stopped: 0.0000825 seconds, Stopping threads took: 0.0000167 seconds
2023-04-24T16:54:41.383+0530: 15762.216: Total time for which application threads were stopped: 0.0000781 seconds, Stopping threads took: 0.0000166 seconds
2023-04-24T16:54:41.385+0530: 15762.219: Total time for which application threads were stopped: 0.0001334 seconds, Stopping threads took: 0.0000355 seconds
2023-04-24T16:54:41.385+0530: 15762.219: Total time for which application threads were stopped: 0.0001073 seconds, Stopping threads took: 0.0000385 seconds
2023-04-24T16:55:12.895+0530: 15793.728: Total time for which application threads were stopped: 0.0002024 seconds, Stopping threads took: 0.0000458 seconds
2023-04-24T16:55:12.895+0530: 15793.729: Total time for which application threads were stopped: 0.0000813 seconds, Stopping threads took: 0.0000167 seconds
2023-04-24T16:55:12.895+0530: 15793.729: Total time for which application threads were stopped: 0.0000768 seconds, Stopping threads took: 0.0000164 seconds
2023-04-24T16:55:12.896+0530: 15793.729: Total time for which application threads were stopped: 0.0000819 seconds, Stopping threads took: 0.0000137 seconds
2023-04-24T16:55:12.898+0530: 15793.731: Total time for which application threads were stopped: 0.0000875 seconds, Stopping threads took: 0.0000155 seconds
2023-04-24T16:55:12.898+0530: 15793.731: Total time for which application threads were stopped: 0.0000835 seconds, Stopping threads took: 0.0000142 seconds
2023-04-24T16:55:12.899+0530: 15793.732: Total time for which application threads were stopped: 0.0000729 seconds, Stopping threads took: 0.0000137 seconds
2023-04-24T16:55:12.899+0530: 15793.733: Total time for which application threads were stopped: 0.0000630 seconds, Stopping threads took: 0.0000118 seconds
2023-04-24T16:55:12.899+0530: 15793.733: Total time for which application threads were stopped: 0.0000789 seconds, Stopping threads took: 0.0000136 seconds
2023-04-24T16:55:12.902+0530: 15793.735: Total time for which application threads were stopped: 0.0000888 seconds, Stopping threads took: 0.0000159 seconds
2023-04-24T16:55:12.902+0530: 15793.735: Total time for which application threads were stopped: 0.0000849 seconds, Stopping threads took: 0.0000143 seconds
2023-04-24T16:56:35.414+0530: 15876.248: Total time for which application threads were stopped: 0.0000866 seconds, Stopping threads took: 0.0000276 seconds
2023-04-24T16:56:35.414+0530: 15876.248: Total time for which application threads were stopped: 0.0000388 seconds, Stopping threads took: 0.0000066 seconds
2023-04-24T16:56:35.415+0530: 15876.248: Total time for which application threads were stopped: 0.0000807 seconds, Stopping threads took: 0.0000190 seconds
2023-04-24T16:56:35.416+0530: 15876.249: Total time for which application threads were stopped: 0.0001566 seconds, Stopping threads took: 0.0000250 seconds
2023-04-24T16:56:35.416+0530: 15876.250: Total time for which application threads were stopped: 0.0000543 seconds, Stopping threads took: 0.0000104 seconds
2023-04-24T16:56:35.417+0530: 15876.250: Total time for which application threads were stopped: 0.0000293 seconds, Stopping threads took: 0.0000049 seconds
2023-04-24T16:56:35.417+0530: 15876.250: Total time for which application threads were stopped: 0.0000529 seconds, Stopping threads took: 0.0000096 seconds
2023-04-24T16:56:35.419+0530: 15876.252: Total time for which application threads were stopped: 0.0000895 seconds, Stopping threads took: 0.0000157 seconds
2023-04-24T16:56:35.419+0530: 15876.252: Total time for which application threads were stopped: 0.0000586 seconds, Stopping threads took: 0.0000101 seconds
2023-04-24T16:58:39.911+0530: 16000.744: Total time for which application threads were stopped: 0.0001003 seconds, Stopping threads took: 0.0000398 seconds
2023-04-24T16:58:39.911+0530: 16000.744: Total time for which application threads were stopped: 0.0000385 seconds, Stopping threads took: 0.0000081 seconds
2023-04-24T16:58:39.911+0530: 16000.744: Total time for which application threads were stopped: 0.0000410 seconds, Stopping threads took: 0.0000060 seconds
2023-04-24T16:58:39.913+0530: 16000.746: Total time for which application threads were stopped: 0.0001349 seconds, Stopping threads took: 0.0000253 seconds
2023-04-24T16:58:39.913+0530: 16000.746: Total time for which application threads were stopped: 0.0000620 seconds, Stopping threads took: 0.0000109 seconds
2023-04-24T16:58:39.913+0530: 16000.747: Total time for which application threads were stopped: 0.0000472 seconds, Stopping threads took: 0.0000067 seconds
2023-04-24T16:58:39.914+0530: 16000.747: Total time for which application threads were stopped: 0.0000360 seconds, Stopping threads took: 0.0000069 seconds
2023-04-24T16:58:39.914+0530: 16000.747: Total time for which application threads were stopped: 0.0000442 seconds, Stopping threads took: 0.0000141 seconds
2023-04-24T16:58:39.914+0530: 16000.748: Total time for which application threads were stopped: 0.0000559 seconds, Stopping threads took: 0.0000185 seconds
2023-04-24T16:58:39.916+0530: 16000.749: Total time for which application threads were stopped: 0.0000661 seconds, Stopping threads took: 0.0000132 seconds
2023-04-24T16:58:39.916+0530: 16000.749: Total time for which application threads were stopped: 0.0000554 seconds, Stopping threads took: 0.0000097 seconds
2023-04-24T16:58:42.345+0530: 16003.178: Total time for which application threads were stopped: 0.0001590 seconds, Stopping threads took: 0.0000350 seconds
2023-04-24T16:58:42.345+0530: 16003.179: Total time for which application threads were stopped: 0.0001315 seconds, Stopping threads took: 0.0000267 seconds
2023-04-24T16:58:42.345+0530: 16003.179: Total time for which application threads were stopped: 0.0001184 seconds, Stopping threads took: 0.0000227 seconds
2023-04-24T16:58:42.346+0530: 16003.180: Total time for which application threads were stopped: 0.0001453 seconds, Stopping threads took: 0.0000273 seconds
2023-04-24T16:58:42.348+0530: 16003.182: Total time for which application threads were stopped: 0.0001254 seconds, Stopping threads took: 0.0000268 seconds
2023-04-24T16:58:42.349+0530: 16003.182: Total time for which application threads were stopped: 0.0000930 seconds, Stopping threads took: 0.0000168 seconds
2023-04-24T16:58:42.349+0530: 16003.183: Total time for which application threads were stopped: 0.0000734 seconds, Stopping threads took: 0.0000139 seconds
2023-04-24T16:58:42.350+0530: 16003.183: Total time for which application threads were stopped: 0.0000723 seconds, Stopping threads took: 0.0000135 seconds
2023-04-24T16:58:42.350+0530: 16003.184: Total time for which application threads were stopped: 0.0000799 seconds, Stopping threads took: 0.0000138 seconds
2023-04-24T16:58:42.351+0530: 16003.185: Total time for which application threads were stopped: 0.0000951 seconds, Stopping threads took: 0.0000137 seconds
2023-04-24T16:58:42.353+0530: 16003.186: Total time for which application threads were stopped: 0.0001107 seconds, Stopping threads took: 0.0000448 seconds
2023-04-24T16:58:42.353+0530: 16003.186: Total time for which application threads were stopped: 0.0000743 seconds, Stopping threads took: 0.0000184 seconds
2023-04-24T16:59:24.673+0530: 16045.506: Total time for which application threads were stopped: 0.0001634 seconds, Stopping threads took: 0.0000468 seconds
2023-04-24T16:59:24.673+0530: 16045.507: Total time for which application threads were stopped: 0.0000826 seconds, Stopping threads took: 0.0000158 seconds
2023-04-24T16:59:24.674+0530: 16045.507: Total time for which application threads were stopped: 0.0000954 seconds, Stopping threads took: 0.0000246 seconds
2023-04-24T16:59:24.676+0530: 16045.509: Total time for which application threads were stopped: 0.0001437 seconds, Stopping threads took: 0.0000256 seconds
2023-04-24T16:59:24.678+0530: 16045.512: Total time for which application threads were stopped: 0.0002393 seconds, Stopping threads took: 0.0000303 seconds
2023-04-24T16:59:24.680+0530: 16045.513: Total time for which application threads were stopped: 0.0001281 seconds, Stopping threads took: 0.0000312 seconds
2023-04-24T16:59:24.680+0530: 16045.513: Total time for which application threads were stopped: 0.0000819 seconds, Stopping threads took: 0.0000154 seconds
2023-04-24T16:59:24.680+0530: 16045.514: Total time for which application threads were stopped: 0.0001134 seconds, Stopping threads took: 0.0000236 seconds
2023-04-24T16:59:24.682+0530: 16045.516: Total time for which application threads were stopped: 0.0001344 seconds, Stopping threads took: 0.0000351 seconds
2023-04-24T16:59:24.683+0530: 16045.516: Total time for which application threads were stopped: 0.0000917 seconds, Stopping threads took: 0.0000199 seconds
2023-04-24T16:59:32.722+0530: 16053.555: Total time for which application threads were stopped: 0.0001006 seconds, Stopping threads took: 0.0000226 seconds
2023-04-24T16:59:32.722+0530: 16053.556: Total time for which application threads were stopped: 0.0000680 seconds, Stopping threads took: 0.0000123 seconds
2023-04-24T16:59:32.722+0530: 16053.556: Total time for which application threads were stopped: 0.0000930 seconds, Stopping threads took: 0.0000117 seconds
2023-04-24T16:59:32.723+0530: 16053.557: Total time for which application threads were stopped: 0.0000897 seconds, Stopping threads took: 0.0000143 seconds
2023-04-24T16:59:32.724+0530: 16053.558: Total time for which application threads were stopped: 0.0000706 seconds, Stopping threads took: 0.0000120 seconds
2023-04-24T16:59:32.725+0530: 16053.558: Total time for which application threads were stopped: 0.0000505 seconds, Stopping threads took: 0.0000062 seconds
2023-04-24T16:59:32.725+0530: 16053.559: Total time for which application threads were stopped: 0.0000343 seconds, Stopping threads took: 0.0000054 seconds
2023-04-24T16:59:32.725+0530: 16053.559: Total time for which application threads were stopped: 0.0000383 seconds, Stopping threads took: 0.0000068 seconds
2023-04-24T16:59:32.726+0530: 16053.559: Total time for which application threads were stopped: 0.0000366 seconds, Stopping threads took: 0.0000053 seconds
2023-04-24T16:59:32.726+0530: 16053.560: Total time for which application threads were stopped: 0.0000700 seconds, Stopping threads took: 0.0000104 seconds
2023-04-24T16:59:32.728+0530: 16053.561: Total time for which application threads were stopped: 0.0000787 seconds, Stopping threads took: 0.0000137 seconds
2023-04-24T16:59:32.728+0530: 16053.561: Total time for which application threads were stopped: 0.0000509 seconds, Stopping threads took: 0.0000071 seconds
2023-04-24T17:01:05.974+0530: 16146.808: Total time for which application threads were stopped: 0.0001113 seconds, Stopping threads took: 0.0000351 seconds
2023-04-24T17:01:05.974+0530: 16146.808: Total time for which application threads were stopped: 0.0000516 seconds, Stopping threads took: 0.0000097 seconds
2023-04-24T17:01:05.974+0530: 16146.808: Total time for which application threads were stopped: 0.0000413 seconds, Stopping threads took: 0.0000062 seconds
2023-04-24T17:01:05.975+0530: 16146.808: Total time for which application threads were stopped: 0.0000431 seconds, Stopping threads took: 0.0000078 seconds
2023-04-24T17:01:05.976+0530: 16146.809: Total time for which application threads were stopped: 0.0000474 seconds, Stopping threads took: 0.0000088 seconds
2023-04-24T17:01:05.976+0530: 16146.809: Total time for which application threads were stopped: 0.0000428 seconds, Stopping threads took: 0.0000074 seconds
2023-04-24T17:01:05.976+0530: 16146.810: Total time for which application threads were stopped: 0.0000374 seconds, Stopping threads took: 0.0000074 seconds
2023-04-24T17:01:05.976+0530: 16146.810: Total time for which application threads were stopped: 0.0000375 seconds, Stopping threads took: 0.0000073 seconds
2023-04-24T17:01:05.977+0530: 16146.810: Total time for which application threads were stopped: 0.0000404 seconds, Stopping threads took: 0.0000076 seconds
2023-04-24T17:01:05.978+0530: 16146.811: Total time for which application threads were stopped: 0.0000609 seconds, Stopping threads took: 0.0000135 seconds
2023-04-24T17:01:05.978+0530: 16146.812: Total time for which application threads were stopped: 0.0001180 seconds, Stopping threads took: 0.0000776 seconds
2023-04-24T17:01:09.689+0530: 16150.522: Total time for which application threads were stopped: 0.0001107 seconds, Stopping threads took: 0.0000259 seconds
2023-04-24T17:01:09.689+0530: 16150.523: Total time for which application threads were stopped: 0.0002035 seconds, Stopping threads took: 0.0000349 seconds
2023-04-24T17:01:09.690+0530: 16150.523: Total time for which application threads were stopped: 0.0001386 seconds, Stopping threads took: 0.0000197 seconds
2023-04-24T17:01:09.691+0530: 16150.525: Total time for which application threads were stopped: 0.0001254 seconds, Stopping threads took: 0.0000200 seconds
2023-04-24T17:01:09.691+0530: 16150.525: Total time for which application threads were stopped: 0.0000584 seconds, Stopping threads took: 0.0000094 seconds
2023-04-24T17:01:09.692+0530: 16150.525: Total time for which application threads were stopped: 0.0000318 seconds, Stopping threads took: 0.0000055 seconds
2023-04-24T17:01:09.692+0530: 16150.525: Total time for which application threads were stopped: 0.0000250 seconds, Stopping threads took: 0.0000040 seconds
2023-04-24T17:01:09.692+0530: 16150.526: Total time for which application threads were stopped: 0.0000291 seconds, Stopping threads took: 0.0000045 seconds
2023-04-24T17:01:09.694+0530: 16150.527: Total time for which application threads were stopped: 0.0001068 seconds, Stopping threads took: 0.0000334 seconds
2023-04-24T17:01:09.694+0530: 16150.527: Total time for which application threads were stopped: 0.0000684 seconds, Stopping threads took: 0.0000128 seconds
2023-04-24T17:02:35.882+0530: 16236.715: Total time for which application threads were stopped: 0.0001639 seconds, Stopping threads took: 0.0000503 seconds
2023-04-24T17:02:35.882+0530: 16236.715: Total time for which application threads were stopped: 0.0000941 seconds, Stopping threads took: 0.0000168 seconds
2023-04-24T17:02:35.882+0530: 16236.716: Total time for which application threads were stopped: 0.0000869 seconds, Stopping threads took: 0.0000144 seconds
2023-04-24T17:02:35.884+0530: 16236.718: Total time for which application threads were stopped: 0.0002344 seconds, Stopping threads took: 0.0000262 seconds
2023-04-24T17:02:35.885+0530: 16236.719: Total time for which application threads were stopped: 0.0000865 seconds, Stopping threads took: 0.0000316 seconds
2023-04-24T17:02:35.885+0530: 16236.719: Total time for which application threads were stopped: 0.0000607 seconds, Stopping threads took: 0.0000226 seconds
2023-04-24T17:02:35.886+0530: 16236.719: Total time for which application threads were stopped: 0.0001408 seconds, Stopping threads took: 0.0000230 seconds
2023-04-24T17:02:35.888+0530: 16236.721: Total time for which application threads were stopped: 0.0001662 seconds, Stopping threads took: 0.0000815 seconds
2023-04-24T17:02:35.888+0530: 16236.721: Total time for which application threads were stopped: 0.0000841 seconds, Stopping threads took: 0.0000149 seconds
2023-04-24T17:02:58.760+0530: 16259.594: Total time for which application threads were stopped: 0.0002034 seconds, Stopping threads took: 0.0000573 seconds
2023-04-24T17:02:58.760+0530: 16259.594: Total time for which application threads were stopped: 0.0000942 seconds, Stopping threads took: 0.0000137 seconds
2023-04-24T17:02:58.761+0530: 16259.595: Total time for which application threads were stopped: 0.0001184 seconds, Stopping threads took: 0.0000169 seconds
2023-04-24T17:02:58.764+0530: 16259.597: Total time for which application threads were stopped: 0.0001600 seconds, Stopping threads took: 0.0000353 seconds
2023-04-24T17:02:58.766+0530: 16259.599: Total time for which application threads were stopped: 0.0001274 seconds, Stopping threads took: 0.0000205 seconds
2023-04-24T17:02:58.766+0530: 16259.599: Total time for which application threads were stopped: 0.0000766 seconds, Stopping threads took: 0.0000120 seconds
2023-04-24T17:02:58.766+0530: 16259.600: Total time for which application threads were stopped: 0.0001011 seconds, Stopping threads took: 0.0000166 seconds
2023-04-24T17:02:58.783+0530: 16259.616: Total time for which application threads were stopped: 0.0001207 seconds, Stopping threads took: 0.0000204 seconds
2023-04-24T17:02:58.783+0530: 16259.616: Total time for which application threads were stopped: 0.0000566 seconds, Stopping threads took: 0.0000098 seconds
2023-04-24T17:03:01.559+0530: 16262.393: Total time for which application threads were stopped: 0.0001217 seconds, Stopping threads took: 0.0000254 seconds
2023-04-24T17:03:01.560+0530: 16262.393: Total time for which application threads were stopped: 0.0000836 seconds, Stopping threads took: 0.0000166 seconds
2023-04-24T17:03:01.560+0530: 16262.393: Total time for which application threads were stopped: 0.0000756 seconds, Stopping threads took: 0.0000139 seconds
2023-04-24T17:03:01.560+0530: 16262.394: Total time for which application threads were stopped: 0.0000883 seconds, Stopping threads took: 0.0000143 seconds
2023-04-24T17:03:01.561+0530: 16262.395: Total time for which application threads were stopped: 0.0001256 seconds, Stopping threads took: 0.0000240 seconds
2023-04-24T17:03:01.562+0530: 16262.395: Total time for which application threads were stopped: 0.0001241 seconds, Stopping threads took: 0.0000173 seconds
2023-04-24T17:03:01.562+0530: 16262.395: Total time for which application threads were stopped: 0.0000732 seconds, Stopping threads took: 0.0000121 seconds
2023-04-24T17:03:01.562+0530: 16262.395: Total time for which application threads were stopped: 0.0000653 seconds, Stopping threads took: 0.0000096 seconds
2023-04-24T17:03:01.562+0530: 16262.396: Total time for which application threads were stopped: 0.0000587 seconds, Stopping threads took: 0.0000089 seconds
2023-04-24T17:03:01.562+0530: 16262.396: Total time for which application threads were stopped: 0.0000572 seconds, Stopping threads took: 0.0000078 seconds
2023-04-24T17:03:01.562+0530: 16262.396: Total time for which application threads were stopped: 0.0000565 seconds, Stopping threads took: 0.0000079 seconds
2023-04-24T17:03:01.562+0530: 16262.396: Total time for which application threads were stopped: 0.0000566 seconds, Stopping threads took: 0.0000078 seconds
2023-04-24T17:03:01.562+0530: 16262.396: Total time for which application threads were stopped: 0.0000568 seconds, Stopping threads took: 0.0000078 seconds
2023-04-24T17:03:01.563+0530: 16262.396: Total time for which application threads were stopped: 0.0001919 seconds, Stopping threads took: 0.0000092 seconds
2023-04-24T17:03:01.564+0530: 16262.398: Total time for which application threads were stopped: 0.0001120 seconds, Stopping threads took: 0.0000320 seconds
2023-04-24T17:03:01.564+0530: 16262.398: Total time for which application threads were stopped: 0.0001552 seconds, Stopping threads took: 0.0000510 seconds
2023-04-24T17:03:01.565+0530: 16262.399: Total time for which application threads were stopped: 0.0001212 seconds, Stopping threads took: 0.0000557 seconds
2023-04-24T17:03:01.566+0530: 16262.399: Total time for which application threads were stopped: 0.0000858 seconds, Stopping threads took: 0.0000363 seconds
2023-04-24T17:03:01.566+0530: 16262.399: Total time for which application threads were stopped: 0.0000870 seconds, Stopping threads took: 0.0000195 seconds
2023-04-24T17:03:01.568+0530: 16262.402: Total time for which application threads were stopped: 0.0001109 seconds, Stopping threads took: 0.0000252 seconds
2023-04-24T17:03:01.568+0530: 16262.402: Total time for which application threads were stopped: 0.0000862 seconds, Stopping threads took: 0.0000173 seconds
2023-04-24T17:04:07.432+0530: 16328.265: Total time for which application threads were stopped: 0.0001332 seconds, Stopping threads took: 0.0000411 seconds
2023-04-24T17:04:07.432+0530: 16328.265: Total time for which application threads were stopped: 0.0000657 seconds, Stopping threads took: 0.0000120 seconds
2023-04-24T17:04:07.432+0530: 16328.266: Total time for which application threads were stopped: 0.0000699 seconds, Stopping threads took: 0.0000119 seconds
2023-04-24T17:04:07.434+0530: 16328.268: Total time for which application threads were stopped: 0.0001044 seconds, Stopping threads took: 0.0000183 seconds
2023-04-24T17:04:07.434+0530: 16328.268: Total time for which application threads were stopped: 0.0000844 seconds, Stopping threads took: 0.0000130 seconds
2023-04-24T17:04:07.435+0530: 16328.269: Total time for which application threads were stopped: 0.0000620 seconds, Stopping threads took: 0.0000115 seconds
2023-04-24T17:04:07.435+0530: 16328.269: Total time for which application threads were stopped: 0.0000584 seconds, Stopping threads took: 0.0000111 seconds
2023-04-24T17:04:07.436+0530: 16328.269: Total time for which application threads were stopped: 0.0000749 seconds, Stopping threads took: 0.0000111 seconds
2023-04-24T17:04:07.438+0530: 16328.271: Total time for which application threads were stopped: 0.0000984 seconds, Stopping threads took: 0.0000222 seconds
2023-04-24T17:04:07.438+0530: 16328.271: Total time for which application threads were stopped: 0.0000889 seconds, Stopping threads took: 0.0000188 seconds
2023-04-24T17:06:03.240+0530: 16444.073: Total time for which application threads were stopped: 0.0001423 seconds, Stopping threads took: 0.0000461 seconds
2023-04-24T17:06:03.240+0530: 16444.073: Total time for which application threads were stopped: 0.0000740 seconds, Stopping threads took: 0.0000139 seconds
2023-04-24T17:06:03.240+0530: 16444.074: Total time for which application threads were stopped: 0.0001310 seconds, Stopping threads took: 0.0000179 seconds
2023-04-24T17:06:03.243+0530: 16444.076: Total time for which application threads were stopped: 0.0002312 seconds, Stopping threads took: 0.0000470 seconds
2023-04-24T17:06:03.243+0530: 16444.077: Total time for which application threads were stopped: 0.0001048 seconds, Stopping threads took: 0.0000382 seconds
2023-04-24T17:06:03.244+0530: 16444.077: Total time for which application threads were stopped: 0.0001366 seconds, Stopping threads took: 0.0000730 seconds
2023-04-24T17:06:03.244+0530: 16444.078: Total time for which application threads were stopped: 0.0001982 seconds, Stopping threads took: 0.0001367 seconds
2023-04-24T17:06:03.245+0530: 16444.078: Total time for which application threads were stopped: 0.0000786 seconds, Stopping threads took: 0.0000142 seconds
2023-04-24T17:06:03.245+0530: 16444.079: Total time for which application threads were stopped: 0.0000572 seconds, Stopping threads took: 0.0000119 seconds
2023-04-24T17:06:03.246+0530: 16444.080: Total time for which application threads were stopped: 0.0000652 seconds, Stopping threads took: 0.0000134 seconds
2023-04-24T17:06:03.247+0530: 16444.080: Total time for which application threads were stopped: 0.0000807 seconds, Stopping threads took: 0.0000164 seconds
2023-04-24T17:06:24.205+0530: 16465.038: Total time for which application threads were stopped: 0.0001042 seconds, Stopping threads took: 0.0000215 seconds
2023-04-24T17:06:24.205+0530: 16465.039: Total time for which application threads were stopped: 0.0000729 seconds, Stopping threads took: 0.0000127 seconds
2023-04-24T17:06:24.206+0530: 16465.039: Total time for which application threads were stopped: 0.0000678 seconds, Stopping threads took: 0.0000111 seconds
2023-04-24T17:06:24.207+0530: 16465.041: Total time for which application threads were stopped: 0.0001049 seconds, Stopping threads took: 0.0000187 seconds
2023-04-24T17:06:24.207+0530: 16465.041: Total time for which application threads were stopped: 0.0000752 seconds, Stopping threads took: 0.0000130 seconds
2023-04-24T17:06:24.208+0530: 16465.042: Total time for which application threads were stopped: 0.0000746 seconds, Stopping threads took: 0.0000129 seconds
2023-04-24T17:06:24.208+0530: 16465.042: Total time for which application threads were stopped: 0.0000499 seconds, Stopping threads took: 0.0000087 seconds
2023-04-24T17:06:24.209+0530: 16465.042: Total time for which application threads were stopped: 0.0000538 seconds, Stopping threads took: 0.0000079 seconds
2023-04-24T17:06:24.210+0530: 16465.043: Total time for which application threads were stopped: 0.0000824 seconds, Stopping threads took: 0.0000124 seconds
2023-04-24T17:06:24.211+0530: 16465.044: Total time for which application threads were stopped: 0.0001363 seconds, Stopping threads took: 0.0000492 seconds
2023-04-24T17:07:37.802+0530: 16538.635: Total time for which application threads were stopped: 0.0001629 seconds, Stopping threads took: 0.0000562 seconds
2023-04-24T17:07:37.802+0530: 16538.635: Total time for which application threads were stopped: 0.0001231 seconds, Stopping threads took: 0.0000242 seconds
2023-04-24T17:07:37.802+0530: 16538.636: Total time for which application threads were stopped: 0.0000976 seconds, Stopping threads took: 0.0000156 seconds
2023-04-24T17:07:37.803+0530: 16538.636: Total time for which application threads were stopped: 0.0001223 seconds, Stopping threads took: 0.0000340 seconds
2023-04-24T17:07:37.805+0530: 16538.638: Total time for which application threads were stopped: 0.0001508 seconds, Stopping threads took: 0.0000520 seconds
2023-04-24T17:07:37.805+0530: 16538.639: Total time for which application threads were stopped: 0.0001155 seconds, Stopping threads took: 0.0000570 seconds
2023-04-24T17:07:37.806+0530: 16538.639: Total time for which application threads were stopped: 0.0000628 seconds, Stopping threads took: 0.0000115 seconds
2023-04-24T17:07:37.806+0530: 16538.639: Total time for which application threads were stopped: 0.0000596 seconds, Stopping threads took: 0.0000114 seconds
2023-04-24T17:07:37.806+0530: 16538.640: Total time for which application threads were stopped: 0.0000565 seconds, Stopping threads took: 0.0000104 seconds
2023-04-24T17:07:37.808+0530: 16538.642: Total time for which application threads were stopped: 0.0001154 seconds, Stopping threads took: 0.0000450 seconds
2023-04-24T17:07:37.809+0530: 16538.642: Total time for which application threads were stopped: 0.0001217 seconds, Stopping threads took: 0.0000625 seconds
2023-04-24T17:07:57.216+0530: 16558.049: Total time for which application threads were stopped: 0.0001599 seconds, Stopping threads took: 0.0000425 seconds
2023-04-24T17:07:57.216+0530: 16558.049: Total time for which application threads were stopped: 0.0000796 seconds, Stopping threads took: 0.0000148 seconds
2023-04-24T17:07:57.216+0530: 16558.050: Total time for which application threads were stopped: 0.0000838 seconds, Stopping threads took: 0.0000139 seconds
2023-04-24T17:07:57.218+0530: 16558.052: Total time for which application threads were stopped: 0.0000835 seconds, Stopping threads took: 0.0000199 seconds
2023-04-24T17:07:57.218+0530: 16558.052: Total time for which application threads were stopped: 0.0000688 seconds, Stopping threads took: 0.0000147 seconds
2023-04-24T17:07:57.219+0530: 16558.053: Total time for which application threads were stopped: 0.0000802 seconds, Stopping threads took: 0.0000201 seconds
2023-04-24T17:07:57.219+0530: 16558.053: Total time for which application threads were stopped: 0.0001702 seconds, Stopping threads took: 0.0001114 seconds
2023-04-24T17:07:57.220+0530: 16558.053: Total time for which application threads were stopped: 0.0000805 seconds, Stopping threads took: 0.0000179 seconds
2023-04-24T17:07:57.222+0530: 16558.055: Total time for which application threads were stopped: 0.0000925 seconds, Stopping threads took: 0.0000162 seconds
2023-04-24T17:07:57.222+0530: 16558.056: Total time for which application threads were stopped: 0.0000661 seconds, Stopping threads took: 0.0000114 seconds
2023-04-24T17:09:29.899+0530: 16650.733: Total time for which application threads were stopped: 0.0001511 seconds, Stopping threads took: 0.0000479 seconds
2023-04-24T17:09:29.900+0530: 16650.733: Total time for which application threads were stopped: 0.0000783 seconds, Stopping threads took: 0.0000141 seconds
2023-04-24T17:09:29.900+0530: 16650.734: Total time for which application threads were stopped: 0.0000841 seconds, Stopping threads took: 0.0000143 seconds
2023-04-24T17:09:29.902+0530: 16650.736: Total time for which application threads were stopped: 0.0002952 seconds, Stopping threads took: 0.0000811 seconds
2023-04-24T17:09:29.903+0530: 16650.737: Total time for which application threads were stopped: 0.0001871 seconds, Stopping threads took: 0.0001253 seconds
2023-04-24T17:09:29.904+0530: 16650.737: Total time for which application threads were stopped: 0.0000654 seconds, Stopping threads took: 0.0000179 seconds
2023-04-24T17:09:29.904+0530: 16650.737: Total time for which application threads were stopped: 0.0000734 seconds, Stopping threads took: 0.0000165 seconds
2023-04-24T17:09:29.906+0530: 16650.739: Total time for which application threads were stopped: 0.0002224 seconds, Stopping threads took: 0.0000832 seconds
2023-04-24T17:09:29.906+0530: 16650.740: Total time for which application threads were stopped: 0.0001643 seconds, Stopping threads took: 0.0000745 seconds
2023-04-24T17:09:40.775+0530: 16661.609: Total time for which application threads were stopped: 0.0001205 seconds, Stopping threads took: 0.0000265 seconds
2023-04-24T17:09:40.775+0530: 16661.609: Total time for which application threads were stopped: 0.0000780 seconds, Stopping threads took: 0.0000151 seconds
2023-04-24T17:09:40.776+0530: 16661.609: Total time for which application threads were stopped: 0.0001956 seconds, Stopping threads took: 0.0001113 seconds
2023-04-24T17:09:40.778+0530: 16661.612: Total time for which application threads were stopped: 0.0001031 seconds, Stopping threads took: 0.0000212 seconds
2023-04-24T17:09:40.778+0530: 16661.612: Total time for which application threads were stopped: 0.0000697 seconds, Stopping threads took: 0.0000109 seconds
2023-04-24T17:09:40.779+0530: 16661.613: Total time for which application threads were stopped: 0.0000712 seconds, Stopping threads took: 0.0000147 seconds
2023-04-24T17:09:40.779+0530: 16661.613: Total time for which application threads were stopped: 0.0000625 seconds, Stopping threads took: 0.0000124 seconds
2023-04-24T17:09:40.780+0530: 16661.613: Total time for which application threads were stopped: 0.0000658 seconds, Stopping threads took: 0.0000123 seconds
2023-04-24T17:09:40.782+0530: 16661.615: Total time for which application threads were stopped: 0.0002138 seconds, Stopping threads took: 0.0001277 seconds
2023-04-24T17:09:40.782+0530: 16661.616: Total time for which application threads were stopped: 0.0001082 seconds, Stopping threads took: 0.0000601 seconds
2023-04-24T17:09:50.831+0530: 16671.664: Total time for which application threads were stopped: 0.0001051 seconds, Stopping threads took: 0.0000206 seconds
2023-04-24T17:09:50.831+0530: 16671.665: Total time for which application threads were stopped: 0.0000764 seconds, Stopping threads took: 0.0000131 seconds
2023-04-24T17:09:50.831+0530: 16671.665: Total time for which application threads were stopped: 0.0000606 seconds, Stopping threads took: 0.0000114 seconds
2023-04-24T17:09:50.832+0530: 16671.665: Total time for which application threads were stopped: 0.0000681 seconds, Stopping threads took: 0.0000120 seconds
2023-04-24T17:09:50.834+0530: 16671.667: Total time for which application threads were stopped: 0.0001148 seconds, Stopping threads took: 0.0000195 seconds
2023-04-24T17:09:50.834+0530: 16671.667: Total time for which application threads were stopped: 0.0000871 seconds, Stopping threads took: 0.0000131 seconds
2023-04-24T17:09:50.835+0530: 16671.668: Total time for which application threads were stopped: 0.0000764 seconds, Stopping threads took: 0.0000136 seconds
2023-04-24T17:09:50.835+0530: 16671.668: Total time for which application threads were stopped: 0.0000889 seconds, Stopping threads took: 0.0000148 seconds
2023-04-24T17:09:50.835+0530: 16671.669: Total time for which application threads were stopped: 0.0000742 seconds, Stopping threads took: 0.0000126 seconds
2023-04-24T17:09:50.837+0530: 16671.671: Total time for which application threads were stopped: 0.0001905 seconds, Stopping threads took: 0.0000219 seconds
2023-04-24T17:09:53.376+0530: 16674.210: Total time for which application threads were stopped: 0.0001746 seconds, Stopping threads took: 0.0000325 seconds
2023-04-24T17:09:53.380+0530: 16674.214: Total time for which application threads were stopped: 0.0003221 seconds, Stopping threads took: 0.0000682 seconds
2023-04-24T17:09:54.381+0530: 16675.214: Total time for which application threads were stopped: 0.0001063 seconds, Stopping threads took: 0.0000197 seconds
2023-04-24T17:10:00.382+0530: 16681.215: Total time for which application threads were stopped: 0.0002937 seconds, Stopping threads took: 0.0001051 seconds
2023-04-24T17:10:11.620+0530: 16692.453: Total time for which application threads were stopped: 0.0002648 seconds, Stopping threads took: 0.0001203 seconds
2023-04-24T17:10:11.623+0530: 16692.457: Total time for which application threads were stopped: 0.0001325 seconds, Stopping threads took: 0.0000293 seconds
2023-04-24T17:10:24.329+0530: 16705.162: Total time for which application threads were stopped: 0.0001356 seconds, Stopping threads took: 0.0000242 seconds
2023-04-24T17:10:24.332+0530: 16705.165: Total time for which application threads were stopped: 0.0001142 seconds, Stopping threads took: 0.0000214 seconds
2023-04-24T17:10:24.333+0530: 16705.166: Total time for which application threads were stopped: 0.0001114 seconds, Stopping threads took: 0.0000158 seconds
2023-04-24T17:10:37.855+0530: 16718.689: Total time for which application threads were stopped: 0.0001583 seconds, Stopping threads took: 0.0000465 seconds
2023-04-24T17:10:37.856+0530: 16718.690: Total time for which application threads were stopped: 0.0000762 seconds, Stopping threads took: 0.0000113 seconds
2023-04-24T17:10:37.856+0530: 16718.690: Total time for which application threads were stopped: 0.0000556 seconds, Stopping threads took: 0.0000094 seconds
2023-04-24T17:10:37.858+0530: 16718.692: Total time for which application threads were stopped: 0.0000834 seconds, Stopping threads took: 0.0000192 seconds
2023-04-24T17:12:19.423+0530: 16820.256: Total time for which application threads were stopped: 0.0001443 seconds, Stopping threads took: 0.0000448 seconds
2023-04-24T17:12:19.426+0530: 16820.259: Total time for which application threads were stopped: 0.0001079 seconds, Stopping threads took: 0.0000223 seconds
2023-04-24T17:12:19.427+0530: 16820.260: Total time for which application threads were stopped: 0.0001674 seconds, Stopping threads took: 0.0000152 seconds
2023-04-24T17:12:35.254+0530: 16836.088: Total time for which application threads were stopped: 0.0001402 seconds, Stopping threads took: 0.0000419 seconds
2023-04-24T17:12:35.255+0530: 16836.088: Total time for which application threads were stopped: 0.0001030 seconds, Stopping threads took: 0.0000139 seconds
2023-04-24T17:12:35.257+0530: 16836.091: Total time for which application threads were stopped: 0.0001115 seconds, Stopping threads took: 0.0000244 seconds
2023-04-24T17:12:36.258+0530: 16837.091: Total time for which application threads were stopped: 0.0002143 seconds, Stopping threads took: 0.0000473 seconds
2023-04-24T17:13:16.450+0530: 16877.283: Total time for which application threads were stopped: 0.0001976 seconds, Stopping threads took: 0.0000571 seconds
2023-04-24T17:13:16.453+0530: 16877.287: Total time for which application threads were stopped: 0.0001542 seconds, Stopping threads took: 0.0000328 seconds
{Heap before GC invocations=21 (full 2):
 par new generation   total 109248K, used 106813K [0x00000000e0000000, 0x00000000e8000000, 0x00000000e8000000)
  eden space 87424K, 100% used [0x00000000e0000000, 0x00000000e5560000, 0x00000000e5560000)
  from space 21824K,  88% used [0x00000000e6ab0000, 0x00000000e7d9f558, 0x00000000e8000000)
  to   space 21824K,   0% used [0x00000000e5560000, 0x00000000e5560000, 0x00000000e6ab0000)
 concurrent mark-sweep generation total 393216K, used 26479K [0x00000000e8000000, 0x0000000100000000, 0x0000000100000000)
 Metaspace       used 38926K, capacity 39550K, committed 40084K, reserved 1085440K
  class space    used 4443K, capacity 4637K, committed 4756K, reserved 1048576K
2023-04-24T17:13:16.454+0530: 16877.288: [GC (Allocation Failure) 2023-04-24T17:13:16.455+0530: 16877.288: [ParNew
Desired survivor size 20112992 bytes, new threshold 8 (max 8)
- age   1:     602320 bytes,     602320 total
- age   2:      17048 bytes,     619368 total
- age   3:    5686624 bytes,    6305992 total
- age   4:    2591384 bytes,    8897376 total
- age   5:    2077840 bytes,   10975216 total
: 106813K->13929K(109248K), 0.0082797 secs] 133292K->40409K(502464K), 0.0084069 secs] [Times: user=0.03 sys=0.00, real=0.01 secs] 
Heap after GC invocations=22 (full 2):
 par new generation   total 109248K, used 13929K [0x00000000e0000000, 0x00000000e8000000, 0x00000000e8000000)
  eden space 87424K,   0% used [0x00000000e0000000, 0x00000000e0000000, 0x00000000e5560000)
  from space 21824K,  63% used [0x00000000e5560000, 0x00000000e62fa710, 0x00000000e6ab0000)
  to   space 21824K,   0% used [0x00000000e6ab0000, 0x00000000e6ab0000, 0x00000000e8000000)
 concurrent mark-sweep generation total 393216K, used 26479K [0x00000000e8000000, 0x0000000100000000, 0x0000000100000000)
 Metaspace       used 38926K, capacity 39550K, committed 40084K, reserved 1085440K
  class space    used 4443K, capacity 4637K, committed 4756K, reserved 1048576K
}
2023-04-24T17:13:16.463+0530: 16877.296: Total time for which application threads were stopped: 0.0086245 seconds, Stopping threads took: 0.0000258 seconds
2023-04-24T17:14:59.549+0530: 16980.383: Total time for which application threads were stopped: 0.0001258 seconds, Stopping threads took: 0.0000366 seconds
2023-04-24T17:14:59.550+0530: 16980.384: Total time for which application threads were stopped: 0.0001029 seconds, Stopping threads took: 0.0000139 seconds
2023-04-24T17:14:59.550+0530: 16980.384: Total time for which application threads were stopped: 0.0000548 seconds, Stopping threads took: 0.0000079 seconds
2023-04-24T17:14:59.550+0530: 16980.384: Total time for which application threads were stopped: 0.0000488 seconds, Stopping threads took: 0.0000070 seconds
2023-04-24T17:14:59.551+0530: 16980.384: Total time for which application threads were stopped: 0.0000771 seconds, Stopping threads took: 0.0000077 seconds
2023-04-24T17:14:59.551+0530: 16980.384: Total time for which application threads were stopped: 0.0000734 seconds, Stopping threads took: 0.0000118 seconds
2023-04-24T17:14:59.551+0530: 16980.384: Total time for which application threads were stopped: 0.0000595 seconds, Stopping threads took: 0.0000093 seconds
2023-04-24T17:14:59.551+0530: 16980.384: Total time for which application threads were stopped: 0.0000551 seconds, Stopping threads took: 0.0000092 seconds
2023-04-24T17:14:59.551+0530: 16980.384: Total time for which application threads were stopped: 0.0000485 seconds, Stopping threads took: 0.0000073 seconds
2023-04-24T17:14:59.551+0530: 16980.385: Total time for which application threads were stopped: 0.0000487 seconds, Stopping threads took: 0.0000067 seconds
2023-04-24T17:14:59.551+0530: 16980.385: Total time for which application threads were stopped: 0.0000482 seconds, Stopping threads took: 0.0000071 seconds
2023-04-24T17:14:59.551+0530: 16980.385: Total time for which application threads were stopped: 0.0000482 seconds, Stopping threads took: 0.0000073 seconds
2023-04-24T17:14:59.551+0530: 16980.385: Total time for which application threads were stopped: 0.0001569 seconds, Stopping threads took: 0.0000069 seconds
2023-04-24T17:14:59.554+0530: 16980.387: Total time for which application threads were stopped: 0.0001066 seconds, Stopping threads took: 0.0000269 seconds
2023-04-24T17:16:17.931+0530: 17058.764: Total time for which application threads were stopped: 0.0002180 seconds, Stopping threads took: 0.0000682 seconds
2023-04-24T17:16:17.934+0530: 17058.767: Total time for which application threads were stopped: 0.0001136 seconds, Stopping threads took: 0.0000236 seconds
2023-04-24T17:17:04.930+0530: 17105.764: Total time for which application threads were stopped: 0.0001246 seconds, Stopping threads took: 0.0000351 seconds
2023-04-24T17:17:04.934+0530: 17105.767: Total time for which application threads were stopped: 0.0001557 seconds, Stopping threads took: 0.0000773 seconds
2023-04-24T17:17:05.934+0530: 17106.767: Total time for which application threads were stopped: 0.0001092 seconds, Stopping threads took: 0.0000196 seconds
2023-04-24T17:17:37.462+0530: 17138.295: Total time for which application threads were stopped: 0.0001979 seconds, Stopping threads took: 0.0000586 seconds
2023-04-24T17:17:37.466+0530: 17138.299: Total time for which application threads were stopped: 0.0001129 seconds, Stopping threads took: 0.0000226 seconds
2023-04-24T17:17:38.466+0530: 17139.299: Total time for which application threads were stopped: 0.0002328 seconds, Stopping threads took: 0.0000490 seconds
2023-04-24T17:17:51.201+0530: 17152.035: Total time for which application threads were stopped: 0.0003059 seconds, Stopping threads took: 0.0000834 seconds
2023-04-24T17:17:51.209+0530: 17152.043: Total time for which application threads were stopped: 0.0004953 seconds, Stopping threads took: 0.0001569 seconds
2023-04-24T17:17:51.212+0530: 17152.045: Total time for which application threads were stopped: 0.0009904 seconds, Stopping threads took: 0.0007669 seconds
2023-04-24T17:17:51.220+0530: 17152.053: Total time for which application threads were stopped: 0.0001762 seconds, Stopping threads took: 0.0000554 seconds
2023-04-24T17:17:51.223+0530: 17152.057: Total time for which application threads were stopped: 0.0001861 seconds, Stopping threads took: 0.0000650 seconds
2023-04-24T17:17:51.224+0530: 17152.057: Total time for which application threads were stopped: 0.0000841 seconds, Stopping threads took: 0.0000222 seconds
2023-04-24T17:17:51.224+0530: 17152.058: Total time for which application threads were stopped: 0.0000727 seconds, Stopping threads took: 0.0000194 seconds
2023-04-24T17:17:51.224+0530: 17152.058: Total time for which application threads were stopped: 0.0000669 seconds, Stopping threads took: 0.0000146 seconds
2023-04-24T17:17:51.229+0530: 17152.062: Total time for which application threads were stopped: 0.0001404 seconds, Stopping threads took: 0.0000326 seconds
2023-04-24T17:17:51.229+0530: 17152.062: Total time for which application threads were stopped: 0.0000920 seconds, Stopping threads took: 0.0000381 seconds
2023-04-24T17:17:51.230+0530: 17152.063: Total time for which application threads were stopped: 0.0001128 seconds, Stopping threads took: 0.0000388 seconds
2023-04-24T17:17:51.250+0530: 17152.083: Total time for which application threads were stopped: 0.0001279 seconds, Stopping threads took: 0.0000221 seconds
2023-04-24T17:17:51.250+0530: 17152.083: Total time for which application threads were stopped: 0.0000593 seconds, Stopping threads took: 0.0000150 seconds
2023-04-24T17:17:51.251+0530: 17152.084: Total time for which application threads were stopped: 0.0000745 seconds, Stopping threads took: 0.0000145 seconds
2023-04-24T17:17:51.273+0530: 17152.107: Total time for which application threads were stopped: 0.0000939 seconds, Stopping threads took: 0.0000186 seconds
2023-04-24T17:17:51.297+0530: 17152.131: Total time for which application threads were stopped: 0.0001993 seconds, Stopping threads took: 0.0000375 seconds
2023-04-24T17:17:51.299+0530: 17152.132: Total time for which application threads were stopped: 0.0001664 seconds, Stopping threads took: 0.0000454 seconds
2023-04-24T17:17:51.299+0530: 17152.133: Total time for which application threads were stopped: 0.0001654 seconds, Stopping threads took: 0.0000699 seconds
2023-04-24T17:17:51.299+0530: 17152.133: Total time for which application threads were stopped: 0.0001568 seconds, Stopping threads took: 0.0000648 seconds
2023-04-24T17:17:51.300+0530: 17152.133: Total time for which application threads were stopped: 0.0001798 seconds, Stopping threads took: 0.0000813 seconds
2023-04-24T17:17:58.745+0530: 17159.579: Total time for which application threads were stopped: 0.0002317 seconds, Stopping threads took: 0.0000266 seconds
2023-04-24T17:17:58.750+0530: 17159.584: Total time for which application threads were stopped: 0.0001073 seconds, Stopping threads took: 0.0000184 seconds
2023-04-24T17:17:58.751+0530: 17159.584: Total time for which application threads were stopped: 0.0000714 seconds, Stopping threads took: 0.0000111 seconds
2023-04-24T17:17:58.751+0530: 17159.584: Total time for which application threads were stopped: 0.0000704 seconds, Stopping threads took: 0.0000109 seconds
2023-04-24T17:17:58.751+0530: 17159.585: Total time for which application threads were stopped: 0.0001261 seconds, Stopping threads took: 0.0000634 seconds
2023-04-24T17:17:58.752+0530: 17159.585: Total time for which application threads were stopped: 0.0000952 seconds, Stopping threads took: 0.0000343 seconds
2023-04-24T17:17:59.752+0530: 17160.585: Total time for which application threads were stopped: 0.0002286 seconds, Stopping threads took: 0.0000466 seconds
2023-04-24T17:18:01.108+0530: 17161.941: Total time for which application threads were stopped: 0.0001579 seconds, Stopping threads took: 0.0000302 seconds
2023-04-24T17:18:01.111+0530: 17161.945: Total time for which application threads were stopped: 0.0001252 seconds, Stopping threads took: 0.0000217 seconds
2023-04-24T17:18:01.113+0530: 17161.946: Total time for which application threads were stopped: 0.0001227 seconds, Stopping threads took: 0.0000195 seconds
2023-04-24T17:18:01.113+0530: 17161.946: Total time for which application threads were stopped: 0.0000803 seconds, Stopping threads took: 0.0000127 seconds
2023-04-24T17:18:01.113+0530: 17161.946: Total time for which application threads were stopped: 0.0000692 seconds, Stopping threads took: 0.0000114 seconds
2023-04-24T17:18:02.113+0530: 17162.947: Total time for which application threads were stopped: 0.0002356 seconds, Stopping threads took: 0.0000434 seconds
2023-04-24T17:18:03.755+0530: 17164.588: Total time for which application threads were stopped: 0.0001184 seconds, Stopping threads took: 0.0000224 seconds
2023-04-24T17:18:03.756+0530: 17164.589: Total time for which application threads were stopped: 0.0001148 seconds, Stopping threads took: 0.0000157 seconds
2023-04-24T17:18:03.758+0530: 17164.592: Total time for which application threads were stopped: 0.0001042 seconds, Stopping threads took: 0.0000202 seconds
2023-04-24T17:18:03.759+0530: 17164.592: Total time for which application threads were stopped: 0.0001025 seconds, Stopping threads took: 0.0000148 seconds
2023-04-24T17:18:04.759+0530: 17165.593: Total time for which application threads were stopped: 0.0002259 seconds, Stopping threads took: 0.0000485 seconds
2023-04-24T17:18:29.403+0530: 17190.237: Total time for which application threads were stopped: 0.0001322 seconds, Stopping threads took: 0.0000401 seconds
2023-04-24T17:18:29.404+0530: 17190.238: Total time for which application threads were stopped: 0.0000966 seconds, Stopping threads took: 0.0000137 seconds
2023-04-24T17:18:29.407+0530: 17190.240: Total time for which application threads were stopped: 0.0000959 seconds, Stopping threads took: 0.0000174 seconds
2023-04-24T17:18:30.407+0530: 17191.241: Total time for which application threads were stopped: 0.0003396 seconds, Stopping threads took: 0.0000533 seconds
2023-04-24T17:18:41.410+0530: 17202.243: Total time for which application threads were stopped: 0.0002368 seconds, Stopping threads took: 0.0000527 seconds
2023-04-24T17:19:04.626+0530: 17225.460: Total time for which application threads were stopped: 0.0001308 seconds, Stopping threads took: 0.0000387 seconds
2023-04-24T17:19:04.627+0530: 17225.461: Total time for which application threads were stopped: 0.0001337 seconds, Stopping threads took: 0.0000436 seconds
2023-04-24T17:19:04.627+0530: 17225.461: Total time for which application threads were stopped: 0.0000721 seconds, Stopping threads took: 0.0000167 seconds
2023-04-24T17:19:04.628+0530: 17225.462: Total time for which application threads were stopped: 0.0001038 seconds, Stopping threads took: 0.0000201 seconds
2023-04-24T17:19:05.629+0530: 17226.462: Total time for which application threads were stopped: 0.0002571 seconds, Stopping threads took: 0.0000472 seconds
2023-04-24T17:19:10.281+0530: 17231.115: Total time for which application threads were stopped: 0.0002465 seconds, Stopping threads took: 0.0000497 seconds
2023-04-24T17:19:11.282+0530: 17232.115: Total time for which application threads were stopped: 0.0002473 seconds, Stopping threads took: 0.0000534 seconds
2023-04-24T17:19:54.289+0530: 17275.122: Total time for which application threads were stopped: 0.0002408 seconds, Stopping threads took: 0.0000532 seconds
2023-04-24T17:20:18.442+0530: 17299.275: Total time for which application threads were stopped: 0.0006585 seconds, Stopping threads took: 0.0003386 seconds
2023-04-24T17:20:18.443+0530: 17299.276: Total time for which application threads were stopped: 0.0004730 seconds, Stopping threads took: 0.0002258 seconds
2023-04-24T17:20:18.446+0530: 17299.279: Total time for which application threads were stopped: 0.0004676 seconds, Stopping threads took: 0.0001724 seconds
2023-04-24T17:20:18.447+0530: 17299.281: Total time for which application threads were stopped: 0.0004217 seconds, Stopping threads took: 0.0001532 seconds
2023-04-24T17:20:18.448+0530: 17299.281: Total time for which application threads were stopped: 0.0002527 seconds, Stopping threads took: 0.0000753 seconds
2023-04-24T17:20:18.449+0530: 17299.282: Total time for which application threads were stopped: 0.0003468 seconds, Stopping threads took: 0.0000711 seconds
2023-04-24T17:20:18.449+0530: 17299.283: Total time for which application threads were stopped: 0.0001846 seconds, Stopping threads took: 0.0000505 seconds
2023-04-24T17:20:18.450+0530: 17299.284: Total time for which application threads were stopped: 0.0001521 seconds, Stopping threads took: 0.0000461 seconds
2023-04-24T17:20:18.451+0530: 17299.284: Total time for which application threads were stopped: 0.0002003 seconds, Stopping threads took: 0.0000457 seconds
2023-04-24T17:20:18.451+0530: 17299.285: Total time for which application threads were stopped: 0.0002131 seconds, Stopping threads took: 0.0000852 seconds
2023-04-24T17:20:18.451+0530: 17299.285: Total time for which application threads were stopped: 0.0002427 seconds, Stopping threads took: 0.0001163 seconds
2023-04-24T17:20:18.452+0530: 17299.286: Total time for which application threads were stopped: 0.0001820 seconds, Stopping threads took: 0.0000331 seconds
2023-04-24T17:20:18.453+0530: 17299.286: Total time for which application threads were stopped: 0.0001419 seconds, Stopping threads took: 0.0000292 seconds
2023-04-24T17:20:18.453+0530: 17299.286: Total time for which application threads were stopped: 0.0003006 seconds, Stopping threads took: 0.0000272 seconds
2023-04-24T17:20:18.459+0530: 17299.292: Total time for which application threads were stopped: 0.0001248 seconds, Stopping threads took: 0.0000326 seconds
2023-04-24T17:20:18.459+0530: 17299.293: Total time for which application threads were stopped: 0.0000994 seconds, Stopping threads took: 0.0000241 seconds
2023-04-24T17:20:18.460+0530: 17299.293: Total time for which application threads were stopped: 0.0001196 seconds, Stopping threads took: 0.0000270 seconds
2023-04-24T17:20:18.460+0530: 17299.294: Total time for which application threads were stopped: 0.0001105 seconds, Stopping threads took: 0.0000414 seconds
2023-04-24T17:20:18.533+0530: 17299.367: Total time for which application threads were stopped: 0.0001133 seconds, Stopping threads took: 0.0000153 seconds
2023-04-24T17:20:18.533+0530: 17299.367: Total time for which application threads were stopped: 0.0000357 seconds, Stopping threads took: 0.0000088 seconds
2023-04-24T17:20:18.533+0530: 17299.367: Total time for which application threads were stopped: 0.0000300 seconds, Stopping threads took: 0.0000074 seconds
2023-04-24T17:20:19.534+0530: 17300.367: Total time for which application threads were stopped: 0.0002222 seconds, Stopping threads took: 0.0000495 seconds
2023-04-24T17:20:30.698+0530: 17311.532: Total time for which application threads were stopped: 0.0001573 seconds, Stopping threads took: 0.0000277 seconds
2023-04-24T17:20:30.702+0530: 17311.536: Total time for which application threads were stopped: 0.0001304 seconds, Stopping threads took: 0.0000322 seconds
2023-04-24T17:20:30.703+0530: 17311.536: Total time for which application threads were stopped: 0.0001048 seconds, Stopping threads took: 0.0000214 seconds
2023-04-24T17:20:30.703+0530: 17311.537: Total time for which application threads were stopped: 0.0000811 seconds, Stopping threads took: 0.0000164 seconds
2023-04-24T17:20:30.703+0530: 17311.537: Total time for which application threads were stopped: 0.0000767 seconds, Stopping threads took: 0.0000152 seconds
2023-04-24T17:20:30.704+0530: 17311.537: Total time for which application threads were stopped: 0.0001885 seconds, Stopping threads took: 0.0001272 seconds
2023-04-24T17:20:31.704+0530: 17312.538: Total time for which application threads were stopped: 0.0002536 seconds, Stopping threads took: 0.0000478 seconds
2023-04-24T17:20:40.230+0530: 17321.063: Total time for which application threads were stopped: 0.0001119 seconds, Stopping threads took: 0.0000225 seconds
2023-04-24T17:21:00.841+0530: 17341.675: Total time for which application threads were stopped: 0.0001670 seconds, Stopping threads took: 0.0000477 seconds
2023-04-24T17:21:00.842+0530: 17341.676: Total time for which application threads were stopped: 0.0001120 seconds, Stopping threads took: 0.0000271 seconds
2023-04-24T17:21:00.842+0530: 17341.676: Total time for which application threads were stopped: 0.0000945 seconds, Stopping threads took: 0.0000165 seconds
2023-04-24T17:21:00.843+0530: 17341.676: Total time for which application threads were stopped: 0.0001936 seconds, Stopping threads took: 0.0001143 seconds
2023-04-24T17:21:00.843+0530: 17341.676: Total time for which application threads were stopped: 0.0000896 seconds, Stopping threads took: 0.0000189 seconds
2023-04-24T17:21:00.844+0530: 17341.677: Total time for which application threads were stopped: 0.0001379 seconds, Stopping threads took: 0.0000838 seconds
2023-04-24T17:21:00.846+0530: 17341.679: Total time for which application threads were stopped: 0.0001762 seconds, Stopping threads took: 0.0000924 seconds
2023-04-24T17:21:08.847+0530: 17349.681: Total time for which application threads were stopped: 0.0000905 seconds, Stopping threads took: 0.0000200 seconds
2023-04-24T17:21:19.056+0530: 17359.889: Total time for which application threads were stopped: 0.0001438 seconds, Stopping threads took: 0.0000457 seconds
2023-04-24T17:21:19.059+0530: 17359.893: Total time for which application threads were stopped: 0.0001166 seconds, Stopping threads took: 0.0000193 seconds
2023-04-24T17:21:20.059+0530: 17360.893: Total time for which application threads were stopped: 0.0002336 seconds, Stopping threads took: 0.0000476 seconds
2023-04-24T17:21:29.075+0530: 17369.909: Total time for which application threads were stopped: 0.0002003 seconds, Stopping threads took: 0.0000440 seconds
2023-04-24T17:21:31.075+0530: 17371.909: Total time for which application threads were stopped: 0.0002040 seconds, Stopping threads took: 0.0000455 seconds
2023-04-24T17:21:34.076+0530: 17374.910: Total time for which application threads were stopped: 0.0002047 seconds, Stopping threads took: 0.0000469 seconds
2023-04-24T17:21:55.664+0530: 17396.497: Total time for which application threads were stopped: 0.0001612 seconds, Stopping threads took: 0.0000469 seconds
2023-04-24T17:21:55.666+0530: 17396.500: Total time for which application threads were stopped: 0.0001269 seconds, Stopping threads took: 0.0000211 seconds
2023-04-24T17:22:11.539+0530: 17412.372: Total time for which application threads were stopped: 0.0000886 seconds, Stopping threads took: 0.0000175 seconds
2023-04-24T17:22:11.540+0530: 17412.373: Total time for which application threads were stopped: 0.0001011 seconds, Stopping threads took: 0.0000134 seconds
2023-04-24T17:22:11.540+0530: 17412.373: Total time for which application threads were stopped: 0.0000586 seconds, Stopping threads took: 0.0000067 seconds
2023-04-24T17:22:11.540+0530: 17412.373: Total time for which application threads were stopped: 0.0000506 seconds, Stopping threads took: 0.0000065 seconds
2023-04-24T17:22:11.540+0530: 17412.373: Total time for which application threads were stopped: 0.0000498 seconds, Stopping threads took: 0.0000070 seconds
2023-04-24T17:22:11.540+0530: 17412.373: Total time for which application threads were stopped: 0.0000492 seconds, Stopping threads took: 0.0000073 seconds
2023-04-24T17:22:11.540+0530: 17412.373: Total time for which application threads were stopped: 0.0000498 seconds, Stopping threads took: 0.0000071 seconds
2023-04-24T17:22:11.540+0530: 17412.373: Total time for which application threads were stopped: 0.0000522 seconds, Stopping threads took: 0.0000080 seconds
2023-04-24T17:22:11.542+0530: 17412.375: Total time for which application threads were stopped: 0.0000741 seconds, Stopping threads took: 0.0000145 seconds
2023-04-24T17:22:59.836+0530: 17460.670: Total time for which application threads were stopped: 0.0001265 seconds, Stopping threads took: 0.0000377 seconds
2023-04-24T17:22:59.840+0530: 17460.673: Total time for which application threads were stopped: 0.0000868 seconds, Stopping threads took: 0.0000148 seconds
2023-04-24T17:23:00.840+0530: 17461.673: Total time for which application threads were stopped: 0.0000893 seconds, Stopping threads took: 0.0000201 seconds
2023-04-24T17:23:18.609+0530: 17479.443: Total time for which application threads were stopped: 0.0001461 seconds, Stopping threads took: 0.0000413 seconds
2023-04-24T17:23:18.613+0530: 17479.447: Total time for which application threads were stopped: 0.0002242 seconds, Stopping threads took: 0.0001073 seconds
2023-04-24T17:23:18.614+0530: 17479.448: Total time for which application threads were stopped: 0.0001100 seconds, Stopping threads took: 0.0000192 seconds
2023-04-24T17:26:39.376+0530: 17680.210: Total time for which application threads were stopped: 0.0001883 seconds, Stopping threads took: 0.0000401 seconds
2023-04-24T17:26:39.380+0530: 17680.213: Total time for which application threads were stopped: 0.0001517 seconds, Stopping threads took: 0.0000548 seconds
2023-04-24T17:28:14.338+0530: 17775.172: Total time for which application threads were stopped: 0.0002590 seconds, Stopping threads took: 0.0000453 seconds
2023-04-24T17:28:14.341+0530: 17775.174: Total time for which application threads were stopped: 0.0001064 seconds, Stopping threads took: 0.0000191 seconds
2023-04-24T17:28:33.429+0530: 17794.262: Total time for which application threads were stopped: 0.0001682 seconds, Stopping threads took: 0.0000495 seconds
2023-04-24T17:28:33.430+0530: 17794.263: Total time for which application threads were stopped: 0.0001332 seconds, Stopping threads took: 0.0000247 seconds
2023-04-24T17:28:33.432+0530: 17794.266: Total time for which application threads were stopped: 0.0001777 seconds, Stopping threads took: 0.0000866 seconds
2023-04-24T17:29:15.987+0530: 17836.820: Total time for which application threads were stopped: 0.0001528 seconds, Stopping threads took: 0.0000462 seconds
2023-04-24T17:29:15.988+0530: 17836.821: Total time for which application threads were stopped: 0.0001197 seconds, Stopping threads took: 0.0000160 seconds
2023-04-24T17:29:15.988+0530: 17836.822: Total time for which application threads were stopped: 0.0000935 seconds, Stopping threads took: 0.0000144 seconds
2023-04-24T17:29:15.988+0530: 17836.822: Total time for which application threads were stopped: 0.0000927 seconds, Stopping threads took: 0.0000143 seconds
2023-04-24T17:29:15.989+0530: 17836.822: Total time for which application threads were stopped: 0.0000934 seconds, Stopping threads took: 0.0000142 seconds
2023-04-24T17:29:15.989+0530: 17836.822: Total time for which application threads were stopped: 0.0000924 seconds, Stopping threads took: 0.0000143 seconds
2023-04-24T17:29:15.989+0530: 17836.823: Total time for which application threads were stopped: 0.0000748 seconds, Stopping threads took: 0.0000111 seconds
2023-04-24T17:29:15.989+0530: 17836.823: Total time for which application threads were stopped: 0.0000701 seconds, Stopping threads took: 0.0000100 seconds
2023-04-24T17:29:15.989+0530: 17836.823: Total time for which application threads were stopped: 0.0000628 seconds, Stopping threads took: 0.0000089 seconds
2023-04-24T17:29:15.990+0530: 17836.823: Total time for which application threads were stopped: 0.0002034 seconds, Stopping threads took: 0.0000077 seconds
2023-04-24T17:29:15.993+0530: 17836.826: Total time for which application threads were stopped: 0.0001613 seconds, Stopping threads took: 0.0000700 seconds
2023-04-24T17:31:17.941+0530: 17958.775: Total time for which application threads were stopped: 0.0001466 seconds, Stopping threads took: 0.0000432 seconds
2023-04-24T17:31:17.944+0530: 17958.778: Total time for which application threads were stopped: 0.0001085 seconds, Stopping threads took: 0.0000186 seconds
2023-04-24T17:31:18.944+0530: 17959.778: Total time for which application threads were stopped: 0.0002065 seconds, Stopping threads took: 0.0000433 seconds
2023-04-24T17:31:59.684+0530: 18000.518: Total time for which application threads were stopped: 0.0001377 seconds, Stopping threads took: 0.0000423 seconds
2023-04-24T17:31:59.687+0530: 18000.521: Total time for which application threads were stopped: 0.0001833 seconds, Stopping threads took: 0.0000980 seconds
2023-04-24T17:32:48.776+0530: 18049.609: Total time for which application threads were stopped: 0.0001558 seconds, Stopping threads took: 0.0000463 seconds
2023-04-24T17:32:48.777+0530: 18049.610: Total time for which application threads were stopped: 0.0001680 seconds, Stopping threads took: 0.0000609 seconds
2023-04-24T17:32:48.779+0530: 18049.613: Total time for which application threads were stopped: 0.0001519 seconds, Stopping threads took: 0.0000287 seconds
2023-04-24T17:32:56.824+0530: 18057.657: Total time for which application threads were stopped: 0.0001373 seconds, Stopping threads took: 0.0000249 seconds
2023-04-24T17:32:56.830+0530: 18057.663: Total time for which application threads were stopped: 0.0001200 seconds, Stopping threads took: 0.0000258 seconds
2023-04-24T17:32:56.831+0530: 18057.664: Total time for which application threads were stopped: 0.0001680 seconds, Stopping threads took: 0.0000851 seconds
2023-04-24T17:33:49.221+0530: 18110.054: Total time for which application threads were stopped: 0.0001645 seconds, Stopping threads took: 0.0000424 seconds
2023-04-24T17:33:49.225+0530: 18110.058: Total time for which application threads were stopped: 0.0001136 seconds, Stopping threads took: 0.0000264 seconds
2023-04-24T17:33:49.226+0530: 18110.059: Total time for which application threads were stopped: 0.0001153 seconds, Stopping threads took: 0.0000226 seconds
2023-04-24T17:37:27.844+0530: 18328.678: Total time for which application threads were stopped: 0.0001178 seconds, Stopping threads took: 0.0000336 seconds
2023-04-24T17:37:27.852+0530: 18328.686: Total time for which application threads were stopped: 0.0000912 seconds, Stopping threads took: 0.0000137 seconds
2023-04-24T17:37:28.853+0530: 18329.686: Total time for which application threads were stopped: 0.0002387 seconds, Stopping threads took: 0.0000512 seconds
2023-04-24T17:37:40.940+0530: 18341.774: Total time for which application threads were stopped: 0.0002521 seconds, Stopping threads took: 0.0000759 seconds
2023-04-24T17:37:40.947+0530: 18341.780: Total time for which application threads were stopped: 0.0002123 seconds, Stopping threads took: 0.0000830 seconds
2023-04-24T17:38:14.462+0530: 18375.295: Total time for which application threads were stopped: 0.0001536 seconds, Stopping threads took: 0.0000466 seconds
2023-04-24T17:38:14.463+0530: 18375.296: Total time for which application threads were stopped: 0.0001713 seconds, Stopping threads took: 0.0000326 seconds
2023-04-24T17:38:14.467+0530: 18375.301: Total time for which application threads were stopped: 0.0001097 seconds, Stopping threads took: 0.0000260 seconds
2023-04-24T17:38:14.468+0530: 18375.301: Total time for which application threads were stopped: 0.0001075 seconds, Stopping threads took: 0.0000163 seconds
2023-04-24T17:38:58.769+0530: 18419.602: Total time for which application threads were stopped: 0.0002110 seconds, Stopping threads took: 0.0000630 seconds
2023-04-24T17:38:58.773+0530: 18419.606: Total time for which application threads were stopped: 0.0002994 seconds, Stopping threads took: 0.0000263 seconds
2023-04-24T17:39:11.738+0530: 18432.571: Total time for which application threads were stopped: 0.0004314 seconds, Stopping threads took: 0.0001782 seconds
2023-04-24T17:39:11.745+0530: 18432.578: Total time for which application threads were stopped: 0.0005408 seconds, Stopping threads took: 0.0002040 seconds
2023-04-24T17:39:11.761+0530: 18432.595: Total time for which application threads were stopped: 0.0001654 seconds, Stopping threads took: 0.0000297 seconds
2023-04-24T17:39:11.761+0530: 18432.595: Total time for which application threads were stopped: 0.0000734 seconds, Stopping threads took: 0.0000120 seconds
2023-04-24T17:39:11.762+0530: 18432.595: Total time for which application threads were stopped: 0.0000713 seconds, Stopping threads took: 0.0000088 seconds
2023-04-24T17:39:11.762+0530: 18432.595: Total time for which application threads were stopped: 0.0000636 seconds, Stopping threads took: 0.0000084 seconds
2023-04-24T17:39:11.827+0530: 18432.660: Total time for which application threads were stopped: 0.0001276 seconds, Stopping threads took: 0.0000345 seconds
2023-04-24T17:39:11.827+0530: 18432.660: Total time for which application threads were stopped: 0.0000657 seconds, Stopping threads took: 0.0000142 seconds
2023-04-24T17:39:11.827+0530: 18432.660: Total time for which application threads were stopped: 0.0000497 seconds, Stopping threads took: 0.0000116 seconds
2023-04-24T17:39:11.827+0530: 18432.660: Total time for which application threads were stopped: 0.0000484 seconds, Stopping threads took: 0.0000171 seconds
2023-04-24T17:39:11.827+0530: 18432.661: Total time for which application threads were stopped: 0.0000335 seconds, Stopping threads took: 0.0000073 seconds
2023-04-24T17:39:11.827+0530: 18432.661: Total time for which application threads were stopped: 0.0000511 seconds, Stopping threads took: 0.0000111 seconds
2023-04-24T17:39:11.827+0530: 18432.661: Total time for which application threads were stopped: 0.0000387 seconds, Stopping threads took: 0.0000112 seconds
2023-04-24T17:39:11.827+0530: 18432.661: Total time for which application threads were stopped: 0.0000544 seconds, Stopping threads took: 0.0000173 seconds
2023-04-24T17:39:11.827+0530: 18432.661: Total time for which application threads were stopped: 0.0000479 seconds, Stopping threads took: 0.0000205 seconds
2023-04-24T17:39:11.827+0530: 18432.661: Total time for which application threads were stopped: 0.0000382 seconds, Stopping threads took: 0.0000159 seconds
2023-04-24T17:39:11.827+0530: 18432.661: Total time for which application threads were stopped: 0.0000368 seconds, Stopping threads took: 0.0000147 seconds
2023-04-24T17:39:11.827+0530: 18432.661: Total time for which application threads were stopped: 0.0000326 seconds, Stopping threads took: 0.0000103 seconds
2023-04-24T17:39:11.828+0530: 18432.661: Total time for which application threads were stopped: 0.0000356 seconds, Stopping threads took: 0.0000136 seconds
2023-04-24T17:39:11.828+0530: 18432.661: Total time for which application threads were stopped: 0.0000347 seconds, Stopping threads took: 0.0000121 seconds
2023-04-24T17:39:11.828+0530: 18432.661: Total time for which application threads were stopped: 0.0001005 seconds, Stopping threads took: 0.0000145 seconds
2023-04-24T17:39:11.828+0530: 18432.661: Total time for which application threads were stopped: 0.0000308 seconds, Stopping threads took: 0.0000076 seconds
2023-04-24T17:39:11.828+0530: 18432.661: Total time for which application threads were stopped: 0.0000261 seconds, Stopping threads took: 0.0000063 seconds
2023-04-24T17:39:11.828+0530: 18432.661: Total time for which application threads were stopped: 0.0000971 seconds, Stopping threads took: 0.0000513 seconds
2023-04-24T17:39:12.828+0530: 18433.662: Total time for which application threads were stopped: 0.0000803 seconds, Stopping threads took: 0.0000181 seconds
2023-04-24T17:39:18.169+0530: 18439.002: Total time for which application threads were stopped: 0.0002170 seconds, Stopping threads took: 0.0000390 seconds
2023-04-24T17:39:18.174+0530: 18439.008: Total time for which application threads were stopped: 0.0002085 seconds, Stopping threads took: 0.0000692 seconds
2023-04-24T17:39:18.176+0530: 18439.010: Total time for which application threads were stopped: 0.0001171 seconds, Stopping threads took: 0.0000165 seconds
2023-04-24T17:39:18.177+0530: 18439.010: Total time for which application threads were stopped: 0.0000940 seconds, Stopping threads took: 0.0000122 seconds
2023-04-24T17:39:18.177+0530: 18439.010: Total time for which application threads were stopped: 0.0000765 seconds, Stopping threads took: 0.0000091 seconds
2023-04-24T17:39:18.177+0530: 18439.011: Total time for which application threads were stopped: 0.0000786 seconds, Stopping threads took: 0.0000112 seconds
2023-04-24T17:39:22.991+0530: 18443.824: Total time for which application threads were stopped: 0.0001389 seconds, Stopping threads took: 0.0000252 seconds
2023-04-24T17:39:22.994+0530: 18443.828: Total time for which application threads were stopped: 0.0001263 seconds, Stopping threads took: 0.0000215 seconds
2023-04-24T17:39:23.995+0530: 18444.828: Total time for which application threads were stopped: 0.0002553 seconds, Stopping threads took: 0.0000511 seconds
2023-04-24T17:39:39.234+0530: 18460.068: Total time for which application threads were stopped: 0.0001297 seconds, Stopping threads took: 0.0000232 seconds
2023-04-24T17:39:39.235+0530: 18460.068: Total time for which application threads were stopped: 0.0001303 seconds, Stopping threads took: 0.0000139 seconds
2023-04-24T17:39:39.235+0530: 18460.069: Total time for which application threads were stopped: 0.0000815 seconds, Stopping threads took: 0.0000103 seconds
2023-04-24T17:39:39.235+0530: 18460.069: Total time for which application threads were stopped: 0.0000717 seconds, Stopping threads took: 0.0000091 seconds
2023-04-24T17:39:39.235+0530: 18460.069: Total time for which application threads were stopped: 0.0000688 seconds, Stopping threads took: 0.0000087 seconds
2023-04-24T17:39:39.236+0530: 18460.070: Total time for which application threads were stopped: 0.0000913 seconds, Stopping threads took: 0.0000122 seconds
2023-04-24T17:39:39.239+0530: 18460.073: Total time for which application threads were stopped: 0.0001158 seconds, Stopping threads took: 0.0000167 seconds
2023-04-24T17:39:39.240+0530: 18460.073: Total time for which application threads were stopped: 0.0001215 seconds, Stopping threads took: 0.0000353 seconds
2023-04-24T17:40:11.019+0530: 18491.852: Total time for which application threads were stopped: 0.0001832 seconds, Stopping threads took: 0.0000473 seconds
2023-04-24T17:40:11.022+0530: 18491.855: Total time for which application threads were stopped: 0.0001471 seconds, Stopping threads took: 0.0000251 seconds
2023-04-24T17:40:11.023+0530: 18491.856: Total time for which application threads were stopped: 0.0001254 seconds, Stopping threads took: 0.0000187 seconds
2023-04-24T17:40:16.516+0530: 18497.349: Total time for which application threads were stopped: 0.0003567 seconds, Stopping threads took: 0.0000950 seconds
2023-04-24T17:40:16.524+0530: 18497.357: Total time for which application threads were stopped: 0.0005169 seconds, Stopping threads took: 0.0002403 seconds
2023-04-24T17:40:16.535+0530: 18497.369: Total time for which application threads were stopped: 0.0001261 seconds, Stopping threads took: 0.0000303 seconds
2023-04-24T17:40:16.536+0530: 18497.369: Total time for which application threads were stopped: 0.0002995 seconds, Stopping threads took: 0.0000266 seconds
2023-04-24T17:40:16.536+0530: 18497.369: Total time for which application threads were stopped: 0.0001011 seconds, Stopping threads took: 0.0000184 seconds
2023-04-24T17:40:16.536+0530: 18497.369: Total time for which application threads were stopped: 0.0000896 seconds, Stopping threads took: 0.0000146 seconds
2023-04-24T17:40:16.536+0530: 18497.370: Total time for which application threads were stopped: 0.0000861 seconds, Stopping threads took: 0.0000143 seconds
2023-04-24T17:40:16.536+0530: 18497.370: Total time for which application threads were stopped: 0.0000854 seconds, Stopping threads took: 0.0000140 seconds
2023-04-24T17:40:16.536+0530: 18497.370: Total time for which application threads were stopped: 0.0000866 seconds, Stopping threads took: 0.0000143 seconds
2023-04-24T17:40:16.537+0530: 18497.370: Total time for which application threads were stopped: 0.0000916 seconds, Stopping threads took: 0.0000159 seconds
2023-04-24T17:40:16.537+0530: 18497.370: Total time for which application threads were stopped: 0.0000856 seconds, Stopping threads took: 0.0000141 seconds
2023-04-24T17:40:16.600+0530: 18497.433: Total time for which application threads were stopped: 0.0001385 seconds, Stopping threads took: 0.0000328 seconds
2023-04-24T17:40:16.600+0530: 18497.433: Total time for which application threads were stopped: 0.0000909 seconds, Stopping threads took: 0.0000240 seconds
2023-04-24T17:40:16.600+0530: 18497.434: Total time for which application threads were stopped: 0.0000471 seconds, Stopping threads took: 0.0000208 seconds
2023-04-24T17:40:16.600+0530: 18497.434: Total time for which application threads were stopped: 0.0000495 seconds, Stopping threads took: 0.0000224 seconds
2023-04-24T17:40:16.600+0530: 18497.434: Total time for which application threads were stopped: 0.0000451 seconds, Stopping threads took: 0.0000197 seconds
2023-04-24T17:40:16.600+0530: 18497.434: Total time for which application threads were stopped: 0.0000329 seconds, Stopping threads took: 0.0000070 seconds
2023-04-24T17:40:16.600+0530: 18497.434: Total time for which application threads were stopped: 0.0000426 seconds, Stopping threads took: 0.0000070 seconds
2023-04-24T17:40:16.600+0530: 18497.434: Total time for which application threads were stopped: 0.0000534 seconds, Stopping threads took: 0.0000197 seconds
2023-04-24T17:40:16.600+0530: 18497.434: Total time for which application threads were stopped: 0.0000528 seconds, Stopping threads took: 0.0000177 seconds
2023-04-24T17:40:16.601+0530: 18497.434: Total time for which application threads were stopped: 0.0000545 seconds, Stopping threads took: 0.0000190 seconds
2023-04-24T17:40:17.243+0530: 18498.076: Total time for which application threads were stopped: 0.0003004 seconds, Stopping threads took: 0.0000570 seconds
2023-04-24T17:40:17.249+0530: 18498.083: Total time for which application threads were stopped: 0.0004400 seconds, Stopping threads took: 0.0001510 seconds
2023-04-24T17:40:17.252+0530: 18498.086: Total time for which application threads were stopped: 0.0003240 seconds, Stopping threads took: 0.0000870 seconds
2023-04-24T17:40:17.254+0530: 18498.087: Total time for which application threads were stopped: 0.0003084 seconds, Stopping threads took: 0.0000704 seconds
2023-04-24T17:40:17.254+0530: 18498.088: Total time for which application threads were stopped: 0.0004157 seconds, Stopping threads took: 0.0001621 seconds
2023-04-24T17:40:17.256+0530: 18498.089: Total time for which application threads were stopped: 0.0007570 seconds, Stopping threads took: 0.0001262 seconds
2023-04-24T17:40:17.264+0530: 18498.097: Total time for which application threads were stopped: 0.0002594 seconds, Stopping threads took: 0.0000511 seconds
2023-04-24T17:40:17.265+0530: 18498.098: Total time for which application threads were stopped: 0.0002366 seconds, Stopping threads took: 0.0000420 seconds
2023-04-24T17:40:17.265+0530: 18498.099: Total time for which application threads were stopped: 0.0002355 seconds, Stopping threads took: 0.0000385 seconds
2023-04-24T17:40:17.321+0530: 18498.155: Total time for which application threads were stopped: 0.0001465 seconds, Stopping threads took: 0.0000283 seconds
2023-04-24T17:40:17.322+0530: 18498.155: Total time for which application threads were stopped: 0.0000659 seconds, Stopping threads took: 0.0000226 seconds
2023-04-24T17:40:17.322+0530: 18498.155: Total time for which application threads were stopped: 0.0000481 seconds, Stopping threads took: 0.0000185 seconds
2023-04-24T17:40:17.322+0530: 18498.155: Total time for which application threads were stopped: 0.0000577 seconds, Stopping threads took: 0.0000120 seconds
2023-04-24T17:40:17.322+0530: 18498.156: Total time for which application threads were stopped: 0.0000448 seconds, Stopping threads took: 0.0000095 seconds
2023-04-24T17:40:17.322+0530: 18498.156: Total time for which application threads were stopped: 0.0000637 seconds, Stopping threads took: 0.0000089 seconds
2023-04-24T17:40:17.322+0530: 18498.156: Total time for which application threads were stopped: 0.0000649 seconds, Stopping threads took: 0.0000319 seconds
2023-04-24T17:40:20.600+0530: 18501.433: Total time for which application threads were stopped: 0.0001696 seconds, Stopping threads took: 0.0000324 seconds
2023-04-24T17:40:20.605+0530: 18501.438: Total time for which application threads were stopped: 0.0001250 seconds, Stopping threads took: 0.0000221 seconds
2023-04-24T17:40:20.605+0530: 18501.439: Total time for which application threads were stopped: 0.0001033 seconds, Stopping threads took: 0.0000153 seconds
2023-04-24T17:40:20.606+0530: 18501.439: Total time for which application threads were stopped: 0.0001386 seconds, Stopping threads took: 0.0000214 seconds
2023-04-24T17:40:20.606+0530: 18501.439: Total time for which application threads were stopped: 0.0001098 seconds, Stopping threads took: 0.0000142 seconds
2023-04-24T17:40:20.606+0530: 18501.440: Total time for which application threads were stopped: 0.0000855 seconds, Stopping threads took: 0.0000140 seconds
2023-04-24T17:40:21.607+0530: 18502.440: Total time for which application threads were stopped: 0.0002648 seconds, Stopping threads took: 0.0000592 seconds
2023-04-24T17:40:42.642+0530: 18523.475: Total time for which application threads were stopped: 0.0001349 seconds, Stopping threads took: 0.0000242 seconds
2023-04-24T17:40:42.645+0530: 18523.479: Total time for which application threads were stopped: 0.0001237 seconds, Stopping threads took: 0.0000216 seconds
2023-04-24T17:40:42.646+0530: 18523.480: Total time for which application threads were stopped: 0.0001018 seconds, Stopping threads took: 0.0000133 seconds
2023-04-24T17:41:01.022+0530: 18541.855: Total time for which application threads were stopped: 0.0001330 seconds, Stopping threads took: 0.0000370 seconds
2023-04-24T17:41:01.029+0530: 18541.863: Total time for which application threads were stopped: 0.0001047 seconds, Stopping threads took: 0.0000192 seconds
2023-04-24T17:41:01.030+0530: 18541.863: Total time for which application threads were stopped: 0.0000942 seconds, Stopping threads took: 0.0000112 seconds
2023-04-24T17:41:01.030+0530: 18541.863: Total time for which application threads were stopped: 0.0000634 seconds, Stopping threads took: 0.0000078 seconds
2023-04-24T17:41:06.308+0530: 18547.141: Total time for which application threads were stopped: 0.0002121 seconds, Stopping threads took: 0.0000375 seconds
2023-04-24T17:41:06.309+0530: 18547.143: Total time for which application threads were stopped: 0.0001499 seconds, Stopping threads took: 0.0000239 seconds
2023-04-24T17:41:06.309+0530: 18547.143: Total time for which application threads were stopped: 0.0001292 seconds, Stopping threads took: 0.0000206 seconds
2023-04-24T17:41:06.310+0530: 18547.143: Total time for which application threads were stopped: 0.0001162 seconds, Stopping threads took: 0.0000142 seconds
2023-04-24T17:41:06.313+0530: 18547.146: Total time for which application threads were stopped: 0.0001267 seconds, Stopping threads took: 0.0000203 seconds
2023-04-24T17:42:15.392+0530: 18616.225: Total time for which application threads were stopped: 0.0001932 seconds, Stopping threads took: 0.0000539 seconds
2023-04-24T17:42:15.396+0530: 18616.229: Total time for which application threads were stopped: 0.0001377 seconds, Stopping threads took: 0.0000249 seconds
2023-04-24T17:42:15.397+0530: 18616.230: Total time for which application threads were stopped: 0.0001293 seconds, Stopping threads took: 0.0000197 seconds
2023-04-24T17:42:20.257+0530: 18621.090: Total time for which application threads were stopped: 0.0003739 seconds, Stopping threads took: 0.0000973 seconds
2023-04-24T17:42:20.267+0530: 18621.100: Total time for which application threads were stopped: 0.0004683 seconds, Stopping threads took: 0.0001557 seconds
2023-04-24T17:42:20.267+0530: 18621.101: Total time for which application threads were stopped: 0.0005668 seconds, Stopping threads took: 0.0001718 seconds
2023-04-24T17:42:20.269+0530: 18621.103: Total time for which application threads were stopped: 0.0003574 seconds, Stopping threads took: 0.0001339 seconds
2023-04-24T17:42:20.271+0530: 18621.104: Total time for which application threads were stopped: 0.0003871 seconds, Stopping threads took: 0.0001463 seconds
2023-04-24T17:42:20.271+0530: 18621.105: Total time for which application threads were stopped: 0.0002887 seconds, Stopping threads took: 0.0001092 seconds
2023-04-24T17:42:20.272+0530: 18621.106: Total time for which application threads were stopped: 0.0003429 seconds, Stopping threads took: 0.0001862 seconds
2023-04-24T17:42:20.273+0530: 18621.106: Total time for which application threads were stopped: 0.0002163 seconds, Stopping threads took: 0.0000389 seconds
2023-04-24T17:42:20.273+0530: 18621.107: Total time for which application threads were stopped: 0.0001501 seconds, Stopping threads took: 0.0000240 seconds
2023-04-24T17:42:20.283+0530: 18621.116: Total time for which application threads were stopped: 0.0001395 seconds, Stopping threads took: 0.0000313 seconds
2023-04-24T17:42:20.283+0530: 18621.117: Total time for which application threads were stopped: 0.0000846 seconds, Stopping threads took: 0.0000156 seconds
2023-04-24T17:42:20.284+0530: 18621.117: Total time for which application threads were stopped: 0.0000599 seconds, Stopping threads took: 0.0000084 seconds
2023-04-24T17:42:20.284+0530: 18621.117: Total time for which application threads were stopped: 0.0000614 seconds, Stopping threads took: 0.0000078 seconds
2023-04-24T17:42:20.284+0530: 18621.117: Total time for which application threads were stopped: 0.0000587 seconds, Stopping threads took: 0.0000078 seconds
2023-04-24T17:42:20.284+0530: 18621.118: Total time for which application threads were stopped: 0.0000596 seconds, Stopping threads took: 0.0000080 seconds
2023-04-24T17:42:20.284+0530: 18621.118: Total time for which application threads were stopped: 0.0000636 seconds, Stopping threads took: 0.0000132 seconds
2023-04-24T17:42:20.285+0530: 18621.118: Total time for which application threads were stopped: 0.0002100 seconds, Stopping threads took: 0.0000095 seconds
2023-04-24T17:42:20.287+0530: 18621.121: Total time for which application threads were stopped: 0.0001036 seconds, Stopping threads took: 0.0000217 seconds
2023-04-24T17:42:20.289+0530: 18621.123: Total time for which application threads were stopped: 0.0000998 seconds, Stopping threads took: 0.0000185 seconds
2023-04-24T17:42:20.290+0530: 18621.123: Total time for which application threads were stopped: 0.0000952 seconds, Stopping threads took: 0.0000154 seconds
2023-04-24T17:42:20.290+0530: 18621.123: Total time for which application threads were stopped: 0.0000676 seconds, Stopping threads took: 0.0000104 seconds
2023-04-24T17:42:20.357+0530: 18621.191: Total time for which application threads were stopped: 0.0001148 seconds, Stopping threads took: 0.0000203 seconds
2023-04-24T17:42:20.357+0530: 18621.191: Total time for which application threads were stopped: 0.0000525 seconds, Stopping threads took: 0.0000248 seconds
2023-04-24T17:42:20.358+0530: 18621.191: Total time for which application threads were stopped: 0.0000513 seconds, Stopping threads took: 0.0000200 seconds
2023-04-24T17:42:20.358+0530: 18621.191: Total time for which application threads were stopped: 0.0000474 seconds, Stopping threads took: 0.0000111 seconds
2023-04-24T17:42:20.358+0530: 18621.191: Total time for which application threads were stopped: 0.0000333 seconds, Stopping threads took: 0.0000084 seconds
2023-04-24T17:42:20.358+0530: 18621.191: Total time for which application threads were stopped: 0.0000273 seconds, Stopping threads took: 0.0000080 seconds
{Heap before GC invocations=22 (full 2):
 par new generation   total 109248K, used 101353K [0x00000000e0000000, 0x00000000e8000000, 0x00000000e8000000)
  eden space 87424K, 100% used [0x00000000e0000000, 0x00000000e5560000, 0x00000000e5560000)
  from space 21824K,  63% used [0x00000000e5560000, 0x00000000e62fa710, 0x00000000e6ab0000)
  to   space 21824K,   0% used [0x00000000e6ab0000, 0x00000000e6ab0000, 0x00000000e8000000)
 concurrent mark-sweep generation total 393216K, used 26479K [0x00000000e8000000, 0x0000000100000000, 0x0000000100000000)
 Metaspace       used 39549K, capacity 40180K, committed 40596K, reserved 1085440K
  class space    used 4451K, capacity 4644K, committed 4756K, reserved 1048576K
2023-04-24T17:42:20.359+0530: 18621.192: [GC (Allocation Failure) 2023-04-24T17:42:20.359+0530: 18621.193: [ParNew
Desired survivor size 20112992 bytes, new threshold 8 (max 8)
- age   1:    1506104 bytes,    1506104 total
- age   2:     162472 bytes,    1668576 total
- age   3:      14352 bytes,    1682928 total
- age   4:    5612984 bytes,    7295912 total
- age   5:    2591384 bytes,    9887296 total
- age   6:    2077808 bytes,   11965104 total
: 101353K->12945K(109248K), 0.0062074 secs] 127833K->39424K(502464K), 0.0062650 secs] [Times: user=0.03 sys=0.00, real=0.00 secs] 
Heap after GC invocations=23 (full 2):
 par new generation   total 109248K, used 12945K [0x00000000e0000000, 0x00000000e8000000, 0x00000000e8000000)
  eden space 87424K,   0% used [0x00000000e0000000, 0x00000000e0000000, 0x00000000e5560000)
  from space 21824K,  59% used [0x00000000e6ab0000, 0x00000000e7754458, 0x00000000e8000000)
  to   space 21824K,   0% used [0x00000000e5560000, 0x00000000e5560000, 0x00000000e6ab0000)
 concurrent mark-sweep generation total 393216K, used 26479K [0x00000000e8000000, 0x0000000100000000, 0x0000000100000000)
 Metaspace       used 39549K, capacity 40180K, committed 40596K, reserved 1085440K
  class space    used 4451K, capacity 4644K, committed 4756K, reserved 1048576K
}
2023-04-24T17:42:20.365+0530: 18621.199: Total time for which application threads were stopped: 0.0064136 seconds, Stopping threads took: 0.0000120 seconds
2023-04-24T17:42:21.366+0530: 18622.199: Total time for which application threads were stopped: 0.0002601 seconds, Stopping threads took: 0.0000507 seconds
2023-04-24T17:42:23.329+0530: 18624.163: Total time for which application threads were stopped: 0.0001718 seconds, Stopping threads took: 0.0000327 seconds
2023-04-24T17:42:23.335+0530: 18624.168: Total time for which application threads were stopped: 0.0001240 seconds, Stopping threads took: 0.0000220 seconds
2023-04-24T17:42:23.336+0530: 18624.169: Total time for which application threads were stopped: 0.0001179 seconds, Stopping threads took: 0.0000195 seconds
2023-04-24T17:42:23.336+0530: 18624.169: Total time for which application threads were stopped: 0.0000871 seconds, Stopping threads took: 0.0000101 seconds
2023-04-24T17:42:23.336+0530: 18624.169: Total time for which application threads were stopped: 0.0000764 seconds, Stopping threads took: 0.0000087 seconds
2023-04-24T17:42:23.336+0530: 18624.170: Total time for which application threads were stopped: 0.0000737 seconds, Stopping threads took: 0.0000098 seconds
2023-04-24T17:50:19.276+0530: 19100.110: Total time for which application threads were stopped: 0.0001775 seconds, Stopping threads took: 0.0000537 seconds
2023-04-24T17:50:19.280+0530: 19100.113: Total time for which application threads were stopped: 0.0001996 seconds, Stopping threads took: 0.0000250 seconds
2023-04-24T17:50:19.280+0530: 19100.114: Total time for which application threads were stopped: 0.0000846 seconds, Stopping threads took: 0.0000145 seconds
2023-04-24T17:50:19.280+0530: 19100.114: Total time for which application threads were stopped: 0.0000657 seconds, Stopping threads took: 0.0000130 seconds
2023-04-24T17:50:19.281+0530: 19100.114: Total time for which application threads were stopped: 0.0000626 seconds, Stopping threads took: 0.0000133 seconds
2023-04-24T17:50:52.755+0530: 19133.589: Total time for which application threads were stopped: 0.0001918 seconds, Stopping threads took: 0.0000565 seconds
2023-04-24T17:50:52.759+0530: 19133.592: Total time for which application threads were stopped: 0.0001466 seconds, Stopping threads took: 0.0000280 seconds
2023-04-24T17:50:52.760+0530: 19133.593: Total time for which application threads were stopped: 0.0001725 seconds, Stopping threads took: 0.0000756 seconds
2023-04-24T17:51:46.312+0530: 19187.146: Total time for which application threads were stopped: 0.0001966 seconds, Stopping threads took: 0.0000561 seconds
2023-04-24T17:51:46.316+0530: 19187.149: Total time for which application threads were stopped: 0.0001616 seconds, Stopping threads took: 0.0000275 seconds
2023-04-24T17:51:53.456+0530: 19194.290: Total time for which application threads were stopped: 0.0001607 seconds, Stopping threads took: 0.0000477 seconds
2023-04-24T17:51:53.457+0530: 19194.291: Total time for which application threads were stopped: 0.0001221 seconds, Stopping threads took: 0.0000206 seconds
2023-04-24T17:51:53.460+0530: 19194.293: Total time for which application threads were stopped: 0.0001268 seconds, Stopping threads took: 0.0000279 seconds
2023-04-24T17:51:53.460+0530: 19194.294: Total time for which application threads were stopped: 0.0000913 seconds, Stopping threads took: 0.0000141 seconds
2023-04-24T17:51:53.461+0530: 19194.294: Total time for which application threads were stopped: 0.0000627 seconds, Stopping threads took: 0.0000097 seconds
2023-04-24T17:51:53.461+0530: 19194.294: Total time for which application threads were stopped: 0.0000505 seconds, Stopping threads took: 0.0000065 seconds
2023-04-24T17:51:53.461+0530: 19194.294: Total time for which application threads were stopped: 0.0000482 seconds, Stopping threads took: 0.0000063 seconds
2023-04-24T17:51:53.461+0530: 19194.294: Total time for which application threads were stopped: 0.0000481 seconds, Stopping threads took: 0.0000061 seconds
2023-04-24T17:51:53.461+0530: 19194.295: Total time for which application threads were stopped: 0.0000514 seconds, Stopping threads took: 0.0000087 seconds
2023-04-24T17:52:17.541+0530: 19218.374: Total time for which application threads were stopped: 0.0001189 seconds, Stopping threads took: 0.0000251 seconds
2023-04-24T17:52:17.544+0530: 19218.377: Total time for which application threads were stopped: 0.0001131 seconds, Stopping threads took: 0.0000224 seconds
2023-04-24T17:52:35.415+0530: 19236.249: Total time for which application threads were stopped: 0.0001712 seconds, Stopping threads took: 0.0000551 seconds
2023-04-24T17:52:35.416+0530: 19236.249: Total time for which application threads were stopped: 0.0001366 seconds, Stopping threads took: 0.0000165 seconds
2023-04-24T17:52:35.418+0530: 19236.252: Total time for which application threads were stopped: 0.0001005 seconds, Stopping threads took: 0.0000190 seconds
2023-04-24T17:52:45.937+0530: 19246.771: Total time for which application threads were stopped: 0.0001525 seconds, Stopping threads took: 0.0000285 seconds
2023-04-24T17:52:45.941+0530: 19246.774: Total time for which application threads were stopped: 0.0001300 seconds, Stopping threads took: 0.0000235 seconds
2023-04-24T17:52:46.941+0530: 19247.775: Total time for which application threads were stopped: 0.0002258 seconds, Stopping threads took: 0.0000500 seconds
2023-04-24T17:53:29.208+0530: 19290.042: Total time for which application threads were stopped: 0.0001984 seconds, Stopping threads took: 0.0000569 seconds
2023-04-24T17:53:29.209+0530: 19290.043: Total time for which application threads were stopped: 0.0001666 seconds, Stopping threads took: 0.0000252 seconds
2023-04-24T17:53:29.212+0530: 19290.046: Total time for which application threads were stopped: 0.0001329 seconds, Stopping threads took: 0.0000268 seconds
2023-04-24T17:53:40.420+0530: 19301.254: Total time for which application threads were stopped: 0.0001116 seconds, Stopping threads took: 0.0000211 seconds
2023-04-24T17:53:40.423+0530: 19301.257: Total time for which application threads were stopped: 0.0001090 seconds, Stopping threads took: 0.0000201 seconds
2023-04-24T17:53:48.887+0530: 19309.720: Total time for which application threads were stopped: 0.0001595 seconds, Stopping threads took: 0.0000331 seconds
2023-04-24T17:53:48.888+0530: 19309.721: Total time for which application threads were stopped: 0.0001888 seconds, Stopping threads took: 0.0000281 seconds
2023-04-24T17:53:48.890+0530: 19309.724: Total time for which application threads were stopped: 0.0001255 seconds, Stopping threads took: 0.0000315 seconds
2023-04-24T17:53:48.891+0530: 19309.725: Total time for which application threads were stopped: 0.0001520 seconds, Stopping threads took: 0.0000267 seconds
2023-04-24T17:53:48.891+0530: 19309.725: Total time for which application threads were stopped: 0.0001154 seconds, Stopping threads took: 0.0000202 seconds
2023-04-24T17:53:48.892+0530: 19309.725: Total time for which application threads were stopped: 0.0000995 seconds, Stopping threads took: 0.0000373 seconds
2023-04-24T17:53:48.892+0530: 19309.725: Total time for which application threads were stopped: 0.0000780 seconds, Stopping threads took: 0.0000133 seconds
2023-04-24T17:53:48.892+0530: 19309.725: Total time for which application threads were stopped: 0.0000623 seconds, Stopping threads took: 0.0000122 seconds
2023-04-24T17:53:49.892+0530: 19310.726: Total time for which application threads were stopped: 0.0002741 seconds, Stopping threads took: 0.0000544 seconds
2023-04-24T17:54:12.496+0530: 19333.330: Total time for which application threads were stopped: 0.0001657 seconds, Stopping threads took: 0.0000480 seconds
2023-04-24T17:54:12.500+0530: 19333.333: Total time for which application threads were stopped: 0.0002870 seconds, Stopping threads took: 0.0000321 seconds
2023-04-24T17:54:12.500+0530: 19333.334: Total time for which application threads were stopped: 0.0001505 seconds, Stopping threads took: 0.0000445 seconds
2023-04-24T17:54:23.209+0530: 19344.042: Total time for which application threads were stopped: 0.0002912 seconds, Stopping threads took: 0.0000801 seconds
2023-04-24T17:54:23.214+0530: 19344.048: Total time for which application threads were stopped: 0.0004685 seconds, Stopping threads took: 0.0002557 seconds
2023-04-24T17:54:23.226+0530: 19344.059: Total time for which application threads were stopped: 0.0003409 seconds, Stopping threads took: 0.0001672 seconds
2023-04-24T17:54:23.226+0530: 19344.060: Total time for which application threads were stopped: 0.0002006 seconds, Stopping threads took: 0.0000684 seconds
2023-04-24T17:54:23.290+0530: 19344.124: Total time for which application threads were stopped: 0.0001152 seconds, Stopping threads took: 0.0000243 seconds
2023-04-24T17:54:23.291+0530: 19344.124: Total time for which application threads were stopped: 0.0000621 seconds, Stopping threads took: 0.0000216 seconds
2023-04-24T17:54:23.291+0530: 19344.124: Total time for which application threads were stopped: 0.0000373 seconds, Stopping threads took: 0.0000156 seconds
2023-04-24T17:54:23.291+0530: 19344.125: Total time for which application threads were stopped: 0.0001173 seconds, Stopping threads took: 0.0000162 seconds
2023-04-24T17:54:23.291+0530: 19344.125: Total time for which application threads were stopped: 0.0000365 seconds, Stopping threads took: 0.0000081 seconds
2023-04-24T17:54:23.291+0530: 19344.125: Total time for which application threads were stopped: 0.0000425 seconds, Stopping threads took: 0.0000159 seconds
2023-04-24T17:54:23.291+0530: 19344.125: Total time for which application threads were stopped: 0.0000293 seconds, Stopping threads took: 0.0000040 seconds
2023-04-24T17:54:23.291+0530: 19344.125: Total time for which application threads were stopped: 0.0000373 seconds, Stopping threads took: 0.0000146 seconds
2023-04-24T17:54:23.291+0530: 19344.125: Total time for which application threads were stopped: 0.0000284 seconds, Stopping threads took: 0.0000058 seconds
2023-04-24T17:54:27.653+0530: 19348.486: Total time for which application threads were stopped: 0.0001285 seconds, Stopping threads took: 0.0000249 seconds
2023-04-24T17:54:27.657+0530: 19348.490: Total time for which application threads were stopped: 0.0001516 seconds, Stopping threads took: 0.0000331 seconds
2023-04-24T17:54:27.658+0530: 19348.491: Total time for which application threads were stopped: 0.0001412 seconds, Stopping threads took: 0.0000300 seconds
2023-04-24T17:54:27.658+0530: 19348.491: Total time for which application threads were stopped: 0.0000791 seconds, Stopping threads took: 0.0000157 seconds
2023-04-24T17:54:27.658+0530: 19348.492: Total time for which application threads were stopped: 0.0001898 seconds, Stopping threads took: 0.0000153 seconds
2023-04-24T17:54:27.658+0530: 19348.492: Total time for which application threads were stopped: 0.0000681 seconds, Stopping threads took: 0.0000144 seconds
2023-04-24T17:54:28.659+0530: 19349.492: Total time for which application threads were stopped: 0.0002765 seconds, Stopping threads took: 0.0000558 seconds
2023-04-24T17:54:42.427+0530: 19363.261: Total time for which application threads were stopped: 0.0001317 seconds, Stopping threads took: 0.0000257 seconds
2023-04-24T17:54:42.428+0530: 19363.262: Total time for which application threads were stopped: 0.0001251 seconds, Stopping threads took: 0.0000196 seconds
2023-04-24T17:54:42.429+0530: 19363.263: Total time for which application threads were stopped: 0.0001351 seconds, Stopping threads took: 0.0000198 seconds
2023-04-24T17:54:42.430+0530: 19363.264: Total time for which application threads were stopped: 0.0000836 seconds, Stopping threads took: 0.0000171 seconds
2023-04-24T17:54:42.431+0530: 19363.265: Total time for which application threads were stopped: 0.0001077 seconds, Stopping threads took: 0.0000328 seconds
2023-04-24T17:54:42.431+0530: 19363.265: Total time for which application threads were stopped: 0.0000756 seconds, Stopping threads took: 0.0000246 seconds
2023-04-24T17:54:42.431+0530: 19363.265: Total time for which application threads were stopped: 0.0000529 seconds, Stopping threads took: 0.0000132 seconds
2023-04-24T17:55:15.908+0530: 19396.742: Total time for which application threads were stopped: 0.0003466 seconds, Stopping threads took: 0.0001017 seconds
2023-04-24T17:55:15.914+0530: 19396.748: Total time for which application threads were stopped: 0.0003662 seconds, Stopping threads took: 0.0001512 seconds
2023-04-24T17:55:15.924+0530: 19396.757: Total time for which application threads were stopped: 0.0001232 seconds, Stopping threads took: 0.0000353 seconds
2023-04-24T17:55:15.925+0530: 19396.758: Total time for which application threads were stopped: 0.0001673 seconds, Stopping threads took: 0.0000609 seconds
2023-04-24T17:55:15.926+0530: 19396.759: Total time for which application threads were stopped: 0.0001797 seconds, Stopping threads took: 0.0000655 seconds
2023-04-24T17:55:15.926+0530: 19396.760: Total time for which application threads were stopped: 0.0001397 seconds, Stopping threads took: 0.0000448 seconds
2023-04-24T17:55:15.926+0530: 19396.760: Total time for which application threads were stopped: 0.0001307 seconds, Stopping threads took: 0.0000418 seconds
2023-04-24T17:55:15.986+0530: 19396.820: Total time for which application threads were stopped: 0.0000969 seconds, Stopping threads took: 0.0000265 seconds
2023-04-24T17:55:15.987+0530: 19396.820: Total time for which application threads were stopped: 0.0000468 seconds, Stopping threads took: 0.0000075 seconds
2023-04-24T17:55:15.987+0530: 19396.820: Total time for which application threads were stopped: 0.0000533 seconds, Stopping threads took: 0.0000256 seconds
2023-04-24T17:55:15.987+0530: 19396.820: Total time for which application threads were stopped: 0.0000714 seconds, Stopping threads took: 0.0000292 seconds
2023-04-24T17:55:15.987+0530: 19396.820: Total time for which application threads were stopped: 0.0000440 seconds, Stopping threads took: 0.0000099 seconds
2023-04-24T17:55:15.987+0530: 19396.821: Total time for which application threads were stopped: 0.0000470 seconds, Stopping threads took: 0.0000132 seconds
2023-04-24T17:55:15.987+0530: 19396.821: Total time for which application threads were stopped: 0.0000351 seconds, Stopping threads took: 0.0000076 seconds
2023-04-24T17:55:15.987+0530: 19396.821: Total time for which application threads were stopped: 0.0000726 seconds, Stopping threads took: 0.0000488 seconds
2023-04-24T17:55:15.987+0530: 19396.821: Total time for which application threads were stopped: 0.0000301 seconds, Stopping threads took: 0.0000050 seconds
2023-04-24T17:55:15.988+0530: 19396.821: Total time for which application threads were stopped: 0.0000267 seconds, Stopping threads took: 0.0000046 seconds
2023-04-24T17:55:15.988+0530: 19396.821: Total time for which application threads were stopped: 0.0000231 seconds, Stopping threads took: 0.0000036 seconds
2023-04-24T17:55:15.988+0530: 19396.821: Total time for which application threads were stopped: 0.0000229 seconds, Stopping threads took: 0.0000037 seconds
2023-04-24T17:55:16.988+0530: 19397.821: Total time for which application threads were stopped: 0.0001196 seconds, Stopping threads took: 0.0000267 seconds
2023-04-24T17:55:19.835+0530: 19400.669: Total time for which application threads were stopped: 0.0001264 seconds, Stopping threads took: 0.0000234 seconds
2023-04-24T17:55:19.839+0530: 19400.672: Total time for which application threads were stopped: 0.0001471 seconds, Stopping threads took: 0.0000295 seconds
2023-04-24T17:55:19.839+0530: 19400.673: Total time for which application threads were stopped: 0.0000933 seconds, Stopping threads took: 0.0000155 seconds
2023-04-24T17:55:19.840+0530: 19400.673: Total time for which application threads were stopped: 0.0000589 seconds, Stopping threads took: 0.0000079 seconds
2023-04-24T17:55:19.840+0530: 19400.673: Total time for which application threads were stopped: 0.0000457 seconds, Stopping threads took: 0.0000059 seconds
2023-04-24T17:55:19.840+0530: 19400.673: Total time for which application threads were stopped: 0.0000470 seconds, Stopping threads took: 0.0000080 seconds
2023-04-24T17:55:54.903+0530: 19435.736: Total time for which application threads were stopped: 0.0002138 seconds, Stopping threads took: 0.0000630 seconds
2023-04-24T17:55:54.904+0530: 19435.737: Total time for which application threads were stopped: 0.0001614 seconds, Stopping threads took: 0.0000193 seconds
2023-04-24T17:55:54.908+0530: 19435.741: Total time for which application threads were stopped: 0.0001612 seconds, Stopping threads took: 0.0000300 seconds
2023-04-24T17:55:54.909+0530: 19435.742: Total time for which application threads were stopped: 0.0001726 seconds, Stopping threads took: 0.0000400 seconds
2023-04-24T17:56:56.533+0530: 19497.367: Total time for which application threads were stopped: 0.0001404 seconds, Stopping threads took: 0.0000368 seconds
2023-04-24T17:56:56.536+0530: 19497.370: Total time for which application threads were stopped: 0.0001456 seconds, Stopping threads took: 0.0000231 seconds
2023-04-24T17:57:32.184+0530: 19533.017: Total time for which application threads were stopped: 0.0002342 seconds, Stopping threads took: 0.0000653 seconds
2023-04-24T17:57:32.187+0530: 19533.020: Total time for which application threads were stopped: 0.0001716 seconds, Stopping threads took: 0.0000320 seconds
2023-04-24T17:58:46.775+0530: 19607.608: Total time for which application threads were stopped: 0.0001820 seconds, Stopping threads took: 0.0000397 seconds
2023-04-24T17:58:46.779+0530: 19607.612: Total time for which application threads were stopped: 0.0001157 seconds, Stopping threads took: 0.0000247 seconds
2023-04-24T17:58:46.780+0530: 19607.613: Total time for which application threads were stopped: 0.0001170 seconds, Stopping threads took: 0.0000211 seconds
2023-04-24T17:58:46.780+0530: 19607.613: Total time for which application threads were stopped: 0.0000837 seconds, Stopping threads took: 0.0000134 seconds
2023-04-24T17:58:46.780+0530: 19607.613: Total time for which application threads were stopped: 0.0000795 seconds, Stopping threads took: 0.0000275 seconds
2023-04-24T17:58:47.780+0530: 19608.614: Total time for which application threads were stopped: 0.0002442 seconds, Stopping threads took: 0.0000586 seconds
2023-04-24T18:02:45.027+0530: 19845.861: Total time for which application threads were stopped: 0.0001506 seconds, Stopping threads took: 0.0000404 seconds
2023-04-24T18:02:45.028+0530: 19845.862: Total time for which application threads were stopped: 0.0001400 seconds, Stopping threads took: 0.0000213 seconds
2023-04-24T18:02:45.031+0530: 19845.864: Total time for which application threads were stopped: 0.0001095 seconds, Stopping threads took: 0.0000211 seconds
2023-04-24T18:06:39.627+0530: 20080.460: Total time for which application threads were stopped: 0.0001857 seconds, Stopping threads took: 0.0000470 seconds
2023-04-24T18:06:39.629+0530: 20080.463: Total time for which application threads were stopped: 0.0001059 seconds, Stopping threads took: 0.0000197 seconds
2023-04-24T18:06:39.630+0530: 20080.463: Total time for which application threads were stopped: 0.0000995 seconds, Stopping threads took: 0.0000143 seconds
2023-04-24T18:08:15.704+0530: 20176.538: Total time for which application threads were stopped: 0.0001952 seconds, Stopping threads took: 0.0000569 seconds
2023-04-24T18:08:15.707+0530: 20176.541: Total time for which application threads were stopped: 0.0001384 seconds, Stopping threads took: 0.0000280 seconds
2023-04-24T18:09:27.318+0530: 20248.152: Total time for which application threads were stopped: 0.0002805 seconds, Stopping threads took: 0.0000520 seconds
2023-04-24T18:09:27.321+0530: 20248.154: Total time for which application threads were stopped: 0.0001164 seconds, Stopping threads took: 0.0000429 seconds
2023-04-24T18:09:27.321+0530: 20248.155: Total time for which application threads were stopped: 0.0000918 seconds, Stopping threads took: 0.0000191 seconds
2023-04-24T18:10:33.176+0530: 20314.010: Total time for which application threads were stopped: 0.0001401 seconds, Stopping threads took: 0.0000387 seconds
2023-04-24T18:10:33.180+0530: 20314.013: Total time for which application threads were stopped: 0.0001265 seconds, Stopping threads took: 0.0000226 seconds
2023-04-24T18:10:51.210+0530: 20332.043: Total time for which application threads were stopped: 0.0001412 seconds, Stopping threads took: 0.0000465 seconds
2023-04-24T18:10:51.210+0530: 20332.044: Total time for which application threads were stopped: 0.0001199 seconds, Stopping threads took: 0.0000190 seconds
2023-04-24T18:10:51.213+0530: 20332.046: Total time for which application threads were stopped: 0.0001170 seconds, Stopping threads took: 0.0000402 seconds
2023-04-24T18:10:51.213+0530: 20332.047: Total time for which application threads were stopped: 0.0001168 seconds, Stopping threads took: 0.0000160 seconds
2023-04-24T18:10:51.214+0530: 20332.047: Total time for which application threads were stopped: 0.0000797 seconds, Stopping threads took: 0.0000106 seconds
2023-04-24T18:10:51.214+0530: 20332.047: Total time for which application threads were stopped: 0.0000506 seconds, Stopping threads took: 0.0000075 seconds
2023-04-24T18:10:51.214+0530: 20332.047: Total time for which application threads were stopped: 0.0000619 seconds, Stopping threads took: 0.0000097 seconds
2023-04-24T18:10:51.214+0530: 20332.047: Total time for which application threads were stopped: 0.0000498 seconds, Stopping threads took: 0.0000073 seconds
2023-04-24T18:10:51.214+0530: 20332.048: Total time for which application threads were stopped: 0.0001726 seconds, Stopping threads took: 0.0000094 seconds
2023-04-24T18:11:54.192+0530: 20395.025: Total time for which application threads were stopped: 0.0001546 seconds, Stopping threads took: 0.0000419 seconds
2023-04-24T18:11:54.194+0530: 20395.028: Total time for which application threads were stopped: 0.0000920 seconds, Stopping threads took: 0.0000183 seconds
2023-04-24T18:12:09.009+0530: 20409.843: Total time for which application threads were stopped: 0.0001416 seconds, Stopping threads took: 0.0000403 seconds
2023-04-24T18:12:09.012+0530: 20409.845: Total time for which application threads were stopped: 0.0000942 seconds, Stopping threads took: 0.0000181 seconds
2023-04-24T18:12:43.218+0530: 20444.052: Total time for which application threads were stopped: 0.0001567 seconds, Stopping threads took: 0.0000472 seconds
2023-04-24T18:12:43.221+0530: 20444.054: Total time for which application threads were stopped: 0.0001223 seconds, Stopping threads took: 0.0000237 seconds
2023-04-24T18:12:43.222+0530: 20444.055: Total time for which application threads were stopped: 0.0000988 seconds, Stopping threads took: 0.0000144 seconds
2023-04-24T18:16:04.153+0530: 20644.986: Total time for which application threads were stopped: 0.0001595 seconds, Stopping threads took: 0.0000455 seconds
2023-04-24T18:16:04.155+0530: 20644.989: Total time for which application threads were stopped: 0.0001042 seconds, Stopping threads took: 0.0000227 seconds
2023-04-24T18:16:04.156+0530: 20644.990: Total time for which application threads were stopped: 0.0001239 seconds, Stopping threads took: 0.0000192 seconds
2023-04-24T18:17:03.009+0530: 20703.843: Total time for which application threads were stopped: 0.0001646 seconds, Stopping threads took: 0.0000454 seconds
2023-04-24T18:17:03.012+0530: 20703.845: Total time for which application threads were stopped: 0.0001131 seconds, Stopping threads took: 0.0000183 seconds
2023-04-24T18:18:20.655+0530: 20781.489: Total time for which application threads were stopped: 0.0001658 seconds, Stopping threads took: 0.0000476 seconds
2023-04-24T18:18:20.658+0530: 20781.491: Total time for which application threads were stopped: 0.0000938 seconds, Stopping threads took: 0.0000187 seconds
2023-04-24T18:19:02.487+0530: 20823.321: Total time for which application threads were stopped: 0.0001765 seconds, Stopping threads took: 0.0000516 seconds
2023-04-24T18:19:02.490+0530: 20823.324: Total time for which application threads were stopped: 0.0001228 seconds, Stopping threads took: 0.0000230 seconds
2023-04-24T18:19:03.491+0530: 20824.324: Total time for which application threads were stopped: 0.0002254 seconds, Stopping threads took: 0.0000499 seconds
2023-04-24T18:19:22.723+0530: 20843.556: Total time for which application threads were stopped: 0.0001639 seconds, Stopping threads took: 0.0000460 seconds
2023-04-24T18:19:22.725+0530: 20843.559: Total time for which application threads were stopped: 0.0001756 seconds, Stopping threads took: 0.0000178 seconds
2023-04-24T18:20:56.846+0530: 20937.680: Total time for which application threads were stopped: 0.0001240 seconds, Stopping threads took: 0.0000374 seconds
2023-04-24T18:20:56.847+0530: 20937.681: Total time for which application threads were stopped: 0.0001204 seconds, Stopping threads took: 0.0000174 seconds
2023-04-24T18:20:56.847+0530: 20937.681: Total time for which application threads were stopped: 0.0000523 seconds, Stopping threads took: 0.0000058 seconds
2023-04-24T18:20:56.850+0530: 20937.683: Total time for which application threads were stopped: 0.0001040 seconds, Stopping threads took: 0.0000242 seconds
2023-04-24T18:21:09.027+0530: 20949.861: Total time for which application threads were stopped: 0.0001417 seconds, Stopping threads took: 0.0000257 seconds
2023-04-24T18:21:09.030+0530: 20949.864: Total time for which application threads were stopped: 0.0001272 seconds, Stopping threads took: 0.0000265 seconds
2023-04-24T18:21:09.031+0530: 20949.865: Total time for which application threads were stopped: 0.0001150 seconds, Stopping threads took: 0.0000172 seconds
2023-04-24T18:21:12.525+0530: 20953.359: Total time for which application threads were stopped: 0.0002608 seconds, Stopping threads took: 0.0000487 seconds
2023-04-24T18:21:12.534+0530: 20953.367: Total time for which application threads were stopped: 0.0003335 seconds, Stopping threads took: 0.0001245 seconds
2023-04-24T18:21:12.543+0530: 20953.377: Total time for which application threads were stopped: 0.0001691 seconds, Stopping threads took: 0.0000400 seconds
2023-04-24T18:21:12.547+0530: 20953.380: Total time for which application threads were stopped: 0.0003053 seconds, Stopping threads took: 0.0000271 seconds
2023-04-24T18:21:12.547+0530: 20953.381: Total time for which application threads were stopped: 0.0000846 seconds, Stopping threads took: 0.0000199 seconds
2023-04-24T18:21:12.612+0530: 20953.445: Total time for which application threads were stopped: 0.0000828 seconds, Stopping threads took: 0.0000177 seconds
2023-04-24T18:21:12.612+0530: 20953.445: Total time for which application threads were stopped: 0.0000299 seconds, Stopping threads took: 0.0000058 seconds
2023-04-24T18:21:12.612+0530: 20953.445: Total time for which application threads were stopped: 0.0001036 seconds, Stopping threads took: 0.0000747 seconds
2023-04-24T18:21:12.612+0530: 20953.446: Total time for which application threads were stopped: 0.0001405 seconds, Stopping threads took: 0.0000999 seconds
2023-04-24T18:21:12.612+0530: 20953.446: Total time for which application threads were stopped: 0.0000372 seconds, Stopping threads took: 0.0000091 seconds
2023-04-24T18:21:12.612+0530: 20953.446: Total time for which application threads were stopped: 0.0000304 seconds, Stopping threads took: 0.0000078 seconds
2023-04-24T18:21:12.613+0530: 20953.446: Total time for which application threads were stopped: 0.0000293 seconds, Stopping threads took: 0.0000063 seconds
2023-04-24T18:21:12.613+0530: 20953.446: Total time for which application threads were stopped: 0.0000469 seconds, Stopping threads took: 0.0000060 seconds
2023-04-24T18:21:12.613+0530: 20953.446: Total time for which application threads were stopped: 0.0000307 seconds, Stopping threads took: 0.0000065 seconds
2023-04-24T18:21:12.613+0530: 20953.446: Total time for which application threads were stopped: 0.0000284 seconds, Stopping threads took: 0.0000063 seconds
2023-04-24T18:21:12.613+0530: 20953.446: Total time for which application threads were stopped: 0.0000280 seconds, Stopping threads took: 0.0000059 seconds
2023-04-24T18:21:12.613+0530: 20953.446: Total time for which application threads were stopped: 0.0000287 seconds, Stopping threads took: 0.0000063 seconds
2023-04-24T18:21:12.613+0530: 20953.446: Total time for which application threads were stopped: 0.0000277 seconds, Stopping threads took: 0.0000057 seconds
2023-04-24T18:21:12.613+0530: 20953.446: Total time for which application threads were stopped: 0.0000270 seconds, Stopping threads took: 0.0000053 seconds
2023-04-24T18:21:12.613+0530: 20953.446: Total time for which application threads were stopped: 0.0000283 seconds, Stopping threads took: 0.0000059 seconds
2023-04-24T18:21:12.613+0530: 20953.446: Total time for which application threads were stopped: 0.0000278 seconds, Stopping threads took: 0.0000060 seconds
2023-04-24T18:21:12.613+0530: 20953.446: Total time for which application threads were stopped: 0.0000286 seconds, Stopping threads took: 0.0000059 seconds
2023-04-24T18:21:12.613+0530: 20953.447: Total time for which application threads were stopped: 0.0000944 seconds, Stopping threads took: 0.0000063 seconds
2023-04-24T18:21:12.613+0530: 20953.447: Total time for which application threads were stopped: 0.0000326 seconds, Stopping threads took: 0.0000072 seconds
2023-04-24T18:21:12.613+0530: 20953.447: Total time for which application threads were stopped: 0.0000322 seconds, Stopping threads took: 0.0000068 seconds
2023-04-24T18:21:12.613+0530: 20953.447: Total time for which application threads were stopped: 0.0000297 seconds, Stopping threads took: 0.0000058 seconds
2023-04-24T18:21:16.093+0530: 20956.926: Total time for which application threads were stopped: 0.0002079 seconds, Stopping threads took: 0.0000372 seconds
2023-04-24T18:21:16.098+0530: 20956.931: Total time for which application threads were stopped: 0.0001417 seconds, Stopping threads took: 0.0000333 seconds
2023-04-24T18:21:16.098+0530: 20956.932: Total time for which application threads were stopped: 0.0001521 seconds, Stopping threads took: 0.0000524 seconds
2023-04-24T18:21:16.099+0530: 20956.932: Total time for which application threads were stopped: 0.0002310 seconds, Stopping threads took: 0.0001450 seconds
2023-04-24T18:21:16.099+0530: 20956.933: Total time for which application threads were stopped: 0.0000920 seconds, Stopping threads took: 0.0000140 seconds
2023-04-24T18:21:16.100+0530: 20956.933: Total time for which application threads were stopped: 0.0000934 seconds, Stopping threads took: 0.0000139 seconds
2023-04-24T18:21:16.100+0530: 20956.933: Total time for which application threads were stopped: 0.0000865 seconds, Stopping threads took: 0.0000141 seconds
2023-04-24T18:25:29.011+0530: 21209.845: Total time for which application threads were stopped: 0.0001439 seconds, Stopping threads took: 0.0000412 seconds
2023-04-24T18:25:29.014+0530: 21209.847: Total time for which application threads were stopped: 0.0000954 seconds, Stopping threads took: 0.0000187 seconds
2023-04-24T18:25:29.015+0530: 21209.848: Total time for which application threads were stopped: 0.0001134 seconds, Stopping threads took: 0.0000202 seconds
2023-04-24T18:25:29.015+0530: 21209.849: Total time for which application threads were stopped: 0.0001846 seconds, Stopping threads took: 0.0001135 seconds
2023-04-24T18:25:30.015+0530: 21210.849: Total time for which application threads were stopped: 0.0000933 seconds, Stopping threads took: 0.0000203 seconds
2023-04-24T18:34:09.322+0530: 21730.156: Total time for which application threads were stopped: 0.0001752 seconds, Stopping threads took: 0.0000497 seconds
2023-04-24T18:34:09.323+0530: 21730.157: Total time for which application threads were stopped: 0.0001958 seconds, Stopping threads took: 0.0000690 seconds
2023-04-24T18:34:09.326+0530: 21730.159: Total time for which application threads were stopped: 0.0001100 seconds, Stopping threads took: 0.0000236 seconds
2023-04-24T18:34:09.327+0530: 21730.160: Total time for which application threads were stopped: 0.0001306 seconds, Stopping threads took: 0.0000264 seconds
2023-04-24T18:34:10.327+0530: 21731.161: Total time for which application threads were stopped: 0.0002452 seconds, Stopping threads took: 0.0000573 seconds
2023-04-24T18:34:55.329+0530: 21776.163: Total time for which application threads were stopped: 0.0001545 seconds, Stopping threads took: 0.0000562 seconds
2023-04-24T18:34:55.330+0530: 21776.164: Total time for which application threads were stopped: 0.0001372 seconds, Stopping threads took: 0.0000396 seconds
2023-04-24T18:34:55.331+0530: 21776.164: Total time for which application threads were stopped: 0.0001692 seconds, Stopping threads took: 0.0000899 seconds
2023-04-24T18:34:55.331+0530: 21776.165: Total time for which application threads were stopped: 0.0001933 seconds, Stopping threads took: 0.0001140 seconds
2023-04-24T18:34:55.332+0530: 21776.165: Total time for which application threads were stopped: 0.0001417 seconds, Stopping threads took: 0.0000743 seconds
2023-04-24T18:34:55.332+0530: 21776.166: Total time for which application threads were stopped: 0.0001139 seconds, Stopping threads took: 0.0000213 seconds
2023-04-24T18:34:55.334+0530: 21776.168: Total time for which application threads were stopped: 0.0001114 seconds, Stopping threads took: 0.0000276 seconds
2023-04-24T18:34:56.335+0530: 21777.168: Total time for which application threads were stopped: 0.0002189 seconds, Stopping threads took: 0.0000444 seconds
2023-04-24T18:35:54.673+0530: 21835.507: Total time for which application threads were stopped: 0.0001491 seconds, Stopping threads took: 0.0000426 seconds
2023-04-24T18:35:54.674+0530: 21835.508: Total time for which application threads were stopped: 0.0001453 seconds, Stopping threads took: 0.0000404 seconds
2023-04-24T18:35:54.675+0530: 21835.508: Total time for which application threads were stopped: 0.0000944 seconds, Stopping threads took: 0.0000240 seconds
2023-04-24T18:35:54.675+0530: 21835.508: Total time for which application threads were stopped: 0.0001016 seconds, Stopping threads took: 0.0000280 seconds
2023-04-24T18:35:54.678+0530: 21835.511: Total time for which application threads were stopped: 0.0001718 seconds, Stopping threads took: 0.0000734 seconds
2023-04-24T18:38:05.954+0530: 21966.787: Total time for which application threads were stopped: 0.0001697 seconds, Stopping threads took: 0.0000458 seconds
2023-04-24T18:38:05.958+0530: 21966.791: Total time for which application threads were stopped: 0.0000922 seconds, Stopping threads took: 0.0000180 seconds
2023-04-24T18:38:54.307+0530: 22015.140: Total time for which application threads were stopped: 0.0001785 seconds, Stopping threads took: 0.0000500 seconds
2023-04-24T18:38:54.310+0530: 22015.144: Total time for which application threads were stopped: 0.0001399 seconds, Stopping threads took: 0.0000252 seconds
2023-04-24T18:38:55.311+0530: 22016.144: Total time for which application threads were stopped: 0.0003446 seconds, Stopping threads took: 0.0001002 seconds
2023-04-24T18:39:41.226+0530: 22062.059: Total time for which application threads were stopped: 0.0002972 seconds, Stopping threads took: 0.0000427 seconds
2023-04-24T18:39:41.229+0530: 22062.063: Total time for which application threads were stopped: 0.0001367 seconds, Stopping threads took: 0.0000237 seconds
2023-04-24T18:39:42.230+0530: 22063.063: Total time for which application threads were stopped: 0.0002230 seconds, Stopping threads took: 0.0000482 seconds
2023-04-24T18:42:46.310+0530: 22247.144: Total time for which application threads were stopped: 0.0001935 seconds, Stopping threads took: 0.0000594 seconds
2023-04-24T18:42:46.313+0530: 22247.147: Total time for which application threads were stopped: 0.0001424 seconds, Stopping threads took: 0.0000401 seconds
2023-04-24T18:42:47.314+0530: 22248.147: Total time for which application threads were stopped: 0.0002719 seconds, Stopping threads took: 0.0000500 seconds
2023-04-24T18:42:57.286+0530: 22258.120: Total time for which application threads were stopped: 0.0001946 seconds, Stopping threads took: 0.0000846 seconds
2023-04-24T18:42:57.289+0530: 22258.123: Total time for which application threads were stopped: 0.0001628 seconds, Stopping threads took: 0.0000714 seconds
2023-04-24T18:42:57.290+0530: 22258.123: Total time for which application threads were stopped: 0.0001355 seconds, Stopping threads took: 0.0000442 seconds
2023-04-24T18:42:57.290+0530: 22258.124: Total time for which application threads were stopped: 0.0000690 seconds, Stopping threads took: 0.0000155 seconds
2023-04-24T18:42:57.290+0530: 22258.124: Total time for which application threads were stopped: 0.0000624 seconds, Stopping threads took: 0.0000167 seconds
2023-04-24T18:42:57.290+0530: 22258.124: Total time for which application threads were stopped: 0.0000524 seconds, Stopping threads took: 0.0000098 seconds
2023-04-24T18:42:57.291+0530: 22258.124: Total time for which application threads were stopped: 0.0000682 seconds, Stopping threads took: 0.0000100 seconds
2023-04-24T18:42:57.291+0530: 22258.124: Total time for which application threads were stopped: 0.0000543 seconds, Stopping threads took: 0.0000118 seconds
2023-04-24T18:42:57.291+0530: 22258.124: Total time for which application threads were stopped: 0.0001016 seconds, Stopping threads took: 0.0000178 seconds
2023-04-24T18:42:57.291+0530: 22258.124: Total time for which application threads were stopped: 0.0000659 seconds, Stopping threads took: 0.0000134 seconds
2023-04-24T18:42:57.291+0530: 22258.124: Total time for which application threads were stopped: 0.0000683 seconds, Stopping threads took: 0.0000239 seconds
2023-04-24T18:42:57.291+0530: 22258.125: Total time for which application threads were stopped: 0.0000522 seconds, Stopping threads took: 0.0000099 seconds
2023-04-24T18:42:57.291+0530: 22258.125: Total time for which application threads were stopped: 0.0000667 seconds, Stopping threads took: 0.0000233 seconds
2023-04-24T18:42:58.292+0530: 22259.125: Total time for which application threads were stopped: 0.0002820 seconds, Stopping threads took: 0.0000484 seconds
2023-04-24T18:43:14.640+0530: 22275.474: Total time for which application threads were stopped: 0.0001723 seconds, Stopping threads took: 0.0000506 seconds
2023-04-24T18:43:14.644+0530: 22275.477: Total time for which application threads were stopped: 0.0001619 seconds, Stopping threads took: 0.0000258 seconds
2023-04-24T18:44:28.741+0530: 22349.575: Total time for which application threads were stopped: 0.0001667 seconds, Stopping threads took: 0.0000447 seconds
2023-04-24T18:44:28.744+0530: 22349.578: Total time for which application threads were stopped: 0.0001391 seconds, Stopping threads took: 0.0000259 seconds
2023-04-24T18:47:10.775+0530: 22511.608: Total time for which application threads were stopped: 0.0001156 seconds, Stopping threads took: 0.0000349 seconds
2023-04-24T18:47:10.776+0530: 22511.609: Total time for which application threads were stopped: 0.0002536 seconds, Stopping threads took: 0.0000212 seconds
2023-04-24T18:47:10.778+0530: 22511.611: Total time for which application threads were stopped: 0.0001059 seconds, Stopping threads took: 0.0000342 seconds
2023-04-24T18:47:11.778+0530: 22512.612: Total time for which application threads were stopped: 0.0002390 seconds, Stopping threads took: 0.0000748 seconds
2023-04-24T18:47:39.586+0530: 22540.420: Total time for which application threads were stopped: 0.0003740 seconds, Stopping threads took: 0.0001023 seconds
2023-04-24T18:47:39.590+0530: 22540.423: Total time for which application threads were stopped: 0.0001227 seconds, Stopping threads took: 0.0000240 seconds
2023-04-24T18:47:40.590+0530: 22541.424: Total time for which application threads were stopped: 0.0003119 seconds, Stopping threads took: 0.0000455 seconds
2023-04-24T18:47:59.687+0530: 22560.520: Total time for which application threads were stopped: 0.0001620 seconds, Stopping threads took: 0.0000451 seconds
2023-04-24T18:47:59.690+0530: 22560.524: Total time for which application threads were stopped: 0.0001270 seconds, Stopping threads took: 0.0000241 seconds
2023-04-24T18:48:00.690+0530: 22561.524: Total time for which application threads were stopped: 0.0002240 seconds, Stopping threads took: 0.0000476 seconds
2023-04-24T18:48:12.931+0530: 22573.764: Total time for which application threads were stopped: 0.0002073 seconds, Stopping threads took: 0.0000601 seconds
2023-04-24T18:48:12.934+0530: 22573.767: Total time for which application threads were stopped: 0.0001965 seconds, Stopping threads took: 0.0001131 seconds
2023-04-24T18:48:13.934+0530: 22574.768: Total time for which application threads were stopped: 0.0002076 seconds, Stopping threads took: 0.0000413 seconds
2023-04-24T18:48:23.765+0530: 22584.599: Total time for which application threads were stopped: 0.0001751 seconds, Stopping threads took: 0.0000535 seconds
2023-04-24T18:48:23.766+0530: 22584.600: Total time for which application threads were stopped: 0.0001697 seconds, Stopping threads took: 0.0000265 seconds
2023-04-24T18:48:23.769+0530: 22584.602: Total time for which application threads were stopped: 0.0001163 seconds, Stopping threads took: 0.0000217 seconds
2023-04-24T18:48:45.854+0530: 22606.687: Total time for which application threads were stopped: 0.0001786 seconds, Stopping threads took: 0.0000494 seconds
2023-04-24T18:48:45.857+0530: 22606.691: Total time for which application threads were stopped: 0.0002279 seconds, Stopping threads took: 0.0000266 seconds
2023-04-24T18:49:30.015+0530: 22650.849: Total time for which application threads were stopped: 0.0001653 seconds, Stopping threads took: 0.0000385 seconds
2023-04-24T18:49:30.019+0530: 22650.852: Total time for which application threads were stopped: 0.0001926 seconds, Stopping threads took: 0.0000376 seconds
2023-04-24T18:52:11.265+0530: 22812.098: Total time for which application threads were stopped: 0.0001610 seconds, Stopping threads took: 0.0000488 seconds
2023-04-24T18:52:11.268+0530: 22812.102: Total time for which application threads were stopped: 0.0001388 seconds, Stopping threads took: 0.0000252 seconds
2023-04-24T18:52:41.421+0530: 22842.254: Total time for which application threads were stopped: 0.0002456 seconds, Stopping threads took: 0.0000637 seconds
2023-04-24T18:52:41.424+0530: 22842.258: Total time for which application threads were stopped: 0.0001367 seconds, Stopping threads took: 0.0000233 seconds
2023-04-24T18:52:48.473+0530: 22849.306: Total time for which application threads were stopped: 0.0001721 seconds, Stopping threads took: 0.0000476 seconds
2023-04-24T18:52:48.476+0530: 22849.310: Total time for which application threads were stopped: 0.0001056 seconds, Stopping threads took: 0.0000188 seconds
2023-04-24T18:52:48.477+0530: 22849.310: Total time for which application threads were stopped: 0.0000897 seconds, Stopping threads took: 0.0000125 seconds
2023-04-24T18:52:48.477+0530: 22849.311: Total time for which application threads were stopped: 0.0000544 seconds, Stopping threads took: 0.0000069 seconds
2023-04-24T18:52:48.477+0530: 22849.311: Total time for which application threads were stopped: 0.0000472 seconds, Stopping threads took: 0.0000067 seconds
2023-04-24T18:52:48.477+0530: 22849.311: Total time for which application threads were stopped: 0.0000464 seconds, Stopping threads took: 0.0000066 seconds
2023-04-24T18:52:48.477+0530: 22849.311: Total time for which application threads were stopped: 0.0000486 seconds, Stopping threads took: 0.0000079 seconds
2023-04-24T18:52:48.477+0530: 22849.311: Total time for which application threads were stopped: 0.0000422 seconds, Stopping threads took: 0.0000058 seconds
2023-04-24T18:52:48.477+0530: 22849.311: Total time for which application threads were stopped: 0.0000735 seconds, Stopping threads took: 0.0000056 seconds
2023-04-24T18:52:48.478+0530: 22849.311: Total time for which application threads were stopped: 0.0000442 seconds, Stopping threads took: 0.0000063 seconds
2023-04-24T18:56:07.499+0530: 23048.333: Total time for which application threads were stopped: 0.0001510 seconds, Stopping threads took: 0.0000415 seconds
2023-04-24T18:56:07.502+0530: 23048.336: Total time for which application threads were stopped: 0.0001451 seconds, Stopping threads took: 0.0000240 seconds
2023-04-24T18:57:33.161+0530: 23133.995: Total time for which application threads were stopped: 0.0001775 seconds, Stopping threads took: 0.0000492 seconds
2023-04-24T18:57:33.162+0530: 23133.996: Total time for which application threads were stopped: 0.0001529 seconds, Stopping threads took: 0.0000226 seconds
2023-04-24T18:57:33.165+0530: 23133.998: Total time for which application threads were stopped: 0.0001140 seconds, Stopping threads took: 0.0000213 seconds
2023-04-24T18:59:38.689+0530: 23259.523: Total time for which application threads were stopped: 0.0003181 seconds, Stopping threads took: 0.0000868 seconds
2023-04-24T18:59:39.690+0530: 23260.523: Total time for which application threads were stopped: 0.0002895 seconds, Stopping threads took: 0.0000588 seconds
2023-04-24T19:00:47.702+0530: 23328.536: Total time for which application threads were stopped: 0.0001403 seconds, Stopping threads took: 0.0000426 seconds
2023-04-24T19:00:47.705+0530: 23328.538: Total time for which application threads were stopped: 0.0001215 seconds, Stopping threads took: 0.0000207 seconds
2023-04-24T19:01:04.378+0530: 23345.211: Total time for which application threads were stopped: 0.0001159 seconds, Stopping threads took: 0.0000213 seconds
2023-04-24T19:01:04.381+0530: 23345.214: Total time for which application threads were stopped: 0.0000973 seconds, Stopping threads took: 0.0000178 seconds
2023-04-24T19:01:15.285+0530: 23356.119: Total time for which application threads were stopped: 0.0001471 seconds, Stopping threads took: 0.0000257 seconds
2023-04-24T19:01:15.288+0530: 23356.121: Total time for which application threads were stopped: 0.0001133 seconds, Stopping threads took: 0.0000216 seconds
2023-04-24T19:01:15.288+0530: 23356.122: Total time for which application threads were stopped: 0.0001158 seconds, Stopping threads took: 0.0000154 seconds
2023-04-24T19:01:31.366+0530: 23372.199: Total time for which application threads were stopped: 0.0003514 seconds, Stopping threads took: 0.0000548 seconds
2023-04-24T19:01:31.369+0530: 23372.202: Total time for which application threads were stopped: 0.0001218 seconds, Stopping threads took: 0.0000254 seconds
2023-04-24T19:01:43.935+0530: 23384.768: Total time for which application threads were stopped: 0.0001282 seconds, Stopping threads took: 0.0000232 seconds
2023-04-24T19:01:43.935+0530: 23384.769: Total time for which application threads were stopped: 0.0001106 seconds, Stopping threads took: 0.0000174 seconds
2023-04-24T19:01:43.936+0530: 23384.769: Total time for which application threads were stopped: 0.0000648 seconds, Stopping threads took: 0.0000078 seconds
2023-04-24T19:01:43.938+0530: 23384.771: Total time for which application threads were stopped: 0.0001306 seconds, Stopping threads took: 0.0000238 seconds
2023-04-24T19:03:54.503+0530: 23515.336: Total time for which application threads were stopped: 0.0002248 seconds, Stopping threads took: 0.0000673 seconds
2023-04-24T19:03:54.506+0530: 23515.339: Total time for which application threads were stopped: 0.0001017 seconds, Stopping threads took: 0.0000189 seconds
2023-04-24T19:06:47.816+0530: 23688.649: Total time for which application threads were stopped: 0.0001986 seconds, Stopping threads took: 0.0000519 seconds
2023-04-24T19:06:47.818+0530: 23688.652: Total time for which application threads were stopped: 0.0001060 seconds, Stopping threads took: 0.0000198 seconds
2023-04-24T19:06:47.819+0530: 23688.653: Total time for which application threads were stopped: 0.0000946 seconds, Stopping threads took: 0.0000132 seconds
2023-04-24T19:06:48.820+0530: 23689.653: Total time for which application threads were stopped: 0.0002225 seconds, Stopping threads took: 0.0000483 seconds
2023-04-24T19:07:13.683+0530: 23714.517: Total time for which application threads were stopped: 0.0001950 seconds, Stopping threads took: 0.0000510 seconds
2023-04-24T19:07:13.686+0530: 23714.520: Total time for which application threads were stopped: 0.0001052 seconds, Stopping threads took: 0.0000194 seconds
2023-04-24T19:08:16.781+0530: 23777.614: Total time for which application threads were stopped: 0.0001991 seconds, Stopping threads took: 0.0000557 seconds
2023-04-24T19:08:16.782+0530: 23777.615: Total time for which application threads were stopped: 0.0001789 seconds, Stopping threads took: 0.0000276 seconds
2023-04-24T19:08:16.785+0530: 23777.619: Total time for which application threads were stopped: 0.0001542 seconds, Stopping threads took: 0.0000277 seconds
2023-04-24T19:17:47.803+0530: 23950.180: Total time for which application threads were stopped: 0.0001548 seconds, Stopping threads took: 0.0000428 seconds
2023-04-24T19:17:47.804+0530: 23950.181: Total time for which application threads were stopped: 0.0001159 seconds, Stopping threads took: 0.0000161 seconds
2023-04-24T19:17:47.809+0530: 23950.185: Total time for which application threads were stopped: 0.0001233 seconds, Stopping threads took: 0.0000199 seconds
2023-04-24T19:17:54.548+0530: 23956.925: Total time for which application threads were stopped: 0.0001475 seconds, Stopping threads took: 0.0000427 seconds
2023-04-24T19:17:54.564+0530: 23956.941: Total time for which application threads were stopped: 0.0001517 seconds, Stopping threads took: 0.0000306 seconds
2023-04-24T19:18:12.095+0530: 23974.472: Total time for which application threads were stopped: 0.0001723 seconds, Stopping threads took: 0.0000310 seconds
2023-04-24T19:18:12.096+0530: 23974.472: Total time for which application threads were stopped: 0.0001065 seconds, Stopping threads took: 0.0000152 seconds
2023-04-24T19:18:12.096+0530: 23974.472: Total time for which application threads were stopped: 0.0000662 seconds, Stopping threads took: 0.0000103 seconds
2023-04-24T19:18:12.098+0530: 23974.475: Total time for which application threads were stopped: 0.0001225 seconds, Stopping threads took: 0.0000230 seconds
2023-04-24T19:18:29.060+0530: 23991.437: Total time for which application threads were stopped: 0.0003376 seconds, Stopping threads took: 0.0000985 seconds
2023-04-24T19:18:34.815+0530: 23997.192: Total time for which application threads were stopped: 0.0002807 seconds, Stopping threads took: 0.0000505 seconds
{Heap before GC invocations=23 (full 2):
 par new generation   total 109248K, used 100369K [0x00000000e0000000, 0x00000000e8000000, 0x00000000e8000000)
  eden space 87424K, 100% used [0x00000000e0000000, 0x00000000e5560000, 0x00000000e5560000)
  from space 21824K,  59% used [0x00000000e6ab0000, 0x00000000e7754458, 0x00000000e8000000)
  to   space 21824K,   0% used [0x00000000e5560000, 0x00000000e5560000, 0x00000000e6ab0000)
 concurrent mark-sweep generation total 393216K, used 26479K [0x00000000e8000000, 0x0000000100000000, 0x0000000100000000)
 Metaspace       used 39920K, capacity 40500K, committed 40852K, reserved 1085440K
  class space    used 4452K, capacity 4644K, committed 4756K, reserved 1048576K
2023-04-24T19:21:06.416+0530: 24148.793: [GC (Allocation Failure) 2023-04-24T19:21:06.416+0530: 24148.793: [ParNew
Desired survivor size 20112992 bytes, new threshold 8 (max 8)
- age   1:     942744 bytes,     942744 total
- age   2:     580384 bytes,    1523128 total
- age   3:     148944 bytes,    1672072 total
- age   4:      14240 bytes,    1686312 total
- age   5:    5509552 bytes,    7195864 total
- age   6:    2591384 bytes,    9787248 total
- age   7:    2077808 bytes,   11865056 total
: 100369K->16364K(109248K), 0.0105715 secs] 126848K->42843K(502464K), 0.0107304 secs] [Times: user=0.04 sys=0.00, real=0.01 secs] 
