OpenJDK 64-Bit Server VM (25.362-b09) for linux-amd64 JRE (1.8.0_362-8u362-ga-0ubuntu1~22.04-b09), built on Jan 24 2023 19:02:58 by "buildd" with gcc 11.3.0
Memory: 4k page, physical 32636936k(28368892k free), swap 2097148k(2097148k free)
CommandLine flags: -XX:CMSInitiatingOccupancyFraction=50 -XX:CMSMaxAbortablePrecleanTime=6000 -XX:+CMSParallelRemarkEnabled -XX:+CMSScavengeBeforeRemark -XX:ConcGCThreads=4 -XX:InitialHeapSize=536870912 -XX:MaxHeapSize=536870912 -XX:MaxTenuringThreshold=8 -XX:NewRatio=3 -XX:OldPLABSize=16 -XX:ParallelGCThreads=4 -XX:+ParallelRefProcEnabled -XX:PretenureSizeThreshold=67108864 -XX:+PrintGC -XX:+PrintGCApplicationStoppedTime -XX:+PrintGCDateStamps -XX:+PrintGCDetails -XX:+PrintGCTimeStamps -XX:+PrintHeapAtGC -XX:+PrintTenuringDistribution -XX:SurvivorRatio=4 -XX:TargetSurvivorRatio=90 -XX:ThreadStackSize=256 -XX:+UseCMSInitiatingOccupancyOnly -XX:+UseCompressedClassPointers -XX:+UseCompressedOops -XX:+UseConcMarkSweepGC -XX:+UseParNewGC 
2023-04-17T09:40:58.470+0530: 0.120: Total time for which application threads were stopped: 0.0000623 seconds, Stopping threads took: 0.0000084 seconds
2023-04-17T09:40:58.624+0530: 0.274: Total time for which application threads were stopped: 0.0001079 seconds, Stopping threads took: 0.0000083 seconds
2023-04-17T09:40:58.702+0530: 0.352: Total time for which application threads were stopped: 0.0000980 seconds, Stopping threads took: 0.0000109 seconds
2023-04-17T09:40:58.762+0530: 0.412: Total time for which application threads were stopped: 0.0001150 seconds, Stopping threads took: 0.0000096 seconds
2023-04-17T09:40:58.791+0530: 0.441: Total time for which application threads were stopped: 0.0001416 seconds, Stopping threads took: 0.0000133 seconds
2023-04-17T09:40:58.799+0530: 0.448: Total time for which application threads were stopped: 0.0001264 seconds, Stopping threads took: 0.0000117 seconds
2023-04-17T09:40:58.807+0530: 0.457: Total time for which application threads were stopped: 0.0001587 seconds, Stopping threads took: 0.0000411 seconds
{Heap before GC invocations=0 (full 0):
 par new generation   total 109248K, used 87424K [0x00000000e0000000, 0x00000000e8000000, 0x00000000e8000000)
  eden space 87424K, 100% used [0x00000000e0000000, 0x00000000e5560000, 0x00000000e5560000)
  from space 21824K,   0% used [0x00000000e5560000, 0x00000000e5560000, 0x00000000e6ab0000)
  to   space 21824K,   0% used [0x00000000e6ab0000, 0x00000000e6ab0000, 0x00000000e8000000)
 concurrent mark-sweep generation total 393216K, used 0K [0x00000000e8000000, 0x0000000100000000, 0x0000000100000000)
 Metaspace       used 10266K, capacity 10396K, committed 10496K, reserved 1058816K
  class space    used 1165K, capacity 1208K, committed 1280K, reserved 1048576K
2023-04-17T09:40:58.994+0530: 0.643: [GC (Allocation Failure) 2023-04-17T09:40:58.994+0530: 0.643: [ParNew
Desired survivor size 20112992 bytes, new threshold 8 (max 8)
- age   1:    5748112 bytes,    5748112 total
: 87424K->5675K(109248K), 0.0047315 secs] 87424K->5675K(502464K), 0.0048085 secs] [Times: user=0.02 sys=0.00, real=0.01 secs] 
Heap after GC invocations=1 (full 0):
 par new generation   total 109248K, used 5675K [0x00000000e0000000, 0x00000000e8000000, 0x00000000e8000000)
  eden space 87424K,   0% used [0x00000000e0000000, 0x00000000e0000000, 0x00000000e5560000)
  from space 21824K,  26% used [0x00000000e6ab0000, 0x00000000e703add0, 0x00000000e8000000)
  to   space 21824K,   0% used [0x00000000e5560000, 0x00000000e5560000, 0x00000000e6ab0000)
 concurrent mark-sweep generation total 393216K, used 0K [0x00000000e8000000, 0x0000000100000000, 0x0000000100000000)
 Metaspace       used 10266K, capacity 10396K, committed 10496K, reserved 1058816K
  class space    used 1165K, capacity 1208K, committed 1280K, reserved 1048576K
}
2023-04-17T09:40:58.999+0530: 0.648: Total time for which application threads were stopped: 0.0049398 seconds, Stopping threads took: 0.0000148 seconds
2023-04-17T09:40:59.042+0530: 0.692: Total time for which application threads were stopped: 0.0001527 seconds, Stopping threads took: 0.0000137 seconds
2023-04-17T09:40:59.089+0530: 0.738: Total time for which application threads were stopped: 0.0001448 seconds, Stopping threads took: 0.0000099 seconds
2023-04-17T09:40:59.218+0530: 0.868: Total time for which application threads were stopped: 0.0001808 seconds, Stopping threads took: 0.0000094 seconds
2023-04-17T09:40:59.253+0530: 0.903: Total time for which application threads were stopped: 0.0002377 seconds, Stopping threads took: 0.0000510 seconds
2023-04-17T09:40:59.289+0530: 0.939: Total time for which application threads were stopped: 0.0001905 seconds, Stopping threads took: 0.0000148 seconds
2023-04-17T09:40:59.290+0530: 0.939: Total time for which application threads were stopped: 0.0001403 seconds, Stopping threads took: 0.0000092 seconds
2023-04-17T09:40:59.336+0530: 0.986: Total time for which application threads were stopped: 0.0002408 seconds, Stopping threads took: 0.0000180 seconds
2023-04-17T09:40:59.410+0530: 1.059: Total time for which application threads were stopped: 0.0002213 seconds, Stopping threads took: 0.0000256 seconds
{Heap before GC invocations=1 (full 0):
 par new generation   total 109248K, used 93099K [0x00000000e0000000, 0x00000000e8000000, 0x00000000e8000000)
  eden space 87424K, 100% used [0x00000000e0000000, 0x00000000e5560000, 0x00000000e5560000)
  from space 21824K,  26% used [0x00000000e6ab0000, 0x00000000e703add0, 0x00000000e8000000)
  to   space 21824K,   0% used [0x00000000e5560000, 0x00000000e5560000, 0x00000000e6ab0000)
 concurrent mark-sweep generation total 393216K, used 0K [0x00000000e8000000, 0x0000000100000000, 0x0000000100000000)
 Metaspace       used 19929K, capacity 20312K, committed 20608K, reserved 1067008K
  class space    used 2295K, capacity 2424K, committed 2432K, reserved 1048576K
2023-04-17T09:40:59.640+0530: 1.289: [GC (Allocation Failure) 2023-04-17T09:40:59.640+0530: 1.289: [ParNew
Desired survivor size 20112992 bytes, new threshold 8 (max 8)
- age   1:   10446008 bytes,   10446008 total
- age   2:    2529960 bytes,   12975968 total
: 93099K->14077K(109248K), 0.0066205 secs] 93099K->14077K(502464K), 0.0066831 secs] [Times: user=0.03 sys=0.01, real=0.00 secs] 
Heap after GC invocations=2 (full 0):
 par new generation   total 109248K, used 14077K [0x00000000e0000000, 0x00000000e8000000, 0x00000000e8000000)
  eden space 87424K,   0% used [0x00000000e0000000, 0x00000000e0000000, 0x00000000e5560000)
  from space 21824K,  64% used [0x00000000e5560000, 0x00000000e631f420, 0x00000000e6ab0000)
  to   space 21824K,   0% used [0x00000000e6ab0000, 0x00000000e6ab0000, 0x00000000e8000000)
 concurrent mark-sweep generation total 393216K, used 0K [0x00000000e8000000, 0x0000000100000000, 0x0000000100000000)
 Metaspace       used 19929K, capacity 20312K, committed 20608K, reserved 1067008K
  class space    used 2295K, capacity 2424K, committed 2432K, reserved 1048576K
}
2023-04-17T09:40:59.646+0530: 1.296: Total time for which application threads were stopped: 0.0068416 seconds, Stopping threads took: 0.0000135 seconds
2023-04-17T09:40:59.747+0530: 1.396: Total time for which application threads were stopped: 0.0002636 seconds, Stopping threads took: 0.0000123 seconds
2023-04-17T09:40:59.775+0530: 1.424: Total time for which application threads were stopped: 0.0002982 seconds, Stopping threads took: 0.0000334 seconds
{Heap before GC invocations=2 (full 0):
 par new generation   total 109248K, used 101501K [0x00000000e0000000, 0x00000000e8000000, 0x00000000e8000000)
  eden space 87424K, 100% used [0x00000000e0000000, 0x00000000e5560000, 0x00000000e5560000)
  from space 21824K,  64% used [0x00000000e5560000, 0x00000000e631f420, 0x00000000e6ab0000)
  to   space 21824K,   0% used [0x00000000e6ab0000, 0x00000000e6ab0000, 0x00000000e8000000)
 concurrent mark-sweep generation total 393216K, used 0K [0x00000000e8000000, 0x0000000100000000, 0x0000000100000000)
 Metaspace       used 20691K, capacity 20984K, committed 21248K, reserved 1069056K
  class space    used 2395K, capacity 2520K, committed 2560K, reserved 1048576K
2023-04-17T09:40:59.786+0530: 1.436: [GC (Allocation Failure) 2023-04-17T09:40:59.786+0530: 1.436: [ParNew
Desired survivor size 20112992 bytes, new threshold 8 (max 8)
- age   1:    1383848 bytes,    1383848 total
- age   2:    4913392 bytes,    6297240 total
- age   3:    2502440 bytes,    8799680 total
: 101501K->13051K(109248K), 0.0050194 secs] 101501K->13051K(502464K), 0.0050849 secs] [Times: user=0.03 sys=0.01, real=0.01 secs] 
Heap after GC invocations=3 (full 0):
 par new generation   total 109248K, used 13051K [0x00000000e0000000, 0x00000000e8000000, 0x00000000e8000000)
  eden space 87424K,   0% used [0x00000000e0000000, 0x00000000e0000000, 0x00000000e5560000)
  from space 21824K,  59% used [0x00000000e6ab0000, 0x00000000e776ec60, 0x00000000e8000000)
  to   space 21824K,   0% used [0x00000000e5560000, 0x00000000e5560000, 0x00000000e6ab0000)
 concurrent mark-sweep generation total 393216K, used 0K [0x00000000e8000000, 0x0000000100000000, 0x0000000100000000)
 Metaspace       used 20691K, capacity 20984K, committed 21248K, reserved 1069056K
  class space    used 2395K, capacity 2520K, committed 2560K, reserved 1048576K
}
2023-04-17T09:40:59.791+0530: 1.441: Total time for which application threads were stopped: 0.0052244 seconds, Stopping threads took: 0.0000362 seconds
2023-04-17T09:40:59.801+0530: 1.450: Total time for which application threads were stopped: 0.0002738 seconds, Stopping threads took: 0.0000329 seconds
2023-04-17T09:40:59.805+0530: 1.454: Total time for which application threads were stopped: 0.0000866 seconds, Stopping threads took: 0.0000169 seconds
2023-04-17T09:40:59.861+0530: 1.510: Total time for which application threads were stopped: 0.0001346 seconds, Stopping threads took: 0.0000222 seconds
2023-04-17T09:40:59.883+0530: 1.533: Total time for which application threads were stopped: 0.0002831 seconds, Stopping threads took: 0.0000181 seconds
2023-04-17T09:40:59.898+0530: 1.547: Total time for which application threads were stopped: 0.0001367 seconds, Stopping threads took: 0.0000640 seconds
{Heap before GC invocations=3 (full 0):
 par new generation   total 109248K, used 100475K [0x00000000e0000000, 0x00000000e8000000, 0x00000000e8000000)
  eden space 87424K, 100% used [0x00000000e0000000, 0x00000000e5560000, 0x00000000e5560000)
  from space 21824K,  59% used [0x00000000e6ab0000, 0x00000000e776ec60, 0x00000000e8000000)
  to   space 21824K,   0% used [0x00000000e5560000, 0x00000000e5560000, 0x00000000e6ab0000)
 concurrent mark-sweep generation total 393216K, used 0K [0x00000000e8000000, 0x0000000100000000, 0x0000000100000000)
 Metaspace       used 21516K, capacity 21866K, committed 22216K, reserved 1069056K
  class space    used 2496K, capacity 2619K, committed 2684K, reserved 1048576K
2023-04-17T09:40:59.901+0530: 1.551: [GC (Allocation Failure) 2023-04-17T09:40:59.901+0530: 1.551: [ParNew
Desired survivor size 20112992 bytes, new threshold 8 (max 8)
- age   1:    2659848 bytes,    2659848 total
- age   2:     263728 bytes,    2923576 total
- age   3:    4894944 bytes,    7818520 total
- age   4:    2501984 bytes,   10320504 total
: 100475K->13085K(109248K), 0.0064224 secs] 100475K->13085K(502464K), 0.0064793 secs] [Times: user=0.04 sys=0.00, real=0.00 secs] 
Heap after GC invocations=4 (full 0):
 par new generation   total 109248K, used 13085K [0x00000000e0000000, 0x00000000e8000000, 0x00000000e8000000)
  eden space 87424K,   0% used [0x00000000e0000000, 0x00000000e0000000, 0x00000000e5560000)
  from space 21824K,  59% used [0x00000000e5560000, 0x00000000e62277d8, 0x00000000e6ab0000)
  to   space 21824K,   0% used [0x00000000e6ab0000, 0x00000000e6ab0000, 0x00000000e8000000)
 concurrent mark-sweep generation total 393216K, used 0K [0x00000000e8000000, 0x0000000100000000, 0x0000000100000000)
 Metaspace       used 21516K, capacity 21866K, committed 22216K, reserved 1069056K
  class space    used 2496K, capacity 2619K, committed 2684K, reserved 1048576K
}
2023-04-17T09:40:59.908+0530: 1.557: Total time for which application threads were stopped: 0.0066648 seconds, Stopping threads took: 0.0000382 seconds
2023-04-17T09:40:59.908+0530: 1.557: [GC (CMS Initial Mark) [1 CMS-initial-mark: 0K(393216K)] 14085K(502464K), 0.0021435 secs] [Times: user=0.01 sys=0.00, real=0.01 secs] 
2023-04-17T09:40:59.910+0530: 1.560: Total time for which application threads were stopped: 0.0023722 seconds, Stopping threads took: 0.0000941 seconds
2023-04-17T09:40:59.910+0530: 1.560: [CMS-concurrent-mark-start]
2023-04-17T09:40:59.911+0530: 1.560: [CMS-concurrent-mark: 0.001/0.001 secs] [Times: user=0.00 sys=0.00, real=0.00 secs] 
2023-04-17T09:40:59.911+0530: 1.560: [CMS-concurrent-preclean-start]
2023-04-17T09:40:59.912+0530: 1.562: [CMS-concurrent-preclean: 0.001/0.001 secs] [Times: user=0.01 sys=0.00, real=0.00 secs] 
2023-04-17T09:40:59.912+0530: 1.562: [CMS-concurrent-abortable-preclean-start]
2023-04-17T09:40:59.928+0530: 1.578: Total time for which application threads were stopped: 0.0001231 seconds, Stopping threads took: 0.0000340 seconds
2023-04-17T09:40:59.943+0530: 1.593: Total time for which application threads were stopped: 0.0002085 seconds, Stopping threads took: 0.0001468 seconds
2023-04-17T09:40:59.944+0530: 1.593: Total time for which application threads were stopped: 0.0000723 seconds, Stopping threads took: 0.0000277 seconds
2023-04-17T09:40:59.964+0530: 1.614: Total time for which application threads were stopped: 0.0001034 seconds, Stopping threads took: 0.0000298 seconds
{Heap before GC invocations=4 (full 1):
 par new generation   total 109248K, used 100541K [0x00000000e0000000, 0x00000000e8000000, 0x00000000e8000000)
  eden space 87424K, 100% used [0x00000000e0000000, 0x00000000e5560000, 0x00000000e5560000)
  from space 21824K,  60% used [0x00000000e5560000, 0x00000000e622f7e8, 0x00000000e6ab0000)
  to   space 21824K,   0% used [0x00000000e6ab0000, 0x00000000e6ab0000, 0x00000000e8000000)
 concurrent mark-sweep generation total 393216K, used 0K [0x00000000e8000000, 0x0000000100000000, 0x0000000100000000)
 Metaspace       used 22222K, capacity 22550K, committed 22880K, reserved 1069056K
  class space    used 2590K, capacity 2717K, committed 2760K, reserved 1048576K
2023-04-17T09:40:59.965+0530: 1.614: [GC (GCLocker Initiated GC) 2023-04-17T09:40:59.965+0530: 1.614: [ParNew
Desired survivor size 20112992 bytes, new threshold 8 (max 8)
- age   1:    1188512 bytes,    1188512 total
- age   2:    2057072 bytes,    3245584 total
- age   3:     263600 bytes,    3509184 total
- age   4:    4893992 bytes,    8403176 total
- age   5:    2502000 bytes,   10905176 total
: 100541K->12422K(109248K), 0.0063173 secs] 100541K->12422K(502464K), 0.0063670 secs] [Times: user=0.03 sys=0.00, real=0.01 secs] 
Heap after GC invocations=5 (full 1):
 par new generation   total 109248K, used 12422K [0x00000000e0000000, 0x00000000e8000000, 0x00000000e8000000)
  eden space 87424K,   0% used [0x00000000e0000000, 0x00000000e0000000, 0x00000000e5560000)
  from space 21824K,  56% used [0x00000000e6ab0000, 0x00000000e76d1af0, 0x00000000e8000000)
  to   space 21824K,   0% used [0x00000000e5560000, 0x00000000e5560000, 0x00000000e6ab0000)
 concurrent mark-sweep generation total 393216K, used 0K [0x00000000e8000000, 0x0000000100000000, 0x0000000100000000)
 Metaspace       used 22222K, capacity 22550K, committed 22880K, reserved 1069056K
  class space    used 2590K, capacity 2717K, committed 2760K, reserved 1048576K
}
2023-04-17T09:40:59.971+0530: 1.621: Total time for which application threads were stopped: 0.0064743 seconds, Stopping threads took: 0.0000114 seconds
{Heap before GC invocations=5 (full 1):
 par new generation   total 109248K, used 99846K [0x00000000e0000000, 0x00000000e8000000, 0x00000000e8000000)
  eden space 87424K, 100% used [0x00000000e0000000, 0x00000000e5560000, 0x00000000e5560000)
  from space 21824K,  56% used [0x00000000e6ab0000, 0x00000000e76d1af0, 0x00000000e8000000)
  to   space 21824K,   0% used [0x00000000e5560000, 0x00000000e5560000, 0x00000000e6ab0000)
 concurrent mark-sweep generation total 393216K, used 0K [0x00000000e8000000, 0x0000000100000000, 0x0000000100000000)
 Metaspace       used 22308K, capacity 22658K, committed 22880K, reserved 1069056K
  class space    used 2600K, capacity 2751K, committed 2760K, reserved 1048576K
2023-04-17T09:40:59.999+0530: 1.649: [GC (Allocation Failure) 2023-04-17T09:40:59.999+0530: 1.649: [ParNew
Desired survivor size 20112992 bytes, new threshold 8 (max 8)
- age   1:     575488 bytes,     575488 total
- age   2:     137568 bytes,     713056 total
- age   3:    2057640 bytes,    2770696 total
- age   4:     263568 bytes,    3034264 total
- age   5:    4893112 bytes,    7927376 total
- age   6:    2501984 bytes,   10429360 total
: 99846K->16151K(109248K), 0.0076300 secs] 99846K->16151K(502464K), 0.0077054 secs] [Times: user=0.04 sys=0.00, real=0.00 secs] 
Heap after GC invocations=6 (full 1):
 par new generation   total 109248K, used 16151K [0x00000000e0000000, 0x00000000e8000000, 0x00000000e8000000)
  eden space 87424K,   0% used [0x00000000e0000000, 0x00000000e0000000, 0x00000000e5560000)
  from space 21824K,  74% used [0x00000000e5560000, 0x00000000e6525e10, 0x00000000e6ab0000)
  to   space 21824K,   0% used [0x00000000e6ab0000, 0x00000000e6ab0000, 0x00000000e8000000)
 concurrent mark-sweep generation total 393216K, used 0K [0x00000000e8000000, 0x0000000100000000, 0x0000000100000000)
 Metaspace       used 22308K, capacity 22658K, committed 22880K, reserved 1069056K
  class space    used 2600K, capacity 2751K, committed 2760K, reserved 1048576K
}
2023-04-17T09:41:00.007+0530: 1.657: Total time for which application threads were stopped: 0.0078975 seconds, Stopping threads took: 0.0000475 seconds
2023-04-17T09:41:00.007+0530: 1.657: [CMS-concurrent-abortable-preclean: 0.053/0.094 secs] [Times: user=0.58 sys=0.01, real=0.09 secs] 
2023-04-17T09:41:00.008+0530: 1.658: [GC (CMS Final Remark) [YG occupancy: 17227 K (109248 K)]{Heap before GC invocations=6 (full 1):
 par new generation   total 109248K, used 17227K [0x00000000e0000000, 0x00000000e8000000, 0x00000000e8000000)
  eden space 87424K,   1% used [0x00000000e0000000, 0x00000000e010d080, 0x00000000e5560000)
  from space 21824K,  74% used [0x00000000e5560000, 0x00000000e6525e10, 0x00000000e6ab0000)
  to   space 21824K,   0% used [0x00000000e6ab0000, 0x00000000e6ab0000, 0x00000000e8000000)
 concurrent mark-sweep generation total 393216K, used 0K [0x00000000e8000000, 0x0000000100000000, 0x0000000100000000)
 Metaspace       used 22308K, capacity 22658K, committed 22880K, reserved 1069056K
  class space    used 2600K, capacity 2751K, committed 2760K, reserved 1048576K
2023-04-17T09:41:00.008+0530: 1.658: [GC (CMS Final Remark) 2023-04-17T09:41:00.008+0530: 1.658: [ParNew
Desired survivor size 20112992 bytes, new threshold 8 (max 8)
- age   1:      29960 bytes,      29960 total
- age   2:     547776 bytes,     577736 total
- age   3:     135192 bytes,     712928 total
- age   4:    2056320 bytes,    2769248 total
- age   5:     263568 bytes,    3032816 total
- age   6:    4893016 bytes,    7925832 total
- age   7:    2502136 bytes,   10427968 total
: 17227K->12133K(109248K), 0.0060563 secs] 17227K->12133K(502464K), 0.0061015 secs] [Times: user=0.03 sys=0.00, real=0.01 secs] 
Heap after GC invocations=7 (full 1):
 par new generation   total 109248K, used 12133K [0x00000000e0000000, 0x00000000e8000000, 0x00000000e8000000)
  eden space 87424K,   0% used [0x00000000e0000000, 0x00000000e0000000, 0x00000000e5560000)
  from space 21824K,  55% used [0x00000000e6ab0000, 0x00000000e7689430, 0x00000000e8000000)
  to   space 21824K,   0% used [0x00000000e5560000, 0x00000000e5560000, 0x00000000e6ab0000)
 concurrent mark-sweep generation total 393216K, used 0K [0x00000000e8000000, 0x0000000100000000, 0x0000000100000000)
 Metaspace       used 22308K, capacity 22658K, committed 22880K, reserved 1069056K
  class space    used 2600K, capacity 2751K, committed 2760K, reserved 1048576K
}
2023-04-17T09:41:00.015+0530: 1.664: [Rescan (parallel) , 0.0025062 secs]2023-04-17T09:41:00.017+0530: 1.667: [weak refs processing, 0.0003336 secs]2023-04-17T09:41:00.018+0530: 1.667: [class unloading, 0.0035401 secs]2023-04-17T09:41:00.021+0530: 1.671: [scrub symbol table, 0.0026569 secs]2023-04-17T09:41:00.024+0530: 1.673: [scrub string table, 0.0003979 secs][1 CMS-remark: 0K(393216K)] 12133K(502464K), 0.0165467 secs] [Times: user=0.06 sys=0.00, real=0.02 secs] 
2023-04-17T09:41:00.025+0530: 1.675: Total time for which application threads were stopped: 0.0179744 seconds, Stopping threads took: 0.0013492 seconds
2023-04-17T09:41:00.025+0530: 1.675: [CMS-concurrent-sweep-start]
2023-04-17T09:41:00.025+0530: 1.675: [CMS-concurrent-sweep: 0.000/0.000 secs] [Times: user=0.00 sys=0.00, real=0.00 secs] 
2023-04-17T09:41:00.025+0530: 1.675: [CMS-concurrent-reset-start]
2023-04-17T09:41:00.028+0530: 1.678: [CMS-concurrent-reset: 0.003/0.003 secs] [Times: user=0.00 sys=0.00, real=0.00 secs] 
{Heap before GC invocations=7 (full 1):
 par new generation   total 109248K, used 99557K [0x00000000e0000000, 0x00000000e8000000, 0x00000000e8000000)
  eden space 87424K, 100% used [0x00000000e0000000, 0x00000000e5560000, 0x00000000e5560000)
  from space 21824K,  55% used [0x00000000e6ab0000, 0x00000000e7689430, 0x00000000e8000000)
  to   space 21824K,   0% used [0x00000000e5560000, 0x00000000e5560000, 0x00000000e6ab0000)
 concurrent mark-sweep generation total 393216K, used 0K [0x00000000e8000000, 0x0000000100000000, 0x0000000100000000)
 Metaspace       used 22424K, capacity 22794K, committed 22880K, reserved 1069056K
  class space    used 2622K, capacity 2753K, committed 2760K, reserved 1048576K
2023-04-17T09:41:00.067+0530: 1.716: [GC (Allocation Failure) 2023-04-17T09:41:00.067+0530: 1.716: [ParNew
Desired survivor size 20112992 bytes, new threshold 8 (max 8)
- age   1:     656856 bytes,     656856 total
- age   3:     113344 bytes,     770200 total
- age   4:     133456 bytes,     903656 total
- age   5:    2056344 bytes,    2960000 total
- age   6:     263472 bytes,    3223472 total
- age   7:    4889792 bytes,    8113264 total
- age   8:    2501984 bytes,   10615248 total
: 99557K->13276K(109248K), 0.0067857 secs] 99557K->13276K(502464K), 0.0068443 secs] [Times: user=0.03 sys=0.01, real=0.01 secs] 
Heap after GC invocations=8 (full 1):
 par new generation   total 109248K, used 13276K [0x00000000e0000000, 0x00000000e8000000, 0x00000000e8000000)
  eden space 87424K,   0% used [0x00000000e0000000, 0x00000000e0000000, 0x00000000e5560000)
  from space 21824K,  60% used [0x00000000e5560000, 0x00000000e6257110, 0x00000000e6ab0000)
  to   space 21824K,   0% used [0x00000000e6ab0000, 0x00000000e6ab0000, 0x00000000e8000000)
 concurrent mark-sweep generation total 393216K, used 0K [0x00000000e8000000, 0x0000000100000000, 0x0000000100000000)
 Metaspace       used 22424K, capacity 22794K, committed 22880K, reserved 1069056K
  class space    used 2622K, capacity 2753K, committed 2760K, reserved 1048576K
}
2023-04-17T09:41:00.073+0530: 1.723: Total time for which application threads were stopped: 0.0070676 seconds, Stopping threads took: 0.0000837 seconds
{Heap before GC invocations=8 (full 1):
 par new generation   total 109248K, used 100700K [0x00000000e0000000, 0x00000000e8000000, 0x00000000e8000000)
  eden space 87424K, 100% used [0x00000000e0000000, 0x00000000e5560000, 0x00000000e5560000)
  from space 21824K,  60% used [0x00000000e5560000, 0x00000000e6257110, 0x00000000e6ab0000)
  to   space 21824K,   0% used [0x00000000e6ab0000, 0x00000000e6ab0000, 0x00000000e8000000)
 concurrent mark-sweep generation total 393216K, used 0K [0x00000000e8000000, 0x0000000100000000, 0x0000000100000000)
 Metaspace       used 22736K, capacity 23146K, committed 23368K, reserved 1069056K
  class space    used 2656K, capacity 2785K, committed 2888K, reserved 1048576K
2023-04-17T09:41:00.121+0530: 1.770: [GC (Allocation Failure) 2023-04-17T09:41:00.121+0530: 1.770: [ParNew
Desired survivor size 20112992 bytes, new threshold 8 (max 8)
- age   1:     714640 bytes,     714640 total
- age   2:     109320 bytes,     823960 total
- age   4:     112384 bytes,     936344 total
- age   5:     132200 bytes,    1068544 total
- age   6:    2054408 bytes,    3122952 total
- age   7:     263424 bytes,    3386376 total
- age   8:    4889752 bytes,    8276128 total
: 100700K->14981K(109248K), 0.0104170 secs] 100700K->17462K(502464K), 0.0105013 secs] [Times: user=0.05 sys=0.01, real=0.01 secs] 
Heap after GC invocations=9 (full 1):
 par new generation   total 109248K, used 14981K [0x00000000e0000000, 0x00000000e8000000, 0x00000000e8000000)
  eden space 87424K,   0% used [0x00000000e0000000, 0x00000000e0000000, 0x00000000e5560000)
  from space 21824K,  68% used [0x00000000e6ab0000, 0x00000000e7951500, 0x00000000e8000000)
  to   space 21824K,   0% used [0x00000000e5560000, 0x00000000e5560000, 0x00000000e6ab0000)
 concurrent mark-sweep generation total 393216K, used 2481K [0x00000000e8000000, 0x0000000100000000, 0x0000000100000000)
 Metaspace       used 22736K, capacity 23146K, committed 23368K, reserved 1069056K
  class space    used 2656K, capacity 2785K, committed 2888K, reserved 1048576K
}
2023-04-17T09:41:00.131+0530: 1.781: Total time for which application threads were stopped: 0.0107333 seconds, Stopping threads took: 0.0000792 seconds
2023-04-17T09:41:00.153+0530: 1.803: Total time for which application threads were stopped: 0.0010361 seconds, Stopping threads took: 0.0006569 seconds
2023-04-17T09:41:00.271+0530: 1.921: Total time for which application threads were stopped: 0.0004781 seconds, Stopping threads took: 0.0000517 seconds
2023-04-17T09:41:00.283+0530: 1.932: Total time for which application threads were stopped: 0.0003813 seconds, Stopping threads took: 0.0000223 seconds
2023-04-17T09:41:00.293+0530: 1.943: Total time for which application threads were stopped: 0.0003956 seconds, Stopping threads took: 0.0000451 seconds
{Heap before GC invocations=9 (full 1):
 par new generation   total 109248K, used 102405K [0x00000000e0000000, 0x00000000e8000000, 0x00000000e8000000)
  eden space 87424K, 100% used [0x00000000e0000000, 0x00000000e5560000, 0x00000000e5560000)
  from space 21824K,  68% used [0x00000000e6ab0000, 0x00000000e7951500, 0x00000000e8000000)
  to   space 21824K,   0% used [0x00000000e5560000, 0x00000000e5560000, 0x00000000e6ab0000)
 concurrent mark-sweep generation total 393216K, used 2481K [0x00000000e8000000, 0x0000000100000000, 0x0000000100000000)
 Metaspace       used 26133K, capacity 26458K, committed 26824K, reserved 1073152K
  class space    used 3068K, capacity 3207K, committed 3272K, reserved 1048576K
2023-04-17T09:41:00.446+0530: 2.095: [GC (Allocation Failure) 2023-04-17T09:41:00.446+0530: 2.095: [ParNew
Desired survivor size 20112992 bytes, new threshold 8 (max 8)
- age   1:    4942896 bytes,    4942896 total
- age   2:     215456 bytes,    5158352 total
- age   3:     109272 bytes,    5267624 total
- age   5:     112384 bytes,    5380008 total
- age   6:     132088 bytes,    5512096 total
- age   7:     290024 bytes,    5802120 total
- age   8:     258336 bytes,    6060456 total
: 102405K->8024K(109248K), 0.0091397 secs] 104886K->15304K(502464K), 0.0092008 secs] [Times: user=0.03 sys=0.00, real=0.01 secs] 
Heap after GC invocations=10 (full 1):
 par new generation   total 109248K, used 8024K [0x00000000e0000000, 0x00000000e8000000, 0x00000000e8000000)
  eden space 87424K,   0% used [0x00000000e0000000, 0x00000000e0000000, 0x00000000e5560000)
  from space 21824K,  36% used [0x00000000e5560000, 0x00000000e5d36200, 0x00000000e6ab0000)
  to   space 21824K,   0% used [0x00000000e6ab0000, 0x00000000e6ab0000, 0x00000000e8000000)
 concurrent mark-sweep generation total 393216K, used 7280K [0x00000000e8000000, 0x0000000100000000, 0x0000000100000000)
 Metaspace       used 26133K, capacity 26458K, committed 26824K, reserved 1073152K
  class space    used 3068K, capacity 3207K, committed 3272K, reserved 1048576K
}
2023-04-17T09:41:00.455+0530: 2.105: Total time for which application threads were stopped: 0.0093425 seconds, Stopping threads took: 0.0000175 seconds
2023-04-17T09:41:00.528+0530: 2.178: Total time for which application threads were stopped: 0.0005434 seconds, Stopping threads took: 0.0000280 seconds
2023-04-17T09:41:00.552+0530: 2.202: Total time for which application threads were stopped: 0.0004295 seconds, Stopping threads took: 0.0000392 seconds
2023-04-17T09:41:00.567+0530: 2.216: Total time for which application threads were stopped: 0.0003893 seconds, Stopping threads took: 0.0000192 seconds
2023-04-17T09:41:00.568+0530: 2.218: Total time for which application threads were stopped: 0.0005539 seconds, Stopping threads took: 0.0000786 seconds
{Heap before GC invocations=10 (full 1):
 par new generation   total 109248K, used 95448K [0x00000000e0000000, 0x00000000e8000000, 0x00000000e8000000)
  eden space 87424K, 100% used [0x00000000e0000000, 0x00000000e5560000, 0x00000000e5560000)
  from space 21824K,  36% used [0x00000000e5560000, 0x00000000e5d36200, 0x00000000e6ab0000)
  to   space 21824K,   0% used [0x00000000e6ab0000, 0x00000000e6ab0000, 0x00000000e8000000)
 concurrent mark-sweep generation total 393216K, used 7280K [0x00000000e8000000, 0x0000000100000000, 0x0000000100000000)
 Metaspace       used 28213K, capacity 28550K, committed 28872K, reserved 1075200K
  class space    used 3292K, capacity 3433K, committed 3528K, reserved 1048576K
2023-04-17T09:41:00.678+0530: 2.328: [GC (Allocation Failure) 2023-04-17T09:41:00.678+0530: 2.328: [ParNew
Desired survivor size 20112992 bytes, new threshold 8 (max 8)
- age   1:    9738592 bytes,    9738592 total
- age   2:    2130160 bytes,   11868752 total
- age   3:     215456 bytes,   12084208 total
- age   4:     109240 bytes,   12193448 total
- age   6:     111728 bytes,   12305176 total
- age   7:     131888 bytes,   12437064 total
- age   8:     289616 bytes,   12726680 total
: 95448K->14757K(109248K), 0.0092301 secs] 102728K->22290K(502464K), 0.0093171 secs] [Times: user=0.05 sys=0.00, real=0.00 secs] 
Heap after GC invocations=11 (full 1):
 par new generation   total 109248K, used 14757K [0x00000000e0000000, 0x00000000e8000000, 0x00000000e8000000)
  eden space 87424K,   0% used [0x00000000e0000000, 0x00000000e0000000, 0x00000000e5560000)
  from space 21824K,  67% used [0x00000000e6ab0000, 0x00000000e7919480, 0x00000000e8000000)
  to   space 21824K,   0% used [0x00000000e5560000, 0x00000000e5560000, 0x00000000e6ab0000)
 concurrent mark-sweep generation total 393216K, used 7533K [0x00000000e8000000, 0x0000000100000000, 0x0000000100000000)
 Metaspace       used 28213K, capacity 28550K, committed 28872K, reserved 1075200K
  class space    used 3292K, capacity 3433K, committed 3528K, reserved 1048576K
}
2023-04-17T09:41:00.687+0530: 2.337: Total time for which application threads were stopped: 0.0095476 seconds, Stopping threads took: 0.0000380 seconds
{Heap before GC invocations=11 (full 1):
 par new generation   total 109248K, used 102181K [0x00000000e0000000, 0x00000000e8000000, 0x00000000e8000000)
  eden space 87424K, 100% used [0x00000000e0000000, 0x00000000e5560000, 0x00000000e5560000)
  from space 21824K,  67% used [0x00000000e6ab0000, 0x00000000e7919480, 0x00000000e8000000)
  to   space 21824K,   0% used [0x00000000e5560000, 0x00000000e5560000, 0x00000000e6ab0000)
 concurrent mark-sweep generation total 393216K, used 7533K [0x00000000e8000000, 0x0000000100000000, 0x0000000100000000)
 Metaspace       used 28265K, capacity 28586K, committed 28872K, reserved 1075200K
  class space    used 3295K, capacity 3439K, committed 3528K, reserved 1048576K
2023-04-17T09:41:00.723+0530: 2.373: [GC (Allocation Failure) 2023-04-17T09:41:00.723+0530: 2.373: [ParNew
Desired survivor size 20112992 bytes, new threshold 8 (max 8)
- age   1:    1435968 bytes,    1435968 total
- age   2:    7457776 bytes,    8893744 total
- age   3:    2116248 bytes,   11009992 total
- age   4:     215456 bytes,   11225448 total
- age   5:     109240 bytes,   11334688 total
- age   7:     111728 bytes,   11446416 total
- age   8:     131864 bytes,   11578280 total
: 102181K->14902K(109248K), 0.0087655 secs] 109714K->22723K(502464K), 0.0088356 secs] [Times: user=0.05 sys=0.00, real=0.01 secs] 
Heap after GC invocations=12 (full 1):
 par new generation   total 109248K, used 14902K [0x00000000e0000000, 0x00000000e8000000, 0x00000000e8000000)
  eden space 87424K,   0% used [0x00000000e0000000, 0x00000000e0000000, 0x00000000e5560000)
  from space 21824K,  68% used [0x00000000e5560000, 0x00000000e63ed940, 0x00000000e6ab0000)
  to   space 21824K,   0% used [0x00000000e6ab0000, 0x00000000e6ab0000, 0x00000000e8000000)
 concurrent mark-sweep generation total 393216K, used 7821K [0x00000000e8000000, 0x0000000100000000, 0x0000000100000000)
 Metaspace       used 28265K, capacity 28586K, committed 28872K, reserved 1075200K
  class space    used 3295K, capacity 3439K, committed 3528K, reserved 1048576K
}
2023-04-17T09:41:00.732+0530: 2.382: Total time for which application threads were stopped: 0.0090843 seconds, Stopping threads took: 0.0000461 seconds
{Heap before GC invocations=12 (full 1):
 par new generation   total 109248K, used 102326K [0x00000000e0000000, 0x00000000e8000000, 0x00000000e8000000)
  eden space 87424K, 100% used [0x00000000e0000000, 0x00000000e5560000, 0x00000000e5560000)
  from space 21824K,  68% used [0x00000000e5560000, 0x00000000e63ed940, 0x00000000e6ab0000)
  to   space 21824K,   0% used [0x00000000e6ab0000, 0x00000000e6ab0000, 0x00000000e8000000)
 concurrent mark-sweep generation total 393216K, used 7821K [0x00000000e8000000, 0x0000000100000000, 0x0000000100000000)
 Metaspace       used 28300K, capacity 28680K, committed 29128K, reserved 1075200K
  class space    used 3298K, capacity 3444K, committed 3528K, reserved 1048576K
2023-04-17T09:41:00.764+0530: 2.414: [GC (Allocation Failure) 2023-04-17T09:41:00.764+0530: 2.414: [ParNew
Desired survivor size 20112992 bytes, new threshold 8 (max 8)
- age   1:     537088 bytes,     537088 total
- age   2:    1266976 bytes,    1804064 total
- age   3:    7457736 bytes,    9261800 total
- age   4:    2116248 bytes,   11378048 total
- age   5:     215456 bytes,   11593504 total
- age   6:     109240 bytes,   11702744 total
- age   8:     111624 bytes,   11814368 total
: 102326K->13447K(109248K), 0.0087425 secs] 110147K->21400K(502464K), 0.0088112 secs] [Times: user=0.05 sys=0.00, real=0.01 secs] 
Heap after GC invocations=13 (full 1):
 par new generation   total 109248K, used 13447K [0x00000000e0000000, 0x00000000e8000000, 0x00000000e8000000)
  eden space 87424K,   0% used [0x00000000e0000000, 0x00000000e0000000, 0x00000000e5560000)
  from space 21824K,  61% used [0x00000000e6ab0000, 0x00000000e77d1e80, 0x00000000e8000000)
  to   space 21824K,   0% used [0x00000000e5560000, 0x00000000e5560000, 0x00000000e6ab0000)
 concurrent mark-sweep generation total 393216K, used 7953K [0x00000000e8000000, 0x0000000100000000, 0x0000000100000000)
 Metaspace       used 28300K, capacity 28680K, committed 29128K, reserved 1075200K
  class space    used 3298K, capacity 3444K, committed 3528K, reserved 1048576K
}
2023-04-17T09:41:00.773+0530: 2.423: Total time for which application threads were stopped: 0.0089779 seconds, Stopping threads took: 0.0000363 seconds
{Heap before GC invocations=13 (full 1):
 par new generation   total 109248K, used 100871K [0x00000000e0000000, 0x00000000e8000000, 0x00000000e8000000)
  eden space 87424K, 100% used [0x00000000e0000000, 0x00000000e5560000, 0x00000000e5560000)
  from space 21824K,  61% used [0x00000000e6ab0000, 0x00000000e77d1e80, 0x00000000e8000000)
  to   space 21824K,   0% used [0x00000000e5560000, 0x00000000e5560000, 0x00000000e6ab0000)
 concurrent mark-sweep generation total 393216K, used 7953K [0x00000000e8000000, 0x0000000100000000, 0x0000000100000000)
 Metaspace       used 28301K, capacity 28680K, committed 29128K, reserved 1075200K
  class space    used 3298K, capacity 3444K, committed 3528K, reserved 1048576K
2023-04-17T09:41:00.820+0530: 2.470: [GC (Allocation Failure) 2023-04-17T09:41:00.820+0530: 2.470: [ParNew
Desired survivor size 20112992 bytes, new threshold 8 (max 8)
- age   1:     311976 bytes,     311976 total
- age   2:     102784 bytes,     414760 total
- age   3:    1266704 bytes,    1681464 total
- age   4:    7457856 bytes,    9139320 total
- age   5:    2116248 bytes,   11255568 total
- age   6:     215456 bytes,   11471024 total
- age   7:     109240 bytes,   11580264 total
: 100871K->15501K(109248K), 0.0081295 secs] 108824K->23565K(502464K), 0.0081966 secs] [Times: user=0.05 sys=0.01, real=0.00 secs] 
Heap after GC invocations=14 (full 1):
 par new generation   total 109248K, used 15501K [0x00000000e0000000, 0x00000000e8000000, 0x00000000e8000000)
  eden space 87424K,   0% used [0x00000000e0000000, 0x00000000e0000000, 0x00000000e5560000)
  from space 21824K,  71% used [0x00000000e5560000, 0x00000000e6483430, 0x00000000e6ab0000)
  to   space 21824K,   0% used [0x00000000e6ab0000, 0x00000000e6ab0000, 0x00000000e8000000)
 concurrent mark-sweep generation total 393216K, used 8064K [0x00000000e8000000, 0x0000000100000000, 0x0000000100000000)
 Metaspace       used 28301K, capacity 28680K, committed 29128K, reserved 1075200K
  class space    used 3298K, capacity 3444K, committed 3528K, reserved 1048576K
}
2023-04-17T09:41:00.828+0530: 2.478: Total time for which application threads were stopped: 0.0083893 seconds, Stopping threads took: 0.0000528 seconds
2023-04-17T09:41:01.829+0530: 3.478: Total time for which application threads were stopped: 0.0002497 seconds, Stopping threads took: 0.0000413 seconds
2023-04-17T09:41:02.395+0530: 4.044: Total time for which application threads were stopped: 0.0008243 seconds, Stopping threads took: 0.0000400 seconds
2023-04-17T09:41:11.118+0530: 12.767: Total time for which application threads were stopped: 0.0002945 seconds, Stopping threads took: 0.0000449 seconds
2023-04-17T09:41:11.126+0530: 12.775: Total time for which application threads were stopped: 0.0001364 seconds, Stopping threads took: 0.0000281 seconds
2023-04-17T09:41:11.147+0530: 12.796: Total time for which application threads were stopped: 0.0003519 seconds, Stopping threads took: 0.0000124 seconds
2023-04-17T09:41:11.155+0530: 12.804: Total time for which application threads were stopped: 0.0000665 seconds, Stopping threads took: 0.0000167 seconds
2023-04-17T09:41:12.155+0530: 13.805: Total time for which application threads were stopped: 0.0002235 seconds, Stopping threads took: 0.0000572 seconds
2023-04-17T09:41:20.156+0530: 21.806: Total time for which application threads were stopped: 0.0001877 seconds, Stopping threads took: 0.0000465 seconds
2023-04-17T09:41:33.216+0530: 34.866: Total time for which application threads were stopped: 0.0000806 seconds, Stopping threads took: 0.0000324 seconds
2023-04-17T09:41:33.216+0530: 34.866: Total time for which application threads were stopped: 0.0000402 seconds, Stopping threads took: 0.0000096 seconds
2023-04-17T09:41:33.217+0530: 34.866: Total time for which application threads were stopped: 0.0000411 seconds, Stopping threads took: 0.0000078 seconds
2023-04-17T09:41:33.440+0530: 35.090: Total time for which application threads were stopped: 0.0003924 seconds, Stopping threads took: 0.0000126 seconds
2023-04-17T09:41:33.441+0530: 35.091: Total time for which application threads were stopped: 0.0003027 seconds, Stopping threads took: 0.0000119 seconds
2023-04-17T09:41:33.442+0530: 35.092: Total time for which application threads were stopped: 0.0000554 seconds, Stopping threads took: 0.0000139 seconds
2023-04-17T09:41:33.442+0530: 35.092: Total time for which application threads were stopped: 0.0000477 seconds, Stopping threads took: 0.0000110 seconds
2023-04-17T09:41:33.442+0530: 35.092: Total time for which application threads were stopped: 0.0000446 seconds, Stopping threads took: 0.0000107 seconds
2023-04-17T09:41:33.442+0530: 35.092: Total time for which application threads were stopped: 0.0000855 seconds, Stopping threads took: 0.0000569 seconds
2023-04-17T09:41:33.443+0530: 35.092: Total time for which application threads were stopped: 0.0000610 seconds, Stopping threads took: 0.0000263 seconds
2023-04-17T09:41:33.444+0530: 35.093: Total time for which application threads were stopped: 0.0001132 seconds, Stopping threads took: 0.0000714 seconds
2023-04-17T09:41:33.444+0530: 35.094: Total time for which application threads were stopped: 0.0000662 seconds, Stopping threads took: 0.0000154 seconds
2023-04-17T09:41:33.444+0530: 35.094: Total time for which application threads were stopped: 0.0000527 seconds, Stopping threads took: 0.0000250 seconds
2023-04-17T09:41:33.444+0530: 35.094: Total time for which application threads were stopped: 0.0000602 seconds, Stopping threads took: 0.0000147 seconds
2023-04-17T09:41:33.444+0530: 35.094: Total time for which application threads were stopped: 0.0000438 seconds, Stopping threads took: 0.0000153 seconds
2023-04-17T09:41:33.444+0530: 35.094: Total time for which application threads were stopped: 0.0000420 seconds, Stopping threads took: 0.0000149 seconds
2023-04-17T09:41:34.445+0530: 36.094: Total time for which application threads were stopped: 0.0003165 seconds, Stopping threads took: 0.0000970 seconds
2023-04-17T09:41:37.079+0530: 38.729: Total time for which application threads were stopped: 0.0001702 seconds, Stopping threads took: 0.0000351 seconds
2023-04-17T09:41:37.079+0530: 38.729: Total time for which application threads were stopped: 0.0000720 seconds, Stopping threads took: 0.0000149 seconds
2023-04-17T09:41:37.081+0530: 38.730: Total time for which application threads were stopped: 0.0002118 seconds, Stopping threads took: 0.0000903 seconds
2023-04-17T09:41:37.086+0530: 38.735: Total time for which application threads were stopped: 0.0007233 seconds, Stopping threads took: 0.0006472 seconds
2023-04-17T09:41:37.097+0530: 38.747: Total time for which application threads were stopped: 0.0000737 seconds, Stopping threads took: 0.0000184 seconds
2023-04-17T09:41:37.097+0530: 38.747: Total time for which application threads were stopped: 0.0000867 seconds, Stopping threads took: 0.0000221 seconds
2023-04-17T09:41:37.098+0530: 38.747: Total time for which application threads were stopped: 0.0000497 seconds, Stopping threads took: 0.0000179 seconds
2023-04-17T09:41:37.098+0530: 38.748: Total time for which application threads were stopped: 0.0000759 seconds, Stopping threads took: 0.0000281 seconds
2023-04-17T09:41:37.100+0530: 38.749: Total time for which application threads were stopped: 0.0001120 seconds, Stopping threads took: 0.0000462 seconds
2023-04-17T09:41:37.100+0530: 38.749: Total time for which application threads were stopped: 0.0000720 seconds, Stopping threads took: 0.0000260 seconds
2023-04-17T09:41:37.100+0530: 38.750: Total time for which application threads were stopped: 0.0001318 seconds, Stopping threads took: 0.0000507 seconds
2023-04-17T09:41:37.100+0530: 38.750: Total time for which application threads were stopped: 0.0002032 seconds, Stopping threads took: 0.0000237 seconds
2023-04-17T09:41:37.101+0530: 38.751: Total time for which application threads were stopped: 0.0001776 seconds, Stopping threads took: 0.0000445 seconds
2023-04-17T09:41:37.102+0530: 38.751: Total time for which application threads were stopped: 0.0001136 seconds, Stopping threads took: 0.0000581 seconds
2023-04-17T09:41:37.102+0530: 38.751: Total time for which application threads were stopped: 0.0001026 seconds, Stopping threads took: 0.0000499 seconds
2023-04-17T09:41:37.104+0530: 38.753: Total time for which application threads were stopped: 0.0005050 seconds, Stopping threads took: 0.0003965 seconds
2023-04-17T09:41:37.104+0530: 38.754: Total time for which application threads were stopped: 0.0000810 seconds, Stopping threads took: 0.0000184 seconds
2023-04-17T09:41:37.104+0530: 38.754: Total time for which application threads were stopped: 0.0000897 seconds, Stopping threads took: 0.0000415 seconds
2023-04-17T09:41:37.104+0530: 38.754: Total time for which application threads were stopped: 0.0001674 seconds, Stopping threads took: 0.0000914 seconds
2023-04-17T09:41:37.106+0530: 38.756: Total time for which application threads were stopped: 0.0001039 seconds, Stopping threads took: 0.0000437 seconds
2023-04-17T09:41:37.106+0530: 38.756: Total time for which application threads were stopped: 0.0000631 seconds, Stopping threads took: 0.0000182 seconds
2023-04-17T09:41:37.106+0530: 38.756: Total time for which application threads were stopped: 0.0000476 seconds, Stopping threads took: 0.0000190 seconds
2023-04-17T09:41:37.107+0530: 38.756: Total time for which application threads were stopped: 0.0000679 seconds, Stopping threads took: 0.0000406 seconds
2023-04-17T09:41:37.107+0530: 38.756: Total time for which application threads were stopped: 0.0000562 seconds, Stopping threads took: 0.0000186 seconds
2023-04-17T09:41:37.108+0530: 38.758: Total time for which application threads were stopped: 0.0001017 seconds, Stopping threads took: 0.0000359 seconds
2023-04-17T09:41:37.108+0530: 38.758: Total time for which application threads were stopped: 0.0000901 seconds, Stopping threads took: 0.0000295 seconds
2023-04-17T09:41:37.108+0530: 38.758: Total time for which application threads were stopped: 0.0000665 seconds, Stopping threads took: 0.0000238 seconds
2023-04-17T09:41:37.108+0530: 38.758: Total time for which application threads were stopped: 0.0000542 seconds, Stopping threads took: 0.0000239 seconds
2023-04-17T09:41:37.109+0530: 38.758: Total time for which application threads were stopped: 0.0000337 seconds, Stopping threads took: 0.0000073 seconds
2023-04-17T09:41:38.109+0530: 39.758: Total time for which application threads were stopped: 0.0001932 seconds, Stopping threads took: 0.0000468 seconds
2023-04-17T09:41:39.158+0530: 40.808: Total time for which application threads were stopped: 0.0004083 seconds, Stopping threads took: 0.0001886 seconds
2023-04-17T09:41:40.159+0530: 41.808: Total time for which application threads were stopped: 0.0001961 seconds, Stopping threads took: 0.0000463 seconds
2023-04-17T09:41:40.456+0530: 42.105: Total time for which application threads were stopped: 0.0000860 seconds, Stopping threads took: 0.0000159 seconds
2023-04-17T09:41:41.456+0530: 43.106: Total time for which application threads were stopped: 0.0001972 seconds, Stopping threads took: 0.0000482 seconds
2023-04-17T09:42:07.481+0530: 69.131: Total time for which application threads were stopped: 0.0001615 seconds, Stopping threads took: 0.0000864 seconds
2023-04-17T09:42:07.482+0530: 69.131: Total time for which application threads were stopped: 0.0001229 seconds, Stopping threads took: 0.0000607 seconds
2023-04-17T09:42:07.482+0530: 69.132: Total time for which application threads were stopped: 0.0001341 seconds, Stopping threads took: 0.0000513 seconds
2023-04-17T09:42:07.483+0530: 69.133: Total time for which application threads were stopped: 0.0002405 seconds, Stopping threads took: 0.0001511 seconds
2023-04-17T09:42:07.484+0530: 69.134: Total time for which application threads were stopped: 0.0001675 seconds, Stopping threads took: 0.0000672 seconds
2023-04-17T09:42:07.484+0530: 69.134: Total time for which application threads were stopped: 0.0000743 seconds, Stopping threads took: 0.0000212 seconds
2023-04-17T09:42:07.484+0530: 69.134: Total time for which application threads were stopped: 0.0000758 seconds, Stopping threads took: 0.0000338 seconds
2023-04-17T09:42:07.485+0530: 69.135: Total time for which application threads were stopped: 0.0001083 seconds, Stopping threads took: 0.0000460 seconds
2023-04-17T09:42:07.486+0530: 69.135: Total time for which application threads were stopped: 0.0001236 seconds, Stopping threads took: 0.0000492 seconds
2023-04-17T09:42:07.486+0530: 69.135: Total time for which application threads were stopped: 0.0001191 seconds, Stopping threads took: 0.0000454 seconds
2023-04-17T09:42:07.486+0530: 69.136: Total time for which application threads were stopped: 0.0001366 seconds, Stopping threads took: 0.0000702 seconds
2023-04-17T09:42:07.487+0530: 69.137: Total time for which application threads were stopped: 0.0001259 seconds, Stopping threads took: 0.0000459 seconds
2023-04-17T09:42:07.487+0530: 69.137: Total time for which application threads were stopped: 0.0001035 seconds, Stopping threads took: 0.0000403 seconds
2023-04-17T09:42:07.488+0530: 69.137: Total time for which application threads were stopped: 0.0000859 seconds, Stopping threads took: 0.0000323 seconds
2023-04-17T09:42:07.489+0530: 69.138: Total time for which application threads were stopped: 0.0000927 seconds, Stopping threads took: 0.0000236 seconds
2023-04-17T09:42:07.490+0530: 69.139: Total time for which application threads were stopped: 0.0001252 seconds, Stopping threads took: 0.0000498 seconds
2023-04-17T09:42:07.490+0530: 69.139: Total time for which application threads were stopped: 0.0000840 seconds, Stopping threads took: 0.0000317 seconds
2023-04-17T09:42:07.491+0530: 69.141: Total time for which application threads were stopped: 0.0001135 seconds, Stopping threads took: 0.0000238 seconds
2023-04-17T09:42:07.491+0530: 69.141: Total time for which application threads were stopped: 0.0000672 seconds, Stopping threads took: 0.0000125 seconds
2023-04-17T09:42:07.492+0530: 69.141: Total time for which application threads were stopped: 0.0000515 seconds, Stopping threads took: 0.0000089 seconds
2023-04-17T09:42:07.492+0530: 69.141: Total time for which application threads were stopped: 0.0000495 seconds, Stopping threads took: 0.0000087 seconds
2023-04-17T09:42:07.492+0530: 69.141: Total time for which application threads were stopped: 0.0000544 seconds, Stopping threads took: 0.0000094 seconds
2023-04-17T09:42:07.493+0530: 69.143: Total time for which application threads were stopped: 0.0000975 seconds, Stopping threads took: 0.0000246 seconds
2023-04-17T09:42:07.493+0530: 69.143: Total time for which application threads were stopped: 0.0000513 seconds, Stopping threads took: 0.0000183 seconds
2023-04-17T09:42:07.493+0530: 69.143: Total time for which application threads were stopped: 0.0000533 seconds, Stopping threads took: 0.0000091 seconds
2023-04-17T09:42:07.493+0530: 69.143: Total time for which application threads were stopped: 0.0000489 seconds, Stopping threads took: 0.0000215 seconds
2023-04-17T09:42:07.493+0530: 69.143: Total time for which application threads were stopped: 0.0000639 seconds, Stopping threads took: 0.0000213 seconds
2023-04-17T09:42:07.494+0530: 69.144: Total time for which application threads were stopped: 0.0000442 seconds, Stopping threads took: 0.0000114 seconds
2023-04-17T09:42:09.495+0530: 71.144: Total time for which application threads were stopped: 0.0002016 seconds, Stopping threads took: 0.0000398 seconds
2023-04-17T09:42:11.495+0530: 73.145: Total time for which application threads were stopped: 0.0002120 seconds, Stopping threads took: 0.0000805 seconds
2023-04-17T09:42:33.443+0530: 95.093: Total time for which application threads were stopped: 0.0002364 seconds, Stopping threads took: 0.0000988 seconds
2023-04-17T09:43:02.854+0530: 124.503: Total time for which application threads were stopped: 0.0005375 seconds, Stopping threads took: 0.0003920 seconds
2023-04-17T09:43:02.855+0530: 124.504: Total time for which application threads were stopped: 0.0006017 seconds, Stopping threads took: 0.0001816 seconds
2023-04-17T09:43:02.855+0530: 124.505: Total time for which application threads were stopped: 0.0002725 seconds, Stopping threads took: 0.0001555 seconds
2023-04-17T09:43:02.856+0530: 124.505: Total time for which application threads were stopped: 0.0002081 seconds, Stopping threads took: 0.0001076 seconds
2023-04-17T09:43:02.857+0530: 124.506: Total time for which application threads were stopped: 0.0001383 seconds, Stopping threads took: 0.0000412 seconds
2023-04-17T09:43:02.858+0530: 124.507: Total time for which application threads were stopped: 0.0001357 seconds, Stopping threads took: 0.0000357 seconds
2023-04-17T09:43:03.858+0530: 125.508: Total time for which application threads were stopped: 0.0001866 seconds, Stopping threads took: 0.0000418 seconds
2023-04-17T09:43:07.494+0530: 129.144: Total time for which application threads were stopped: 0.0002103 seconds, Stopping threads took: 0.0000838 seconds
2023-04-17T09:43:11.851+0530: 133.501: Total time for which application threads were stopped: 0.0002024 seconds, Stopping threads took: 0.0000730 seconds
2023-04-17T09:43:11.852+0530: 133.502: Total time for which application threads were stopped: 0.0001541 seconds, Stopping threads took: 0.0000445 seconds
2023-04-17T09:43:11.857+0530: 133.507: Total time for which application threads were stopped: 0.0002149 seconds, Stopping threads took: 0.0000536 seconds
2023-04-17T09:43:44.653+0530: 166.302: Total time for which application threads were stopped: 0.0001838 seconds, Stopping threads took: 0.0001276 seconds
2023-04-17T09:43:44.653+0530: 166.302: Total time for which application threads were stopped: 0.0000605 seconds, Stopping threads took: 0.0000261 seconds
2023-04-17T09:43:44.653+0530: 166.302: Total time for which application threads were stopped: 0.0000486 seconds, Stopping threads took: 0.0000257 seconds
2023-04-17T09:43:44.653+0530: 166.303: Total time for which application threads were stopped: 0.0000966 seconds, Stopping threads took: 0.0000456 seconds
2023-04-17T09:43:44.654+0530: 166.303: Total time for which application threads were stopped: 0.0000802 seconds, Stopping threads took: 0.0000357 seconds
2023-04-17T09:43:44.654+0530: 166.303: Total time for which application threads were stopped: 0.0000581 seconds, Stopping threads took: 0.0000266 seconds
2023-04-17T09:43:44.654+0530: 166.304: Total time for which application threads were stopped: 0.0000846 seconds, Stopping threads took: 0.0000358 seconds
2023-04-17T09:43:44.654+0530: 166.304: Total time for which application threads were stopped: 0.0000501 seconds, Stopping threads took: 0.0000219 seconds
2023-04-17T09:43:44.654+0530: 166.304: Total time for which application threads were stopped: 0.0000763 seconds, Stopping threads took: 0.0000380 seconds
2023-04-17T09:43:44.655+0530: 166.304: Total time for which application threads were stopped: 0.0000510 seconds, Stopping threads took: 0.0000217 seconds
2023-04-17T09:43:44.655+0530: 166.305: Total time for which application threads were stopped: 0.0000905 seconds, Stopping threads took: 0.0000366 seconds
2023-04-17T09:43:44.656+0530: 166.306: Total time for which application threads were stopped: 0.0000896 seconds, Stopping threads took: 0.0000354 seconds
2023-04-17T09:43:44.657+0530: 166.307: Total time for which application threads were stopped: 0.0001114 seconds, Stopping threads took: 0.0000524 seconds
2023-04-17T09:43:44.661+0530: 166.310: Total time for which application threads were stopped: 0.0000738 seconds, Stopping threads took: 0.0000198 seconds
2023-04-17T09:43:44.661+0530: 166.311: Total time for which application threads were stopped: 0.0000647 seconds, Stopping threads took: 0.0000334 seconds
2023-04-17T09:43:44.661+0530: 166.311: Total time for which application threads were stopped: 0.0000586 seconds, Stopping threads took: 0.0000288 seconds
2023-04-17T09:43:44.661+0530: 166.311: Total time for which application threads were stopped: 0.0000506 seconds, Stopping threads took: 0.0000227 seconds
2023-04-17T09:43:44.661+0530: 166.311: Total time for which application threads were stopped: 0.0000445 seconds, Stopping threads took: 0.0000172 seconds
2023-04-17T09:43:44.663+0530: 166.312: Total time for which application threads were stopped: 0.0001169 seconds, Stopping threads took: 0.0000473 seconds
2023-04-17T09:43:44.664+0530: 166.314: Total time for which application threads were stopped: 0.0000983 seconds, Stopping threads took: 0.0000195 seconds
2023-04-17T09:43:44.664+0530: 166.314: Total time for which application threads were stopped: 0.0000557 seconds, Stopping threads took: 0.0000082 seconds
2023-04-17T09:43:44.664+0530: 166.314: Total time for which application threads were stopped: 0.0000315 seconds, Stopping threads took: 0.0000066 seconds
2023-04-17T09:43:44.664+0530: 166.314: Total time for which application threads were stopped: 0.0000249 seconds, Stopping threads took: 0.0000046 seconds
2023-04-17T09:43:46.077+0530: 167.727: Total time for which application threads were stopped: 0.0001100 seconds, Stopping threads took: 0.0000274 seconds
2023-04-17T09:43:46.077+0530: 167.727: Total time for which application threads were stopped: 0.0000670 seconds, Stopping threads took: 0.0000124 seconds
2023-04-17T09:43:46.078+0530: 167.728: Total time for which application threads were stopped: 0.0001526 seconds, Stopping threads took: 0.0000157 seconds
2023-04-17T09:43:47.176+0530: 168.826: Total time for which application threads were stopped: 0.0003975 seconds, Stopping threads took: 0.0002225 seconds
2023-04-17T09:44:18.684+0530: 200.333: Total time for which application threads were stopped: 0.0001174 seconds, Stopping threads took: 0.0000532 seconds
2023-04-17T09:44:18.684+0530: 200.334: Total time for which application threads were stopped: 0.0000933 seconds, Stopping threads took: 0.0000392 seconds
2023-04-17T09:44:18.688+0530: 200.338: Total time for which application threads were stopped: 0.0000741 seconds, Stopping threads took: 0.0000205 seconds
2023-04-17T09:44:18.689+0530: 200.339: Total time for which application threads were stopped: 0.0000919 seconds, Stopping threads took: 0.0000339 seconds
2023-04-17T09:44:18.690+0530: 200.339: Total time for which application threads were stopped: 0.0001489 seconds, Stopping threads took: 0.0000786 seconds
2023-04-17T09:44:18.690+0530: 200.339: Total time for which application threads were stopped: 0.0000573 seconds, Stopping threads took: 0.0000093 seconds
2023-04-17T09:44:18.690+0530: 200.339: Total time for which application threads were stopped: 0.0000331 seconds, Stopping threads took: 0.0000054 seconds
2023-04-17T09:44:18.690+0530: 200.340: Total time for which application threads were stopped: 0.0000753 seconds, Stopping threads took: 0.0000393 seconds
2023-04-17T09:44:18.690+0530: 200.340: Total time for which application threads were stopped: 0.0000897 seconds, Stopping threads took: 0.0000261 seconds
2023-04-17T09:44:18.691+0530: 200.341: Total time for which application threads were stopped: 0.0000720 seconds, Stopping threads took: 0.0000296 seconds
2023-04-17T09:44:18.691+0530: 200.341: Total time for which application threads were stopped: 0.0000402 seconds, Stopping threads took: 0.0000133 seconds
2023-04-17T09:44:18.691+0530: 200.341: Total time for which application threads were stopped: 0.0000421 seconds, Stopping threads took: 0.0000196 seconds
2023-04-17T09:44:18.691+0530: 200.341: Total time for which application threads were stopped: 0.0001050 seconds, Stopping threads took: 0.0000707 seconds
2023-04-17T09:44:18.691+0530: 200.341: Total time for which application threads were stopped: 0.0000635 seconds, Stopping threads took: 0.0000304 seconds
2023-04-17T09:44:20.009+0530: 201.658: Total time for which application threads were stopped: 0.0000845 seconds, Stopping threads took: 0.0000195 seconds
2023-04-17T09:44:20.010+0530: 201.659: Total time for which application threads were stopped: 0.0001210 seconds, Stopping threads took: 0.0000695 seconds
2023-04-17T09:44:21.010+0530: 202.660: Total time for which application threads were stopped: 0.0002481 seconds, Stopping threads took: 0.0000553 seconds
2023-04-17T09:44:22.011+0530: 203.660: Total time for which application threads were stopped: 0.0002564 seconds, Stopping threads took: 0.0000496 seconds
2023-04-17T09:44:39.013+0530: 220.663: Total time for which application threads were stopped: 0.0002442 seconds, Stopping threads took: 0.0000936 seconds
2023-04-17T09:45:18.691+0530: 260.340: Total time for which application threads were stopped: 0.0002447 seconds, Stopping threads took: 0.0000871 seconds
2023-04-17T09:45:18.692+0530: 260.342: Total time for which application threads were stopped: 0.0001847 seconds, Stopping threads took: 0.0000448 seconds
2023-04-17T09:46:48.706+0530: 350.355: Total time for which application threads were stopped: 0.0002200 seconds, Stopping threads took: 0.0000878 seconds
2023-04-17T09:47:37.599+0530: 399.249: Total time for which application threads were stopped: 0.0003047 seconds, Stopping threads took: 0.0000814 seconds
2023-04-17T09:47:37.600+0530: 399.249: Total time for which application threads were stopped: 0.0001456 seconds, Stopping threads took: 0.0000336 seconds
2023-04-17T09:47:37.600+0530: 399.250: Total time for which application threads were stopped: 0.0001493 seconds, Stopping threads took: 0.0000620 seconds
2023-04-17T09:47:37.602+0530: 399.252: Total time for which application threads were stopped: 0.0002267 seconds, Stopping threads took: 0.0000534 seconds
2023-04-17T09:47:37.616+0530: 399.265: Total time for which application threads were stopped: 0.0001304 seconds, Stopping threads took: 0.0000314 seconds
2023-04-17T09:47:37.617+0530: 399.266: Total time for which application threads were stopped: 0.0001032 seconds, Stopping threads took: 0.0000305 seconds
2023-04-17T09:47:37.617+0530: 399.267: Total time for which application threads were stopped: 0.0001071 seconds, Stopping threads took: 0.0000347 seconds
2023-04-17T09:47:37.620+0530: 399.270: Total time for which application threads were stopped: 0.0001390 seconds, Stopping threads took: 0.0000271 seconds
2023-04-17T09:47:37.620+0530: 399.270: Total time for which application threads were stopped: 0.0002006 seconds, Stopping threads took: 0.0000201 seconds
2023-04-17T09:47:37.621+0530: 399.271: Total time for which application threads were stopped: 0.0001149 seconds, Stopping threads took: 0.0000436 seconds
2023-04-17T09:47:37.622+0530: 399.272: Total time for which application threads were stopped: 0.0002163 seconds, Stopping threads took: 0.0001109 seconds
2023-04-17T09:47:37.625+0530: 399.275: Total time for which application threads were stopped: 0.0007529 seconds, Stopping threads took: 0.0006695 seconds
2023-04-17T09:47:37.632+0530: 399.282: Total time for which application threads were stopped: 0.0001143 seconds, Stopping threads took: 0.0000412 seconds
2023-04-17T09:47:37.632+0530: 399.282: Total time for which application threads were stopped: 0.0000584 seconds, Stopping threads took: 0.0000126 seconds
2023-04-17T09:47:37.633+0530: 399.282: Total time for which application threads were stopped: 0.0000545 seconds, Stopping threads took: 0.0000107 seconds
2023-04-17T09:47:37.633+0530: 399.282: Total time for which application threads were stopped: 0.0000813 seconds, Stopping threads took: 0.0000256 seconds
2023-04-17T09:47:37.633+0530: 399.283: Total time for which application threads were stopped: 0.0000951 seconds, Stopping threads took: 0.0000452 seconds
2023-04-17T09:47:37.634+0530: 399.284: Total time for which application threads were stopped: 0.0001056 seconds, Stopping threads took: 0.0000307 seconds
2023-04-17T09:47:37.635+0530: 399.284: Total time for which application threads were stopped: 0.0001102 seconds, Stopping threads took: 0.0000298 seconds
2023-04-17T09:47:37.635+0530: 399.284: Total time for which application threads were stopped: 0.0000767 seconds, Stopping threads took: 0.0000199 seconds
2023-04-17T09:47:37.635+0530: 399.284: Total time for which application threads were stopped: 0.0000686 seconds, Stopping threads took: 0.0000253 seconds
2023-04-17T09:47:37.635+0530: 399.285: Total time for which application threads were stopped: 0.0000671 seconds, Stopping threads took: 0.0000275 seconds
2023-04-17T09:47:40.069+0530: 401.718: Total time for which application threads were stopped: 0.0002469 seconds, Stopping threads took: 0.0000418 seconds
2023-04-17T09:47:40.070+0530: 401.720: Total time for which application threads were stopped: 0.0001980 seconds, Stopping threads took: 0.0000436 seconds
2023-04-17T09:47:40.071+0530: 401.721: Total time for which application threads were stopped: 0.0001743 seconds, Stopping threads took: 0.0000425 seconds
2023-04-17T09:47:41.072+0530: 402.721: Total time for which application threads were stopped: 0.0001099 seconds, Stopping threads took: 0.0000311 seconds
2023-04-17T09:48:07.854+0530: 429.504: Total time for which application threads were stopped: 0.0001937 seconds, Stopping threads took: 0.0001059 seconds
2023-04-17T09:48:07.855+0530: 429.504: Total time for which application threads were stopped: 0.0001277 seconds, Stopping threads took: 0.0000361 seconds
2023-04-17T09:48:07.857+0530: 429.506: Total time for which application threads were stopped: 0.0001151 seconds, Stopping threads took: 0.0000279 seconds
2023-04-17T09:48:07.859+0530: 429.508: Total time for which application threads were stopped: 0.0001891 seconds, Stopping threads took: 0.0001061 seconds
2023-04-17T09:48:07.859+0530: 429.509: Total time for which application threads were stopped: 0.0001327 seconds, Stopping threads took: 0.0000703 seconds
2023-04-17T09:48:07.860+0530: 429.510: Total time for which application threads were stopped: 0.0002306 seconds, Stopping threads took: 0.0000671 seconds
2023-04-17T09:48:07.865+0530: 429.514: Total time for which application threads were stopped: 0.0001203 seconds, Stopping threads took: 0.0000423 seconds
2023-04-17T09:48:07.865+0530: 429.515: Total time for which application threads were stopped: 0.0001396 seconds, Stopping threads took: 0.0000849 seconds
2023-04-17T09:48:07.865+0530: 429.515: Total time for which application threads were stopped: 0.0001257 seconds, Stopping threads took: 0.0000095 seconds
2023-04-17T09:48:07.865+0530: 429.515: Total time for which application threads were stopped: 0.0000660 seconds, Stopping threads took: 0.0000134 seconds
2023-04-17T09:48:07.867+0530: 429.517: Total time for which application threads were stopped: 0.0001586 seconds, Stopping threads took: 0.0000866 seconds
2023-04-17T09:48:07.867+0530: 429.517: Total time for which application threads were stopped: 0.0000760 seconds, Stopping threads took: 0.0000305 seconds
2023-04-17T09:48:07.867+0530: 429.517: Total time for which application threads were stopped: 0.0000803 seconds, Stopping threads took: 0.0000451 seconds
2023-04-17T09:48:07.868+0530: 429.517: Total time for which application threads were stopped: 0.0000592 seconds, Stopping threads took: 0.0000247 seconds
2023-04-17T09:48:07.868+0530: 429.517: Total time for which application threads were stopped: 0.0000871 seconds, Stopping threads took: 0.0000318 seconds
2023-04-17T09:48:09.868+0530: 431.518: Total time for which application threads were stopped: 0.0002981 seconds, Stopping threads took: 0.0000825 seconds
2023-04-17T09:48:10.869+0530: 432.518: Total time for which application threads were stopped: 0.0002592 seconds, Stopping threads took: 0.0000503 seconds
2023-04-17T09:48:37.634+0530: 459.283: Total time for which application threads were stopped: 0.0002413 seconds, Stopping threads took: 0.0000883 seconds
2023-04-17T09:49:07.868+0530: 489.518: Total time for which application threads were stopped: 0.0004106 seconds, Stopping threads took: 0.0002431 seconds
2023-04-17T09:49:17.622+0530: 499.272: Total time for which application threads were stopped: 0.0002254 seconds, Stopping threads took: 0.0000833 seconds
2023-04-17T09:53:41.371+0530: 763.020: Total time for which application threads were stopped: 0.0001061 seconds, Stopping threads took: 0.0000259 seconds
2023-04-17T09:53:41.371+0530: 763.021: Total time for which application threads were stopped: 0.0000444 seconds, Stopping threads took: 0.0000205 seconds
2023-04-17T09:53:41.371+0530: 763.021: Total time for which application threads were stopped: 0.0000251 seconds, Stopping threads took: 0.0000050 seconds
2023-04-17T09:53:41.372+0530: 763.021: Total time for which application threads were stopped: 0.0000604 seconds, Stopping threads took: 0.0000127 seconds
2023-04-17T09:53:41.377+0530: 763.027: Total time for which application threads were stopped: 0.0000647 seconds, Stopping threads took: 0.0000156 seconds
2023-04-17T09:53:41.378+0530: 763.027: Total time for which application threads were stopped: 0.0000741 seconds, Stopping threads took: 0.0000198 seconds
2023-04-17T09:53:41.378+0530: 763.027: Total time for which application threads were stopped: 0.0000823 seconds, Stopping threads took: 0.0000347 seconds
2023-04-17T09:53:41.378+0530: 763.028: Total time for which application threads were stopped: 0.0000619 seconds, Stopping threads took: 0.0000165 seconds
2023-04-17T09:53:41.378+0530: 763.028: Total time for which application threads were stopped: 0.0001037 seconds, Stopping threads took: 0.0000447 seconds
2023-04-17T09:53:41.378+0530: 763.028: Total time for which application threads were stopped: 0.0000652 seconds, Stopping threads took: 0.0000225 seconds
2023-04-17T09:53:41.379+0530: 763.028: Total time for which application threads were stopped: 0.0000896 seconds, Stopping threads took: 0.0000464 seconds
2023-04-17T09:53:41.379+0530: 763.029: Total time for which application threads were stopped: 0.0001080 seconds, Stopping threads took: 0.0000517 seconds
2023-04-17T09:53:41.379+0530: 763.029: Total time for which application threads were stopped: 0.0000846 seconds, Stopping threads took: 0.0000442 seconds
2023-04-17T09:53:41.379+0530: 763.029: Total time for which application threads were stopped: 0.0000954 seconds, Stopping threads took: 0.0000435 seconds
2023-04-17T09:53:41.379+0530: 763.029: Total time for which application threads were stopped: 0.0000782 seconds, Stopping threads took: 0.0000363 seconds
2023-04-17T09:53:41.380+0530: 763.029: Total time for which application threads were stopped: 0.0000825 seconds, Stopping threads took: 0.0000371 seconds
2023-04-17T09:53:41.380+0530: 763.029: Total time for which application threads were stopped: 0.0000737 seconds, Stopping threads took: 0.0000355 seconds
2023-04-17T09:53:41.380+0530: 763.030: Total time for which application threads were stopped: 0.0000796 seconds, Stopping threads took: 0.0000344 seconds
2023-04-17T09:53:41.380+0530: 763.030: Total time for which application threads were stopped: 0.0001048 seconds, Stopping threads took: 0.0000623 seconds
2023-04-17T09:53:41.381+0530: 763.030: Total time for which application threads were stopped: 0.0001655 seconds, Stopping threads took: 0.0000185 seconds
2023-04-17T09:53:41.389+0530: 763.038: Total time for which application threads were stopped: 0.0001012 seconds, Stopping threads took: 0.0000237 seconds
2023-04-17T09:53:41.389+0530: 763.038: Total time for which application threads were stopped: 0.0000395 seconds, Stopping threads took: 0.0000074 seconds
2023-04-17T09:53:41.389+0530: 763.039: Total time for which application threads were stopped: 0.0000309 seconds, Stopping threads took: 0.0000062 seconds
2023-04-17T09:53:41.389+0530: 763.039: Total time for which application threads were stopped: 0.0000301 seconds, Stopping threads took: 0.0000062 seconds
2023-04-17T09:53:41.389+0530: 763.039: Total time for which application threads were stopped: 0.0000871 seconds, Stopping threads took: 0.0000060 seconds
2023-04-17T09:53:41.390+0530: 763.040: Total time for which application threads were stopped: 0.0000737 seconds, Stopping threads took: 0.0000339 seconds
2023-04-17T09:53:41.390+0530: 763.040: Total time for which application threads were stopped: 0.0000560 seconds, Stopping threads took: 0.0000260 seconds
2023-04-17T09:53:41.391+0530: 763.040: Total time for which application threads were stopped: 0.0000446 seconds, Stopping threads took: 0.0000182 seconds
2023-04-17T09:53:41.391+0530: 763.040: Total time for which application threads were stopped: 0.0000440 seconds, Stopping threads took: 0.0000172 seconds
2023-04-17T09:53:41.391+0530: 763.040: Total time for which application threads were stopped: 0.0000394 seconds, Stopping threads took: 0.0000159 seconds
2023-04-17T09:53:42.818+0530: 764.468: Total time for which application threads were stopped: 0.0000854 seconds, Stopping threads took: 0.0000176 seconds
2023-04-17T09:53:42.818+0530: 764.468: Total time for which application threads were stopped: 0.0000529 seconds, Stopping threads took: 0.0000086 seconds
2023-04-17T09:53:42.819+0530: 764.469: Total time for which application threads were stopped: 0.0000503 seconds, Stopping threads took: 0.0000081 seconds
2023-04-17T09:53:44.819+0530: 766.469: Total time for which application threads were stopped: 0.0002066 seconds, Stopping threads took: 0.0000510 seconds
2023-04-17T09:54:00.823+0530: 782.473: Total time for which application threads were stopped: 0.0002466 seconds, Stopping threads took: 0.0000925 seconds
2023-04-17T09:54:10.000+0530: 791.650: Total time for which application threads were stopped: 0.0002395 seconds, Stopping threads took: 0.0001231 seconds
2023-04-17T09:54:10.000+0530: 791.650: Total time for which application threads were stopped: 0.0001127 seconds, Stopping threads took: 0.0000457 seconds
2023-04-17T09:54:11.000+0530: 792.650: Total time for which application threads were stopped: 0.0001982 seconds, Stopping threads took: 0.0000474 seconds
2023-04-17T09:54:12.371+0530: 794.021: Total time for which application threads were stopped: 0.0000858 seconds, Stopping threads took: 0.0000275 seconds
2023-04-17T09:54:12.372+0530: 794.022: Total time for which application threads were stopped: 0.0000743 seconds, Stopping threads took: 0.0000168 seconds
2023-04-17T09:54:41.391+0530: 823.041: Total time for which application threads were stopped: 0.0003110 seconds, Stopping threads took: 0.0000872 seconds
2023-04-17T09:54:46.837+0530: 828.486: Total time for which application threads were stopped: 0.0001866 seconds, Stopping threads took: 0.0001353 seconds
2023-04-17T09:54:47.837+0530: 829.487: Total time for which application threads were stopped: 0.0002381 seconds, Stopping threads took: 0.0000878 seconds
2023-04-17T09:58:04.833+0530: 1026.483: Total time for which application threads were stopped: 0.0001138 seconds, Stopping threads took: 0.0000360 seconds
2023-04-17T09:58:04.833+0530: 1026.483: Total time for which application threads were stopped: 0.0000648 seconds, Stopping threads took: 0.0000090 seconds
2023-04-17T09:58:04.833+0530: 1026.483: Total time for which application threads were stopped: 0.0000462 seconds, Stopping threads took: 0.0000066 seconds
2023-04-17T09:58:04.842+0530: 1026.492: Total time for which application threads were stopped: 0.0000795 seconds, Stopping threads took: 0.0000191 seconds
2023-04-17T09:58:04.845+0530: 1026.495: Total time for which application threads were stopped: 0.0000719 seconds, Stopping threads took: 0.0000175 seconds
2023-04-17T09:58:04.845+0530: 1026.495: Total time for which application threads were stopped: 0.0000385 seconds, Stopping threads took: 0.0000083 seconds
2023-04-17T09:58:04.845+0530: 1026.495: Total time for which application threads were stopped: 0.0000428 seconds, Stopping threads took: 0.0000069 seconds
2023-04-17T09:58:04.845+0530: 1026.495: Total time for which application threads were stopped: 0.0000331 seconds, Stopping threads took: 0.0000078 seconds
2023-04-17T09:58:04.845+0530: 1026.495: Total time for which application threads were stopped: 0.0000323 seconds, Stopping threads took: 0.0000079 seconds
2023-04-17T09:58:04.847+0530: 1026.496: Total time for which application threads were stopped: 0.0000785 seconds, Stopping threads took: 0.0000312 seconds
2023-04-17T09:58:04.847+0530: 1026.496: Total time for which application threads were stopped: 0.0001336 seconds, Stopping threads took: 0.0001022 seconds
2023-04-17T09:58:04.847+0530: 1026.496: Total time for which application threads were stopped: 0.0000851 seconds, Stopping threads took: 0.0000274 seconds
2023-04-17T09:58:04.847+0530: 1026.497: Total time for which application threads were stopped: 0.0001222 seconds, Stopping threads took: 0.0000866 seconds
2023-04-17T09:58:04.847+0530: 1026.497: Total time for which application threads were stopped: 0.0000704 seconds, Stopping threads took: 0.0000226 seconds
2023-04-17T09:58:04.865+0530: 1026.515: Total time for which application threads were stopped: 0.0000859 seconds, Stopping threads took: 0.0000178 seconds
2023-04-17T09:58:04.865+0530: 1026.515: Total time for which application threads were stopped: 0.0000310 seconds, Stopping threads took: 0.0000073 seconds
2023-04-17T09:58:04.865+0530: 1026.515: Total time for which application threads were stopped: 0.0000207 seconds, Stopping threads took: 0.0000039 seconds
2023-04-17T09:58:04.866+0530: 1026.515: Total time for which application threads were stopped: 0.0000323 seconds, Stopping threads took: 0.0000060 seconds
2023-04-17T09:58:04.868+0530: 1026.518: Total time for which application threads were stopped: 0.0000486 seconds, Stopping threads took: 0.0000106 seconds
2023-04-17T09:58:04.869+0530: 1026.518: Total time for which application threads were stopped: 0.0000386 seconds, Stopping threads took: 0.0000084 seconds
2023-04-17T09:58:04.869+0530: 1026.518: Total time for which application threads were stopped: 0.0000421 seconds, Stopping threads took: 0.0000181 seconds
2023-04-17T09:58:04.869+0530: 1026.518: Total time for which application threads were stopped: 0.0000589 seconds, Stopping threads took: 0.0000056 seconds
2023-04-17T09:58:04.869+0530: 1026.519: Total time for which application threads were stopped: 0.0000569 seconds, Stopping threads took: 0.0000194 seconds
2023-04-17T09:58:04.870+0530: 1026.520: Total time for which application threads were stopped: 0.0001103 seconds, Stopping threads took: 0.0000204 seconds
2023-04-17T09:58:04.870+0530: 1026.520: Total time for which application threads were stopped: 0.0000847 seconds, Stopping threads took: 0.0000180 seconds
2023-04-17T09:58:04.870+0530: 1026.520: Total time for which application threads were stopped: 0.0000757 seconds, Stopping threads took: 0.0000448 seconds
2023-04-17T09:58:04.871+0530: 1026.520: Total time for which application threads were stopped: 0.0000639 seconds, Stopping threads took: 0.0000117 seconds
2023-04-17T09:58:04.871+0530: 1026.520: Total time for which application threads were stopped: 0.0001513 seconds, Stopping threads took: 0.0000305 seconds
2023-04-17T09:58:04.871+0530: 1026.521: Total time for which application threads were stopped: 0.0001495 seconds, Stopping threads took: 0.0000148 seconds
2023-04-17T09:58:04.872+0530: 1026.522: Total time for which application threads were stopped: 0.0000550 seconds, Stopping threads took: 0.0000096 seconds
2023-04-17T09:58:04.874+0530: 1026.524: Total time for which application threads were stopped: 0.0001118 seconds, Stopping threads took: 0.0000254 seconds
2023-04-17T09:58:04.874+0530: 1026.524: Total time for which application threads were stopped: 0.0000639 seconds, Stopping threads took: 0.0000083 seconds
2023-04-17T09:58:04.875+0530: 1026.524: Total time for which application threads were stopped: 0.0000324 seconds, Stopping threads took: 0.0000062 seconds
2023-04-17T09:58:04.876+0530: 1026.526: Total time for which application threads were stopped: 0.0000907 seconds, Stopping threads took: 0.0000307 seconds
2023-04-17T09:58:04.876+0530: 1026.526: Total time for which application threads were stopped: 0.0000904 seconds, Stopping threads took: 0.0000294 seconds
2023-04-17T09:58:04.894+0530: 1026.544: Total time for which application threads were stopped: 0.0001163 seconds, Stopping threads took: 0.0000379 seconds
2023-04-17T09:58:04.894+0530: 1026.544: Total time for which application threads were stopped: 0.0000677 seconds, Stopping threads took: 0.0000139 seconds
2023-04-17T09:58:04.895+0530: 1026.545: Total time for which application threads were stopped: 0.0001852 seconds, Stopping threads took: 0.0001487 seconds
{Heap before GC invocations=14 (full 1):
 par new generation   total 109248K, used 102925K [0x00000000e0000000, 0x00000000e8000000, 0x00000000e8000000)
  eden space 87424K, 100% used [0x00000000e0000000, 0x00000000e5560000, 0x00000000e5560000)
  from space 21824K,  71% used [0x00000000e5560000, 0x00000000e6483430, 0x00000000e6ab0000)
  to   space 21824K,   0% used [0x00000000e6ab0000, 0x00000000e6ab0000, 0x00000000e8000000)
 concurrent mark-sweep generation total 393216K, used 8064K [0x00000000e8000000, 0x0000000100000000, 0x0000000100000000)
 Metaspace       used 30643K, capacity 31094K, committed 31432K, reserved 1077248K
  class space    used 3555K, capacity 3701K, committed 3784K, reserved 1048576K
2023-04-17T09:58:04.917+0530: 1026.566: [GC (Allocation Failure) 2023-04-17T09:58:04.917+0530: 1026.566: [ParNew
Desired survivor size 20112992 bytes, new threshold 8 (max 8)
- age   1:    7992248 bytes,    7992248 total
- age   2:      84272 bytes,    8076520 total
- age   3:     101800 bytes,    8178320 total
- age   4:     181592 bytes,    8359912 total
- age   5:    7450952 bytes,   15810864 total
- age   6:    2116040 bytes,   17926904 total
- age   7:     215456 bytes,   18142360 total
- age   8:     109240 bytes,   18251600 total
: 102925K->20728K(109248K), 0.0129041 secs] 110989K->28793K(502464K), 0.0129686 secs] [Times: user=0.05 sys=0.01, real=0.02 secs] 
Heap after GC invocations=15 (full 1):
 par new generation   total 109248K, used 20728K [0x00000000e0000000, 0x00000000e8000000, 0x00000000e8000000)
  eden space 87424K,   0% used [0x00000000e0000000, 0x00000000e0000000, 0x00000000e5560000)
  from space 21824K,  94% used [0x00000000e6ab0000, 0x00000000e7eee370, 0x00000000e8000000)
  to   space 21824K,   0% used [0x00000000e5560000, 0x00000000e5560000, 0x00000000e6ab0000)
 concurrent mark-sweep generation total 393216K, used 8064K [0x00000000e8000000, 0x0000000100000000, 0x0000000100000000)
 Metaspace       used 30643K, capacity 31094K, committed 31432K, reserved 1077248K
  class space    used 3555K, capacity 3701K, committed 3784K, reserved 1048576K
}
2023-04-17T09:58:04.930+0530: 1026.579: Total time for which application threads were stopped: 0.0131248 seconds, Stopping threads took: 0.0000251 seconds
2023-04-17T09:58:04.930+0530: 1026.579: Total time for which application threads were stopped: 0.0001235 seconds, Stopping threads took: 0.0000421 seconds
2023-04-17T09:58:04.930+0530: 1026.580: Total time for which application threads were stopped: 0.0001536 seconds, Stopping threads took: 0.0000970 seconds
2023-04-17T09:58:04.931+0530: 1026.580: Total time for which application threads were stopped: 0.0001639 seconds, Stopping threads took: 0.0001284 seconds
2023-04-17T09:58:04.931+0530: 1026.580: Total time for which application threads were stopped: 0.0000793 seconds, Stopping threads took: 0.0000481 seconds
2023-04-17T09:58:04.931+0530: 1026.581: Total time for which application threads were stopped: 0.0000709 seconds, Stopping threads took: 0.0000332 seconds
2023-04-17T09:58:04.931+0530: 1026.581: Total time for which application threads were stopped: 0.0000677 seconds, Stopping threads took: 0.0000277 seconds
{Heap before GC invocations=15 (full 1):
 par new generation   total 109248K, used 108127K [0x00000000e0000000, 0x00000000e8000000, 0x00000000e8000000)
  eden space 87424K,  99% used [0x00000000e0000000, 0x00000000e5559ab8, 0x00000000e5560000)
  from space 21824K,  94% used [0x00000000e6ab0000, 0x00000000e7eee370, 0x00000000e8000000)
  to   space 21824K,   0% used [0x00000000e5560000, 0x00000000e5560000, 0x00000000e6ab0000)
 concurrent mark-sweep generation total 393216K, used 8064K [0x00000000e8000000, 0x0000000100000000, 0x0000000100000000)
 Metaspace       used 30663K, capacity 31112K, committed 31432K, reserved 1077248K
  class space    used 3556K, capacity 3704K, committed 3784K, reserved 1048576K
2023-04-17T09:58:05.006+0530: 1026.655: [GC (Allocation Failure) 2023-04-17T09:58:05.006+0530: 1026.655: [ParNew
Desired survivor size 20112992 bytes, new threshold 8 (max 8)
- age   1:    1040336 bytes,    1040336 total
- age   2:    6430392 bytes,    7470728 total
- age   3:      84272 bytes,    7555000 total
- age   4:     101400 bytes,    7656400 total
- age   5:     181112 bytes,    7837512 total
- age   6:    7407472 bytes,   15244984 total
- age   7:    2075352 bytes,   17320336 total
- age   8:     209960 bytes,   17530296 total
: 108127K->21824K(109248K), 0.0117063 secs] 116192K->30012K(502464K), 0.0117802 secs] [Times: user=0.06 sys=0.01, real=0.02 secs] 
Heap after GC invocations=16 (full 1):
 par new generation   total 109248K, used 21824K [0x00000000e0000000, 0x00000000e8000000, 0x00000000e8000000)
  eden space 87424K,   0% used [0x00000000e0000000, 0x00000000e0000000, 0x00000000e5560000)
  from space 21824K, 100% used [0x00000000e5560000, 0x00000000e6ab0000, 0x00000000e6ab0000)
  to   space 21824K,   0% used [0x00000000e6ab0000, 0x00000000e6ab0000, 0x00000000e8000000)
 concurrent mark-sweep generation total 393216K, used 8188K [0x00000000e8000000, 0x0000000100000000, 0x0000000100000000)
 Metaspace       used 30663K, capacity 31112K, committed 31432K, reserved 1077248K
  class space    used 3556K, capacity 3704K, committed 3784K, reserved 1048576K
}
2023-04-17T09:58:05.018+0530: 1026.667: Total time for which application threads were stopped: 0.0119422 seconds, Stopping threads took: 0.0000223 seconds
2023-04-17T09:58:05.103+0530: 1026.752: Total time for which application threads were stopped: 0.0000935 seconds, Stopping threads took: 0.0000215 seconds
{Heap before GC invocations=16 (full 1):
 par new generation   total 109248K, used 109248K [0x00000000e0000000, 0x00000000e8000000, 0x00000000e8000000)
  eden space 87424K, 100% used [0x00000000e0000000, 0x00000000e5560000, 0x00000000e5560000)
  from space 21824K, 100% used [0x00000000e5560000, 0x00000000e6ab0000, 0x00000000e6ab0000)
  to   space 21824K,   0% used [0x00000000e6ab0000, 0x00000000e6ab0000, 0x00000000e8000000)
 concurrent mark-sweep generation total 393216K, used 8188K [0x00000000e8000000, 0x0000000100000000, 0x0000000100000000)
 Metaspace       used 30685K, capacity 31112K, committed 31432K, reserved 1077248K
  class space    used 3556K, capacity 3704K, committed 3784K, reserved 1048576K
2023-04-17T09:58:05.112+0530: 1026.761: [GC (Allocation Failure) 2023-04-17T09:58:05.112+0530: 1026.761: [ParNew
Desired survivor size 20112992 bytes, new threshold 8 (max 8)
- age   1:     517264 bytes,     517264 total
- age   2:     842136 bytes,    1359400 total
- age   3:    6430392 bytes,    7789792 total
- age   4:      84272 bytes,    7874064 total
- age   5:     101400 bytes,    7975464 total
- age   6:     181112 bytes,    8156576 total
- age   7:    7407472 bytes,   15564048 total
- age   8:    2074872 bytes,   17638920 total
: 109248K->21824K(109248K), 0.0115228 secs] 117436K->30239K(502464K), 0.0115937 secs] [Times: user=0.07 sys=0.00, real=0.01 secs] 
Heap after GC invocations=17 (full 1):
 par new generation   total 109248K, used 21824K [0x00000000e0000000, 0x00000000e8000000, 0x00000000e8000000)
  eden space 87424K,   0% used [0x00000000e0000000, 0x00000000e0000000, 0x00000000e5560000)
  from space 21824K, 100% used [0x00000000e6ab0000, 0x00000000e8000000, 0x00000000e8000000)
  to   space 21824K,   0% used [0x00000000e5560000, 0x00000000e5560000, 0x00000000e6ab0000)
 concurrent mark-sweep generation total 393216K, used 8415K [0x00000000e8000000, 0x0000000100000000, 0x0000000100000000)
 Metaspace       used 30685K, capacity 31112K, committed 31432K, reserved 1077248K
  class space    used 3556K, capacity 3704K, committed 3784K, reserved 1048576K
}
2023-04-17T09:58:05.123+0530: 1026.773: Total time for which application threads were stopped: 0.0117627 seconds, Stopping threads took: 0.0000246 seconds
2023-04-17T09:58:05.161+0530: 1026.810: Total time for which application threads were stopped: 0.0001147 seconds, Stopping threads took: 0.0000287 seconds
2023-04-17T09:58:05.168+0530: 1026.818: Total time for which application threads were stopped: 0.0001046 seconds, Stopping threads took: 0.0000334 seconds
2023-04-17T09:58:05.176+0530: 1026.826: Total time for which application threads were stopped: 0.0001215 seconds, Stopping threads took: 0.0000448 seconds
2023-04-17T09:58:05.176+0530: 1026.826: Total time for which application threads were stopped: 0.0000808 seconds, Stopping threads took: 0.0000302 seconds
2023-04-17T09:58:05.176+0530: 1026.826: Total time for which application threads were stopped: 0.0000609 seconds, Stopping threads took: 0.0000213 seconds
2023-04-17T09:58:05.182+0530: 1026.832: Total time for which application threads were stopped: 0.0000844 seconds, Stopping threads took: 0.0000244 seconds
2023-04-17T09:58:05.182+0530: 1026.832: Total time for which application threads were stopped: 0.0000448 seconds, Stopping threads took: 0.0000107 seconds
2023-04-17T09:58:06.183+0530: 1027.832: Total time for which application threads were stopped: 0.0002667 seconds, Stopping threads took: 0.0000523 seconds
2023-04-17T09:58:48.997+0530: 1070.647: Total time for which application threads were stopped: 0.0000940 seconds, Stopping threads took: 0.0000316 seconds
2023-04-17T09:58:48.997+0530: 1070.647: Total time for which application threads were stopped: 0.0000418 seconds, Stopping threads took: 0.0000085 seconds
2023-04-17T09:58:48.998+0530: 1070.647: Total time for which application threads were stopped: 0.0000535 seconds, Stopping threads took: 0.0000066 seconds
2023-04-17T09:58:48.998+0530: 1070.648: Total time for which application threads were stopped: 0.0000515 seconds, Stopping threads took: 0.0000125 seconds
2023-04-17T09:58:49.001+0530: 1070.651: Total time for which application threads were stopped: 0.0000391 seconds, Stopping threads took: 0.0000071 seconds
2023-04-17T09:58:49.006+0530: 1070.655: Total time for which application threads were stopped: 0.0004250 seconds, Stopping threads took: 0.0000080 seconds
2023-04-17T09:58:49.007+0530: 1070.657: Total time for which application threads were stopped: 0.0000380 seconds, Stopping threads took: 0.0000068 seconds
2023-04-17T09:58:49.009+0530: 1070.659: Total time for which application threads were stopped: 0.0000465 seconds, Stopping threads took: 0.0000111 seconds
2023-04-17T09:58:49.009+0530: 1070.659: Total time for which application threads were stopped: 0.0000386 seconds, Stopping threads took: 0.0000109 seconds
2023-04-17T09:58:49.025+0530: 1070.675: Total time for which application threads were stopped: 0.0001066 seconds, Stopping threads took: 0.0000394 seconds
2023-04-17T09:58:49.043+0530: 1070.692: Total time for which application threads were stopped: 0.0001229 seconds, Stopping threads took: 0.0000232 seconds
2023-04-17T09:58:49.043+0530: 1070.692: Total time for which application threads were stopped: 0.0000725 seconds, Stopping threads took: 0.0000114 seconds
2023-04-17T09:58:49.046+0530: 1070.696: Total time for which application threads were stopped: 0.0000399 seconds, Stopping threads took: 0.0000070 seconds
2023-04-17T09:58:49.046+0530: 1070.696: Total time for which application threads were stopped: 0.0000340 seconds, Stopping threads took: 0.0000066 seconds
2023-04-17T09:58:49.051+0530: 1070.700: Total time for which application threads were stopped: 0.0000595 seconds, Stopping threads took: 0.0000144 seconds
2023-04-17T09:58:49.063+0530: 1070.713: Total time for which application threads were stopped: 0.0004977 seconds, Stopping threads took: 0.0001129 seconds
2023-04-17T09:58:49.065+0530: 1070.714: Total time for which application threads were stopped: 0.0002487 seconds, Stopping threads took: 0.0000058 seconds
2023-04-17T09:58:49.067+0530: 1070.717: Total time for which application threads were stopped: 0.0000610 seconds, Stopping threads took: 0.0000107 seconds
2023-04-17T09:58:49.068+0530: 1070.718: Total time for which application threads were stopped: 0.0000856 seconds, Stopping threads took: 0.0000434 seconds
2023-04-17T09:58:49.070+0530: 1070.719: Total time for which application threads were stopped: 0.0000581 seconds, Stopping threads took: 0.0000127 seconds
2023-04-17T09:58:49.074+0530: 1070.724: Total time for which application threads were stopped: 0.0000595 seconds, Stopping threads took: 0.0000102 seconds
2023-04-17T09:58:49.074+0530: 1070.724: Total time for which application threads were stopped: 0.0000375 seconds, Stopping threads took: 0.0000061 seconds
2023-04-17T09:58:49.075+0530: 1070.724: Total time for which application threads were stopped: 0.0000441 seconds, Stopping threads took: 0.0000192 seconds
2023-04-17T09:58:49.075+0530: 1070.724: Total time for which application threads were stopped: 0.0000248 seconds, Stopping threads took: 0.0000049 seconds
2023-04-17T09:58:49.075+0530: 1070.724: Total time for which application threads were stopped: 0.0000450 seconds, Stopping threads took: 0.0000244 seconds
2023-04-17T09:58:49.075+0530: 1070.724: Total time for which application threads were stopped: 0.0000895 seconds, Stopping threads took: 0.0000051 seconds
2023-04-17T09:58:49.075+0530: 1070.725: Total time for which application threads were stopped: 0.0000341 seconds, Stopping threads took: 0.0000063 seconds
2023-04-17T09:58:49.075+0530: 1070.725: Total time for which application threads were stopped: 0.0000279 seconds, Stopping threads took: 0.0000050 seconds
2023-04-17T09:58:49.075+0530: 1070.725: Total time for which application threads were stopped: 0.0000271 seconds, Stopping threads took: 0.0000057 seconds
2023-04-17T09:58:49.075+0530: 1070.725: Total time for which application threads were stopped: 0.0000243 seconds, Stopping threads took: 0.0000040 seconds
2023-04-17T09:58:49.076+0530: 1070.725: Total time for which application threads were stopped: 0.0000278 seconds, Stopping threads took: 0.0000052 seconds
2023-04-17T09:58:49.078+0530: 1070.728: Total time for which application threads were stopped: 0.0000503 seconds, Stopping threads took: 0.0000115 seconds
2023-04-17T09:58:49.078+0530: 1070.728: Total time for which application threads were stopped: 0.0000417 seconds, Stopping threads took: 0.0000086 seconds
2023-04-17T09:58:49.080+0530: 1070.730: Total time for which application threads were stopped: 0.0001491 seconds, Stopping threads took: 0.0000926 seconds
2023-04-17T09:58:49.081+0530: 1070.730: Total time for which application threads were stopped: 0.0001213 seconds, Stopping threads took: 0.0000939 seconds
2023-04-17T09:58:49.091+0530: 1070.740: Total time for which application threads were stopped: 0.0000933 seconds, Stopping threads took: 0.0000196 seconds
2023-04-17T09:58:49.094+0530: 1070.743: Total time for which application threads were stopped: 0.0000604 seconds, Stopping threads took: 0.0000125 seconds
2023-04-17T09:58:49.105+0530: 1070.754: Total time for which application threads were stopped: 0.0000573 seconds, Stopping threads took: 0.0000126 seconds
2023-04-17T09:58:49.105+0530: 1070.755: Total time for which application threads were stopped: 0.0000391 seconds, Stopping threads took: 0.0000065 seconds
2023-04-17T09:58:49.105+0530: 1070.755: Total time for which application threads were stopped: 0.0000290 seconds, Stopping threads took: 0.0000051 seconds
2023-04-17T09:58:49.109+0530: 1070.758: Total time for which application threads were stopped: 0.0000953 seconds, Stopping threads took: 0.0000412 seconds
2023-04-17T09:58:49.109+0530: 1070.758: Total time for which application threads were stopped: 0.0000666 seconds, Stopping threads took: 0.0000237 seconds
2023-04-17T09:58:49.109+0530: 1070.759: Total time for which application threads were stopped: 0.0001109 seconds, Stopping threads took: 0.0000497 seconds
2023-04-17T09:58:49.109+0530: 1070.759: Total time for which application threads were stopped: 0.0000728 seconds, Stopping threads took: 0.0000385 seconds
2023-04-17T09:58:49.110+0530: 1070.759: Total time for which application threads were stopped: 0.0000550 seconds, Stopping threads took: 0.0000186 seconds
2023-04-17T09:58:49.126+0530: 1070.776: Total time for which application threads were stopped: 0.0001019 seconds, Stopping threads took: 0.0000242 seconds
2023-04-17T09:58:50.127+0530: 1071.776: Total time for which application threads were stopped: 0.0001857 seconds, Stopping threads took: 0.0000439 seconds
2023-04-17T09:59:04.870+0530: 1086.519: Total time for which application threads were stopped: 0.0001921 seconds, Stopping threads took: 0.0000429 seconds
2023-04-17T09:59:04.872+0530: 1086.521: Total time for which application threads were stopped: 0.0001906 seconds, Stopping threads took: 0.0000456 seconds
2023-04-17T09:59:18.321+0530: 1099.971: Total time for which application threads were stopped: 0.0002750 seconds, Stopping threads took: 0.0000562 seconds
2023-04-17T09:59:18.322+0530: 1099.971: Total time for which application threads were stopped: 0.0002932 seconds, Stopping threads took: 0.0000948 seconds
2023-04-17T09:59:18.322+0530: 1099.972: Total time for which application threads were stopped: 0.0002651 seconds, Stopping threads took: 0.0001107 seconds
2023-04-17T09:59:18.323+0530: 1099.972: Total time for which application threads were stopped: 0.0002763 seconds, Stopping threads took: 0.0001390 seconds
2023-04-17T09:59:18.323+0530: 1099.973: Total time for which application threads were stopped: 0.0002412 seconds, Stopping threads took: 0.0000995 seconds
2023-04-17T09:59:18.325+0530: 1099.975: Total time for which application threads were stopped: 0.0002840 seconds, Stopping threads took: 0.0000605 seconds
2023-04-17T09:59:18.418+0530: 1100.067: Total time for which application threads were stopped: 0.0000895 seconds, Stopping threads took: 0.0000181 seconds
2023-04-17T09:59:18.418+0530: 1100.068: Total time for which application threads were stopped: 0.0000503 seconds, Stopping threads took: 0.0000104 seconds
2023-04-17T09:59:18.419+0530: 1100.069: Total time for which application threads were stopped: 0.0000725 seconds, Stopping threads took: 0.0000171 seconds
2023-04-17T09:59:18.430+0530: 1100.080: Total time for which application threads were stopped: 0.0000833 seconds, Stopping threads took: 0.0000227 seconds
2023-04-17T09:59:18.430+0530: 1100.080: Total time for which application threads were stopped: 0.0000408 seconds, Stopping threads took: 0.0000071 seconds
2023-04-17T09:59:18.430+0530: 1100.080: Total time for which application threads were stopped: 0.0000905 seconds, Stopping threads took: 0.0000070 seconds
2023-04-17T09:59:18.430+0530: 1100.080: Total time for which application threads were stopped: 0.0000414 seconds, Stopping threads took: 0.0000074 seconds
2023-04-17T09:59:18.432+0530: 1100.081: Total time for which application threads were stopped: 0.0000799 seconds, Stopping threads took: 0.0000408 seconds
2023-04-17T09:59:18.432+0530: 1100.081: Total time for which application threads were stopped: 0.0000803 seconds, Stopping threads took: 0.0000375 seconds
2023-04-17T09:59:18.432+0530: 1100.081: Total time for which application threads were stopped: 0.0000484 seconds, Stopping threads took: 0.0000202 seconds
2023-04-17T09:59:18.432+0530: 1100.081: Total time for which application threads were stopped: 0.0000517 seconds, Stopping threads took: 0.0000203 seconds
2023-04-17T09:59:18.432+0530: 1100.082: Total time for which application threads were stopped: 0.0000499 seconds, Stopping threads took: 0.0000197 seconds
2023-04-17T09:59:19.432+0530: 1101.082: Total time for which application threads were stopped: 0.0003182 seconds, Stopping threads took: 0.0001287 seconds
2023-04-17T09:59:20.734+0530: 1102.384: Total time for which application threads were stopped: 0.0002741 seconds, Stopping threads took: 0.0001103 seconds
2023-04-17T09:59:20.735+0530: 1102.385: Total time for which application threads were stopped: 0.0003003 seconds, Stopping threads took: 0.0001570 seconds
2023-04-17T09:59:20.735+0530: 1102.385: Total time for which application threads were stopped: 0.0003701 seconds, Stopping threads took: 0.0001834 seconds
2023-04-17T09:59:20.737+0530: 1102.387: Total time for which application threads were stopped: 0.0002434 seconds, Stopping threads took: 0.0000987 seconds
2023-04-17T09:59:20.750+0530: 1102.400: Total time for which application threads were stopped: 0.0001230 seconds, Stopping threads took: 0.0000246 seconds
2023-04-17T09:59:20.751+0530: 1102.401: Total time for which application threads were stopped: 0.0000777 seconds, Stopping threads took: 0.0000228 seconds
2023-04-17T09:59:20.751+0530: 1102.401: Total time for which application threads were stopped: 0.0000647 seconds, Stopping threads took: 0.0000270 seconds
2023-04-17T09:59:20.752+0530: 1102.401: Total time for which application threads were stopped: 0.0001743 seconds, Stopping threads took: 0.0000390 seconds
2023-04-17T09:59:20.753+0530: 1102.402: Total time for which application threads were stopped: 0.0001755 seconds, Stopping threads took: 0.0000912 seconds
2023-04-17T09:59:20.753+0530: 1102.403: Total time for which application threads were stopped: 0.0001657 seconds, Stopping threads took: 0.0000752 seconds
2023-04-17T09:59:20.754+0530: 1102.404: Total time for which application threads were stopped: 0.0001131 seconds, Stopping threads took: 0.0000434 seconds
2023-04-17T09:59:20.754+0530: 1102.404: Total time for which application threads were stopped: 0.0001005 seconds, Stopping threads took: 0.0000234 seconds
2023-04-17T09:59:20.755+0530: 1102.404: Total time for which application threads were stopped: 0.0001204 seconds, Stopping threads took: 0.0000310 seconds
2023-04-17T09:59:20.759+0530: 1102.408: Total time for which application threads were stopped: 0.0001387 seconds, Stopping threads took: 0.0000497 seconds
2023-04-17T09:59:20.759+0530: 1102.409: Total time for which application threads were stopped: 0.0000942 seconds, Stopping threads took: 0.0000314 seconds
2023-04-17T09:59:20.759+0530: 1102.409: Total time for which application threads were stopped: 0.0000960 seconds, Stopping threads took: 0.0000367 seconds
2023-04-17T09:59:20.759+0530: 1102.409: Total time for which application threads were stopped: 0.0002533 seconds, Stopping threads took: 0.0001912 seconds
2023-04-17T09:59:20.759+0530: 1102.409: Total time for which application threads were stopped: 0.0000839 seconds, Stopping threads took: 0.0000284 seconds
2023-04-17T09:59:20.761+0530: 1102.410: Total time for which application threads were stopped: 0.0001517 seconds, Stopping threads took: 0.0000579 seconds
2023-04-17T09:59:20.761+0530: 1102.411: Total time for which application threads were stopped: 0.0000932 seconds, Stopping threads took: 0.0000217 seconds
2023-04-17T09:59:20.761+0530: 1102.411: Total time for which application threads were stopped: 0.0000766 seconds, Stopping threads took: 0.0000155 seconds
2023-04-17T09:59:20.761+0530: 1102.411: Total time for which application threads were stopped: 0.0001012 seconds, Stopping threads took: 0.0000270 seconds
2023-04-17T09:59:20.761+0530: 1102.411: Total time for which application threads were stopped: 0.0000907 seconds, Stopping threads took: 0.0000268 seconds
2023-04-17T09:59:22.762+0530: 1104.411: Total time for which application threads were stopped: 0.0001343 seconds, Stopping threads took: 0.0000342 seconds
2023-04-17T09:59:24.762+0530: 1106.412: Total time for which application threads were stopped: 0.0003752 seconds, Stopping threads took: 0.0000610 seconds
2023-04-17T10:00:20.762+0530: 1162.412: Total time for which application threads were stopped: 0.0002594 seconds, Stopping threads took: 0.0000890 seconds
2023-04-17T10:01:00.758+0530: 1202.407: Total time for which application threads were stopped: 0.0002438 seconds, Stopping threads took: 0.0000866 seconds
2023-04-17T10:01:00.762+0530: 1202.412: Total time for which application threads were stopped: 0.0002874 seconds, Stopping threads took: 0.0001240 seconds
2023-04-17T10:01:37.562+0530: 1239.212: Total time for which application threads were stopped: 0.0006239 seconds, Stopping threads took: 0.0000143 seconds
2023-04-17T10:01:37.562+0530: 1239.212: Total time for which application threads were stopped: 0.0000495 seconds, Stopping threads took: 0.0000092 seconds
2023-04-17T10:01:37.563+0530: 1239.213: Total time for which application threads were stopped: 0.0003977 seconds, Stopping threads took: 0.0000065 seconds
2023-04-17T10:01:37.564+0530: 1239.214: Total time for which application threads were stopped: 0.0000861 seconds, Stopping threads took: 0.0000115 seconds
2023-04-17T10:01:37.565+0530: 1239.214: Total time for which application threads were stopped: 0.0001154 seconds, Stopping threads took: 0.0000791 seconds
2023-04-17T10:01:37.565+0530: 1239.215: Total time for which application threads were stopped: 0.0000661 seconds, Stopping threads took: 0.0000301 seconds
2023-04-17T10:01:37.570+0530: 1239.220: Total time for which application threads were stopped: 0.0000887 seconds, Stopping threads took: 0.0000168 seconds
2023-04-17T10:01:37.573+0530: 1239.222: Total time for which application threads were stopped: 0.0000998 seconds, Stopping threads took: 0.0000293 seconds
2023-04-17T10:01:37.576+0530: 1239.225: Total time for which application threads were stopped: 0.0000865 seconds, Stopping threads took: 0.0000176 seconds
2023-04-17T10:01:37.579+0530: 1239.229: Total time for which application threads were stopped: 0.0000844 seconds, Stopping threads took: 0.0000159 seconds
2023-04-17T10:01:37.582+0530: 1239.232: Total time for which application threads were stopped: 0.0001098 seconds, Stopping threads took: 0.0000187 seconds
2023-04-17T10:01:37.583+0530: 1239.233: Total time for which application threads were stopped: 0.0001107 seconds, Stopping threads took: 0.0000476 seconds
2023-04-17T10:01:37.583+0530: 1239.233: Total time for which application threads were stopped: 0.0000729 seconds, Stopping threads took: 0.0000303 seconds
2023-04-17T10:01:37.584+0530: 1239.233: Total time for which application threads were stopped: 0.0000775 seconds, Stopping threads took: 0.0000336 seconds
2023-04-17T10:01:37.584+0530: 1239.233: Total time for which application threads were stopped: 0.0000664 seconds, Stopping threads took: 0.0000436 seconds
2023-04-17T10:01:37.584+0530: 1239.233: Total time for which application threads were stopped: 0.0000479 seconds, Stopping threads took: 0.0000251 seconds
2023-04-17T10:01:37.584+0530: 1239.234: Total time for which application threads were stopped: 0.0000522 seconds, Stopping threads took: 0.0000256 seconds
2023-04-17T10:01:37.586+0530: 1239.235: Total time for which application threads were stopped: 0.0000897 seconds, Stopping threads took: 0.0000318 seconds
2023-04-17T10:01:37.586+0530: 1239.235: Total time for which application threads were stopped: 0.0000500 seconds, Stopping threads took: 0.0000118 seconds
2023-04-17T10:01:37.586+0530: 1239.236: Total time for which application threads were stopped: 0.0000431 seconds, Stopping threads took: 0.0000112 seconds
2023-04-17T10:01:37.586+0530: 1239.236: Total time for which application threads were stopped: 0.0000549 seconds, Stopping threads took: 0.0000214 seconds
2023-04-17T10:01:37.586+0530: 1239.236: Total time for which application threads were stopped: 0.0000607 seconds, Stopping threads took: 0.0000346 seconds
2023-04-17T10:01:37.586+0530: 1239.236: Total time for which application threads were stopped: 0.0000372 seconds, Stopping threads took: 0.0000108 seconds
2023-04-17T10:01:37.586+0530: 1239.236: Total time for which application threads were stopped: 0.0000348 seconds, Stopping threads took: 0.0000085 seconds
2023-04-17T10:01:37.586+0530: 1239.236: Total time for which application threads were stopped: 0.0000328 seconds, Stopping threads took: 0.0000082 seconds
2023-04-17T10:01:37.587+0530: 1239.236: Total time for which application threads were stopped: 0.0000808 seconds, Stopping threads took: 0.0000252 seconds
Heap
 par new generation   total 109248K, used 62363K [0x00000000e0000000, 0x00000000e8000000, 0x00000000e8000000)
  eden space 87424K,  46% used [0x00000000e0000000, 0x00000000e2796df8, 0x00000000e5560000)
  from space 21824K, 100% used [0x00000000e6ab0000, 0x00000000e8000000, 0x00000000e8000000)
  to   space 21824K,   0% used [0x00000000e5560000, 0x00000000e5560000, 0x00000000e6ab0000)
 concurrent mark-sweep generation total 393216K, used 8415K [0x00000000e8000000, 0x0000000100000000, 0x0000000100000000)
 Metaspace       used 32050K, capacity 32540K, committed 32840K, reserved 1079296K
  class space    used 3722K, capacity 3900K, committed 3912K, reserved 1048576K
