OpenJDK 64-Bit Server VM (25.362-b09) for linux-amd64 JRE (1.8.0_362-8u362-ga-0ubuntu1~22.04-b09), built on Jan 24 2023 19:02:58 by "buildd" with gcc 11.3.0
Memory: 4k page, physical 32636936k(28191104k free), swap 2097148k(2097148k free)
CommandLine flags: -XX:CMSInitiatingOccupancyFraction=50 -XX:CMSMaxAbortablePrecleanTime=6000 -XX:+CMSParallelRemarkEnabled -XX:+CMSScavengeBeforeRemark -XX:ConcGCThreads=4 -XX:InitialHeapSize=536870912 -XX:MaxHeapSize=536870912 -XX:MaxTenuringThreshold=8 -XX:NewRatio=3 -XX:OldPLABSize=16 -XX:ParallelGCThreads=4 -XX:+ParallelRefProcEnabled -XX:PretenureSizeThreshold=67108864 -XX:+PrintGC -XX:+PrintGCApplicationStoppedTime -XX:+PrintGCDateStamps -XX:+PrintGCDetails -XX:+PrintGCTimeStamps -XX:+PrintHeapAtGC -XX:+PrintTenuringDistribution -XX:SurvivorRatio=4 -XX:TargetSurvivorRatio=90 -XX:ThreadStackSize=256 -XX:+UseCMSInitiatingOccupancyOnly -XX:+UseCompressedClassPointers -XX:+UseCompressedOops -XX:+UseConcMarkSweepGC -XX:+UseParNewGC 
2023-04-15T09:29:23.575+0530: 0.080: Total time for which application threads were stopped: 0.0000635 seconds, Stopping threads took: 0.0000115 seconds
2023-04-15T09:29:23.680+0530: 0.185: Total time for which application threads were stopped: 0.0001215 seconds, Stopping threads took: 0.0000095 seconds
2023-04-15T09:29:23.739+0530: 0.244: Total time for which application threads were stopped: 0.0000941 seconds, Stopping threads took: 0.0000081 seconds
2023-04-15T09:29:23.787+0530: 0.292: Total time for which application threads were stopped: 0.0001088 seconds, Stopping threads took: 0.0000097 seconds
2023-04-15T09:29:23.815+0530: 0.320: Total time for which application threads were stopped: 0.0001360 seconds, Stopping threads took: 0.0000109 seconds
2023-04-15T09:29:23.823+0530: 0.328: Total time for which application threads were stopped: 0.0001381 seconds, Stopping threads took: 0.0000146 seconds
2023-04-15T09:29:23.828+0530: 0.334: Total time for which application threads were stopped: 0.0001401 seconds, Stopping threads took: 0.0000176 seconds
{Heap before GC invocations=0 (full 0):
 par new generation   total 109248K, used 87424K [0x00000000e0000000, 0x00000000e8000000, 0x00000000e8000000)
  eden space 87424K, 100% used [0x00000000e0000000, 0x00000000e5560000, 0x00000000e5560000)
  from space 21824K,   0% used [0x00000000e5560000, 0x00000000e5560000, 0x00000000e6ab0000)
  to   space 21824K,   0% used [0x00000000e6ab0000, 0x00000000e6ab0000, 0x00000000e8000000)
 concurrent mark-sweep generation total 393216K, used 0K [0x00000000e8000000, 0x0000000100000000, 0x0000000100000000)
 Metaspace       used 10235K, capacity 10396K, committed 10496K, reserved 1058816K
  class space    used 1165K, capacity 1208K, committed 1280K, reserved 1048576K
2023-04-15T09:29:23.953+0530: 0.458: [GC (Allocation Failure) 2023-04-15T09:29:23.953+0530: 0.458: [ParNew
Desired survivor size 20112992 bytes, new threshold 8 (max 8)
- age   1:    5744528 bytes,    5744528 total
: 87424K->5674K(109248K), 0.0045626 secs] 87424K->5674K(502464K), 0.0046324 secs] [Times: user=0.02 sys=0.01, real=0.00 secs] 
Heap after GC invocations=1 (full 0):
 par new generation   total 109248K, used 5674K [0x00000000e0000000, 0x00000000e8000000, 0x00000000e8000000)
  eden space 87424K,   0% used [0x00000000e0000000, 0x00000000e0000000, 0x00000000e5560000)
  from space 21824K,  25% used [0x00000000e6ab0000, 0x00000000e703a890, 0x00000000e8000000)
  to   space 21824K,   0% used [0x00000000e5560000, 0x00000000e5560000, 0x00000000e6ab0000)
 concurrent mark-sweep generation total 393216K, used 0K [0x00000000e8000000, 0x0000000100000000, 0x0000000100000000)
 Metaspace       used 10235K, capacity 10396K, committed 10496K, reserved 1058816K
  class space    used 1165K, capacity 1208K, committed 1280K, reserved 1048576K
}
2023-04-15T09:29:23.958+0530: 0.463: Total time for which application threads were stopped: 0.0047627 seconds, Stopping threads took: 0.0000149 seconds
2023-04-15T09:29:23.995+0530: 0.501: Total time for which application threads were stopped: 0.0001419 seconds, Stopping threads took: 0.0000122 seconds
2023-04-15T09:29:24.020+0530: 0.525: Total time for which application threads were stopped: 0.0001678 seconds, Stopping threads took: 0.0000132 seconds
2023-04-15T09:29:24.095+0530: 0.600: Total time for which application threads were stopped: 0.0002027 seconds, Stopping threads took: 0.0000182 seconds
2023-04-15T09:29:24.116+0530: 0.622: Total time for which application threads were stopped: 0.0002343 seconds, Stopping threads took: 0.0000298 seconds
2023-04-15T09:29:24.144+0530: 0.649: Total time for which application threads were stopped: 0.0001990 seconds, Stopping threads took: 0.0000168 seconds
2023-04-15T09:29:24.145+0530: 0.650: Total time for which application threads were stopped: 0.0001510 seconds, Stopping threads took: 0.0000108 seconds
2023-04-15T09:29:24.186+0530: 0.691: Total time for which application threads were stopped: 0.0002064 seconds, Stopping threads took: 0.0000152 seconds
2023-04-15T09:29:24.234+0530: 0.739: Total time for which application threads were stopped: 0.0003271 seconds, Stopping threads took: 0.0000797 seconds
{Heap before GC invocations=1 (full 0):
 par new generation   total 109248K, used 93098K [0x00000000e0000000, 0x00000000e8000000, 0x00000000e8000000)
  eden space 87424K, 100% used [0x00000000e0000000, 0x00000000e5560000, 0x00000000e5560000)
  from space 21824K,  25% used [0x00000000e6ab0000, 0x00000000e703a890, 0x00000000e8000000)
  to   space 21824K,   0% used [0x00000000e5560000, 0x00000000e5560000, 0x00000000e6ab0000)
 concurrent mark-sweep generation total 393216K, used 0K [0x00000000e8000000, 0x0000000100000000, 0x0000000100000000)
 Metaspace       used 19896K, capacity 20248K, committed 20352K, reserved 1067008K
  class space    used 2295K, capacity 2424K, committed 2432K, reserved 1048576K
2023-04-15T09:29:24.371+0530: 0.877: [GC (Allocation Failure) 2023-04-15T09:29:24.371+0530: 0.877: [ParNew
Desired survivor size 20112992 bytes, new threshold 8 (max 8)
- age   1:   10443384 bytes,   10443384 total
- age   2:    2528296 bytes,   12971680 total
: 93098K->15167K(109248K), 0.0061032 secs] 93098K->15167K(502464K), 0.0061576 secs] [Times: user=0.03 sys=0.00, real=0.00 secs] 
Heap after GC invocations=2 (full 0):
 par new generation   total 109248K, used 15167K [0x00000000e0000000, 0x00000000e8000000, 0x00000000e8000000)
  eden space 87424K,   0% used [0x00000000e0000000, 0x00000000e0000000, 0x00000000e5560000)
  from space 21824K,  69% used [0x00000000e5560000, 0x00000000e642fc00, 0x00000000e6ab0000)
  to   space 21824K,   0% used [0x00000000e6ab0000, 0x00000000e6ab0000, 0x00000000e8000000)
 concurrent mark-sweep generation total 393216K, used 0K [0x00000000e8000000, 0x0000000100000000, 0x0000000100000000)
 Metaspace       used 19896K, capacity 20248K, committed 20352K, reserved 1067008K
  class space    used 2295K, capacity 2424K, committed 2432K, reserved 1048576K
}
2023-04-15T09:29:24.377+0530: 0.883: Total time for which application threads were stopped: 0.0062996 seconds, Stopping threads took: 0.0000113 seconds
2023-04-15T09:29:24.458+0530: 0.963: Total time for which application threads were stopped: 0.0002356 seconds, Stopping threads took: 0.0000113 seconds
2023-04-15T09:29:24.480+0530: 0.985: Total time for which application threads were stopped: 0.0003252 seconds, Stopping threads took: 0.0000681 seconds
{Heap before GC invocations=2 (full 0):
 par new generation   total 109248K, used 102591K [0x00000000e0000000, 0x00000000e8000000, 0x00000000e8000000)
  eden space 87424K, 100% used [0x00000000e0000000, 0x00000000e5560000, 0x00000000e5560000)
  from space 21824K,  69% used [0x00000000e5560000, 0x00000000e642fc00, 0x00000000e6ab0000)
  to   space 21824K,   0% used [0x00000000e6ab0000, 0x00000000e6ab0000, 0x00000000e8000000)
 concurrent mark-sweep generation total 393216K, used 0K [0x00000000e8000000, 0x0000000100000000, 0x0000000100000000)
 Metaspace       used 20678K, capacity 21048K, committed 21248K, reserved 1069056K
  class space    used 2395K, capacity 2520K, committed 2560K, reserved 1048576K
2023-04-15T09:29:24.492+0530: 0.998: [GC (Allocation Failure) 2023-04-15T09:29:24.492+0530: 0.998: [ParNew
Desired survivor size 20112992 bytes, new threshold 8 (max 8)
- age   1:    1309768 bytes,    1309768 total
- age   2:    4912768 bytes,    6222536 total
- age   3:    2500448 bytes,    8722984 total
: 102591K->15671K(109248K), 0.0054186 secs] 102591K->15671K(502464K), 0.0054809 secs] [Times: user=0.03 sys=0.00, real=0.00 secs] 
Heap after GC invocations=3 (full 0):
 par new generation   total 109248K, used 15671K [0x00000000e0000000, 0x00000000e8000000, 0x00000000e8000000)
  eden space 87424K,   0% used [0x00000000e0000000, 0x00000000e0000000, 0x00000000e5560000)
  from space 21824K,  71% used [0x00000000e6ab0000, 0x00000000e79fdf40, 0x00000000e8000000)
  to   space 21824K,   0% used [0x00000000e5560000, 0x00000000e5560000, 0x00000000e6ab0000)
 concurrent mark-sweep generation total 393216K, used 0K [0x00000000e8000000, 0x0000000100000000, 0x0000000100000000)
 Metaspace       used 20678K, capacity 21048K, committed 21248K, reserved 1069056K
  class space    used 2395K, capacity 2520K, committed 2560K, reserved 1048576K
}
2023-04-15T09:29:24.498+0530: 1.003: Total time for which application threads were stopped: 0.0056259 seconds, Stopping threads took: 0.0000480 seconds
2023-04-15T09:29:24.508+0530: 1.013: Total time for which application threads were stopped: 0.0002885 seconds, Stopping threads took: 0.0000196 seconds
2023-04-15T09:29:24.510+0530: 1.016: Total time for which application threads were stopped: 0.0000764 seconds, Stopping threads took: 0.0000271 seconds
2023-04-15T09:29:24.511+0530: 1.016: Total time for which application threads were stopped: 0.0000521 seconds, Stopping threads took: 0.0000115 seconds
2023-04-15T09:29:24.511+0530: 1.016: Total time for which application threads were stopped: 0.0001446 seconds, Stopping threads took: 0.0001050 seconds
2023-04-15T09:29:24.516+0530: 1.021: Total time for which application threads were stopped: 0.0003126 seconds, Stopping threads took: 0.0000178 seconds
2023-04-15T09:29:24.562+0530: 1.067: Total time for which application threads were stopped: 0.0001420 seconds, Stopping threads took: 0.0000198 seconds
2023-04-15T09:29:24.562+0530: 1.067: Total time for which application threads were stopped: 0.0001366 seconds, Stopping threads took: 0.0001034 seconds
2023-04-15T09:29:24.598+0530: 1.103: Total time for which application threads were stopped: 0.0001209 seconds, Stopping threads took: 0.0000358 seconds
2023-04-15T09:29:24.612+0530: 1.118: Total time for which application threads were stopped: 0.0000979 seconds, Stopping threads took: 0.0000314 seconds
2023-04-15T09:29:24.612+0530: 1.118: Total time for which application threads were stopped: 0.0000477 seconds, Stopping threads took: 0.0000242 seconds
{Heap before GC invocations=3 (full 0):
 par new generation   total 109248K, used 103095K [0x00000000e0000000, 0x00000000e8000000, 0x00000000e8000000)
  eden space 87424K, 100% used [0x00000000e0000000, 0x00000000e5560000, 0x00000000e5560000)
  from space 21824K,  71% used [0x00000000e6ab0000, 0x00000000e79fdf40, 0x00000000e8000000)
  to   space 21824K,   0% used [0x00000000e5560000, 0x00000000e5560000, 0x00000000e6ab0000)
 concurrent mark-sweep generation total 393216K, used 0K [0x00000000e8000000, 0x0000000100000000, 0x0000000100000000)
 Metaspace       used 22098K, capacity 22468K, committed 22624K, reserved 1069056K
  class space    used 2581K, capacity 2714K, committed 2760K, reserved 1048576K
2023-04-15T09:29:24.623+0530: 1.129: [GC (Allocation Failure) 2023-04-15T09:29:24.623+0530: 1.129: [ParNew
Desired survivor size 20112992 bytes, new threshold 8 (max 8)
- age   1:    2831704 bytes,    2831704 total
- age   2:     236256 bytes,    3067960 total
- age   3:    4441832 bytes,    7509792 total
- age   4:    2500440 bytes,   10010232 total
: 103095K->11573K(109248K), 0.0061325 secs] 103095K->11573K(502464K), 0.0061836 secs] [Times: user=0.03 sys=0.00, real=0.00 secs] 
Heap after GC invocations=4 (full 0):
 par new generation   total 109248K, used 11573K [0x00000000e0000000, 0x00000000e8000000, 0x00000000e8000000)
  eden space 87424K,   0% used [0x00000000e0000000, 0x00000000e0000000, 0x00000000e5560000)
  from space 21824K,  53% used [0x00000000e5560000, 0x00000000e60ad688, 0x00000000e6ab0000)
  to   space 21824K,   0% used [0x00000000e6ab0000, 0x00000000e6ab0000, 0x00000000e8000000)
 concurrent mark-sweep generation total 393216K, used 0K [0x00000000e8000000, 0x0000000100000000, 0x0000000100000000)
 Metaspace       used 22098K, capacity 22468K, committed 22624K, reserved 1069056K
  class space    used 2581K, capacity 2714K, committed 2760K, reserved 1048576K
}
2023-04-15T09:29:24.630+0530: 1.135: Total time for which application threads were stopped: 0.0063543 seconds, Stopping threads took: 0.0000629 seconds
2023-04-15T09:29:24.630+0530: 1.135: [GC (CMS Initial Mark) [1 CMS-initial-mark: 0K(393216K)] 12725K(502464K), 0.0017488 secs] [Times: user=0.01 sys=0.00, real=0.01 secs] 
2023-04-15T09:29:24.631+0530: 1.137: Total time for which application threads were stopped: 0.0018628 seconds, Stopping threads took: 0.0000406 seconds
2023-04-15T09:29:24.631+0530: 1.137: [CMS-concurrent-mark-start]
2023-04-15T09:29:24.632+0530: 1.137: [CMS-concurrent-mark: 0.000/0.000 secs] [Times: user=0.00 sys=0.00, real=0.00 secs] 
2023-04-15T09:29:24.632+0530: 1.137: [CMS-concurrent-preclean-start]
2023-04-15T09:29:24.633+0530: 1.138: [CMS-concurrent-preclean: 0.001/0.001 secs] [Times: user=0.00 sys=0.00, real=0.00 secs] 
2023-04-15T09:29:24.633+0530: 1.138: [CMS-concurrent-abortable-preclean-start]
2023-04-15T09:29:24.638+0530: 1.143: Total time for which application threads were stopped: 0.0002793 seconds, Stopping threads took: 0.0001955 seconds
{Heap before GC invocations=4 (full 1):
 par new generation   total 109248K, used 98996K [0x00000000e0000000, 0x00000000e8000000, 0x00000000e8000000)
  eden space 87424K,  99% used [0x00000000e0000000, 0x00000000e555fa30, 0x00000000e5560000)
  from space 21824K,  53% used [0x00000000e5560000, 0x00000000e60ad688, 0x00000000e6ab0000)
  to   space 21824K,   0% used [0x00000000e6ab0000, 0x00000000e6ab0000, 0x00000000e8000000)
 concurrent mark-sweep generation total 393216K, used 0K [0x00000000e8000000, 0x0000000100000000, 0x0000000100000000)
 Metaspace       used 22286K, capacity 22652K, committed 22880K, reserved 1069056K
  class space    used 2603K, capacity 2750K, committed 2760K, reserved 1048576K
2023-04-15T09:29:24.672+0530: 1.178: [GC (Allocation Failure) 2023-04-15T09:29:24.672+0530: 1.178: [ParNew
Desired survivor size 20112992 bytes, new threshold 8 (max 8)
- age   1:     432752 bytes,     432752 total
- age   2:    1521888 bytes,    1954640 total
- age   3:     236176 bytes,    2190816 total
- age   4:    4441576 bytes,    6632392 total
- age   5:    2500416 bytes,    9132808 total
: 98996K->12575K(109248K), 0.0045009 secs] 98996K->12575K(502464K), 0.0045482 secs] [Times: user=0.01 sys=0.00, real=0.00 secs] 
Heap after GC invocations=5 (full 1):
 par new generation   total 109248K, used 12575K [0x00000000e0000000, 0x00000000e8000000, 0x00000000e8000000)
  eden space 87424K,   0% used [0x00000000e0000000, 0x00000000e0000000, 0x00000000e5560000)
  from space 21824K,  57% used [0x00000000e6ab0000, 0x00000000e76f7ee0, 0x00000000e8000000)
  to   space 21824K,   0% used [0x00000000e5560000, 0x00000000e5560000, 0x00000000e6ab0000)
 concurrent mark-sweep generation total 393216K, used 0K [0x00000000e8000000, 0x0000000100000000, 0x0000000100000000)
 Metaspace       used 22286K, capacity 22652K, committed 22880K, reserved 1069056K
  class space    used 2603K, capacity 2750K, committed 2760K, reserved 1048576K
}
2023-04-15T09:29:24.677+0530: 1.182: Total time for which application threads were stopped: 0.0047433 seconds, Stopping threads took: 0.0001026 seconds
2023-04-15T09:29:24.677+0530: 1.182: [CMS-concurrent-abortable-preclean: 0.036/0.044 secs] [Times: user=0.24 sys=0.00, real=0.04 secs] 
2023-04-15T09:29:24.677+0530: 1.182: [GC (CMS Final Remark) [YG occupancy: 13926 K (109248 K)]{Heap before GC invocations=5 (full 1):
 par new generation   total 109248K, used 13926K [0x00000000e0000000, 0x00000000e8000000, 0x00000000e8000000)
  eden space 87424K,   1% used [0x00000000e0000000, 0x00000000e0151c70, 0x00000000e5560000)
  from space 21824K,  57% used [0x00000000e6ab0000, 0x00000000e76f7ee0, 0x00000000e8000000)
  to   space 21824K,   0% used [0x00000000e5560000, 0x00000000e5560000, 0x00000000e6ab0000)
 concurrent mark-sweep generation total 393216K, used 0K [0x00000000e8000000, 0x0000000100000000, 0x0000000100000000)
 Metaspace       used 22286K, capacity 22652K, committed 22880K, reserved 1069056K
  class space    used 2603K, capacity 2750K, committed 2760K, reserved 1048576K
2023-04-15T09:29:24.677+0530: 1.182: [GC (CMS Final Remark) 2023-04-15T09:29:24.677+0530: 1.182: [ParNew
Desired survivor size 20112992 bytes, new threshold 8 (max 8)
- age   1:     190208 bytes,     190208 total
- age   2:     283960 bytes,     474168 total
- age   3:    1521888 bytes,    1996056 total
- age   4:     236176 bytes,    2232232 total
- age   5:    4441504 bytes,    6673736 total
- age   6:    2500416 bytes,    9174152 total
: 13926K->10880K(109248K), 0.0036672 secs] 13926K->10880K(502464K), 0.0037020 secs] [Times: user=0.02 sys=0.00, real=0.00 secs] 
Heap after GC invocations=6 (full 1):
 par new generation   total 109248K, used 10880K [0x00000000e0000000, 0x00000000e8000000, 0x00000000e8000000)
  eden space 87424K,   0% used [0x00000000e0000000, 0x00000000e0000000, 0x00000000e5560000)
  from space 21824K,  49% used [0x00000000e5560000, 0x00000000e60003c0, 0x00000000e6ab0000)
  to   space 21824K,   0% used [0x00000000e6ab0000, 0x00000000e6ab0000, 0x00000000e8000000)
 concurrent mark-sweep generation total 393216K, used 0K [0x00000000e8000000, 0x0000000100000000, 0x0000000100000000)
 Metaspace       used 22286K, capacity 22652K, committed 22880K, reserved 1069056K
  class space    used 2603K, capacity 2750K, committed 2760K, reserved 1048576K
}
2023-04-15T09:29:24.681+0530: 1.186: [Rescan (parallel) , 0.0016429 secs]2023-04-15T09:29:24.682+0530: 1.188: [weak refs processing, 0.0003048 secs]2023-04-15T09:29:24.683+0530: 1.188: [class unloading, 0.0023657 secs]2023-04-15T09:29:24.685+0530: 1.190: [scrub symbol table, 0.0016462 secs]2023-04-15T09:29:24.687+0530: 1.192: [scrub string table, 0.0002881 secs][1 CMS-remark: 0K(393216K)] 10880K(502464K), 0.0105476 secs] [Times: user=0.03 sys=0.00, real=0.01 secs] 
2023-04-15T09:29:24.688+0530: 1.193: Total time for which application threads were stopped: 0.0106522 seconds, Stopping threads took: 0.0000506 seconds
2023-04-15T09:29:24.688+0530: 1.193: [CMS-concurrent-sweep-start]
2023-04-15T09:29:24.688+0530: 1.193: [CMS-concurrent-sweep: 0.000/0.000 secs] [Times: user=0.00 sys=0.00, real=0.00 secs] 
2023-04-15T09:29:24.688+0530: 1.193: [CMS-concurrent-reset-start]
2023-04-15T09:29:24.690+0530: 1.195: [CMS-concurrent-reset: 0.002/0.002 secs] [Times: user=0.01 sys=0.01, real=0.01 secs] 
{Heap before GC invocations=6 (full 1):
 par new generation   total 109248K, used 98304K [0x00000000e0000000, 0x00000000e8000000, 0x00000000e8000000)
  eden space 87424K, 100% used [0x00000000e0000000, 0x00000000e5560000, 0x00000000e5560000)
  from space 21824K,  49% used [0x00000000e5560000, 0x00000000e60003c0, 0x00000000e6ab0000)
  to   space 21824K,   0% used [0x00000000e6ab0000, 0x00000000e6ab0000, 0x00000000e8000000)
 concurrent mark-sweep generation total 393216K, used 0K [0x00000000e8000000, 0x0000000100000000, 0x0000000100000000)
 Metaspace       used 22421K, capacity 22788K, committed 22880K, reserved 1069056K
  class space    used 2626K, capacity 2752K, committed 2760K, reserved 1048576K
2023-04-15T09:29:24.735+0530: 1.240: [GC (Allocation Failure) 2023-04-15T09:29:24.735+0530: 1.240: [ParNew
Desired survivor size 20112992 bytes, new threshold 8 (max 8)
- age   1:     858360 bytes,     858360 total
- age   3:     123792 bytes,     982152 total
- age   4:    1519000 bytes,    2501152 total
- age   5:     236088 bytes,    2737240 total
- age   6:    4437776 bytes,    7175016 total
- age   7:    2501512 bytes,    9676528 total
: 98304K->14139K(109248K), 0.0059553 secs] 98304K->14139K(502464K), 0.0060150 secs] [Times: user=0.03 sys=0.00, real=0.00 secs] 
Heap after GC invocations=7 (full 1):
 par new generation   total 109248K, used 14139K [0x00000000e0000000, 0x00000000e8000000, 0x00000000e8000000)
  eden space 87424K,   0% used [0x00000000e0000000, 0x00000000e0000000, 0x00000000e5560000)
  from space 21824K,  64% used [0x00000000e6ab0000, 0x00000000e787ec80, 0x00000000e8000000)
  to   space 21824K,   0% used [0x00000000e5560000, 0x00000000e5560000, 0x00000000e6ab0000)
 concurrent mark-sweep generation total 393216K, used 0K [0x00000000e8000000, 0x0000000100000000, 0x0000000100000000)
 Metaspace       used 22421K, capacity 22788K, committed 22880K, reserved 1069056K
  class space    used 2626K, capacity 2752K, committed 2760K, reserved 1048576K
}
2023-04-15T09:29:24.741+0530: 1.246: Total time for which application threads were stopped: 0.0061729 seconds, Stopping threads took: 0.0000349 seconds
2023-04-15T09:29:24.918+0530: 1.423: Total time for which application threads were stopped: 0.0004341 seconds, Stopping threads took: 0.0000350 seconds
2023-04-15T09:29:24.927+0530: 1.433: Total time for which application threads were stopped: 0.0003305 seconds, Stopping threads took: 0.0000141 seconds
{Heap before GC invocations=7 (full 1):
 par new generation   total 109248K, used 101563K [0x00000000e0000000, 0x00000000e8000000, 0x00000000e8000000)
  eden space 87424K, 100% used [0x00000000e0000000, 0x00000000e5560000, 0x00000000e5560000)
  from space 21824K,  64% used [0x00000000e6ab0000, 0x00000000e787ec80, 0x00000000e8000000)
  to   space 21824K,   0% used [0x00000000e5560000, 0x00000000e5560000, 0x00000000e6ab0000)
 concurrent mark-sweep generation total 393216K, used 0K [0x00000000e8000000, 0x0000000100000000, 0x0000000100000000)
 Metaspace       used 25552K, capacity 25910K, committed 26312K, reserved 1073152K
  class space    used 3016K, capacity 3175K, committed 3272K, reserved 1048576K
2023-04-15T09:29:24.990+0530: 1.496: [GC (Allocation Failure) 2023-04-15T09:29:24.990+0530: 1.496: [ParNew
Desired survivor size 20112992 bytes, new threshold 8 (max 8)
- age   1:    4002584 bytes,    4002584 total
- age   2:     102928 bytes,    4105512 total
- age   4:     122760 bytes,    4228272 total
- age   5:     301208 bytes,    4529480 total
- age   6:     235200 bytes,    4764680 total
- age   7:    4430848 bytes,    9195528 total
- age   8:    2500408 bytes,   11695936 total
: 101563K->12516K(109248K), 0.0065300 secs] 101563K->12516K(502464K), 0.0065869 secs] [Times: user=0.02 sys=0.00, real=0.00 secs] 
Heap after GC invocations=8 (full 1):
 par new generation   total 109248K, used 12516K [0x00000000e0000000, 0x00000000e8000000, 0x00000000e8000000)
  eden space 87424K,   0% used [0x00000000e0000000, 0x00000000e0000000, 0x00000000e5560000)
  from space 21824K,  57% used [0x00000000e5560000, 0x00000000e6199270, 0x00000000e6ab0000)
  to   space 21824K,   0% used [0x00000000e6ab0000, 0x00000000e6ab0000, 0x00000000e8000000)
 concurrent mark-sweep generation total 393216K, used 0K [0x00000000e8000000, 0x0000000100000000, 0x0000000100000000)
 Metaspace       used 25552K, capacity 25910K, committed 26312K, reserved 1073152K
  class space    used 3016K, capacity 3175K, committed 3272K, reserved 1048576K
}
2023-04-15T09:29:24.997+0530: 1.502: Total time for which application threads were stopped: 0.0067186 seconds, Stopping threads took: 0.0000190 seconds
2023-04-15T09:29:25.149+0530: 1.654: Total time for which application threads were stopped: 0.0004409 seconds, Stopping threads took: 0.0000292 seconds
2023-04-15T09:29:26.149+0530: 2.655: Total time for which application threads were stopped: 0.0002421 seconds, Stopping threads took: 0.0000387 seconds
2023-04-15T09:29:27.533+0530: 4.039: Total time for which application threads were stopped: 0.0009765 seconds, Stopping threads took: 0.0000509 seconds
2023-04-15T09:29:27.738+0530: 4.243: Total time for which application threads were stopped: 0.0000863 seconds, Stopping threads took: 0.0000340 seconds
2023-04-15T09:29:27.741+0530: 4.247: Total time for which application threads were stopped: 0.0000844 seconds, Stopping threads took: 0.0000176 seconds
2023-04-15T09:29:27.759+0530: 4.264: Total time for which application threads were stopped: 0.0003208 seconds, Stopping threads took: 0.0000124 seconds
2023-04-15T09:29:27.767+0530: 4.272: Total time for which application threads were stopped: 0.0000763 seconds, Stopping threads took: 0.0000171 seconds
2023-04-15T09:29:27.859+0530: 4.364: Total time for which application threads were stopped: 0.0000804 seconds, Stopping threads took: 0.0000144 seconds
2023-04-15T09:29:27.860+0530: 4.365: Total time for which application threads were stopped: 0.0000374 seconds, Stopping threads took: 0.0000072 seconds
2023-04-15T09:29:27.870+0530: 4.375: Total time for which application threads were stopped: 0.0000560 seconds, Stopping threads took: 0.0000121 seconds
2023-04-15T09:29:27.886+0530: 4.392: Total time for which application threads were stopped: 0.0000981 seconds, Stopping threads took: 0.0000251 seconds
2023-04-15T09:29:27.896+0530: 4.401: Total time for which application threads were stopped: 0.0003700 seconds, Stopping threads took: 0.0000182 seconds
2023-04-15T09:29:27.896+0530: 4.402: Total time for which application threads were stopped: 0.0005396 seconds, Stopping threads took: 0.0000917 seconds
2023-04-15T09:29:27.898+0530: 4.403: Total time for which application threads were stopped: 0.0001609 seconds, Stopping threads took: 0.0000723 seconds
2023-04-15T09:29:27.898+0530: 4.403: Total time for which application threads were stopped: 0.0000730 seconds, Stopping threads took: 0.0000145 seconds
2023-04-15T09:29:27.898+0530: 4.403: Total time for which application threads were stopped: 0.0000993 seconds, Stopping threads took: 0.0000641 seconds
2023-04-15T09:29:27.898+0530: 4.403: Total time for which application threads were stopped: 0.0000790 seconds, Stopping threads took: 0.0000290 seconds
2023-04-15T09:29:27.898+0530: 4.403: Total time for which application threads were stopped: 0.0001592 seconds, Stopping threads took: 0.0001165 seconds
2023-04-15T09:29:27.899+0530: 4.405: Total time for which application threads were stopped: 0.0000750 seconds, Stopping threads took: 0.0000291 seconds
2023-04-15T09:29:27.899+0530: 4.405: Total time for which application threads were stopped: 0.0000617 seconds, Stopping threads took: 0.0000181 seconds
2023-04-15T09:29:27.900+0530: 4.405: Total time for which application threads were stopped: 0.0000484 seconds, Stopping threads took: 0.0000189 seconds
2023-04-15T09:29:27.900+0530: 4.405: Total time for which application threads were stopped: 0.0000418 seconds, Stopping threads took: 0.0000134 seconds
2023-04-15T09:29:27.900+0530: 4.405: Total time for which application threads were stopped: 0.0000535 seconds, Stopping threads took: 0.0000184 seconds
2023-04-15T09:29:27.900+0530: 4.405: Total time for which application threads were stopped: 0.0000542 seconds, Stopping threads took: 0.0000199 seconds
2023-04-15T09:29:28.900+0530: 5.405: Total time for which application threads were stopped: 0.0002988 seconds, Stopping threads took: 0.0000965 seconds
2023-04-15T09:29:48.903+0530: 25.408: Total time for which application threads were stopped: 0.0002338 seconds, Stopping threads took: 0.0000553 seconds
2023-04-15T09:30:18.006+0530: 54.511: Total time for which application threads were stopped: 0.0003922 seconds, Stopping threads took: 0.0001770 seconds
2023-04-15T09:30:19.007+0530: 55.512: Total time for which application threads were stopped: 0.0002320 seconds, Stopping threads took: 0.0000573 seconds
2023-04-15T09:30:27.899+0530: 64.404: Total time for which application threads were stopped: 0.0002249 seconds, Stopping threads took: 0.0000507 seconds
2023-04-15T09:30:27.900+0530: 64.406: Total time for which application threads were stopped: 0.0002168 seconds, Stopping threads took: 0.0000681 seconds
2023-04-15T09:31:30.910+0530: 127.415: Total time for which application threads were stopped: 0.0002990 seconds, Stopping threads took: 0.0001128 seconds
2023-04-15T09:31:36.751+0530: 133.256: Total time for which application threads were stopped: 0.0001271 seconds, Stopping threads took: 0.0000248 seconds
2023-04-15T09:31:36.752+0530: 133.257: Total time for which application threads were stopped: 0.0003814 seconds, Stopping threads took: 0.0000083 seconds
2023-04-15T09:31:36.753+0530: 133.258: Total time for which application threads were stopped: 0.0000629 seconds, Stopping threads took: 0.0000256 seconds
2023-04-15T09:31:36.754+0530: 133.259: Total time for which application threads were stopped: 0.0001275 seconds, Stopping threads took: 0.0000981 seconds
2023-04-15T09:31:36.760+0530: 133.266: Total time for which application threads were stopped: 0.0000689 seconds, Stopping threads took: 0.0000133 seconds
2023-04-15T09:31:36.763+0530: 133.269: Total time for which application threads were stopped: 0.0000589 seconds, Stopping threads took: 0.0000147 seconds
Heap
 par new generation   total 109248K, used 77452K [0x00000000e0000000, 0x00000000e8000000, 0x00000000e8000000)
  eden space 87424K,  74% used [0x00000000e0000000, 0x00000000e3f69eb0, 0x00000000e5560000)
  from space 21824K,  57% used [0x00000000e5560000, 0x00000000e6199270, 0x00000000e6ab0000)
  to   space 21824K,   0% used [0x00000000e6ab0000, 0x00000000e6ab0000, 0x00000000e8000000)
 concurrent mark-sweep generation total 393216K, used 0K [0x00000000e8000000, 0x0000000100000000, 0x0000000100000000)
 Metaspace       used 29205K, capacity 29608K, committed 30024K, reserved 1075200K
  class space    used 3455K, capacity 3614K, committed 3656K, reserved 1048576K
