OpenJDK 64-Bit Server VM (25.362-b09) for linux-amd64 JRE (1.8.0_362-8u362-ga-0ubuntu1~22.04-b09), built on Jan 24 2023 19:02:58 by "buildd" with gcc 11.3.0
Memory: 4k page, physical 32636936k(24739760k free), swap 2097148k(2097148k free)
CommandLine flags: -XX:CMSInitiatingOccupancyFraction=50 -XX:CMSMaxAbortablePrecleanTime=6000 -XX:+CMSParallelRemarkEnabled -XX:+CMSScavengeBeforeRemark -XX:ConcGCThreads=4 -XX:InitialHeapSize=536870912 -XX:MaxHeapSize=536870912 -XX:MaxTenuringThreshold=8 -XX:NewRatio=3 -XX:OldPLABSize=16 -XX:ParallelGCThreads=4 -XX:+ParallelRefProcEnabled -XX:PretenureSizeThreshold=67108864 -XX:+PrintGC -XX:+PrintGCApplicationStoppedTime -XX:+PrintGCDateStamps -XX:+PrintGCDetails -XX:+PrintGCTimeStamps -XX:+PrintHeapAtGC -XX:+PrintTenuringDistribution -XX:SurvivorRatio=4 -XX:TargetSurvivorRatio=90 -XX:ThreadStackSize=256 -XX:+UseCMSInitiatingOccupancyOnly -XX:+UseCompressedClassPointers -XX:+UseCompressedOops -XX:+UseConcMarkSweepGC -XX:+UseParNewGC 
2023-04-14T17:54:40.153+0530: 0.072: Total time for which application threads were stopped: 0.0000663 seconds, Stopping threads took: 0.0000111 seconds
2023-04-14T17:54:40.247+0530: 0.166: Total time for which application threads were stopped: 0.0001013 seconds, Stopping threads took: 0.0000083 seconds
2023-04-14T17:54:40.290+0530: 0.209: Total time for which application threads were stopped: 0.0000830 seconds, Stopping threads took: 0.0000085 seconds
2023-04-14T17:54:40.332+0530: 0.251: Total time for which application threads were stopped: 0.0000995 seconds, Stopping threads took: 0.0000089 seconds
2023-04-14T17:54:40.358+0530: 0.277: Total time for which application threads were stopped: 0.0001217 seconds, Stopping threads took: 0.0000137 seconds
2023-04-14T17:54:40.365+0530: 0.284: Total time for which application threads were stopped: 0.0001262 seconds, Stopping threads took: 0.0000148 seconds
2023-04-14T17:54:40.370+0530: 0.289: Total time for which application threads were stopped: 0.0001166 seconds, Stopping threads took: 0.0000133 seconds
{Heap before GC invocations=0 (full 0):
 par new generation   total 109248K, used 87424K [0x00000000e0000000, 0x00000000e8000000, 0x00000000e8000000)
  eden space 87424K, 100% used [0x00000000e0000000, 0x00000000e5560000, 0x00000000e5560000)
  from space 21824K,   0% used [0x00000000e5560000, 0x00000000e5560000, 0x00000000e6ab0000)
  to   space 21824K,   0% used [0x00000000e6ab0000, 0x00000000e6ab0000, 0x00000000e8000000)
 concurrent mark-sweep generation total 393216K, used 0K [0x00000000e8000000, 0x0000000100000000, 0x0000000100000000)
 Metaspace       used 10238K, capacity 10392K, committed 10496K, reserved 1058816K
  class space    used 1165K, capacity 1208K, committed 1280K, reserved 1048576K
2023-04-14T17:54:40.487+0530: 0.406: [GC (Allocation Failure) 2023-04-14T17:54:40.487+0530: 0.406: [ParNew
Desired survivor size 20112992 bytes, new threshold 8 (max 8)
- age   1:    5752448 bytes,    5752448 total
: 87424K->5678K(109248K), 0.0056237 secs] 87424K->5678K(502464K), 0.0057135 secs] [Times: user=0.01 sys=0.00, real=0.01 secs] 
Heap after GC invocations=1 (full 0):
 par new generation   total 109248K, used 5678K [0x00000000e0000000, 0x00000000e8000000, 0x00000000e8000000)
  eden space 87424K,   0% used [0x00000000e0000000, 0x00000000e0000000, 0x00000000e5560000)
  from space 21824K,  26% used [0x00000000e6ab0000, 0x00000000e703bbc0, 0x00000000e8000000)
  to   space 21824K,   0% used [0x00000000e5560000, 0x00000000e5560000, 0x00000000e6ab0000)
 concurrent mark-sweep generation total 393216K, used 0K [0x00000000e8000000, 0x0000000100000000, 0x0000000100000000)
 Metaspace       used 10238K, capacity 10392K, committed 10496K, reserved 1058816K
  class space    used 1165K, capacity 1208K, committed 1280K, reserved 1048576K
}
2023-04-14T17:54:40.492+0530: 0.411: Total time for which application threads were stopped: 0.0058337 seconds, Stopping threads took: 0.0000184 seconds
2023-04-14T17:54:40.526+0530: 0.445: Total time for which application threads were stopped: 0.0001535 seconds, Stopping threads took: 0.0000135 seconds
2023-04-14T17:54:40.548+0530: 0.467: Total time for which application threads were stopped: 0.0001293 seconds, Stopping threads took: 0.0000115 seconds
2023-04-14T17:54:40.619+0530: 0.538: Total time for which application threads were stopped: 0.0001916 seconds, Stopping threads took: 0.0000168 seconds
2023-04-14T17:54:40.643+0530: 0.562: Total time for which application threads were stopped: 0.0001664 seconds, Stopping threads took: 0.0000129 seconds
2023-04-14T17:54:40.675+0530: 0.594: Total time for which application threads were stopped: 0.0001731 seconds, Stopping threads took: 0.0000135 seconds
2023-04-14T17:54:40.676+0530: 0.595: Total time for which application threads were stopped: 0.0001399 seconds, Stopping threads took: 0.0000114 seconds
2023-04-14T17:54:40.713+0530: 0.632: Total time for which application threads were stopped: 0.0001812 seconds, Stopping threads took: 0.0000155 seconds
2023-04-14T17:54:40.760+0530: 0.679: Total time for which application threads were stopped: 0.0001986 seconds, Stopping threads took: 0.0000158 seconds
{Heap before GC invocations=1 (full 0):
 par new generation   total 109248K, used 93102K [0x00000000e0000000, 0x00000000e8000000, 0x00000000e8000000)
  eden space 87424K, 100% used [0x00000000e0000000, 0x00000000e5560000, 0x00000000e5560000)
  from space 21824K,  26% used [0x00000000e6ab0000, 0x00000000e703bbc0, 0x00000000e8000000)
  to   space 21824K,   0% used [0x00000000e5560000, 0x00000000e5560000, 0x00000000e6ab0000)
 concurrent mark-sweep generation total 393216K, used 0K [0x00000000e8000000, 0x0000000100000000, 0x0000000100000000)
 Metaspace       used 19998K, capacity 20372K, committed 20736K, reserved 1067008K
  class space    used 2336K, capacity 2488K, committed 2560K, reserved 1048576K
2023-04-14T17:54:40.888+0530: 0.807: [GC (Allocation Failure) 2023-04-14T17:54:40.888+0530: 0.807: [ParNew
Desired survivor size 20112992 bytes, new threshold 8 (max 8)
- age   1:    9539680 bytes,    9539680 total
- age   2:    2533280 bytes,   12072960 total
: 93102K->13253K(109248K), 0.0059983 secs] 93102K->13253K(502464K), 0.0060573 secs] [Times: user=0.02 sys=0.00, real=0.00 secs] 
Heap after GC invocations=2 (full 0):
 par new generation   total 109248K, used 13253K [0x00000000e0000000, 0x00000000e8000000, 0x00000000e8000000)
  eden space 87424K,   0% used [0x00000000e0000000, 0x00000000e0000000, 0x00000000e5560000)
  from space 21824K,  60% used [0x00000000e5560000, 0x00000000e6251610, 0x00000000e6ab0000)
  to   space 21824K,   0% used [0x00000000e6ab0000, 0x00000000e6ab0000, 0x00000000e8000000)
 concurrent mark-sweep generation total 393216K, used 0K [0x00000000e8000000, 0x0000000100000000, 0x0000000100000000)
 Metaspace       used 19998K, capacity 20372K, committed 20736K, reserved 1067008K
  class space    used 2336K, capacity 2488K, committed 2560K, reserved 1048576K
}
2023-04-14T17:54:40.894+0530: 0.813: Total time for which application threads were stopped: 0.0062568 seconds, Stopping threads took: 0.0000719 seconds
2023-04-14T17:54:40.951+0530: 0.870: Total time for which application threads were stopped: 0.0002577 seconds, Stopping threads took: 0.0000316 seconds
2023-04-14T17:54:40.977+0530: 0.896: Total time for which application threads were stopped: 0.0002533 seconds, Stopping threads took: 0.0000185 seconds
2023-04-14T17:54:40.991+0530: 0.910: Total time for which application threads were stopped: 0.0002616 seconds, Stopping threads took: 0.0000486 seconds
2023-04-14T17:54:41.009+0530: 0.928: Total time for which application threads were stopped: 0.0001599 seconds, Stopping threads took: 0.0000855 seconds
2023-04-14T17:54:41.040+0530: 0.959: Total time for which application threads were stopped: 0.0001206 seconds, Stopping threads took: 0.0000403 seconds
{Heap before GC invocations=2 (full 0):
 par new generation   total 109248K, used 100677K [0x00000000e0000000, 0x00000000e8000000, 0x00000000e8000000)
  eden space 87424K, 100% used [0x00000000e0000000, 0x00000000e5560000, 0x00000000e5560000)
  from space 21824K,  60% used [0x00000000e5560000, 0x00000000e6251610, 0x00000000e6ab0000)
  to   space 21824K,   0% used [0x00000000e6ab0000, 0x00000000e6ab0000, 0x00000000e8000000)
 concurrent mark-sweep generation total 393216K, used 0K [0x00000000e8000000, 0x0000000100000000, 0x0000000100000000)
 Metaspace       used 21348K, capacity 21716K, committed 21884K, reserved 1069056K
  class space    used 2489K, capacity 2616K, committed 2684K, reserved 1048576K
2023-04-14T17:54:41.057+0530: 0.976: [GC (Allocation Failure) 2023-04-14T17:54:41.057+0530: 0.976: [ParNew
Desired survivor size 20112992 bytes, new threshold 8 (max 8)
- age   1:    2525872 bytes,    2525872 total
- age   2:    4366520 bytes,    6892392 total
- age   3:    2499096 bytes,    9391488 total
: 100677K->14683K(109248K), 0.0054502 secs] 100677K->14683K(502464K), 0.0055235 secs] [Times: user=0.03 sys=0.01, real=0.01 secs] 
Heap after GC invocations=3 (full 0):
 par new generation   total 109248K, used 14683K [0x00000000e0000000, 0x00000000e8000000, 0x00000000e8000000)
  eden space 87424K,   0% used [0x00000000e0000000, 0x00000000e0000000, 0x00000000e5560000)
  from space 21824K,  67% used [0x00000000e6ab0000, 0x00000000e7906e90, 0x00000000e8000000)
  to   space 21824K,   0% used [0x00000000e5560000, 0x00000000e5560000, 0x00000000e6ab0000)
 concurrent mark-sweep generation total 393216K, used 0K [0x00000000e8000000, 0x0000000100000000, 0x0000000100000000)
 Metaspace       used 21348K, capacity 21716K, committed 21884K, reserved 1069056K
  class space    used 2489K, capacity 2616K, committed 2684K, reserved 1048576K
}
2023-04-14T17:54:41.062+0530: 0.981: Total time for which application threads were stopped: 0.0056602 seconds, Stopping threads took: 0.0000374 seconds
2023-04-14T17:54:41.062+0530: 0.981: [GC (CMS Initial Mark) [1 CMS-initial-mark: 0K(393216K)] 15342K(502464K), 0.0017723 secs] [Times: user=0.01 sys=0.00, real=0.00 secs] 
2023-04-14T17:54:41.064+0530: 0.983: Total time for which application threads were stopped: 0.0018692 seconds, Stopping threads took: 0.0000358 seconds
2023-04-14T17:54:41.064+0530: 0.983: [CMS-concurrent-mark-start]
2023-04-14T17:54:41.065+0530: 0.984: [CMS-concurrent-mark: 0.001/0.001 secs] [Times: user=0.00 sys=0.00, real=0.00 secs] 
2023-04-14T17:54:41.065+0530: 0.984: [CMS-concurrent-preclean-start]
2023-04-14T17:54:41.066+0530: 0.985: [CMS-concurrent-preclean: 0.001/0.001 secs] [Times: user=0.00 sys=0.00, real=0.00 secs] 
2023-04-14T17:54:41.066+0530: 0.985: [CMS-concurrent-abortable-preclean-start]
2023-04-14T17:54:41.081+0530: 1.000: Total time for which application threads were stopped: 0.0000974 seconds, Stopping threads took: 0.0000354 seconds
2023-04-14T17:54:41.096+0530: 1.016: Total time for which application threads were stopped: 0.0000763 seconds, Stopping threads took: 0.0000199 seconds
{Heap before GC invocations=3 (full 1):
 par new generation   total 109248K, used 102107K [0x00000000e0000000, 0x00000000e8000000, 0x00000000e8000000)
  eden space 87424K, 100% used [0x00000000e0000000, 0x00000000e5560000, 0x00000000e5560000)
  from space 21824K,  67% used [0x00000000e6ab0000, 0x00000000e7906e90, 0x00000000e8000000)
  to   space 21824K,   0% used [0x00000000e5560000, 0x00000000e5560000, 0x00000000e6ab0000)
 concurrent mark-sweep generation total 393216K, used 0K [0x00000000e8000000, 0x0000000100000000, 0x0000000100000000)
 Metaspace       used 22151K, capacity 22470K, committed 22624K, reserved 1069056K
  class space    used 2589K, capacity 2715K, committed 2760K, reserved 1048576K
2023-04-14T17:54:41.125+0530: 1.044: [GC (Allocation Failure) 2023-04-14T17:54:41.125+0530: 1.044: [ParNew
Desired survivor size 20112992 bytes, new threshold 8 (max 8)
- age   1:    1082584 bytes,    1082584 total
- age   2:    1532816 bytes,    2615400 total
- age   3:    4342312 bytes,    6957712 total
- age   4:    2498936 bytes,    9456648 total
: 102107K->10665K(109248K), 0.0050124 secs] 102107K->10665K(502464K), 0.0050678 secs] [Times: user=0.03 sys=0.00, real=0.01 secs] 
Heap after GC invocations=4 (full 1):
 par new generation   total 109248K, used 10665K [0x00000000e0000000, 0x00000000e8000000, 0x00000000e8000000)
  eden space 87424K,   0% used [0x00000000e0000000, 0x00000000e0000000, 0x00000000e5560000)
  from space 21824K,  48% used [0x00000000e5560000, 0x00000000e5fca4d8, 0x00000000e6ab0000)
  to   space 21824K,   0% used [0x00000000e6ab0000, 0x00000000e6ab0000, 0x00000000e8000000)
 concurrent mark-sweep generation total 393216K, used 0K [0x00000000e8000000, 0x0000000100000000, 0x0000000100000000)
 Metaspace       used 22151K, capacity 22470K, committed 22624K, reserved 1069056K
  class space    used 2589K, capacity 2715K, committed 2760K, reserved 1048576K
}
2023-04-14T17:54:41.130+0530: 1.049: Total time for which application threads were stopped: 0.0051840 seconds, Stopping threads took: 0.0000195 seconds
2023-04-14T17:54:41.130+0530: 1.049: [CMS-concurrent-abortable-preclean: 0.046/0.064 secs] [Times: user=0.39 sys=0.00, real=0.07 secs] 
2023-04-14T17:54:41.131+0530: 1.050: [GC (CMS Final Remark) [YG occupancy: 12009 K (109248 K)]{Heap before GC invocations=4 (full 1):
 par new generation   total 109248K, used 12009K [0x00000000e0000000, 0x00000000e8000000, 0x00000000e8000000)
  eden space 87424K,   1% used [0x00000000e0000000, 0x00000000e01501b8, 0x00000000e5560000)
  from space 21824K,  48% used [0x00000000e5560000, 0x00000000e5fca4d8, 0x00000000e6ab0000)
  to   space 21824K,   0% used [0x00000000e6ab0000, 0x00000000e6ab0000, 0x00000000e8000000)
 concurrent mark-sweep generation total 393216K, used 0K [0x00000000e8000000, 0x0000000100000000, 0x0000000100000000)
 Metaspace       used 22151K, capacity 22470K, committed 22624K, reserved 1069056K
  class space    used 2589K, capacity 2715K, committed 2760K, reserved 1048576K
2023-04-14T17:54:41.131+0530: 1.050: [GC (CMS Final Remark) 2023-04-14T17:54:41.131+0530: 1.050: [ParNew
Desired survivor size 20112992 bytes, new threshold 8 (max 8)
- age   1:      94144 bytes,      94144 total
- age   2:     998328 bytes,    1092472 total
- age   3:    1532912 bytes,    2625384 total
- age   4:    4343080 bytes,    6968464 total
- age   5:    2501608 bytes,    9470072 total
: 12009K->14194K(109248K), 0.0053571 secs] 12009K->14194K(502464K), 0.0053838 secs] [Times: user=0.02 sys=0.00, real=0.00 secs] 
Heap after GC invocations=5 (full 1):
 par new generation   total 109248K, used 14194K [0x00000000e0000000, 0x00000000e8000000, 0x00000000e8000000)
  eden space 87424K,   0% used [0x00000000e0000000, 0x00000000e0000000, 0x00000000e5560000)
  from space 21824K,  65% used [0x00000000e6ab0000, 0x00000000e788cac0, 0x00000000e8000000)
  to   space 21824K,   0% used [0x00000000e5560000, 0x00000000e5560000, 0x00000000e6ab0000)
 concurrent mark-sweep generation total 393216K, used 0K [0x00000000e8000000, 0x0000000100000000, 0x0000000100000000)
 Metaspace       used 22151K, capacity 22470K, committed 22624K, reserved 1069056K
  class space    used 2589K, capacity 2715K, committed 2760K, reserved 1048576K
}
2023-04-14T17:54:41.136+0530: 1.055: [Rescan (parallel) , 0.0023739 secs]2023-04-14T17:54:41.138+0530: 1.057: [weak refs processing, 0.0003081 secs]2023-04-14T17:54:41.139+0530: 1.058: [class unloading, 0.0022843 secs]2023-04-14T17:54:41.141+0530: 1.060: [scrub symbol table, 0.0016347 secs]2023-04-14T17:54:41.143+0530: 1.062: [scrub string table, 0.0003370 secs][1 CMS-remark: 0K(393216K)] 14194K(502464K), 0.0129043 secs] [Times: user=0.04 sys=0.00, real=0.01 secs] 
2023-04-14T17:54:41.143+0530: 1.062: Total time for which application threads were stopped: 0.0129970 seconds, Stopping threads took: 0.0000382 seconds
2023-04-14T17:54:41.143+0530: 1.063: [CMS-concurrent-sweep-start]
2023-04-14T17:54:41.144+0530: 1.063: [CMS-concurrent-sweep: 0.000/0.000 secs] [Times: user=0.00 sys=0.00, real=0.00 secs] 
2023-04-14T17:54:41.144+0530: 1.063: [CMS-concurrent-reset-start]
2023-04-14T17:54:41.146+0530: 1.065: [CMS-concurrent-reset: 0.002/0.002 secs] [Times: user=0.00 sys=0.00, real=0.00 secs] 
{Heap before GC invocations=5 (full 1):
 par new generation   total 109248K, used 101614K [0x00000000e0000000, 0x00000000e8000000, 0x00000000e8000000)
  eden space 87424K,  99% used [0x00000000e0000000, 0x00000000e555ed78, 0x00000000e5560000)
  from space 21824K,  65% used [0x00000000e6ab0000, 0x00000000e788cac0, 0x00000000e8000000)
  to   space 21824K,   0% used [0x00000000e5560000, 0x00000000e5560000, 0x00000000e6ab0000)
 concurrent mark-sweep generation total 393216K, used 0K [0x00000000e8000000, 0x0000000100000000, 0x0000000100000000)
 Metaspace       used 22211K, capacity 22584K, committed 22880K, reserved 1069056K
  class space    used 2600K, capacity 2750K, committed 2760K, reserved 1048576K
2023-04-14T17:54:41.185+0530: 1.104: [GC (Allocation Failure) 2023-04-14T17:54:41.185+0530: 1.104: [ParNew
Desired survivor size 20112992 bytes, new threshold 8 (max 8)
- age   1:     501416 bytes,     501416 total
- age   3:     136288 bytes,     637704 total
- age   4:    1532144 bytes,    2169848 total
- age   5:    4340360 bytes,    6510208 total
- age   6:    2498872 bytes,    9009080 total
: 101614K->9762K(109248K), 0.0046480 secs] 101614K->9762K(502464K), 0.0047082 secs] [Times: user=0.02 sys=0.00, real=0.01 secs] 
Heap after GC invocations=6 (full 1):
 par new generation   total 109248K, used 9762K [0x00000000e0000000, 0x00000000e8000000, 0x00000000e8000000)
  eden space 87424K,   0% used [0x00000000e0000000, 0x00000000e0000000, 0x00000000e5560000)
  from space 21824K,  44% used [0x00000000e5560000, 0x00000000e5ee8a70, 0x00000000e6ab0000)
  to   space 21824K,   0% used [0x00000000e6ab0000, 0x00000000e6ab0000, 0x00000000e8000000)
 concurrent mark-sweep generation total 393216K, used 0K [0x00000000e8000000, 0x0000000100000000, 0x0000000100000000)
 Metaspace       used 22211K, capacity 22584K, committed 22880K, reserved 1069056K
  class space    used 2600K, capacity 2750K, committed 2760K, reserved 1048576K
}
2023-04-14T17:54:41.189+0530: 1.108: Total time for which application threads were stopped: 0.0048781 seconds, Stopping threads took: 0.0000756 seconds
{Heap before GC invocations=6 (full 1):
 par new generation   total 109248K, used 97186K [0x00000000e0000000, 0x00000000e8000000, 0x00000000e8000000)
  eden space 87424K, 100% used [0x00000000e0000000, 0x00000000e5560000, 0x00000000e5560000)
  from space 21824K,  44% used [0x00000000e5560000, 0x00000000e5ee8a70, 0x00000000e6ab0000)
  to   space 21824K,   0% used [0x00000000e6ab0000, 0x00000000e6ab0000, 0x00000000e8000000)
 concurrent mark-sweep generation total 393216K, used 0K [0x00000000e8000000, 0x0000000100000000, 0x0000000100000000)
 Metaspace       used 22675K, capacity 23014K, committed 23264K, reserved 1069056K
  class space    used 2656K, capacity 2785K, committed 2888K, reserved 1048576K
2023-04-14T17:54:41.251+0530: 1.170: [GC (Allocation Failure) 2023-04-14T17:54:41.251+0530: 1.170: [ParNew
Desired survivor size 20112992 bytes, new threshold 8 (max 8)
- age   1:     719960 bytes,     719960 total
- age   2:     109128 bytes,     829088 total
- age   4:     134632 bytes,     963720 total
- age   5:    1531400 bytes,    2495120 total
- age   6:    4336144 bytes,    6831264 total
- age   7:    2498920 bytes,    9330184 total
: 97186K->15364K(109248K), 0.0047249 secs] 97186K->15364K(502464K), 0.0047712 secs] [Times: user=0.02 sys=0.00, real=0.00 secs] 
Heap after GC invocations=7 (full 1):
 par new generation   total 109248K, used 15364K [0x00000000e0000000, 0x00000000e8000000, 0x00000000e8000000)
  eden space 87424K,   0% used [0x00000000e0000000, 0x00000000e0000000, 0x00000000e5560000)
  from space 21824K,  70% used [0x00000000e6ab0000, 0x00000000e79b1340, 0x00000000e8000000)
  to   space 21824K,   0% used [0x00000000e5560000, 0x00000000e5560000, 0x00000000e6ab0000)
 concurrent mark-sweep generation total 393216K, used 0K [0x00000000e8000000, 0x0000000100000000, 0x0000000100000000)
 Metaspace       used 22675K, capacity 23014K, committed 23264K, reserved 1069056K
  class space    used 2656K, capacity 2785K, committed 2888K, reserved 1048576K
}
2023-04-14T17:54:41.255+0530: 1.174: Total time for which application threads were stopped: 0.0049040 seconds, Stopping threads took: 0.0000251 seconds
2023-04-14T17:54:41.266+0530: 1.185: Total time for which application threads were stopped: 0.0002658 seconds, Stopping threads took: 0.0000158 seconds
2023-04-14T17:54:41.364+0530: 1.283: Total time for which application threads were stopped: 0.0003256 seconds, Stopping threads took: 0.0000188 seconds
2023-04-14T17:54:41.373+0530: 1.292: Total time for which application threads were stopped: 0.0003113 seconds, Stopping threads took: 0.0000175 seconds
{Heap before GC invocations=7 (full 1):
 par new generation   total 109248K, used 102788K [0x00000000e0000000, 0x00000000e8000000, 0x00000000e8000000)
  eden space 87424K, 100% used [0x00000000e0000000, 0x00000000e5560000, 0x00000000e5560000)
  from space 21824K,  70% used [0x00000000e6ab0000, 0x00000000e79b1340, 0x00000000e8000000)
  to   space 21824K,   0% used [0x00000000e5560000, 0x00000000e5560000, 0x00000000e6ab0000)
 concurrent mark-sweep generation total 393216K, used 0K [0x00000000e8000000, 0x0000000100000000, 0x0000000100000000)
 Metaspace       used 27327K, capacity 27672K, committed 27976K, reserved 1073152K
  class space    used 3194K, capacity 3336K, committed 3400K, reserved 1048576K
2023-04-14T17:54:41.554+0530: 1.473: [GC (Allocation Failure) 2023-04-14T17:54:41.554+0530: 1.473: [ParNew
Desired survivor size 20112992 bytes, new threshold 8 (max 8)
- age   1:    9396392 bytes,    9396392 total
- age   2:     198040 bytes,    9594432 total
- age   3:     109128 bytes,    9703560 total
- age   5:     131336 bytes,    9834896 total
- age   6:     310920 bytes,   10145816 total
- age   7:    4325744 bytes,   14471560 total
- age   8:    2498672 bytes,   16970232 total
: 102788K->18892K(109248K), 0.0100142 secs] 102788K->18892K(502464K), 0.0100767 secs] [Times: user=0.05 sys=0.01, real=0.01 secs] 
Heap after GC invocations=8 (full 1):
 par new generation   total 109248K, used 18892K [0x00000000e0000000, 0x00000000e8000000, 0x00000000e8000000)
  eden space 87424K,   0% used [0x00000000e0000000, 0x00000000e0000000, 0x00000000e5560000)
  from space 21824K,  86% used [0x00000000e5560000, 0x00000000e67d3350, 0x00000000e6ab0000)
  to   space 21824K,   0% used [0x00000000e6ab0000, 0x00000000e6ab0000, 0x00000000e8000000)
 concurrent mark-sweep generation total 393216K, used 0K [0x00000000e8000000, 0x0000000100000000, 0x0000000100000000)
 Metaspace       used 27327K, capacity 27672K, committed 27976K, reserved 1073152K
  class space    used 3194K, capacity 3336K, committed 3400K, reserved 1048576K
}
2023-04-14T17:54:41.564+0530: 1.483: Total time for which application threads were stopped: 0.0103442 seconds, Stopping threads took: 0.0001093 seconds
2023-04-14T17:54:41.569+0530: 1.488: Total time for which application threads were stopped: 0.0003476 seconds, Stopping threads took: 0.0000624 seconds
2023-04-14T17:54:41.572+0530: 1.491: Total time for which application threads were stopped: 0.0003531 seconds, Stopping threads took: 0.0000349 seconds
2023-04-14T17:54:42.572+0530: 2.491: Total time for which application threads were stopped: 0.0002482 seconds, Stopping threads took: 0.0000428 seconds
2023-04-14T17:54:44.015+0530: 3.934: Total time for which application threads were stopped: 0.0003526 seconds, Stopping threads took: 0.0000145 seconds
2023-04-14T17:54:44.118+0530: 4.037: Total time for which application threads were stopped: 0.0002240 seconds, Stopping threads took: 0.0000156 seconds
2023-04-14T17:54:44.174+0530: 4.093: Total time for which application threads were stopped: 0.0003085 seconds, Stopping threads took: 0.0000151 seconds
2023-04-14T17:54:44.174+0530: 4.093: Total time for which application threads were stopped: 0.0002623 seconds, Stopping threads took: 0.0000087 seconds
2023-04-14T17:54:44.175+0530: 4.094: Total time for which application threads were stopped: 0.0000481 seconds, Stopping threads took: 0.0000122 seconds
2023-04-14T17:54:44.175+0530: 4.094: Total time for which application threads were stopped: 0.0000341 seconds, Stopping threads took: 0.0000080 seconds
2023-04-14T17:54:44.175+0530: 4.094: Total time for which application threads were stopped: 0.0000496 seconds, Stopping threads took: 0.0000111 seconds
2023-04-14T17:54:44.175+0530: 4.094: Total time for which application threads were stopped: 0.0001020 seconds, Stopping threads took: 0.0000658 seconds
2023-04-14T17:54:44.175+0530: 4.094: Total time for which application threads were stopped: 0.0000345 seconds, Stopping threads took: 0.0000096 seconds
2023-04-14T17:54:44.176+0530: 4.095: Total time for which application threads were stopped: 0.0000517 seconds, Stopping threads took: 0.0000126 seconds
2023-04-14T17:54:44.177+0530: 4.096: Total time for which application threads were stopped: 0.0000411 seconds, Stopping threads took: 0.0000170 seconds
2023-04-14T17:54:44.177+0530: 4.096: Total time for which application threads were stopped: 0.0000371 seconds, Stopping threads took: 0.0000155 seconds
2023-04-14T17:54:44.177+0530: 4.096: Total time for which application threads were stopped: 0.0000329 seconds, Stopping threads took: 0.0000132 seconds
2023-04-14T17:54:44.177+0530: 4.096: Total time for which application threads were stopped: 0.0000332 seconds, Stopping threads took: 0.0000134 seconds
2023-04-14T17:54:45.177+0530: 5.096: Total time for which application threads were stopped: 0.0002470 seconds, Stopping threads took: 0.0000881 seconds
2023-04-14T17:54:48.178+0530: 8.097: Total time for which application threads were stopped: 0.0003480 seconds, Stopping threads took: 0.0000596 seconds
2023-04-14T17:55:12.526+0530: 32.445: Total time for which application threads were stopped: 0.0004258 seconds, Stopping threads took: 0.0000142 seconds
2023-04-14T17:55:12.527+0530: 32.446: Total time for which application threads were stopped: 0.0000545 seconds, Stopping threads took: 0.0000095 seconds
2023-04-14T17:55:12.527+0530: 32.446: Total time for which application threads were stopped: 0.0003554 seconds, Stopping threads took: 0.0000064 seconds
2023-04-14T17:55:12.536+0530: 32.455: Total time for which application threads were stopped: 0.0000845 seconds, Stopping threads took: 0.0000310 seconds
2023-04-14T17:55:12.540+0530: 32.459: Total time for which application threads were stopped: 0.0000603 seconds, Stopping threads took: 0.0000105 seconds
Heap
 par new generation   total 109248K, used 51174K [0x00000000e0000000, 0x00000000e8000000, 0x00000000e8000000)
  eden space 87424K,  36% used [0x00000000e0000000, 0x00000000e1f86828, 0x00000000e5560000)
  from space 21824K,  86% used [0x00000000e5560000, 0x00000000e67d3350, 0x00000000e6ab0000)
  to   space 21824K,   0% used [0x00000000e6ab0000, 0x00000000e6ab0000, 0x00000000e8000000)
 concurrent mark-sweep generation total 393216K, used 0K [0x00000000e8000000, 0x0000000100000000, 0x0000000100000000)
 Metaspace       used 30039K, capacity 30460K, committed 30920K, reserved 1077248K
  class space    used 3550K, capacity 3682K, committed 3784K, reserved 1048576K
